random seed= 807506
np.random seed= 807506
['mul', 3.33564095198152e-09, 'X_0']
--------------------
eq_name 	 feynman-i.29.4
num_vars 	 1
vars_range_and_types 	 [{"name": "LogUniform", "range": [1000000000.0, 100000000000.0], "only_positive": true}]
function_set 	 ['add', 'sub', 'mul', 'div', 'sin', 'cos', 'exp', 'log', 'const']
eq_expression 	 mul,3.33564095198152e-09,X_0
expr 	 3.33564095198152e-9*X_0
--------------------
============== LIBRARY ==============
      ID       NAME    ARITY  ALLOWED
       0        X_0        0        1
       1        add        2        1
       2        sub        2        1
       3        mul        2        1
       4        div        2        1
       5        sin        1        1
       6        cos        1        1
       7        exp        1        1
       8        log        1        1
       9      const        0        1
allowed_input_tokens= [1]
========== END OF LIBRARY ===========
++++++++++++++++++ ITERATION 0 ++++++++++++++++++
