random seed= 416417
np.random seed= 416417
['mul', 0.5, 'mul', 'pow', 2, 0.5, 'mul', 'pow', 3.141592653589793, -0.5, 'exp', 'mul', -0.5, 'pow', 'X_0', 2]
--------------------
eq_name 	 feynman-i.6.20a
num_vars 	 1
vars_range_and_types 	 [{"name": "LogUniform", "range": [0.1, 10.0], "only_positive": false}]
function_set 	 ['exp', 'log', 'sqrt', 'pow', 'add', 'sub', 'mul', 'div', 'inv', 'sin', 'cos', 'const']
eq_expression 	 mul,0.5,mul,pow,2,0.5,mul,pow,3.141592653589793,-0.5,exp,mul,-0.5,pow,X_0,2
expr 	 sqrt(2)*exp(-X_0**2/2)/(2*sqrt(pi))
--------------------
============== LIBRARY ==============
      ID       NAME    ARITY  ALLOWED
       0        X_0        0        1
       1        exp        1        1
       2        log        1        1
       3       sqrt        1        1
       4        pow        2        1
       5        add        2        1
       6        sub        2        1
       7        mul        2        1
       8        div        2        1
       9        inv        1        1
      10        sin        1        1
      11        cos        1        1
      12      const        0        1
allowed_input_tokens= [1]
========== END OF LIBRARY ===========
generation #: [100] sum= 100
