random seed= 361485
np.random seed= 361485
['pow', 'sin', 'mul', 3018412315122245888053292650463232, 'mul', 3.141592653589793, 'mul', 'X_0', 'X_1', 2]
--------------------
eq_name 	 feynman-iii.8.54
num_vars 	 2
vars_range_and_types 	 [{"name": "LogUniform", "range": [1e-18, 1e-16], "only_positive": false}, {"name": "LogUniform", "range": [1e-18, 1e-16], "only_positive": true}]
function_set 	 ['add', 'sub', 'mul', 'div', 'sin', 'cos', 'exp', 'log', 'const']
eq_expression 	 pow,sin,mul,3018412315122245888053292650463232,mul,3.141592653589793,mul,X_0,X_1,2
expr 	 sin(3018412315122245888053292650463232*pi*X_0*X_1)**2
--------------------
============== LIBRARY ==============
      ID       NAME    ARITY  ALLOWED
       0        X_0        0        1
       1        X_1        0        1
       2        add        2        1
       3        sub        2        1
       4        mul        2        1
       5        div        2        1
       6        sin        1        1
       7        cos        1        1
       8        exp        1        1
       9        log        1        1
      10      const        0        1
allowed_input_tokens= [1 1]
========== END OF LIBRARY ===========
generation #: [50, 50] sum= 100
