['mul', 2, 'mul', 'cos', 'X_1', 'sin', 'mul', 1.3, 'X_0']
--------------------
eq_name 	 Constant_7
num_vars 	 2
vars_range_and_types 	 [{"name": "LogUniform", "range": [0.1, 10], "only_positive": true}, {"name": "LogUniform", "range": [0.1, 10], "only_positive": true}]
function_set 	 ['add', 'sub', 'mul', 'div', 'sin', 'cos', 'exp', 'log', 'const']
eq_expression 	 mul,2,mul,cos,X_1,sin,mul,1.3,X_0
expr 	 2*sin(1.3*X_0)*cos(X_1)
--------------------

== EXPERIMENT SETUP START ===========
Task type            : regression
Starting seed        : 0
Runs                 : 1
== EXPERIMENT SETUP END =============

== TRAINING SEED 0 START ============
self.dataX <dso.symbolic_data_generator.DataX object at 0x2ab053b53048>, self.data_query_oracle: <dso.symbolic_equation_evaluator_public.Equation_evaluator object at 0x2ab072bf4d68>
generate dataset!
-- BUILDING PRIOR START -------------
WARNING: Skipping invalid 'RelationalConstraint' with arguments {'targets': [], 'effectors': [], 'relationship': None}. Reason: Prior disabled.
WARNING: Skipping invalid 'TrigConstraint' with arguments {}. Reason: There are no target Tokens.
WARNING: Skipping invalid 'UniformArityPrior' with arguments {}. Reason: Prior disabled.
WARNING: Skipping invalid 'LanguageModelPrior' with arguments {'weight': None}. Reason: Prior disabled.
LengthConstraint: Sequences have minimum length 4.
                  Sequences have maximum length 256.
RepeatConstraint: [const] cannot occur more than 10 times.
RelationalConstraint: [inv] cannot be a child of [inv].
ConstConstraint: [const] cannot be the only unique child of [inv, add, sub, mul, div].
NoInputsConstraint: Sequences contain at least one input variable Token.
SoftLengthPrior: No description available.
-- BUILDING PRIOR END ---------------

-- RUNNING EPOCHS START -------------
gen	iter	pop_size	nevals	uncached_size	best_val              	timer  
0  	0   	1024    	1024  	1024         	(-0.5380089937164956,)	9.14487
1  	1   	1024    	766   	631          	(-0.5406809323159256,)	8.27946
2  	2   	1024    	777   	625          	(-0.5444266545984889,)	9.49481
3  	3   	1024    	776   	632          	(-0.565266662435456,) 	15.8076
4  	4   	1024    	774   	621          	(-0.565266662435456,) 	17.1943
5  	5   	1024    	757   	604          	(-0.5721559955652108,)	21.0407
6  	6   	1024    	759   	591          	(-0.5721559955652108,)	38.741 
7  	7   	1024    	762   	579          	(-0.5756969214144471,)	47.4772
8  	8   	1024    	790   	589          	(-0.578051925746811,) 	62.9975
9  	9   	1024    	758   	535          	(-0.5780519257468999,)	55.0782

--------------------------------------------------
GP Time: 285.502

Unique expressions evaluated: 7362
Total expression evaluations: 7943
--------------------------------------------------

GP -> best program this epoch:

	Reward: 0.5780519257468999
	Count Off-policy: 1
	Count On-policy: 0
	Originally on Policy: False
	Invalid: False
	Traversal: mul,div,div,inv,mul,div,add,add,add,inv,mul,0.08348865050104913,x2,-9.094401420866806,x2,x2,div,sub,1.6916976639490797,x2,0.5547949637248584,add,0.7646101270531545,add,mul,add,x2,0.7681464757923995,mul,x1,add,add,add,div,x1,4.007419182645973,x1,-2.830342012231733,inv,x1,x2,x1,0.555387694605176,div,div,x1,0.5551620055208355,x2
	Expression:
	                                                3.243276765976968⋅(3.04923039061
	  ──────────────────────────────────────────────────────────────────────────────
	     ⎛                           11.97767593557443⎞ ⎛                           
	  x₂⋅⎜2⋅x₂ - 9.094401420866806 + ─────────────────⎟⋅⎜x₁⋅(x₂ + 0.7681464757923995
	     ⎝                                   x₂       ⎠ ⎝                           

	  33687 - 1.802467695968368⋅x₂)                                               
	  ────────────────────────────────────────────────────────────────────────────
	    ⎛                                           1 ⎞                          ⎞
	  )⋅⎜1.249537159559068⋅x₁ - 2.830342012231733 + ──⎟ + x₂ + 0.7646101270531545⎟
	    ⎝                                           x₁⎠                          ⎠

None

--------------------------------------------------

[00:00:05:02.17] Training epoch 1/14, current best R: 0.5781

	** New best
	Reward: 0.5780519257468999
	Count Off-policy: 1
	Count On-policy: 0
	Originally on Policy: False
	Invalid: False
	Traversal: mul,div,div,inv,mul,div,add,add,add,inv,mul,0.08348865050104913,x2,-9.094401420866806,x2,x2,div,sub,1.6916976639490797,x2,0.5547949637248584,add,0.7646101270531545,add,mul,add,x2,0.7681464757923995,mul,x1,add,add,add,div,x1,4.007419182645973,x1,-2.830342012231733,inv,x1,x2,x1,0.555387694605176,div,div,x1,0.5551620055208355,x2
	Expression:
	                                                3.243276765976968⋅(3.04923039061
	  ──────────────────────────────────────────────────────────────────────────────
	     ⎛                           11.97767593557443⎞ ⎛                           
	  x₂⋅⎜2⋅x₂ - 9.094401420866806 + ─────────────────⎟⋅⎜x₁⋅(x₂ + 0.7681464757923995
	     ⎝                                   x₂       ⎠ ⎝                           

	  33687 - 1.802467695968368⋅x₂)                                               
	  ────────────────────────────────────────────────────────────────────────────
	    ⎛                                           1 ⎞                          ⎞
	  )⋅⎜1.249537159559068⋅x₁ - 2.830342012231733 + ──⎟ + x₂ + 0.7646101270531545⎟
	    ⎝                                           x₁⎠                          ⎠

10 	0   	1024    	1024  	1014         	(-0.5324152327512272,)	9.37035
11 	1   	1024    	770   	618          	(-0.5387644898294304,)	8.45143
12 	2   	1024    	777   	643          	(-0.5435320675578149,)	12.6166
13 	3   	1024    	745   	617          	(-0.5517299851992246,)	13.3538
14 	4   	1024    	776   	623          	(-0.5525555559859806,)	21.1059
15 	5   	1024    	777   	635          	(-0.5596337335385241,)	29.9065
16 	6   	1024    	758   	624          	(-0.5596337335385241,)	40.1272
17 	7   	1024    	763   	589          	(-0.5666065424877494,)	48.5233
18 	8   	1024    	746   	582          	(-0.5704958433237439,)	53.191 
19 	9   	1024    	765   	574          	(-0.5779084001625059,)	63.4149

--------------------------------------------------
GP Time: 300.313

Unique expressions evaluated: 14831
Total expression evaluations: 15844
--------------------------------------------------

GP -> best program this epoch:

	Reward: 0.5779084001625059
	Count Off-policy: 1
	Count On-policy: 0
	Originally on Policy: False
	Invalid: False
	Traversal: sub,1.0637261274794034,sub,0.9359245281855431,add,x2,sub,div,-0.8027534119281159,inv,div,inv,add,sub,div,add,add,div,mul,inv,x2,x2,x2,x1,div,div,13.287601843230764,inv,div,inv,add,sub,div,add,add,div,mul,mul,inv,x2,x2,0.10446615888305358,x1,x1,div,0.10446681326867199,x1,0.9937356757547244,2.6878405713800713,x2,x1,x1,21.15460067644592,0.5225200934783649,x2,x1,x2
	Expression:
                                                                              
	  0.1278015992938603 - ─────────────────────────────────────────────────────────
	                          ⎛                                                  0.0
	                       x₁⋅⎜0.0472710411931068⋅x₁ + x₂ - 0.5225200934783649 + ───
	                          ⎜                                                     
	                          ⎜                                                     
	                          ⎝                                                     

	           0.8027534119281159                                                   
	  ──────────────────────────────────────────────────────────────────────────────
	  472710411931068                              0.62811877408896325              
	  ─────────────── + ────────────────────────────────────────────────────────────
	       x₂             2 ⎛                                                 0.2102
	                    x₁ ⋅⎜1.006303813376246⋅x₁ + x₂ - 2.6878405713800713 + ──────
	                        ⎝                                                       

               
	  ───────────────
	                ⎞
	  ──────────────⎟
	  5004661631447⎞⎟
	  ─────────────⎟⎟
	     x₁        ⎠⎠

None

--------------------------------------------------

-- RUNNING EPOCHS END ---------------

-- EVALUATION START ----------------
Saving Hall of Fame to ./log/regression_config_regression_GPMELD.json_Constant_7.in_normal_0.0_2023-05-30-032949/dso_regression_config_regression_GPMELD.json_Constant_7.in_normal_0.0_0_hof.csv
Saving Pareto Front to ./log/regression_config_regression_GPMELD.json_Constant_7.in_normal_0.0_2023-05-30-032949/dso_regression_config_regression_GPMELD.json_Constant_7.in_normal_0.0_0_pf.csv
Invalid expressions: 213 of 17892 (1.2%).
Error type counts:
  reciprocal: 97 (45.5%)
  true_divide: 116 (54.5%)
Error node counts:
  divide: 207 (97.2%)
  invalid: 6 (2.8%)
-- EVALUATION END ------------------
== TRAINING SEED 0 END ==============
INFO: Completed run 1 of 1 in 621 s

== POST-PROCESS START =================
-- LOADING LOGS START ----------------
Successfully loaded summary data
Successfully loaded Hall of Fame data
Successfully loaded Pareto Front data
-- LOADING LOGS END ------------------

-- ANALYZING LOG START --------------
Task_____________regression
Source path______./log/regression_config_regression_GPMELD.json_Constant_7.in_normal_0.0_2023-05-30-032949
Runs_____________1
Max Samples/run__15000
Success_rate_____0.0
Hall of Fame (Top 5 of 100)____
    0: S=000 R=0.578052 <-- [3.243276765976968*(3.0492303906133687 - 1.802467695968368*x2)/(x2*(2*x2 - 9.094401420866806 + 11.97767593557443/x2)*(x1*(x2 + 0.7681464757923995)*(1.249537159559068*x1 - 2.830342012231733 + 1/x1) + x2 + 0.7646101270531545))]
    1: S=000 R=0.578052 <-- [3.243276765976968*(3.0492303906133687 - 1.802467695968368*x2)/(x2*(2*x2 - 9.094401420866806 + 11.97767593557443/x2)*(x1*(x2 + 0.7681464757923995)*(1.249537159559068*x1 - 2.830342012231733 + 1/x1) + x2 + 0.7646101270531545))]
    2: S=000 R=0.578052 <-- [0.5406994170581575*(27.43513089933166 - 16.21753405256882*x2)/(x2*(3*x2 - 13.641578995209636 + 17.96645158620565/x2)*(x1*(x2 + 0.7681418198011446)*(1.249540643428935*x1 - 2.8303477138734188 + 1/x1) + x2 + 0.7646090656443798))]
    3: S=000 R=0.578052 <-- [0.5406994170581575*(27.43513089933166 - 16.21753405256882*x2)/(x2*(3*x2 - 13.641578995209636 + 17.96645158620565/x2)*(x1*(x2 + 0.7681418198011446)*(1.249540643428935*x1 - 2.8303477138734188 + 1/x1) + x2 + 0.7646090656443798))]
    4: S=000 R=0.577908 <-- [0.1278015992938603 - 0.8027534119281159/(x1*(0.0472710411931068*x1 + x2 - 0.5225200934783649 + 0.0472710411931068/x2 + 0.62811877408896325/(x1**2*(1.006303813376246*x1 + x2 - 2.6878405713800713 + 0.21025004661631447/x1))))]
  Saving Hall of Fame plot to ./log/regression_config_regression_GPMELD.json_Constant_7.in_normal_0.0_2023-05-30-032949/dso_regression_config_regression_GPMELD.json_Constant_7.in_normal_0.0_plot_hof.png
Pareto Front (5 of 26)____
    0: S=000 R=0.578052 C=58.00 <-- [3.243276765976968*(3.0492303906133687 - 1.802467695968368*x2)/(x2*(2*x2 - 9.094401420866806 + 11.97767593557443/x2)*(x1*(x2 + 0.7681464757923995)*(1.249537159559068*x1 - 2.830342012231733 + 1/x1) + x2 + 0.7646101270531545))]
    1: S=000 R=0.578052 C=56.00 <-- [0.5406994170581575*(27.43513089933166 - 16.21753405256882*x2)/(x2*(3*x2 - 13.641578995209636 + 17.96645158620565/x2)*(x1*(x2 + 0.7681418198011446)*(1.249540643428935*x1 - 2.8303477138734188 + 1/x1) + x2 + 0.7646090656443798))]
    2: S=000 R=0.575571 C=54.00 <-- [991.6482409957899*(3881.049555454087 - (x1 + 2*x2 + 1312.3022170592587)/(0.02702024794998197*x2 + 1/x2))*(-x1 - x2 + 2.60936940624013)/(5705.877398031569*x1*(935.42311886347261*x1 - 2719.723708180984 + 1/x1) + x2 + 12695612.66044178)]
    3: S=000 R=0.572156 C=53.00 <-- [3.39970943153668*(1.489698068938243 - x2)/((3*x2 - 8.383843249327107 + 8.360689045482583/x2)*(x1*(x2 - 0.039276377472476046)*(1.2615441977572157*x1 - 2.8493796166046104 + 1/x1) + x2 - 0.038512476442767))]
    4: S=000 R=0.572156 C=50.00 <-- [1.606441082655822*(1.5763133874841219 - 1.058141299141914*x2)/((3*x2 - 8.38382798120969 + 8.3606497471785274/x2)*(x1*(0.63077894846235223*x1 - 1.4246973036245518)*(x2 - 0.03927446357356332) + x2 - 0.0388929657578724))]
  Saving Pareto Front plot to ./log/regression_config_regression_GPMELD.json_Constant_7.in_normal_0.0_2023-05-30-032949/dso_regression_config_regression_GPMELD.json_Constant_7.in_normal_0.0_plot_pf.png
-- ANALYZING LOG END ----------------
== POST-PROCESS END ===================
