['mul', 2, 'mul', 'cos', 'X_1', 'sin', 'mul', 1.3, 'X_0']
--------------------
eq_name 	 Constant_7
num_vars 	 2
vars_range_and_types 	 [{"name": "LogUniform", "range": [0.1, 10], "only_positive": true}, {"name": "LogUniform", "range": [0.1, 10], "only_positive": true}]
function_set 	 ['add', 'sub', 'mul', 'div', 'sin', 'cos', 'exp', 'log', 'const']
eq_expression 	 mul,2,mul,cos,X_1,sin,mul,1.3,X_0
expr 	 2*sin(1.3*X_0)*cos(X_1)
--------------------

== EXPERIMENT SETUP START ===========
Task type            : regression
Starting seed        : 0
Runs                 : 1
== EXPERIMENT SETUP END =============

== TRAINING SEED 0 START ============
self.dataX <dso.symbolic_data_generator.DataX object at 0x2aef4ecb1080>, self.data_query_oracle: <dso.symbolic_equation_evaluator_public.Equation_evaluator object at 0x2aef6dd52da0>
generate dataset!
-- BUILDING PRIOR START -------------
WARNING: Skipping invalid 'RelationalConstraint' with arguments {'targets': [], 'effectors': [], 'relationship': None}. Reason: Prior disabled.
WARNING: Skipping invalid 'TrigConstraint' with arguments {}. Reason: There are no target Tokens.
WARNING: Skipping invalid 'UniformArityPrior' with arguments {}. Reason: Prior disabled.
WARNING: Skipping invalid 'LanguageModelPrior' with arguments {'weight': None}. Reason: Prior disabled.
LengthConstraint: Sequences have minimum length 4.
                  Sequences have maximum length 256.
RepeatConstraint: [const] cannot occur more than 10 times.
RelationalConstraint: [inv] cannot be a child of [inv].
ConstConstraint: [const] cannot be the only unique child of [inv, add, sub, mul, div].
NoInputsConstraint: Sequences contain at least one input variable Token.
SoftLengthPrior: No description available.
-- BUILDING PRIOR END ---------------

-- RUNNING EPOCHS START -------------
[00:00:00:09.70] Training epoch 1/14, current best R: 0.5346

	** New best
	Reward: 0.5345902381880782
	Count Off-policy: False
	Count On-policy: True
	Originally on Policy: True
	Invalid: False
	Traversal: mul,inv,add,div,x2,x1,add,mul,x1,add,mul,x2,div,0.6948640719748167,inv,x1,-0.9093494385813727,x1,0.5891787023650664
	Expression:
	                       0.5891787023650664                     
	  ────────────────────────────────────────────────────────────
	                                                            x₂
	  x₁⋅(0.6948640719748167⋅x₁⋅x₂ - 0.9093494385813727) + x₁ + ──
	                                                            x₁

[00:00:00:20.44] Training epoch 2/14, current best R: 0.5456

	** New best
	Reward: 0.5455901470927341
	Count Off-policy: False
	Count On-policy: True
	Originally on Policy: True
	Invalid: False
	Traversal: mul,div,0.5786997490741588,sub,sub,inv,sub,inv,add,0.5449308086536728,add,mul,0.2850316400794195,x2,x1,0.16521540165356166,x1,x1,0.5786997490741597
	Expression:
	                                0.3348933995784949                              
	  ──────────────────────────────────────────────────────────────────────────────
	                                            1                                   
	  -2⋅x₁ + ──────────────────────────────────────────────────────────────────────
	                                                        1                       
	          -0.16521540165356166 + ───────────────────────────────────────────────
	                                 x₁ + 0.2850316400794195⋅x₂ + 0.5449308086536728

[00:00:00:50.37] Training epoch 5/14, current best R: 0.5460

	** New best
	Reward: 0.5460075498249386
	Count Off-policy: False
	Count On-policy: True
	Originally on Policy: True
	Invalid: False
	Traversal: sub,add,inv,add,1.7472511565342173,sub,sub,inv,mul,div,add,sub,1.4061390395191449,add,div,x1,0.7849297890311724,0.8090199285842734,x1,x2,1.6899370339313735,x1,0.25274812100349475,0.979396565391273,1.0206034903679402
	Expression:
	                                                            1                   
	  -0.041206924976667244 + ──────────────────────────────────────────────────────
	                                           0.59173802332366006⋅x₂               
	                          -x₁ + ─────────────────────────────────────────── + 1.
	                                0.59711911093487149 - 0.2739992977388279⋅x₁     

                
	  ────────────────
                
	  4945030355307225
                

[00:00:01:11.83] Training epoch 7/14, current best R: 0.5520

	** New best
	Reward: 0.5520243249251647
	Count Off-policy: False
	Count On-policy: True
	Originally on Policy: True
	Invalid: False
	Traversal: sub,-0.17626274164923508,inv,sub,sub,sub,mul,2.3738921756145577,add,div,add,x2,x1,sub,div,x1,0.43336942698320724,6.5263238625836255,x1,1.046680652541269,x1,x2
	Expression:
	                                                                      1         
	  -0.17626274164923508 - ───────────────────────────────────────────────────────
	                                                             2.3738921756145577⋅
	                         1.3738921756145577⋅x₁ - x₂ + ──────────────────────────
	                                                      2.3075001089976504⋅x₁ - 6.

                                    
	  ────────────────────────────────────
	  (x₁ + x₂)                           
	  ──────────────── - 1.046680652541269
	  5263238625836255                    

[00:00:01:49.75] Training epoch 10/14, current best R: 0.5520
[00:00:02:51.69] Ending training after epoch 14/14, current best R: 0.5520
-- RUNNING EPOCHS END ---------------

-- EVALUATION START ----------------
Saving Hall of Fame to ./log/regression_config_regression_VPG.json_Constant_7.in_normal_0.0_2023-05-30-032944/dso_regression_config_regression_VPG.json_Constant_7.in_normal_0.0_0_hof.csv
Saving Pareto Front to ./log/regression_config_regression_VPG.json_Constant_7.in_normal_0.0_2023-05-30-032944/dso_regression_config_regression_VPG.json_Constant_7.in_normal_0.0_0_pf.csv
Invalid expressions: 325 of 14336 (2.3%).
Error type counts:
  reciprocal: 213 (65.5%)
  true_divide: 112 (34.5%)
Error node counts:
  divide: 321 (98.8%)
  invalid: 4 (1.2%)
-- EVALUATION END ------------------
== TRAINING SEED 0 END ==============
INFO: Completed run 1 of 1 in 173 s

== POST-PROCESS START =================
-- LOADING LOGS START ----------------
Successfully loaded summary data
Successfully loaded Hall of Fame data
Successfully loaded Pareto Front data
-- LOADING LOGS END ------------------

-- ANALYZING LOG START --------------
Task_____________regression
Source path______./log/regression_config_regression_VPG.json_Constant_7.in_normal_0.0_2023-05-30-032944
Runs_____________1
Max Samples/run__15000
Success_rate_____0.0
Hall of Fame (Top 5 of 100)____
    0: S=000 R=0.552024 <-- [-0.17626274164923508 - 1/(1.3738921756145577*x1 - x2 + 2.3738921756145577*(x1 + x2)/(2.3075001089976504*x1 - 6.5263238625836255) - 1.046680652541269)]
    1: S=000 R=0.551310 <-- [-0.35718505453099311 + 0.8653452032163264/(1.839623462471874*x2 + 0.626000584671455*(x1 - 2.49070181714495)*(x1 + x2) + 1.1269072845786978)]
    2: S=000 R=0.550983 <-- [1/(-0.4844987495219714*x1 + 0.8768350147963718 - 2.497032871613456*x2/(x1*(x1 - 2.2906144758386127)))]
    3: S=000 R=0.546638 <-- [x2/(x2*(1.4898083850538313*x1*(x1 + x2 - 2.487619646323269) + 1.4898083850538313*x2 + 1.3632504584712249) + 0.13184504406023145)]
    4: S=000 R=0.546476 <-- [-0.34073595123267114 + 0.36304948558643346/(0.3174355004967459*x1*(0.79737790109648005*x1 + 1.5947558021929601*x2) - 0.6825644995032541*x1 + 0.49988785697681679)]
  Saving Hall of Fame plot to ./log/regression_config_regression_VPG.json_Constant_7.in_normal_0.0_2023-05-30-032944/dso_regression_config_regression_VPG.json_Constant_7.in_normal_0.0_plot_hof.png
Pareto Front (5 of 8)____
    0: S=000 R=0.552024 C=25.00 <-- [-0.17626274164923508 - 1/(1.3738921756145577*x1 - x2 + 2.3738921756145577*(x1 + x2)/(2.3075001089976504*x1 - 6.5263238625836255) - 1.046680652541269)]
    1: S=000 R=0.551310 C=23.00 <-- [-0.35718505453099311 + 0.8653452032163264/(1.839623462471874*x2 + 0.626000584671455*(x1 - 2.49070181714495)*(x1 + x2) + 1.1269072845786978)]
    2: S=000 R=0.550983 C=18.00 <-- [1/(-0.4844987495219714*x1 + 0.8768350147963718 - 2.497032871613456*x2/(x1*(x1 - 2.2906144758386127)))]
    3: S=000 R=0.532874 C=12.00 <-- [1/(x1 - 1.0974773717238022 + (x2 + 0.4903851790271794)/x1)]
    4: S=000 R=0.519954 C=8.00 <-- [-0.034434050090276766*(x1 - 5.005950799566555)/x2]
  Saving Pareto Front plot to ./log/regression_config_regression_VPG.json_Constant_7.in_normal_0.0_2023-05-30-032944/dso_regression_config_regression_VPG.json_Constant_7.in_normal_0.0_plot_pf.png
-- ANALYZING LOG END ----------------
== POST-PROCESS END ===================
