['mul', 1.10905365064094, 'pow', 'X_0', 0.5]
--------------------
eq_name 	 Constant_5
num_vars 	 1
vars_range_and_types 	 [{"name": "LogUniform", "range": [0.1, 10], "only_positive": true}]
function_set 	 ['add', 'sub', 'mul', 'div', 'sin', 'cos', 'exp', 'log', 'const']
eq_expression 	 mul,1.10905365064094,pow,X_0,0.5
expr 	 1.10905365064094*sqrt(X_0)
--------------------

== EXPERIMENT SETUP START ===========
Task type            : regression
Starting seed        : 0
Runs                 : 1
== EXPERIMENT SETUP END =============

== TRAINING SEED 0 START ============
self.dataX <dso.symbolic_data_generator.DataX object at 0x2b1bd3f47048>, self.data_query_oracle: <dso.symbolic_equation_evaluator_public.Equation_evaluator object at 0x2b1bf2fe8dd8>
generate dataset!
-- BUILDING PRIOR START -------------
WARNING: Skipping invalid 'RelationalConstraint' with arguments {'targets': [], 'effectors': [], 'relationship': None}. Reason: Prior disabled.
WARNING: Skipping invalid 'TrigConstraint' with arguments {}. Reason: There are no target Tokens.
WARNING: Skipping invalid 'UniformArityPrior' with arguments {}. Reason: Prior disabled.
WARNING: Skipping invalid 'LanguageModelPrior' with arguments {'weight': None}. Reason: Prior disabled.
LengthConstraint: Sequences have minimum length 4.
                  Sequences have maximum length 256.
RepeatConstraint: [const] cannot occur more than 10 times.
RelationalConstraint: [inv] cannot be a child of [inv].
ConstConstraint: [const] cannot be the only unique child of [inv, add, sub, mul, div].
NoInputsConstraint: Sequences contain at least one input variable Token.
SoftLengthPrior: No description available.
-- BUILDING PRIOR END ---------------

-- RUNNING EPOCHS START -------------
[00:00:00:23.65] Training epoch 1/14, current best R: 0.9954

	** New best
	Reward: 0.9953633948965284
	Count Off-policy: False
	Count On-policy: True
	Originally on Policy: True
	Invalid: False
	Traversal: add,div,inv,div,sub,inv,x1,-1.3510270779324525,div,sub,div,inv,x1,add,inv,x1,0.04430106434859398,1.0383403951460954,x1,0.0044158417246444774,8.892832136884717
	Expression:
	                                         ⎛                                    1 
	                      226.45739189859907⋅⎜-1.0383403951460954 + ────────────────
	                                         ⎜                         ⎛            
	                                         ⎜                      x₁⋅⎜0.0443010643
	                                         ⎝                         ⎝            
	  8.892832136884717 + ──────────────────────────────────────────────────────────
	                                               ⎛                     1 ⎞        
	                                            x₁⋅⎜1.3510270779324525 + ──⎟        
	                                               ⎝                     x₁⎠        

	               ⎞
	  ─────────────⎟
	            1 ⎞⎟
	  4859398 + ──⎟⎟
	            x₁⎠⎠
	  ──────────────
              
              
              

[00:00:01:13.03] Training epoch 3/14, current best R: 0.9961

	** New best
	Reward: 0.9961003947787206
	Count Off-policy: False
	Count On-policy: True
	Originally on Policy: True
	Invalid: False
	Traversal: add,1.0842244649618247,add,div,add,div,x1,x1,x1,add,mul,add,inv,div,sub,x1,3.83127851612666,101.39098330169753,x1,0.16627810114454925,3.893527123002354,1.0842244652249118
	Expression:
	                                            x₁ + 1                              
	  ──────────────────────────────────────────────────────────────────────────────
	                                                            0.16627810114454925 
	  0.16627810114454925⋅x₁ + 3.893527123002354 + ─────────────────────────────────
	                                               0.0098628099603730501⋅x₁ - 0.0377

                                 
	  ──────────── + 2.1684489301867365
                                 
	  ────────────                     
	  871719098173                     

[00:00:01:34.44] Training epoch 4/14, current best R: 0.9961

	** New best
	Reward: 0.9961032469152338
	Count Off-policy: False
	Count On-policy: True
	Originally on Policy: True
	Invalid: False
	Traversal: sub,div,inv,add,-0.6839050970639424,div,add,add,mul,inv,div,sub,2.3649306122090588,sub,-0.3649277533829787,x1,x1,3.9940449272334013,1.37607677688644,x1,x1,0.3949633415708182,-0.19659170798940584
	Expression:
	                                                  2.531880543705337             
	  0.19659170798940584 + ────────────────────────────────────────────────────────
	                                                    3.9940449272334013⋅x₁       
	                                              x₁ + ─────────────────────── + 1.3
	                                                   x₁ + 2.7298583655920375      
	                        -0.6839050970639424 + ──────────────────────────────────
	                                                                     x₁         

             
	  ─────────────
             
	  7607677688644
             
	  ─────────────
             

[00:00:02:22.85] Training epoch 6/14, current best R: 0.9961

	** New best
	Reward: 0.996112002251904
	Count Off-policy: False
	Count On-policy: True
	Originally on Policy: True
	Invalid: False
	Traversal: mul,mul,add,inv,mul,0.6118205578220057,div,div,sub,sub,add,2.22097287420527,x1,div,1.4258163405275304,add,x1,0.7012576604078299,-0.2204123292988334,1.3567471591131939,1.356747159113135,0.1811973778798122,0.8266523865075568,x1
	Expression:
	     ⎛                                               0.8266523865075568         
	  x₁⋅⎜0.1497872448532583 + ─────────────────────────────────────────────────────
	     ⎜                                                                      0.47
	     ⎜                     0.33237337257851327⋅x₁ + 0.81145143385193885 - ──────
	     ⎝                                                                    x₁ + 0

	                   ⎞
	  ─────────────────⎟
	  390338577868921  ⎟
	  ─────────────────⎟
	  .7012576604078299⎠

[00:00:03:18.12] Training epoch 8/14, current best R: 0.9990

	** New best
	Reward: 0.998969264298605
	Count Off-policy: False
	Count On-policy: True
	Originally on Policy: True
	Invalid: False
	Traversal: sub,sub,mul,inv,add,div,0.5012279135566353,x1,inv,add,add,div,-167.61377106406113,mul,15.869584438959574,add,x1,4.089261588224525,x1,3.8055392924303635,1.6919189114856272,x1,-0.1584047214749006
	Expression:
	                                                                 1.6919189114856
	  -x₁ + 0.1584047214749006 + ───────────────────────────────────────────────────
	                                                              1                 
	                             ───────────────────────────────────────────────────
	                                                                   167.613771064
	                             x₁ + 3.8055392924303635 - ─────────────────────────
	                                                       15.869584438959574⋅x₁ + 6

	  272                                   
	  ──────────────────────────────────────
	                      0.5012279135566353
	  ───────────────── + ──────────────────
	  06113                       x₁        
	  ─────────────────                     
	  4.894882067323035                     

[00:00:03:43.07] Training epoch 9/14, current best R: 0.9990

	** New best
	Reward: 0.9989693463415616
	Count Off-policy: False
	Count On-policy: True
	Originally on Policy: True
	Invalid: False
	Traversal: mul,add,div,add,inv,div,sub,inv,sub,sub,sub,mul,inv,sub,add,mul,2.7202972071865568,x1,2.7870671710179415,-0.7988428784676255,9.976660449477935,x1,1.5487408959639546,1.5487408959289124,1.0425519763935418,x1,x1,0.2968551994871018,0.17194804028675556,0.922875098485776
	Expression:
	                                                           3.10883925927622⋅x₁  
	  3.10883925927622⋅x₁ + ────────────────────────────────────────────────────────
	                                                                               1
	                        -1.0425519763935418 + ──────────────────────────────────
                                                                              
	                                              -x₁ - 3.097481791892867 + ────────
	                                                                        2.720297

                                                       
	  ───────────────────────────────── + 0.15868656461407571
                                                       
	  ─────────────────────────────────                      
	      9.976660449477935                                  
	  ─────────────────────────────────                      
	  2071865568⋅x₁ + 3.585910049485567                      

[00:00:04:13.64] Training epoch 10/14, current best R: 0.9990
[00:00:06:14.46] Ending training after epoch 14/14, current best R: 0.9990
-- RUNNING EPOCHS END ---------------

-- EVALUATION START ----------------
Saving Hall of Fame to ./log/regression_config_regression_PQT.json_Constant_5.in_normal_0.0_2023-05-30-031838/dso_regression_config_regression_PQT.json_Constant_5.in_normal_0.0_0_hof.csv
Saving Pareto Front to ./log/regression_config_regression_PQT.json_Constant_5.in_normal_0.0_2023-05-30-031838/dso_regression_config_regression_PQT.json_Constant_5.in_normal_0.0_0_pf.csv
Invalid expressions: 438 of 14336 (3.1%).
Error type counts:
  reciprocal: 304 (69.4%)
  true_divide: 134 (30.6%)
Error node counts:
  divide: 436 (99.5%)
  invalid: 2 (0.5%)

Priority queue entry 0:
	Reward: 0.9989693463415616
	Count Off-policy: False
	Count On-policy: True
	Originally on Policy: True
	Invalid: False
	Traversal: mul,add,div,add,inv,div,sub,inv,sub,sub,sub,mul,inv,sub,add,mul,2.7202972071865568,x1,2.7870671710179415,-0.7988428784676255,9.976660449477935,x1,1.5487408959639546,1.5487408959289124,1.0425519763935418,x1,x1,0.2968551994871018,0.17194804028675556,0.922875098485776
	Expression:
	                                                           3.10883925927622⋅x₁  
	  3.10883925927622⋅x₁ + ────────────────────────────────────────────────────────
	                                                                               1
	                        -1.0425519763935418 + ──────────────────────────────────
                                                                              
	                                              -x₁ - 3.097481791892867 + ────────
	                                                                        2.720297

                                                       
	  ───────────────────────────────── + 0.15868656461407571
                                                       
	  ─────────────────────────────────                      
	      9.976660449477935                                  
	  ─────────────────────────────────                      
	  2071865568⋅x₁ + 3.585910049485567                      


Priority queue entry 1:
	Reward: 0.998969264298605
	Count Off-policy: False
	Count On-policy: True
	Originally on Policy: True
	Invalid: False
	Traversal: sub,sub,mul,inv,add,div,0.5012279135566353,x1,inv,add,add,div,-167.61377106406113,mul,15.869584438959574,add,x1,4.089261588224525,x1,3.8055392924303635,1.6919189114856272,x1,-0.1584047214749006
	Expression:
	                                                                 1.6919189114856
	  -x₁ + 0.1584047214749006 + ───────────────────────────────────────────────────
	                                                              1                 
	                             ───────────────────────────────────────────────────
	                                                                   167.613771064
	                             x₁ + 3.8055392924303635 - ─────────────────────────
	                                                       15.869584438959574⋅x₁ + 6

	  272                                   
	  ──────────────────────────────────────
	                      0.5012279135566353
	  ───────────────── + ──────────────────
	  06113                       x₁        
	  ─────────────────                     
	  4.894882067323035                     


Priority queue entry 2:
	Reward: 0.9987762178386663
	Count Off-policy: False
	Count On-policy: True
	Originally on Policy: True
	Invalid: False
	Traversal: div,add,x1,1.1929984965105795,inv,add,-0.3162926621543298,div,sub,0.40741697045577563,sub,mul,inv,sub,sub,div,-1.4251155607672623,x1,4.928831671112444,x1,5.010594722966269,0.4074169704581056,1.8211764296530113
	Expression:
	  ⎛                                  2.7512956138582012             ⎞           
	  ⎜0.1311290854844377 - ────────────────────────────────────────────⎟⋅(x₁ + 1.19
	  ⎜                                               1.4251155607672623⎟           
	  ⎜                     -x₁ - 4.928831671112444 - ──────────────────⎟           
	  ⎝                                                       x₁        ⎠           

               
	  29984965105795)
               
               
               


Priority queue entry 3:
	Reward: 0.996112002251904
	Count Off-policy: False
	Count On-policy: True
	Originally on Policy: True
	Invalid: False
	Traversal: mul,mul,add,inv,mul,0.6118205578220057,div,div,sub,sub,add,2.22097287420527,x1,div,1.4258163405275304,add,x1,0.7012576604078299,-0.2204123292988334,1.3567471591131939,1.356747159113135,0.1811973778798122,0.8266523865075568,x1
	Expression:
	     ⎛                                               0.8266523865075568         
	  x₁⋅⎜0.1497872448532583 + ─────────────────────────────────────────────────────
	     ⎜                                                                      0.47
	     ⎜                     0.33237337257851327⋅x₁ + 0.81145143385193885 - ──────
	     ⎝                                                                    x₁ + 0

	                   ⎞
	  ─────────────────⎟
	  390338577868921  ⎟
	  ─────────────────⎟
	  .7012576604078299⎠


Priority queue entry 4:
	Reward: 0.9961119934290887
	Count Off-policy: False
	Count On-policy: True
	Originally on Policy: True
	Invalid: False
	Traversal: div,x1,add,div,10.523988304189437,div,sub,mul,mul,inv,x1,x1,sub,mul,inv,add,0.7008157868380459,x1,1.4239796371905271,19.034224596662092,x1,10.524000398621023,6.6742042299794715
	Expression:
	                                               x₁                               
	  ──────────────────────────────────────────────────────────────────────────────
	                                                 10.523988304189437             
	  6.6742042299794715 + ─────────────────────────────────────────────────────────
	                                                                         0.13530
	                       -0.09502090099987374⋅x₁ - 1.8086491710087903 + ──────────
	                                                                      x₁ + 0.700

             
	  ─────────────
             
	  ─────────────
	  78281313172  
	  ─────────────
	  8157868380459


Priority queue entry 5:
	Reward: 0.9961032469152338
	Count Off-policy: False
	Count On-policy: True
	Originally on Policy: True
	Invalid: False
	Traversal: sub,div,inv,add,-0.6839050970639424,div,add,add,mul,inv,div,sub,2.3649306122090588,sub,-0.3649277533829787,x1,x1,3.9940449272334013,1.37607677688644,x1,x1,0.3949633415708182,-0.19659170798940584
	Expression:
	                                                  2.531880543705337             
	  0.19659170798940584 + ────────────────────────────────────────────────────────
	                                                    3.9940449272334013⋅x₁       
	                                              x₁ + ─────────────────────── + 1.3
	                                                   x₁ + 2.7298583655920375      
	                        -0.6839050970639424 + ──────────────────────────────────
	                                                                     x₁         

             
	  ─────────────
             
	  7607677688644
             
	  ─────────────
             


Priority queue entry 6:
	Reward: 0.996103246278848
	Count Off-policy: False
	Count On-policy: True
	Originally on Policy: True
	Invalid: False
	Traversal: inv,add,0.12184702095923101,inv,mul,add,4.875354400590335,sub,x1,sub,inv,mul,add,0.3981116085134005,div,x1,1.7573264867030394,0.6184875131311086,x1,0.24743391857885297
	Expression:
	                                                         1                      
	  ──────────────────────────────────────────────────────────────────────────────
	                                                                    1           
	  0.12184702095923101 + ────────────────────────────────────────────────────────
                                                                              
	                        0.49486783715770594⋅x₁ + 1.2063280437987215 - ──────────
	                                                                      0.35194798

                                 
	  ─────────────────────────────────
                                 
	  ─────────────────────────────────
	    0.24743391857885297            
	  ─────────────────────────────────
	  337756078⋅x₁ + 0.2462270586980786


Priority queue entry 7:
	Reward: 0.9961032377689446
	Count Off-policy: False
	Count On-policy: True
	Originally on Policy: True
	Invalid: False
	Traversal: inv,add,div,inv,add,sub,sub,x1,mul,div,0.08031623387655541,div,0.02318837268355664,inv,add,0.6990727803998725,x1,0.8191113460964975,-4.871913306285316,x1,0.24751478997028462,0.1218827633087938
	Expression:
	                                               1                                
	  ──────────────────────────────────────────────────────────────────────────────
	                                                  4.0401626105658372            
	  0.1218827633087938 + ─────────────────────────────────────────────────────────
	                                                              0.0657879384440264
	                       2⋅x₁ + 4.871913306285316 - ──────────────────────────────
	                                                  0.02318837268355664⋅x₁ + 0.016

              
	  ──────────────
              
	  ──────────────
	  2             
	  ──────────────
	  21036016484239


Priority queue entry 8:
	Reward: 0.9961029963532646
	Count Off-policy: False
	Count On-policy: True
	Originally on Policy: True
	Invalid: False
	Traversal: add,inv,add,div,div,3.84114489798349,add,x1,div,1.4067888997778626,sub,sub,inv,sub,-10.98061534151186,x1,x1,0.6022763644215592,1.4452841756317765,0.13976501963214555,1.0512170755912205
	Expression:
	                                                             1                  
	  1.0512170755912205 + ─────────────────────────────────────────────────────────
	                                                                2.65770909468680
	                       0.13976501963214555 + ───────────────────────────────────
	                                                                  1.406788899777
	                                             x₁ + ──────────────────────────────
                                                                              
	                                                  -x₁ - 0.6022763644215592 + ───
	                                                                             -x₁

                    
	  ────────────────────
	  23                  
	  ────────────────────
	  8626                
	  ────────────────────
	          1           
	  ────────────────────
	   - 10.98061534151186


Priority queue entry 9:
	Reward: 0.9961003947787206
	Count Off-policy: False
	Count On-policy: True
	Originally on Policy: True
	Invalid: False
	Traversal: add,1.0842244649618247,add,div,add,div,x1,x1,x1,add,mul,add,inv,div,sub,x1,3.83127851612666,101.39098330169753,x1,0.16627810114454925,3.893527123002354,1.0842244652249118
	Expression:
	                                            x₁ + 1                              
	  ──────────────────────────────────────────────────────────────────────────────
	                                                            0.16627810114454925 
	  0.16627810114454925⋅x₁ + 3.893527123002354 + ─────────────────────────────────
	                                               0.0098628099603730501⋅x₁ - 0.0377

                                 
	  ──────────── + 2.1684489301867365
                                 
	  ────────────                     
	  871719098173                     

-- EVALUATION END ------------------
== TRAINING SEED 0 END ==============
INFO: Completed run 1 of 1 in 376 s

== POST-PROCESS START =================
-- LOADING LOGS START ----------------
Successfully loaded summary data
Successfully loaded Hall of Fame data
Successfully loaded Pareto Front data
-- LOADING LOGS END ------------------

-- ANALYZING LOG START --------------
Task_____________regression
Source path______./log/regression_config_regression_PQT.json_Constant_5.in_normal_0.0_2023-05-30-031838
Runs_____________1
Max Samples/run__15000
Success_rate_____0.0
Hall of Fame (Top 5 of 100)____
    0: S=000 R=0.998969 <-- [3.10883925927622*x1 + 3.10883925927622*x1/(-1.0425519763935418 + 1/(-x1 - 3.097481791892867 + 9.976660449477935/(2.7202972071865568*x1 + 3.585910049485567))) + 0.15868656461407571]
    1: S=000 R=0.998969 <-- [-x1 + 0.1584047214749006 + 1.6919189114856272/(1/(x1 + 3.8055392924303635 - 167.61377106406113/(15.869584438959574*x1 + 64.894882067323035)) + 0.5012279135566353/x1)]
    2: S=000 R=0.998776 <-- [(0.1311290854844377 - 2.7512956138582012/(-x1 - 4.928831671112444 - 1.4251155607672623/x1))*(x1 + 1.1929984965105795)]
    3: S=000 R=0.996112 <-- [x1*(0.1497872448532583 + 0.8266523865075568/(0.33237337257851327*x1 + 0.81145143385193885 - 0.47390338577868921/(x1 + 0.7012576604078299)))]
    4: S=000 R=0.996112 <-- [x1/(6.6742042299794715 + 10.523988304189437/(-0.09502090099987374*x1 - 1.8086491710087903 + 0.1353078281313172/(x1 + 0.7008157868380459)))]
  Saving Hall of Fame plot to ./log/regression_config_regression_PQT.json_Constant_5.in_normal_0.0_2023-05-30-031838/dso_regression_config_regression_PQT.json_Constant_5.in_normal_0.0_plot_hof.png
Pareto Front (5 of 11)____
    0: S=000 R=0.998969 C=35.00 <-- [3.10883925927622*x1 + 3.10883925927622*x1/(-1.0425519763935418 + 1/(-x1 - 3.097481791892867 + 9.976660449477935/(2.7202972071865568*x1 + 3.585910049485567))) + 0.15868656461407571]
    1: S=000 R=0.998969 C=27.00 <-- [-x1 + 0.1584047214749006 + 1.6919189114856272/(1/(x1 + 3.8055392924303635 - 167.61377106406113/(15.869584438959574*x1 + 64.894882067323035)) + 0.5012279135566353/x1)]
    2: S=000 R=0.996103 C=26.00 <-- [x1/(1.5273371925874828*x1/(2.173473522958381 + 0.6547345902383315/(0.06508077449930727 + 1/x1)) + 0.5434969029716444) + 0.19659053388416214]
    3: S=000 R=0.996103 C=24.00 <-- [1/(0.12184702095923101 + 1/(0.49486783715770594*x1 + 1.2063280437987215 - 0.24743391857885297/(0.35194798337756078*x1 + 0.2462270586980786)))]
    4: S=000 R=0.995634 C=18.00 <-- [8.75928248949669 + 1882.5884680144611/((-11.350693401086705 + 1/(x1 + 0.7928266684552189))*(x1 + 21.815273399901496))]
  Saving Pareto Front plot to ./log/regression_config_regression_PQT.json_Constant_5.in_normal_0.0_2023-05-30-031838/dso_regression_config_regression_PQT.json_Constant_5.in_normal_0.0_plot_pf.png
-- ANALYZING LOG END ----------------
== POST-PROCESS END ===================
