['mul', 2.7, 'pow', 'X_0', 'X_1']
--------------------
eq_name 	 Constant_4
num_vars 	 2
vars_range_and_types 	 [{"name": "LogUniform", "range": [0.1, 10], "only_positive": true}, {"name": "LogUniform", "range": [0.1, 10], "only_positive": true}]
function_set 	 ['add', 'sub', 'mul', 'div', 'sin', 'cos', 'exp', 'log', 'const']
eq_expression 	 mul,2.7,pow,X_0,X_1
expr 	 2.7*X_0**X_1
--------------------

== EXPERIMENT SETUP START ===========
Task type            : regression
Starting seed        : 0
Runs                 : 1
== EXPERIMENT SETUP END =============

== TRAINING SEED 0 START ============
self.dataX <dso.symbolic_data_generator.DataX object at 0x2baaceb4b0f0>, self.data_query_oracle: <dso.symbolic_equation_evaluator_public.Equation_evaluator object at 0x2baaedbedda0>
generate dataset!
-- BUILDING PRIOR START -------------
WARNING: Skipping invalid 'RelationalConstraint' with arguments {'targets': [], 'effectors': [], 'relationship': None}. Reason: Prior disabled.
WARNING: Skipping invalid 'TrigConstraint' with arguments {}. Reason: There are no target Tokens.
WARNING: Skipping invalid 'UniformArityPrior' with arguments {}. Reason: Prior disabled.
WARNING: Skipping invalid 'LanguageModelPrior' with arguments {'weight': None}. Reason: Prior disabled.
LengthConstraint: Sequences have minimum length 4.
                  Sequences have maximum length 256.
RepeatConstraint: [const] cannot occur more than 10 times.
RelationalConstraint: [inv] cannot be a child of [inv].
ConstConstraint: [const] cannot be the only unique child of [inv, add, sub, mul, div].
NoInputsConstraint: Sequences contain at least one input variable Token.
SoftLengthPrior: No description available.
-- BUILDING PRIOR END ---------------

-- RUNNING EPOCHS START -------------
[00:00:00:02.11] Training epoch 1/14, current best R: 0.5434

	** New best
	Reward: 0.5434419068234465
	Count Off-policy: False
	Count On-policy: True
	Originally on Policy: True
	Invalid: False
	Traversal: mul,mul,mul,mul,add,mul,sub,mul,mul,mul,x2,6.949859601586318,mul,x1,6.949859601586318,x2,x2,x1,0.999999686880554,6.881100130493716,6.881100130493716,x2,x2
	Expression:
	    2 ⎛                     ⎛                       2     ⎞                    ⎞
	  x₂ ⋅⎝47.34953900588064⋅x₁⋅⎝48.30054848176153⋅x₁⋅x₂  - x₂⎠ + 47.34952417981921⎠

[00:00:00:11.16] Training epoch 10/14, current best R: 0.5434
[00:00:00:12.13] Training epoch 11/14, current best R: 0.5474

	** New best
	Reward: 0.5474355229457823
	Count Off-policy: False
	Count On-policy: True
	Originally on Policy: True
	Invalid: False
	Traversal: sub,1.0,sub,1.0,mul,mul,x1,mul,mul,mul,mul,add,add,x1,mul,x2,34.92332480636638,-272.93142546958296,x2,x2,293.71949379547436,x2,x2
	Expression:
	                          4                                                 
	  293.71949379547436⋅x₁⋅x₂ ⋅(x₁ + 34.92332480636638⋅x₂ - 272.93142546958296)

[00:00:00:13.19] Training epoch 12/14, current best R: 0.5633

	** New best
	Reward: 0.5633232265802891
	Count Off-policy: False
	Count On-policy: True
	Originally on Policy: True
	Invalid: False
	Traversal: mul,mul,sub,sub,x2,mul,mul,x2,mul,mul,mul,x1,mul,x2,x2,-33.200050077455536,x2,x2,x2,x1,x2
	Expression:
	                       2   6
	  33.200050077455536⋅x₁ ⋅x₂ 

[00:00:00:14.25] Training epoch 13/14, current best R: 0.5714

	** New best
	Reward: 0.5714039265036204
	Count Off-policy: False
	Count On-policy: True
	Originally on Policy: True
	Invalid: False
	Traversal: mul,x1,mul,x2,div,mul,sub,mul,mul,mul,x2,x1,0.013695814144907307,add,div,-16.50917125853589,x2,x2,2.9218765105256863,x2,2.253322378443296e-06
	Expression:
	                        2 ⎛                           ⎛     16.50917125853589⎞  
	  443789.139790485⋅x₁⋅x₂ ⋅⎜0.013695814144907307⋅x₁⋅x₂⋅⎜x₂ - ─────────────────⎟ -
	                          ⎝                           ⎝             x₂       ⎠  

	                     ⎞
	   2.9218765105256863⎟
	                     ⎠

[00:00:00:15.27] Ending training after epoch 14/14, current best R: 0.5714
-- RUNNING EPOCHS END ---------------

-- EVALUATION START ----------------
Saving Hall of Fame to ./log/regression_config_regression_PQT.json_Constant_4.in_normal_0.0_2023-05-30-031335/dso_regression_config_regression_PQT.json_Constant_4.in_normal_0.0_0_hof.csv
Saving Pareto Front to ./log/regression_config_regression_PQT.json_Constant_4.in_normal_0.0_2023-05-30-031335/dso_regression_config_regression_PQT.json_Constant_4.in_normal_0.0_0_pf.csv
Invalid expressions: 351 of 14336 (2.4%).
Error type counts:
  reciprocal: 210 (59.8%)
  true_divide: 141 (40.2%)
Error node counts:
  divide: 349 (99.4%)
  invalid: 2 (0.6%)

Priority queue entry 0:
	Reward: 0.5714039265036204
	Count Off-policy: False
	Count On-policy: True
	Originally on Policy: True
	Invalid: False
	Traversal: mul,x1,mul,x2,div,mul,sub,mul,mul,mul,x2,x1,0.013695814144907307,add,div,-16.50917125853589,x2,x2,2.9218765105256863,x2,2.253322378443296e-06
	Expression:
	                        2 ⎛                           ⎛     16.50917125853589⎞  
	  443789.139790485⋅x₁⋅x₂ ⋅⎜0.013695814144907307⋅x₁⋅x₂⋅⎜x₂ - ─────────────────⎟ -
	                          ⎝                           ⎝             x₂       ⎠  

	                     ⎞
	   2.9218765105256863⎟
	                     ⎠


Priority queue entry 1:
	Reward: 0.5706608926873403
	Count Off-policy: False
	Count On-policy: True
	Originally on Policy: True
	Invalid: False
	Traversal: add,x1,sub,mul,x2,mul,mul,mul,mul,div,mul,1.9071863307253758,mul,mul,mul,x1,x2,x2,x2,0.09281191456482742,x1,x2,x1,1.9071863307253758,1.0
	Expression:
	                       3   5           
	  39.190654746865431⋅x₁ ⋅x₂  + x₁ - 1.0


Priority queue entry 2:
	Reward: 0.5633232265802891
	Count Off-policy: False
	Count On-policy: True
	Originally on Policy: True
	Invalid: False
	Traversal: mul,mul,sub,sub,x2,mul,mul,x2,mul,mul,mul,x1,mul,x2,x2,-33.200050077455536,x2,x2,x2,x1,x2
	Expression:
	                       2   6
	  33.200050077455536⋅x₁ ⋅x₂ 


Priority queue entry 3:
	Reward: 0.5474355229457823
	Count Off-policy: False
	Count On-policy: True
	Originally on Policy: True
	Invalid: False
	Traversal: sub,1.0,sub,1.0,mul,mul,x1,mul,mul,mul,mul,add,add,x1,mul,x2,34.92332480636638,-272.93142546958296,x2,x2,293.71949379547436,x2,x2
	Expression:
	                          4                                                 
	  293.71949379547436⋅x₁⋅x₂ ⋅(x₁ + 34.92332480636638⋅x₂ - 272.93142546958296)


Priority queue entry 4:
	Reward: 0.5434419068234465
	Count Off-policy: False
	Count On-policy: True
	Originally on Policy: True
	Invalid: False
	Traversal: mul,mul,mul,mul,add,mul,sub,mul,mul,mul,x2,6.949859601586318,mul,x1,6.949859601586318,x2,x2,x1,0.999999686880554,6.881100130493716,6.881100130493716,x2,x2
	Expression:
	    2 ⎛                     ⎛                       2     ⎞                    ⎞
	  x₂ ⋅⎝47.34953900588064⋅x₁⋅⎝48.30054848176153⋅x₁⋅x₂  - x₂⎠ + 47.34952417981921⎠


Priority queue entry 5:
	Reward: 0.5434336214085859
	Count Off-policy: False
	Count On-policy: True
	Originally on Policy: True
	Invalid: False
	Traversal: div,div,mul,2.0427158372919347,div,mul,mul,mul,2.0427158372919347,mul,mul,mul,mul,x2,x1,x2,x2,x2,x1,x1,x1,-0.04272200141528493,-0.04272200141528493
	Expression:
	                       2   4
	  2286.1921642220345⋅x₁ ⋅x₂ 


Priority queue entry 6:
	Reward: 0.5296727378856053
	Count Off-policy: False
	Count On-policy: True
	Originally on Policy: True
	Invalid: False
	Traversal: div,x1,div,0.00052473286029453,add,sub,mul,mul,x2,x1,mul,mul,x1,x2,x1,x2,x1
	Expression:
	     ⎛                   3   2                                            ⎞
	  x₁⋅⎝1905.73161253653⋅x₁ ⋅x₂  + 1905.73161253653⋅x₁ - 1905.73161253653⋅x₂⎠


Priority queue entry 7:
	Reward: 0.5296597670872658
	Count Off-policy: False
	Count On-policy: True
	Originally on Policy: True
	Invalid: False
	Traversal: mul,div,mul,1.9973572429905029,sub,mul,mul,sub,mul,mul,2.0084805838238555,x1,mul,x2,x2,x1,x2,x2,1.0,0.002642757009497121,x2
	Expression:
	     ⎛                     2 ⎛                        2     ⎞                   
	  x₂⋅⎝755.78543006894588⋅x₂ ⋅⎝2.0084805838238555⋅x₁⋅x₂  - x₁⎠ - 755.785430068945

	    ⎞
	  88⎠


Priority queue entry 8:
	Reward: 0.5295991421300327
	Count Off-policy: False
	Count On-policy: True
	Originally on Policy: True
	Invalid: False
	Traversal: mul,sub,mul,mul,mul,sub,mul,38.78011100870926,mul,add,x2,sub,mul,38.78011100870926,x2,x2,x1,x2,x2,x2,x2,x2,x2
	Expression:
	     ⎛  3                                    ⎞
	  x₂⋅⎝x₂ ⋅(1503.897009847813⋅x₁⋅x₂ - x₂) - x₂⎠


Priority queue entry 9:
	Reward: 0.529595212186552
	Count Off-policy: False
	Count On-policy: True
	Originally on Policy: True
	Invalid: False
	Traversal: add,mul,mul,x2,x2,add,x1,mul,x1,mul,inv,div,mul,inv,mul,x2,x2,0.0013265973719476243,x2,1.9990972427989289,1.0
	Expression:
	    2 ⎛                        3     ⎞      
	  x₂ ⋅⎝1506.9359287693928⋅x₁⋅x₂  + x₁⎠ + 1.0

-- EVALUATION END ------------------
== TRAINING SEED 0 END ==============
INFO: Completed run 1 of 1 in 17 s

== POST-PROCESS START =================
-- LOADING LOGS START ----------------
Successfully loaded summary data
Successfully loaded Hall of Fame data
Successfully loaded Pareto Front data
-- LOADING LOGS END ------------------

-- ANALYZING LOG START --------------
Task_____________regression
Source path______./log/regression_config_regression_PQT.json_Constant_4.in_normal_0.0_2023-05-30-031335
Runs_____________1
Max Samples/run__15000
Success_rate_____0.0
Hall of Fame (Top 5 of 100)____
    0: S=000 R=0.571404 <-- [443789.139790485*x1*x2**2*(0.013695814144907307*x1*x2*(x2 - 16.50917125853589/x2) - 2.9218765105256863)]
    1: S=000 R=0.570661 <-- [39.190654746865431*x1**3*x2**5 + x1 - 1.0]
    2: S=000 R=0.570162 <-- [43.9307459104426*x2*(-x1 + x2*(x1**2*x2*(287.6661311213056*x2 - 2034.7893030542969) - 26.043803280814277) - x2)]
    3: S=000 R=0.570156 <-- [-12545.700481316728*x1*x2**3*(x1*(8.061302953712827 - x2) - x1) + x2]
    4: S=000 R=0.563323 <-- [33.20007125363082*x1**2*x2**6]
  Saving Hall of Fame plot to ./log/regression_config_regression_PQT.json_Constant_4.in_normal_0.0_2023-05-30-031335/dso_regression_config_regression_PQT.json_Constant_4.in_normal_0.0_plot_hof.png
Pareto Front (5 of 9)____
    0: S=000 R=0.571404 C=23.00 <-- [443789.139790485*x1*x2**2*(0.013695814144907307*x1*x2*(x2 - 16.50917125853589/x2) - 2.9218765105256863)]
    1: S=000 R=0.570156 C=19.00 <-- [-12545.700481316728*x1*x2**3*(x1*(8.061302953712827 - x2) - x1) + x2]
    2: S=000 R=0.543434 C=18.00 <-- [x2*(2286.211338308534*x1**2*x2**3 + x2)]
    3: S=000 R=0.543367 C=17.00 <-- [x1 + x2**2*(2368.3192152162383*x1**2*x2**2 - x2)]
    4: S=000 R=0.501678 C=16.00 <-- [795475.33458044681*x2**2]
  Saving Pareto Front plot to ./log/regression_config_regression_PQT.json_Constant_4.in_normal_0.0_2023-05-30-031335/dso_regression_config_regression_PQT.json_Constant_4.in_normal_0.0_plot_pf.png
-- ANALYZING LOG END ----------------
== POST-PROCESS END ===================
