['add', 'log', 'add', 1.4, 'X_0', 'log', 'add', 1.3, 'pow', 'X_0', 2]
--------------------
eq_name 	 Constant_8
num_vars 	 1
vars_range_and_types 	 [{"name": "LogUniform", "range": [0.1, 10], "only_positive": true}]
function_set 	 ['add', 'sub', 'mul', 'div', 'sin', 'cos', 'exp', 'log', 'const']
eq_expression 	 add,log,add,1.4,X_0,log,add,1.3,pow,X_0,2
expr 	 log(X_0 + 1.4) + log(X_0**2 + 1.3)
--------------------

== EXPERIMENT SETUP START ===========
Task type            : regression
Starting seed        : 0
Runs                 : 1
== EXPERIMENT SETUP END =============

== TRAINING SEED 0 START ============
self.dataX <dso.symbolic_data_generator.DataX object at 0x2b10179b1470>, self.data_query_oracle: <dso.symbolic_equation_evaluator_public.Equation_evaluator object at 0x2b1002236da0>
generate dataset!
-- BUILDING PRIOR START -------------
WARNING: Skipping invalid 'RelationalConstraint' with arguments {'targets': [], 'effectors': [], 'relationship': None}. Reason: Prior disabled.
WARNING: Skipping invalid 'TrigConstraint' with arguments {}. Reason: There are no target Tokens.
WARNING: Skipping invalid 'UniformArityPrior' with arguments {}. Reason: Prior disabled.
WARNING: Skipping invalid 'LanguageModelPrior' with arguments {'weight': None}. Reason: Prior disabled.
LengthConstraint: Sequences have minimum length 4.
                  Sequences have maximum length 256.
RepeatConstraint: [const] cannot occur more than 10 times.
RelationalConstraint: [inv] cannot be a child of [inv].
ConstConstraint: [const] cannot be the only unique child of [inv, add, sub, mul, div].
NoInputsConstraint: Sequences contain at least one input variable Token.
SoftLengthPrior: No description available.
-- BUILDING PRIOR END ---------------

-- RUNNING EPOCHS START -------------
[00:00:00:27.02] Training epoch 1/14, current best R: 0.9937

	** New best
	Reward: 0.9936763012547455
	Count Off-policy: False
	Count On-policy: True
	Originally on Policy: True
	Invalid: False
	Traversal: sub,mul,mul,inv,add,inv,sub,div,div,4.661627995424185,add,x1,0.3940977894533302,inv,div,div,x1,4.8653321400778955,4.865332310477637,0.027698276075046123,x1,10.232798263717754,x1,-0.677518299551784
	Expression:
	                 10.232798263717754⋅x₁                                   
	  ─────────────────────────────────────────────────── + 0.677518299551784
	                             1                                           
	  x₁ + ──────────────────────────────────────────────                    
	        0.19693033111531955⋅x₁                                           
	       ─────────────────────── - 0.027698276075046123                    
	       x₁ + 0.3940977894533302                                           

[00:00:01:04.45] Training epoch 2/14, current best R: 0.9945

	** New best
	Reward: 0.9945429028900357
	Count Off-policy: False
	Count On-policy: True
	Originally on Policy: True
	Invalid: False
	Traversal: mul,mul,inv,mul,-0.3434094470076089,sub,sub,mul,div,add,inv,add,inv,mul,x1,11.88350430263466,x1,0.1175530025747742,x1,0.3594149698200426,x1,5.7992714337861075,x1,3.802421791870671
	Expression:
	                                                3.802421791870671⋅x₁            
	  ──────────────────────────────────────────────────────────────────────────────
	                                                                  ⎛             
	                                               0.1234264960321573⋅⎜0.11755300257
	                                                                  ⎜             
	                                                                  ⎜             
	                                                                  ⎝             
	  0.3434094470076089⋅x₁ + 1.9915245961235104 - ─────────────────────────────────
	                                                                               x

                                 
	  ─────────────────────────────────
	                     1            ⎞
	  47742 + ────────────────────────⎟
	               0.08415026195415208⎟
	          x₁ + ───────────────────⎟
	                        x₁        ⎠
	  ─────────────────────────────────
	  ₁                                

[00:00:01:33.87] Training epoch 3/14, current best R: 0.9976

	** New best
	Reward: 0.9976408813954507
	Count Off-policy: False
	Count On-policy: True
	Originally on Policy: True
	Invalid: False
	Traversal: mul,sub,2.260509207041429,sub,-0.26102611473496257,mul,sub,inv,add,div,2.727460895945488,sub,inv,sub,div,0.045819427389262445,x1,-0.04635422007473735,x1,mul,0.037604482994024004,x1,-0.9765927978135251,x1,0.2565640970254519
	Expression:
	                        ⎛                                                       
	  0.2565640970254519⋅x₁⋅⎜0.9765927978135251 + ──────────────────────────────────
	                        ⎜                                                       
	                        ⎜                     0.037604482994024004⋅x₁ + ────────
	                        ⎜                                                       
	                        ⎜                                               -x₁ + ──
	                        ⎜                                                       
	                        ⎜                                                     0.
	                        ⎝                                                       

	    1                                     ⎞                      
	  ────────────────────────────────────────⎟ + 0.64693543294934221
	         2.727460895945488                ⎟                      
	  ────────────────────────────────────────⎟                      
	                    1                     ⎟                      
	  ────────────────────────────────────────⎟                      
	                      0.045819427389262445⎟                      
	  04635422007473735 + ────────────────────⎟                      
	                               x₁         ⎠                      

[00:00:02:42.29] Training epoch 5/14, current best R: 0.9986

	** New best
	Reward: 0.9985664729325354
	Count Off-policy: False
	Count On-policy: True
	Originally on Policy: True
	Invalid: False
	Traversal: mul,sub,add,sub,div,3.8040187691263365,add,sub,inv,mul,mul,inv,sub,inv,sub,-0.16530511425209013,x1,0.9846516996423463,3.4652077265064674,x1,1.026354685400607,0.9399435995859499,3.054111573746074,-1.0541189202608243,x1,-0.15199048160728876
	Expression:
                                                                              
	  0.15199048160728876⋅x₁ + 0.62441193133785829 - ───────────────────────────────
                                                                              
	                                                                       0.2885829
                                                                              
	                                                 -0.0864110858146571 + ─────────
                                                                              

	       0.57817464476267768                                    
	  ────────────────────────────────────────────────────────────
	             ⎛                                  1            ⎞
	  8807043642⋅⎜-0.9846516996423463 + ─────────────────────────⎟
	             ⎝                      -x₁ - 0.16530511425209013⎠
	  ────────────────────────────────────────────────────────────
	                           x₁                                 

[00:00:03:52.84] Training epoch 7/14, current best R: 0.9989

	** New best
	Reward: 0.9989398592513635
	Count Off-policy: False
	Count On-policy: True
	Originally on Policy: True
	Invalid: False
	Traversal: add,mul,x1,div,18.49059989798978,add,add,inv,add,inv,add,x1,add,mul,2.9335093875309997,div,inv,x1,0.5266804183588231,-4.622160974667383,0.04923928802373102,x1,14.098212694343857,0.6143206929405493
	Expression:
	                                      18.49059989798978⋅x₁                      
	  ──────────────────────────────────────────────────────────────────────────────
	                                                            1                   
	  x₁ + 14.098212694343857 + ────────────────────────────────────────────────────
	                                                                       1        
	                            0.04923928802373102 + ──────────────────────────────
	                                                                           5.569
	                                                  x₁ - 4.622160974667383 + ─────
                                                                              

                                  
	  ───────────── + 0.6143206929405493
                                  
	  ─────────────                     
                                  
	  ─────────────                     
	  8091010712754                     
	  ─────────────                     
	     x₁                             

[00:00:05:57.83] Training epoch 10/14, current best R: 0.9989
[00:00:09:12.83] Ending training after epoch 14/14, current best R: 0.9989
-- RUNNING EPOCHS END ---------------

-- EVALUATION START ----------------
Saving Hall of Fame to ./log/regression_config_regression_VPG.json_Constant_8.in_normal_0.0_2023-05-30-033646/dso_regression_config_regression_VPG.json_Constant_8.in_normal_0.0_0_hof.csv
Saving Pareto Front to ./log/regression_config_regression_VPG.json_Constant_8.in_normal_0.0_2023-05-30-033646/dso_regression_config_regression_VPG.json_Constant_8.in_normal_0.0_0_pf.csv
Invalid expressions: 401 of 14336 (2.8%).
Error type counts:
  true_divide: 117 (29.2%)
  reciprocal: 284 (70.8%)
Error node counts:
  divide: 399 (99.5%)
  invalid: 2 (0.5%)
-- EVALUATION END ------------------
== TRAINING SEED 0 END ==============
INFO: Completed run 1 of 1 in 554 s

== POST-PROCESS START =================
-- LOADING LOGS START ----------------
Successfully loaded summary data
Successfully loaded Hall of Fame data
Successfully loaded Pareto Front data
-- LOADING LOGS END ------------------

-- ANALYZING LOG START --------------
Task_____________regression
Source path______./log/regression_config_regression_VPG.json_Constant_8.in_normal_0.0_2023-05-30-033646
Runs_____________1
Max Samples/run__15000
Success_rate_____0.0
Hall of Fame (Top 5 of 100)____
    0: S=000 R=0.998940 <-- [18.49059989798978*x1/(x1 + 14.098212694343857 + 1/(0.04923928802373102 + 1/(x1 - 4.622160974667383 + 5.5698091010712754/x1))) + 0.6143206929405493]
    1: S=000 R=0.998630 <-- [x1*(2.2524442309033327 - 0.6737182115806517/(0.3221824516226232 + 1/(x1 + 3.452094257519243/(x1 + 0.1994064614523147)))) + 0.6199642212024061]
    2: S=000 R=0.998566 <-- [0.15199048160728876*x1 + 0.62441193133785829 - 0.57817464476267768/(-0.0864110858146571 + 0.28858298807043642*(-0.9846516996423463 + 1/(-x1 - 0.16530511425209013))/x1)]
    3: S=000 R=0.998152 <-- [0.26301340853093676*x1**2/(0.22583798878693176 + 1/(-0.05052013732872098 + 1/(x1*(0.07451989960609132*x1 + 0.1298151307876353)))) + 0.47573601525358656*x1 + 0.6260343713516623]
    4: S=000 R=0.997964 <-- [11.708400937770904 + 1/(x1*(-0.007595790297391036 + 1/(-474.36482927186546 + (260.95989602346276*x1 + 83.269544492259743 - 260.95989602346276/x1)/x1)) - 0.08982625396109101)]
  Saving Hall of Fame plot to ./log/regression_config_regression_VPG.json_Constant_8.in_normal_0.0_2023-05-30-033646/dso_regression_config_regression_VPG.json_Constant_8.in_normal_0.0_plot_hof.png
Pareto Front (5 of 14)____
    0: S=000 R=0.998940 C=29.00 <-- [18.49059989798978*x1/(x1 + 14.098212694343857 + 1/(0.04923928802373102 + 1/(x1 - 4.622160974667383 + 5.5698091010712754/x1))) + 0.6143206929405493]
    1: S=000 R=0.997964 C=28.00 <-- [11.708400937770904 + 1/(x1*(-0.007595790297391036 + 1/(-474.36482927186546 + (260.95989602346276*x1 + 83.269544492259743 - 260.95989602346276/x1)/x1)) - 0.08982625396109101)]
    2: S=000 R=0.996288 C=22.00 <-- [-x1 + (0.21685963644331834*x1 + 0.97723056911195912)/(0.17592199725128982 + 1/(x1*(x1 + 2.0970780088763794) + 0.6698973365188462))]
    3: S=000 R=0.993474 C=21.00 <-- [1/(0.0924240578546668 + 1/(2.0031177768171692*x1 - 0.29245637541635573 + 1.0015588884085846/(2*x1 + 1.0178477539710455)))]
    4: S=000 R=0.992864 C=20.00 <-- [-0.052809248297496725/(-0.004935210493438589 + 0.02576838881917161/(-x1 + 0.21425401992048341 - 0.338723107950659/(x1 + 0.6210719580589219)))]
  Saving Pareto Front plot to ./log/regression_config_regression_VPG.json_Constant_8.in_normal_0.0_2023-05-30-033646/dso_regression_config_regression_VPG.json_Constant_8.in_normal_0.0_plot_pf.png
-- ANALYZING LOG END ----------------
== POST-PROCESS END ===================
