['add', 'mul', 2.12, 'pow', 'X_0', 2, 'add', 'mul', 3.39, 'pow', 'X_0', 3, 'mul', 1.78, 'X_0']
--------------------
eq_name 	 Constant_1
num_vars 	 1
vars_range_and_types 	 [{"name": "LogUniform", "range": [0.1, 10], "only_positive": true}]
function_set 	 ['add', 'sub', 'mul', 'div', 'sin', 'cos', 'exp', 'log', 'const']
eq_expression 	 add,mul,2.12,pow,X_0,2,add,mul,3.39,pow,X_0,3,mul,1.78,X_0
expr 	 3.39*X_0**3 + 2.12*X_0**2 + 1.78*X_0
--------------------

== EXPERIMENT SETUP START ===========
Task type            : regression
Starting seed        : 0
Runs                 : 1
== EXPERIMENT SETUP END =============

== TRAINING SEED 0 START ============
self.dataX <dso.symbolic_data_generator.DataX object at 0x2aedc8a130b8>, self.data_query_oracle: <dso.symbolic_equation_evaluator_public.Equation_evaluator object at 0x2aede7ab5da0>
generate dataset!
-- BUILDING PRIOR START -------------
WARNING: Skipping invalid 'RelationalConstraint' with arguments {'targets': [], 'effectors': [], 'relationship': None}. Reason: Prior disabled.
WARNING: Skipping invalid 'TrigConstraint' with arguments {}. Reason: There are no target Tokens.
WARNING: Skipping invalid 'UniformArityPrior' with arguments {}. Reason: Prior disabled.
WARNING: Skipping invalid 'LanguageModelPrior' with arguments {'weight': None}. Reason: Prior disabled.
LengthConstraint: Sequences have minimum length 4.
                  Sequences have maximum length 256.
RepeatConstraint: [const] cannot occur more than 10 times.
RelationalConstraint: [inv] cannot be a child of [inv].
ConstConstraint: [const] cannot be the only unique child of [inv, add, sub, mul, div].
NoInputsConstraint: Sequences contain at least one input variable Token.
SoftLengthPrior: No description available.
-- BUILDING PRIOR END ---------------

-- RUNNING EPOCHS START -------------
gen	iter	pop_size	nevals	uncached_size	best_val              	timer  
0  	0   	1024    	1024  	1024         	(-0.9999999433272925,)	20.6448
1  	1   	1024    	765   	571          	(-0.9999999830237737,)	18.3063
2  	2   	1024    	762   	563          	(-0.9999999882683023,)	22.4469
3  	3   	1024    	772   	583          	(-0.9999999927740404,)	30.4907
4  	4   	1024    	806   	561          	(-0.9999999927740404,)	31.3916
5  	5   	1024    	781   	509          	(-0.999999996232696,) 	25.8638
6  	6   	1024    	746   	466          	(-0.999999996232696,) 	22.7203
7  	7   	1024    	772   	478          	(-0.999999996232696,) 	18.9334
8  	8   	1024    	737   	461          	(-0.9999999983304613,)	17.5067
9  	9   	1024    	753   	452          	(-0.9999999988727413,)	16.095 

--------------------------------------------------
GP Time: 224.656

Unique expressions evaluated: 6559
Total expression evaluations: 7918
--------------------------------------------------

GP -> best program this epoch:

	Reward: 0.9999999988727413
	Count Off-policy: 1
	Count On-policy: 0
	Originally on Policy: False
	Invalid: False
	Traversal: add,mul,mul,sub,add,sub,sub,x1,-0.7066665592313744,sub,sub,add,div,0.10997326146634452,x1,-0.7066665592313742,x1,inv,mul,inv,add,1.8899740247579149,div,add,add,x1,x1,add,x1,x1,div,10.256409599245158,x1,x1,x1,-0.7066665592312955,x1,x1,-1.8065023705112186e-07
	Expression:
	      ⎛                                                 2                       
	    2 ⎜                           0.39000002498870447⋅x₁  + 1.8899740247579149  
	  x₁ ⋅⎜3⋅x₁ + 2.119999677694044 + ──────────────────────────────────────────── -
	      ⎝                                                x₁                       

	                      ⎞                        
	   0.10997326146634452⎟                        
	   ───────────────────⎟ - 1.8065023705112186e-7
	            x₁        ⎠                        

None

--------------------------------------------------

[00:00:04:08.02] Training epoch 1/14, current best R: 1.0000

	** New best
	Reward: 0.9999999988727413
	Count Off-policy: 1
	Count On-policy: 0
	Originally on Policy: False
	Invalid: False
	Traversal: add,mul,mul,sub,add,sub,sub,x1,-0.7066665592313744,sub,sub,add,div,0.10997326146634452,x1,-0.7066665592313742,x1,inv,mul,inv,add,1.8899740247579149,div,add,add,x1,x1,add,x1,x1,div,10.256409599245158,x1,x1,x1,-0.7066665592312955,x1,x1,-1.8065023705112186e-07
	Expression:
	      ⎛                                                 2                       
	    2 ⎜                           0.39000002498870447⋅x₁  + 1.8899740247579149  
	  x₁ ⋅⎜3⋅x₁ + 2.119999677694044 + ──────────────────────────────────────────── -
	      ⎝                                                x₁                       

	                      ⎞                        
	   0.10997326146634452⎟                        
	   ───────────────────⎟ - 1.8065023705112186e-7
	            x₁        ⎠                        

[00:00:04:08.02] Early stopping criteria met; breaking early.
-- RUNNING EPOCHS END ---------------

-- EVALUATION START ----------------
Saving Hall of Fame to ./log/regression_config_regression_GPMELD.json_Constant_1.in_normal_0.0_2023-05-30-030250/dso_regression_config_regression_GPMELD.json_Constant_1.in_normal_0.0_0_hof.csv
Saving Pareto Front to ./log/regression_config_regression_GPMELD.json_Constant_1.in_normal_0.0_2023-05-30-030250/dso_regression_config_regression_GPMELD.json_Constant_1.in_normal_0.0_0_pf.csv
Invalid expressions: 140 of 8942 (1.6%).
Error type counts:
  reciprocal: 92 (65.7%)
  true_divide: 48 (34.3%)
Error node counts:
  divide: 140 (100.0%)
-- EVALUATION END ------------------
== TRAINING SEED 0 END ==============
INFO: Completed run 1 of 1 in 249 s

== POST-PROCESS START =================
-- LOADING LOGS START ----------------
Successfully loaded summary data
Successfully loaded Hall of Fame data
Successfully loaded Pareto Front data
-- LOADING LOGS END ------------------

-- ANALYZING LOG START --------------
Task_____________regression
Source path______./log/regression_config_regression_GPMELD.json_Constant_1.in_normal_0.0_2023-05-30-030250
Runs_____________1
Max Samples/run__15000
Success_rate_____1.0
Hall of Fame (Top 5 of 100)____
    0: S=000 R=1.000000 <-- [x1**2*(3*x1 + 2.119999677694044 + (0.39000002498870447*x1**2 + 1.8899740247579149)/x1 - 0.10997326146634452/x1) - 1.8065023705112186e-7]
    1: S=000 R=1.000000 <-- [x1**2*(3*x1 + 2.119999677694044 + (0.39000002498870447*x1**2 + 1.8899740247579149)/x1 - 0.10997326146634452/x1) - 1.8065023705112186e-7]
    2: S=000 R=1.000000 <-- [x1**2*(x1*(3.389999982993032 + 2.1200001980614793/x1) + 1.7799998358948992/x1)]
    3: S=000 R=1.000000 <-- [x1**2*(x1*(3.389999982993032 + 2.1200001980614793/x1) + 1.7799998358948992/x1)]
    4: S=000 R=1.000000 <-- [x1*(-x1**2 - x1*(-4.389999999353461*x1 - 1.119999763110391) + x1 + 1.7800023381531656 - 1/x1) + 0.9999975780023272]
  Saving Hall of Fame plot to ./log/regression_config_regression_GPMELD.json_Constant_1.in_normal_0.0_2023-05-30-030250/dso_regression_config_regression_GPMELD.json_Constant_1.in_normal_0.0_plot_hof.png
Pareto Front (5 of 10)____
    0: S=000 R=1.000000 C=44.00 <-- [x1**2*(3*x1 + 2.119999677694044 + (0.39000002498870447*x1**2 + 1.8899740247579149)/x1 - 0.10997326146634452/x1) - 1.8065023705112186e-7]
    1: S=000 R=1.000000 C=26.00 <-- [x1**2*(x1*(3.389999982993032 + 2.1200001980614793/x1) + 1.7799998358948992/x1)]
    2: S=000 R=1.000000 C=23.00 <-- [x1*(-x1*(-3.389999857361575*x1 - 2.120001928706652) + 1.7799934049824506) + 3.928425389836772e-6]
    3: S=000 R=1.000000 C=13.00 <-- [3.38999990945187*x1*(x1*(x1 + 1.6253690051978642) - x1 + 0.525073422045003)]
    4: S=000 R=1.000000 C=11.00 <-- [x1*(x1*(3.390000267037773*x1 + 2.119997275105061) + 1.780004828204321)]
  Saving Pareto Front plot to ./log/regression_config_regression_GPMELD.json_Constant_1.in_normal_0.0_2023-05-30-030250/dso_regression_config_regression_GPMELD.json_Constant_1.in_normal_0.0_plot_pf.png
-- ANALYZING LOG END ----------------
== POST-PROCESS END ===================
