['add', 'mul', 2.12, 'pow', 'X_0', 2, 'add', 'mul', 3.39, 'pow', 'X_0', 3, 'mul', 1.78, 'X_0']
--------------------
eq_name 	 Constant_1
num_vars 	 1
vars_range_and_types 	 [{"name": "LogUniform", "range": [0.1, 10], "only_positive": true}]
function_set 	 ['add', 'sub', 'mul', 'div', 'sin', 'cos', 'exp', 'log', 'const']
eq_expression 	 add,mul,2.12,pow,X_0,2,add,mul,3.39,pow,X_0,3,mul,1.78,X_0
expr 	 3.39*X_0**3 + 2.12*X_0**2 + 1.78*X_0
--------------------

== EXPERIMENT SETUP START ===========
Task type            : regression
Starting seed        : 0
Runs                 : 1
== EXPERIMENT SETUP END =============

== TRAINING SEED 0 START ============
self.dataX <dso.symbolic_data_generator.DataX object at 0x2ab7bc0c0080>, self.data_query_oracle: <dso.symbolic_equation_evaluator_public.Equation_evaluator object at 0x2ab7db161da0>
generate dataset!
-- BUILDING PRIOR START -------------
WARNING: Skipping invalid 'RelationalConstraint' with arguments {'targets': [], 'effectors': [], 'relationship': None}. Reason: Prior disabled.
WARNING: Skipping invalid 'TrigConstraint' with arguments {}. Reason: There are no target Tokens.
WARNING: Skipping invalid 'UniformArityPrior' with arguments {}. Reason: Prior disabled.
WARNING: Skipping invalid 'LanguageModelPrior' with arguments {'weight': None}. Reason: Prior disabled.
LengthConstraint: Sequences have minimum length 4.
                  Sequences have maximum length 256.
RepeatConstraint: [const] cannot occur more than 10 times.
RelationalConstraint: [inv] cannot be a child of [inv].
ConstConstraint: [const] cannot be the only unique child of [inv, add, sub, mul, div].
NoInputsConstraint: Sequences contain at least one input variable Token.
SoftLengthPrior: No description available.
-- BUILDING PRIOR END ---------------

-- RUNNING EPOCHS START -------------
[00:00:00:19.33] Training epoch 1/14, current best R: 1.0000

	** New best
	Reward: 0.9999999124786546
	Count Off-policy: False
	Count On-policy: True
	Originally on Policy: True
	Invalid: False
	Traversal: inv,div,inv,add,mul,mul,mul,add,x1,sub,div,div,mul,x1,0.012120805990259487,x1,x1,-0.6253727922960078,x1,x1,1.94951289863341,x1,1.7388951229454528
	Expression:
	                       2 ⎛                          0.012120805990259487⎞       
	  3.3899984715528896⋅x₁ ⋅⎜x₁ + 0.6253727922960078 + ────────────────────⎟ + 1.73
	                         ⎝                                   x₁         ⎠       

                 
	  88951229454528⋅x₁
                 

[00:00:00:19.65] Early stopping criteria met; breaking early.
-- RUNNING EPOCHS END ---------------

-- EVALUATION START ----------------
Saving Hall of Fame to ./log/regression_config_regression_VPG.json_Constant_1.in_normal_0.0_2023-05-30-030250/dso_regression_config_regression_VPG.json_Constant_1.in_normal_0.0_0_hof.csv
Saving Pareto Front to ./log/regression_config_regression_VPG.json_Constant_1.in_normal_0.0_2023-05-30-030250/dso_regression_config_regression_VPG.json_Constant_1.in_normal_0.0_0_pf.csv
Invalid expressions: 33 of 1024 (3.2%).
Error type counts:
  reciprocal: 20 (60.6%)
  true_divide: 13 (39.4%)
Error node counts:
  divide: 33 (100.0%)
-- EVALUATION END ------------------
== TRAINING SEED 0 END ==============
INFO: Completed run 1 of 1 in 21 s

== POST-PROCESS START =================
-- LOADING LOGS START ----------------
Successfully loaded summary data
Successfully loaded Hall of Fame data
Successfully loaded Pareto Front data
-- LOADING LOGS END ------------------

-- ANALYZING LOG START --------------
Task_____________regression
Source path______./log/regression_config_regression_VPG.json_Constant_1.in_normal_0.0_2023-05-30-030250
Runs_____________1
Max Samples/run__15000
Success_rate_____1.0
Hall of Fame (Top 5 of 100)____
    0: S=000 R=1.000000 <-- [3.3899984715528896*x1**2*(x1 + 0.6253727922960078 + 0.012120805990259487/x1) + 1.7388951229454528*x1]
    1: S=000 R=1.000000 <-- [x1*(3.390002145295628*x1*(x1 - 0.8729825619552183 + (1.79333153863962*x1 + 0.5250677406929789)/x1) - x1)]
    2: S=000 R=0.999999 <-- [0.5810712996858061*x1**2*(5.8340674493948152*x1 + 3.6482218250234997) + 1.780311839719173*x1 + 0.00027253739492061574]
    3: S=000 R=0.999999 <-- [x1*(1.026661674357284*x1*(3.3019452691943*x1 + 2.0651241322007388) + 0.7797797942702414) + x1 - 0.00036473012734681095]
    4: S=000 R=0.999999 <-- [x1*(2.1209017025150237*x1 + 4.6161325105752368*x1/(-3.5903729916565275e-6 + 1.361758344696005/x1) + 2.7787117545337876) - x1]
  Saving Hall of Fame plot to ./log/regression_config_regression_VPG.json_Constant_1.in_normal_0.0_2023-05-30-030250/dso_regression_config_regression_VPG.json_Constant_1.in_normal_0.0_plot_hof.png
Pareto Front (5 of 7)____
    0: S=000 R=1.000000 C=28.00 <-- [3.3899984715528896*x1**2*(x1 + 0.6253727922960078 + 0.012120805990259487/x1) + 1.7388951229454528*x1]
    1: S=000 R=1.000000 C=27.00 <-- [x1*(3.390002145295628*x1*(x1 - 0.8729825619552183 + (1.79333153863962*x1 + 0.5250677406929789)/x1) - x1)]
    2: S=000 R=0.999999 C=24.00 <-- [x1*(1.026661674357284*x1*(3.3019452691943*x1 + 2.0651241322007388) + 0.7797797942702414) + x1 - 0.00036473012734681095]
    3: S=000 R=0.999748 C=22.00 <-- [3.400192484969071*x1**2*(x1 + 0.5784080843504174 + 1/(x1 + 0.1673640188341865)) - x1]
    4: S=000 R=0.998480 C=15.00 <-- [2.3486379889763537*x1**2*(1.424352912243858*x1 + 1.1562485743433337)]
  Saving Pareto Front plot to ./log/regression_config_regression_VPG.json_Constant_1.in_normal_0.0_2023-05-30-030250/dso_regression_config_regression_VPG.json_Constant_1.in_normal_0.0_plot_pf.png
-- ANALYZING LOG END ----------------
== POST-PROCESS END ===================
