['add', -0.75, 'mul', 'cos', 'X_0', 'sin', 'pow', 'X_0', 2]
--------------------
eq_name 	 Constant_2
num_vars 	 1
vars_range_and_types 	 [{"name": "LogUniform", "range": [0.1, 10], "only_positive": true}]
function_set 	 ['add', 'sub', 'mul', 'div', 'sin', 'cos', 'exp', 'log', 'const']
eq_expression 	 add,-0.75,mul,cos,X_0,sin,pow,X_0,2
expr 	 sin(X_0**2)*cos(X_0) - 0.75
--------------------

== EXPERIMENT SETUP START ===========
Task type            : regression
Starting seed        : 0
Runs                 : 1
== EXPERIMENT SETUP END =============

== TRAINING SEED 0 START ============
self.dataX <dso.symbolic_data_generator.DataX object at 0x2ac8be5ea080>, self.data_query_oracle: <dso.symbolic_equation_evaluator_public.Equation_evaluator object at 0x2ac8dd68cda0>
generate dataset!
-- BUILDING PRIOR START -------------
WARNING: Skipping invalid 'RelationalConstraint' with arguments {'targets': [], 'effectors': [], 'relationship': None}. Reason: Prior disabled.
WARNING: Skipping invalid 'TrigConstraint' with arguments {}. Reason: There are no target Tokens.
WARNING: Skipping invalid 'UniformArityPrior' with arguments {}. Reason: Prior disabled.
WARNING: Skipping invalid 'LanguageModelPrior' with arguments {'weight': None}. Reason: Prior disabled.
LengthConstraint: Sequences have minimum length 4.
                  Sequences have maximum length 256.
RepeatConstraint: [const] cannot occur more than 10 times.
RelationalConstraint: [inv] cannot be a child of [inv].
ConstConstraint: [const] cannot be the only unique child of [inv, add, sub, mul, div].
NoInputsConstraint: Sequences contain at least one input variable Token.
SoftLengthPrior: No description available.
-- BUILDING PRIOR END ---------------

-- RUNNING EPOCHS START -------------
[00:00:00:25.57] Training epoch 1/14, current best R: 0.5267

	** New best
	Reward: 0.5266578502314275
	Count Off-policy: False
	Count On-policy: True
	Originally on Policy: True
	Invalid: False
	Traversal: inv,sub,mul,div,x1,add,-1126.4640325897458,add,mul,inv,x1,2095.695416658629,mul,mul,93.47695615617013,x1,div,x1,1.9041388072489642,x1,1.6826255985320526
	Expression:
	                                           1                                    
	  ──────────────────────────────────────────────────────────────────────────────
	                                 2                                              
	                               x₁                                               
	  ────────────────────────────────────────────────────────────── - 1.68262559853
	                      2                        2095.695416658629                
	  49.09146108482632⋅x₁  - 1126.4640325897458 + ─────────────────                
	                                                       x₁                       

     
	  ─────
     
     
	  20526
     
     
     

[00:00:00:51.25] Training epoch 2/14, current best R: 0.5293

	** New best
	Reward: 0.5292877300047711
	Count Off-policy: False
	Count On-policy: True
	Originally on Policy: True
	Invalid: False
	Traversal: inv,add,-1.77653721800102,mul,div,sub,add,inv,add,div,div,add,add,mul,mul,inv,x1,2.203322906435144,2.49197293871255,x1,-4.349543858852725,x1,-0.051299978228330545,x1,0.19242257976074348,1.5995998458285898,-38.718400553694195,x1
	Expression:
	                                                           1                    
	  ──────────────────────────────────────────────────────────────────────────────
	     ⎛                                               0.025827513164269595       
	  x₁⋅⎜0.036343889363828199 - ───────────────────────────────────────────────────
	     ⎜                                               ⎛                         5
	     ⎜                            19.493185660803018⋅⎜x₁ - 4.349543858852725 + ─
	     ⎜                                               ⎝                          
	     ⎜                       x₁ - ──────────────────────────────────────────────
	     ⎝                                                           x₁             

                                     
	  ─────────────────────────────────────
	                   ⎞                   
	  ─────────────────⎟ - 1.77653721800102
	  .490621058081863⎞⎟                   
	  ────────────────⎟⎟                   
	         x₁       ⎠⎟                   
	  ─────────────────⎟                   
	                   ⎠                   

[00:00:01:50.00] Training epoch 4/14, current best R: 0.5309

	** New best
	Reward: 0.5308786745712109
	Count Off-policy: False
	Count On-policy: True
	Originally on Policy: True
	Invalid: False
	Traversal: mul,-0.12921040990800273,add,inv,add,sub,mul,inv,sub,1.1021638139406245,sub,add,mul,div,3.1465429505553084,add,3.935325418164394,add,x1,x1,3.1465454431975544,x1,x1,0.00730479842274436,2.7459315021669486,x1,4.971346311810913
	Expression:
	                                                   0.12921040990800273          
	  -0.64234969474372563 - ───────────────────────────────────────────────────────
	                                                                0.00730479842274
	                         x₁ - 2.7459315021669486 + ─────────────────────────────
	                                                                           9.900
	                                                   1.1021638139406245 - ────────
	                                                                        2⋅x₁ + 3

                
	  ────────────────
	  436             
	  ────────────────
	  7403828951934   
	  ────────────────
	  .935325418164394

[00:00:03:21.26] Training epoch 7/14, current best R: 0.5311

	** New best
	Reward: 0.5310752277140866
	Count Off-policy: False
	Count On-policy: True
	Originally on Policy: True
	Invalid: False
	Traversal: add,inv,sub,inv,mul,sub,add,x1,div,div,add,div,inv,add,x1,-2.521573621954462,x1,-0.3436246435012238,3.569236852376149,3.569236856729353,2.450759881650384,2.04599720634682,1.930115764700072,-0.12302562192537915
	Expression:
	                                                                     1          
	  -0.12302562192537915 + ───────────────────────────────────────────────────────
                                                                              
	                         -1.930115764700072 + ──────────────────────────────────
                                                                              
	                                              2.04599720634682⋅x₁ - 5.0694351019
                                                                              

                                   
	  ───────────────────────────────────
	  1                                  
	  ───────────────────────────────────
	               0.1606032387177845    
	  33089 + ───────────────────────────
	          x₁⋅(x₁ - 2.521573621954462)

[00:00:03:56.17] Training epoch 8/14, current best R: 0.5315

	** New best
	Reward: 0.5314752852200534
	Count Off-policy: False
	Count On-policy: True
	Originally on Policy: True
	Invalid: False
	Traversal: mul,sub,21.571898056483494,sub,inv,div,sub,x1,mul,add,sub,mul,mul,sub,2.324683488362819,div,x1,2.418961611921075,x1,0.3052703859818804,x1,x1,x1,-0.34289628871522915,x1,-0.024046434830225272
	Expression:
                                                                              
	  -0.024046434830225272⋅x₁ - 0.51872724077949354 + ─────────────────────────────
	                                                                         2      
	                                                   0.89027031212753497⋅x₁ ⋅(2.32

	         0.024046434830225272                                   
	  ──────────────────────────────────────────────────────────────
                                                              
	  4683488362819 - 0.4134005248664639⋅x₁) - 2.9163336930440995⋅x₁

[00:00:05:04.37] Training epoch 10/14, current best R: 0.5315
[00:00:08:00.24] Ending training after epoch 14/14, current best R: 0.5315
-- RUNNING EPOCHS END ---------------

-- EVALUATION START ----------------
Saving Hall of Fame to ./log/regression_config_regression_DSR.json_Constant_2.in_normal_0.0_2023-05-30-030357/dso_regression_config_regression_DSR.json_Constant_2.in_normal_0.0_0_hof.csv
Saving Pareto Front to ./log/regression_config_regression_DSR.json_Constant_2.in_normal_0.0_2023-05-30-030357/dso_regression_config_regression_DSR.json_Constant_2.in_normal_0.0_0_pf.csv
Invalid expressions: 346 of 14336 (2.4%).
Error type counts:
  reciprocal: 240 (69.4%)
  true_divide: 106 (30.6%)
Error node counts:
  divide: 346 (100.0%)
-- EVALUATION END ------------------
== TRAINING SEED 0 END ==============
INFO: Completed run 1 of 1 in 482 s

== POST-PROCESS START =================
-- LOADING LOGS START ----------------
Successfully loaded summary data
Successfully loaded Hall of Fame data
Successfully loaded Pareto Front data
-- LOADING LOGS END ------------------

-- ANALYZING LOG START --------------
Task_____________regression
Source path______./log/regression_config_regression_DSR.json_Constant_2.in_normal_0.0_2023-05-30-030357
Runs_____________1
Max Samples/run__15000
Success_rate_____0.0
Hall of Fame (Top 5 of 100)____
    0: S=000 R=0.531475 <-- [-0.024046434830225272*x1 - 0.51872724077949354 + 0.024046434830225272/(0.89027031212753497*x1**2*(2.324683488362819 - 0.4134005248664639*x1) - 2.9163336930440995*x1)]
    1: S=000 R=0.531075 <-- [-0.12302562192537915 + 1/(-1.930115764700072 + 1/(2.04599720634682*x1 - 5.069435101933089 + 0.1606032387177845/(x1*(x1 - 2.521573621954462))))]
    2: S=000 R=0.530879 <-- [-0.6423130541497513 + 0.2034723587195891/(11.951662457496451*x1/(-7.598154019387129 + 0.17863925927816104/(x1 - 6.31035008702973/x1)) + 4.337077172137606)]
    3: S=000 R=0.530879 <-- [-0.642347883000811 + 1/(-7.7396081528432315*x1 + 21.2925003326669 + 0.6667087670583193/(-7.303314139427476 + 18.432393338379217/x1))]
    4: S=000 R=0.530879 <-- [1/(-1.5567890140514648 + 0.313141481778075/(x1 - 2.538167532330898 + 1/(33.59247252012516*x1 - 84.782015422671129)))]
  Saving Hall of Fame plot to ./log/regression_config_regression_DSR.json_Constant_2.in_normal_0.0_2023-05-30-030357/dso_regression_config_regression_DSR.json_Constant_2.in_normal_0.0_plot_hof.png
Pareto Front (5 of 13)____
    0: S=000 R=0.531475 C=29.00 <-- [-0.024046434830225272*x1 - 0.51872724077949354 + 0.024046434830225272/(0.89027031212753497*x1**2*(2.324683488362819 - 0.4134005248664639*x1) - 2.9163336930440995*x1)]
    1: S=000 R=0.530879 C=28.00 <-- [1/(-1.5567890140514648 + 0.313141481778075/(x1 - 2.538167532330898 + 1/(33.59247252012516*x1 - 84.782015422671129)))]
    2: S=000 R=0.530879 C=26.00 <-- [-0.6423475842339458 - 0.11018675515686167/(x1 + x1/(-6.793168067441687 + 1/(5.5842922083061224 - 2.154288932615893*x1)) - 2.3461318238627866)]
    3: S=000 R=0.527247 C=25.00 <-- [-0.0013973055037144454*x1**2/(x1 - 4.161189412143609 + 10.74160372138966/x1**2) - 0.59093188487753858]
    4: S=000 R=0.526867 C=23.00 <-- [-0.57644264866956109 - 0.030441399541555118/(x1*(0.56185786294149969*x1**2 - 3.161525721846181*x1 + 4.455710380634019))]
  Saving Pareto Front plot to ./log/regression_config_regression_DSR.json_Constant_2.in_normal_0.0_2023-05-30-030357/dso_regression_config_regression_DSR.json_Constant_2.in_normal_0.0_plot_pf.png
-- ANALYZING LOG END ----------------
== POST-PROCESS END ===================
