['add', 'log', 'add', 1.4, 'X_0', 'log', 'add', 1.3, 'pow', 'X_0', 2]
--------------------
eq_name 	 Constant_8
num_vars 	 1
vars_range_and_types 	 [{"name": "LogUniform", "range": [0.1, 10], "only_positive": true}]
function_set 	 ['add', 'sub', 'mul', 'div', 'sin', 'cos', 'exp', 'log', 'const']
eq_expression 	 add,log,add,1.4,X_0,log,add,1.3,pow,X_0,2
expr 	 log(X_0 + 1.4) + log(X_0**2 + 1.3)
--------------------

== EXPERIMENT SETUP START ===========
Task type            : regression
Starting seed        : 0
Runs                 : 1
== EXPERIMENT SETUP END =============

== TRAINING SEED 0 START ============
self.dataX <dso.symbolic_data_generator.DataX object at 0x2b2cd1212b70>, self.data_query_oracle: <dso.symbolic_equation_evaluator_public.Equation_evaluator object at 0x2b2cb7a69da0>
generate dataset!
-- BUILDING PRIOR START -------------
WARNING: Skipping invalid 'RelationalConstraint' with arguments {'targets': [], 'effectors': [], 'relationship': None}. Reason: Prior disabled.
WARNING: Skipping invalid 'TrigConstraint' with arguments {}. Reason: There are no target Tokens.
WARNING: Skipping invalid 'UniformArityPrior' with arguments {}. Reason: Prior disabled.
WARNING: Skipping invalid 'LanguageModelPrior' with arguments {'weight': None}. Reason: Prior disabled.
LengthConstraint: Sequences have minimum length 4.
                  Sequences have maximum length 256.
RepeatConstraint: [const] cannot occur more than 10 times.
RelationalConstraint: [inv] cannot be a child of [inv].
ConstConstraint: [const] cannot be the only unique child of [inv, add, sub, mul, div].
NoInputsConstraint: Sequences contain at least one input variable Token.
SoftLengthPrior: No description available.
-- BUILDING PRIOR END ---------------

-- RUNNING EPOCHS START -------------
gen	iter	pop_size	nevals	uncached_size	best_val              	timer  
0  	0   	1024    	1024  	1024         	(-0.9973723936044979,)	26.8819
1  	1   	1024    	791   	601          	(-0.9996039565805273,)	20.9042
2  	2   	1024    	744   	549          	(-0.9996039565805273,)	25.3902
3  	3   	1024    	758   	540          	(-0.9996039565805273,)	31.517 
4  	4   	1024    	776   	513          	(-0.9996334171163873,)	36.6019
5  	5   	1024    	775   	458          	(-0.999685420829492,) 	43.7938
6  	6   	1024    	781   	437          	(-0.9998886381250901,)	42.2045
7  	7   	1024    	770   	364          	(-0.9999025573331968,)	50.9893
8  	8   	1024    	782   	281          	(-0.9999025573331968,)	42.5745
9  	9   	1024    	762   	365          	(-0.9999088954245664,)	54.6551

--------------------------------------------------
GP Time: 375.758

Unique expressions evaluated: 5999
Total expression evaluations: 7963
--------------------------------------------------

GP -> best program this epoch:

	Reward: 0.9999088954245664
	Count Off-policy: 1
	Count On-policy: 0
	Originally on Policy: False
	Invalid: False
	Traversal: div,add,add,sub,x1,div,div,add,sub,0.5288491382911533,inv,add,inv,add,1.33336745324421,x1,x1,0.5288491381233438,x1,0.1857943406785056,x1,7.543353557957788,mul,sub,x1,add,-15.462220537920103,inv,sub,-0.0001295466280153894,mul,x1,mul,0.016092956921457395,add,3.530443335978109,x1,0.14787969981048027
	Expression:
	                                                             ⎛                  
	                                           5.382295264474055⋅⎜1.057698276414497 
	                                                             ⎜                  
	                                                             ⎜                  
	                                                             ⎝                  
	                2⋅x₁ + 7.543353557957788 - ─────────────────────────────────────
	                                                                           x₁   
	  ──────────────────────────────────────────────────────────────────────────────
	                                                                            0.14
	  0.14787969981048027⋅x₁ + 2.2865485315510676 - ────────────────────────────────
	                                                -x₁⋅(0.016092956921457395⋅x₁ + 0

	                1             ⎞               
	  - ──────────────────────────⎟               
	                   1          ⎟               
	    x₁ + ─────────────────────⎟               
	         x₁ + 1.33336745324421⎠               
	  ─────────────────────────────               
                                            
	  ────────────────────────────────────────────
	  787969981048027                             
	  ────────────────────────────────────────────
	  .056815272519542045) - 0.0001295466280153894

None

--------------------------------------------------

[00:00:06:49.23] Training epoch 1/14, current best R: 0.9999

	** New best
	Reward: 0.9999088954245664
	Count Off-policy: 1
	Count On-policy: 0
	Originally on Policy: False
	Invalid: False
	Traversal: div,add,add,sub,x1,div,div,add,sub,0.5288491382911533,inv,add,inv,add,1.33336745324421,x1,x1,0.5288491381233438,x1,0.1857943406785056,x1,7.543353557957788,mul,sub,x1,add,-15.462220537920103,inv,sub,-0.0001295466280153894,mul,x1,mul,0.016092956921457395,add,3.530443335978109,x1,0.14787969981048027
	Expression:
	                                                             ⎛                  
	                                           5.382295264474055⋅⎜1.057698276414497 
	                                                             ⎜                  
	                                                             ⎜                  
	                                                             ⎝                  
	                2⋅x₁ + 7.543353557957788 - ─────────────────────────────────────
	                                                                           x₁   
	  ──────────────────────────────────────────────────────────────────────────────
	                                                                            0.14
	  0.14787969981048027⋅x₁ + 2.2865485315510676 - ────────────────────────────────
	                                                -x₁⋅(0.016092956921457395⋅x₁ + 0

	                1             ⎞               
	  - ──────────────────────────⎟               
	                   1          ⎟               
	    x₁ + ─────────────────────⎟               
	         x₁ + 1.33336745324421⎠               
	  ─────────────────────────────               
                                            
	  ────────────────────────────────────────────
	  787969981048027                             
	  ────────────────────────────────────────────
	  .056815272519542045) - 0.0001295466280153894

10 	0   	1024    	1024  	1014         	(-0.9977448643420416,)	24.2417
11 	1   	1024    	794   	608          	(-0.9977448643420416,)	21.5044
12 	2   	1024    	770   	535          	(-0.9989508583707745,)	25.5735
13 	3   	1024    	759   	468          	(-0.999575122756745,) 	29.1851
14 	4   	1024    	750   	411          	(-0.9999427616675809,)	39.6169
15 	5   	1024    	778   	412          	(-0.9999427616675809,)	49.4765
16 	6   	1024    	763   	373          	(-0.9999433296246999,)	54.2802
17 	7   	1024    	753   	407          	(-0.9999433296246999,)	59.6596
18 	8   	1024    	773   	373          	(-0.9999446016940738,)	65.9058
19 	9   	1024    	735   	381          	(-0.9999642814850853,)	61.1557

--------------------------------------------------
GP Time: 430.853

Unique expressions evaluated: 11851
Total expression evaluations: 15862
--------------------------------------------------

GP -> best program this epoch:

	Reward: 0.9999642814850853
	Count Off-policy: 1
	Count On-policy: 0
	Originally on Policy: False
	Invalid: False
	Traversal: mul,sub,0.7005382446372365,sub,div,sub,x1,3.9876289767198685,div,sub,2.1198642880069625,sub,x1,div,mul,mul,sub,add,inv,mul,mul,0.11372305005547648,x1,add,sub,div,inv,x1,div,0.8601015846899169,x1,sub,inv,x1,div,0.03772870382647145,x1,x1,x1,-1.7375020129552834,1.946589141699831,x1,x1,x1,mul,x1,1.151680415855159,0.8556536349415899
	Expression:
	                          0.8556536349415899⋅x₁⋅(x₁ - 3.9876289767198685)       
	  - ────────────────────────────────────────────────────────────────────────────
	                                                               17.11692696203842
	    0.946589141699831⋅x₁ + 5.5020668401073162 + ────────────────────────────────
	                                                   ⎛                         0.9
	                                                x₁⋅⎜x₁ + 1.162653363044924 - ───
	                                                   ⎝                            

                                                             
	  ──────────────── + 0.9854395341175087⋅x₁ + 0.5994180954394522
	  7                                                            
	  ────────────────                                             
	  622712961735286⎞                                             
	  ───────────────⎟                                             
	       x₁        ⎠                                             

None

--------------------------------------------------

[00:00:14:28.66] Training epoch 2/14, current best R: 1.0000

	** New best
	Reward: 0.9999642814850853
	Count Off-policy: 1
	Count On-policy: 0
	Originally on Policy: False
	Invalid: False
	Traversal: mul,sub,0.7005382446372365,sub,div,sub,x1,3.9876289767198685,div,sub,2.1198642880069625,sub,x1,div,mul,mul,sub,add,inv,mul,mul,0.11372305005547648,x1,add,sub,div,inv,x1,div,0.8601015846899169,x1,sub,inv,x1,div,0.03772870382647145,x1,x1,x1,-1.7375020129552834,1.946589141699831,x1,x1,x1,mul,x1,1.151680415855159,0.8556536349415899
	Expression:
	                          0.8556536349415899⋅x₁⋅(x₁ - 3.9876289767198685)       
	  - ────────────────────────────────────────────────────────────────────────────
	                                                               17.11692696203842
	    0.946589141699831⋅x₁ + 5.5020668401073162 + ────────────────────────────────
	                                                   ⎛                         0.9
	                                                x₁⋅⎜x₁ + 1.162653363044924 - ───
	                                                   ⎝                            

                                                             
	  ──────────────── + 0.9854395341175087⋅x₁ + 0.5994180954394522
	  7                                                            
	  ────────────────                                             
	  622712961735286⎞                                             
	  ───────────────⎟                                             
	       x₁        ⎠                                             

-- RUNNING EPOCHS END ---------------

-- EVALUATION START ----------------
Saving Hall of Fame to ./log/regression_config_regression_GPMELD.json_Constant_8.in_normal_0.0_2023-05-30-033648/dso_regression_config_regression_GPMELD.json_Constant_8.in_normal_0.0_0_hof.csv
Saving Pareto Front to ./log/regression_config_regression_GPMELD.json_Constant_8.in_normal_0.0_2023-05-30-033648/dso_regression_config_regression_GPMELD.json_Constant_8.in_normal_0.0_0_pf.csv
Invalid expressions: 215 of 17910 (1.2%).
Error type counts:
  reciprocal: 150 (69.8%)
  true_divide: 65 (30.2%)
Error node counts:
  divide: 213 (99.1%)
  invalid: 2 (0.9%)
-- EVALUATION END ------------------
== TRAINING SEED 0 END ==============
INFO: Completed run 1 of 1 in 870 s

== POST-PROCESS START =================
-- LOADING LOGS START ----------------
Successfully loaded summary data
Successfully loaded Hall of Fame data
Successfully loaded Pareto Front data
-- LOADING LOGS END ------------------

-- ANALYZING LOG START --------------
Task_____________regression
Source path______./log/regression_config_regression_GPMELD.json_Constant_8.in_normal_0.0_2023-05-30-033648
Runs_____________1
Max Samples/run__15000
Success_rate_____0.0
Hall of Fame (Top 5 of 100)____
    0: S=000 R=0.999964 <-- [-0.8556536349415899*x1*(x1 - 3.9876289767198685)/(0.946589141699831*x1 + 5.5020668401073162 + 17.116926962038427/(x1*(x1 + 1.162653363044924 - 0.9622712961735286/x1))) + 0.9854395341175087*x1 + 0.5994180954394522]
    1: S=000 R=0.999964 <-- [-0.8556536349415899*x1*(x1 - 3.9876289767198685)/(0.946589141699831*x1 + 5.5020668401073162 + 17.116926962038427/(x1*(x1 + 1.162653363044924 - 0.9622712961735286/x1))) + 0.9854395341175087*x1 + 0.5994180954394522]
    2: S=000 R=0.999959 <-- [1/(x1 - 1.057785829849064 - (-x1 + 1.1520834701886822 + 2.779123784275626/(3.301475548962903*x1 + 3.3307134882589664))/(-0.9993529137726799 + 0.27978491978907666/(-x1*(-x1 - 0.47918961980790603) + 1.033012489563817)))]
    3: S=000 R=0.999959 <-- [1/(x1 - 1.057785829849064 - (-x1 + 1.1520834701886822 + 2.779123784275626/(3.301475548962903*x1 + 3.3307134882589664))/(-0.9993529137726799 + 0.27978491978907666/(-x1*(-x1 - 0.47918961980790603) + 1.033012489563817)))]
    4: S=000 R=0.999958 <-- [1/(x1 - 1.5355110202418225 - (-x1 + x1/(1.181366672110153*x1*(x1 + 1.6899014555535703) - 0.4907736796610756*x1 - 0.002004359943972662) + 1.6280865632074475)/(-0.9994051558803154 + 0.26728843344318665/(-x1*(-x1 - 0.5468686255677764) + 0.9568122323563638)))]
  Saving Hall of Fame plot to ./log/regression_config_regression_GPMELD.json_Constant_8.in_normal_0.0_2023-05-30-033648/dso_regression_config_regression_GPMELD.json_Constant_8.in_normal_0.0_plot_hof.png
Pareto Front (5 of 20)____
    0: S=000 R=0.999964 C=57.00 <-- [-0.8556536349415899*x1*(x1 - 3.9876289767198685)/(0.946589141699831*x1 + 5.5020668401073162 + 17.116926962038427/(x1*(x1 + 1.162653363044924 - 0.9622712961735286/x1))) + 0.9854395341175087*x1 + 0.5994180954394522]
    1: S=000 R=0.999959 C=45.00 <-- [1/(x1 - 1.057785829849064 - (-x1 + 1.1520834701886822 + 2.779123784275626/(3.301475548962903*x1 + 3.3307134882589664))/(-0.9993529137726799 + 0.27978491978907666/(-x1*(-x1 - 0.47918961980790603) + 1.033012489563817)))]
    2: S=000 R=0.999945 C=41.00 <-- [0.5993994665202643 + 1/(0.068373464478790119 + 0.57236426688187744/(0.6830609327545875*x1 + 1/(0.07779766728119918 + 1.2344328308486822/(x1**2*(x1 + 1.1169087045632344)))) + 0.57276449811232283/x1)]
    3: S=000 R=0.999943 C=36.00 <-- [-0.724055867427577*x1*(x1 - 8.077032008701002)/(1.1436392643890008*x1 + 6.169624209610318 + 11.375822600574117/(x1*(x1 + 0.910458560792131))) + 0.724055867427577*x1 + 0.5981138423403956]
    4: S=000 R=0.999604 C=35.00 <-- [(2*x1 + 3.4247395923929855 + 0.0040570592062774925/x1)/(0.15767512804625192*x1 + 1.7149884180531236 - 0.15767512804625192/(-x1*(0.04523511549085204*x1 + 0.0386404612717126) - 0.7775552325692031/(x1 + 20.122907429828203)))]
  Saving Pareto Front plot to ./log/regression_config_regression_GPMELD.json_Constant_8.in_normal_0.0_2023-05-30-033648/dso_regression_config_regression_GPMELD.json_Constant_8.in_normal_0.0_plot_pf.png
-- ANALYZING LOG END ----------------
== POST-PROCESS END ===================
