['pow', 'X_0', 0.426]
--------------------
eq_name 	 Constant_6
num_vars 	 1
vars_range_and_types 	 [{"name": "LogUniform", "range": [0.1, 10], "only_positive": true}]
function_set 	 ['add', 'sub', 'mul', 'div', 'sin', 'cos', 'exp', 'log', 'const']
eq_expression 	 pow,X_0,0.426
expr 	 X_0**0.426
--------------------

== EXPERIMENT SETUP START ===========
Task type            : regression
Starting seed        : 0
Runs                 : 1
== EXPERIMENT SETUP END =============

== TRAINING SEED 0 START ============
self.dataX <dso.symbolic_data_generator.DataX object at 0x2aadecad7048>, self.data_query_oracle: <dso.symbolic_equation_evaluator_public.Equation_evaluator object at 0x2aae0bb78d30>
generate dataset!
-- BUILDING PRIOR START -------------
WARNING: Skipping invalid 'RelationalConstraint' with arguments {'targets': [], 'effectors': [], 'relationship': None}. Reason: Prior disabled.
WARNING: Skipping invalid 'TrigConstraint' with arguments {}. Reason: There are no target Tokens.
WARNING: Skipping invalid 'UniformArityPrior' with arguments {}. Reason: Prior disabled.
WARNING: Skipping invalid 'LanguageModelPrior' with arguments {'weight': None}. Reason: Prior disabled.
LengthConstraint: Sequences have minimum length 4.
                  Sequences have maximum length 256.
RepeatConstraint: [const] cannot occur more than 10 times.
RelationalConstraint: [inv] cannot be a child of [inv].
ConstConstraint: [const] cannot be the only unique child of [inv, add, sub, mul, div].
NoInputsConstraint: Sequences contain at least one input variable Token.
SoftLengthPrior: No description available.
-- BUILDING PRIOR END ---------------

-- RUNNING EPOCHS START -------------
[00:00:00:30.64] Training epoch 1/14, current best R: 0.9951

	** New best
	Reward: 0.995141880991749
	Count Off-policy: False
	Count On-policy: True
	Originally on Policy: True
	Invalid: False
	Traversal: sub,mul,x1,div,div,add,x1,4.134149793793869,add,add,mul,div,1.789263338227819,add,0.3645015112462803,x1,x1,0.5108972149372133,x1,0.9110872433896245,x1
	Expression:
	    1.097589728377255⋅x₁⋅(x₁ + 4.134149793793869)       
	  ───────────────────────────────────────────────── - x₁
	         1.789263338227819⋅x₁                           
	  x₁ + ─────────────────────── + 0.5108972149372133     
	       x₁ + 0.3645015112462803                          

[00:00:00:56.69] Training epoch 2/14, current best R: 0.9954

	** New best
	Reward: 0.9954290219941128
	Count Off-policy: False
	Count On-policy: True
	Originally on Policy: True
	Invalid: False
	Traversal: add,sub,0.7420247457553196,add,div,-1.7577078429540445,add,0.34921616676438216,div,mul,add,inv,x1,div,3.5235653884249585,add,2.80051153311032,x1,x1,x1,1.2531545261666406,0.7420247457551514
	Expression:
	                                      1.7577078429540445               
	  0.2308949653438304 + ────────────────────────────────────────────────
	                                               3.5235653884249585    1 
	                       0.34921616676438216 + ───────────────────── + ──
	                                             x₁ + 2.80051153311032   x₁

[00:00:03:40.00] Training epoch 8/14, current best R: 0.9954

	** New best
	Reward: 0.9954290219960359
	Count Off-policy: False
	Count On-policy: True
	Originally on Policy: True
	Invalid: False
	Traversal: add,1.2585312130936912,inv,sub,inv,sub,1.8178257549363377,inv,div,x1,add,add,0.6008031806551162,div,div,x1,add,2.8005061791320096,x1,0.47237452309206207,x1,0.9731070125861392
	Expression:
	                                                                    1           
	  1.2585312130936912 + ─────────────────────────────────────────────────────────
	                                                                               1
	                       -0.9731070125861392 + ───────────────────────────────────
	                                                                        2.116964
	                                                                  x₁ + ─────────
	                                                                       x₁ + 2.80
	                                             1.8178257549363377 - ──────────────
                                                                              

                                   
	  ───────────────────────────────────
                                   
	  ───────────────────────────────────
	  2965802114⋅x₁                      
	  ────────────── + 0.6008031806551162
	  05061791320096                     
	  ───────────────────────────────────
	            x₁                       

[00:00:04:38.80] Training epoch 10/14, current best R: 0.9954
[00:00:05:09.53] Training epoch 11/14, current best R: 0.9988

	** New best
	Reward: 0.9987643509308768
	Count Off-policy: False
	Count On-policy: True
	Originally on Policy: True
	Invalid: False
	Traversal: mul,sub,sub,add,inv,div,div,add,div,x1,add,inv,div,mul,sub,add,2.875446975943899,x1,-0.8771719715623908,35.48776927033871,-98.5974502866007,1.1401733232352103,0.8596141675086645,24.148145691172463,x1,x1,-1.209626035814503,-1.2096260357833315,0.0799705140035294
	Expression:
	                                                          0.0799705140035294⋅x₁ 
	  0.0799705140035294⋅x₁ + ──────────────────────────────────────────────────────
	                                               0.0414110471581906⋅x₁            
	                          ──────────────────────────────────────────────────────
	                                                                   1            
	                          1.1401733232352103 + ─────────────────────────────────
	                                               -0.3599258314204243⋅x₁ - 1.350664

                                                      
	  ──────────────────────────────── + 0.19346883166978215
                                                      
	  ───────── + 0.035597522828550059                      
                                                      
	  ─────────                                             
	  494685239                                             

[00:00:05:43.77] Training epoch 12/14, current best R: 0.9988

	** New best
	Reward: 0.9987643940592782
	Count Off-policy: False
	Count On-policy: True
	Originally on Policy: True
	Invalid: False
	Traversal: add,div,x1,div,add,x1,4.4430923961841975,div,add,mul,div,add,sub,inv,add,0.2903961216558438,x1,x1,div,-5.030075469079903,x1,8.764802013265024,8.465084565007949,x1,0.4275807869197919,2.750655619421713
	Expression:
	     ⎛                            2.258764785809864      11.36175733952372⎞     
	  x₁⋅⎜0.07997453688937074⋅x₁ + ─────────────────────── - ─────────────────⎟     
	     ⎝                         x₁ + 0.2903961216558438           x₁       ⎠     
	  ───────────────────────────────────────────────────────────────────────── + 2.
	                           x₁ + 4.4430923961841975                              

               
               
               
	  750655619421713
               

[00:00:06:55.16] Ending training after epoch 14/14, current best R: 0.9988
-- RUNNING EPOCHS END ---------------

-- EVALUATION START ----------------
Saving Hall of Fame to ./log/regression_config_regression_PQT.json_Constant_6.in_normal_0.0_2023-05-30-032237/dso_regression_config_regression_PQT.json_Constant_6.in_normal_0.0_0_hof.csv
Saving Pareto Front to ./log/regression_config_regression_PQT.json_Constant_6.in_normal_0.0_2023-05-30-032237/dso_regression_config_regression_PQT.json_Constant_6.in_normal_0.0_0_pf.csv
Invalid expressions: 387 of 14336 (2.7%).
Error type counts:
  true_divide: 138 (35.7%)
  reciprocal: 249 (64.3%)
Error node counts:
  divide: 387 (100.0%)

Priority queue entry 0:
	Reward: 0.9987643940592782
	Count Off-policy: False
	Count On-policy: True
	Originally on Policy: True
	Invalid: False
	Traversal: add,div,x1,div,add,x1,4.4430923961841975,div,add,mul,div,add,sub,inv,add,0.2903961216558438,x1,x1,div,-5.030075469079903,x1,8.764802013265024,8.465084565007949,x1,0.4275807869197919,2.750655619421713
	Expression:
	     ⎛                            2.258764785809864      11.36175733952372⎞     
	  x₁⋅⎜0.07997453688937074⋅x₁ + ─────────────────────── - ─────────────────⎟     
	     ⎝                         x₁ + 0.2903961216558438           x₁       ⎠     
	  ───────────────────────────────────────────────────────────────────────── + 2.
	                           x₁ + 4.4430923961841975                              

               
               
               
	  750655619421713
               


Priority queue entry 1:
	Reward: 0.9987643509308768
	Count Off-policy: False
	Count On-policy: True
	Originally on Policy: True
	Invalid: False
	Traversal: mul,sub,sub,add,inv,div,div,add,div,x1,add,inv,div,mul,sub,add,2.875446975943899,x1,-0.8771719715623908,35.48776927033871,-98.5974502866007,1.1401733232352103,0.8596141675086645,24.148145691172463,x1,x1,-1.209626035814503,-1.2096260357833315,0.0799705140035294
	Expression:
	                                                          0.0799705140035294⋅x₁ 
	  0.0799705140035294⋅x₁ + ──────────────────────────────────────────────────────
	                                               0.0414110471581906⋅x₁            
	                          ──────────────────────────────────────────────────────
	                                                                   1            
	                          1.1401733232352103 + ─────────────────────────────────
	                                               -0.3599258314204243⋅x₁ - 1.350664

                                                      
	  ──────────────────────────────── + 0.19346883166978215
                                                      
	  ───────── + 0.035597522828550059                      
                                                      
	  ─────────                                             
	  494685239                                             


Priority queue entry 2:
	Reward: 0.9981430272116305
	Count Off-policy: False
	Count On-policy: True
	Originally on Policy: True
	Invalid: False
	Traversal: add,inv,sub,-1.1049216796197212,x1,inv,div,sub,add,0.8627824600313035,div,sub,-0.0023380503465158997,div,x1,sub,x1,-4.863681640670533,x1,0.9167584915819331,-0.33472638319605624
	Expression:
	             1                                                            1     
	  ──────────────────────── + ───────────────────────────────────────────────────
	  -x₁ - 1.1049216796197212                                            ⎛         
	                                                   2.9875147290504409⋅⎜- ───────
	                                                                      ⎝  x₁ + 4.
	                             0.16125418927319721 - ─────────────────────────────
                                                                              

                                        
	  ────────────────────────────────────────
	     x₁                                  ⎞
	  ─────────────── - 0.0023380503465158997⎟
	  863681640670533                        ⎠
	  ────────────────────────────────────────
	       x₁                                 


Priority queue entry 3:
	Reward: 0.997491894101212
	Count Off-policy: False
	Count On-policy: True
	Originally on Policy: True
	Invalid: False
	Traversal: sub,mul,add,-0.004309976656123645,div,0.1830872807089684,x1,sub,add,0.9243344593590982,mul,x1,add,div,-6.139367027695264,add,1.1651054935128884,x1,x1,0.9793932667597743,-1.3389577547359863
	Expression:
	  ⎛                        0.1830872807089684⎞ ⎛   ⎛        6.139367027695264   
	  ⎜-0.004309976656123645 + ──────────────────⎟⋅⎜x₁⋅⎜x₁ - ───────────────────────
	  ⎝                                x₁        ⎠ ⎝   ⎝     x₁ + 1.1651054935128884

	  ⎞                      ⎞                     
	  ⎟ - 0.05505880740067609⎟ + 1.3389577547359863
	  ⎠                      ⎠                     


Priority queue entry 4:
	Reward: 0.9954290219960359
	Count Off-policy: False
	Count On-policy: True
	Originally on Policy: True
	Invalid: False
	Traversal: add,1.2585312130936912,inv,sub,inv,sub,1.8178257549363377,inv,div,x1,add,add,0.6008031806551162,div,div,x1,add,2.8005061791320096,x1,0.47237452309206207,x1,0.9731070125861392
	Expression:
	                                                                    1           
	  1.2585312130936912 + ─────────────────────────────────────────────────────────
	                                                                               1
	                       -0.9731070125861392 + ───────────────────────────────────
	                                                                        2.116964
	                                                                  x₁ + ─────────
	                                                                       x₁ + 2.80
	                                             1.8178257549363377 - ──────────────
                                                                              

                                   
	  ───────────────────────────────────
                                   
	  ───────────────────────────────────
	  2965802114⋅x₁                      
	  ────────────── + 0.6008031806551162
	  05061791320096                     
	  ───────────────────────────────────
	            x₁                       


Priority queue entry 5:
	Reward: 0.9954290219941128
	Count Off-policy: False
	Count On-policy: True
	Originally on Policy: True
	Invalid: False
	Traversal: add,sub,0.7420247457553196,add,div,-1.7577078429540445,add,0.34921616676438216,div,mul,add,inv,x1,div,3.5235653884249585,add,2.80051153311032,x1,x1,x1,1.2531545261666406,0.7420247457551514
	Expression:
	                                      1.7577078429540445               
	  0.2308949653438304 + ────────────────────────────────────────────────
	                                               3.5235653884249585    1 
	                       0.34921616676438216 + ───────────────────── + ──
	                                             x₁ + 2.80051153311032   x₁


Priority queue entry 6:
	Reward: 0.9954290219928793
	Count Off-policy: False
	Count On-policy: True
	Originally on Policy: True
	Invalid: False
	Traversal: add,div,x1,mul,add,add,mul,add,div,5.400377047802851,add,add,5.601065217112048,x1,x1,0.267610771414044,x1,0.3831613316878903,0.3831613316879137,0.7424087574466571,0.23089533523889172
	Expression:
	                                              x₁                                
	  ──────────────────────────────────────────────────────────────────────────────
	                        ⎛                       5.400377047802851    ⎞          
	  0.7424087574466571⋅x₁⋅⎜0.267610771414044 + ────────────────────────⎟ + 0.56892
	                        ⎝                    2⋅x₁ + 5.601065217112048⎠          

                                 
	  ─────────── + 0.23089533523889172
                                 
	  46563200435                      
                                 


Priority queue entry 7:
	Reward: 0.995429021992138
	Count Off-policy: False
	Count On-policy: True
	Originally on Policy: True
	Invalid: False
	Traversal: inv,sub,0.18996204454341883,div,1.5338708590338068,div,sub,sub,add,div,-0.7132424132648815,add,inv,add,-0.7569482923743222,x1,0.7267179598721749,0.11547170212359731,1.8836206924703682,x1,1.5338734179468834
	Expression:
	                                                          1                     
	  ──────────────────────────────────────────────────────────────────────────────
	                                                             1.5338708590338068 
	  0.18996204454341883 - ────────────────────────────────────────────────────────
                                                                              
	                        -0.65194427929947285⋅x₁ - 1.1527346192057161 - ─────────
                                                                              
	                                                                       0.7267179
                                                                              

                                   
	  ───────────────────────────────────
                                   
	  ───────────────────────────────────
	     0.46499431108178994             
	  ───────────────────────────────────
	                         1           
	  598721749 + ───────────────────────
	              x₁ - 0.7569482923743222


Priority queue entry 8:
	Reward: 0.995429019861561
	Count Off-policy: False
	Count On-policy: True
	Originally on Policy: True
	Invalid: False
	Traversal: add,inv,add,sub,div,add,mul,div,div,mul,add,div,x1,add,x1,2.799946215794298,x1,x1,1.1122303185779567,x1,2.2293195630649802,0.5688827667206673,x1,1.9013749030535054,0.09570196906053458,0.23088485364893496
	Expression:
	                                                                    1           
	  0.23088485364893496 + ────────────────────────────────────────────────────────
	                                                                      2.00436863
	                                              2.0043686328523027⋅x₁ + ──────────
	                                                                      x₁ + 2.799
	                        -1.8056729339929708 + ──────────────────────────────────
	                                                                               x

                                 
	  ─────────────────────────────────
	  28523027⋅x₁                      
	  ──────────── + 0.5688827667206673
	  946215794298                     
	  ─────────────────────────────────
	  ₁                                


Priority queue entry 9:
	Reward: 0.9954290182943569
	Count Off-policy: False
	Count On-policy: True
	Originally on Policy: True
	Invalid: False
	Traversal: mul,mul,add,0.3681102604334785,inv,add,div,add,add,x1,inv,x1,4.41616891014027,sub,x1,-2.8014645848194153,-0.875381664619108,0.7920304908029828,0.7920304908026312
	Expression:
	                                      0.6273122983613353              
	  0.2309200935229151 + ───────────────────────────────────────────────
	                                                                    1 
	                                            x₁ + 4.41616891014027 + ──
	                                                                    x₁
	                       -0.875381664619108 + ──────────────────────────
	                                             x₁ + 2.8014645848194153  

-- EVALUATION END ------------------
== TRAINING SEED 0 END ==============
INFO: Completed run 1 of 1 in 417 s

== POST-PROCESS START =================
-- LOADING LOGS START ----------------
Successfully loaded summary data
Successfully loaded Hall of Fame data
Successfully loaded Pareto Front data
-- LOADING LOGS END ------------------

-- ANALYZING LOG START --------------
Task_____________regression
Source path______./log/regression_config_regression_PQT.json_Constant_6.in_normal_0.0_2023-05-30-032237
Runs_____________1
Max Samples/run__15000
Success_rate_____0.0
Hall of Fame (Top 5 of 100)____
    0: S=000 R=0.998764 <-- [x1*(0.07997453688937074*x1 + 2.258764785809864/(x1 + 0.2903961216558438) - 11.36175733952372/x1)/(x1 + 4.4430923961841975) + 2.750655619421713]
    1: S=000 R=0.998764 <-- [0.0799705140035294*x1 + 0.0799705140035294*x1/(0.0414110471581906*x1/(1.1401733232352103 + 1/(-0.3599258314204243*x1 - 1.350664494685239)) + 0.035597522828550059) + 0.19346883166978215]
    2: S=000 R=0.998764 <-- [x1*(2.325240491667941 - 1.910547486769864/(0.8508806868121752 + 0.5424730886629859/(x1 + 3.7667508512689496) + 0.2930109888997211/x1)) + 0.19344093151059716]
    3: S=000 R=0.998143 <-- [1/(-x1 - 1.1049216796197212) + 1/(0.16125418927319721 - 2.9875147290504409*(-x1/(x1 + 4.863681640670533) - 0.0023380503465158997)/x1)]
    4: S=000 R=0.997492 <-- [(-0.004309976656123645 + 0.1830872807089684/x1)*(x1*(x1 - 6.139367027695264/(x1 + 1.1651054935128884)) - 0.05505880740067609) + 1.3389577547359863]
  Saving Hall of Fame plot to ./log/regression_config_regression_PQT.json_Constant_6.in_normal_0.0_2023-05-30-032237/dso_regression_config_regression_PQT.json_Constant_6.in_normal_0.0_plot_hof.png
Pareto Front (5 of 12)____
    0: S=000 R=0.998764 C=32.00 <-- [x1*(0.07997453688937074*x1 + 2.258764785809864/(x1 + 0.2903961216558438) - 11.36175733952372/x1)/(x1 + 4.4430923961841975) + 2.750655619421713]
    1: S=000 R=0.998764 C=24.00 <-- [x1*(2.325240491667941 - 1.910547486769864/(0.8508806868121752 + 0.5424730886629859/(x1 + 3.7667508512689496) + 0.2930109888997211/x1)) + 0.19344093151059716]
    2: S=000 R=0.997492 C=23.00 <-- [(-0.004309976656123645 + 0.1830872807089684/x1)*(x1*(x1 - 6.139367027695264/(x1 + 1.1651054935128884)) - 0.05505880740067609) + 1.3389577547359863]
    3: S=000 R=0.995429 C=22.00 <-- [0.2309200935229151 + 0.6273122983613353/(-0.875381664619108 + (x1 + 4.41616891014027 + 1/x1)/(x1 + 2.8014645848194153))]
    4: S=000 R=0.995142 C=21.00 <-- [x1/((-211.35418039086713 - 152.19895475586202/x1)/(x1 + 23.290951176414236 + 15.039509082305452/x1) + 10.246820662470697)]
  Saving Pareto Front plot to ./log/regression_config_regression_PQT.json_Constant_6.in_normal_0.0_2023-05-30-032237/dso_regression_config_regression_PQT.json_Constant_6.in_normal_0.0_plot_pf.png
-- ANALYZING LOG END ----------------
== POST-PROCESS END ===================
