['add', 'mul', 2.12, 'pow', 'X_0', 2, 'add', 'mul', 3.39, 'pow', 'X_0', 3, 'mul', 1.78, 'X_0']
--------------------
eq_name 	 Constant_1
num_vars 	 1
vars_range_and_types 	 [{"name": "LogUniform", "range": [0.1, 10], "only_positive": true}]
function_set 	 ['add', 'sub', 'mul', 'div', 'sin', 'cos', 'exp', 'log', 'const']
eq_expression 	 add,mul,2.12,pow,X_0,2,add,mul,3.39,pow,X_0,3,mul,1.78,X_0
expr 	 3.39*X_0**3 + 2.12*X_0**2 + 1.78*X_0
--------------------

== EXPERIMENT SETUP START ===========
Task type            : regression
Starting seed        : 0
Runs                 : 1
== EXPERIMENT SETUP END =============

== TRAINING SEED 0 START ============
self.dataX <dso.symbolic_data_generator.DataX object at 0x2b47b74967f0>, self.data_query_oracle: <dso.symbolic_equation_evaluator_public.Equation_evaluator object at 0x2b47a1d2fda0>
generate dataset!
-- BUILDING PRIOR START -------------
WARNING: Skipping invalid 'RelationalConstraint' with arguments {'targets': [], 'effectors': [], 'relationship': None}. Reason: Prior disabled.
WARNING: Skipping invalid 'TrigConstraint' with arguments {}. Reason: There are no target Tokens.
WARNING: Skipping invalid 'UniformArityPrior' with arguments {}. Reason: Prior disabled.
WARNING: Skipping invalid 'LanguageModelPrior' with arguments {'weight': None}. Reason: Prior disabled.
LengthConstraint: Sequences have minimum length 4.
                  Sequences have maximum length 256.
RepeatConstraint: [const] cannot occur more than 10 times.
RelationalConstraint: [inv] cannot be a child of [inv].
ConstConstraint: [const] cannot be the only unique child of [inv, add, sub, mul, div].
NoInputsConstraint: Sequences contain at least one input variable Token.
SoftLengthPrior: No description available.
-- BUILDING PRIOR END ---------------

-- RUNNING EPOCHS START -------------
[00:00:00:19.52] Training epoch 1/14, current best R: 1.0000

	** New best
	Reward: 0.9999999932520933
	Count Off-policy: False
	Count On-policy: True
	Originally on Policy: True
	Invalid: False
	Traversal: sub,inv,div,div,inv,x1,sub,mul,-3.390000262064869,sub,div,sub,div,add,add,x1,x1,7.441816524887844e-07,x1,2.8200615840709187,x1,x1,-2.1199967599805976,x1,x1
	Expression:
	      ⎛                                                              ⎛          
	      ⎜                                            3.390000262064869⋅⎜-2.8200615
	    2 ⎜                                                              ⎝          
	  x₁ ⋅⎜3.390000262064869⋅x₁ + 2.1199967599805976 - ─────────────────────────────
	      ⎝                                                                         

	              2⋅x₁ + 7.441816524887844e-7⎞⎞     
	  840709187 + ───────────────────────────⎟⎟     
	                           x₁            ⎠⎟     
	  ────────────────────────────────────────⎟ - x₁
	       x₁                                 ⎠     

[00:00:00:19.70] Early stopping criteria met; breaking early.
-- RUNNING EPOCHS END ---------------

-- EVALUATION START ----------------
Saving Hall of Fame to ./log/regression_config_regression_PQT.json_Constant_1.in_normal_0.0_2023-05-30-030250/dso_regression_config_regression_PQT.json_Constant_1.in_normal_0.0_0_hof.csv
Saving Pareto Front to ./log/regression_config_regression_PQT.json_Constant_1.in_normal_0.0_2023-05-30-030250/dso_regression_config_regression_PQT.json_Constant_1.in_normal_0.0_0_pf.csv
Invalid expressions: 43 of 1024 (4.2%).
Error type counts:
  reciprocal: 32 (74.4%)
  true_divide: 11 (25.6%)
Error node counts:
  divide: 43 (100.0%)

Priority queue entry 0:
	Reward: 0.9999999932520933
	Count Off-policy: False
	Count On-policy: True
	Originally on Policy: True
	Invalid: False
	Traversal: sub,inv,div,div,inv,x1,sub,mul,-3.390000262064869,sub,div,sub,div,add,add,x1,x1,7.441816524887844e-07,x1,2.8200615840709187,x1,x1,-2.1199967599805976,x1,x1
	Expression:
	      ⎛                                                              ⎛          
	      ⎜                                            3.390000262064869⋅⎜-2.8200615
	    2 ⎜                                                              ⎝          
	  x₁ ⋅⎜3.390000262064869⋅x₁ + 2.1199967599805976 - ─────────────────────────────
	      ⎝                                                                         

	              2⋅x₁ + 7.441816524887844e-7⎞⎞     
	  840709187 + ───────────────────────────⎟⎟     
	                           x₁            ⎠⎟     
	  ────────────────────────────────────────⎟ - x₁
	       x₁                                 ⎠     

-- EVALUATION END ------------------
== TRAINING SEED 0 END ==============
INFO: Completed run 1 of 1 in 21 s

== POST-PROCESS START =================
-- LOADING LOGS START ----------------
Successfully loaded summary data
Successfully loaded Hall of Fame data
Successfully loaded Pareto Front data
-- LOADING LOGS END ------------------

-- ANALYZING LOG START --------------
Task_____________regression
Source path______./log/regression_config_regression_PQT.json_Constant_1.in_normal_0.0_2023-05-30-030250
Runs_____________1
Max Samples/run__15000
Success_rate_____1.0
Hall of Fame (Top 5 of 100)____
    0: S=000 R=1.000000 <-- [x1**2*(3.390000262064869*x1 + 2.1199967599805976 - 3.390000262064869*(-2.8200615840709187 + (2*x1 + 7.441816524887844e-7)/x1)/x1) - x1]
    1: S=000 R=1.000000 <-- [x1*(1.694999700704529*x1 + 1.694999700704529*(x1 - 1.0011075347005558)*(2*x1 + 2.252952818439778) + 5.603038373833817) - 8.558082069969255e-5]
    2: S=000 R=0.999999 <-- [4.644434226011849*x1*(x1 + 0.38348912121506595 - 1/(-5.569040430021265e-8 + 0.7793420991831399/(x1*(0.4236916395067182 - 0.5688557504541228*x1))))]
    3: S=000 R=0.999997 <-- [x1*(3.3899108748914794*x1**3/(x1 - 0.034169017981425485) + 2.0053364549405006*x1 + 1.7726553712427919)]
    4: S=000 R=0.999997 <-- [1.3352943867326223*x1**2*(2.5388358624545092*x1 + 1.5867258264964296) + 1.7839095947836113*x1]
  Saving Hall of Fame plot to ./log/regression_config_regression_PQT.json_Constant_1.in_normal_0.0_2023-05-30-030250/dso_regression_config_regression_PQT.json_Constant_1.in_normal_0.0_plot_hof.png
Pareto Front (5 of 9)____
    0: S=000 R=1.000000 C=31.00 <-- [x1**2*(3.390000262064869*x1 + 2.1199967599805976 - 3.390000262064869*(-2.8200615840709187 + (2*x1 + 7.441816524887844e-7)/x1)/x1) - x1]
    1: S=000 R=1.000000 C=25.00 <-- [x1*(1.694999700704529*x1 + 1.694999700704529*(x1 - 1.0011075347005558)*(2*x1 + 2.252952818439778) + 5.603038373833817) - 8.558082069969255e-5]
    2: S=000 R=0.999795 C=24.00 <-- [1.6979190871509374*x1*(x1*(2*x1 + 3.2050307579554349) - 2*x1) + 1.9629854631984067*x1]
    3: S=000 R=0.999325 C=19.00 <-- [x1**2*(3.37038881605003*x1 + 2.3807083903911488) + x1]
    4: S=000 R=0.980508 C=18.00 <-- [3.6723587691021992*x1**3 + 0.31107336208416404/x1]
  Saving Pareto Front plot to ./log/regression_config_regression_PQT.json_Constant_1.in_normal_0.0_2023-05-30-030250/dso_regression_config_regression_PQT.json_Constant_1.in_normal_0.0_plot_pf.png
-- ANALYZING LOG END ----------------
== POST-PROCESS END ===================
