['pow', 'X_0', 0.426]
--------------------
eq_name 	 Constant_6
num_vars 	 1
vars_range_and_types 	 [{"name": "LogUniform", "range": [0.1, 10], "only_positive": true}]
function_set 	 ['add', 'sub', 'mul', 'div', 'sin', 'cos', 'exp', 'log', 'const']
eq_expression 	 pow,X_0,0.426
expr 	 X_0**0.426
--------------------

== EXPERIMENT SETUP START ===========
Task type            : regression
Starting seed        : 0
Runs                 : 1
== EXPERIMENT SETUP END =============

== TRAINING SEED 0 START ============
self.dataX <dso.symbolic_data_generator.DataX object at 0x2b176a18b0f0>, self.data_query_oracle: <dso.symbolic_equation_evaluator_public.Equation_evaluator object at 0x2b178922dda0>
generate dataset!
-- BUILDING PRIOR START -------------
WARNING: Skipping invalid 'RelationalConstraint' with arguments {'targets': [], 'effectors': [], 'relationship': None}. Reason: Prior disabled.
WARNING: Skipping invalid 'TrigConstraint' with arguments {}. Reason: There are no target Tokens.
WARNING: Skipping invalid 'UniformArityPrior' with arguments {}. Reason: Prior disabled.
WARNING: Skipping invalid 'LanguageModelPrior' with arguments {'weight': None}. Reason: Prior disabled.
LengthConstraint: Sequences have minimum length 4.
                  Sequences have maximum length 256.
RepeatConstraint: [const] cannot occur more than 10 times.
RelationalConstraint: [inv] cannot be a child of [inv].
ConstConstraint: [const] cannot be the only unique child of [inv, add, sub, mul, div].
NoInputsConstraint: Sequences contain at least one input variable Token.
SoftLengthPrior: No description available.
-- BUILDING PRIOR END ---------------

-- RUNNING EPOCHS START -------------
gen	iter	pop_size	nevals	uncached_size	best_val              	timer  
0  	0   	1024    	1024  	1024         	(-0.9952166188668177,)	26.3029
1  	1   	1024    	793   	593          	(-0.9974775699393013,)	18.7043
2  	2   	1024    	774   	590          	(-0.9994706497882466,)	29.036 
3  	3   	1024    	740   	530          	(-0.999548488204711,) 	29.2532
4  	4   	1024    	781   	548          	(-0.9998778685209467,)	39.0963
5  	5   	1024    	786   	536          	(-0.9998778685209467,)	49.8371
6  	6   	1024    	775   	519          	(-0.9998778685209467,)	53.7342
7  	7   	1024    	742   	471          	(-0.9998778685209467,)	54.7697
8  	8   	1024    	789   	485          	(-0.9998778685209467,)	55.9076
9  	9   	1024    	784   	439          	(-0.9999129054265251,)	49.4435

--------------------------------------------------
GP Time: 406.33

Unique expressions evaluated: 6634
Total expression evaluations: 7988
--------------------------------------------------

GP -> best program this epoch:

	Reward: 0.9999129054265251
	Count Off-policy: 1
	Count On-policy: 0
	Originally on Policy: False
	Invalid: False
	Traversal: div,div,sub,sub,add,div,add,-9.338622187607045,x1,add,2.9318854052939303,x1,add,x1,div,0.6424129617555205,x1,div,x1,68.63415734225944,-7.9981786858301485,sub,add,x1,div,add,inv,add,add,add,x1,x1,x1,-0.0015448165498984944,16.20679553966913,x1,-40.316462583230575,0.1297260305709238
	Expression:
	                    ⎛                         x₁ - 9.338622187607045            
	  7.708553137708782⋅⎜0.9854299952279842⋅x₁ + ─────────────────────── + 7.9981786
	                    ⎝                        x₁ + 2.9318854052939303            
	  ──────────────────────────────────────────────────────────────────────────────
	                                                                               1
	                                              16.20679553966913 + ──────────────
	                                                                  3⋅x₁ - 0.00154
	                    x₁ + 40.316462583230575 + ──────────────────────────────────
	                                                                     x₁         

	              0.6424129617555205⎞
	  858301485 + ──────────────────⎟
	                      x₁        ⎠
	  ───────────────────────────────
                               
	  ──────────────                 
	  48165498984944                 
	  ──────────────                 
                               

None

--------------------------------------------------

[00:00:07:13.52] Training epoch 1/14, current best R: 0.9999

	** New best
	Reward: 0.9999129054265251
	Count Off-policy: 1
	Count On-policy: 0
	Originally on Policy: False
	Invalid: False
	Traversal: div,div,sub,sub,add,div,add,-9.338622187607045,x1,add,2.9318854052939303,x1,add,x1,div,0.6424129617555205,x1,div,x1,68.63415734225944,-7.9981786858301485,sub,add,x1,div,add,inv,add,add,add,x1,x1,x1,-0.0015448165498984944,16.20679553966913,x1,-40.316462583230575,0.1297260305709238
	Expression:
	                    ⎛                         x₁ - 9.338622187607045            
	  7.708553137708782⋅⎜0.9854299952279842⋅x₁ + ─────────────────────── + 7.9981786
	                    ⎝                        x₁ + 2.9318854052939303            
	  ──────────────────────────────────────────────────────────────────────────────
	                                                                               1
	                                              16.20679553966913 + ──────────────
	                                                                  3⋅x₁ - 0.00154
	                    x₁ + 40.316462583230575 + ──────────────────────────────────
	                                                                     x₁         

	              0.6424129617555205⎞
	  858301485 + ──────────────────⎟
	                      x₁        ⎠
	  ───────────────────────────────
                               
	  ──────────────                 
	  48165498984944                 
	  ──────────────                 
                               

10 	0   	1024    	1024  	1018         	(-0.9954994269957851,)	23.1538
11 	1   	1024    	767   	553          	(-0.9971771156419578,)	19.6796
12 	2   	1024    	753   	531          	(-0.9987271287969918,)	27.4273
13 	3   	1024    	766   	520          	(-0.9995690293571168,)	32.6101
14 	4   	1024    	755   	481          	(-0.9997601572884219,)	37.1568
15 	5   	1024    	760   	478          	(-0.9997601572884219,)	50.9094
16 	6   	1024    	793   	468          	(-0.9998277348606833,)	58.0963
17 	7   	1024    	777   	449          	(-0.9998855641768599,)	59.4255
18 	8   	1024    	760   	401          	(-0.9998855641768599,)	52.0075
19 	9   	1024    	747   	354          	(-0.9999154150738102,)	43.4097

--------------------------------------------------
GP Time: 404.126

Unique expressions evaluated: 12790
Total expression evaluations: 15890
--------------------------------------------------

GP -> best program this epoch:

	Reward: 0.9999154150738102
	Count Off-policy: 1
	Count On-policy: 0
	Originally on Policy: False
	Invalid: False
	Traversal: mul,sub,inv,add,add,mul,0.5394477669277707,x1,0.17097270523361743,inv,div,6.196858284068423,add,1.4800581541242224,div,x1,add,0.18519921848730211,x1,sub,x1,-2.834377241099436,sub,-0.05840868525140552,div,inv,add,sub,x1,-3.678548514332248,5.638132150143751,0.34024814833866307
	Expression:
	  ⎛                         2.9390314242200037  ⎞ ⎛                             
	  ⎜-0.05840868525140552 - ──────────────────────⎟⋅⎜-x₁ - 2.834377241099436 + ───
	  ⎝                       x₁ + 9.316680664475999⎠ ⎜                             
	                                                  ⎜                          0.5
	                                                  ⎝                             

	                                 1                                   ⎞
	  ───────────────────────────────────────────────────────────────────⎟
	                         0.161372094399982⋅x₁                        ⎟
	  394477669277707⋅x₁ + ──────────────────────── + 0.40981278939841455⎟
	                       x₁ + 0.18519921848730211                      ⎠

None

--------------------------------------------------

[00:00:14:30.23] Training epoch 2/14, current best R: 0.9999

	** New best
	Reward: 0.9999154150738102
	Count Off-policy: 1
	Count On-policy: 0
	Originally on Policy: False
	Invalid: False
	Traversal: mul,sub,inv,add,add,mul,0.5394477669277707,x1,0.17097270523361743,inv,div,6.196858284068423,add,1.4800581541242224,div,x1,add,0.18519921848730211,x1,sub,x1,-2.834377241099436,sub,-0.05840868525140552,div,inv,add,sub,x1,-3.678548514332248,5.638132150143751,0.34024814833866307
	Expression:
	  ⎛                         2.9390314242200037  ⎞ ⎛                             
	  ⎜-0.05840868525140552 - ──────────────────────⎟⋅⎜-x₁ - 2.834377241099436 + ───
	  ⎝                       x₁ + 9.316680664475999⎠ ⎜                             
	                                                  ⎜                          0.5
	                                                  ⎝                             

	                                 1                                   ⎞
	  ───────────────────────────────────────────────────────────────────⎟
	                         0.161372094399982⋅x₁                        ⎟
	  394477669277707⋅x₁ + ──────────────────────── + 0.40981278939841455⎟
	                       x₁ + 0.18519921848730211                      ⎠

-- RUNNING EPOCHS END ---------------

-- EVALUATION START ----------------
Saving Hall of Fame to ./log/regression_config_regression_GPMELD.json_Constant_6.in_normal_0.0_2023-05-30-032248/dso_regression_config_regression_GPMELD.json_Constant_6.in_normal_0.0_0_hof.csv
Saving Pareto Front to ./log/regression_config_regression_GPMELD.json_Constant_6.in_normal_0.0_2023-05-30-032248/dso_regression_config_regression_GPMELD.json_Constant_6.in_normal_0.0_0_pf.csv
Invalid expressions: 249 of 17938 (1.4%).
Error type counts:
  reciprocal: 152 (61.0%)
  true_divide: 97 (39.0%)
Error node counts:
  divide: 249 (100.0%)
-- EVALUATION END ------------------
== TRAINING SEED 0 END ==============
INFO: Completed run 1 of 1 in 872 s

== POST-PROCESS START =================
-- LOADING LOGS START ----------------
Successfully loaded summary data
Successfully loaded Hall of Fame data
Successfully loaded Pareto Front data
-- LOADING LOGS END ------------------

-- ANALYZING LOG START --------------
Task_____________regression
Source path______./log/regression_config_regression_GPMELD.json_Constant_6.in_normal_0.0_2023-05-30-032248
Runs_____________1
Max Samples/run__15000
Success_rate_____0.0
Hall of Fame (Top 5 of 100)____
    0: S=000 R=0.999915 <-- [(-0.05840868525140552 - 2.9390314242200037/(x1 + 9.316680664475999))*(-x1 - 2.834377241099436 + 1/(0.5394477669277707*x1 + 0.161372094399982*x1/(x1 + 0.18519921848730211) + 0.40981278939841455))]
    1: S=000 R=0.999915 <-- [(-0.05840868525140552 - 2.9390314242200037/(x1 + 9.316680664475999))*(-x1 - 2.834377241099436 + 1/(0.5394477669277707*x1 + 0.161372094399982*x1/(x1 + 0.18519921848730211) + 0.40981278939841455))]
    2: S=000 R=0.999913 <-- [7.708553137708782*(0.9854299952279842*x1 + (x1 - 9.338622187607045)/(x1 + 2.9318854052939303) + 7.9981786858301485 + 0.6424129617555205/x1)/(x1 + 40.316462583230575 + (16.20679553966913 + 1/(3*x1 - 0.0015448165498984944))/x1)]
    3: S=000 R=0.999913 <-- [7.708553137708782*(0.9854299952279842*x1 + (x1 - 9.338622187607045)/(x1 + 2.9318854052939303) + 7.9981786858301485 + 0.6424129617555205/x1)/(x1 + 40.316462583230575 + (16.20679553966913 + 1/(3*x1 - 0.0015448165498984944))/x1)]
    4: S=000 R=0.999886 <-- [(-0.06241383647558408 - 5.5869805397158466/(2*x1 + 16.27731141625684))*(-x1 - 2.4502423951093673 + 1/(0.7301395468336447*x1 + 0.1842817699121145*x1/(x1 + 0.15800030619074373) + 0.47432809926705416))]
  Saving Hall of Fame plot to ./log/regression_config_regression_GPMELD.json_Constant_6.in_normal_0.0_2023-05-30-032248/dso_regression_config_regression_GPMELD.json_Constant_6.in_normal_0.0_plot_hof.png
Pareto Front (5 of 21)____
    0: S=000 R=0.999915 C=38.00 <-- [(-0.05840868525140552 - 2.9390314242200037/(x1 + 9.316680664475999))*(-x1 - 2.834377241099436 + 1/(0.5394477669277707*x1 + 0.161372094399982*x1/(x1 + 0.18519921848730211) + 0.40981278939841455))]
    1: S=000 R=0.999736 C=34.00 <-- [x1/(0.18453478576849663*x1 + 0.64971291577323986*x1/(2*x1 + 0.38895786662134507) + 1.7485787836336044 - 304.03892055881454/(x1*(x1**2 + 69.43561301042384) + 181.85551929515157))]
    2: S=000 R=0.999683 C=33.00 <-- [0.6165560766236367/(0.09005110326326708 + 1/(-x1 - x1/(-0.6849353044184205 + 0.8687006984826775/(x1 + 3.5351172103585045)) + (x1 + 0.05496158433736345)/(x1 + 0.18959208652143444) - 0.014794168312068715))]
    3: S=000 R=0.999570 C=32.00 <-- [1.1178148641118575*(x1 + 0.049225350560813105)*(-0.0021604862360107896*x1 - 0.87265385552854485 + 1/(x1 + 2.3852225247970957) + (x1 + 0.7191795272184404)/(x1 + 0.20074044100160707))]
    4: S=000 R=0.998779 C=30.00 <-- [0.5435652801300096*x1*(0.5266966484657942 + (x1 + 7.480656436561025)/(x1 + 4.434968166590997) + 1/(x1 + 0.2905053096251667) - (1.379326516483296*x1 - 0.3562935214564426)/x1)]
  Saving Pareto Front plot to ./log/regression_config_regression_GPMELD.json_Constant_6.in_normal_0.0_2023-05-30-032248/dso_regression_config_regression_GPMELD.json_Constant_6.in_normal_0.0_plot_pf.png
-- ANALYZING LOG END ----------------
== POST-PROCESS END ===================
