['mul', 'cos', 'mul', 0.5, 'X_1', 'sin', 'mul', 1.5, 'X_0']
--------------------
eq_name 	 Constant_3
num_vars 	 2
vars_range_and_types 	 [{"name": "LogUniform", "range": [0.1, 10], "only_positive": true}, {"name": "LogUniform", "range": [0.1, 10], "only_positive": true}]
function_set 	 ['add', 'sub', 'mul', 'div', 'sin', 'cos', 'exp', 'log', 'const']
eq_expression 	 mul,cos,mul,0.5,X_1,sin,mul,1.5,X_0
expr 	 sin(1.5*X_0)*cos(0.5*X_1)
--------------------

== EXPERIMENT SETUP START ===========
Task type            : regression
Starting seed        : 0
Runs                 : 1
== EXPERIMENT SETUP END =============

== TRAINING SEED 0 START ============
self.dataX <dso.symbolic_data_generator.DataX object at 0x2abb9ec63080>, self.data_query_oracle: <dso.symbolic_equation_evaluator_public.Equation_evaluator object at 0x2abbbdd04da0>
generate dataset!
-- BUILDING PRIOR START -------------
WARNING: Skipping invalid 'RelationalConstraint' with arguments {'targets': [], 'effectors': [], 'relationship': None}. Reason: Prior disabled.
WARNING: Skipping invalid 'TrigConstraint' with arguments {}. Reason: There are no target Tokens.
WARNING: Skipping invalid 'UniformArityPrior' with arguments {}. Reason: Prior disabled.
WARNING: Skipping invalid 'LanguageModelPrior' with arguments {'weight': None}. Reason: Prior disabled.
LengthConstraint: Sequences have minimum length 4.
                  Sequences have maximum length 256.
RepeatConstraint: [const] cannot occur more than 10 times.
RelationalConstraint: [inv] cannot be a child of [inv].
ConstConstraint: [const] cannot be the only unique child of [inv, add, sub, mul, div].
NoInputsConstraint: Sequences contain at least one input variable Token.
SoftLengthPrior: No description available.
-- BUILDING PRIOR END ---------------

-- RUNNING EPOCHS START -------------
[00:00:00:10.56] Training epoch 1/14, current best R: 0.5495

	** New best
	Reward: 0.5494579205962757
	Count Off-policy: False
	Count On-policy: True
	Originally on Policy: True
	Invalid: False
	Traversal: add,inv,div,add,mul,inv,div,2.2004036350280547,div,add,-1.3713506336540153,inv,x1,x1,x1,add,x1,x2,1.1222156379655557,-0.24845319355500464
	Expression:
	                                                                      1         
	  -0.24845319355500464 + ───────────────────────────────────────────────────────
                                                                              
	                         0.89109433710341249⋅x₁ + 0.89109433710341249⋅x₂ - 0.555
                                                                              

                                    
	  ────────────────────────────────────
	                   0.40496858072680434
	  35391978967038 + ───────────────────
	                            x₁        

[00:00:00:42.18] Training epoch 4/14, current best R: 0.5580

	** New best
	Reward: 0.5579822022398557
	Count Off-policy: False
	Count On-policy: True
	Originally on Policy: True
	Invalid: False
	Traversal: inv,add,add,1.1158863127824965,sub,mul,x2,add,sub,x2,mul,div,sub,1.9210905175511832,x1,0.09311704999415128,x1,8.438605732808204,0.8841183639679843,1.1158863127824825
	Expression:
	                                                  1                             
	  ──────────────────────────────────────────────────────────────────────────────
	  x₂⋅(-x₁⋅(20.630921165048159 - 10.73917182796073⋅x₁) + x₂ + 8.438605732808204) 

                    
	  ────────────────────
	  + 1.3476542615969947

[00:00:01:29.53] Training epoch 8/14, current best R: 0.5594

	** New best
	Reward: 0.55939053984554
	Count Off-policy: False
	Count On-policy: True
	Originally on Policy: True
	Invalid: False
	Traversal: sub,-0.07451402650029229,inv,mul,add,x2,x1,div,add,x1,div,4.972711523948751,add,add,-4.820514016654877,x1,x1,x1
	Expression:
	                        x₁                                         
	  - ───────────────────────────────────────── - 0.07451402650029229
	              ⎛        4.972711523948751    ⎞                      
	    (x₁ + x₂)⋅⎜x₁ + ────────────────────────⎟                      
	              ⎝     2⋅x₁ - 4.820514016654877⎠                      

[00:00:02:02.87] Training epoch 10/14, current best R: 0.5594
[00:00:03:19.98] Ending training after epoch 14/14, current best R: 0.5594
-- RUNNING EPOCHS END ---------------

-- EVALUATION START ----------------
Saving Hall of Fame to ./log/regression_config_regression_DSR.json_Constant_3.in_normal_0.0_2023-05-30-030921/dso_regression_config_regression_DSR.json_Constant_3.in_normal_0.0_0_hof.csv
Saving Pareto Front to ./log/regression_config_regression_DSR.json_Constant_3.in_normal_0.0_2023-05-30-030921/dso_regression_config_regression_DSR.json_Constant_3.in_normal_0.0_0_pf.csv
Invalid expressions: 307 of 14336 (2.1%).
Error type counts:
  reciprocal: 174 (56.7%)
  true_divide: 133 (43.3%)
Error node counts:
  divide: 306 (99.7%)
  invalid: 1 (0.3%)
-- EVALUATION END ------------------
== TRAINING SEED 0 END ==============
INFO: Completed run 1 of 1 in 201 s

== POST-PROCESS START =================
-- LOADING LOGS START ----------------
Successfully loaded summary data
Successfully loaded Hall of Fame data
Successfully loaded Pareto Front data
-- LOADING LOGS END ------------------

-- ANALYZING LOG START --------------
Task_____________regression
Source path______./log/regression_config_regression_DSR.json_Constant_3.in_normal_0.0_2023-05-30-030921
Runs_____________1
Max Samples/run__15000
Success_rate_____0.0
Hall of Fame (Top 5 of 100)____
    0: S=000 R=0.559391 <-- [-x1/((x1 + x2)*(x1 + 4.972711523948751/(2*x1 - 4.820514016654877))) - 0.07451402650029229]
    1: S=000 R=0.557982 <-- [1/(x2*(-x1*(20.630921165048159 - 10.73917182796073*x1) + x2 + 8.438605732808204) + 1.3476542615969947)]
    2: S=000 R=0.555902 <-- [1/(-5.6084918336473307 - 24.682849691640232/(-x1*(2.0244223581097596 - x1) + x2 - 2.9454657490587004))]
    3: S=000 R=0.555185 <-- [0.070539211420800067 + 0.19517352908951985/(-x1 + 1/(-x1 - x2 + 3.0716853610249215 - 1/(x1**2*x2 + 0.7688243488202343)))]
    4: S=000 R=0.552588 <-- [1/(x2 + (x1 + 1.8872202948575643)*(1.4801099312139044*x1*(x1 - 2.134935980993553) + 1.9600430143150253) - 0.18538545486049532)]
  Saving Hall of Fame plot to ./log/regression_config_regression_DSR.json_Constant_3.in_normal_0.0_2023-05-30-030921/dso_regression_config_regression_DSR.json_Constant_3.in_normal_0.0_plot_hof.png
Pareto Front (5 of 11)____
    0: S=000 R=0.559391 C=21.00 <-- [-x1/((x1 + x2)*(x1 + 4.972711523948751/(2*x1 - 4.820514016654877))) - 0.07451402650029229]
    1: S=000 R=0.555902 C=20.00 <-- [1/(-5.6084918336473307 - 24.682849691640232/(-x1*(2.0244223581097596 - x1) + x2 - 2.9454657490587004))]
    2: S=000 R=0.547871 C=19.00 <-- [1/(4.694238910383735*x1*(x2*(x1/x2 + 0.3332629504882054) - 2.0491338194827704) + 5.4339095882600454)]
    3: S=000 R=0.536103 C=18.00 <-- [1/(0.895431759500612*x1**2 + 2.5759642855660498*x2/x1)]
    4: S=000 R=0.528245 C=15.00 <-- [-0.4156072869663836 + (x1 - x2 + 8.05022316617028)/(3.354529317690171*x1 + 8.304762152999345)]
  Saving Pareto Front plot to ./log/regression_config_regression_DSR.json_Constant_3.in_normal_0.0_2023-05-30-030921/dso_regression_config_regression_DSR.json_Constant_3.in_normal_0.0_plot_pf.png
-- ANALYZING LOG END ----------------
== POST-PROCESS END ===================
