['add', 'mul', 2.12, 'pow', 'X_0', 2, 'add', 'mul', 3.39, 'pow', 'X_0', 3, 'mul', 1.78, 'X_0']
--------------------
eq_name 	 Constant_1
num_vars 	 1
vars_range_and_types 	 [{"name": "LogUniform", "range": [0.1, 10], "only_positive": true}]
function_set 	 ['add', 'sub', 'mul', 'div', 'sin', 'cos', 'exp', 'log', 'const']
eq_expression 	 add,mul,2.12,pow,X_0,2,add,mul,3.39,pow,X_0,3,mul,1.78,X_0
expr 	 3.39*X_0**3 + 2.12*X_0**2 + 1.78*X_0
--------------------

== EXPERIMENT SETUP START ===========
Task type            : regression
Starting seed        : 0
Runs                 : 1
== EXPERIMENT SETUP END =============

== TRAINING SEED 0 START ============
self.dataX <dso.symbolic_data_generator.DataX object at 0x2b1320c74080>, self.data_query_oracle: <dso.symbolic_equation_evaluator_public.Equation_evaluator object at 0x2b133fd15da0>
generate dataset!
-- BUILDING PRIOR START -------------
WARNING: Skipping invalid 'RelationalConstraint' with arguments {'targets': [], 'effectors': [], 'relationship': None}. Reason: Prior disabled.
WARNING: Skipping invalid 'TrigConstraint' with arguments {}. Reason: There are no target Tokens.
WARNING: Skipping invalid 'UniformArityPrior' with arguments {}. Reason: Prior disabled.
WARNING: Skipping invalid 'LanguageModelPrior' with arguments {'weight': None}. Reason: Prior disabled.
LengthConstraint: Sequences have minimum length 4.
                  Sequences have maximum length 256.
RepeatConstraint: [const] cannot occur more than 10 times.
RelationalConstraint: [inv] cannot be a child of [inv].
ConstConstraint: [const] cannot be the only unique child of [inv, add, sub, mul, div].
NoInputsConstraint: Sequences contain at least one input variable Token.
SoftLengthPrior: No description available.
-- BUILDING PRIOR END ---------------

-- RUNNING EPOCHS START -------------
[00:00:00:22.00] Training epoch 1/14, current best R: 1.0000

	** New best
	Reward: 0.9999999606815873
	Count Off-policy: False
	Count On-policy: True
	Originally on Policy: True
	Invalid: False
	Traversal: sub,sub,sub,mul,x1,3.779882846729268,mul,mul,sub,x1,-0.6253752623381356,mul,3.3899984466872803,sub,div,-1.384966687622717e-05,x1,x1,x1,x1,x1
	Expression:
	       ⎛                         4.6950349197546384e-5⎞                         
	  - x₁⋅⎜-3.3899984466872803⋅x₁ - ─────────────────────⎟⋅(x₁ + 0.6253752623381356
	       ⎝                                   x₁         ⎠                         

                        
	  ) + 1.779882846729268⋅x₁
                        

[00:00:00:22.32] Early stopping criteria met; breaking early.
-- RUNNING EPOCHS END ---------------

-- EVALUATION START ----------------
Saving Hall of Fame to ./log/regression_config_regression_DSR.json_Constant_1.in_normal_0.0_2023-05-30-030250/dso_regression_config_regression_DSR.json_Constant_1.in_normal_0.0_0_hof.csv
Saving Pareto Front to ./log/regression_config_regression_DSR.json_Constant_1.in_normal_0.0_2023-05-30-030250/dso_regression_config_regression_DSR.json_Constant_1.in_normal_0.0_0_pf.csv
Invalid expressions: 40 of 1024 (3.9%).
Error type counts:
  true_divide: 11 (27.5%)
  reciprocal: 29 (72.5%)
Error node counts:
  divide: 40 (100.0%)
-- EVALUATION END ------------------
== TRAINING SEED 0 END ==============
INFO: Completed run 1 of 1 in 24 s

== POST-PROCESS START =================
-- LOADING LOGS START ----------------
Successfully loaded summary data
Successfully loaded Hall of Fame data
Successfully loaded Pareto Front data
-- LOADING LOGS END ------------------

-- ANALYZING LOG START --------------
Task_____________regression
Source path______./log/regression_config_regression_DSR.json_Constant_1.in_normal_0.0_2023-05-30-030250
Runs_____________1
Max Samples/run__15000
Success_rate_____1.0
Hall of Fame (Top 5 of 100)____
    0: S=000 R=1.000000 <-- [-x1*(-3.3899984466872803*x1 - 4.6950349197546384e-5/x1)*(x1 + 0.6253752623381356) + 1.779882846729268*x1]
    1: S=000 R=1.000000 <-- [3.3899978450637467*x1*(x1 + 2.4041908855841507e-5)*(x1 + 0.6253535647334182 + 0.5250318010286924/x1)]
    2: S=000 R=1.000000 <-- [1.5555085146513337*x1*(x1*(2.1793529951529425*x1 + 2.362876315922561) - x1 + 2.1444341465363497) - 1.5555085146513337*x1 - 0.00011130337161819151]
    3: S=000 R=1.000000 <-- [2.2278000402317852*x1**2*(1.5216819030259994*x1 + 0.473269282255792 + 0.47831809697400063*(x1 + 1.6706337097772441)/x1)]
    4: S=000 R=1.000000 <-- [x1*(-0.36666686228226588*x1*(-9.245459994754167*x1 - 5.781739230839057) + 1.7800271623175689)]
  Saving Hall of Fame plot to ./log/regression_config_regression_DSR.json_Constant_1.in_normal_0.0_2023-05-30-030250/dso_regression_config_regression_DSR.json_Constant_1.in_normal_0.0_plot_hof.png
Pareto Front (5 of 6)____
    0: S=000 R=1.000000 C=22.00 <-- [-x1*(-3.3899984466872803*x1 - 4.6950349197546384e-5/x1)*(x1 + 0.6253752623381356) + 1.779882846729268*x1]
    1: S=000 R=0.999989 C=20.00 <-- [x1*(-3.3903461567689*(-x1 - 0.7874280332885356)*(x1 - 0.16336129803273047) + 2.2274987906762043)]
    2: S=000 R=0.980741 C=10.00 <-- [3.6711487898686004*x1**3]
    3: S=000 R=0.835364 C=8.00 <-- [29.481618684452524*x1**2]
    4: S=000 R=0.686740 C=7.00 <-- [229.62232226325762*x1 - 221.5832273312301]
  Saving Pareto Front plot to ./log/regression_config_regression_DSR.json_Constant_1.in_normal_0.0_2023-05-30-030250/dso_regression_config_regression_DSR.json_Constant_1.in_normal_0.0_plot_pf.png
-- ANALYZING LOG END ----------------
== POST-PROCESS END ===================
