['add', -15.0, 'add', 'mul', 8.0, 'pow', 'X_0', 2, 'mul', 8.0, 'pow', 'X_1', 3]
--------------------
eq_name 	 Jin_2
num_vars 	 2
vars_range_and_types 	 [{"name": "LogUniform", "range": [0.1, 10], "only_positive": true}, {"name": "LogUniform", "range": [0.1, 10], "only_positive": true}]
function_set 	 ['add', 'sub', 'mul', 'div', 'sin', 'cos', 'exp', 'n2', 'n3', 'const']
eq_expression 	 add,-15.0,add,mul,8.0,pow,X_0,2,mul,8.0,pow,X_1,3
expr 	 8.0*X_0**2 + 8.0*X_1**3 - 15.0
--------------------

== EXPERIMENT SETUP START ===========
Task type            : regression
Starting seed        : 0
Runs                 : 1
== EXPERIMENT SETUP END =============

== TRAINING SEED 0 START ============
self.dataX <dso.symbolic_data_generator.DataX object at 0x2b0167dd1630>, self.data_query_oracle: <dso.symbolic_equation_evaluator_public.Equation_evaluator object at 0x2b0152dd4cf8>
generate dataset!
-- BUILDING PRIOR START -------------
WARNING: Skipping invalid 'RelationalConstraint' with arguments {'targets': [], 'effectors': [], 'relationship': None}. Reason: Prior disabled.
WARNING: Skipping invalid 'TrigConstraint' with arguments {}. Reason: There are no target Tokens.
WARNING: Skipping invalid 'UniformArityPrior' with arguments {}. Reason: Prior disabled.
WARNING: Skipping invalid 'LanguageModelPrior' with arguments {'weight': None}. Reason: Prior disabled.
LengthConstraint: Sequences have minimum length 4.
                  Sequences have maximum length 256.
RepeatConstraint: [const] cannot occur more than 10 times.
RelationalConstraint: [inv] cannot be a child of [inv].
ConstConstraint: [const] cannot be the only unique child of [inv, add, sub, mul, div].
NoInputsConstraint: Sequences contain at least one input variable Token.
SoftLengthPrior: No description available.
-- BUILDING PRIOR END ---------------

-- RUNNING EPOCHS START -------------
[00:00:00:09.20] Training epoch 1/14, current best R: 0.9547

	** New best
	Reward: 0.9546570221254871
	Count Off-policy: False
	Count On-policy: True
	Originally on Policy: True
	Invalid: False
	Traversal: mul,x1,sub,add,sub,mul,div,div,x2,-0.35549991939129755,mul,div,add,-0.0006933608643818264,x1,x2,-0.3554999193912993,x2,-51.315744422942615,x1,x1
	Expression:
	     ⎛                       3                       ⎞
	     ⎜  7.9126323416432485⋅x₂                        ⎟
	  x₁⋅⎜────────────────────────── + 51.315744422942615⎟
	     ⎝x₁ - 0.0006933608643818264                     ⎠

[00:00:01:07.31] Training epoch 7/14, current best R: 0.9914

	** New best
	Reward: 0.9914418283542688
	Count Off-policy: False
	Count On-policy: True
	Originally on Policy: True
	Invalid: False
	Traversal: add,mul,mul,mul,7.975981019944763,x2,x2,x2,mul,sub,add,x2,div,x1,0.1293213696469841,x2,x1
	Expression:
	                      2                       3
	  7.732674056343177⋅x₁  + 7.975981019944763⋅x₂ 

[00:00:01:42.43] Training epoch 10/14, current best R: 0.9914
[00:00:02:39.22] Ending training after epoch 14/14, current best R: 0.9914
-- RUNNING EPOCHS END ---------------

-- EVALUATION START ----------------
Saving Hall of Fame to ./log/regression_config_regression_DSR.json_Jin_2.in_normal_0.0_2023-05-30-040125/dso_regression_config_regression_DSR.json_Jin_2.in_normal_0.0_0_hof.csv
Saving Pareto Front to ./log/regression_config_regression_DSR.json_Jin_2.in_normal_0.0_2023-05-30-040125/dso_regression_config_regression_DSR.json_Jin_2.in_normal_0.0_0_pf.csv
Invalid expressions: 338 of 14336 (2.4%).
Error type counts:
  reciprocal: 192 (56.8%)
  true_divide: 146 (43.2%)
Error node counts:
  divide: 337 (99.7%)
  invalid: 1 (0.3%)
-- EVALUATION END ------------------
== TRAINING SEED 0 END ==============
INFO: Completed run 1 of 1 in 160 s

== POST-PROCESS START =================
-- LOADING LOGS START ----------------
Successfully loaded summary data
Successfully loaded Hall of Fame data
Successfully loaded Pareto Front data
-- LOADING LOGS END ------------------

-- ANALYZING LOG START --------------
Task_____________regression
Source path______./log/regression_config_regression_DSR.json_Jin_2.in_normal_0.0_2023-05-30-040125
Runs_____________1
Max Samples/run__15000
Success_rate_____0.0
Hall of Fame (Top 5 of 100)____
    0: S=000 R=0.991442 <-- [7.732674056343177*x1**2 + 7.975981019944763*x2**3]
    1: S=000 R=0.966134 <-- [62.825507903756147*x1 + 62.825507903756147*x2**2/(-0.0042015268490599635 + 7.890110370053711/x2) + 0.3632525557362411*x2 - 64.526860067681264]
    2: S=000 R=0.963378 <-- [61.599977859989019*x1 - 61.599977859989019*x2*(-0.11088789796758401*x2*(x2 + 11.4784450216527) + x2) - 60.599977859989019*x2 - 29.04211748482418]
    3: S=000 R=0.954657 <-- [x1*(7.9126323416432485*x2**3/(x1 - 0.0006933608643818264) + 51.315744422942615)]
    4: S=000 R=0.949446 <-- [70.02824751884876*x1 + 70.02824751884876*x2*(-0.0817208550014777*x1 - 0.0817208550014777*x2*(-x2 - 7.587912426019497) - 0.163441710002955*x2 - 1.46712648935528)]
  Saving Hall of Fame plot to ./log/regression_config_regression_DSR.json_Jin_2.in_normal_0.0_2023-05-30-040125/dso_regression_config_regression_DSR.json_Jin_2.in_normal_0.0_plot_hof.png
Pareto Front (5 of 5)____
    0: S=000 R=0.991442 C=18.00 <-- [7.732674056343177*x1**2 + 7.975981019944763*x2**3]
    1: S=000 R=0.909806 C=11.00 <-- [70.61483104862481*x1 + 100.94717505090795*x2*(x2 - 2.8632905034311933)]
    2: S=000 R=0.889633 C=9.00 <-- [8.143425853157292*x2**3]
    3: S=000 R=0.814028 C=6.00 <-- [65.558248288893233*x2**2]
    4: S=000 R=0.814028 C=5.00 <-- [65.55817675431189*x2**2]
  Saving Pareto Front plot to ./log/regression_config_regression_DSR.json_Jin_2.in_normal_0.0_2023-05-30-040125/dso_regression_config_regression_DSR.json_Jin_2.in_normal_0.0_plot_pf.png
-- ANALYZING LOG END ----------------
== POST-PROCESS END ===================
