['add', 'mul', 1.5, 'exp', 'X_0', 'mul', 5.0, 'cos', 'X_1']
--------------------
eq_name 	 Jin_4
num_vars 	 2
vars_range_and_types 	 [{"name": "LogUniform", "range": [0.1, 10], "only_positive": true}, {"name": "LogUniform", "range": [0.1, 10], "only_positive": true}]
function_set 	 ['add', 'sub', 'mul', 'div', 'sin', 'cos', 'exp', 'n2', 'n3', 'const']
eq_expression 	 add,mul,1.5,exp,X_0,mul,5.0,cos,X_1
expr 	 1.5*exp(X_0) + 5.0*cos(X_1)
--------------------

== EXPERIMENT SETUP START ===========
Task type            : regression
Starting seed        : 0
Runs                 : 1
== EXPERIMENT SETUP END =============

== TRAINING SEED 0 START ============
self.dataX <dso.symbolic_data_generator.DataX object at 0x2af813126a20>, self.data_query_oracle: <dso.symbolic_equation_evaluator_public.Equation_evaluator object at 0x2af7fd9c0cf8>
generate dataset!
-- BUILDING PRIOR START -------------
WARNING: Skipping invalid 'RelationalConstraint' with arguments {'targets': [], 'effectors': [], 'relationship': None}. Reason: Prior disabled.
WARNING: Skipping invalid 'TrigConstraint' with arguments {}. Reason: There are no target Tokens.
WARNING: Skipping invalid 'UniformArityPrior' with arguments {}. Reason: Prior disabled.
WARNING: Skipping invalid 'LanguageModelPrior' with arguments {'weight': None}. Reason: Prior disabled.
LengthConstraint: Sequences have minimum length 4.
                  Sequences have maximum length 256.
RepeatConstraint: [const] cannot occur more than 10 times.
RelationalConstraint: [inv] cannot be a child of [inv].
ConstConstraint: [const] cannot be the only unique child of [inv, add, sub, mul, div].
NoInputsConstraint: Sequences contain at least one input variable Token.
SoftLengthPrior: No description available.
-- BUILDING PRIOR END ---------------

-- RUNNING EPOCHS START -------------
[00:00:00:08.53] Training epoch 1/14, current best R: 0.8713

	** New best
	Reward: 0.871343593407596
	Count Off-policy: False
	Count On-policy: True
	Originally on Policy: True
	Invalid: False
	Traversal: add,sub,inv,mul,sub,inv,x1,0.09481754325363127,inv,sub,div,add,mul,inv,x2,x2,x1,0.05563289794731749,x2,x2,x2
	Expression:
	  17.97497590269281⋅x₁ - x₂ + 17.97497590269281
	  ─────────────────────────────────────────────
	                                   1           
	            -0.09481754325363127 + ──          
	                                   x₁          

[00:00:00:47.81] Training epoch 6/14, current best R: 0.9180

	** New best
	Reward: 0.9179795899905155
	Count Off-policy: False
	Count On-policy: True
	Originally on Policy: True
	Invalid: False
	Traversal: mul,div,inv,add,inv,x1,-0.09285616424334617,mul,add,x2,x2,div,div,0.19417403001973133,x1,x1,x2
	Expression:
	                         2 
	    2.5750096444369602⋅x₁  
	  ─────────────────────────
	                         1 
	  -0.09285616424334617 + ──
	                         x₁

[00:00:00:55.10] Training epoch 7/14, current best R: 0.9312

	** New best
	Reward: 0.9311533731650653
	Count Off-policy: False
	Count On-policy: True
	Originally on Policy: True
	Invalid: False
	Traversal: inv,sub,0.999919161625201,sub,div,x2,x2,inv,mul,mul,4.200213514667162,x1,mul,mul,4.200864141220062,sub,x1,4.799385409226499,x1
	Expression:
	                                    1                                  
	  ─────────────────────────────────────────────────────────────────────
	                                       0.2380831347044611              
	  -8.08383747989971e-5 + ──────────────────────────────────────────────
	                           2                                           
	                         x₁ ⋅(4.200864141220062⋅x₁ - 20.16156606551437)

[00:00:01:20.44] Training epoch 10/14, current best R: 0.9312
[00:00:01:45.67] Training epoch 13/14, current best R: 0.9401

	** New best
	Reward: 0.9401228876331535
	Count Off-policy: False
	Count On-policy: True
	Originally on Policy: True
	Invalid: False
	Traversal: mul,x1,sub,div,div,mul,mul,div,x1,div,add,mul,-0.3325857889479322,x1,3.6327338665610878,1.2756506668876864,x1,1.2756506847551328,0.3825738430949908,0.3825738533644238,106.27769663133934
	Expression:
	     ⎛                               2                              ⎞
	     ⎜          8.7156786164959146⋅x₁                               ⎟
	  x₁⋅⎜───────────────────────────────────────── - 106.27769663133934⎟
	     ⎝2.8477497490940667 - 0.260718547468305⋅x₁                     ⎠

[00:00:01:55.32] Training epoch 14/14, current best R: 0.9543

	** New best
	Reward: 0.9543161368157729
	Count Off-policy: False
	Count On-policy: True
	Originally on Policy: True
	Invalid: False
	Traversal: div,div,mul,1.5745626769668337,x1,add,inv,mul,mul,add,-23.499443363045412,mul,x1,div,0.9963579474686935,inv,x1,x1,0.25710829671781565,-0.003603117884019302,0.3018316092803302
	Expression:
	                           5.2166924488827719⋅x₁                          
	  ────────────────────────────────────────────────────────────────────────
	                                         3.8894116322412228               
	  -0.003603117884019302 + ────────────────────────────────────────────────
	                             ⎛                     2                     ⎞
	                          x₁⋅⎝0.9963579474686935⋅x₁  - 23.499443363045412⎠

[00:00:01:55.33] Ending training after epoch 14/14, current best R: 0.9543
-- RUNNING EPOCHS END ---------------

-- EVALUATION START ----------------
Saving Hall of Fame to ./log/regression_config_regression_VPG.json_Jin_4.in_normal_0.0_2023-05-30-040937/dso_regression_config_regression_VPG.json_Jin_4.in_normal_0.0_0_hof.csv
Saving Pareto Front to ./log/regression_config_regression_VPG.json_Jin_4.in_normal_0.0_2023-05-30-040937/dso_regression_config_regression_VPG.json_Jin_4.in_normal_0.0_0_pf.csv
Invalid expressions: 322 of 14336 (2.2%).
Error type counts:
  reciprocal: 190 (59.0%)
  true_divide: 132 (41.0%)
Error node counts:
  divide: 321 (99.7%)
  invalid: 1 (0.3%)
-- EVALUATION END ------------------
== TRAINING SEED 0 END ==============
INFO: Completed run 1 of 1 in 117 s

== POST-PROCESS START =================
-- LOADING LOGS START ----------------
Successfully loaded summary data
Successfully loaded Hall of Fame data
Successfully loaded Pareto Front data
-- LOADING LOGS END ------------------

-- ANALYZING LOG START --------------
Task_____________regression
Source path______./log/regression_config_regression_VPG.json_Jin_4.in_normal_0.0_2023-05-30-040937
Runs_____________1
Max Samples/run__15000
Success_rate_____0.0
Hall of Fame (Top 5 of 100)____
    0: S=000 R=0.954316 <-- [5.2166924488827719*x1/(-0.003603117884019302 + 3.8894116322412228/(x1*(0.9963579474686935*x1**2 - 23.499443363045412)))]
    1: S=000 R=0.940123 <-- [x1*(8.7156786164959146*x1**2/(2.8477497490940667 - 0.260718547468305*x1) - 106.27769663133934)]
    2: S=000 R=0.931153 <-- [1/(-8.08383747989971e-5 + 0.2380831347044611/(x1**2*(4.200864141220062*x1 - 20.16156606551437)))]
    3: S=000 R=0.927982 <-- [x2 + 191.92839800993333 + 27.267849552235222*(2*x1 - 10.168103226705128)/(-0.09242489913707055 + 1/x1)]
    4: S=000 R=0.923504 <-- [39350.59893038046*(x1 - 4.7472996899064155 + 1/x1)/(-74.70657677480614 + 805.98705071293408/x1)]
  Saving Hall of Fame plot to ./log/regression_config_regression_VPG.json_Jin_4.in_normal_0.0_2023-05-30-040937/dso_regression_config_regression_VPG.json_Jin_4.in_normal_0.0_plot_hof.png
Pareto Front (5 of 11)____
    0: S=000 R=0.954316 C=26.00 <-- [5.2166924488827719*x1/(-0.003603117884019302 + 3.8894116322412228/(x1*(0.9963579474686935*x1**2 - 23.499443363045412)))]
    1: S=000 R=0.940123 C=25.00 <-- [x1*(8.7156786164959146*x1**2/(2.8477497490940667 - 0.260718547468305*x1) - 106.27769663133934)]
    2: S=000 R=0.931153 C=22.00 <-- [1/(-8.08383747989971e-5 + 0.2380831347044611/(x1**2*(4.200864141220062*x1 - 20.16156606551437)))]
    3: S=000 R=0.923504 C=20.00 <-- [39350.59893038046*(x1 - 4.7472996899064155 + 1/x1)/(-74.70657677480614 + 805.98705071293408/x1)]
    4: S=000 R=0.917980 C=16.00 <-- [2.5750091007138723*x1**2/(-0.0928561670900356 + 1/x1)]
  Saving Pareto Front plot to ./log/regression_config_regression_VPG.json_Jin_4.in_normal_0.0_2023-05-30-040937/dso_regression_config_regression_VPG.json_Jin_4.in_normal_0.0_plot_pf.png
-- ANALYZING LOG END ----------------
== POST-PROCESS END ===================
