['mul', 6.0, 'mul', 'cos', 'X_1', 'sin', 'X_0']
--------------------
eq_name 	 Jin_5
num_vars 	 2
vars_range_and_types 	 [{"name": "LogUniform", "range": [0.1, 10], "only_positive": true}, {"name": "LogUniform", "range": [0.1, 10], "only_positive": true}]
function_set 	 ['add', 'sub', 'mul', 'div', 'sin', 'cos', 'exp', 'n2', 'n3', 'const']
eq_expression 	 mul,6.0,mul,cos,X_1,sin,X_0
expr 	 6.0*sin(X_0)*cos(X_1)
--------------------

== EXPERIMENT SETUP START ===========
Task type            : regression
Starting seed        : 0
Runs                 : 1
== EXPERIMENT SETUP END =============

== TRAINING SEED 0 START ============
self.dataX <dso.symbolic_data_generator.DataX object at 0x2aca21def2b0>, self.data_query_oracle: <dso.symbolic_equation_evaluator_public.Equation_evaluator object at 0x2aca0dacfd68>
generate dataset!
-- BUILDING PRIOR START -------------
WARNING: Skipping invalid 'RelationalConstraint' with arguments {'targets': [], 'effectors': [], 'relationship': None}. Reason: Prior disabled.
WARNING: Skipping invalid 'TrigConstraint' with arguments {}. Reason: There are no target Tokens.
WARNING: Skipping invalid 'UniformArityPrior' with arguments {}. Reason: Prior disabled.
WARNING: Skipping invalid 'LanguageModelPrior' with arguments {'weight': None}. Reason: Prior disabled.
LengthConstraint: Sequences have minimum length 4.
                  Sequences have maximum length 256.
RepeatConstraint: [const] cannot occur more than 10 times.
RelationalConstraint: [inv] cannot be a child of [inv].
ConstConstraint: [const] cannot be the only unique child of [inv, add, sub, mul, div].
NoInputsConstraint: Sequences contain at least one input variable Token.
SoftLengthPrior: No description available.
-- BUILDING PRIOR END ---------------

-- RUNNING EPOCHS START -------------
[00:00:00:10.42] Training epoch 1/14, current best R: 0.5268

	** New best
	Reward: 0.5268163335270397
	Count Off-policy: False
	Count On-policy: True
	Originally on Policy: True
	Invalid: False
	Traversal: div,inv,add,div,mul,mul,div,add,add,4216.772895989168,x2,4216.772895988942,sub,add,x2,mul,1737.3874964712961,x1,-142.30455167330646,x1,x2,x1,x1,0.16009321647758903
	Expression:
	                   6.2463608515229439                 
	  ────────────────────────────────────────────────────
	                  x₂⋅(x₂ + 8433.54579197811)          
	  x₁ + ───────────────────────────────────────────────
	       1737.3874964712961⋅x₁ + x₂ + 142.30455167330646

[00:00:00:20.58] Training epoch 2/14, current best R: 0.5472

	** New best
	Reward: 0.5472132450402236
	Count Off-policy: False
	Count On-policy: True
	Originally on Policy: True
	Invalid: False
	Traversal: inv,sub,add,inv,sub,mul,mul,0.03221466847216665,div,x1,-0.14797062286139703,add,add,x2,x1,-3.2232216011750507,-0.38864839167554244,0.5075246869189762,1.4872236386397952
	Expression:
	                                                  1                             
	  ──────────────────────────────────────────────────────────────────────────────
	                                                            1                   
	  -0.979698951720819 + ─────────────────────────────────────────────────────────
	                       -0.21770989301262783⋅x₁⋅(x₁ + x₂ - 3.2232216011750507) + 

                   
	  ───────────────────
                   
	  ───────────────────
	  0.38864839167554244

[00:00:00:59.76] Training epoch 6/14, current best R: 0.5487

	** New best
	Reward: 0.5486990365783256
	Count Off-policy: False
	Count On-policy: True
	Originally on Policy: True
	Invalid: False
	Traversal: inv,sub,-0.3974602491667819,sub,x2,inv,sub,mul,div,1.864056225798794,add,mul,inv,x1,1.3955765124682138,x1,1.8640562257987932,x2
	Expression:
	                             1                            
	  ────────────────────────────────────────────────────────
	                                           1              
	  -x₂ - 0.3974602491667819 + ─────────────────────────────
	                                      3.474705612939243   
	                             -x₂ + ───────────────────────
	                                        1.3955765124682138
	                                   x₁ + ──────────────────
	                                                x₁        

[00:00:01:45.01] Training epoch 10/14, current best R: 0.5487
[00:00:02:13.14] Training epoch 12/14, current best R: 0.5529

	** New best
	Reward: 0.5529015465138915
	Count Off-policy: False
	Count On-policy: True
	Originally on Policy: True
	Invalid: False
	Traversal: div,sub,div,2.700848084779167,sub,add,div,x1,div,5.936438166894657,add,add,div,mul,3.267881686909868,add,x2,0.9234787402109816,x1,x1,x1,0.3865893726528686,x1,1.3415188748865987,1.3457819044408224
	Expression:
	                                                                          2.0068
	  -0.99683230281210015 + ───────────────────────────────────────────────────────
	                            ⎛                        0.1684511776062343⋅(3.26788
	                         x₁⋅⎜0.3369023552124687⋅x₁ + ───────────────────────────
	                            ⎝                                                   

	  987968012394                                                 
	  ─────────────────────────────────────────────────────────────
	  1686909868⋅x₂ + 3.017819263386062)⎞                          
	  ──────────────────────────────────⎟ - x₁ + 0.3865893726528686
	     x₁                             ⎠                          

[00:00:02:30.87] Training epoch 13/14, current best R: 0.5587

	** New best
	Reward: 0.5586630369237204
	Count Off-policy: False
	Count On-policy: True
	Originally on Policy: True
	Invalid: False
	Traversal: div,mul,sub,0.9365970923228844,mul,div,x1,add,x1,div,sub,inv,x1,0.4722108618244316,0.11047296619688897,0.5400215839869762,x1,x2
	Expression:
	     ⎛             0.5400215839869762⋅x₁                                ⎞
	  x₁⋅⎜- ─────────────────────────────────────────── + 0.9365970923228844⎟
	     ⎜                           9.0519883228061727                     ⎟
	     ⎜  x₁ - 4.274447207136994 + ──────────────────                     ⎟
	     ⎝                                   x₁                             ⎠
	  ───────────────────────────────────────────────────────────────────────
	                                     x₂                                  

[00:00:02:49.61] Ending training after epoch 14/14, current best R: 0.5587
-- RUNNING EPOCHS END ---------------

-- EVALUATION START ----------------
Saving Hall of Fame to ./log/regression_config_regression_DSR.json_Jin_5.in_normal_0.0_2023-05-30-041204/dso_regression_config_regression_DSR.json_Jin_5.in_normal_0.0_0_hof.csv
Saving Pareto Front to ./log/regression_config_regression_DSR.json_Jin_5.in_normal_0.0_2023-05-30-041204/dso_regression_config_regression_DSR.json_Jin_5.in_normal_0.0_0_pf.csv
Invalid expressions: 322 of 14336 (2.2%).
Error type counts:
  reciprocal: 202 (62.7%)
  true_divide: 120 (37.3%)
Error node counts:
  divide: 321 (99.7%)
  invalid: 1 (0.3%)
-- EVALUATION END ------------------
== TRAINING SEED 0 END ==============
INFO: Completed run 1 of 1 in 171 s

== POST-PROCESS START =================
-- LOADING LOGS START ----------------
Successfully loaded summary data
Successfully loaded Hall of Fame data
Successfully loaded Pareto Front data
-- LOADING LOGS END ------------------

-- ANALYZING LOG START --------------
Task_____________regression
Source path______./log/regression_config_regression_DSR.json_Jin_5.in_normal_0.0_2023-05-30-041204
Runs_____________1
Max Samples/run__15000
Success_rate_____0.0
Hall of Fame (Top 5 of 100)____
    0: S=000 R=0.558663 <-- [x1*(-0.5400215839869762*x1/(x1 - 4.274447207136994 + 9.0519883228061727/x1) + 0.9365970923228844)/x2]
    1: S=000 R=0.552902 <-- [-0.99683230281210015 + 2.0068987968012394/(x1*(0.3369023552124687*x1 + 0.1684511776062343*(3.267881686909868*x2 + 3.017819263386062)/x1) - x1 + 0.3865893726528686)]
    2: S=000 R=0.548699 <-- [1/(-x2 - 0.3974602491667819 + 1/(-x2 + 3.474705612939243/(x1 + 1.3955765124682138/x1)))]
    3: S=000 R=0.547213 <-- [1/(-0.979698951720819 + 1/(-0.21770989301262783*x1*(x1 + x2 - 3.2232216011750507) + 0.38864839167554244))]
    4: S=000 R=0.546636 <-- [1/(1.250560159839428*x2*(x1 + x2 - 2.0213625620954745 + (1.3037735227907457 - 1.0106821557885184*x1)/x1) + 0.31939448276170246)]
  Saving Hall of Fame plot to ./log/regression_config_regression_DSR.json_Jin_5.in_normal_0.0_2023-05-30-041204/dso_regression_config_regression_DSR.json_Jin_5.in_normal_0.0_plot_hof.png
Pareto Front (5 of 11)____
    0: S=000 R=0.558663 C=22.00 <-- [x1*(-0.5400215839869762*x1/(x1 - 4.274447207136994 + 9.0519883228061727/x1) + 0.9365970923228844)/x2]
    1: S=000 R=0.544365 C=19.00 <-- [1/(1.550636398250087*x1*(x2*(x1 - 3.183839596416072) + 0.0412781069868995) + 4.216045943125698*x2)]
    2: S=000 R=0.536259 C=18.00 <-- [1/(0.6594548163097894*x1 + 0.3297274081548947*x2 - 1.485315397006242 + 0.9333301245734378/x1)]
    3: S=000 R=0.529171 C=17.00 <-- [1/(0.2015599110948988*x1 + 0.1007799555474494*x2 - 0.15410429657741902 + x2/x1)]
    4: S=000 R=0.521797 C=16.00 <-- [1/(x2 + (x1**2*x2 + 0.0633397911329283)/x1)]
  Saving Pareto Front plot to ./log/regression_config_regression_DSR.json_Jin_5.in_normal_0.0_2023-05-30-041204/dso_regression_config_regression_DSR.json_Jin_5.in_normal_0.0_plot_pf.png
-- ANALYZING LOG END ----------------
== POST-PROCESS END ===================
