['mul', 6.0, 'mul', 'cos', 'X_1', 'sin', 'X_0']
--------------------
eq_name 	 Jin_5
num_vars 	 2
vars_range_and_types 	 [{"name": "LogUniform", "range": [0.1, 10], "only_positive": true}, {"name": "LogUniform", "range": [0.1, 10], "only_positive": true}]
function_set 	 ['add', 'sub', 'mul', 'div', 'sin', 'cos', 'exp', 'n2', 'n3', 'const']
eq_expression 	 mul,6.0,mul,cos,X_1,sin,X_0
expr 	 6.0*sin(X_0)*cos(X_1)
--------------------

== EXPERIMENT SETUP START ===========
Task type            : regression
Starting seed        : 0
Runs                 : 1
== EXPERIMENT SETUP END =============

== TRAINING SEED 0 START ============
self.dataX <dso.symbolic_data_generator.DataX object at 0x2ba7046382e8>, self.data_query_oracle: <dso.symbolic_equation_evaluator_public.Equation_evaluator object at 0x2ba6ec2ded68>
generate dataset!
-- BUILDING PRIOR START -------------
WARNING: Skipping invalid 'RelationalConstraint' with arguments {'targets': [], 'effectors': [], 'relationship': None}. Reason: Prior disabled.
WARNING: Skipping invalid 'TrigConstraint' with arguments {}. Reason: There are no target Tokens.
WARNING: Skipping invalid 'UniformArityPrior' with arguments {}. Reason: Prior disabled.
WARNING: Skipping invalid 'LanguageModelPrior' with arguments {'weight': None}. Reason: Prior disabled.
LengthConstraint: Sequences have minimum length 4.
                  Sequences have maximum length 256.
RepeatConstraint: [const] cannot occur more than 10 times.
RelationalConstraint: [inv] cannot be a child of [inv].
ConstConstraint: [const] cannot be the only unique child of [inv, add, sub, mul, div].
NoInputsConstraint: Sequences contain at least one input variable Token.
SoftLengthPrior: No description available.
-- BUILDING PRIOR END ---------------

-- RUNNING EPOCHS START -------------
[00:00:00:09.91] Training epoch 1/14, current best R: 0.5394

	** New best
	Reward: 0.5394496117485065
	Count Off-policy: False
	Count On-policy: True
	Originally on Policy: True
	Invalid: False
	Traversal: sub,x1,add,1.732943332724154,add,mul,mul,inv,add,mul,mul,add,add,x1,-0.9451857605961295,x2,992.7139095762673,x1,1123.7514720775098,-9446.878170004184,x1,x1
	Expression:
	                                     9446.878170004184⋅x₁                       
	  ──────────────────────────────────────────────────────────────────────────────
	  x₁⋅(992.7139095762673⋅x₁ + 992.7139095762673⋅x₂ - 938.2990516772015) + 1123.75

                               
	  ─────────── - 1.732943332724154
	  14720775098                    

[00:00:00:19.38] Training epoch 2/14, current best R: 0.5422

	** New best
	Reward: 0.5421874501959245
	Count Off-policy: False
	Count On-policy: True
	Originally on Policy: True
	Invalid: False
	Traversal: add,inv,mul,mul,div,add,div,mul,x2,x1,add,inv,mul,add,x1,-2.6846899632702703,x1,-2.3375471580356253,x2,x1,2.745470957081089,x1,0.08071342448645065
	Expression:
	                                                            1                   
	  0.08071342448645065 + ────────────────────────────────────────────────────────
	                                     2.745470957081089⋅x₁⋅x₂                    
	                        ────────────────────────────────────────────────── + 2.7
	                                                           1                    
	                        -2.3375471580356253 + ────────────────────────────      
	                                              x₁⋅(x₁ - 2.6846899632702703)      

                 
	  ─────────────────
                 
	  45470957081089⋅x₂
                 
                 
                 

[00:00:01:01.20] Training epoch 6/14, current best R: 0.5423

	** New best
	Reward: 0.5423391846804274
	Count Off-policy: False
	Count On-policy: True
	Originally on Policy: True
	Invalid: False
	Traversal: mul,1.2832637025014488,div,1.2832637808307086,add,-3.429660608163855,add,x1,add,x2,div,div,3.1313105685332125,add,x1,0.933205154059954,0.6321486448050508
	Expression:
	                   1.6467658306748228                 
	  ────────────────────────────────────────────────────
	                                  4.9534402933013986  
	  x₁ + x₂ - 3.429660608163855 + ──────────────────────
	                                x₁ + 0.933205154059954

[00:00:01:12.24] Training epoch 7/14, current best R: 0.5568

	** New best
	Reward: 0.5568156857255132
	Count Off-policy: False
	Count On-policy: True
	Originally on Policy: True
	Invalid: False
	Traversal: inv,sub,inv,mul,sub,sub,1.114558617278666,add,inv,sub,x1,inv,div,sub,4.143122889299229,x1,6.516923325506845,0.8854326868431406,x2,2.061026546346763,x2
	Expression:
	                                                  1                             
	  ──────────────────────────────────────────────────────────────────────────────
	                                                     1                          
	  -x₂ + ────────────────────────────────────────────────────────────────────────
	                                                                    2.0610265463
	        -2.061026546346763⋅x₂ + 0.4722346250840196 - ───────────────────────────
	                                                                              1 
	                                                     x₁ - ──────────────────────
	                                                          0.6357482944571859 - 0

                    
	  ────────────────────
                    
	  ────────────────────
	  46763               
	  ────────────────────
                    
	  ────────────────────
	  .1534466419278036⋅x₁

[00:00:01:49.92] Training epoch 10/14, current best R: 0.5568
[00:00:02:43.05] Training epoch 14/14, current best R: 0.5586

	** New best
	Reward: 0.5586058156452903
	Count Off-policy: False
	Count On-policy: True
	Originally on Policy: True
	Invalid: False
	Traversal: add,inv,mul,add,1.104869039743025,add,sub,div,mul,add,add,-1.4585192853310929,inv,div,0.8113334793298055,x1,div,0.09616886556675396,x2,x1,2.614714688606271,x1,x2,0.3901616453204776,-0.9538168183142524
	Expression:
                                                                              
	  -0.9538168183142524 + ────────────────────────────────────────────────────────
	                                             ⎛                                  
	                        0.149217674502164⋅x₁⋅⎜1.232538808611769⋅x₁ - 1.458519285
	                                             ⎝                                  

	                       1                                                        
	  ──────────────────────────────────────────────────────────────────────────────
	            0.09616886556675396⎞                                                
	  3310929 + ───────────────────⎟ - 0.3901616453204776⋅x₁ + 0.3901616453204776⋅x₂
	                     x₂        ⎠                                                

                     
	  ─────────────────────
                     
	   + 0.4310775224097948
                     

[00:00:02:43.07] Ending training after epoch 14/14, current best R: 0.5586
-- RUNNING EPOCHS END ---------------

-- EVALUATION START ----------------
Saving Hall of Fame to ./log/regression_config_regression_VPG.json_Jin_5.in_normal_0.0_2023-05-30-041213/dso_regression_config_regression_VPG.json_Jin_5.in_normal_0.0_0_hof.csv
Saving Pareto Front to ./log/regression_config_regression_VPG.json_Jin_5.in_normal_0.0_2023-05-30-041213/dso_regression_config_regression_VPG.json_Jin_5.in_normal_0.0_0_pf.csv
Invalid expressions: 288 of 14336 (2.0%).
Error type counts:
  reciprocal: 161 (55.9%)
  true_divide: 127 (44.1%)
Error node counts:
  divide: 287 (99.7%)
  invalid: 1 (0.3%)
-- EVALUATION END ------------------
== TRAINING SEED 0 END ==============
INFO: Completed run 1 of 1 in 164 s

== POST-PROCESS START =================
-- LOADING LOGS START ----------------
Successfully loaded summary data
Successfully loaded Hall of Fame data
Successfully loaded Pareto Front data
-- LOADING LOGS END ------------------

-- ANALYZING LOG START --------------
Task_____________regression
Source path______./log/regression_config_regression_VPG.json_Jin_5.in_normal_0.0_2023-05-30-041213
Runs_____________1
Max Samples/run__15000
Success_rate_____0.0
Hall of Fame (Top 5 of 100)____
    0: S=000 R=0.558606 <-- [-0.9538168183142524 + 1/(0.149217674502164*x1*(1.232538808611769*x1 - 1.4585192853310929 + 0.09616886556675396/x2) - 0.3901616453204776*x1 + 0.3901616453204776*x2 + 0.4310775224097948)]
    1: S=000 R=0.556816 <-- [1/(-x2 + 1/(-2.061026546346763*x2 + 0.4722346250840196 - 2.061026546346763/(x1 - 1/(0.6357482944571859 - 0.1534466419278036*x1))))]
    2: S=000 R=0.553732 <-- [-1.020586538036234 + 1/(0.21031685886017706*x1*(x1 - 2.903793047309018 + 2.5090721930156854/x1) + 0.21031685886017706*x2)]
    3: S=000 R=0.546603 <-- [0.9195784569379029/(x1 + 27.179596887066253 + 1/(-0.03133639555235205 + 0.09672736350537235/((x1 + 1.786817345059311)*(x2 - 8.116184891475474))))]
    4: S=000 R=0.543969 <-- [1/(1.7579251385937982*x1*(x2*(x1 + x2 - 1.9065232436035486 + 1/(x2 + 36.61985663158517)) + 1.737351514308007) - 3.5158502771875964*x1 + 0.9723087136974994)]
  Saving Hall of Fame plot to ./log/regression_config_regression_VPG.json_Jin_5.in_normal_0.0_2023-05-30-041213/dso_regression_config_regression_VPG.json_Jin_5.in_normal_0.0_plot_hof.png
Pareto Front (5 of 14)____
    0: S=000 R=0.558606 C=30.00 <-- [-0.9538168183142524 + 1/(0.149217674502164*x1*(1.232538808611769*x1 - 1.4585192853310929 + 0.09616886556675396/x2) - 0.3901616453204776*x1 + 0.3901616453204776*x2 + 0.4310775224097948)]
    1: S=000 R=0.556816 C=26.00 <-- [1/(-x2 + 1/(-2.061026546346763*x2 + 0.4722346250840196 - 2.061026546346763/(x1 - 1/(0.6357482944571859 - 0.1534466419278036*x1))))]
    2: S=000 R=0.553732 C=25.00 <-- [-1.020586538036234 + 1/(0.21031685886017706*x1*(x1 - 2.903793047309018 + 2.5090721930156854/x1) + 0.21031685886017706*x2)]
    3: S=000 R=0.546603 C=24.00 <-- [0.9195784569379029/(x1 + 27.179596887066253 + 1/(-0.03133639555235205 + 0.09672736350537235/((x1 + 1.786817345059311)*(x2 - 8.116184891475474))))]
    4: S=000 R=0.542339 C=20.00 <-- [1.6467658306748228/(x1 + x2 - 3.429660608163855 + 4.9534402933013986/(x1 + 0.933205154059954))]
  Saving Pareto Front plot to ./log/regression_config_regression_VPG.json_Jin_5.in_normal_0.0_2023-05-30-041213/dso_regression_config_regression_VPG.json_Jin_5.in_normal_0.0_plot_pf.png
-- ANALYZING LOG END ----------------
== POST-PROCESS END ===================
