['add', 'mul', 1.5, 'exp', 'X_0', 'mul', 5.0, 'cos', 'X_1']
--------------------
eq_name 	 Jin_4
num_vars 	 2
vars_range_and_types 	 [{"name": "LogUniform", "range": [0.1, 10], "only_positive": true}, {"name": "LogUniform", "range": [0.1, 10], "only_positive": true}]
function_set 	 ['add', 'sub', 'mul', 'div', 'sin', 'cos', 'exp', 'n2', 'n3', 'const']
eq_expression 	 add,mul,1.5,exp,X_0,mul,5.0,cos,X_1
expr 	 1.5*exp(X_0) + 5.0*cos(X_1)
--------------------

== EXPERIMENT SETUP START ===========
Task type            : regression
Starting seed        : 0
Runs                 : 1
== EXPERIMENT SETUP END =============

== TRAINING SEED 0 START ============
self.dataX <dso.symbolic_data_generator.DataX object at 0x2b7d2b5dd390>, self.data_query_oracle: <dso.symbolic_equation_evaluator_public.Equation_evaluator object at 0x2b7d172bdd68>
generate dataset!
-- BUILDING PRIOR START -------------
WARNING: Skipping invalid 'RelationalConstraint' with arguments {'targets': [], 'effectors': [], 'relationship': None}. Reason: Prior disabled.
WARNING: Skipping invalid 'TrigConstraint' with arguments {}. Reason: There are no target Tokens.
WARNING: Skipping invalid 'UniformArityPrior' with arguments {}. Reason: Prior disabled.
WARNING: Skipping invalid 'LanguageModelPrior' with arguments {'weight': None}. Reason: Prior disabled.
LengthConstraint: Sequences have minimum length 4.
                  Sequences have maximum length 256.
RepeatConstraint: [const] cannot occur more than 10 times.
RelationalConstraint: [inv] cannot be a child of [inv].
ConstConstraint: [const] cannot be the only unique child of [inv, add, sub, mul, div].
NoInputsConstraint: Sequences contain at least one input variable Token.
SoftLengthPrior: No description available.
-- BUILDING PRIOR END ---------------

-- RUNNING EPOCHS START -------------
[00:00:00:09.61] Training epoch 1/14, current best R: 0.8266

	** New best
	Reward: 0.8266227521232105
	Count Off-policy: False
	Count On-policy: True
	Originally on Policy: True
	Invalid: False
	Traversal: add,x1,mul,add,inv,x1,div,mul,6.607983502376317,x1,inv,mul,add,add,-1.36988266471617,sub,x1,3.3698868919992075,-1.3698826647155702,x1,x1
	Expression:
	     ⎛                    2                             1 ⎞     
	  x₁⋅⎜6.607983502376317⋅x₁ ⋅(x₁ - 6.1096522214309476) + ──⎟ + x₁
	     ⎝                                                  x₁⎠     

[00:00:00:16.93] Training epoch 2/14, current best R: 0.9955

	** New best
	Reward: 0.9954539317581057
	Count Off-policy: False
	Count On-policy: True
	Originally on Policy: True
	Invalid: False
	Traversal: div,add,x1,mul,x1,inv,add,div,add,div,div,inv,x1,mul,x1,x1,0.009297005608069836,-0.28762984205313685,x1,0.019692214302927023,0.1808488658384014
	Expression:
	                                              5.5294789677783⋅x₁                
	  5.5294789677783⋅x₁ + ─────────────────────────────────────────────────────────
	                                                                     107.5615141
	                                              -0.28762984205313685 + ───────────
	                                                                              3 
	                                                                            x₁  
	                       0.019692214302927023 + ──────────────────────────────────
	                                                                 x₁             

      
	  ──────
	  214926
	  ──────
      
      
	  ──────
      

[00:00:01:22.74] Training epoch 10/14, current best R: 0.9955
[00:00:01:54.84] Ending training after epoch 14/14, current best R: 0.9955
-- RUNNING EPOCHS END ---------------

-- EVALUATION START ----------------
Saving Hall of Fame to ./log/regression_config_regression_PQT.json_Jin_4.in_normal_0.0_2023-05-30-040938/dso_regression_config_regression_PQT.json_Jin_4.in_normal_0.0_0_hof.csv
Saving Pareto Front to ./log/regression_config_regression_PQT.json_Jin_4.in_normal_0.0_2023-05-30-040938/dso_regression_config_regression_PQT.json_Jin_4.in_normal_0.0_0_pf.csv
Invalid expressions: 415 of 14336 (2.9%).
Error type counts:
  reciprocal: 271 (65.3%)
  true_divide: 144 (34.7%)
Error node counts:
  divide: 412 (99.3%)
  invalid: 3 (0.7%)

Priority queue entry 0:
	Reward: 0.9954539317581057
	Count Off-policy: False
	Count On-policy: True
	Originally on Policy: True
	Invalid: False
	Traversal: div,add,x1,mul,x1,inv,add,div,add,div,div,inv,x1,mul,x1,x1,0.009297005608069836,-0.28762984205313685,x1,0.019692214302927023,0.1808488658384014
	Expression:
	                                              5.5294789677783⋅x₁                
	  5.5294789677783⋅x₁ + ─────────────────────────────────────────────────────────
	                                                                     107.5615141
	                                              -0.28762984205313685 + ───────────
	                                                                              3 
	                                                                            x₁  
	                       0.019692214302927023 + ──────────────────────────────────
	                                                                 x₁             

      
	  ──────
	  214926
	  ──────
      
      
	  ──────
      


Priority queue entry 1:
	Reward: 0.9927283686030767
	Count Off-policy: False
	Count On-policy: True
	Originally on Policy: True
	Invalid: False
	Traversal: inv,div,add,inv,x1,sub,0.002954300800128376,mul,x1,inv,sub,add,mul,x1,x1,7.420036530870023,x1,x1
	Expression:
	                              x₁                            
	  ──────────────────────────────────────────────────────────
	                 x₁                                       1 
	  - ──────────────────────────── + 0.002954300800128376 + ──
	      2                                                   x₁
	    x₁  - x₁ + 7.420036530870023                            


Priority queue entry 2:
	Reward: 0.9749470974349888
	Count Off-policy: False
	Count On-policy: True
	Originally on Policy: True
	Invalid: False
	Traversal: inv,div,inv,mul,add,inv,div,add,-0.13374984868077905,inv,add,-3.8659474446515074,x1,x1,div,0.0010829496034836627,sub,x2,x1,x1,x1
	Expression:
	    2 ⎛                      x₁                         0.0010829496034836627⎞
	  x₁ ⋅⎜────────────────────────────────────────────── + ─────────────────────⎟
	      ⎜                                  1                     -x₁ + x₂      ⎟
	      ⎜-0.13374984868077905 + ───────────────────────                        ⎟
	      ⎝                       x₁ - 3.8659474446515074                        ⎠


Priority queue entry 3:
	Reward: 0.96992524714269
	Count Off-policy: False
	Count On-policy: True
	Originally on Policy: True
	Invalid: False
	Traversal: sub,div,x1,inv,mul,x1,inv,add,div,inv,x1,add,add,-4.428286692704053,mul,1.862535407719578,x1,-4.4282866927171565,-0.007307800221163125,x1
	Expression:
	                                     2                                       
	                                   x₁                                        
	  ────────────────────────────────────────────────────────────────────── - x₁
	                                                1                            
	  -0.007307800221163125 + ──────────────────────────────────────────────     
	                          x₁⋅(1.862535407719578⋅x₁ - 8.8565733854212094)     


Priority queue entry 4:
	Reward: 0.9608186953028807
	Count Off-policy: False
	Count On-policy: True
	Originally on Policy: True
	Invalid: False
	Traversal: div,x1,inv,add,-51.455780320890284,mul,div,x1,add,inv,mul,0.3636156991807512,x1,-0.2464686205338069,x1
	Expression:
	     ⎛                   2                                       ⎞
	     ⎜                 x₁                                        ⎟
	  x₁⋅⎜────────────────────────────────────── - 51.455780320890284⎟
	     ⎜                      2.75015628382675                     ⎟
	     ⎜-0.2464686205338069 + ────────────────                     ⎟
	     ⎝                             x₁                            ⎠


Priority queue entry 5:
	Reward: 0.9380774079378383
	Count Off-policy: False
	Count On-policy: True
	Originally on Policy: True
	Invalid: False
	Traversal: add,mul,inv,add,inv,x1,div,sub,add,0.4711073390578899,div,mul,mul,1.3312267327915905,inv,x1,1.3312267582821404,x1,1.4860073789681927,x1,x1,x1
	Expression:
	                             x₁                     
	  x₁ + ─────────────────────────────────────────────
	                             1.7721646480326742     
	       -1.0149000399103028 + ──────────────────     
	                                      2             
	                                    x₁            1 
	       ──────────────────────────────────────── + ──
	                          x₁                      x₁


Priority queue entry 6:
	Reward: 0.9157306650887239
	Count Off-policy: False
	Count On-policy: True
	Originally on Policy: True
	Invalid: False
	Traversal: mul,add,x1,-6.025030362679156,mul,div,inv,div,inv,add,x1,-6.025030362679156,x1,inv,add,x1,x1,x1
	Expression:
	      3                                              2
	  2⋅x₁ ⋅36.30099087120572⋅(0.1659742673156138⋅x₁ - 1) 


Priority queue entry 7:
	Reward: 0.8773853791716205
	Count Off-policy: False
	Count On-policy: True
	Originally on Policy: True
	Invalid: False
	Traversal: mul,x1,div,x1,mul,div,x2,mul,x1,inv,mul,div,add,mul,x1,-0.21758836842597296,2.2975654805776413,x2,0.021796361192580604,x1
	Expression:
	                          2                      
	                        x₁                       
	  ───────────────────────────────────────────────
	  0.050078567078275306 - 0.0047426346695168078⋅x₁


Priority queue entry 8:
	Reward: 0.8772226673383422
	Count Off-policy: False
	Count On-policy: True
	Originally on Policy: True
	Invalid: False
	Traversal: add,x2,mul,mul,x1,inv,mul,inv,mul,inv,sub,add,0.14531927266221717,mul,x1,0.07114810930115134,0.8965699114620451,x1,-0.1555190021622856,2.332024124444642
	Expression:
	                                   2                 
	               14.99510729892127⋅x₁                  
	  - ──────────────────────────────────────────── + x₂
	    0.07114810930115134⋅x₁ - 0.75125063879982792     


Priority queue entry 9:
	Reward: 0.8510378885545076
	Count Off-policy: False
	Count On-policy: True
	Originally on Policy: True
	Invalid: False
	Traversal: sub,add,334.56472564946864,mul,x1,add,mul,sub,mul,inv,sub,inv,x1,0.06887398541934536,x1,x1,x1,-334.49747009554204,x1
	Expression:
	     ⎛   ⎛                  x₁           ⎞                     ⎞                
	  x₁⋅⎜x₁⋅⎜-x₁ + ─────────────────────────⎟ - 334.49747009554204⎟ - x₁ + 334.5647
	     ⎜   ⎜                             1 ⎟                     ⎟                
	     ⎜   ⎜      -0.06887398541934536 + ──⎟                     ⎟                
	     ⎝   ⎝                             x₁⎠                     ⎠                

          
	  2564946864
          
          
          

-- EVALUATION END ------------------
== TRAINING SEED 0 END ==============
INFO: Completed run 1 of 1 in 117 s

== POST-PROCESS START =================
-- LOADING LOGS START ----------------
Successfully loaded summary data
Successfully loaded Hall of Fame data
Successfully loaded Pareto Front data
-- LOADING LOGS END ------------------

-- ANALYZING LOG START --------------
Task_____________regression
Source path______./log/regression_config_regression_PQT.json_Jin_4.in_normal_0.0_2023-05-30-040938
Runs_____________1
Max Samples/run__15000
Success_rate_____0.0
Hall of Fame (Top 5 of 100)____
    0: S=000 R=0.995454 <-- [5.5294789677783*x1 + 5.5294789677783*x1/(0.019692214302927023 + (-0.28762984205313685 + 107.5615141214926/x1**3)/x1)]
    1: S=000 R=0.992728 <-- [x1/(-x1/(x1**2 - x1 + 7.420036530870023) + 0.002954300800128376 + 1/x1)]
    2: S=000 R=0.974947 <-- [x1**2*(x1/(-0.13374984868077905 + 1/(x1 - 3.8659474446515074)) + 0.0010829496034836627/(-x1 + x2))]
    3: S=000 R=0.969925 <-- [x1**2/(-0.007307800221163125 + 1/(x1*(1.862535407719578*x1 - 8.8565733854212094))) - x1]
    4: S=000 R=0.964670 <-- [x1*(x1/(-0.007157617818305793 + 10.0326610076186/x1**3) - 39.26772590689229)]
  Saving Hall of Fame plot to ./log/regression_config_regression_PQT.json_Jin_4.in_normal_0.0_2023-05-30-040938/dso_regression_config_regression_PQT.json_Jin_4.in_normal_0.0_plot_hof.png
Pareto Front (5 of 11)____
    0: S=000 R=0.995454 C=27.00 <-- [5.5294789677783*x1 + 5.5294789677783*x1/(0.019692214302927023 + (-0.28762984205313685 + 107.5615141214926/x1**3)/x1)]
    1: S=000 R=0.992728 C=22.00 <-- [x1/(-x1/(x1**2 - x1 + 7.420036530870023) + 0.002954300800128376 + 1/x1)]
    2: S=000 R=0.960819 C=19.00 <-- [x1*(x1**2/(-0.2464686205338069 + 2.75015628382675/x1) - 51.455780320890284)]
    3: S=000 R=0.883884 C=16.00 <-- [20.736198984753127*x1/(-0.09448625692588593 + 1/x1) - 176.6291857548924]
    4: S=000 R=0.768595 C=15.00 <-- [1.3759714886307177*x1*(2*x1**3 - 386.47391828124125) + 465.54698190280167]
  Saving Pareto Front plot to ./log/regression_config_regression_PQT.json_Jin_4.in_normal_0.0_2023-05-30-040938/dso_regression_config_regression_PQT.json_Jin_4.in_normal_0.0_plot_pf.png
-- ANALYZING LOG END ----------------
== POST-PROCESS END ===================
