['add', 'mul', 5.5, 'sin', 'mul', 'add', -1.0, 'X_0', 'add', -1.0, 'X_1', 'mul', 1.35, 'mul', 'X_0', 'X_1']
--------------------
eq_name 	 Jin_6
num_vars 	 2
vars_range_and_types 	 [{"name": "LogUniform", "range": [0.1, 10], "only_positive": true}, {"name": "LogUniform", "range": [0.1, 10], "only_positive": true}]
function_set 	 ['add', 'sub', 'mul', 'div', 'sin', 'cos', 'exp', 'n2', 'n3', 'const']
eq_expression 	 add,mul,5.5,sin,mul,add,-1.0,X_0,add,-1.0,X_1,mul,1.35,mul,X_0,X_1
expr 	 1.35*X_0*X_1 + 5.5*sin((X_0 - 1.0)*(X_1 - 1.0))
--------------------

== EXPERIMENT SETUP START ===========
Task type            : regression
Starting seed        : 0
Runs                 : 1
== EXPERIMENT SETUP END =============

== TRAINING SEED 0 START ============
self.dataX <dso.symbolic_data_generator.DataX object at 0x2ab9f713db70>, self.data_query_oracle: <dso.symbolic_equation_evaluator_public.Equation_evaluator object at 0x2ab9e19d6d68>
generate dataset!
-- BUILDING PRIOR START -------------
WARNING: Skipping invalid 'RelationalConstraint' with arguments {'targets': [], 'effectors': [], 'relationship': None}. Reason: Prior disabled.
WARNING: Skipping invalid 'TrigConstraint' with arguments {}. Reason: There are no target Tokens.
WARNING: Skipping invalid 'UniformArityPrior' with arguments {}. Reason: Prior disabled.
WARNING: Skipping invalid 'LanguageModelPrior' with arguments {'weight': None}. Reason: Prior disabled.
LengthConstraint: Sequences have minimum length 4.
                  Sequences have maximum length 256.
RepeatConstraint: [const] cannot occur more than 10 times.
RelationalConstraint: [inv] cannot be a child of [inv].
ConstConstraint: [const] cannot be the only unique child of [inv, add, sub, mul, div].
NoInputsConstraint: Sequences contain at least one input variable Token.
SoftLengthPrior: No description available.
-- BUILDING PRIOR END ---------------

-- RUNNING EPOCHS START -------------
gen	iter	pop_size	nevals	uncached_size	best_val             	timer  
0  	0   	1024    	1024  	1024         	(-0.813536389753037,)	11.4934
1  	1   	1024    	793   	672          	(-0.8183495684379563,)	11.2528
2  	2   	1024    	770   	635          	(-0.8231646607342388,)	15.3072
3  	3   	1024    	775   	639          	(-0.8301380269294623,)	25.8019
4  	4   	1024    	788   	615          	(-0.8301380269294623,)	34.031 
5  	5   	1024    	755   	581          	(-0.8301380269294623,)	36.5262
6  	6   	1024    	761   	597          	(-0.8324553739705757,)	52.6298
7  	7   	1024    	790   	591          	(-0.8332193169492629,)	54.3266
8  	8   	1024    	760   	576          	(-0.8332193169492629,)	77.0016
9  	9   	1024    	764   	538          	(-0.836482348871519,) 	90.1227

--------------------------------------------------
GP Time: 408.771

Unique expressions evaluated: 7407
Total expression evaluations: 7980
--------------------------------------------------

GP -> best program this epoch:

	Reward: 0.836482348871519
	Count Off-policy: 1
	Count On-policy: 0
	Originally on Policy: False
	Invalid: False
	Traversal: mul,mul,add,x1,inv,sub,inv,sub,4.58612659504655,sub,sub,div,inv,add,30.426372393870697,x2,0.003028735078540454,x2,sub,add,x2,4.586126595442156,x2,sub,sub,div,div,add,0.3775740866232202,x2,0.3611984308784708,add,1.4432663203830647,x1,x2,x2,sub,x2,inv,add,0.34449723087564316,mul,add,x1,add,x1,-1.065130124410354,x1,1.3372915471189688
	Expression:
	                     ⎛                                                     1    
	  1.3372915471189688⋅⎜x₁ + ─────────────────────────────────────────────────────
	                     ⎜                                   1                      
	                     ⎜     2⋅x₂ + ──────────────────────────────────────────────
	                     ⎜                                        330.1708383428172 
	                     ⎜            x₂ + 9.172253190488706 - ─────────────────────
	                     ⎝                                     x₂ + 30.4263723938706

	                                              ⎞ ⎛                              1
	  ────────────────────────────────────────────⎟⋅⎜x₂ - ──────────────────────────
	       2.768561307334309⋅x₂ + 1.04533700687714⎟ ⎝     x₁⋅(2⋅x₁ - 1.0651301244103
	  ── - ───────────────────────────────────────⎟                                 
	               x₁ + 1.4432663203830647        ⎟                                 
	  ──                                          ⎟                                 
	  97                                          ⎠                                 

	                           ⎞
	  ─────────────────────────⎟
	  54) + 0.34449723087564316⎠
                          
                          
                          
                          

None

--------------------------------------------------

[00:00:07:11.12] Training epoch 1/14, current best R: 0.8365

	** New best
	Reward: 0.836482348871519
	Count Off-policy: 1
	Count On-policy: 0
	Originally on Policy: False
	Invalid: False
	Traversal: mul,mul,add,x1,inv,sub,inv,sub,4.58612659504655,sub,sub,div,inv,add,30.426372393870697,x2,0.003028735078540454,x2,sub,add,x2,4.586126595442156,x2,sub,sub,div,div,add,0.3775740866232202,x2,0.3611984308784708,add,1.4432663203830647,x1,x2,x2,sub,x2,inv,add,0.34449723087564316,mul,add,x1,add,x1,-1.065130124410354,x1,1.3372915471189688
	Expression:
	                     ⎛                                                     1    
	  1.3372915471189688⋅⎜x₁ + ─────────────────────────────────────────────────────
	                     ⎜                                   1                      
	                     ⎜     2⋅x₂ + ──────────────────────────────────────────────
	                     ⎜                                        330.1708383428172 
	                     ⎜            x₂ + 9.172253190488706 - ─────────────────────
	                     ⎝                                     x₂ + 30.4263723938706

	                                              ⎞ ⎛                              1
	  ────────────────────────────────────────────⎟⋅⎜x₂ - ──────────────────────────
	       2.768561307334309⋅x₂ + 1.04533700687714⎟ ⎝     x₁⋅(2⋅x₁ - 1.0651301244103
	  ── - ───────────────────────────────────────⎟                                 
	               x₁ + 1.4432663203830647        ⎟                                 
	  ──                                          ⎟                                 
	  97                                          ⎠                                 

	                           ⎞
	  ─────────────────────────⎟
	  54) + 0.34449723087564316⎠
                          
                          
                          
                          

10 	0   	1024    	1024  	1017         	(-0.8171209148058481,)	11.9983
11 	1   	1024    	770   	631          	(-0.8171209148058481,)	10.5709
12 	2   	1024    	783   	652          	(-0.8172131883450727,)	12.8936
13 	3   	1024    	791   	616          	(-0.8202068878740914,)	13.6597
14 	4   	1024    	732   	604          	(-0.8202068878740914,)	19.751 
15 	5   	1024    	777   	620          	(-0.8256586621464361,)	25.2821
16 	6   	1024    	795   	645          	(-0.8291257603079244,)	29.5787
17 	7   	1024    	777   	626          	(-0.8291257603079244,)	35.8738
18 	8   	1024    	761   	598          	(-0.8291257603079244,)	38.6796
19 	9   	1024    	769   	612          	(-0.8348015078186954,)	43.83  

--------------------------------------------------
GP Time: 242.398

Unique expressions evaluated: 14975
Total expression evaluations: 15959
--------------------------------------------------

GP -> best program this epoch:

	Reward: 0.8348015078186954
	Count Off-policy: 1
	Count On-policy: 0
	Originally on Policy: False
	Invalid: False
	Traversal: sub,inv,mul,x2,inv,div,div,0.378063181857177,add,add,x1,div,mul,inv,x1,0.08550883708040964,x1,x1,x1,add,mul,x2,div,add,add,x2,-29.154308211578,div,15.80515219551637,add,mul,div,x1,x1,mul,0.12381183011321632,x2,mul,div,x1,x2,div,x1,add,inv,add,x1,x2,add,x1,div,-0.9732294362976494,x2,add,x2,add,x2,div,15.458078080310225,x2,add,mul,div,-1.2387939861465747,inv,x1,add,x2,0.07051677748629445,1.7258591107081531
	Expression:
	                                                        ⎛                       
	                                                     x₂⋅⎜x₂ - 29.154308211578 + 
	                                                        ⎜                       
	                                                        ⎜                       
	                                                        ⎜                       
	                                                        ⎜                       
	                                                        ⎜                       
	                                                        ⎝                       
	  1.2387939861465747⋅x₁⋅(x₂ + 0.07051677748629445) - ───────────────────────────
                                                                              
                                                                              
                                                                              
                                                                              

	                         15.80515219551637                       ⎞              
	  ───────────────────────────────────────────────────────────────⎟              
	                     2                                           ⎟              
	                   x₁                                            ⎟              
	  ────────────────────────────────────── + 0.12381183011321632⋅x₂⎟              
	     ⎛        1      0.9732294362976494⎞                         ⎟              
	  x₂⋅⎜x₁ + ─────── - ──────────────────⎟                         ⎟              
	     ⎝     x₁ + x₂           x₂        ⎠                         ⎠              
	  ──────────────────────────────────────────────────────────────── - 1.725859110
	               15.458078080310225                                               
	        2⋅x₂ + ──────────────────                                               
	                       x₂                                                       
                                                                              

                                            
                                            
                                            
                                            
                                            
                                            
                                            
	                    0.378063181857177         
	  7081531 + ──────────────────────────────────
	                  ⎛       0.08550883708040964⎞
	            x₁⋅x₂⋅⎜2⋅x₁ + ───────────────────⎟
	                  ⎜                 2        ⎟
	                  ⎝               x₁         ⎠

None

--------------------------------------------------

-- RUNNING EPOCHS END ---------------

-- EVALUATION START ----------------
Saving Hall of Fame to ./log/regression_config_regression_GPMELD.json_Jin_6.in_normal_0.0_2023-05-30-041626/dso_regression_config_regression_GPMELD.json_Jin_6.in_normal_0.0_0_hof.csv
Saving Pareto Front to ./log/regression_config_regression_GPMELD.json_Jin_6.in_normal_0.0_2023-05-30-041626/dso_regression_config_regression_GPMELD.json_Jin_6.in_normal_0.0_0_pf.csv
Invalid expressions: 204 of 18007 (1.1%).
Error type counts:
  true_divide: 87 (42.6%)
  reciprocal: 117 (57.4%)
Error node counts:
  divide: 204 (100.0%)
-- EVALUATION END ------------------
== TRAINING SEED 0 END ==============
INFO: Completed run 1 of 1 in 692 s

== POST-PROCESS START =================
-- LOADING LOGS START ----------------
Successfully loaded summary data
Successfully loaded Hall of Fame data
Successfully loaded Pareto Front data
-- LOADING LOGS END ------------------

-- ANALYZING LOG START --------------
Task_____________regression
Source path______./log/regression_config_regression_GPMELD.json_Jin_6.in_normal_0.0_2023-05-30-041626
Runs_____________1
Max Samples/run__15000
Success_rate_____0.0
Hall of Fame (Top 5 of 100)____
    0: S=000 R=0.836482 <-- [1.3372915471189688*(x1 + 1/(2*x2 + 1/(x2 + 9.172253190488706 - 330.1708383428172/(x2 + 30.426372393870697)) - (2.768561307334309*x2 + 1.04533700687714)/(x1 + 1.4432663203830647)))*(x2 - 1/(x1*(2*x1 - 1.065130124410354) + 0.34449723087564316))]
    1: S=000 R=0.836482 <-- [1.3372915471189688*(x1 + 1/(2*x2 + 1/(x2 + 9.172253190488706 - 330.1708383428172/(x2 + 30.426372393870697)) - (2.768561307334309*x2 + 1.04533700687714)/(x1 + 1.4432663203830647)))*(x2 - 1/(x1*(2*x1 - 1.065130124410354) + 0.34449723087564316))]
    2: S=000 R=0.834802 <-- [1.2387939861465747*x1*(x2 + 0.07051677748629445) - x2*(x2 - 29.154308211578 + 15.80515219551637/(x1**2/(x2*(x1 + 1/(x1 + x2) - 0.9732294362976494/x2)) + 0.12381183011321632*x2))/(2*x2 + 15.458078080310225/x2) - 1.7258591107081531 + 0.378063181857177/(x1*x2*(2*x1 + 0.08550883708040964/x1**2))]
    3: S=000 R=0.834802 <-- [1.2387939861465747*x1*(x2 + 0.07051677748629445) - x2*(x2 - 29.154308211578 + 15.80515219551637/(x1**2/(x2*(x1 + 1/(x1 + x2) - 0.9732294362976494/x2)) + 0.12381183011321632*x2))/(2*x2 + 15.458078080310225/x2) - 1.7258591107081531 + 0.378063181857177/(x1*x2*(2*x1 + 0.08550883708040964/x1**2))]
    4: S=000 R=0.834475 <-- [1.3442579756622333*(x1 + 1/(2*x2 + 1/(x2 - 1.0403163919682812 - 1.077718464649919/(x2 + 3.3100447570497975)) - 0.533817857712704/((x1 + 0.10328279687414214)*(x1 + 0.4881581416611321 + 0.17519080677328966/x2))))*(x2 - 1/(x1*(x1*(2*x1 - 3.332426145471237) + x1 + 1.3280278162942396)))]
  Saving Hall of Fame plot to ./log/regression_config_regression_GPMELD.json_Jin_6.in_normal_0.0_2023-05-30-041626/dso_regression_config_regression_GPMELD.json_Jin_6.in_normal_0.0_plot_hof.png
Pareto Front (5 of 12)____
    0: S=000 R=0.836482 C=56.00 <-- [1.3372915471189688*(x1 + 1/(2*x2 + 1/(x2 + 9.172253190488706 - 330.1708383428172/(x2 + 30.426372393870697)) - (2.768561307334309*x2 + 1.04533700687714)/(x1 + 1.4432663203830647)))*(x2 - 1/(x1*(2*x1 - 1.065130124410354) + 0.34449723087564316))]
    1: S=000 R=0.832460 C=54.00 <-- [1.27482135673321*(x1 + 1/(2*x2 + 1/(x2 - 1.231996790078033 - 0.05370165226970033/(x2 - 0.07234917504740898)) - 26.22085322647823/((x1 - 0.045995863467157456)*(x2 + 162.5925613482171))))*(x2 + 0.44806085197127205 - 0.9726119634065541/x1)]
    2: S=000 R=0.832027 C=53.00 <-- [1.2860366838745625*(x1 + 1/(2*x2 + 1/(x2 - 1.2078677471713337 - 0.073905860428631789/x2) - 3.2317512741052435/((x1 - 0.04631598693252036)*(x2 + 19.4810123780981))))*(x2 + 0.40293599436605365 - 1/x1)]
    3: S=000 R=0.831990 C=37.00 <-- [0.6821574812218979*x2*(2*x1 + (1 - 4.959795624098944/x2)/(x1*x2 + 1/(x1 + x2*(x1 + x2) - 1.2835415799434544)) - 0.08078932388990066)]
    4: S=000 R=0.824478 C=29.00 <-- [-1.304669483979492*x1*(-x2 - 0.5884255666423567) - 0.39251048947361322*x1 + 0.39251048947361322*x2 - 3.0796135357255966 + 2.4208670069832703/(0.9819143965979941*x1 + x2)]
  Saving Pareto Front plot to ./log/regression_config_regression_GPMELD.json_Jin_6.in_normal_0.0_2023-05-30-041626/dso_regression_config_regression_GPMELD.json_Jin_6.in_normal_0.0_plot_pf.png
-- ANALYZING LOG END ----------------
== POST-PROCESS END ===================
