['add', 'mul', 0.5, 'pow', 'X_1', 2, 'add', 'mul', 2.5, 'pow', 'X_0', 4, 'add', 'mul', -1.3, 'pow', 'X_0', 3, 'mul', -1.7, 'X_1']
--------------------
eq_name 	 Jin_1
num_vars 	 2
vars_range_and_types 	 [{"name": "LogUniform", "range": [0.1, 10], "only_positive": true}, {"name": "LogUniform", "range": [0.1, 10], "only_positive": true}]
function_set 	 ['add', 'sub', 'mul', 'div', 'sin', 'cos', 'pow', 'n2', 'n3', 'const']
eq_expression 	 add,mul,0.5,pow,X_1,2,add,mul,2.5,pow,X_0,4,add,mul,-1.3,pow,X_0,3,mul,-1.7,X_1
expr 	 2.5*X_0**4 - 1.3*X_0**3 + 0.5*X_1**2 - 1.7*X_1
--------------------

== EXPERIMENT SETUP START ===========
Task type            : regression
Starting seed        : 0
Runs                 : 1
== EXPERIMENT SETUP END =============

== TRAINING SEED 0 START ============
self.dataX <dso.symbolic_data_generator.DataX object at 0x2aebd0b1d390>, self.data_query_oracle: <dso.symbolic_equation_evaluator_public.Equation_evaluator object at 0x2aebb7346d68>
generate dataset!
-- BUILDING PRIOR START -------------
WARNING: Skipping invalid 'RelationalConstraint' with arguments {'targets': [], 'effectors': [], 'relationship': None}. Reason: Prior disabled.
WARNING: Skipping invalid 'TrigConstraint' with arguments {}. Reason: There are no target Tokens.
WARNING: Skipping invalid 'UniformArityPrior' with arguments {}. Reason: Prior disabled.
WARNING: Skipping invalid 'LanguageModelPrior' with arguments {'weight': None}. Reason: Prior disabled.
LengthConstraint: Sequences have minimum length 4.
                  Sequences have maximum length 256.
RepeatConstraint: [const] cannot occur more than 10 times.
RelationalConstraint: [inv] cannot be a child of [inv].
ConstConstraint: [const] cannot be the only unique child of [inv, add, sub, mul, div].
NoInputsConstraint: Sequences contain at least one input variable Token.
SoftLengthPrior: No description available.
-- BUILDING PRIOR END ---------------

-- RUNNING EPOCHS START -------------
[00:00:00:09.68] Training epoch 1/14, current best R: 0.9951

	** New best
	Reward: 0.9951004394256147
	Count Off-policy: False
	Count On-policy: True
	Originally on Policy: True
	Invalid: False
	Traversal: mul,x1,add,mul,mul,x1,add,div,-0.10466048494921575,x2,mul,x1,sub,add,div,inv,x2,84.8768408545559,2.1750195256541804,-0.1970270213437911,x1,-12.398094682111749
	Expression:
	     ⎛  2 ⎛   ⎛                     0.0117817768655361⎞   0.10466048494921575⎞  
	  x₁⋅⎜x₁ ⋅⎜x₁⋅⎜2.3720465469979715 + ──────────────────⎟ - ───────────────────⎟ -
	     ⎝    ⎝   ⎝                             x₂        ⎠            x₂        ⎠  

	                     ⎞
	   12.398094682111749⎟
	                     ⎠

[00:00:00:44.17] Training epoch 5/14, current best R: 0.9955

	** New best
	Reward: 0.9954758304273613
	Count Off-policy: False
	Count On-policy: True
	Originally on Policy: True
	Invalid: False
	Traversal: mul,mul,sub,add,0.24248809223134316,mul,mul,sub,inv,add,mul,x2,add,x1,x2,x1,x1,x1,-2.4786065792077374,x1,x1,x1
	Expression:
	    2 ⎛                        ⎛              1        ⎞                        
	  x₁ ⋅⎜- 2.4786065792077374⋅x₁⋅⎜-x₁ + ─────────────────⎟ - x₁ + 0.24248809223134
	      ⎝                        ⎝      x₁ + x₂⋅(x₁ + x₂)⎠                        

	     ⎞
	  316⎟
	     ⎠

[00:00:01:03.56] Training epoch 7/14, current best R: 0.9973

	** New best
	Reward: 0.9973182919034898
	Count Off-policy: False
	Count On-policy: True
	Originally on Policy: True
	Invalid: False
	Traversal: mul,mul,x1,div,sub,-0.1558220705489572,mul,mul,mul,sub,0.10043822253200677,mul,sub,sub,add,x2,-112.65347784789124,x1,x2,x2,x1,-0.01935063304881895,x1,x2,x1
	Expression:
	    2 ⎛                      2                                                  
	  x₁ ⋅⎝0.01935063304881895⋅x₁ ⋅(-x₂⋅(-x₁ - 112.65347784789124) + 0.1004382225320
	  ──────────────────────────────────────────────────────────────────────────────
	                                                      x₂                        

	                            ⎞
	  0677) - 0.1558220705489572⎠
	  ───────────────────────────
                           

[00:00:01:11.85] Training epoch 8/14, current best R: 0.9982

	** New best
	Reward: 0.9982139527371086
	Count Off-policy: False
	Count On-policy: True
	Originally on Policy: True
	Invalid: False
	Traversal: mul,mul,add,x1,x1,x1,mul,add,sub,-0.8474628448497461,mul,add,0.8293551722175799,x1,-0.24911291571933067,x1,x1
	Expression:
	      3                                              
	  2⋅x₁ ⋅(1.2491129157193307⋅x₁ - 0.64085975973171714)

[00:00:01:32.77] Training epoch 10/14, current best R: 0.9983

	** New best
	Reward: 0.9983466111776876
	Count Off-policy: False
	Count On-policy: True
	Originally on Policy: True
	Invalid: False
	Traversal: mul,mul,x1,mul,add,add,mul,add,add,div,add,div,mul,x1,sub,x1,0.6191581852452299,0.09748705141588754,x1,x2,-0.2232001344830109,-0.2232001344864811,0.2436733156832684,0.07621910603123251,0.07621910603087517,x1,x2
	Expression:
	    2    ⎛                      0.2436733156832684⋅(10.25777255005816⋅x₁⋅(x₁ - 0
	  x₁ ⋅x₂⋅⎜0.04366237840040873 + ────────────────────────────────────────────────
	         ⎝                                                         x₂           

	  .6191581852452299) + x₁)⎞
	  ────────────────────────⎟
	                          ⎠

[00:00:01:32.78] Training epoch 10/14, current best R: 0.9983
[00:00:02:12.24] Ending training after epoch 14/14, current best R: 0.9983
-- RUNNING EPOCHS END ---------------

-- EVALUATION START ----------------
Saving Hall of Fame to ./log/regression_config_regression_PQT.json_Jin_1.in_normal_0.0_2023-05-30-035700/dso_regression_config_regression_PQT.json_Jin_1.in_normal_0.0_0_hof.csv
Saving Pareto Front to ./log/regression_config_regression_PQT.json_Jin_1.in_normal_0.0_2023-05-30-035700/dso_regression_config_regression_PQT.json_Jin_1.in_normal_0.0_0_pf.csv
Invalid expressions: 331 of 14336 (2.3%).
Error type counts:
  true_divide: 133 (40.2%)
  reciprocal: 198 (59.8%)
Error node counts:
  divide: 330 (99.7%)
  invalid: 1 (0.3%)

Priority queue entry 0:
	Reward: 0.9983466111776876
	Count Off-policy: False
	Count On-policy: True
	Originally on Policy: True
	Invalid: False
	Traversal: mul,mul,x1,mul,add,add,mul,add,add,div,add,div,mul,x1,sub,x1,0.6191581852452299,0.09748705141588754,x1,x2,-0.2232001344830109,-0.2232001344864811,0.2436733156832684,0.07621910603123251,0.07621910603087517,x1,x2
	Expression:
	    2    ⎛                      0.2436733156832684⋅(10.25777255005816⋅x₁⋅(x₁ - 0
	  x₁ ⋅x₂⋅⎜0.04366237840040873 + ────────────────────────────────────────────────
	         ⎝                                                         x₂           

	  .6191581852452299) + x₁)⎞
	  ────────────────────────⎟
	                          ⎠


Priority queue entry 1:
	Reward: 0.9982139527371086
	Count Off-policy: False
	Count On-policy: True
	Originally on Policy: True
	Invalid: False
	Traversal: mul,mul,add,x1,x1,x1,mul,add,sub,-0.8474628448497461,mul,add,0.8293551722175799,x1,-0.24911291571933067,x1,x1
	Expression:
	      3                                              
	  2⋅x₁ ⋅(1.2491129157193307⋅x₁ - 0.64085975973171714)


Priority queue entry 2:
	Reward: 0.9980797485224753
	Count Off-policy: False
	Count On-policy: True
	Originally on Policy: True
	Invalid: False
	Traversal: div,mul,x1,add,sub,mul,2.773225993873463,x1,mul,-4.4561844246020526,mul,add,mul,mul,x1,x1,0.479230115842849,-2.0147403901597665,x1,9.825518630068698,0.8795591657622587
	Expression:
	                       ⎛                      ⎛                    2            
	  1.136933180763755⋅x₁⋅⎝4.4561844246020526⋅x₁⋅⎝0.479230115842849⋅x₁  - 2.0147403

	           ⎞                                           ⎞
	  901597665⎠ + 2.773225993873463⋅x₁ + 9.825518630068698⎠


Priority queue entry 3:
	Reward: 0.997672093525213
	Count Off-policy: False
	Count On-policy: True
	Originally on Policy: True
	Invalid: False
	Traversal: mul,x1,mul,add,-6.102953938538868,sub,-6.1029539385388745,sub,mul,sub,div,-7.734210019135776,x1,mul,x1,x1,2.3709276754574744,x1,x1
	Expression:
	    2 ⎛                     2                             18.337252582169494⎞
	  x₁ ⋅⎜2.3709276754574744⋅x₁  + x₁ - 12.205907877077743 + ──────────────────⎟
	      ⎝                                                           x₁        ⎠


Priority queue entry 4:
	Reward: 0.9973182919034898
	Count Off-policy: False
	Count On-policy: True
	Originally on Policy: True
	Invalid: False
	Traversal: mul,mul,x1,div,sub,-0.1558220705489572,mul,mul,mul,sub,0.10043822253200677,mul,sub,sub,add,x2,-112.65347784789124,x1,x2,x2,x1,-0.01935063304881895,x1,x2,x1
	Expression:
	    2 ⎛                      2                                                  
	  x₁ ⋅⎝0.01935063304881895⋅x₁ ⋅(-x₂⋅(-x₁ - 112.65347784789124) + 0.1004382225320
	  ──────────────────────────────────────────────────────────────────────────────
	                                                      x₂                        

	                            ⎞
	  0677) - 0.1558220705489572⎠
	  ───────────────────────────
                           


Priority queue entry 5:
	Reward: 0.9954758304273613
	Count Off-policy: False
	Count On-policy: True
	Originally on Policy: True
	Invalid: False
	Traversal: mul,mul,sub,add,0.24248809223134316,mul,mul,sub,inv,add,mul,x2,add,x1,x2,x1,x1,x1,-2.4786065792077374,x1,x1,x1
	Expression:
	    2 ⎛                        ⎛              1        ⎞                        
	  x₁ ⋅⎜- 2.4786065792077374⋅x₁⋅⎜-x₁ + ─────────────────⎟ - x₁ + 0.24248809223134
	      ⎝                        ⎝      x₁ + x₂⋅(x₁ + x₂)⎠                        

	     ⎞
	  316⎟
	     ⎠


Priority queue entry 6:
	Reward: 0.9951004394256147
	Count Off-policy: False
	Count On-policy: True
	Originally on Policy: True
	Invalid: False
	Traversal: mul,x1,add,mul,mul,x1,add,div,-0.10466048494921575,x2,mul,x1,sub,add,div,inv,x2,84.8768408545559,2.1750195256541804,-0.1970270213437911,x1,-12.398094682111749
	Expression:
	     ⎛  2 ⎛   ⎛                     0.0117817768655361⎞   0.10466048494921575⎞  
	  x₁⋅⎜x₁ ⋅⎜x₁⋅⎜2.3720465469979715 + ──────────────────⎟ - ───────────────────⎟ -
	     ⎝    ⎝   ⎝                             x₂        ⎠            x₂        ⎠  

	                     ⎞
	   12.398094682111749⎟
	                     ⎠


Priority queue entry 7:
	Reward: 0.9942925318915414
	Count Off-policy: False
	Count On-policy: True
	Originally on Policy: True
	Invalid: False
	Traversal: sub,div,mul,sub,div,mul,mul,x1,mul,add,div,div,sub,mul,-0.010488851115043872,x2,-0.0010749801786924472,x2,x2,x1,x1,x2,x2,5.950959562621697,x1,0.420541590714329,x2
	Expression:
	                      ⎛  2 ⎛     0.0010749801786924472 - 0.010488851115043872⋅x₂
	  2.37788609279146⋅x₁⋅⎜x₁ ⋅⎜x₁ + ───────────────────────────────────────────────
	                      ⎜    ⎜                             2                      
	                      ⎝    ⎝                           x₂                       

	  ⎞                    ⎞     
	  ⎟ - 5.950959562621697⎟ - x₂
	  ⎟                    ⎟     
	  ⎠                    ⎠     


Priority queue entry 8:
	Reward: 0.9919831182144873
	Count Off-policy: False
	Count On-policy: True
	Originally on Policy: True
	Invalid: False
	Traversal: mul,mul,div,add,-2.1103038957028084,x1,sub,0.7996094650405701,add,inv,sub,inv,x1,x1,0.8482225743986102,15.855187614501938,x1
	Expression:
	  15.855187614501938⋅x₁⋅(x₁ - 2.1103038957028084)
	  ───────────────────────────────────────────────
	                                    1            
	           -0.0486131093580401 - ────────        
	                                       1         
	                                 -x₁ + ──        
	                                       x₁        


Priority queue entry 9:
	Reward: 0.9902418998699296
	Count Off-policy: False
	Count On-policy: True
	Originally on Policy: True
	Invalid: False
	Traversal: mul,2.351787348027051,div,mul,sub,add,x1,mul,mul,mul,x1,div,div,x1,inv,x1,x2,x2,x1,x1,x2,x2
	Expression:
	                      4
	  2.351787348027051⋅x₁ 

-- EVALUATION END ------------------
== TRAINING SEED 0 END ==============
INFO: Completed run 1 of 1 in 134 s

== POST-PROCESS START =================
-- LOADING LOGS START ----------------
Successfully loaded summary data
Successfully loaded Hall of Fame data
Successfully loaded Pareto Front data
-- LOADING LOGS END ------------------

-- ANALYZING LOG START --------------
Task_____________regression
Source path______./log/regression_config_regression_PQT.json_Jin_1.in_normal_0.0_2023-05-30-035700
Runs_____________1
Max Samples/run__15000
Success_rate_____0.0
Hall of Fame (Top 5 of 100)____
    0: S=000 R=0.998347 <-- [x1**2*x2*(0.04366237840040873 + 0.2436733156832684*(10.25777255005816*x1*(x1 - 0.6191581852452299) + x1)/x2)]
    1: S=000 R=0.998214 <-- [2*x1**3*(1.2491129157193307*x1 - 0.64085975973171714)]
    2: S=000 R=0.998080 <-- [1.136933180763755*x1*(4.4561844246020526*x1*(0.479230115842849*x1**2 - 2.0147403901597665) + 2.773225993873463*x1 + 9.825518630068698)]
    3: S=000 R=0.997672 <-- [x1**2*(2.3709276754574744*x1**2 + x1 - 12.205907877077743 + 18.337252582169494/x1)]
    4: S=000 R=0.997318 <-- [x1**2*(0.01935063304881895*x1**2*(-x2*(-x1 - 112.65347784789124) + 0.10043822253200677) - 0.1558220705489572)/x2]
  Saving Hall of Fame plot to ./log/regression_config_regression_PQT.json_Jin_1.in_normal_0.0_2023-05-30-035700/dso_regression_config_regression_PQT.json_Jin_1.in_normal_0.0_plot_hof.png
Pareto Front (5 of 7)____
    0: S=000 R=0.998347 C=29.00 <-- [x1**2*x2*(0.04366237840040873 + 0.2436733156832684*(10.25777255005816*x1*(x1 - 0.6191581852452299) + x1)/x2)]
    1: S=000 R=0.998214 C=17.00 <-- [2*x1**3*(1.2491129157193307*x1 - 0.64085975973171714)]
    2: S=000 R=0.968902 C=13.00 <-- [x1*(6.458337988590527*x1*(6.45833799128833*x1 - 33.45153069675122) + 290.43374435286023)]
    3: S=000 R=0.948653 C=9.00 <-- [x1**2*(34.51969564776966*x1 - 119.81754475609972)]
    4: S=000 R=0.731843 C=8.00 <-- [155.68270382589114*x1**2]
  Saving Pareto Front plot to ./log/regression_config_regression_PQT.json_Jin_1.in_normal_0.0_2023-05-30-035700/dso_regression_config_regression_PQT.json_Jin_1.in_normal_0.0_plot_pf.png
-- ANALYZING LOG END ----------------
== POST-PROCESS END ===================
