['add', 'mul', 0.5, 'pow', 'X_1', 3, 'add', 'mul', 0.2, 'pow', 'X_0', 3, 'add', 'mul', -0.5, 'X_0', 'mul', -1.2, 'X_1']
--------------------
eq_name 	 Jin_3
num_vars 	 2
vars_range_and_types 	 [{"name": "LogUniform", "range": [0.1, 10], "only_positive": true}, {"name": "LogUniform", "range": [0.1, 10], "only_positive": true}]
function_set 	 ['add', 'sub', 'mul', 'div', 'sin', 'cos', 'exp', 'n2', 'n3', 'const']
eq_expression 	 add,mul,0.5,pow,X_1,3,add,mul,0.2,pow,X_0,3,add,mul,-0.5,X_0,mul,-1.2,X_1
expr 	 0.2*X_0**3 - 0.5*X_0 + 0.5*X_1**3 - 1.2*X_1
--------------------

== EXPERIMENT SETUP START ===========
Task type            : regression
Starting seed        : 0
Runs                 : 1
== EXPERIMENT SETUP END =============

== TRAINING SEED 0 START ============
self.dataX <dso.symbolic_data_generator.DataX object at 0x2ba400e0bb70>, self.data_query_oracle: <dso.symbolic_equation_evaluator_public.Equation_evaluator object at 0x2ba3e768fd68>
generate dataset!
-- BUILDING PRIOR START -------------
WARNING: Skipping invalid 'RelationalConstraint' with arguments {'targets': [], 'effectors': [], 'relationship': None}. Reason: Prior disabled.
WARNING: Skipping invalid 'TrigConstraint' with arguments {}. Reason: There are no target Tokens.
WARNING: Skipping invalid 'UniformArityPrior' with arguments {}. Reason: Prior disabled.
WARNING: Skipping invalid 'LanguageModelPrior' with arguments {'weight': None}. Reason: Prior disabled.
LengthConstraint: Sequences have minimum length 4.
                  Sequences have maximum length 256.
RepeatConstraint: [const] cannot occur more than 10 times.
RelationalConstraint: [inv] cannot be a child of [inv].
ConstConstraint: [const] cannot be the only unique child of [inv, add, sub, mul, div].
NoInputsConstraint: Sequences contain at least one input variable Token.
SoftLengthPrior: No description available.
-- BUILDING PRIOR END ---------------

-- RUNNING EPOCHS START -------------
[00:00:00:08.48] Training epoch 1/14, current best R: 0.8018

	** New best
	Reward: 0.8017742100581576
	Count Off-policy: False
	Count On-policy: True
	Originally on Policy: True
	Invalid: False
	Traversal: add,mul,x1,x1,mul,add,-2.6967370563451465,mul,1.5741138811564521,mul,add,add,add,x2,x2,-4.591281740062782,x1,1.5741138811564523,x2
	Expression:
	    2                                                                          
	  x₁  + x₂⋅(2.4778345108494293⋅x₁ + 4.9556690216988586⋅x₂ - 14.073173400905527)

[00:00:00:20.49] Training epoch 2/14, current best R: 0.8309

	** New best
	Reward: 0.8308666006272016
	Count Off-policy: False
	Count On-policy: True
	Originally on Policy: True
	Invalid: False
	Traversal: inv,add,-0.005779326363640674,inv,add,mul,add,div,div,x2,x1,0.06624618998496738,div,20.966749726900797,add,1.7001334907070393,x2,x1,-25.128572366301174
	Expression:
	                                                 1                              
	  ──────────────────────────────────────────────────────────────────────────────
	                                                             1                  
	  -0.005779326363640674 + ──────────────────────────────────────────────────────
	                             ⎛   20.966749726900797     15.09520774291956⋅x₂⎞   
	                          x₁⋅⎜─────────────────────── + ────────────────────⎟ - 
	                             ⎝x₂ + 1.7001334907070393            x₁         ⎠   

                  
	  ──────────────────
                  
	  ──────────────────
                  
	  25.128572366301174
                  

[00:00:01:15.97] Training epoch 7/14, current best R: 0.8370

	** New best
	Reward: 0.8370318118523653
	Count Off-policy: False
	Count On-policy: True
	Originally on Policy: True
	Invalid: False
	Traversal: mul,div,sub,x2,div,sub,mul,x2,inv,div,mul,inv,mul,add,8.993512093308796,x2,-0.2809018420924297,9.915972460374736,x2,x1,-1.1582265947748402,0.03336635402989785,-0.4287888127672369
	Expression:
	                                               2                                
	  11.095353911960836⋅x₁ - 1.1189375481123039⋅x₂ ⋅(-0.2809018420924297⋅x₂ - 2.526

                                   
	  294113890984) - 12.8509339792721⋅x₂

[00:00:02:00.24] Training epoch 10/14, current best R: 0.8924

	** New best
	Reward: 0.8924056075369771
	Count Off-policy: False
	Count On-policy: True
	Originally on Policy: True
	Invalid: False
	Traversal: mul,sub,x2,mul,add,add,-2.012146369482645,mul,mul,div,add,div,1.3740378694151392,x2,-0.007126624115491132,5.12273283232908,x1,x1,x2,x2,-6.273238854048448
	Expression:
	                       ⎛  2 ⎛                        0.26822360532716378⎞       
	  6.273238854048448⋅x₂⋅⎜x₁ ⋅⎜-0.001391176223463321 + ───────────────────⎟ + x₂ -
	                       ⎝    ⎝                                 x₂        ⎠       

	                    ⎞                       
	   2.012146369482645⎟ - 6.273238854048448⋅x₂
	                    ⎠                       

[00:00:02:00.25] Training epoch 10/14, current best R: 0.8924
[00:00:03:22.67] Ending training after epoch 14/14, current best R: 0.8924
-- RUNNING EPOCHS END ---------------

-- EVALUATION START ----------------
Saving Hall of Fame to ./log/regression_config_regression_DSR.json_Jin_3.in_normal_0.0_2023-05-30-040503/dso_regression_config_regression_DSR.json_Jin_3.in_normal_0.0_0_hof.csv
Saving Pareto Front to ./log/regression_config_regression_DSR.json_Jin_3.in_normal_0.0_2023-05-30-040503/dso_regression_config_regression_DSR.json_Jin_3.in_normal_0.0_0_pf.csv
Invalid expressions: 282 of 14336 (2.0%).
Error type counts:
  reciprocal: 177 (62.8%)
  true_divide: 105 (37.2%)
Error node counts:
  divide: 281 (99.6%)
  invalid: 1 (0.4%)
-- EVALUATION END ------------------
== TRAINING SEED 0 END ==============
INFO: Completed run 1 of 1 in 204 s

== POST-PROCESS START =================
-- LOADING LOGS START ----------------
Successfully loaded summary data
Successfully loaded Hall of Fame data
Successfully loaded Pareto Front data
-- LOADING LOGS END ------------------

-- ANALYZING LOG START --------------
Task_____________regression
Source path______./log/regression_config_regression_DSR.json_Jin_3.in_normal_0.0_2023-05-30-040503
Runs_____________1
Max Samples/run__15000
Success_rate_____0.0
Hall of Fame (Top 5 of 100)____
    0: S=000 R=0.892406 <-- [6.273238854048448*x2*(x1**2*(-0.001391176223463321 + 0.26822360532716378/x2) + x2 - 2.012146369482645) - 6.273238854048448*x2]
    1: S=000 R=0.843883 <-- [11.912347690295102*x1 + 0.016361827603913146*x2*(x1 + 30.656203224522063*x2**2 - 85.5724718910844) - 11.897926345895579]
    2: S=000 R=0.843017 <-- [x2*(-4.803149839565793*x1 + 3.803149839565793*x1*(x1 + 0.1401104406279414*x2*(x2 + 0.9685132956390246) - 3.7166975323436862)/x2 + 3.803149839565793*x2 + 0.5368854508906783)]
    3: S=000 R=0.841353 <-- [1/(-0.00074445285533519812 + 0.70937198971259283/(7.398358657294107*x1 + 3.536068595919055*x2*(x2 - 3.1171468361718997) - 0.6297666263290936))]
    4: S=000 R=0.837032 <-- [11.095353911960836*x1 - 1.1189375481123039*x2**2*(-0.2809018420924297*x2 - 2.526294113890984) - 12.8509339792721*x2]
  Saving Hall of Fame plot to ./log/regression_config_regression_DSR.json_Jin_3.in_normal_0.0_2023-05-30-040503/dso_regression_config_regression_DSR.json_Jin_3.in_normal_0.0_plot_hof.png
Pareto Front (5 of 10)____
    0: S=000 R=0.892406 C=23.00 <-- [6.273238854048448*x2*(x1**2*(-0.001391176223463321 + 0.26822360532716378/x2) + x2 - 2.012146369482645) - 6.273238854048448*x2]
    1: S=000 R=0.830730 C=18.00 <-- [11.97723925887422*x1 + 3.25890126864967*x2*(2*x2 - 6.593542347388544) - 3.189699465165857]
    2: S=000 R=0.830730 C=17.00 <-- [11.977203382552018*x1 - 6.517718560611915*x2*(3.4501213757385176 - x2) + x2 - 3.1901546972294694]
    3: S=000 R=0.774262 C=16.00 <-- [11.893481426482453*x1 + 3.5896647223159692*x2**2 + 3.5896647223159692*x2 - 25.254649475307939]
    4: S=000 R=0.739546 C=12.00 <-- [10.78804508127511/(-0.07415667745780266 + 1/(0.16931844675936505*x1 + x2))]
  Saving Pareto Front plot to ./log/regression_config_regression_DSR.json_Jin_3.in_normal_0.0_2023-05-30-040503/dso_regression_config_regression_DSR.json_Jin_3.in_normal_0.0_plot_pf.png
-- ANALYZING LOG END ----------------
== POST-PROCESS END ===================
