['add', 'mul', 5.5, 'sin', 'mul', 'add', -1.0, 'X_0', 'add', -1.0, 'X_1', 'mul', 1.35, 'mul', 'X_0', 'X_1']
--------------------
eq_name 	 Jin_6
num_vars 	 2
vars_range_and_types 	 [{"name": "LogUniform", "range": [0.1, 10], "only_positive": true}, {"name": "LogUniform", "range": [0.1, 10], "only_positive": true}]
function_set 	 ['add', 'sub', 'mul', 'div', 'sin', 'cos', 'exp', 'n2', 'n3', 'const']
eq_expression 	 add,mul,5.5,sin,mul,add,-1.0,X_0,add,-1.0,X_1,mul,1.35,mul,X_0,X_1
expr 	 1.35*X_0*X_1 + 5.5*sin((X_0 - 1.0)*(X_1 - 1.0))
--------------------

== EXPERIMENT SETUP START ===========
Task type            : regression
Starting seed        : 0
Runs                 : 1
== EXPERIMENT SETUP END =============

== TRAINING SEED 0 START ============
self.dataX <dso.symbolic_data_generator.DataX object at 0x2aecca24d438>, self.data_query_oracle: <dso.symbolic_equation_evaluator_public.Equation_evaluator object at 0x2aecb0aaad68>
generate dataset!
-- BUILDING PRIOR START -------------
WARNING: Skipping invalid 'RelationalConstraint' with arguments {'targets': [], 'effectors': [], 'relationship': None}. Reason: Prior disabled.
WARNING: Skipping invalid 'TrigConstraint' with arguments {}. Reason: There are no target Tokens.
WARNING: Skipping invalid 'UniformArityPrior' with arguments {}. Reason: Prior disabled.
WARNING: Skipping invalid 'LanguageModelPrior' with arguments {'weight': None}. Reason: Prior disabled.
LengthConstraint: Sequences have minimum length 4.
                  Sequences have maximum length 256.
RepeatConstraint: [const] cannot occur more than 10 times.
RelationalConstraint: [inv] cannot be a child of [inv].
ConstConstraint: [const] cannot be the only unique child of [inv, add, sub, mul, div].
NoInputsConstraint: Sequences contain at least one input variable Token.
SoftLengthPrior: No description available.
-- BUILDING PRIOR END ---------------

-- RUNNING EPOCHS START -------------
[00:00:00:10.06] Training epoch 1/14, current best R: 0.8051

	** New best
	Reward: 0.8051255233533078
	Count Off-policy: False
	Count On-policy: True
	Originally on Policy: True
	Invalid: False
	Traversal: inv,mul,inv,x2,inv,div,add,add,add,x2,x1,-0.3428554017350069,mul,-0.9574648151370967,x2,0.7309916004680801
	Expression:
	  x₂⋅(1.368004775102291⋅x₁ + 0.05818833600231041⋅x₂ - 0.4690278267431039)

[00:00:00:21.05] Training epoch 2/14, current best R: 0.8139

	** New best
	Reward: 0.8138925105984185
	Count Off-policy: False
	Count On-policy: True
	Originally on Policy: True
	Invalid: False
	Traversal: mul,mul,add,inv,sub,sub,mul,inv,mul,sub,sub,2.013825242071147,add,add,div,0.03012078500206924,x2,x1,x2,x1,x1,x1,0.5278878266641718,x1,x2,1.396721718655276,x1
	Expression:
	     ⎛                                                      1.396721718655276   
	  x₁⋅⎜1.396721718655276⋅x₂ + ───────────────────────────────────────────────────
	     ⎜                                                                          
	     ⎜                       -x₁ - 0.5278878266641718 + ────────────────────────
	     ⎜                                                                          
	     ⎜                                                  -2⋅x₁ - x₂ + 2.013825242
	     ⎝                                                                          

	                              ⎞
	  ────────────────────────────⎟
	   1                          ⎟
	  ────────────────────────────⎟
	           0.03012078500206924⎟
	  071147 - ───────────────────⎟
	                    x₂        ⎠

[00:00:01:57.05] Training epoch 10/14, current best R: 0.8139
[00:00:02:55.92] Ending training after epoch 14/14, current best R: 0.8139
-- RUNNING EPOCHS END ---------------

-- EVALUATION START ----------------
Saving Hall of Fame to ./log/regression_config_regression_VPG.json_Jin_6.in_normal_0.0_2023-05-30-041626/dso_regression_config_regression_VPG.json_Jin_6.in_normal_0.0_0_hof.csv
Saving Pareto Front to ./log/regression_config_regression_VPG.json_Jin_6.in_normal_0.0_2023-05-30-041626/dso_regression_config_regression_VPG.json_Jin_6.in_normal_0.0_0_pf.csv
Invalid expressions: 362 of 14336 (2.5%).
Error type counts:
  true_divide: 138 (38.1%)
  reciprocal: 224 (61.9%)
Error node counts:
  divide: 361 (99.7%)
  invalid: 1 (0.3%)
-- EVALUATION END ------------------
== TRAINING SEED 0 END ==============
INFO: Completed run 1 of 1 in 177 s

== POST-PROCESS START =================
-- LOADING LOGS START ----------------
Successfully loaded summary data
Successfully loaded Hall of Fame data
Successfully loaded Pareto Front data
-- LOADING LOGS END ------------------

-- ANALYZING LOG START --------------
Task_____________regression
Source path______./log/regression_config_regression_VPG.json_Jin_6.in_normal_0.0_2023-05-30-041626
Runs_____________1
Max Samples/run__15000
Success_rate_____0.0
Hall of Fame (Top 5 of 100)____
    0: S=000 R=0.813893 <-- [x1*(1.396721718655276*x2 + 1.396721718655276/(-x1 - 0.5278878266641718 + 1/(-2*x1 - x2 + 2.013825242071147 - 0.03012078500206924/x2)))]
    1: S=000 R=0.807249 <-- [8358.925679373697*x2/(x2 + 6176.0527407097464/x1) + 1/(x1 + x2)]
    2: S=000 R=0.807127 <-- [x1*(1.3478680399792884*x2 + 1/(x1*(x1 + x2**2)))]
    3: S=000 R=0.806866 <-- [0.6763998602427783*x1*(0.03381719350648253*x1 + 2*x2 - 0.4963106566831626*(0.24621960021000794 - 1/x1)/x2) - 0.7574300764088913]
    4: S=000 R=0.805986 <-- [x1*x2*(1.3544138108532143 - 0.2385897100994843*(-0.08987526348639671*x2 + 0.870987818944366 - 0.08987526348639671*(x1 + 0.16978014713704803)/x1)/x1**2)]
  Saving Hall of Fame plot to ./log/regression_config_regression_VPG.json_Jin_6.in_normal_0.0_2023-05-30-041626/dso_regression_config_regression_VPG.json_Jin_6.in_normal_0.0_plot_hof.png
Pareto Front (5 of 6)____
    0: S=000 R=0.813893 C=30.00 <-- [x1*(1.396721718655276*x2 + 1.396721718655276/(-x1 - 0.5278878266641718 + 1/(-2*x1 - x2 + 2.013825242071147 - 0.03012078500206924/x2)))]
    1: S=000 R=0.807249 C=19.00 <-- [8358.925679373697*x2/(x2 + 6176.0527407097464/x1) + 1/(x1 + x2)]
    2: S=000 R=0.807127 C=15.00 <-- [x1*(1.3478680399792884*x2 + 1/(x1*(x1 + x2**2)))]
    3: S=000 R=0.803725 C=11.00 <-- [1.3690253466227424*x1*(x2 - 1.0524466286195244) + 1.3690253466227424*x1 - 0.08978860115489298]
    4: S=000 R=0.803691 C=7.00 <-- [x1*(1.368944176993461*x2 - 0.08944808516680053)]
  Saving Pareto Front plot to ./log/regression_config_regression_VPG.json_Jin_6.in_normal_0.0_2023-05-30-041626/dso_regression_config_regression_VPG.json_Jin_6.in_normal_0.0_plot_pf.png
-- ANALYZING LOG END ----------------
== POST-PROCESS END ===================
