['add', 'mul', 0.5, 'pow', 'X_1', 3, 'add', 'mul', 0.2, 'pow', 'X_0', 3, 'add', 'mul', -0.5, 'X_0', 'mul', -1.2, 'X_1']
--------------------
eq_name 	 Jin_3
num_vars 	 2
vars_range_and_types 	 [{"name": "LogUniform", "range": [0.1, 10], "only_positive": true}, {"name": "LogUniform", "range": [0.1, 10], "only_positive": true}]
function_set 	 ['add', 'sub', 'mul', 'div', 'sin', 'cos', 'exp', 'n2', 'n3', 'const']
eq_expression 	 add,mul,0.5,pow,X_1,3,add,mul,0.2,pow,X_0,3,add,mul,-0.5,X_0,mul,-1.2,X_1
expr 	 0.2*X_0**3 - 0.5*X_0 + 0.5*X_1**3 - 1.2*X_1
--------------------

== EXPERIMENT SETUP START ===========
Task type            : regression
Starting seed        : 0
Runs                 : 1
== EXPERIMENT SETUP END =============

== TRAINING SEED 0 START ============
self.dataX <dso.symbolic_data_generator.DataX object at 0x2abb67421a20>, self.data_query_oracle: <dso.symbolic_equation_evaluator_public.Equation_evaluator object at 0x2abb51cbcd30>
generate dataset!
-- BUILDING PRIOR START -------------
WARNING: Skipping invalid 'RelationalConstraint' with arguments {'targets': [], 'effectors': [], 'relationship': None}. Reason: Prior disabled.
WARNING: Skipping invalid 'TrigConstraint' with arguments {}. Reason: There are no target Tokens.
WARNING: Skipping invalid 'UniformArityPrior' with arguments {}. Reason: Prior disabled.
WARNING: Skipping invalid 'LanguageModelPrior' with arguments {'weight': None}. Reason: Prior disabled.
LengthConstraint: Sequences have minimum length 4.
                  Sequences have maximum length 256.
RepeatConstraint: [const] cannot occur more than 10 times.
RelationalConstraint: [inv] cannot be a child of [inv].
ConstConstraint: [const] cannot be the only unique child of [inv, add, sub, mul, div].
NoInputsConstraint: Sequences contain at least one input variable Token.
SoftLengthPrior: No description available.
-- BUILDING PRIOR END ---------------

-- RUNNING EPOCHS START -------------
[00:00:00:11.81] Training epoch 1/14, current best R: 0.7893

	** New best
	Reward: 0.7892575205542062
	Count Off-policy: False
	Count On-policy: True
	Originally on Policy: True
	Invalid: False
	Traversal: inv,div,inv,sub,add,div,sub,inv,x2,x2,mul,div,2.9571560059328474,inv,div,inv,x2,x1,x1,1.5610742688016317,x1,-11.966029573448116
	Expression:
	                                                ⎛      1 ⎞                     
	  11.966029573448116⋅x₁ - 4.0464654382254619⋅x₂⋅⎜-x₂ + ──⎟ - 18.679860866829219
	                                                ⎝      x₂⎠                     

[00:00:00:22.86] Training epoch 2/14, current best R: 0.8192

	** New best
	Reward: 0.8191568210140108
	Count Off-policy: False
	Count On-policy: True
	Originally on Policy: True
	Invalid: False
	Traversal: mul,add,div,sub,mul,x2,x2,sub,x1,add,mul,add,x1,-3.7800517899805164,x1,0.655644478654743,-0.056790633288054934,x1,-0.2221349665597223
	Expression:
                                                                              
	  3.9114719047594261⋅x₁⋅(x₁ - 3.7800517899805164) - 4.1336068713191483⋅x₁ + 3.91

	                   2                     
	  14719047594261⋅x₂  + 2.5645349577686683

[00:00:00:43.97] Training epoch 4/14, current best R: 0.8327

	** New best
	Reward: 0.8326905044291386
	Count Off-policy: False
	Count On-policy: True
	Originally on Policy: True
	Invalid: False
	Traversal: sub,sub,x2,x2,mul,add,x1,sub,mul,add,mul,add,-3.2716370532049313,x2,mul,x2,-10.601115301820998,x1,-0.04851054927271415,0.2887949325623823,-12.647461778960748
	Expression:
	  12.033926461157704⋅x₁ + 6.5041586457694621⋅x₂⋅(x₂ - 3.2716370532049313) - 3.65
	  25228715402769

[00:00:01:06.94] Training epoch 6/14, current best R: 0.8380

	** New best
	Reward: 0.8380264284998081
	Count Off-policy: False
	Count On-policy: True
	Originally on Policy: True
	Invalid: False
	Traversal: sub,inv,x1,add,mul,x2,mul,sub,sub,mul,div,-2.2529910831694098,add,div,add,x2,0.3402698110953695,5.8698988228061735,x2,x1,-3.5474028263134887,x2,6.896976904206931,x2
	Expression:
	       ⎛             15.538827466003576⋅x₁                                      
	  - x₂⋅⎜- ──────────────────────────────────────────── - 6.896976904206931⋅x₂ + 
	       ⎝  1.1703606876688785⋅x₂ + 0.057968599011166526                          

	                    ⎞        1 
	  24.466355363002523⎟ - x₂ + ──
	                    ⎠        x₁

[00:00:02:02.93] Training epoch 10/14, current best R: 0.8380
[00:00:02:36.78] Training epoch 12/14, current best R: 0.8453

	** New best
	Reward: 0.84528442033454
	Count Off-policy: False
	Count On-policy: True
	Originally on Policy: True
	Invalid: False
	Traversal: mul,add,1.0192711739833793,sub,mul,x2,add,add,x2,sub,div,div,mul,x2,sub,-0.396387576115313,x2,4.979480594362425,4.979480716183342,x2,0.14189335722561583,x1,-12.013195548231467
	Expression:
	  12.013195548231467⋅x₁ - 12.013195548231467⋅x₂⋅(0.04033034164008919⋅x₂⋅(-x₂ - 0
	  .396387576115313) + 0.14189335722561583) - 12.244703929737793

[00:00:03:09.10] Ending training after epoch 14/14, current best R: 0.8453
-- RUNNING EPOCHS END ---------------

-- EVALUATION START ----------------
Saving Hall of Fame to ./log/regression_config_regression_VPG.json_Jin_3.in_normal_0.0_2023-05-30-040553/dso_regression_config_regression_VPG.json_Jin_3.in_normal_0.0_0_hof.csv
Saving Pareto Front to ./log/regression_config_regression_VPG.json_Jin_3.in_normal_0.0_2023-05-30-040553/dso_regression_config_regression_VPG.json_Jin_3.in_normal_0.0_0_pf.csv
Invalid expressions: 344 of 14336 (2.4%).
Error type counts:
  reciprocal: 215 (62.5%)
  true_divide: 129 (37.5%)
Error node counts:
  divide: 344 (100.0%)
-- EVALUATION END ------------------
== TRAINING SEED 0 END ==============
INFO: Completed run 1 of 1 in 190 s

== POST-PROCESS START =================
-- LOADING LOGS START ----------------
Successfully loaded summary data
Successfully loaded Hall of Fame data
Successfully loaded Pareto Front data
-- LOADING LOGS END ------------------

-- ANALYZING LOG START --------------
Task_____________regression
Source path______./log/regression_config_regression_VPG.json_Jin_3.in_normal_0.0_2023-05-30-040553
Runs_____________1
Max Samples/run__15000
Success_rate_____0.0
Hall of Fame (Top 5 of 100)____
    0: S=000 R=0.845284 <-- [12.013195548231467*x1 - 12.013195548231467*x2*(0.04033034164008919*x2*(-x2 - 0.396387576115313) + 0.14189335722561583) - 12.244703929737793]
    1: S=000 R=0.845272 <-- [12.012453627222486*x1 + 0.249354498817872*x2*(2*x2**2 - 8.326925696904194) + x2 - 12.53833946976202]
    2: S=000 R=0.838026 <-- [-x2*(-15.538827466003576*x1/(1.1703606876688785*x2 + 0.057968599011166526) - 6.896976904206931*x2 + 24.466355363002523) - x2 + 1/x1]
    3: S=000 R=0.837123 <-- [12.4775029498997*x1 - x2 - 12.4775029498997*x2*(-0.56947382506430677*(x1 - 0.022728873039454915)*(x2 - 3.7137220641759305) - 0.082302445187973425)/x1]
    4: S=000 R=0.836663 <-- [x1**2 + 0.13191654752251603*x2**2*(x1 + 0.3933149682568241*x2**2)]
  Saving Hall of Fame plot to ./log/regression_config_regression_VPG.json_Jin_3.in_normal_0.0_2023-05-30-040553/dso_regression_config_regression_VPG.json_Jin_3.in_normal_0.0_plot_hof.png
Pareto Front (5 of 10)____
    0: S=000 R=0.845284 C=25.00 <-- [12.013195548231467*x1 - 12.013195548231467*x2*(0.04033034164008919*x2*(-x2 - 0.396387576115313) + 0.14189335722561583) - 12.244703929737793]
    1: S=000 R=0.845272 C=21.00 <-- [12.012453627222486*x1 + 0.249354498817872*x2*(2*x2**2 - 8.326925696904194) + x2 - 12.53833946976202]
    2: S=000 R=0.836663 C=19.00 <-- [x1**2 + 0.13191654752251603*x2**2*(x1 + 0.3933149682568241*x2**2)]
    3: S=000 R=0.818500 C=18.00 <-- [x1*(3.9259019489785379*x1 - 18.544250502341452 + 3.9259019489785379*x2**2/x1)]
    4: S=000 R=0.778697 C=17.00 <-- [8.7084225645870813*x1 + 4.3542112822935407*x2**2 - 4.3542112822935407*x2]
  Saving Pareto Front plot to ./log/regression_config_regression_VPG.json_Jin_3.in_normal_0.0_2023-05-30-040553/dso_regression_config_regression_VPG.json_Jin_3.in_normal_0.0_plot_pf.png
-- ANALYZING LOG END ----------------
== POST-PROCESS END ===================
