['add', 'pow', 'X_0', 4, 'add', 'mul', 0.5, 'pow', 'X_1', 2, 'add', 'mul', -1, 'X_1', 'mul', -1, 'pow', 'X_0', 3]
--------------------
eq_name 	 Keijzer_12
num_vars 	 2
vars_range_and_types 	 [{"name": "LogUniform", "range": [0.1, 10], "only_positive": true}, {"name": "LogUniform", "range": [0.1, 10], "only_positive": true}]
function_set 	 ['add', 'mul', 'div', 'exp', 'log', 'pow', 'inv', 'neg', 'sqrt', 'const']
eq_expression 	 add,pow,X_0,4,add,mul,0.5,pow,X_1,2,add,mul,-1,X_1,mul,-1,pow,X_0,3
expr 	 X_0**4 - X_0**3 + X_1**2/2 - X_1
--------------------

== EXPERIMENT SETUP START ===========
Task type            : regression
Starting seed        : 0
Runs                 : 1
== EXPERIMENT SETUP END =============

== TRAINING SEED 0 START ============
self.dataX <dso.symbolic_data_generator.DataX object at 0x2afc7479a0f0>, self.data_query_oracle: <dso.symbolic_equation_evaluator_public.Equation_evaluator object at 0x2afc5afc4d30>
generate dataset!
-- BUILDING PRIOR START -------------
WARNING: Skipping invalid 'RelationalConstraint' with arguments {'targets': [], 'effectors': [], 'relationship': None}. Reason: Prior disabled.
WARNING: Skipping invalid 'TrigConstraint' with arguments {}. Reason: There are no target Tokens.
WARNING: Skipping invalid 'UniformArityPrior' with arguments {}. Reason: Prior disabled.
WARNING: Skipping invalid 'LanguageModelPrior' with arguments {'weight': None}. Reason: Prior disabled.
LengthConstraint: Sequences have minimum length 4.
                  Sequences have maximum length 256.
RepeatConstraint: [const] cannot occur more than 10 times.
RelationalConstraint: [inv] cannot be a child of [inv].
ConstConstraint: [const] cannot be the only unique child of [inv, add, sub, mul, div].
NoInputsConstraint: Sequences contain at least one input variable Token.
SoftLengthPrior: No description available.
-- BUILDING PRIOR END ---------------

-- RUNNING EPOCHS START -------------
[00:00:00:09.45] Training epoch 1/14, current best R: 0.9808

	** New best
	Reward: 0.9808448810931563
	Count Off-policy: False
	Count On-policy: True
	Originally on Policy: True
	Invalid: False
	Traversal: sub,-5.8002602668060925,sub,inv,x1,mul,mul,div,mul,x1,add,x1,x1,2.2529994195699437,x1,x1
	Expression:
	                        4                        1 
	  0.88770551054192608⋅x₁  - 5.8002602668060925 - ──
	                                                 x₁

[00:00:00:17.34] Training epoch 2/14, current best R: 0.9940

	** New best
	Reward: 0.9939520738342443
	Count Off-policy: False
	Count On-policy: True
	Originally on Policy: True
	Invalid: False
	Traversal: inv,mul,mul,inv,x1,mul,1.6681707038416436,div,inv,mul,mul,x1,x1,add,div,-2.6636567690184023,x1,2.7710761390401366,x1,1.6681707038416582
	Expression:
	                        4 ⎛                     2.6636567690184023⎞
	  0.35935113439863817⋅x₁ ⋅⎜2.7710761390401366 - ──────────────────⎟
	                          ⎝                             x₁        ⎠

[00:00:00:59.11] Training epoch 7/14, current best R: 0.9959

	** New best
	Reward: 0.9958766546514493
	Count Off-policy: False
	Count On-policy: True
	Originally on Policy: True
	Invalid: False
	Traversal: sub,sub,x2,x1,add,-1.5229466980483213,mul,mul,add,mul,div,-1.0037086174484156,inv,sub,x1,1.067983429761512,x1,-0.45360747193483714,x1,x1
	Expression:
	      2                                                                         
	  - x₁ ⋅(x₁⋅(1.0719441717437443 - 1.0037086174484156⋅x₁) - 0.45360747193483714) 

                              
	  - x₁ + x₂ + 1.5229466980483213

[00:00:01:27.40] Training epoch 10/14, current best R: 0.9959
[00:00:02:03.93] Ending training after epoch 14/14, current best R: 0.9959
-- RUNNING EPOCHS END ---------------

-- EVALUATION START ----------------
Saving Hall of Fame to ./log/regression_config_regression_VPG.json_Keijzer_12.in_normal_0.0_2023-05-30-042254/dso_regression_config_regression_VPG.json_Keijzer_12.in_normal_0.0_0_hof.csv
Saving Pareto Front to ./log/regression_config_regression_VPG.json_Keijzer_12.in_normal_0.0_2023-05-30-042254/dso_regression_config_regression_VPG.json_Keijzer_12.in_normal_0.0_0_pf.csv
Invalid expressions: 377 of 14336 (2.6%).
Error type counts:
  reciprocal: 216 (57.3%)
  true_divide: 161 (42.7%)
Error node counts:
  divide: 376 (99.7%)
  invalid: 1 (0.3%)
-- EVALUATION END ------------------
== TRAINING SEED 0 END ==============
INFO: Completed run 1 of 1 in 125 s

== POST-PROCESS START =================
-- LOADING LOGS START ----------------
Successfully loaded summary data
Successfully loaded Hall of Fame data
Successfully loaded Pareto Front data
-- LOADING LOGS END ------------------

-- ANALYZING LOG START --------------
Task_____________regression
Source path______./log/regression_config_regression_VPG.json_Keijzer_12.in_normal_0.0_2023-05-30-042254
Runs_____________1
Max Samples/run__15000
Success_rate_____0.0
Hall of Fame (Top 5 of 100)____
    0: S=000 R=0.995877 <-- [-x1**2*(x1*(1.0719441717437443 - 1.0037086174484156*x1) - 0.45360747193483714) - x1 + x2 + 1.5229466980483213]
    1: S=000 R=0.994299 <-- [0.083675064857719274*x1*(-11.97189221567107*x1**2*(1.0228549560411277 - x1) + x1) + 3.1559639626629574]
    2: S=000 R=0.994289 <-- [0.82527898569690584*x1**3*(1.2157448916810942*x1 - 1.2569872538206657) + 0.6788257887906054*x1 + 2.6717104802977256]
    3: S=000 R=0.993961 <-- [0.2762872117623299*x1*(3.34310216319651*x1*(1.083059515250082*x1**2 - 1.083059515250082*x1) + 0.793971220102117)]
    4: S=000 R=0.993952 <-- [0.35935113439863817*x1**4*(2.7710761390401366 - 2.6636567690184023/x1)]
  Saving Hall of Fame plot to ./log/regression_config_regression_VPG.json_Keijzer_12.in_normal_0.0_2023-05-30-042254/dso_regression_config_regression_VPG.json_Keijzer_12.in_normal_0.0_plot_hof.png
Pareto Front (5 of 6)____
    0: S=000 R=0.995877 C=22.00 <-- [-x1**2*(x1*(1.0719441717437443 - 1.0037086174484156*x1) - 0.45360747193483714) - x1 + x2 + 1.5229466980483213]
    1: S=000 R=0.994299 C=20.00 <-- [0.083675064857719274*x1*(-11.97189221567107*x1**2*(1.0228549560411277 - x1) + x1) + 3.1559639626629574]
    2: S=000 R=0.993911 C=13.00 <-- [x1**3*(x1 - 0.9933292785083867)]
    3: S=000 R=0.958597 C=12.00 <-- [x1**2/(0.0015094153440942456 + x1**(-2))]
    4: S=000 R=0.879830 C=7.00 <-- [x1**4]
  Saving Pareto Front plot to ./log/regression_config_regression_VPG.json_Keijzer_12.in_normal_0.0_2023-05-30-042254/dso_regression_config_regression_VPG.json_Keijzer_12.in_normal_0.0_plot_pf.png
-- ANALYZING LOG END ----------------
== POST-PROCESS END ===================
