['add', 'pow', 'X_0', 4, 'add', 'mul', 0.5, 'pow', 'X_1', 2, 'add', 'mul', -1, 'X_1', 'mul', -1, 'pow', 'X_0', 3]
--------------------
eq_name 	 Keijzer_12
num_vars 	 2
vars_range_and_types 	 [{"name": "LogUniform", "range": [0.1, 10], "only_positive": true}, {"name": "LogUniform", "range": [0.1, 10], "only_positive": true}]
function_set 	 ['add', 'mul', 'div', 'exp', 'log', 'pow', 'inv', 'neg', 'sqrt', 'const']
eq_expression 	 add,pow,X_0,4,add,mul,0.5,pow,X_1,2,add,mul,-1,X_1,mul,-1,pow,X_0,3
expr 	 X_0**4 - X_0**3 + X_1**2/2 - X_1
--------------------

== EXPERIMENT SETUP START ===========
Task type            : regression
Starting seed        : 0
Runs                 : 1
== EXPERIMENT SETUP END =============

== TRAINING SEED 0 START ============
self.dataX <dso.symbolic_data_generator.DataX object at 0x2ac447a9b860>, self.data_query_oracle: <dso.symbolic_equation_evaluator_public.Equation_evaluator object at 0x2ac432335da0>
generate dataset!
-- BUILDING PRIOR START -------------
WARNING: Skipping invalid 'RelationalConstraint' with arguments {'targets': [], 'effectors': [], 'relationship': None}. Reason: Prior disabled.
WARNING: Skipping invalid 'TrigConstraint' with arguments {}. Reason: There are no target Tokens.
WARNING: Skipping invalid 'UniformArityPrior' with arguments {}. Reason: Prior disabled.
WARNING: Skipping invalid 'LanguageModelPrior' with arguments {'weight': None}. Reason: Prior disabled.
LengthConstraint: Sequences have minimum length 4.
                  Sequences have maximum length 256.
RepeatConstraint: [const] cannot occur more than 10 times.
RelationalConstraint: [inv] cannot be a child of [inv].
ConstConstraint: [const] cannot be the only unique child of [inv, add, sub, mul, div].
NoInputsConstraint: Sequences contain at least one input variable Token.
SoftLengthPrior: No description available.
-- BUILDING PRIOR END ---------------

-- RUNNING EPOCHS START -------------
[00:00:00:09.19] Training epoch 1/14, current best R: 0.9508

	** New best
	Reward: 0.9508195408978084
	Count Off-policy: False
	Count On-policy: True
	Originally on Policy: True
	Invalid: False
	Traversal: sub,mul,add,x1,-3.7599300261765096,mul,mul,x1,add,x1,x1,6.832736811983644,-43.174058863494544
	Expression:
	                      2                                               
	  13.66547362396729⋅x₁ ⋅(x₁ - 3.7599300261765096) + 43.174058863494544

[00:00:00:16.58] Training epoch 2/14, current best R: 0.9805

	** New best
	Reward: 0.9804559023395181
	Count Off-policy: False
	Count On-policy: True
	Originally on Policy: True
	Invalid: False
	Traversal: sub,add,add,mul,x1,mul,mul,0.8883160287140618,mul,x1,x1,x1,-1.8637029006231645,-1.8637029006231611,add,x2,x2
	Expression:
	                       4                            
	  0.8883160287140618⋅x₁  - 2⋅x₂ - 3.7274058012463256

[00:00:00:31.91] Training epoch 4/14, current best R: 0.9940

	** New best
	Reward: 0.9939995985779541
	Count Off-policy: False
	Count On-policy: True
	Originally on Policy: True
	Invalid: False
	Traversal: mul,add,add,10.324141264882968,div,div,mul,add,div,mul,inv,div,x1,x1,x1,inv,x1,-7.078988927627745,x1,1.028266428009281,1.028221126020571,x1,x1
	Expression:
	     ⎛                      ⎛  2                    ⎞                          ⎞
	  x₁⋅⎝0.9458185350892204⋅x₁⋅⎝x₁  - 7.078988927627745⎠ + x₁ + 10.324141264882968⎠

[00:00:00:39.17] Training epoch 5/14, current best R: 0.9942

	** New best
	Reward: 0.9941957670061254
	Count Off-policy: False
	Count On-policy: True
	Originally on Policy: True
	Invalid: False
	Traversal: mul,sub,2.7760769064629947,mul,sub,0.9971537434121451,x1,mul,mul,inv,div,2.3591000027889564,add,x1,x1,x1,x1,1.179137548775448
	Expression:
	                          3                                               
	  - 0.99965033053406587⋅x₁ ⋅(0.9971537434121451 - x₁) + 3.2733765186989042

[00:00:01:20.34] Training epoch 10/14, current best R: 0.9942

	** New best
	Reward: 0.9941957673880503
	Count Off-policy: False
	Count On-policy: True
	Originally on Policy: True
	Invalid: False
	Traversal: add,4.273254660587112,mul,mul,0.9968466686146694,mul,sub,mul,mul,1.0028166449164666,x1,x1,add,x1,div,inv,x1,x1,x1,x1
	Expression:
	                       2 ⎛                     2         1 ⎞                    
	  0.9968466686146694⋅x₁ ⋅⎜1.0028166449164666⋅x₁  - x₁ - ───⎟ + 4.273254660587112
	                         ⎜                                2⎟                    
	                         ⎝                              x₁ ⎠                    

[00:00:01:20.35] Training epoch 10/14, current best R: 0.9942
[00:00:01:29.01] Training epoch 11/14, current best R: 0.9942

	** New best
	Reward: 0.9942479141209629
	Count Off-policy: False
	Count On-policy: True
	Originally on Policy: True
	Invalid: False
	Traversal: sub,x1,sub,inv,add,x2,x1,sub,mul,mul,add,add,x1,-0.5067233479852631,-0.5067233479852631,x1,mul,x1,x1,-2.761367014156603
	Expression:
	    3                                                        1   
	  x₁ ⋅(x₁ - 1.013446695970526) + x₁ + 2.761367014156603 - ───────
	                                                          x₁ + x₂

[00:00:01:52.91] Ending training after epoch 14/14, current best R: 0.9942
-- RUNNING EPOCHS END ---------------

-- EVALUATION START ----------------
Saving Hall of Fame to ./log/regression_config_regression_PQT.json_Keijzer_12.in_normal_0.0_2023-05-30-042252/dso_regression_config_regression_PQT.json_Keijzer_12.in_normal_0.0_0_hof.csv
Saving Pareto Front to ./log/regression_config_regression_PQT.json_Keijzer_12.in_normal_0.0_2023-05-30-042252/dso_regression_config_regression_PQT.json_Keijzer_12.in_normal_0.0_0_pf.csv
Invalid expressions: 372 of 14336 (2.6%).
Error type counts:
  true_divide: 134 (36.0%)
  reciprocal: 238 (64.0%)
Error node counts:
  divide: 372 (100.0%)

Priority queue entry 0:
	Reward: 0.9942479141209629
	Count Off-policy: False
	Count On-policy: True
	Originally on Policy: True
	Invalid: False
	Traversal: sub,x1,sub,inv,add,x2,x1,sub,mul,mul,add,add,x1,-0.5067233479852631,-0.5067233479852631,x1,mul,x1,x1,-2.761367014156603
	Expression:
	    3                                                        1   
	  x₁ ⋅(x₁ - 1.013446695970526) + x₁ + 2.761367014156603 - ───────
	                                                          x₁ + x₂


Priority queue entry 1:
	Reward: 0.994196204200865
	Count Off-policy: False
	Count On-policy: True
	Originally on Policy: True
	Invalid: False
	Traversal: add,mul,mul,mul,div,x1,inv,x1,add,inv,div,x1,0.07980639238602788,sub,x1,1.017173964780829,1.0010476377001836,x1,3.2049138639346495
	Expression:
	                       3 ⎛                         0.07980639238602788⎞         
	  1.0010476377001836⋅x₁ ⋅⎜x₁ - 1.017173964780829 + ───────────────────⎟ + 3.2049
	                         ⎝                                  x₁        ⎠         

            
	  138639346495
            


Priority queue entry 2:
	Reward: 0.9941960671547933
	Count Off-policy: False
	Count On-policy: True
	Originally on Policy: True
	Invalid: False
	Traversal: inv,div,8.392472096837277,sub,mul,x1,add,mul,mul,mul,x1,add,-9.774821643703492,mul,9.518400014973361,x1,0.883235012678909,x1,x1,-26.553155753300246
	Expression:
	                        ⎛                    2                                  
	  0.1191544027148869⋅x₁⋅⎝0.883235012678909⋅x₁ ⋅(9.518400014973361⋅x₁ - 9.7748216

	                ⎞                     
	  43703492) + x₁⎠ + 3.1639254139798529


Priority queue entry 3:
	Reward: 0.9941957673880503
	Count Off-policy: False
	Count On-policy: True
	Originally on Policy: True
	Invalid: False
	Traversal: add,4.273254660587112,mul,mul,0.9968466686146694,mul,sub,mul,mul,1.0028166449164666,x1,x1,add,x1,div,inv,x1,x1,x1,x1
	Expression:
	                       2 ⎛                     2         1 ⎞                    
	  0.9968466686146694⋅x₁ ⋅⎜1.0028166449164666⋅x₁  - x₁ - ───⎟ + 4.273254660587112
	                         ⎜                                2⎟                    
	                         ⎝                              x₁ ⎠                    


Priority queue entry 4:
	Reward: 0.9941957673839182
	Count Off-policy: False
	Count On-policy: True
	Originally on Policy: True
	Invalid: False
	Traversal: sub,mul,mul,x1,mul,sub,mul,mul,0.9493393808533322,x1,mul,mul,mul,0.949339380853407,add,x1,0.233943473117998,0.9493393808533777,0.9493393808533873,x1,1.2307368297537375,x1,-3.2768873286096802
	Expression:
	    2                                                                           
	  x₁ ⋅(1.1683869399518061⋅x₁⋅(0.8555876171625714⋅x₁ + 0.200159138715764) - 1.230

                                      
	  7368297537375⋅x₁) + 3.2768873286096802


Priority queue entry 5:
	Reward: 0.9941957670061254
	Count Off-policy: False
	Count On-policy: True
	Originally on Policy: True
	Invalid: False
	Traversal: mul,sub,2.7760769064629947,mul,sub,0.9971537434121451,x1,mul,mul,inv,div,2.3591000027889564,add,x1,x1,x1,x1,1.179137548775448
	Expression:
	                          3                                               
	  - 0.99965033053406587⋅x₁ ⋅(0.9971537434121451 - x₁) + 3.2733765186989042


Priority queue entry 6:
	Reward: 0.9939995985779541
	Count Off-policy: False
	Count On-policy: True
	Originally on Policy: True
	Invalid: False
	Traversal: mul,add,add,10.324141264882968,div,div,mul,add,div,mul,inv,div,x1,x1,x1,inv,x1,-7.078988927627745,x1,1.028266428009281,1.028221126020571,x1,x1
	Expression:
	     ⎛                      ⎛  2                    ⎞                          ⎞
	  x₁⋅⎝0.9458185350892204⋅x₁⋅⎝x₁  - 7.078988927627745⎠ + x₁ + 10.324141264882968⎠


Priority queue entry 7:
	Reward: 0.9938828381424465
	Count Off-policy: False
	Count On-policy: True
	Originally on Policy: True
	Invalid: False
	Traversal: div,div,mul,sub,x1,0.8869991813944492,x1,add,div,sub,mul,div,1.019516168705514,mul,mul,x2,x1,x1,x2,x1,x1,0.9999921932100119,x1
	Expression:
	            x₁ - 0.8869991813944492           
	  ────────────────────────────────────────────
	                             1.019516168705514
	                       -x₁ + ─────────────────
	                                      2       
	                                    x₁        
	  0.9999921932100119 + ───────────────────────
	                                  x₁          


Priority queue entry 8:
	Reward: 0.9938756775194278
	Count Off-policy: False
	Count On-policy: True
	Originally on Policy: True
	Invalid: False
	Traversal: inv,div,x2,mul,div,mul,x1,sub,mul,x2,mul,x1,sub,mul,x1,1347.2061670481573,1285.7544125465479,x1,1353.8817292810447,x1
	Expression:
	                           2                                                    
	  0.00073861695476977341⋅x₁ ⋅(x₁⋅x₂⋅(1347.2061670481573⋅x₁ - 1285.7544125465479)
	  ──────────────────────────────────────────────────────────────────────────────
	                                           x₂                                   

      
	   - x₁)
	  ──────
      


Priority queue entry 9:
	Reward: 0.9883315759971764
	Count Off-policy: False
	Count On-policy: True
	Originally on Policy: True
	Invalid: False
	Traversal: sub,mul,div,div,add,x1,-2.1936429033098555,add,inv,x1,-0.03321826334490181,add,div,mul,x1,-0.010277614170758467,1.5981981449635236,0.19315307265778003,x1,x2
	Expression:
	                          x₁⋅(x₁ - 2.1936429033098555)                          
	  ──────────────────────────────────────────────────────────────────────────── -
	  ⎛                       1 ⎞                                                   
	  ⎜-0.03321826334490181 + ──⎟⋅(0.19315307265778003 - 0.0064307509072931865⋅x₁)  
	  ⎝                       x₁⎠                                                   

   
	   x₂
   
   
   

-- EVALUATION END ------------------
== TRAINING SEED 0 END ==============
INFO: Completed run 1 of 1 in 115 s

== POST-PROCESS START =================
-- LOADING LOGS START ----------------
Successfully loaded summary data
Successfully loaded Hall of Fame data
Successfully loaded Pareto Front data
-- LOADING LOGS END ------------------

-- ANALYZING LOG START --------------
Task_____________regression
Source path______./log/regression_config_regression_PQT.json_Keijzer_12.in_normal_0.0_2023-05-30-042252
Runs_____________1
Max Samples/run__15000
Success_rate_____0.0
Hall of Fame (Top 5 of 100)____
    0: S=000 R=0.994248 <-- [x1**3*(x1 - 1.013446695970526) + x1 + 2.761367014156603 - 1/(x1 + x2)]
    1: S=000 R=0.994238 <-- [0.010285352298446737*x1*(x2 + 1348.4678965451194)*(0.06817718121264973*x1**2*(x1 - 6.255093603593889/x1) + 0.9067934241203944) - x1 - 1.2991285217873494]
    2: S=000 R=0.994196 <-- [1.0010476377001836*x1**3*(x1 - 1.017173964780829 + 0.07980639238602788/x1) + 3.2049138639346495]
    3: S=000 R=0.994196 <-- [0.1191544027148869*x1*(0.883235012678909*x1**2*(9.518400014973361*x1 - 9.774821643703492) + x1) + 3.1639254139798529]
    4: S=000 R=0.994196 <-- [0.9968466686146694*x1**2*(1.0028166449164666*x1**2 - x1 - 1/x1**2) + 4.273254660587112]
  Saving Hall of Fame plot to ./log/regression_config_regression_PQT.json_Keijzer_12.in_normal_0.0_2023-05-30-042252/dso_regression_config_regression_PQT.json_Keijzer_12.in_normal_0.0_plot_hof.png
Pareto Front (5 of 9)____
    0: S=000 R=0.994248 C=21.00 <-- [x1**3*(x1 - 1.013446695970526) + x1 + 2.761367014156603 - 1/(x1 + x2)]
    1: S=000 R=0.994196 C=20.00 <-- [-0.99965033053406587*x1**3*(0.9971537434121451 - x1) + 3.2733765186989042]
    2: S=000 R=0.993850 C=17.00 <-- [0.49750423084876915*x1**3*(2*x1 - 1.910325526424832)]
    3: S=000 R=0.980975 C=15.00 <-- [0.8867437379401237*x1**4]
    4: S=000 R=0.950820 C=13.00 <-- [13.66547362396729*x1**2*(x1 - 3.7599300261765096) + 43.174058863494544]
  Saving Pareto Front plot to ./log/regression_config_regression_PQT.json_Keijzer_12.in_normal_0.0_2023-05-30-042252/dso_regression_config_regression_PQT.json_Keijzer_12.in_normal_0.0_plot_pf.png
-- ANALYZING LOG END ----------------
== POST-PROCESS END ===================
