['mul', 8, 'pow', 'add', 2, 'add', 'pow', 'X_0', 2, 'pow', 'X_1', 2, -1]
--------------------
eq_name 	 Keijzer_14
num_vars 	 2
vars_range_and_types 	 [{"name": "LogUniform", "range": [0.1, 10], "only_positive": true}, {"name": "LogUniform", "range": [0.1, 10], "only_positive": true}]
function_set 	 ['add', 'mul', 'div', 'exp', 'log', 'pow', 'inv', 'neg', 'sqrt', 'const']
eq_expression 	 mul,8,pow,add,2,add,pow,X_0,2,pow,X_1,2,-1
expr 	 8/(X_0**2 + X_1**2 + 2)
--------------------

== EXPERIMENT SETUP START ===========
Task type            : regression
Starting seed        : 0
Runs                 : 1
== EXPERIMENT SETUP END =============

== TRAINING SEED 0 START ============
self.dataX <dso.symbolic_data_generator.DataX object at 0x2b8f9fda5080>, self.data_query_oracle: <dso.symbolic_equation_evaluator_public.Equation_evaluator object at 0x2b8fbee46da0>
generate dataset!
-- BUILDING PRIOR START -------------
WARNING: Skipping invalid 'RelationalConstraint' with arguments {'targets': [], 'effectors': [], 'relationship': None}. Reason: Prior disabled.
WARNING: Skipping invalid 'TrigConstraint' with arguments {}. Reason: There are no target Tokens.
WARNING: Skipping invalid 'UniformArityPrior' with arguments {}. Reason: Prior disabled.
WARNING: Skipping invalid 'LanguageModelPrior' with arguments {'weight': None}. Reason: Prior disabled.
LengthConstraint: Sequences have minimum length 4.
                  Sequences have maximum length 256.
RepeatConstraint: [const] cannot occur more than 10 times.
RelationalConstraint: [inv] cannot be a child of [inv].
ConstConstraint: [const] cannot be the only unique child of [inv, add, sub, mul, div].
NoInputsConstraint: Sequences contain at least one input variable Token.
SoftLengthPrior: No description available.
-- BUILDING PRIOR END ---------------

-- RUNNING EPOCHS START -------------
[00:00:00:10.51] Training epoch 1/14, current best R: 0.8706

	** New best
	Reward: 0.8706444768827585
	Count Off-policy: False
	Count On-policy: True
	Originally on Policy: True
	Invalid: False
	Traversal: sub,inv,div,sub,x2,mul,inv,div,-0.990305542870184,add,add,mul,x2,mul,x2,0.19005396997965873,x1,1.0873847876791736,1.8597148268135824,11.640204554274016,0.43241518923518657
	Expression:
	                                                                         1      
	  -0.43241518923518657 + ───────────────────────────────────────────────────────
	                                                                         2      
	                         0.16133051918093858⋅x₁ + 0.030661505649216858⋅x₂  + 0.0

                                          
	  ──────────────────────────────────────────
                                          
	  85909143205977677⋅x₂ + 0.17542835234573575

[00:00:01:16.63] Training epoch 7/14, current best R: 0.8862

	** New best
	Reward: 0.8862315081757577
	Count Off-policy: False
	Count On-policy: True
	Originally on Policy: True
	Invalid: False
	Traversal: div,9.757709739958807,add,inv,div,div,inv,x2,x2,x2,add,2.19283694068772,sub,sub,mul,x1,x1,-0.19148831058272014,-0.1914883105827513
	Expression:
	        9.757709739958807       
	  ──────────────────────────────
	    2     3                     
	  x₁  + x₂  + 2.5758135618531914

[00:00:01:55.28] Training epoch 10/14, current best R: 0.8862
[00:00:03:02.37] Ending training after epoch 14/14, current best R: 0.8862
-- RUNNING EPOCHS END ---------------

-- EVALUATION START ----------------
Saving Hall of Fame to ./log/regression_config_regression_DSR.json_Keijzer_14.in_normal_0.0_2023-05-30-042619/dso_regression_config_regression_DSR.json_Keijzer_14.in_normal_0.0_0_hof.csv
Saving Pareto Front to ./log/regression_config_regression_DSR.json_Keijzer_14.in_normal_0.0_2023-05-30-042619/dso_regression_config_regression_DSR.json_Keijzer_14.in_normal_0.0_0_pf.csv
Invalid expressions: 322 of 14336 (2.2%).
Error type counts:
  reciprocal: 211 (65.5%)
  true_divide: 111 (34.5%)
Error node counts:
  divide: 320 (99.4%)
  invalid: 2 (0.6%)
-- EVALUATION END ------------------
== TRAINING SEED 0 END ==============
INFO: Completed run 1 of 1 in 184 s

== POST-PROCESS START =================
-- LOADING LOGS START ----------------
Successfully loaded summary data
Successfully loaded Hall of Fame data
Successfully loaded Pareto Front data
-- LOADING LOGS END ------------------

-- ANALYZING LOG START --------------
Task_____________regression
Source path______./log/regression_config_regression_DSR.json_Keijzer_14.in_normal_0.0_2023-05-30-042619
Runs_____________1
Max Samples/run__15000
Success_rate_____0.0
Hall of Fame (Top 5 of 100)____
    0: S=000 R=0.886232 <-- [9.757709739958807/(x1**2 + x2**3 + 2.5758135618531914)]
    1: S=000 R=0.870644 <-- [-0.43241518923518657 + 1/(0.16133051918093858*x1 + 0.030661505649216858*x2**2 + 0.085909143205977677*x2 + 0.17542835234573575)]
    2: S=000 R=0.866431 <-- [1/(0.27389354446904385*x1*(0.5407036855976334*x1 - 0.4404924414709539) + 0.02076898837338428*x1/x2 + 0.27389354446904385*x2 + 0.19129456591975627)]
    3: S=000 R=0.865346 <-- [-0.7718880685606913 + 2.8831041599458636/(0.34684837748587541*x1 + 0.3459174695220693*x2 + 0.46486971392966177)]
    4: S=000 R=0.865346 <-- [-0.77188686788032342 + 8.312274759401097/(x1 + 0.9973150805546258*x2 + 1.3402648417560159)]
  Saving Hall of Fame plot to ./log/regression_config_regression_DSR.json_Keijzer_14.in_normal_0.0_2023-05-30-042619/dso_regression_config_regression_DSR.json_Keijzer_14.in_normal_0.0_plot_hof.png
Pareto Front (5 of 10)____
    0: S=000 R=0.886232 C=24.00 <-- [9.757709739958807/(x1**2 + x2**3 + 2.5758135618531914)]
    1: S=000 R=0.865346 C=22.00 <-- [-0.7718880685606913 + 2.8831041599458636/(0.34684837748587541*x1 + 0.3459174695220693*x2 + 0.46486971392966177)]
    2: S=000 R=0.865344 C=19.00 <-- [2.1131413206932366 - 1/(0.34661844265911756 + 1/(x1 + x2 - 1.542965448313652))]
    3: S=000 R=0.822403 C=17.00 <-- [51.080544992401386/((x1 + 11.635094546268215)*(x1 + x2 + 0.4510426804042881) + 0.45749613895554625/x2)]
    4: S=000 R=0.802425 C=11.00 <-- [5.96722034675945/((x1 + 1.0171858033432122)*(x2 + 1.0197763213788562))]
  Saving Pareto Front plot to ./log/regression_config_regression_DSR.json_Keijzer_14.in_normal_0.0_2023-05-30-042619/dso_regression_config_regression_DSR.json_Keijzer_14.in_normal_0.0_plot_pf.png
-- ANALYZING LOG END ----------------
== POST-PROCESS END ===================
