['pow', 'X_0', 0.5]
--------------------
eq_name 	 Keijzer_8
num_vars 	 1
vars_range_and_types 	 [{"name": "LogUniform", "range": [0.1, 10], "only_positive": true}]
function_set 	 ['add', 'mul', 'div', 'exp', 'log', 'pow', 'inv', 'neg', 'sqrt', 'const']
eq_expression 	 pow,X_0,0.5
expr 	 sqrt(X_0)
--------------------

== EXPERIMENT SETUP START ===========
Task type            : regression
Starting seed        : 0
Runs                 : 1
== EXPERIMENT SETUP END =============

== TRAINING SEED 0 START ============
self.dataX <dso.symbolic_data_generator.DataX object at 0x2b90a5d6b1d0>, self.data_query_oracle: <dso.symbolic_equation_evaluator_public.Equation_evaluator object at 0x2b90c4e0cd30>
generate dataset!
-- BUILDING PRIOR START -------------
WARNING: Skipping invalid 'RelationalConstraint' with arguments {'targets': [], 'effectors': [], 'relationship': None}. Reason: Prior disabled.
WARNING: Skipping invalid 'TrigConstraint' with arguments {}. Reason: There are no target Tokens.
WARNING: Skipping invalid 'UniformArityPrior' with arguments {}. Reason: Prior disabled.
WARNING: Skipping invalid 'LanguageModelPrior' with arguments {'weight': None}. Reason: Prior disabled.
LengthConstraint: Sequences have minimum length 4.
                  Sequences have maximum length 256.
RepeatConstraint: [const] cannot occur more than 10 times.
RelationalConstraint: [inv] cannot be a child of [inv].
ConstConstraint: [const] cannot be the only unique child of [inv, add, sub, mul, div].
NoInputsConstraint: Sequences contain at least one input variable Token.
SoftLengthPrior: No description available.
-- BUILDING PRIOR END ---------------

-- RUNNING EPOCHS START -------------
gen	iter	pop_size	nevals	uncached_size	best_val              	timer  
0  	0   	1024    	1024  	1024         	(-0.9848492098388301,)	24.0954
1  	1   	1024    	779   	600          	(-0.996090319938213,) 	19.7842
2  	2   	1024    	747   	525          	(-0.9990551604608496,)	24.4519
3  	3   	1024    	766   	522          	(-0.9995975672511497,)	32.876 
4  	4   	1024    	751   	497          	(-0.9996852728819274,)	37.4506
5  	5   	1024    	752   	490          	(-0.9998553818061128,)	52.4572
6  	6   	1024    	804   	533          	(-0.9999590140807091,)	58.9152
7  	7   	1024    	767   	482          	(-0.9999590140807091,)	53.5627
8  	8   	1024    	771   	452          	(-0.9999590140807091,)	58.9779
9  	9   	1024    	776   	446          	(-0.9999590140807091,)	54.3257

--------------------------------------------------
GP Time: 417.144

Unique expressions evaluated: 6481
Total expression evaluations: 7937
--------------------------------------------------

GP -> best program this epoch:

	Reward: 0.9999590140807091
	Count Off-policy: 1
	Count On-policy: 0
	Originally on Policy: False
	Invalid: False
	Traversal: add,add,div,sub,mul,mul,div,-0.5126406903514124,add,13.930423909743345,x1,x1,x1,sub,x1,sub,0.904140461278647,x1,add,0.050530993319201786,sub,div,2.994931612745542,add,mul,inv,add,add,add,x1,inv,add,sub,x1,0.7093055522639518,mul,x1,2.1210571696766594,1.4962098208089003,x1,x1,x1,-2.67194523901043,0.221249032931485,x1
	Expression:
	                                                                         2      
	                                                    0.5126406903514124⋅x₁       
	                                                 - ─────────────────────── - 2⋅x
	                                                   x₁ + 13.930423909743345      
	  x₁ + 0.221249032931485 + ─────────────────────────────────────────────────────
	                                                                             2.9
	                           2.7224762323296319 + ────────────────────────────────
                                                                              
	                                                x₁ + ───────────────────────────
                                                                              
	                                                     2⋅x₁ + 1.4962098208089003 +
                                                                              

                                           
                                           
	  ₁ + 0.904140461278647                      
                                           
	  ───────────────────────────────────────────
	  94931612745542                             
	  ───────────────────────────────────────────
	         x₁                                  
	  ───────────────────────────────────────────
	                       1                     
	   ──────────────────────────────────────────
	   3.1210571696766594⋅x₁ - 0.7093055522639518

None

--------------------------------------------------

[00:00:07:29.86] Training epoch 1/14, current best R: 1.0000

	** New best
	Reward: 0.9999590140807091
	Count Off-policy: 1
	Count On-policy: 0
	Originally on Policy: False
	Invalid: False
	Traversal: add,add,div,sub,mul,mul,div,-0.5126406903514124,add,13.930423909743345,x1,x1,x1,sub,x1,sub,0.904140461278647,x1,add,0.050530993319201786,sub,div,2.994931612745542,add,mul,inv,add,add,add,x1,inv,add,sub,x1,0.7093055522639518,mul,x1,2.1210571696766594,1.4962098208089003,x1,x1,x1,-2.67194523901043,0.221249032931485,x1
	Expression:
	                                                                         2      
	                                                    0.5126406903514124⋅x₁       
	                                                 - ─────────────────────── - 2⋅x
	                                                   x₁ + 13.930423909743345      
	  x₁ + 0.221249032931485 + ─────────────────────────────────────────────────────
	                                                                             2.9
	                           2.7224762323296319 + ────────────────────────────────
                                                                              
	                                                x₁ + ───────────────────────────
                                                                              
	                                                     2⋅x₁ + 1.4962098208089003 +
                                                                              

                                           
                                           
	  ₁ + 0.904140461278647                      
                                           
	  ───────────────────────────────────────────
	  94931612745542                             
	  ───────────────────────────────────────────
	         x₁                                  
	  ───────────────────────────────────────────
	                       1                     
	   ──────────────────────────────────────────
	   3.1210571696766594⋅x₁ - 0.7093055522639518

10 	0   	1024    	1024  	1015         	(-0.9950630932406701,)	30.8317
11 	1   	1024    	770   	576          	(-0.9961793051463588,)	24.2907
12 	2   	1024    	777   	554          	(-0.9989470812921171,)	30.2177
13 	3   	1024    	803   	545          	(-0.9993896949175364,)	41.8169
14 	4   	1024    	754   	478          	(-0.9997304605315304,)	44.7606
15 	5   	1024    	782   	481          	(-0.9998878985152078,)	53.8274
16 	6   	1024    	765   	454          	(-0.9998878985152078,)	53.362 
17 	7   	1024    	751   	459          	(-0.9999279228850615,)	60.738 
18 	8   	1024    	776   	458          	(-0.9999279228850615,)	74.5051
19 	9   	1024    	750   	407          	(-0.9999280130709517,)	57.8773

--------------------------------------------------
GP Time: 472.48

Unique expressions evaluated: 12812
Total expression evaluations: 15889
--------------------------------------------------

GP -> best program this epoch:

	Reward: 0.9999280130709517
	Count Off-policy: 1
	Count On-policy: 0
	Originally on Policy: False
	Invalid: False
	Traversal: sub,sub,x1,sub,-0.9918189795217501,inv,add,div,add,x1,1.4768111186118051,mul,sub,div,x1,inv,add,inv,mul,inv,add,mul,inv,add,x1,0.1488263311831936,0.8530451782967714,x1,2.021020779161338,0.6218906159382483,1.8456600187105578,0.53242076831836,0.37930757985069,mul,0.9117086714963146,x1
	Expression:
                                                                              
	  0.0882913285036854⋅x₁ + 0.9918189795217501 + ─────────────────────────────────
                                                                              
	                                               ─────────────────────────────────
	                                                                   ⎛            
	                                               0.53242076831836⋅x₁⋅⎜0.4947994648
	                                                                   ⎝            

	                                  1                                             
	  ──────────────────────────────────────────────────────────────────────────────
	             x₁ + 1.4768111186118051                                            
	  ──────────────────────────────────────────────────────────────────────────────
	                                      0.4220862977226583  ⎞                     
	  600147⋅x₁ + 0.6218906159382483 + ───────────────────────⎟ - 0.9826677252163539
	                                   x₁ + 0.1488263311831936⎠                     

                    
	  ────────────────────
                    
	  ─ + 0.37930757985069
                    
	  7                   
                    

None

--------------------------------------------------

-- RUNNING EPOCHS END ---------------

-- EVALUATION START ----------------
Saving Hall of Fame to ./log/regression_config_regression_GPMELD.json_Keijzer_8.in_normal_0.0_2023-05-30-033729/dso_regression_config_regression_GPMELD.json_Keijzer_8.in_normal_0.0_0_hof.csv
Saving Pareto Front to ./log/regression_config_regression_GPMELD.json_Keijzer_8.in_normal_0.0_2023-05-30-033729/dso_regression_config_regression_GPMELD.json_Keijzer_8.in_normal_0.0_0_pf.csv
Invalid expressions: 242 of 17937 (1.3%).
Error type counts:
  true_divide: 97 (40.1%)
  reciprocal: 145 (59.9%)
Error node counts:
  divide: 241 (99.6%)
  invalid: 1 (0.4%)
-- EVALUATION END ------------------
== TRAINING SEED 0 END ==============
INFO: Completed run 1 of 1 in 959 s

== POST-PROCESS START =================
-- LOADING LOGS START ----------------
Successfully loaded summary data
Successfully loaded Hall of Fame data
Successfully loaded Pareto Front data
-- LOADING LOGS END ------------------

-- ANALYZING LOG START --------------
Task_____________regression
Source path______./log/regression_config_regression_GPMELD.json_Keijzer_8.in_normal_0.0_2023-05-30-033729
Runs_____________1
Max Samples/run__15000
Success_rate_____0.0
Hall of Fame (Top 5 of 100)____
    0: S=000 R=0.999959 <-- [x1 + 0.221249032931485 + (-0.5126406903514124*x1**2/(x1 + 13.930423909743345) - 2*x1 + 0.904140461278647)/(2.7224762323296319 + 2.994931612745542/(x1 + x1/(2*x1 + 1.4962098208089003 + 1/(3.1210571696766594*x1 - 0.7093055522639518))))]
    1: S=000 R=0.999959 <-- [x1 + 0.221249032931485 + (-0.5126406903514124*x1**2/(x1 + 13.930423909743345) - 2*x1 + 0.904140461278647)/(2.7224762323296319 + 2.994931612745542/(x1 + x1/(2*x1 + 1.4962098208089003 + 1/(3.1210571696766594*x1 - 0.7093055522639518))))]
    2: S=000 R=0.999944 <-- [x1*(0.3404718357199625 + 1.341755022067463/(x1 + (x1 + 0.18319749521693512)/(0.028647430978423538*x1**2*(x1 + 2.110937953789208) + x1 + 0.4491944388305399)) + 0.5579768452377804/(x1*(x1 + 4.6713788727344765)))/(0.03405308476154131*x1 + 1.163179135556227)]
    3: S=000 R=0.999944 <-- [x1*(0.3404718357199625 + 1.341755022067463/(x1 + (x1 + 0.18319749521693512)/(0.028647430978423538*x1**2*(x1 + 2.110937953789208) + x1 + 0.4491944388305399)) + 0.5579768452377804/(x1*(x1 + 4.6713788727344765)))/(0.03405308476154131*x1 + 1.163179135556227)]
    4: S=000 R=0.999928 <-- [0.0882913285036854*x1 + 0.9918189795217501 + 1/((x1 + 1.4768111186118051)/(0.53242076831836*x1*(0.4947994648600147*x1 + 0.6218906159382483 + 0.4220862977226583/(x1 + 0.1488263311831936)) - 0.98266772521635397) + 0.37930757985069)]
  Saving Hall of Fame plot to ./log/regression_config_regression_GPMELD.json_Keijzer_8.in_normal_0.0_2023-05-30-033729/dso_regression_config_regression_GPMELD.json_Keijzer_8.in_normal_0.0_plot_hof.png
Pareto Front (5 of 23)____
    0: S=000 R=0.999959 C=50.00 <-- [x1 + 0.221249032931485 + (-0.5126406903514124*x1**2/(x1 + 13.930423909743345) - 2*x1 + 0.904140461278647)/(2.7224762323296319 + 2.994931612745542/(x1 + x1/(2*x1 + 1.4962098208089003 + 1/(3.1210571696766594*x1 - 0.7093055522639518))))]
    1: S=000 R=0.999928 C=43.00 <-- [0.0882913285036854*x1 + 0.9918189795217501 + 1/((x1 + 1.4768111186118051)/(0.53242076831836*x1*(0.4947994648600147*x1 + 0.6218906159382483 + 0.4220862977226583/(x1 + 0.1488263311831936)) - 0.98266772521635397) + 0.37930757985069)]
    2: S=000 R=0.999928 C=40.00 <-- [0.0886567906525799*x1 + 1.08865679065258/(0.3012461448359815 + 2.174384102217895/(x1 + 2.501078713828934 - 1/(-x1*(0.6047550751997187 + 1/(-7.8960823082462122*x1 - 1.5796136886571418)) + x1 + 0.43648961758592336)))]
    3: S=000 R=0.999906 C=39.00 <-- [1.034651843923907 + 1/(0.09937819939948692 + 4.315837417619153/(x1 + 4.606921932389915*x1/(x1 + 3.428321806536684) - 3.3402873850686707 + 4.15697498818987/(2.576553834795856 + 1/x1) - 0.01158138079072277/x1))]
    4: S=000 R=0.999732 C=38.00 <-- [x1 + 0.12225751307754112 + (1.8017496817146827*x1**2/(x1 + 2.0742787261979574) - 2*x1 + 1.1236569794793319)/(0.2106951835108557 + 3.9233121530870805/(x1 + x1/(x1 + 0.22486991487989055)))]
  Saving Pareto Front plot to ./log/regression_config_regression_GPMELD.json_Keijzer_8.in_normal_0.0_2023-05-30-033729/dso_regression_config_regression_GPMELD.json_Keijzer_8.in_normal_0.0_plot_pf.png
-- ANALYZING LOG END ----------------
== POST-PROCESS END ===================
