['log', 'add', 'X_0', 'pow', 'add', 1, 'pow', 'X_0', 2, 0.5]
--------------------
eq_name 	 Keijzer_9
num_vars 	 1
vars_range_and_types 	 [{"name": "LogUniform", "range": [0.1, 10], "only_positive": true}]
function_set 	 ['add', 'mul', 'div', 'exp', 'log', 'pow', 'inv', 'neg', 'sqrt', 'const']
eq_expression 	 log,add,X_0,pow,add,1,pow,X_0,2,0.5
expr 	 log(X_0 + sqrt(X_0**2 + 1))
--------------------

== EXPERIMENT SETUP START ===========
Task type            : regression
Starting seed        : 0
Runs                 : 1
== EXPERIMENT SETUP END =============

== TRAINING SEED 0 START ============
self.dataX <dso.symbolic_data_generator.DataX object at 0x2b5a9ad89860>, self.data_query_oracle: <dso.symbolic_equation_evaluator_public.Equation_evaluator object at 0x2b5a85622da0>
generate dataset!
-- BUILDING PRIOR START -------------
WARNING: Skipping invalid 'RelationalConstraint' with arguments {'targets': [], 'effectors': [], 'relationship': None}. Reason: Prior disabled.
WARNING: Skipping invalid 'TrigConstraint' with arguments {}. Reason: There are no target Tokens.
WARNING: Skipping invalid 'UniformArityPrior' with arguments {}. Reason: Prior disabled.
WARNING: Skipping invalid 'LanguageModelPrior' with arguments {'weight': None}. Reason: Prior disabled.
LengthConstraint: Sequences have minimum length 4.
                  Sequences have maximum length 256.
RepeatConstraint: [const] cannot occur more than 10 times.
RelationalConstraint: [inv] cannot be a child of [inv].
ConstConstraint: [const] cannot be the only unique child of [inv, add, sub, mul, div].
NoInputsConstraint: Sequences contain at least one input variable Token.
SoftLengthPrior: No description available.
-- BUILDING PRIOR END ---------------

-- RUNNING EPOCHS START -------------
[00:00:00:30.84] Training epoch 1/14, current best R: 0.9951

	** New best
	Reward: 0.9951498540997051
	Count Off-policy: False
	Count On-policy: True
	Originally on Policy: True
	Invalid: False
	Traversal: mul,mul,x1,add,div,inv,div,sub,add,add,div,div,0.17096907813272055,mul,x1,inv,x1,x1,x1,x1,-6.205239402809438,5.6637585584995715,0.0014675695450250032,x1,0.0019084602188737445
	Expression:
	                           ⎛                             681.39871353283149     
	  0.0019084602188737445⋅x₁⋅⎜x₁ + ───────────────────────────────────────────────
	                           ⎜                                                   0
	                           ⎜     0.35312239731663895⋅x₁ + 1.0956045069218689 + ─
	                           ⎝                                                    

	                     ⎞
	  ───────────────────⎟
	  .030186505368621017⎟
	  ───────────────────⎟
	          x₁         ⎠

[00:00:00:59.50] Training epoch 2/14, current best R: 0.9992

	** New best
	Reward: 0.9991986112584829
	Count Off-policy: False
	Count On-policy: True
	Originally on Policy: True
	Invalid: False
	Traversal: mul,x1,div,add,x1,sub,sub,inv,sub,add,inv,add,inv,div,inv,mul,6.340784466906981,x1,x1,1.8875454678957309,x1,-2.7062164594560625,-0.01544790834908706,x1,0.3136864484322148
	Expression:
	     ⎛                                               3.187896719791171          
	  x₁⋅⎜0.04924633635368929 + ────────────────────────────────────────────────────
	     ⎜                                                                    1     
	     ⎜                      x₁ + 2.7062164594560625 + ──────────────────────────
	     ⎜                                                                    2     
	     ⎝                                                6.340784466906981⋅x₁  + 1.

	                  ⎞
	  ────────────────⎟
	                  ⎟
	  ────────────────⎟
	                  ⎟
	  8875454678957309⎠

[00:00:03:20.51] Training epoch 7/14, current best R: 0.9999

	** New best
	Reward: 0.9999127087680609
	Count Off-policy: False
	Count On-policy: True
	Originally on Policy: True
	Invalid: False
	Traversal: mul,add,1.0004661608818062,inv,sub,div,div,sub,inv,mul,sub,mul,0.37915645865832326,add,add,x1,-0.985484925681449,x1,x1,x1,1.7786599892860788,0.4624240510972087,x1,1.0349502756747453,x1
	Expression:
	     ⎛                                                                   1      
	  x₁⋅⎜1.0004661608818062 + ─────────────────────────────────────────────────────
	     ⎜                                                                          
	     ⎜                                           -3.846382957516578 + ──────────
	     ⎜                                                                x₁⋅(-0.241
	     ⎜                     -1.0349502756747453 + ───────────────────────────────
	     ⎝                                                                          

	                                          ⎞
	  ────────────────────────────────────────⎟
	        2.162517277436732                 ⎟
	  ────────────────────────────────────────⎟
	  68708268335348⋅x₁ - 0.37365297448253907)⎟
	  ────────────────────────────────────────⎟
	      x₁                                  ⎠

[00:00:04:55.30] Training epoch 10/14, current best R: 0.9999
[00:00:07:41.84] Ending training after epoch 14/14, current best R: 0.9999
-- RUNNING EPOCHS END ---------------

-- EVALUATION START ----------------
Saving Hall of Fame to ./log/regression_config_regression_PQT.json_Keijzer_9.in_normal_0.0_2023-05-30-034243/dso_regression_config_regression_PQT.json_Keijzer_9.in_normal_0.0_0_hof.csv
Saving Pareto Front to ./log/regression_config_regression_PQT.json_Keijzer_9.in_normal_0.0_2023-05-30-034243/dso_regression_config_regression_PQT.json_Keijzer_9.in_normal_0.0_0_pf.csv
Invalid expressions: 424 of 14336 (3.0%).
Error type counts:
  reciprocal: 295 (69.6%)
  true_divide: 129 (30.4%)
Error node counts:
  divide: 421 (99.3%)
  invalid: 3 (0.7%)

Priority queue entry 0:
	Reward: 0.9999127087680609
	Count Off-policy: False
	Count On-policy: True
	Originally on Policy: True
	Invalid: False
	Traversal: mul,add,1.0004661608818062,inv,sub,div,div,sub,inv,mul,sub,mul,0.37915645865832326,add,add,x1,-0.985484925681449,x1,x1,x1,1.7786599892860788,0.4624240510972087,x1,1.0349502756747453,x1
	Expression:
	     ⎛                                                                   1      
	  x₁⋅⎜1.0004661608818062 + ─────────────────────────────────────────────────────
	     ⎜                                                                          
	     ⎜                                           -3.846382957516578 + ──────────
	     ⎜                                                                x₁⋅(-0.241
	     ⎜                     -1.0349502756747453 + ───────────────────────────────
	     ⎝                                                                          

	                                          ⎞
	  ────────────────────────────────────────⎟
	        2.162517277436732                 ⎟
	  ────────────────────────────────────────⎟
	  68708268335348⋅x₁ - 0.37365297448253907)⎟
	  ────────────────────────────────────────⎟
	      x₁                                  ⎠


Priority queue entry 1:
	Reward: 0.9991986112584829
	Count Off-policy: False
	Count On-policy: True
	Originally on Policy: True
	Invalid: False
	Traversal: mul,x1,div,add,x1,sub,sub,inv,sub,add,inv,add,inv,div,inv,mul,6.340784466906981,x1,x1,1.8875454678957309,x1,-2.7062164594560625,-0.01544790834908706,x1,0.3136864484322148
	Expression:
	     ⎛                                               3.187896719791171          
	  x₁⋅⎜0.04924633635368929 + ────────────────────────────────────────────────────
	     ⎜                                                                    1     
	     ⎜                      x₁ + 2.7062164594560625 + ──────────────────────────
	     ⎜                                                                    2     
	     ⎝                                                6.340784466906981⋅x₁  + 1.

	                  ⎞
	  ────────────────⎟
	                  ⎟
	  ────────────────⎟
	                  ⎟
	  8875454678957309⎠


Priority queue entry 2:
	Reward: 0.9991902483252164
	Count Off-policy: False
	Count On-policy: True
	Originally on Policy: True
	Invalid: False
	Traversal: div,mul,mul,sub,mul,1.038455159160099,sub,sub,add,mul,inv,add,inv,div,add,x1,1.279090255431814,add,3.081742063211199,x1,x1,-15.774117254334053,x1,0.6560468325029395,0.6560468334173964,x1,x1,-0.5076761738458067,4.1469093766590674
	Expression:
	                          ⎛                                                 16.3
	  -0.12242277989079495⋅x₁⋅⎜0.03845515916009901⋅x₁ - 1.36255043667626 - ─────────
	                          ⎜                                                 x₁ +
	                          ⎜                                            x₁ + ────
	                          ⎝                                                 x₁ +

	  80713443959533    ⎞
	  ──────────────────⎟
	   3.081742063211199⎟
	  ──────────────────⎟
	   1.279090255431814⎠


Priority queue entry 3:
	Reward: 0.9990096618544589
	Count Off-policy: False
	Count On-policy: True
	Originally on Policy: True
	Invalid: False
	Traversal: mul,add,mul,sub,div,add,inv,add,inv,x1,sub,inv,add,div,inv,x1,add,8.329332191572885,x1,0.5345435643259712,1.6744108258995507,0.011208659194267662,x1,-0.04498768961335425,x1,0.011208659193276632,0.735744606318278
	Expression:
	                       ⎛                                                        
	                       ⎜                      0.011208659194267662 + ───────────
	                       ⎜                                                        
	                       ⎜                                             -1.67441082
	                       ⎜                                                        
	                       ⎜                                                        
	                       ⎜                                                        
	  0.735744606318278⋅x₁⋅⎜0.04498768961335425 + ──────────────────────────────────
	                       ⎝                                                        

	                            1                                     ⎞             
	  ────────────────────────────────────────────────────────────────⎟             
	                                    1                           1 ⎟             
	  58995507 + ──────────────────────────────────────────────── + ──⎟             
	                                               1                x₁⎟             
	             0.5345435643259712 + ───────────────────────────     ⎟             
	                                  x₁⋅(x₁ + 8.329332191572885)     ⎟             
	  ────────────────────────────────────────────────────────────────⎟ + 0.00824671
	                x₁                                                ⎠             

           
           
           
           
           
           
           
	  05455130629
           


Priority queue entry 4:
	Reward: 0.9987855974277994
	Count Off-policy: False
	Count On-policy: True
	Originally on Policy: True
	Invalid: False
	Traversal: sub,mul,add,div,inv,add,div,sub,add,2.177959665610349,div,inv,add,0.22183414646836722,x1,2.950652410740369,-0.1875221714819293,0.9635671976591295,x1,0.32843681045230355,0.05531487619826284,x1,-0.012250016297888088
	Expression:
	     ⎛                                      3.0447257072764157               ⎞  
	  x₁⋅⎜0.05531487619826284 + ─────────────────────────────────────────────────⎟ +
	     ⎜                                                  0.3517223293291032   ⎟  
	     ⎜                      x₁ + 2.454921507123667 + ────────────────────────⎟  
	     ⎝                                               x₁ + 0.22183414646836722⎠  

                     
	   0.012250016297888088
                     
                     
                     


Priority queue entry 5:
	Reward: 0.9987855969754563
	Count Off-policy: False
	Count On-policy: True
	Originally on Policy: True
	Invalid: False
	Traversal: sub,mul,sub,0.055313098733631404,inv,mul,add,sub,inv,div,sub,sub,-0.9933035963207101,mul,4.371503012726884,add,0.04529820934551237,x1,x1,1.8891235727850968,x1,-2.45497063434602,0.3284336940855501,x1,-0.01225205898697671
	Expression:
	     ⎛                                                                  1       
	  x₁⋅⎜0.055313098733631404 - ───────────────────────────────────────────────────
	     ⎜                                                                          
	     ⎜                       -0.3284336940855501⋅x₁ - 0.8062950743098096 + ─────
	     ⎝                                                                     -2.84

	                                       ⎞                      
	  ─────────────────────────────────────⎟ + 0.01225205898697671
	         0.3284336940855501            ⎟                      
	  ─────────────────────────────────────⎟                      
	  3383614555074⋅x₁ - 0.6306230424034169⎠                      


Priority queue entry 6:
	Reward: 0.9983115305238132
	Count Off-policy: False
	Count On-policy: True
	Originally on Policy: True
	Invalid: False
	Traversal: sub,x1,sub,-0.04761891884831793,add,sub,mul,inv,sub,mul,inv,add,-0.09552256581070644,mul,div,add,-0.6392786828566555,x1,-3.4271110373095253,x1,x1,1.0543314135355786,x1,x1,x1
	Expression:
	                                                    x₁                          
	  x₁ + ─────────────────────────────────────────────────────────────────────────
	                                          x₁                                    
	       ─────────────────────────────────────────────────────────────────────── -
	       x₁⋅(0.18653573692159247 - 0.29179095427998043⋅x₁) - 0.09552256581070644  

                                         
	  ─────────────────── + 0.04761891884831793
                                         
	   1.0543314135355786                      
                                         


Priority queue entry 7:
	Reward: 0.9982227043272369
	Count Off-policy: False
	Count On-policy: True
	Originally on Policy: True
	Invalid: False
	Traversal: mul,-0.17716343402115514,sub,sub,mul,div,inv,sub,-0.11924934646274121,x1,add,mul,div,sub,div,0.7352937210907786,x1,-0.2758280235845549,x1,1.0523288549948333,-0.003675125861516644,5.586353401441475,0.13431814482032728,0.13431814482031842
	Expression:
	                                                                        0.989697
	  0.047592527575438457 - ───────────────────────────────────────────────────────
	                         ⎛                                           ⎛          
	                         ⎜                        1.0523288549948333⋅⎜0.27582802
	                         ⎜                                           ⎝          
	                         ⎜-0.003675125861516644 + ──────────────────────────────
	                         ⎝                                                     x

	  55225513234                                                
	  ───────────────────────────────────────────────────────────
	             0.7352937210907786⎞⎞                            
	  35845549 + ──────────────────⎟⎟                            
	                     x₁        ⎠⎟                            
	  ──────────────────────────────⎟⋅(-x₁ - 0.11924934646274121)
	  ₁                             ⎠                            


Priority queue entry 8:
	Reward: 0.9982224052661673
	Count Off-policy: False
	Count On-policy: True
	Originally on Policy: True
	Invalid: False
	Traversal: add,sub,div,1.0592953217783752,mul,div,add,div,mul,add,div,mul,inv,x1,sub,x1,-0.1138574427460163,x1,sub,0.35840512752977344,x1,1.074296817776393,1.0694199833566633,x1,1.0592953217784562,0.9124901541655946,0.9756521820424447,1.0231536878676837
	Expression:
	                                                                1.05929532177837
	  0.047501505825239007 + ───────────────────────────────────────────────────────
	                                                                           0.865
	                         -0.0039282656388703099⋅x₁ + 0.31014254134344088 + ─────
                                                                              
                                                                              

	  52                                      
	  ────────────────────────────────────────
	  34069275467248⋅(x₁ + 0.1138574427460163)
	  ────────────────────────────────────────
	                    2                     
	                  x₁                      


Priority queue entry 9:
	Reward: 0.9980602097100304
	Count Off-policy: False
	Count On-policy: True
	Originally on Policy: True
	Invalid: False
	Traversal: div,mul,div,sub,mul,x1,sub,-61.66571499760682,x1,17.50778279258155,sub,div,114.86623464487755,inv,add,inv,x1,x1,-321.2103697487942,-520.5735020695821,85.95359757110239
	Expression:
	  -6.056448092692737⋅(x₁⋅(-x₁ - 61.66571499760682) - 17.50778279258155) 
	  ──────────────────────────────────────────────────────────────────────
	                                                  114.86623464487755    
	      114.86623464487755⋅x₁ + 321.2103697487942 + ──────────────────    
	                                                          x₁            

-- EVALUATION END ------------------
== TRAINING SEED 0 END ==============
INFO: Completed run 1 of 1 in 464 s

== POST-PROCESS START =================
-- LOADING LOGS START ----------------
Successfully loaded summary data
Successfully loaded Hall of Fame data
Successfully loaded Pareto Front data
-- LOADING LOGS END ------------------

-- ANALYZING LOG START --------------
Task_____________regression
Source path______./log/regression_config_regression_PQT.json_Keijzer_9.in_normal_0.0_2023-05-30-034243
Runs_____________1
Max Samples/run__15000
Success_rate_____0.0
Hall of Fame (Top 5 of 100)____
    0: S=000 R=0.999913 <-- [x1*(1.0004661608818062 + 1/(-1.0349502756747453 + (-3.846382957516578 + 2.162517277436732/(x1*(-0.24168708268335348*x1 - 0.37365297448253907)))/x1))]
    1: S=000 R=0.999199 <-- [x1*(0.04924633635368929 + 3.187896719791171/(x1 + 2.7062164594560625 + 1/(6.340784466906981*x1**2 + 1.8875454678957309)))]
    2: S=000 R=0.999190 <-- [-0.12242277989079495*x1*(0.03845515916009901*x1 - 1.36255043667626 - 16.380713443959533/(x1 + (x1 + 3.081742063211199)/(x1 + 1.279090255431814)))]
    3: S=000 R=0.999010 <-- [0.735744606318278*x1*(0.04498768961335425 + (0.011208659194267662 + 1/(-1.6744108258995507 + 1/(0.5345435643259712 + 1/(x1*(x1 + 8.329332191572885))) + 1/x1))/x1) + 0.0082467105455130629]
    4: S=000 R=0.998786 <-- [x1*(0.05531487619826284 + 3.0447257072764157/(x1 + 2.454921507123667 + 0.3517223293291032/(x1 + 0.22183414646836722))) + 0.012250016297888088]
  Saving Hall of Fame plot to ./log/regression_config_regression_PQT.json_Keijzer_9.in_normal_0.0_2023-05-30-034243/dso_regression_config_regression_PQT.json_Keijzer_9.in_normal_0.0_plot_hof.png
Pareto Front (5 of 13)____
    0: S=000 R=0.999913 C=29.00 <-- [x1*(1.0004661608818062 + 1/(-1.0349502756747453 + (-3.846382957516578 + 2.162517277436732/(x1*(-0.24168708268335348*x1 - 0.37365297448253907)))/x1))]
    1: S=000 R=0.998786 C=28.00 <-- [x1*(0.05531487619826284 + 3.0447257072764157/(x1 + 2.454921507123667 + 0.3517223293291032/(x1 + 0.22183414646836722))) + 0.012250016297888088]
    2: S=000 R=0.998060 C=26.00 <-- [-6.056448092692737*(x1*(-x1 - 61.66571499760682) - 17.50778279258155)/(114.86623464487755*x1 + 321.2103697487942 + 114.86623464487755/x1)]
    3: S=000 R=0.997709 C=25.00 <-- [x1*(0.07402949265907284 - 1/(x1*(0.02003236348002688*x1 + 0.088489993074201)*(x1 + 4.417351610182877) + 0.0006365038413229765)) + 2.5057007021639898]
    4: S=000 R=0.997307 C=21.00 <-- [0.04722837171135704*x1 + 3.257443602855594 - 0.04722837171135704*(x1 + 1/(0.005464668171274911 + 0.014394065403896678/(x1 - 0.0017475923116748433)))/x1]
  Saving Pareto Front plot to ./log/regression_config_regression_PQT.json_Keijzer_9.in_normal_0.0_2023-05-30-034243/dso_regression_config_regression_PQT.json_Keijzer_9.in_normal_0.0_plot_pf.png
-- ANALYZING LOG END ----------------
== POST-PROCESS END ===================
