['mul', 'pow', 'X_0', 3, 'mul', 'add', -1, 'mul', 'pow', 'sin', 'X_0', 2, 'cos', 'X_0', 'mul', 'cos', 'X_0', 'mul', 'exp', 'mul', -1, 'X_0', 'sin', 'X_0']
--------------------
eq_name 	 Keijzer_4
num_vars 	 1
vars_range_and_types 	 [{"name": "LogUniform", "range": [0.1, 10], "only_positive": true}]
function_set 	 ['add', 'mul', 'div', 'exp', 'log', 'pow', 'sin', 'cos', 'const']
eq_expression 	 mul,pow,X_0,3,mul,add,-1,mul,pow,sin,X_0,2,cos,X_0,mul,cos,X_0,mul,exp,mul,-1,X_0,sin,X_0
expr 	 X_0**3*(sin(X_0)**2*cos(X_0) - 1)*exp(-X_0)*sin(X_0)*cos(X_0)
--------------------

== EXPERIMENT SETUP START ===========
Task type            : regression
Starting seed        : 0
Runs                 : 1
== EXPERIMENT SETUP END =============

== TRAINING SEED 0 START ============
self.dataX <dso.symbolic_data_generator.DataX object at 0x2b611de810f0>, self.data_query_oracle: <dso.symbolic_equation_evaluator_public.Equation_evaluator object at 0x2b613cf23da0>
generate dataset!
-- BUILDING PRIOR START -------------
WARNING: Skipping invalid 'RelationalConstraint' with arguments {'targets': [], 'effectors': [], 'relationship': None}. Reason: Prior disabled.
WARNING: Skipping invalid 'TrigConstraint' with arguments {}. Reason: There are no target Tokens.
WARNING: Skipping invalid 'UniformArityPrior' with arguments {}. Reason: Prior disabled.
WARNING: Skipping invalid 'LanguageModelPrior' with arguments {'weight': None}. Reason: Prior disabled.
LengthConstraint: Sequences have minimum length 4.
                  Sequences have maximum length 256.
RepeatConstraint: [const] cannot occur more than 10 times.
RelationalConstraint: [inv] cannot be a child of [inv].
ConstConstraint: [const] cannot be the only unique child of [inv, add, sub, mul, div].
NoInputsConstraint: Sequences contain at least one input variable Token.
SoftLengthPrior: No description available.
-- BUILDING PRIOR END ---------------

-- RUNNING EPOCHS START -------------
[00:00:00:22.70] Training epoch 1/14, current best R: 0.6101

	** New best
	Reward: 0.6100644639228217
	Count Off-policy: False
	Count On-policy: True
	Originally on Policy: True
	Invalid: False
	Traversal: inv,sub,div,div,add,div,x1,3960.1730277895936,inv,x1,mul,sub,0.03198000028452172,mul,0.009989048475283951,x1,x1,x1,7.986588259985081
	Expression:
	                                     1                                    
	  ────────────────────────────────────────────────────────────────────────
	                                                              1           
	                                  0.00025251421919767961⋅x₁ + ──          
	                                                              x₁          
	  -7.986588259985081 + ───────────────────────────────────────────────────
	                         2                                                
	                       x₁ ⋅(0.03198000028452172 - 0.009989048475283951⋅x₁)

[00:00:00:45.25] Training epoch 2/14, current best R: 0.6136

	** New best
	Reward: 0.6135965971578472
	Count Off-policy: False
	Count On-policy: True
	Originally on Policy: True
	Invalid: False
	Traversal: div,inv,sub,inv,mul,sub,0.8373573934213768,inv,div,1.0591362433508613,inv,add,mul,mul,x1,0.34729959009643535,sub,1.3227104851660076,x1,x1,x1,1.782602970130037,4.979604599228001
	Expression:
	                                                     0.2008191574397357         
	  ──────────────────────────────────────────────────────────────────────────────
	                                                                       1        
	  -1.782602970130037 + ─────────────────────────────────────────────────────────
	                          ⎛                                                     
	                       x₁⋅⎜0.8373573934213768 - ────────────────────────────────
	                          ⎝                     0.36783758317203253⋅x₁⋅(1.322710

                                         
	  ─────────────────────────────────────────
                                         
	  ─────────────────────────────────────────
	     1                                    ⎞
	  ────────────────────────────────────────⎟
	  4851660076 - x₁) + 1.0591362433508613⋅x₁⎠

[00:00:01:09.68] Training epoch 3/14, current best R: 0.6144

	** New best
	Reward: 0.6143638413954746
	Count Off-policy: False
	Count On-policy: True
	Originally on Policy: True
	Invalid: False
	Traversal: add,mul,add,inv,add,div,8.59272050791658,mul,sub,inv,mul,9.536585240779402,sub,3.2160100628723858,x1,0.9176962795553675,x1,x1,x1,-0.9785996474110945,x1
	Expression:
	                                                       0.9785996474110945       
	  0.02140035258890551⋅x₁ - ─────────────────────────────────────────────────────
	                                                          8.59272050791658      
	                           x₁ + ────────────────────────────────────────────────
	                                   ⎛                                          1 
	                                x₁⋅⎜-0.9176962795553675 + ──────────────────────
	                                   ⎝                      30.669754099786831 - 9

                    
	  ────────────────────
                    
	  ────────────────────
	                     ⎞
	  ───────────────────⎟
	  .536585240779402⋅x₁⎠

[00:00:02:02.79] Training epoch 5/14, current best R: 0.6161

	** New best
	Reward: 0.616051898439498
	Count Off-policy: False
	Count On-policy: True
	Originally on Policy: True
	Invalid: False
	Traversal: div,sub,x1,3.109847966313161,add,add,add,22.935822461307897,div,add,inv,add,div,0.0014567324098714396,div,0.8013477255730702,x1,-0.012727986848500503,49.63552546272278,x1,x1,x1
	Expression:
	                                       x₁ - 3.109847966313161                   
	  ──────────────────────────────────────────────────────────────────────────────
	                                                                         1      
	                              49.63552546272278 + ──────────────────────────────
	                                                  0.0018178530535288937⋅x₁ - 0.0
	  2⋅x₁ + 22.935822461307897 + ──────────────────────────────────────────────────
	                                                               x₁               

                 
	  ─────────────────
                 
	  ─────────────────
	  12727986848500503
	  ─────────────────
                 

[00:00:03:02.23] Training epoch 7/14, current best R: 0.6219

	** New best
	Reward: 0.6219135500956028
	Count Off-policy: False
	Count On-policy: True
	Originally on Policy: True
	Invalid: False
	Traversal: inv,mul,inv,mul,mul,0.029955184970605956,add,inv,div,sub,div,sub,sub,x1,inv,add,x1,-3.031377258285941,-17.192143897068195,x1,7.04606602031618,30.642611721691658,x1,x1,x1
	Expression:
	                                                                 0.0299551849706
	  0.029955184970605956⋅x₁ + ────────────────────────────────────────────────────
	                                                                        ⎛       
	                                                   0.032634294004779888⋅⎜x₁ + 17
	                                                                        ⎝       
	                            -0.22994339008408758 + ─────────────────────────────
                                                                              

	  05956                                     
	  ──────────────────────────────────────────
	                               1           ⎞
	  .192143897068195 - ──────────────────────⎟
	                     x₁ - 3.031377258285941⎠
	  ──────────────────────────────────────────
	        x₁                                  

[00:00:04:40.91] Training epoch 10/14, current best R: 0.6219
[00:00:05:54.66] Training epoch 12/14, current best R: 0.6400

	** New best
	Reward: 0.6400298205964843
	Count Off-policy: False
	Count On-policy: True
	Originally on Policy: True
	Invalid: False
	Traversal: mul,sub,-0.3511138633837914,sub,inv,add,0.18779484630928178,div,sub,1.2146167142896276,inv,sub,1.1456737416133385,inv,x1,sub,2.989363173293902,x1,x1,0.04630149980670641
	Expression:
	                                                                        0.046301
	  0.04630149980670641⋅x₁ - 0.01625709847759656 - ───────────────────────────────
                                                                              
	                                                 1.2146167142896276 - ──────────
                                                                              
	                                                                      1.14567374
                                                                              
	                                                 ───────────────────────────────
	                                                            2.989363173293902 - 

	  49980670641                        
	  ───────────────────────────────────
	   1                                 
	  ─────────────                      
	             1                       
	  16133385 - ──                      
	             x₁                      
	  ───────────── + 0.18779484630928178
	  x₁                                 

[00:00:07:27.29] Ending training after epoch 14/14, current best R: 0.6400
-- RUNNING EPOCHS END ---------------

-- EVALUATION START ----------------
Saving Hall of Fame to ./log/regression_config_regression_VPG.json_Keijzer_4.in_normal_0.0_2023-05-30-031349/dso_regression_config_regression_VPG.json_Keijzer_4.in_normal_0.0_0_hof.csv
Saving Pareto Front to ./log/regression_config_regression_VPG.json_Keijzer_4.in_normal_0.0_2023-05-30-031349/dso_regression_config_regression_VPG.json_Keijzer_4.in_normal_0.0_0_pf.csv
Invalid expressions: 303 of 14336 (2.1%).
Error type counts:
  true_divide: 96 (31.7%)
  reciprocal: 207 (68.3%)
Error node counts:
  divide: 300 (99.0%)
  invalid: 3 (1.0%)
-- EVALUATION END ------------------
== TRAINING SEED 0 END ==============
INFO: Completed run 1 of 1 in 449 s

== POST-PROCESS START =================
-- LOADING LOGS START ----------------
Successfully loaded summary data
Successfully loaded Hall of Fame data
Successfully loaded Pareto Front data
-- LOADING LOGS END ------------------

-- ANALYZING LOG START --------------
Task_____________regression
Source path______./log/regression_config_regression_VPG.json_Keijzer_4.in_normal_0.0_2023-05-30-031349
Runs_____________1
Max Samples/run__15000
Success_rate_____0.0
Hall of Fame (Top 5 of 100)____
    0: S=000 R=0.640030 <-- [0.04630149980670641*x1 - 0.01625709847759656 - 0.04630149980670641/((1.2146167142896276 - 1/(1.1456737416133385 - 1/x1))/(2.989363173293902 - x1) + 0.18779484630928178)]
    1: S=000 R=0.621914 <-- [0.029955184970605956*x1 + 0.029955184970605956/(-0.22994339008408758 + 0.032634294004779888*(x1 + 17.192143897068195 - 1/(x1 - 3.031377258285941))/x1)]
    2: S=000 R=0.621914 <-- [x1*(0.029955382143925363 + 0.1518189614799026/(-x1 + 2.8435283139725478 + 0.1653972282435492/(3.0313778597658606 - x1)))]
    3: S=000 R=0.620054 <-- [-0.064164034484107623 - 0.4858219026536301/(x1 + (-4.819610292547827 + 1.4953581571870966/(x1 - 3.0517992206019215))/x1)]
    4: S=000 R=0.617932 <-- [-0.04779279670550016 + 0.039196526887554996/(1/(4.793757058369509 + 1/(x1/(-1456.5635978469131 + 4365.505896722362/x1) - 0.1406738164848459)) + 1/x1)]
  Saving Hall of Fame plot to ./log/regression_config_regression_VPG.json_Keijzer_4.in_normal_0.0_2023-05-30-031349/dso_regression_config_regression_VPG.json_Keijzer_4.in_normal_0.0_plot_hof.png
Pareto Front (5 of 12)____
    0: S=000 R=0.640030 C=24.00 <-- [0.04630149980670641*x1 - 0.01625709847759656 - 0.04630149980670641/((1.2146167142896276 - 1/(1.1456737416133385 - 1/x1))/(2.989363173293902 - x1) + 0.18779484630928178)]
    1: S=000 R=0.610223 C=22.00 <-- [x1/(21.973553380092227 + (3*x1 - 8.789939342969316)/(-0.33232789346424281 + 1/x1))]
    2: S=000 R=0.606387 C=19.00 <-- [-0.08267985987356731 - 0.0308527497119824/(-2.873972890989176 + 1/(0.16968657987943173 - 1/(x1*(x1 - 4.689411339286476))))]
    3: S=000 R=0.585491 C=17.00 <-- [0.01539238258083531/(0.51931320203263265*x1 - 2.3892393301908018 + 2.7844197328251856/x1)]
    4: S=000 R=0.537227 C=15.00 <-- [1/(13.90843648841299 + 1/(-x1 + 4.60463377828824 - 5.479837388892348/x1))]
  Saving Pareto Front plot to ./log/regression_config_regression_VPG.json_Keijzer_4.in_normal_0.0_2023-05-30-031349/dso_regression_config_regression_VPG.json_Keijzer_4.in_normal_0.0_plot_pf.png
-- ANALYZING LOG END ----------------
== POST-PROCESS END ===================
