['log', 'X_0']
--------------------
eq_name 	 Keijzer_7
num_vars 	 1
vars_range_and_types 	 [{"name": "LogUniform", "range": [0.1, 10], "only_positive": true}]
function_set 	 ['add', 'mul', 'div', 'exp', 'log', 'pow', 'inv', 'neg', 'sqrt', 'const']
eq_expression 	 log,X_0
expr 	 log(X_0)
--------------------

== EXPERIMENT SETUP START ===========
Task type            : regression
Starting seed        : 0
Runs                 : 1
== EXPERIMENT SETUP END =============

== TRAINING SEED 0 START ============
self.dataX <dso.symbolic_data_generator.DataX object at 0x2adf64e100f0>, self.data_query_oracle: <dso.symbolic_equation_evaluator_public.Equation_evaluator object at 0x2adf83eb1d30>
generate dataset!
-- BUILDING PRIOR START -------------
WARNING: Skipping invalid 'RelationalConstraint' with arguments {'targets': [], 'effectors': [], 'relationship': None}. Reason: Prior disabled.
WARNING: Skipping invalid 'TrigConstraint' with arguments {}. Reason: There are no target Tokens.
WARNING: Skipping invalid 'UniformArityPrior' with arguments {}. Reason: Prior disabled.
WARNING: Skipping invalid 'LanguageModelPrior' with arguments {'weight': None}. Reason: Prior disabled.
LengthConstraint: Sequences have minimum length 4.
                  Sequences have maximum length 256.
RepeatConstraint: [const] cannot occur more than 10 times.
RelationalConstraint: [inv] cannot be a child of [inv].
ConstConstraint: [const] cannot be the only unique child of [inv, add, sub, mul, div].
NoInputsConstraint: Sequences contain at least one input variable Token.
SoftLengthPrior: No description available.
-- BUILDING PRIOR END ---------------

-- RUNNING EPOCHS START -------------
[00:00:00:23.44] Training epoch 1/14, current best R: 0.9873

	** New best
	Reward: 0.9873168655403061
	Count Off-policy: False
	Count On-policy: True
	Originally on Policy: True
	Invalid: False
	Traversal: inv,mul,add,div,add,0.21921256172084544,x1,mul,sub,add,sub,add,sub,0.9797282143359171,inv,x1,x1,1.020268584367729,x1,1.0202685843677264,x1,0.12274988735645324,2.5233566200108632
	Expression:
	                                   1                                 
	  ───────────────────────────────────────────────────────────────────
	                        2.5233566200108632⋅(x₁ + 0.21921256172084544)
	  0.30974174086649404 + ─────────────────────────────────────────────
	                                ⎛                            1 ⎞     
	                             x₁⋅⎜2⋅x₁ - 1.0608089543995383 - ──⎟     
	                                ⎝                            x₁⎠     

[00:00:00:47.14] Training epoch 2/14, current best R: 0.9934

	** New best
	Reward: 0.993432346505688
	Count Off-policy: False
	Count On-policy: True
	Originally on Policy: True
	Invalid: False
	Traversal: sub,inv,div,mul,mul,sub,div,-2.2503180064277,div,add,0.38210468503994793,x1,x1,add,add,x1,1.3163430393405247,1.3163430393405977,0.4805837925904013,0.4805822857807152,4.290951598902977,-3.53150532254506
	Expression:
	                                                        1                       
	  3.53150532254506 + ───────────────────────────────────────────────────────────
	                                                0.1211231504937748⋅x₁           
	                     -0.05382490392371411⋅x₁ - ──────────────────────── - 0.1417
	                                               x₁ + 0.38210468503994793         

             
	  ─────────────
             
	  0407524631107
             

[00:00:01:39.33] Training epoch 4/14, current best R: 0.9934

	** New best
	Reward: 0.9934323465122413
	Count Off-policy: False
	Count On-policy: True
	Originally on Policy: True
	Invalid: False
	Traversal: div,sub,div,-0.880390185002171,add,2.2336245409938713,mul,mul,add,inv,add,0.1838565749741301,add,div,x1,1.039184460335458,0.1838565749742397,0.46178005302177755,1.8372227229629388,x1,-0.197247597529697,0.055853282842525706
	Expression:
	                                                           15.762550385522862   
	  3.5315309591706964 - ─────────────────────────────────────────────────────────
	                          ⎛                                  1.8372227229629388 
	                       x₁⋅⎜0.84839280642264041 + ───────────────────────────────
	                          ⎝                      0.9622930655421763⋅x₁ + 0.36771

                                 
	  ─────────────────────────────────
	             ⎞                     
	  ───────────⎟ + 2.2336245409938713
	  31499483698⎠                     

[00:00:03:04.73] Training epoch 7/14, current best R: 0.9934

	** New best
	Reward: 0.9934323465375363
	Count Off-policy: False
	Count On-policy: True
	Originally on Policy: True
	Invalid: False
	Traversal: add,div,-18.57863764848499,add,x1,add,mul,1.4250134023413186,mul,div,1.42501339765065,add,0.3448138199373654,mul,0.9023931325204917,x1,x1,2.632679311490253,3.5314958595965247
	Expression:
	                                                18.57863764848499               
	  3.5314958595965247 - ─────────────────────────────────────────────────────────
	                                      2.0306631901681152⋅x₁                     
	                       x₁ + ────────────────────────────────────────── + 2.63267
	                            0.9023931325204917⋅x₁ + 0.3448138199373654          

          
	  ──────────
          
	  9311490253
          

[00:00:03:35.48] Training epoch 8/14, current best R: 0.9937

	** New best
	Reward: 0.9937106299374596
	Count Off-policy: False
	Count On-policy: True
	Originally on Policy: True
	Invalid: False
	Traversal: sub,div,-18.251578292124655,add,add,inv,mul,sub,inv,mul,sub,mul,0.7584283355178112,x1,add,-2.335928479033387,x1,-1.0848049207703994,x1,1.1453873023424272,4.804714651741813,x1,-3.5108066749280233
	Expression:
	                                                            18.251578292124655  
	  3.5108066749280233 - ─────────────────────────────────────────────────────────
                                                                              
	                       x₁ + 4.804714651741813 + ────────────────────────────────
                                                                              
	                                                -1.1453873023424272⋅x₁ + ───────
	                                                                         0.26205

                                   
	  ───────────────────────────────────
	   1                                 
	  ───────────────────────────────────
	       1.1453873023424272            
	  ───────────────────────────────────
	  813034897432⋅x₁ - 2.534026708623133

[00:00:04:41.13] Training epoch 10/14, current best R: 0.9960

	** New best
	Reward: 0.9959831894716549
	Count Off-policy: False
	Count On-policy: True
	Originally on Policy: True
	Invalid: False
	Traversal: sub,inv,add,div,add,sub,inv,sub,add,div,add,mul,mul,0.34867329208142145,sub,mul,-0.754918056720904,x1,-9.48567895733417,x1,7.409397064418446,-1.9588956786645566,x1,x1,-0.31094552710041756,x1,x1,-0.849963954367035,3.6585226635650345
	Expression:
                                                                              
	  -3.6585226635650345 + ────────────────────────────────────────────────────────
                                                                              
	                                             x₁ + 0.31094552710041756 + ────────
	                                                                        -0.51049
	                        -0.849963954367035 + ───────────────────────────────────
                                                                              

	              1                                                                 
	  ──────────────────────────────────────────────────────────────────────────────
	                                      1                                         
	  ──────────────────────────────────────────────────────────────────────────────
	  170759401174⋅x₁⋅(3.3074029096811701 - 0.26321976408858683⋅x₁) - 3.782435759657
	  ──────────────────────────────────────────────────────────────────────────────
	                         x₁                                                     

    
	  ────
    
	  ────
	  0303
	  ────
    

[00:00:04:41.14] Training epoch 10/14, current best R: 0.9960
[00:00:05:15.74] Training epoch 11/14, current best R: 0.9960

	** New best
	Reward: 0.9959832198523493
	Count Off-policy: False
	Count On-policy: True
	Originally on Policy: True
	Invalid: False
	Traversal: add,3.0058325591525987,div,-13.80140432567635,add,mul,add,inv,add,mul,add,x1,mul,sub,0.7468634621467471,div,div,0.39720465358807283,x1,-0.13016048557016696,-1.379346140703451,-0.0974321187472541,1.123203398349848,0.8893557216992359,2.3283095285498594,x1
	Expression:
	                                                           13.80140432567635    
	  3.0058325591525987 - ─────────────────────────────────────────────────────────
	                                                                        2.328309
	                       x₁ + 2.0706954011026679 + ───────────────────────────────
                                                                              
	                                                 -0.0974321187472541⋅x₁ + 1.2235
                                                                              

                                 
	  ─────────────────────────────────
	  5285498594                       
	  ─────────────────────────────────
	                0.41011965064779866
	  76333550448 + ───────────────────
	                         x₁        

[00:00:07:01.83] Ending training after epoch 14/14, current best R: 0.9960
-- RUNNING EPOCHS END ---------------

-- EVALUATION START ----------------
Saving Hall of Fame to ./log/regression_config_regression_PQT.json_Keijzer_7.in_normal_0.0_2023-05-30-033006/dso_regression_config_regression_PQT.json_Keijzer_7.in_normal_0.0_0_hof.csv
Saving Pareto Front to ./log/regression_config_regression_PQT.json_Keijzer_7.in_normal_0.0_2023-05-30-033006/dso_regression_config_regression_PQT.json_Keijzer_7.in_normal_0.0_0_pf.csv
Invalid expressions: 364 of 14336 (2.5%).
Error type counts:
  reciprocal: 256 (70.3%)
  true_divide: 108 (29.7%)
Error node counts:
  divide: 363 (99.7%)
  invalid: 1 (0.3%)

Priority queue entry 0:
	Reward: 0.9959832198523493
	Count Off-policy: False
	Count On-policy: True
	Originally on Policy: True
	Invalid: False
	Traversal: add,3.0058325591525987,div,-13.80140432567635,add,mul,add,inv,add,mul,add,x1,mul,sub,0.7468634621467471,div,div,0.39720465358807283,x1,-0.13016048557016696,-1.379346140703451,-0.0974321187472541,1.123203398349848,0.8893557216992359,2.3283095285498594,x1
	Expression:
	                                                           13.80140432567635    
	  3.0058325591525987 - ─────────────────────────────────────────────────────────
	                                                                        2.328309
	                       x₁ + 2.0706954011026679 + ───────────────────────────────
                                                                              
	                                                 -0.0974321187472541⋅x₁ + 1.2235
                                                                              

                                 
	  ─────────────────────────────────
	  5285498594                       
	  ─────────────────────────────────
	                0.41011965064779866
	  76333550448 + ───────────────────
	                         x₁        


Priority queue entry 1:
	Reward: 0.9959831894716549
	Count Off-policy: False
	Count On-policy: True
	Originally on Policy: True
	Invalid: False
	Traversal: sub,inv,add,div,add,sub,inv,sub,add,div,add,mul,mul,0.34867329208142145,sub,mul,-0.754918056720904,x1,-9.48567895733417,x1,7.409397064418446,-1.9588956786645566,x1,x1,-0.31094552710041756,x1,x1,-0.849963954367035,3.6585226635650345
	Expression:
                                                                              
	  -3.6585226635650345 + ────────────────────────────────────────────────────────
                                                                              
	                                             x₁ + 0.31094552710041756 + ────────
	                                                                        -0.51049
	                        -0.849963954367035 + ───────────────────────────────────
                                                                              

	              1                                                                 
	  ──────────────────────────────────────────────────────────────────────────────
	                                      1                                         
	  ──────────────────────────────────────────────────────────────────────────────
	  170759401174⋅x₁⋅(3.3074029096811701 - 0.26321976408858683⋅x₁) - 3.782435759657
	  ──────────────────────────────────────────────────────────────────────────────
	                         x₁                                                     

    
	  ────
    
	  ────
	  0303
	  ────
    


Priority queue entry 2:
	Reward: 0.9937106299374596
	Count Off-policy: False
	Count On-policy: True
	Originally on Policy: True
	Invalid: False
	Traversal: sub,div,-18.251578292124655,add,add,inv,mul,sub,inv,mul,sub,mul,0.7584283355178112,x1,add,-2.335928479033387,x1,-1.0848049207703994,x1,1.1453873023424272,4.804714651741813,x1,-3.5108066749280233
	Expression:
	                                                            18.251578292124655  
	  3.5108066749280233 - ─────────────────────────────────────────────────────────
                                                                              
	                       x₁ + 4.804714651741813 + ────────────────────────────────
                                                                              
	                                                -1.1453873023424272⋅x₁ + ───────
	                                                                         0.26205

                                   
	  ───────────────────────────────────
	   1                                 
	  ───────────────────────────────────
	       1.1453873023424272            
	  ───────────────────────────────────
	  813034897432⋅x₁ - 2.534026708623133


Priority queue entry 3:
	Reward: 0.9934323465776249
	Count Off-policy: False
	Count On-policy: True
	Originally on Policy: True
	Invalid: False
	Traversal: add,div,add,-1.6561456485727737,x1,add,0.4119935164253949,div,sub,mul,mul,mul,inv,mul,1.469727364826244,sub,-0.8040051475793142,x1,2.1720478658771554,2.1720478792874527,x1,x1,-3.037107838423045,0.4944161754131374
	Expression:
	                                 x₁ - 1.6561456485727737                        
	  ──────────────────────────────────────────────────────────────────────────────
	                                    1.5533830906837105⋅x₁                       
	  0.3292606167449191⋅x₁ - ───────────────────────────────────────── + 0.41199351
	                          -1.469727364826244⋅x₁ - 1.181668366858481             

                             
	  ──────── + 0.4944161754131374
                             
	  64253949                     
                             


Priority queue entry 4:
	Reward: 0.9934323465511481
	Count Off-policy: False
	Count On-policy: True
	Originally on Policy: True
	Invalid: False
	Traversal: sub,inv,div,sub,add,sub,mul,x1,sub,inv,mul,mul,add,add,x1,0.19106504188982154,0.19106504189257825,x1,2.5562857139499022,0.45489507527435513,1.4002126080843238,0.5790529273026567,1.400212608085275,8.451795995475399,-3.5315484910321597
	Expression:
	                                                                       1        
	  3.5315484910321597 + ─────────────────────────────────────────────────────────
	                                             ⎛                            0.3911
	                       0.1183180474937329⋅x₁⋅⎜-0.45489507527435513 + ───────────
	                                             ⎝                       x₁⋅(x₁ + 0.

                                         
	  ─────────────────────────────────────────
	  9257856932885     ⎞                      
	  ──────────────────⎟ - 0.26282843197542107
	  38213008378239979)⎠                      


Priority queue entry 5:
	Reward: 0.9934323465375363
	Count Off-policy: False
	Count On-policy: True
	Originally on Policy: True
	Invalid: False
	Traversal: add,div,-18.57863764848499,add,x1,add,mul,1.4250134023413186,mul,div,1.42501339765065,add,0.3448138199373654,mul,0.9023931325204917,x1,x1,2.632679311490253,3.5314958595965247
	Expression:
	                                                18.57863764848499               
	  3.5314958595965247 - ─────────────────────────────────────────────────────────
	                                      2.0306631901681152⋅x₁                     
	                       x₁ + ────────────────────────────────────────── + 2.63267
	                            0.9023931325204917⋅x₁ + 0.3448138199373654          

          
	  ──────────
          
	  9311490253
          


Priority queue entry 6:
	Reward: 0.9934323465122413
	Count Off-policy: False
	Count On-policy: True
	Originally on Policy: True
	Invalid: False
	Traversal: div,sub,div,-0.880390185002171,add,2.2336245409938713,mul,mul,add,inv,add,0.1838565749741301,add,div,x1,1.039184460335458,0.1838565749742397,0.46178005302177755,1.8372227229629388,x1,-0.197247597529697,0.055853282842525706
	Expression:
	                                                           15.762550385522862   
	  3.5315309591706964 - ─────────────────────────────────────────────────────────
	                          ⎛                                  1.8372227229629388 
	                       x₁⋅⎜0.84839280642264041 + ───────────────────────────────
	                          ⎝                      0.9622930655421763⋅x₁ + 0.36771

                                 
	  ─────────────────────────────────
	             ⎞                     
	  ───────────⎟ + 2.2336245409938713
	  31499483698⎠                     


Priority queue entry 7:
	Reward: 0.993432346505688
	Count Off-policy: False
	Count On-policy: True
	Originally on Policy: True
	Invalid: False
	Traversal: sub,inv,div,mul,mul,sub,div,-2.2503180064277,div,add,0.38210468503994793,x1,x1,add,add,x1,1.3163430393405247,1.3163430393405977,0.4805837925904013,0.4805822857807152,4.290951598902977,-3.53150532254506
	Expression:
	                                                        1                       
	  3.53150532254506 + ───────────────────────────────────────────────────────────
	                                                0.1211231504937748⋅x₁           
	                     -0.05382490392371411⋅x₁ - ──────────────────────── - 0.1417
	                                               x₁ + 0.38210468503994793         

             
	  ─────────────
             
	  0407524631107
             


Priority queue entry 8:
	Reward: 0.9934323410912685
	Count Off-policy: False
	Count On-policy: True
	Originally on Policy: True
	Invalid: False
	Traversal: div,div,mul,div,add,add,-0.09506474549968666,inv,add,div,x1,add,div,x1,2.249503217183242,0.16981425351337298,add,2.6318433740912184,x1,-0.0950647455035336,0.4960441686183885,-2.539060834008832,0.5054463460621429,0.545264512093451
	Expression:
	                                                18.57250412432097               
	  3.531180755812355 - ──────────────────────────────────────────────────────────
	                                                x₁                              
	                      x₁ + ─────────────────────────────────────────── + 2.63184
	                           0.4445425960546831⋅x₁ + 0.16981425351337298          

           
	  ───────────
           
	  33740912184
           


Priority queue entry 9:
	Reward: 0.9934322582263934
	Count Off-policy: False
	Count On-policy: True
	Originally on Policy: True
	Invalid: False
	Traversal: add,sub,inv,mul,0.026879892928162435,sub,sub,inv,add,add,0.2219056960985547,x1,mul,-0.4197896617733744,x1,add,x1,x1,9.777728821456046,-0.7694547966609676,2.7632295700050666
	Expression:
	                                                                   1            
	  3.5326843666660342 + ─────────────────────────────────────────────────────────
                                                                              
	                       -0.05375978585632487⋅x₁ - 0.26282430380134639 + ─────────
	                                                                       0.5802103

                                 
	  ─────────────────────────────────
	    0.026879892928162435           
	  ─────────────────────────────────
	  382266256⋅x₁ + 0.2219056960985547

-- EVALUATION END ------------------
== TRAINING SEED 0 END ==============
INFO: Completed run 1 of 1 in 424 s

== POST-PROCESS START =================
-- LOADING LOGS START ----------------
Successfully loaded summary data
Successfully loaded Hall of Fame data
Successfully loaded Pareto Front data
-- LOADING LOGS END ------------------

-- ANALYZING LOG START --------------
Task_____________regression
Source path______./log/regression_config_regression_PQT.json_Keijzer_7.in_normal_0.0_2023-05-30-033006
Runs_____________1
Max Samples/run__15000
Success_rate_____0.0
Hall of Fame (Top 5 of 100)____
    0: S=000 R=0.995983 <-- [3.0058325591525987 - 13.80140432567635/(x1 + 2.0706954011026679 + 2.3283095285498594/(-0.0974321187472541*x1 + 1.223576333550448 + 0.41011965064779866/x1))]
    1: S=000 R=0.995983 <-- [-3.6585226635650345 + 1/(-0.849963954367035 + (x1 + 0.31094552710041756 + 1/(-0.51049170759401174*x1*(3.3074029096811701 - 0.26321976408858683*x1) - 3.7824357596570303))/x1)]
    2: S=000 R=0.995823 <-- [-0.007984643654627023*x1**2 + 0.2207869005226909*x1 + 1.0684647169406065 - 0.2207869005226909*(0.34578373724869915 + 1/(0.11195056370671519 + 0.0721704371042522/x1))/x1]
    3: S=000 R=0.993711 <-- [3.5108066749280233 - 18.251578292124655/(x1 + 4.804714651741813 + 1/(-1.1453873023424272*x1 + 1.1453873023424272/(0.26205813034897432*x1 - 2.534026708623133)))]
    4: S=000 R=0.993432 <-- [(x1 - 1.6561456485727737)/(0.3292606167449191*x1 - 1.5533830906837105*x1/(-1.469727364826244*x1 - 1.181668366858481) + 0.4119935164253949) + 0.4944161754131374]
  Saving Hall of Fame plot to ./log/regression_config_regression_PQT.json_Keijzer_7.in_normal_0.0_2023-05-30-033006/dso_regression_config_regression_PQT.json_Keijzer_7.in_normal_0.0_plot_hof.png
Pareto Front (5 of 14)____
    0: S=000 R=0.995983 C=30.00 <-- [3.0058325591525987 - 13.80140432567635/(x1 + 2.0706954011026679 + 2.3283095285498594/(-0.0974321187472541*x1 + 1.223576333550448 + 0.41011965064779866/x1))]
    1: S=000 R=0.995823 C=28.00 <-- [-0.007984643654627023*x1**2 + 0.2207869005226909*x1 + 1.0684647169406065 - 0.2207869005226909*(0.34578373724869915 + 1/(0.11195056370671519 + 0.0721704371042522/x1))/x1]
    2: S=000 R=0.993711 C=26.00 <-- [3.5108066749280233 - 18.251578292124655/(x1 + 4.804714651741813 + 1/(-1.1453873023424272*x1 + 1.1453873023424272/(0.26205813034897432*x1 - 2.534026708623133)))]
    3: S=000 R=0.993432 C=21.00 <-- [3.5314958595965247 - 18.57863764848499/(x1 + 2.0306631901681152*x1/(0.9023931325204917*x1 + 0.3448138199373654) + 2.632679311490253)]
    4: S=000 R=0.985783 C=20.00 <-- [0.44662396112207774*x1*(-0.03202180456510147 + 1/(x1 + 0.29684494444366705))*(x1 + 8.876202136080158) - 3.2411417856172955]
  Saving Pareto Front plot to ./log/regression_config_regression_PQT.json_Keijzer_7.in_normal_0.0_2023-05-30-033006/dso_regression_config_regression_PQT.json_Keijzer_7.in_normal_0.0_plot_pf.png
-- ANALYZING LOG END ----------------
== POST-PROCESS END ===================
