['mul', 0.5, 'mul', 'X_0', 'add', 1, 'X_0']
--------------------
eq_name 	 Keijzer_6
num_vars 	 1
vars_range_and_types 	 [{"name": "LogUniform", "range": [0.1, 10], "only_positive": true}]
function_set 	 ['add', 'mul', 'div', 'exp', 'log', 'pow', 'inv', 'neg', 'sqrt', 'const']
eq_expression 	 mul,0.5,mul,X_0,add,1,X_0
expr 	 X_0*(X_0 + 1)/2
--------------------

== EXPERIMENT SETUP START ===========
Task type            : regression
Starting seed        : 0
Runs                 : 1
== EXPERIMENT SETUP END =============

== TRAINING SEED 0 START ============
self.dataX <dso.symbolic_data_generator.DataX object at 0x2b6c3f017048>, self.data_query_oracle: <dso.symbolic_equation_evaluator_public.Equation_evaluator object at 0x2b6c5e0b8da0>
generate dataset!
-- BUILDING PRIOR START -------------
WARNING: Skipping invalid 'RelationalConstraint' with arguments {'targets': [], 'effectors': [], 'relationship': None}. Reason: Prior disabled.
WARNING: Skipping invalid 'TrigConstraint' with arguments {}. Reason: There are no target Tokens.
WARNING: Skipping invalid 'UniformArityPrior' with arguments {}. Reason: Prior disabled.
WARNING: Skipping invalid 'LanguageModelPrior' with arguments {'weight': None}. Reason: Prior disabled.
LengthConstraint: Sequences have minimum length 4.
                  Sequences have maximum length 256.
RepeatConstraint: [const] cannot occur more than 10 times.
RelationalConstraint: [inv] cannot be a child of [inv].
ConstConstraint: [const] cannot be the only unique child of [inv, add, sub, mul, div].
NoInputsConstraint: Sequences contain at least one input variable Token.
SoftLengthPrior: No description available.
-- BUILDING PRIOR END ---------------

-- RUNNING EPOCHS START -------------
gen	iter	pop_size	nevals	uncached_size	best_val              	timer  
0  	0   	1024    	1024  	1024         	(-0.9999999990547683,)	30.4947
1  	1   	1024    	761   	563          	(-0.9999999990547683,)	21.0529
2  	2   	1024    	761   	552          	(-0.9999999990547683,)	23.1746
3  	3   	1024    	762   	535          	(-0.9999999991324966,)	21.7186
4  	4   	1024    	753   	494          	(-0.9999999991324966,)	14.1174
5  	5   	1024    	779   	512          	(-0.9999999991324966,)	10.9881
6  	6   	1024    	741   	431          	(-0.9999999991325075,)	9.5382 
7  	7   	1024    	750   	447          	(-0.9999999994615756,)	8.12759
8  	8   	1024    	796   	451          	(-0.9999999994615756,)	9.0699 
9  	9   	1024    	783   	402          	(-0.999999999777559,) 	8.90065

--------------------------------------------------
GP Time: 157.433

Unique expressions evaluated: 6286
Total expression evaluations: 7910
--------------------------------------------------

GP -> best program this epoch:

	Reward: 0.999999999777559
	Count Off-policy: 1
	Count On-policy: 0
	Originally on Policy: False
	Invalid: False
	Traversal: sub,add,-2.148618640499389e-09,add,add,div,sub,mul,x1,x1,x1,4.000000000281637,x1,add,div,sub,mul,x1,x1,x1,4.000000000281637,x1,x1
	Expression:
	                       2                                               
	  0.4999999999647954⋅x₁  + 0.5000000000352046⋅x₁ - 2.148618640499389e-9

None

--------------------------------------------------

[00:00:03:02.51] Training epoch 1/14, current best R: 1.0000

	** New best
	Reward: 0.999999999777559
	Count Off-policy: 1
	Count On-policy: 0
	Originally on Policy: False
	Invalid: False
	Traversal: sub,add,-2.148618640499389e-09,add,add,div,sub,mul,x1,x1,x1,4.000000000281637,x1,add,div,sub,mul,x1,x1,x1,4.000000000281637,x1,x1
	Expression:
	                       2                                               
	  0.4999999999647954⋅x₁  + 0.5000000000352046⋅x₁ - 2.148618640499389e-9

[00:00:03:02.51] Early stopping criteria met; breaking early.
-- RUNNING EPOCHS END ---------------

-- EVALUATION START ----------------
Saving Hall of Fame to ./log/regression_config_regression_GPMELD.json_Keijzer_6.in_normal_0.0_2023-05-30-032438/dso_regression_config_regression_GPMELD.json_Keijzer_6.in_normal_0.0_0_hof.csv
Saving Pareto Front to ./log/regression_config_regression_GPMELD.json_Keijzer_6.in_normal_0.0_2023-05-30-032438/dso_regression_config_regression_GPMELD.json_Keijzer_6.in_normal_0.0_0_pf.csv
Invalid expressions: 146 of 8934 (1.6%).
Error type counts:
  reciprocal: 86 (58.9%)
  true_divide: 60 (41.1%)
Error node counts:
  divide: 146 (100.0%)
-- EVALUATION END ------------------
== TRAINING SEED 0 END ==============
INFO: Completed run 1 of 1 in 184 s

== POST-PROCESS START =================
-- LOADING LOGS START ----------------
Successfully loaded summary data
Successfully loaded Hall of Fame data
Successfully loaded Pareto Front data
-- LOADING LOGS END ------------------

-- ANALYZING LOG START --------------
Task_____________regression
Source path______./log/regression_config_regression_GPMELD.json_Keijzer_6.in_normal_0.0_2023-05-30-032438
Runs_____________1
Max Samples/run__15000
Success_rate_____1.0
Hall of Fame (Top 5 of 100)____
    0: S=000 R=1.000000 <-- [0.4999999999647954*x1**2 + 0.5000000000352046*x1 - 2.148618640499389e-9]
    1: S=000 R=1.000000 <-- [0.4999999999647954*x1**2 + 0.5000000000352046*x1 - 2.148618640499389e-9]
    2: S=000 R=1.000000 <-- [x1*(0.50000000030162206*x1 + 0.4999999963442896)]
    3: S=000 R=1.000000 <-- [x1*(0.50000000030162206*x1 + 0.4999999963442896)]
    4: S=000 R=1.000000 <-- [0.5000000006337477*x1*(x1 + 0.9999999925445181)]
  Saving Hall of Fame plot to ./log/regression_config_regression_GPMELD.json_Keijzer_6.in_normal_0.0_2023-05-30-032438/dso_regression_config_regression_GPMELD.json_Keijzer_6.in_normal_0.0_plot_hof.png
Pareto Front (5 of 8)____
    0: S=000 R=1.000000 C=25.00 <-- [0.4999999999647954*x1**2 + 0.5000000000352046*x1 - 2.148618640499389e-9]
    1: S=000 R=1.000000 C=21.00 <-- [x1*(0.50000000030162206*x1 + 0.4999999963442896)]
    2: S=000 R=1.000000 C=15.00 <-- [0.2499999994390226*x1*(2*x1 + 2.000000039912224)]
    3: S=000 R=1.000000 C=14.00 <-- [x1*(0.4999999988780408*x1 + 0.5000000088561923)]
    4: S=000 R=1.000000 C=12.00 <-- [x1*(0.4999999996074944*x1 + 0.4999999989248742)]
  Saving Pareto Front plot to ./log/regression_config_regression_GPMELD.json_Keijzer_6.in_normal_0.0_2023-05-30-032438/dso_regression_config_regression_GPMELD.json_Keijzer_6.in_normal_0.0_plot_pf.png
-- ANALYZING LOG END ----------------
== POST-PROCESS END ===================
