['mul', 0.5, 'mul', 'X_0', 'add', 1, 'X_0']
--------------------
eq_name 	 Keijzer_6
num_vars 	 1
vars_range_and_types 	 [{"name": "LogUniform", "range": [0.1, 10], "only_positive": true}]
function_set 	 ['add', 'mul', 'div', 'exp', 'log', 'pow', 'inv', 'neg', 'sqrt', 'const']
eq_expression 	 mul,0.5,mul,X_0,add,1,X_0
expr 	 X_0*(X_0 + 1)/2
--------------------

== EXPERIMENT SETUP START ===========
Task type            : regression
Starting seed        : 0
Runs                 : 1
== EXPERIMENT SETUP END =============

== TRAINING SEED 0 START ============
self.dataX <dso.symbolic_data_generator.DataX object at 0x2afb94b14080>, self.data_query_oracle: <dso.symbolic_equation_evaluator_public.Equation_evaluator object at 0x2afbb3bb5da0>
generate dataset!
-- BUILDING PRIOR START -------------
WARNING: Skipping invalid 'RelationalConstraint' with arguments {'targets': [], 'effectors': [], 'relationship': None}. Reason: Prior disabled.
WARNING: Skipping invalid 'TrigConstraint' with arguments {}. Reason: There are no target Tokens.
WARNING: Skipping invalid 'UniformArityPrior' with arguments {}. Reason: Prior disabled.
WARNING: Skipping invalid 'LanguageModelPrior' with arguments {'weight': None}. Reason: Prior disabled.
LengthConstraint: Sequences have minimum length 4.
                  Sequences have maximum length 256.
RepeatConstraint: [const] cannot occur more than 10 times.
RelationalConstraint: [inv] cannot be a child of [inv].
ConstConstraint: [const] cannot be the only unique child of [inv, add, sub, mul, div].
NoInputsConstraint: Sequences contain at least one input variable Token.
SoftLengthPrior: No description available.
-- BUILDING PRIOR END ---------------

-- RUNNING EPOCHS START -------------
[00:00:00:25.82] Training epoch 1/14, current best R: 1.0000

	** New best
	Reward: 0.9999999999999996
	Count Off-policy: False
	Count On-policy: True
	Originally on Policy: True
	Invalid: False
	Traversal: mul,mul,mul,inv,sub,1.0,div,1.0,mul,mul,inv,sub,x1,1.0,add,1.0,x1,1.0,1.0,x1,1.0
	Expression:
	       1.0⋅x₁     
	  ────────────────
	    x₁ - 1.0      
	  - ──────── + 1.0
	    x₁ + 1.0      

[00:00:00:26.13] Early stopping criteria met; breaking early.
-- RUNNING EPOCHS END ---------------

-- EVALUATION START ----------------
Saving Hall of Fame to ./log/regression_config_regression_VPG.json_Keijzer_6.in_normal_0.0_2023-05-30-032428/dso_regression_config_regression_VPG.json_Keijzer_6.in_normal_0.0_0_hof.csv
Saving Pareto Front to ./log/regression_config_regression_VPG.json_Keijzer_6.in_normal_0.0_2023-05-30-032428/dso_regression_config_regression_VPG.json_Keijzer_6.in_normal_0.0_0_pf.csv
Invalid expressions: 38 of 1024 (3.7%).
Error type counts:
  true_divide: 13 (34.2%)
  reciprocal: 25 (65.8%)
Error node counts:
  divide: 38 (100.0%)
-- EVALUATION END ------------------
== TRAINING SEED 0 END ==============
INFO: Completed run 1 of 1 in 27 s

== POST-PROCESS START =================
-- LOADING LOGS START ----------------
Successfully loaded summary data
Successfully loaded Hall of Fame data
Successfully loaded Pareto Front data
-- LOADING LOGS END ------------------

-- ANALYZING LOG START --------------
Task_____________regression
Source path______./log/regression_config_regression_VPG.json_Keijzer_6.in_normal_0.0_2023-05-30-032428
Runs_____________1
Max Samples/run__15000
Success_rate_____1.0
Hall of Fame (Top 5 of 100)____
    0: S=000 R=1.000000 <-- [1.0*x1/(-1.0*(x1 - 1.0)/(x1 + 1.0) + 1.0)]
    1: S=000 R=1.000000 <-- [0.49999999646684957*x1*(x1 + 2.00000001364779 + 2.518083830206315e-9/x1**3) - 0.49999999646684957*x1]
    2: S=000 R=1.000000 <-- [0.50000001043857212*x1*(x1 + 0.9999998119606285 + 2.8950447936366046e-7/x1)]
    3: S=000 R=1.000000 <-- [0.50000001166272713*x1**2 + 0.49999993964926015*x1]
    4: S=000 R=1.000000 <-- [0.50000001937401251*x1*(x1 - 1.0000002490107234) + x1 + 9.121342723541115e-8]
  Saving Hall of Fame plot to ./log/regression_config_regression_VPG.json_Keijzer_6.in_normal_0.0_2023-05-30-032428/dso_regression_config_regression_VPG.json_Keijzer_6.in_normal_0.0_plot_hof.png
Pareto Front (5 of 5)____
    0: S=000 R=1.000000 C=24.00 <-- [1.0*x1/(-1.0*(x1 - 1.0)/(x1 + 1.0) + 1.0)]
    1: S=000 R=1.000000 C=17.00 <-- [0.50000001937401251*x1*(x1 - 1.0000002490107234) + x1 + 9.121342723541115e-8]
    2: S=000 R=0.977694 C=16.00 <-- [-1.5248223444059235/(-0.006534348487569605*x1 + 0.13977234561654434 + 1/(0.27136129734498066 - x1))]
    3: S=000 R=0.955014 C=9.00 <-- [0.5663051600011571*x1**2]
    4: S=000 R=0.761442 C=7.00 <-- [1/(-0.08649247114285592 + 1/x1)]
  Saving Pareto Front plot to ./log/regression_config_regression_VPG.json_Keijzer_6.in_normal_0.0_2023-05-30-032428/dso_regression_config_regression_VPG.json_Keijzer_6.in_normal_0.0_plot_pf.png
-- ANALYZING LOG END ----------------
== POST-PROCESS END ===================
