['pow', 'X_0', 'X_1']
--------------------
eq_name 	 Keijzer_10
num_vars 	 2
vars_range_and_types 	 [{"name": "LogUniform", "range": [0.1, 10], "only_positive": true}, {"name": "LogUniform", "range": [0.1, 10], "only_positive": true}]
function_set 	 ['add', 'mul', 'div', 'exp', 'log', 'pow', 'inv', 'neg', 'sqrt', 'const']
eq_expression 	 pow,X_0,X_1
expr 	 X_0**X_1
--------------------

== EXPERIMENT SETUP START ===========
Task type            : regression
Starting seed        : 0
Runs                 : 1
== EXPERIMENT SETUP END =============

== TRAINING SEED 0 START ============
self.dataX <dso.symbolic_data_generator.DataX object at 0x2ac5fa74d080>, self.data_query_oracle: <dso.symbolic_equation_evaluator_public.Equation_evaluator object at 0x2ac6197eeda0>
generate dataset!
-- BUILDING PRIOR START -------------
WARNING: Skipping invalid 'RelationalConstraint' with arguments {'targets': [], 'effectors': [], 'relationship': None}. Reason: Prior disabled.
WARNING: Skipping invalid 'TrigConstraint' with arguments {}. Reason: There are no target Tokens.
WARNING: Skipping invalid 'UniformArityPrior' with arguments {}. Reason: Prior disabled.
WARNING: Skipping invalid 'LanguageModelPrior' with arguments {'weight': None}. Reason: Prior disabled.
LengthConstraint: Sequences have minimum length 4.
                  Sequences have maximum length 256.
RepeatConstraint: [const] cannot occur more than 10 times.
RelationalConstraint: [inv] cannot be a child of [inv].
ConstConstraint: [const] cannot be the only unique child of [inv, add, sub, mul, div].
NoInputsConstraint: Sequences contain at least one input variable Token.
SoftLengthPrior: No description available.
-- BUILDING PRIOR END ---------------

-- RUNNING EPOCHS START -------------
[00:00:00:01.96] Training epoch 1/14, current best R: 0.5052

	** New best
	Reward: 0.505213176636245
	Count Off-policy: False
	Count On-policy: True
	Originally on Policy: True
	Invalid: False
	Traversal: mul,mul,mul,-1152.2207739354697,mul,sub,x2,mul,inv,sub,mul,x1,1.0006181593380343,x1,div,x2,x2,x1,x2,x1
	Expression:
	                        2    ⎛     1617.7058866083363⎞
	  -1152.2207739354697⋅x₁ ⋅x₂⋅⎜x₂ - ──────────────────⎟
	                             ⎝             x₁        ⎠

[00:00:00:03.25] Training epoch 2/14, current best R: 0.5475

	** New best
	Reward: 0.5475158849353383
	Count Off-policy: False
	Count On-policy: True
	Originally on Policy: True
	Invalid: False
	Traversal: mul,2650.7893794501824,mul,sub,mul,mul,add,mul,x2,mul,div,x1,div,x2,x2,x1,-322.1498535169804,x1,x2,x2,x1
	Expression:
	                        ⎛      ⎛  2                       ⎞     ⎞
	  2650.7893794501824⋅x₁⋅⎝x₁⋅x₂⋅⎝x₁ ⋅x₂ - 322.1498535169804⎠ - x₂⎠

[00:00:00:04.30] Training epoch 3/14, current best R: 0.5805

	** New best
	Reward: 0.58052893613756
	Count Off-policy: False
	Count On-policy: True
	Originally on Policy: True
	Invalid: False
	Traversal: mul,x1,div,div,-3106.9999884217978,sub,inv,x1,inv,x2,inv,add,add,x2,x2,x1
	Expression:
	  -3106.9999884217978⋅x₁⋅(x₁ + 2⋅x₂) 
	  ───────────────────────────────────
	                 1    1              
	               - ── + ──             
	                 x₂   x₁             

[00:00:00:10.85] Training epoch 9/14, current best R: 0.5878

	** New best
	Reward: 0.5877876606827204
	Count Off-policy: False
	Count On-policy: True
	Originally on Policy: True
	Invalid: False
	Traversal: sub,mul,mul,x1,mul,sub,sub,mul,x2,mul,sub,mul,x1,x2,55.805914237331095,mul,705.1917404867255,x1,x1,x1,x1,x2,x2
	Expression:
	    2                                                                      
	  x₁ ⋅x₂⋅(705.1917404867255⋅x₁⋅x₂⋅(x₁⋅x₂ - 55.805914237331095) - 2⋅x₁) - x₂

[00:00:00:11.89] Training epoch 10/14, current best R: 0.5894

	** New best
	Reward: 0.5893814287036263
	Count Off-policy: False
	Count On-policy: True
	Originally on Policy: True
	Invalid: False
	Traversal: add,x2,div,x2,div,0.0008872789918352719,sub,mul,mul,x1,inv,sub,inv,x2,inv,x1,x2,1.0
	Expression:
	     ⎛1127.041222887035⋅x₁⋅x₂                    ⎞     
	  x₂⋅⎜─────────────────────── - 1127.041222887035⎟ + x₂
	     ⎜        1    1                             ⎟     
	     ⎜        ── - ──                            ⎟     
	     ⎝        x₂   x₁                            ⎠     

[00:00:00:11.90] Training epoch 10/14, current best R: 0.5894
[00:00:00:16.17] Ending training after epoch 14/14, current best R: 0.5894
-- RUNNING EPOCHS END ---------------

-- EVALUATION START ----------------
Saving Hall of Fame to ./log/regression_config_regression_DSR.json_Keijzer_10.in_normal_0.0_2023-05-30-041850/dso_regression_config_regression_DSR.json_Keijzer_10.in_normal_0.0_0_hof.csv
Saving Pareto Front to ./log/regression_config_regression_DSR.json_Keijzer_10.in_normal_0.0_2023-05-30-041850/dso_regression_config_regression_DSR.json_Keijzer_10.in_normal_0.0_0_pf.csv
Invalid expressions: 426 of 14336 (3.0%).
Error type counts:
  reciprocal: 264 (62.0%)
  true_divide: 162 (38.0%)
Error node counts:
  divide: 424 (99.5%)
  invalid: 2 (0.5%)
-- EVALUATION END ------------------
== TRAINING SEED 0 END ==============
INFO: Completed run 1 of 1 in 17 s

== POST-PROCESS START =================
-- LOADING LOGS START ----------------
Successfully loaded summary data
Successfully loaded Hall of Fame data
Successfully loaded Pareto Front data
-- LOADING LOGS END ------------------

-- ANALYZING LOG START --------------
Task_____________regression
Source path______./log/regression_config_regression_DSR.json_Keijzer_10.in_normal_0.0_2023-05-30-041850
Runs_____________1
Max Samples/run__15000
Success_rate_____0.0
Hall of Fame (Top 5 of 100)____
    0: S=000 R=0.589381 <-- [x2*(1127.041222887035*x1*x2/(1/x2 - 1/x1) - 1127.041222887035) + x2]
    1: S=000 R=0.587788 <-- [x1**2*x2*(705.1917404867255*x1*x2*(x1*x2 - 55.805914237331095) - 2*x1) - x2]
    2: S=000 R=0.580529 <-- [-3106.9999884217978*x1*(x1 + 2*x2)/(-1/x2 + 1/x1)]
    3: S=000 R=0.570948 <-- [5190.166107112058*x1**2*x2**2*(x1*x2 - 51.53135413482919)]
    4: S=000 R=0.559066 <-- [3656.292064066481*x1*x2**3*(x1*x2 - 43.00642903069418)]
  Saving Hall of Fame plot to ./log/regression_config_regression_DSR.json_Keijzer_10.in_normal_0.0_2023-05-30-041850/dso_regression_config_regression_DSR.json_Keijzer_10.in_normal_0.0_plot_hof.png
Pareto Front (5 of 7)____
    0: S=000 R=0.589381 C=23.00 <-- [x2*(1127.041222887035*x1*x2/(1/x2 - 1/x1) - 1127.041222887035) + x2]
    1: S=000 R=0.580529 C=21.00 <-- [-3106.9999884217978*x1*(x1 + 2*x2)/(-1/x2 + 1/x1)]
    2: S=000 R=0.570948 C=18.00 <-- [5190.166107112058*x1**2*x2**2*(x1*x2 - 51.53135413482919)]
    3: S=000 R=0.500000 C=12.00 <-- [2494902.6879768257]
    4: S=000 R=0.499923 C=9.00 <-- [x1**3*x2**2]
  Saving Pareto Front plot to ./log/regression_config_regression_DSR.json_Keijzer_10.in_normal_0.0_2023-05-30-041850/dso_regression_config_regression_DSR.json_Keijzer_10.in_normal_0.0_plot_pf.png
-- ANALYZING LOG END ----------------
== POST-PROCESS END ===================
