['mul', 0.3, 'mul', 'X_0', 'sin', 'mul', 2, 'mul', 3.141592653589793, 'X_0']
--------------------
eq_name 	 Keijzer_2
num_vars 	 1
vars_range_and_types 	 [{"name": "LogUniform", "range": [0.1, 10], "only_positive": true}]
function_set 	 ['add', 'mul', 'div', 'sin', 'const']
eq_expression 	 mul,0.3,mul,X_0,sin,mul,2,mul,3.141592653589793,X_0
expr 	 0.3*X_0*sin(2*pi*X_0)
--------------------

== EXPERIMENT SETUP START ===========
Task type            : regression
Starting seed        : 0
Runs                 : 1
== EXPERIMENT SETUP END =============

== TRAINING SEED 0 START ============
self.dataX <dso.symbolic_data_generator.DataX object at 0x2adb004b4048>, self.data_query_oracle: <dso.symbolic_equation_evaluator_public.Equation_evaluator object at 0x2adb1f555da0>
generate dataset!
-- BUILDING PRIOR START -------------
WARNING: Skipping invalid 'RelationalConstraint' with arguments {'targets': [], 'effectors': [], 'relationship': None}. Reason: Prior disabled.
WARNING: Skipping invalid 'TrigConstraint' with arguments {}. Reason: There are no target Tokens.
WARNING: Skipping invalid 'UniformArityPrior' with arguments {}. Reason: Prior disabled.
WARNING: Skipping invalid 'LanguageModelPrior' with arguments {'weight': None}. Reason: Prior disabled.
LengthConstraint: Sequences have minimum length 4.
                  Sequences have maximum length 256.
RepeatConstraint: [const] cannot occur more than 10 times.
RelationalConstraint: [inv] cannot be a child of [inv].
ConstConstraint: [const] cannot be the only unique child of [inv, add, sub, mul, div].
NoInputsConstraint: Sequences contain at least one input variable Token.
SoftLengthPrior: No description available.
-- BUILDING PRIOR END ---------------

-- RUNNING EPOCHS START -------------
gen	iter	pop_size	nevals	uncached_size	best_val             	timer  
0  	0   	1024    	1024  	1024         	(-0.518237205761304,)	18.1408
1  	1   	1024    	755   	582          	(-0.5190939557323461,)	13.9381
2  	2   	1024    	768   	571          	(-0.5190939557323461,)	22.3086
3  	3   	1024    	779   	562          	(-0.5190939557323461,)	26.1496
4  	4   	1024    	734   	503          	(-0.5190939557323461,)	25.0169
5  	5   	1024    	756   	501          	(-0.5190939557323461,)	32.827 
6  	6   	1024    	762   	488          	(-0.5190939557323461,)	34.6981
7  	7   	1024    	777   	496          	(-0.5200747167301727,)	35.6423
8  	8   	1024    	750   	474          	(-0.5202528393782033,)	32.274 
9  	9   	1024    	765   	491          	(-0.5202528393782033,)	32.7089

--------------------------------------------------
GP Time: 273.958

Unique expressions evaluated: 6605
Total expression evaluations: 7870
--------------------------------------------------

GP -> best program this epoch:

	Reward: 0.5202528393782033
	Count Off-policy: 1
	Count On-policy: 0
	Originally on Policy: False
	Invalid: False
	Traversal: inv,add,sub,add,div,add,div,div,div,add,inv,mul,0.019690776509854156,add,x1,-9.492938516483852,x1,x1,0.5455427395485307,div,div,x1,sub,9.493100562053781,x1,x1,x1,-0.051208011146061265,x1,25.137373365018803,x1
	Expression:
	                                                                        1       
	  ──────────────────────────────────────────────────────────────────────────────
                                                                              
	                                                35.795902048949088⋅(9.4931005620
                                                                              
	  -17.528194468394549⋅x₁ - 25.137373365018803 - ────────────────────────────────
                                                                              

                                                                
	  ────────────────────────────────────────────────────────────────
	              ⎛                           1                      ⎞
	  53781 - x₁)⋅⎜x₁ + ─────────────────────────────────────────────⎟
	              ⎝     0.019690776509854156⋅x₁ - 0.18692333074986999⎠
	  ────────────────────────────────────────────────────────────────
	                 x₁                                               

None

--------------------------------------------------

[00:00:04:57.42] Training epoch 1/14, current best R: 0.5203

	** New best
	Reward: 0.5202528393782033
	Count Off-policy: 1
	Count On-policy: 0
	Originally on Policy: False
	Invalid: False
	Traversal: inv,add,sub,add,div,add,div,div,div,add,inv,mul,0.019690776509854156,add,x1,-9.492938516483852,x1,x1,0.5455427395485307,div,div,x1,sub,9.493100562053781,x1,x1,x1,-0.051208011146061265,x1,25.137373365018803,x1
	Expression:
	                                                                        1       
	  ──────────────────────────────────────────────────────────────────────────────
                                                                              
	                                                35.795902048949088⋅(9.4931005620
                                                                              
	  -17.528194468394549⋅x₁ - 25.137373365018803 - ────────────────────────────────
                                                                              

                                                                
	  ────────────────────────────────────────────────────────────────
	              ⎛                           1                      ⎞
	  53781 - x₁)⋅⎜x₁ + ─────────────────────────────────────────────⎟
	              ⎝     0.019690776509854156⋅x₁ - 0.18692333074986999⎠
	  ────────────────────────────────────────────────────────────────
	                 x₁                                               

10 	0   	1024    	1024  	1015         	(-0.513312860443113,) 	19.3863
11 	1   	1024    	795   	602          	(-0.513312860443113,) 	16.9173
12 	2   	1024    	793   	582          	(-0.5189195618409022,)	17.4337
13 	3   	1024    	783   	576          	(-0.5189195618409022,)	25.6847
14 	4   	1024    	762   	524          	(-0.5196729581736146,)	27.8888
15 	5   	1024    	798   	549          	(-0.5196729581736146,)	30.7215
16 	6   	1024    	742   	482          	(-0.5196729581736146,)	29.9423
17 	7   	1024    	782   	506          	(-0.5196729581736146,)	34.9196
18 	8   	1024    	792   	497          	(-0.5204491864862772,)	30.7792
19 	9   	1024    	769   	473          	(-0.5204491864862772,)	32.6839

--------------------------------------------------
GP Time: 266.615

Unique expressions evaluated: 13330
Total expression evaluations: 15910
--------------------------------------------------

GP -> best program this epoch:

	Reward: 0.5204491864862772
	Count Off-policy: 1
	Count On-policy: 0
	Originally on Policy: False
	Invalid: False
	Traversal: div,x1,sub,add,mul,div,125.46762671368933,x1,138.08814002559762,sub,x1,3484.4852024152583,mul,sub,-173.723840028619,div,0.003285840859130708,mul,mul,div,x1,x1,add,-0.1054217567537569,inv,x1,x1,x1
	Expression:
	                                                     x₁                         
	  ──────────────────────────────────────────────────────────────────────────────
	       ⎛                         0.003285840859130708    ⎞                      
	  - x₁⋅⎜-173.723840028619 - ─────────────────────────────⎟ + x₁ - 3484.485202415
	       ⎜                       ⎛                      1 ⎞⎟                      
	       ⎜                    x₁⋅⎜-0.1054217567537569 + ──⎟⎟                      
	       ⎝                       ⎝                      x₁⎠⎠                      

                         
	  ─────────────────────────
	         17325.591206319345
	  2583 + ──────────────────
	                 x₁        
                         
                         

None

--------------------------------------------------

[00:00:09:47.30] Training epoch 2/14, current best R: 0.5204

	** New best
	Reward: 0.5204491864862772
	Count Off-policy: 1
	Count On-policy: 0
	Originally on Policy: False
	Invalid: False
	Traversal: div,x1,sub,add,mul,div,125.46762671368933,x1,138.08814002559762,sub,x1,3484.4852024152583,mul,sub,-173.723840028619,div,0.003285840859130708,mul,mul,div,x1,x1,add,-0.1054217567537569,inv,x1,x1,x1
	Expression:
	                                                     x₁                         
	  ──────────────────────────────────────────────────────────────────────────────
	       ⎛                         0.003285840859130708    ⎞                      
	  - x₁⋅⎜-173.723840028619 - ─────────────────────────────⎟ + x₁ - 3484.485202415
	       ⎜                       ⎛                      1 ⎞⎟                      
	       ⎜                    x₁⋅⎜-0.1054217567537569 + ──⎟⎟                      
	       ⎝                       ⎝                      x₁⎠⎠                      

                         
	  ─────────────────────────
	         17325.591206319345
	  2583 + ──────────────────
	                 x₁        
                         
                         

-- RUNNING EPOCHS END ---------------

-- EVALUATION START ----------------
Saving Hall of Fame to ./log/regression_config_regression_GPMELD.json_Keijzer_2.in_normal_0.0_2023-05-30-030457/dso_regression_config_regression_GPMELD.json_Keijzer_2.in_normal_0.0_0_hof.csv
Saving Pareto Front to ./log/regression_config_regression_GPMELD.json_Keijzer_2.in_normal_0.0_2023-05-30-030457/dso_regression_config_regression_GPMELD.json_Keijzer_2.in_normal_0.0_0_pf.csv
Invalid expressions: 332 of 17958 (1.8%).
Error type counts:
  reciprocal: 209 (63.0%)
  true_divide: 123 (37.0%)
Error node counts:
  divide: 331 (99.7%)
  invalid: 1 (0.3%)
-- EVALUATION END ------------------
== TRAINING SEED 0 END ==============
INFO: Completed run 1 of 1 in 589 s

== POST-PROCESS START =================
-- LOADING LOGS START ----------------
Successfully loaded summary data
Successfully loaded Hall of Fame data
Successfully loaded Pareto Front data
-- LOADING LOGS END ------------------

-- ANALYZING LOG START --------------
Task_____________regression
Source path______./log/regression_config_regression_GPMELD.json_Keijzer_2.in_normal_0.0_2023-05-30-030457
Runs_____________1
Max Samples/run__15000
Success_rate_____0.0
Hall of Fame (Top 5 of 100)____
    0: S=000 R=0.520449 <-- [x1/(-x1*(-173.723840028619 - 0.003285840859130708/(x1*(-0.1054217567537569 + 1/x1))) + x1 - 3484.4852024152583 + 17325.591206319345/x1)]
    1: S=000 R=0.520449 <-- [x1/(-x1*(-173.723840028619 - 0.003285840859130708/(x1*(-0.1054217567537569 + 1/x1))) + x1 - 3484.4852024152583 + 17325.591206319345/x1)]
    2: S=000 R=0.520253 <-- [1/(-17.528194468394549*x1 - 25.137373365018803 - 35.795902048949088*(9.493100562053781 - x1)*(x1 + 1/(0.019690776509854156*x1 - 0.18692333074986999))/x1)]
    3: S=000 R=0.520253 <-- [1/(-17.528194468394549*x1 - 25.137373365018803 - 35.795902048949088*(9.493100562053781 - x1)*(x1 + 1/(0.019690776509854156*x1 - 0.18692333074986999))/x1)]
    4: S=000 R=0.520075 <-- [1/(x1 + (26.890537644735428 - 2.1719206057375143*x1)*(-x1 + 7.9720194197313492 - 7.458646082901223/(1528.6802137606742*x1 - 14511.053256680724)))]
  Saving Hall of Fame plot to ./log/regression_config_regression_GPMELD.json_Keijzer_2.in_normal_0.0_2023-05-30-030457/dso_regression_config_regression_GPMELD.json_Keijzer_2.in_normal_0.0_plot_hof.png
Pareto Front (5 of 16)____
    0: S=000 R=0.520449 C=33.00 <-- [x1/(-x1*(-173.723840028619 - 0.003285840859130708/(x1*(-0.1054217567537569 + 1/x1))) + x1 - 3484.4852024152583 + 17325.591206319345/x1)]
    1: S=000 R=0.519886 C=31.00 <-- [(x1 - 9.513773981441664)/(x1 - 52.25405640803193 + 480.97240722133021/x1 + 1.8298163898858137/(x1*(-0.12962157609003389 + 1/x1)))]
    2: S=000 R=0.519060 C=27.00 <-- [x1/(-x1 - 82.25517297255604 - 22912.947275230758*(3.530046730975902 - 0.3701547556889013*x1)/(x1**2*(x1 - 9.533185359035388)))]
    3: S=000 R=0.518920 C=24.00 <-- [x1/(x1 - 211.84754249463631 + 1943.5231370363939/x1 + 0.03450360341775439/(x1*(-0.1049044022625011 + 1/x1)))]
    4: S=000 R=0.518237 C=23.00 <-- [1/(-x1 - 3.3793002950865105 - 1/(x1 - 1/(2.8008843784806463 - 25.713815486587407/x1)) + 126.43752761035935/x1)]
  Saving Pareto Front plot to ./log/regression_config_regression_GPMELD.json_Keijzer_2.in_normal_0.0_2023-05-30-030457/dso_regression_config_regression_GPMELD.json_Keijzer_2.in_normal_0.0_plot_pf.png
-- ANALYZING LOG END ----------------
== POST-PROCESS END ===================
