['add', 0.23, 'mul', 0.3333333333333333, 'mul', 'pow', 'X_4', -1, 'add', 'mul', 14.2, 'X_1', 'mul', 14.2, 'X_3']
--------------------
eq_name 	 Korns_2
num_vars 	 5
vars_range_and_types 	 [{"name": "LogUniform", "range": [0.1, 10], "only_positive": true}, {"name": "LogUniform", "range": [0.1, 10], "only_positive": true}, {"name": "LogUniform", "range": [0.1, 10], "only_positive": true}, {"name": "LogUniform", "range": [0.1, 10], "only_positive": true}, {"name": "LogUniform", "range": [0.1, 10], "only_positive": true}]
function_set 	 ['add', 'sub', 'mul', 'div', 'sin', 'cos', 'exp', 'log', 'n2', 'n3', 'sqrt', 'tan', 'tanh', 'const']
eq_expression 	 add,0.23,mul,0.3333333333333333,mul,pow,X_4,-1,add,mul,14.2,X_1,mul,14.2,X_3
expr 	 0.23 + (14.2*X_1 + 14.2*X_3)/(3*X_4)
--------------------

== EXPERIMENT SETUP START ===========
Task type            : regression
Starting seed        : 0
Runs                 : 1
== EXPERIMENT SETUP END =============

== TRAINING SEED 0 START ============
self.dataX <dso.symbolic_data_generator.DataX object at 0x2acf27ac6358>, self.data_query_oracle: <dso.symbolic_equation_evaluator_public.Equation_evaluator object at 0x2acf122a6d68>
generate dataset!
-- BUILDING PRIOR START -------------
WARNING: Skipping invalid 'RelationalConstraint' with arguments {'targets': [], 'effectors': [], 'relationship': None}. Reason: Prior disabled.
WARNING: Skipping invalid 'TrigConstraint' with arguments {}. Reason: There are no target Tokens.
WARNING: Skipping invalid 'UniformArityPrior' with arguments {}. Reason: Prior disabled.
WARNING: Skipping invalid 'LanguageModelPrior' with arguments {'weight': None}. Reason: Prior disabled.
LengthConstraint: Sequences have minimum length 4.
                  Sequences have maximum length 256.
RepeatConstraint: [const] cannot occur more than 10 times.
RelationalConstraint: [inv] cannot be a child of [inv].
ConstConstraint: [const] cannot be the only unique child of [inv, add, sub, mul, div].
NoInputsConstraint: Sequences contain at least one input variable Token.
SoftLengthPrior: No description available.
-- BUILDING PRIOR END ---------------

-- RUNNING EPOCHS START -------------
[00:00:00:03.24] Training epoch 1/14, current best R: 0.6470

	** New best
	Reward: 0.6470412584978162
	Count Off-policy: False
	Count On-policy: True
	Originally on Policy: True
	Invalid: False
	Traversal: div,6.049290052898551,div,x5,add,x2,inv,add,mul,x5,x1,mul,inv,x3,x3
	Expression:
	                    ⎛         1    ⎞
	  6.049290052898551⋅⎜x₂ + ─────────⎟
	                    ⎝     x₁⋅x₅ + 1⎠
	  ──────────────────────────────────
	                  x₅                

[00:00:00:08.58] Training epoch 3/14, current best R: 0.6604

	** New best
	Reward: 0.6604039600691943
	Count Off-policy: False
	Count On-policy: True
	Originally on Policy: True
	Invalid: False
	Traversal: mul,sub,inv,mul,0.2074023014891563,x5,div,x4,add,2777.6352114885535,inv,x4,sub,x2,-2.091216382598626
	Expression:
	                           ⎛             x₄             4.821547267411994⎞
	  (x₂ + 2.091216382598626)⋅⎜- ─────────────────────── + ─────────────────⎟
	                           ⎜                       1            x₅       ⎟
	                           ⎜  2777.6352114885535 + ──                    ⎟
	                           ⎝                       x₄                    ⎠

[00:00:00:13.97] Training epoch 5/14, current best R: 0.6632

	** New best
	Reward: 0.6631525742846938
	Count Off-policy: False
	Count On-policy: True
	Originally on Policy: True
	Invalid: False
	Traversal: div,sub,x5,-41.91474156304156,add,x5,div,x4,add,mul,add,mul,mul,x4,x4,x1,x2,x4,x4
	Expression:
	    x₅ + 41.91474156304156  
	  ──────────────────────────
	            x₄              
	  ───────────────────── + x₅
	     ⎛     2     ⎞          
	  x₄⋅⎝x₁⋅x₄  + x₂⎠ + x₄     

[00:00:00:30.18] Training epoch 10/14, current best R: 0.6632
[00:00:00:38.38] Training epoch 12/14, current best R: 0.6750

	** New best
	Reward: 0.6749668255861607
	Count Off-policy: False
	Count On-policy: True
	Originally on Policy: True
	Invalid: False
	Traversal: mul,inv,x5,add,x4,div,x2,0.15650682101575977
	Expression:
	  6.389497873062689⋅x₂ + x₄
	  ─────────────────────────
	              x₅           

[00:00:00:42.96] Training epoch 13/14, current best R: 0.8533

	** New best
	Reward: 0.8532961505920762
	Count Off-policy: False
	Count On-policy: True
	Originally on Policy: True
	Invalid: False
	Traversal: sub,x5,mul,-3.574985306287134,add,div,add,x2,x4,add,x5,-0.027725201822718468,x3
	Expression:
	                              3.574985306287134⋅(x₂ + x₄)
	  3.574985306287134⋅x₃ + x₅ + ───────────────────────────
	                               x₅ - 0.027725201822718468 

[00:00:00:47.19] Ending training after epoch 14/14, current best R: 0.8533
-- RUNNING EPOCHS END ---------------

-- EVALUATION START ----------------
Saving Hall of Fame to ./log/regression_config_regression_DSR.json_Korns_2.in_normal_0.0_2023-05-30-040607/dso_regression_config_regression_DSR.json_Korns_2.in_normal_0.0_0_hof.csv
Saving Pareto Front to ./log/regression_config_regression_DSR.json_Korns_2.in_normal_0.0_2023-05-30-040607/dso_regression_config_regression_DSR.json_Korns_2.in_normal_0.0_0_pf.csv
Invalid expressions: 240 of 14336 (1.7%).
Error type counts:
  reciprocal: 120 (50.0%)
  true_divide: 120 (50.0%)
Error node counts:
  divide: 238 (99.2%)
  invalid: 2 (0.8%)
-- EVALUATION END ------------------
== TRAINING SEED 0 END ==============
INFO: Completed run 1 of 1 in 48 s

== POST-PROCESS START =================
-- LOADING LOGS START ----------------
Successfully loaded summary data
Successfully loaded Hall of Fame data
Successfully loaded Pareto Front data
-- LOADING LOGS END ------------------

-- ANALYZING LOG START --------------
Task_____________regression
Source path______./log/regression_config_regression_DSR.json_Korns_2.in_normal_0.0_2023-05-30-040607
Runs_____________1
Max Samples/run__15000
Success_rate_____0.0
Hall of Fame (Top 5 of 100)____
    0: S=000 R=0.853296 <-- [3.574985306287134*x3 + x5 + 3.574985306287134*(x2 + x4)/(x5 - 0.027725201822718468)]
    1: S=000 R=0.674967 <-- [(6.389497873062689*x2 + x4)/x5]
    2: S=000 R=0.671679 <-- [(-0.013732002046674047*x4*(-316.66806552788285 - (x1*x2 - x5)/x5) + 10.305431300840167)/x5]
    3: S=000 R=0.663153 <-- [(x5 + 41.91474156304156)/(x4/(x4*(x1*x4**2 + x2) + x4) + x5)]
    4: S=000 R=0.662435 <-- [x2*(0.88073153553989876*x4 + 4.8201227069549401)/x5 + x5]
  Saving Hall of Fame plot to ./log/regression_config_regression_DSR.json_Korns_2.in_normal_0.0_2023-05-30-040607/dso_regression_config_regression_DSR.json_Korns_2.in_normal_0.0_plot_hof.png
Pareto Front (5 of 5)____
    0: S=000 R=0.853296 C=14.00 <-- [3.574985306287134*x3 + x5 + 3.574985306287134*(x2 + x4)/(x5 - 0.027725201822718468)]
    1: S=000 R=0.674967 C=10.00 <-- [(6.389497873062689*x2 + x4)/x5]
    2: S=000 R=0.630463 C=8.00 <-- [6.74474257879077*x2/x5 + x4]
    3: S=000 R=0.602892 C=6.00 <-- [(x4 + 18.475740352875892)/x5]
    4: S=000 R=0.515756 C=5.00 <-- [10.567848615289119*x4 + 21.966507151546349]
  Saving Pareto Front plot to ./log/regression_config_regression_DSR.json_Korns_2.in_normal_0.0_2023-05-30-040607/dso_regression_config_regression_DSR.json_Korns_2.in_normal_0.0_plot_pf.png
-- ANALYZING LOG END ----------------
== POST-PROCESS END ===================
