['add', -2.3, 'mul', 0.13, 'sin', 'X_2']
--------------------
eq_name 	 Korns_4
num_vars 	 5
vars_range_and_types 	 [{"name": "LogUniform", "range": [0.1, 10], "only_positive": true}, {"name": "LogUniform", "range": [0.1, 10], "only_positive": true}, {"name": "LogUniform", "range": [0.1, 10], "only_positive": true}, {"name": "LogUniform", "range": [0.1, 10], "only_positive": true}, {"name": "LogUniform", "range": [0.1, 10], "only_positive": true}]
function_set 	 ['add', 'sub', 'mul', 'div', 'sin', 'cos', 'exp', 'log', 'n2', 'n3', 'sqrt', 'tan', 'tanh', 'const']
eq_expression 	 add,-2.3,mul,0.13,sin,X_2
expr 	 0.13*sin(X_2) - 2.3
--------------------

== EXPERIMENT SETUP START ===========
Task type            : regression
Starting seed        : 0
Runs                 : 1
== EXPERIMENT SETUP END =============

== TRAINING SEED 0 START ============
self.dataX <dso.symbolic_data_generator.DataX object at 0x2aeef3fa92e8>, self.data_query_oracle: <dso.symbolic_equation_evaluator_public.Equation_evaluator object at 0x2aeedfc89d68>
generate dataset!
-- BUILDING PRIOR START -------------
WARNING: Skipping invalid 'RelationalConstraint' with arguments {'targets': [], 'effectors': [], 'relationship': None}. Reason: Prior disabled.
WARNING: Skipping invalid 'TrigConstraint' with arguments {}. Reason: There are no target Tokens.
WARNING: Skipping invalid 'UniformArityPrior' with arguments {}. Reason: Prior disabled.
WARNING: Skipping invalid 'LanguageModelPrior' with arguments {'weight': None}. Reason: Prior disabled.
LengthConstraint: Sequences have minimum length 4.
                  Sequences have maximum length 256.
RepeatConstraint: [const] cannot occur more than 10 times.
RelationalConstraint: [inv] cannot be a child of [inv].
ConstConstraint: [const] cannot be the only unique child of [inv, add, sub, mul, div].
NoInputsConstraint: Sequences contain at least one input variable Token.
SoftLengthPrior: No description available.
-- BUILDING PRIOR END ---------------

-- RUNNING EPOCHS START -------------
[00:00:00:04.47] Training epoch 1/14, current best R: 0.5078

	** New best
	Reward: 0.5078261660702977
	Count Off-policy: False
	Count On-policy: True
	Originally on Policy: True
	Invalid: False
	Traversal: add,div,-2.24078312912376,mul,x5,inv,x5,mul,x3,-0.006666296756171183
	Expression:
	  -0.006666296756171183⋅x₃ - 2.24078312912376

[00:00:00:22.51] Training epoch 7/14, current best R: 0.5078

	** New best
	Reward: 0.5078339936248922
	Count Off-policy: False
	Count On-policy: True
	Originally on Policy: True
	Invalid: False
	Traversal: sub,-2.239428578904261,mul,0.006661821723512624,add,x3,inv,add,x2,add,inv,x5,x5
	Expression:
	                                                 0.006661821723512624
	  -0.006661821723512624⋅x₃ - 2.239428578904261 - ────────────────────
	                                                               1     
	                                                     x₂ + x₅ + ──    
	                                                               x₅    

[00:00:00:25.87] Training epoch 8/14, current best R: 0.5078

	** New best
	Reward: 0.5078470887336589
	Count Off-policy: False
	Count On-policy: True
	Originally on Policy: True
	Invalid: False
	Traversal: sub,-2.240751571822281,div,x3,add,73.81195576800614,add,73.81195576800596,x2
	Expression:
	              x₃                              
	  - ────────────────────── - 2.240751571822281
	    x₂ + 147.6239115360121                    

[00:00:00:29.57] Training epoch 9/14, current best R: 0.5371

	** New best
	Reward: 0.5370991511829049
	Count Off-policy: False
	Count On-policy: True
	Originally on Policy: True
	Invalid: False
	Traversal: add,add,mul,0.0001511463614475262,x2,-1.1625528257427296,add,div,x3,add,mul,x3,mul,6.73050028433793,x3,inv,x3,-1.1625528257349607
	Expression:
	                                         x₃                                
	  0.0001511463614475262⋅x₂ + ───────────────────────── - 2.3251056514776903
	                                                2   1                      
	                             6.73050028433793⋅x₃  + ──                     
	                                                    x₃                     

[00:00:00:33.67] Training epoch 10/14, current best R: 0.5371
[00:00:00:49.00] Ending training after epoch 14/14, current best R: 0.5371
-- RUNNING EPOCHS END ---------------

-- EVALUATION START ----------------
Saving Hall of Fame to ./log/regression_config_regression_PQT.json_Korns_4.in_normal_0.0_2023-05-30-041230/dso_regression_config_regression_PQT.json_Korns_4.in_normal_0.0_0_hof.csv
Saving Pareto Front to ./log/regression_config_regression_PQT.json_Korns_4.in_normal_0.0_2023-05-30-041230/dso_regression_config_regression_PQT.json_Korns_4.in_normal_0.0_0_pf.csv
Invalid expressions: 201 of 14336 (1.4%).
Error type counts:
  reciprocal: 112 (55.7%)
  true_divide: 89 (44.3%)
Error node counts:
  divide: 199 (99.0%)
  invalid: 2 (1.0%)

Priority queue entry 0:
	Reward: 0.5370991511829049
	Count Off-policy: False
	Count On-policy: True
	Originally on Policy: True
	Invalid: False
	Traversal: add,add,mul,0.0001511463614475262,x2,-1.1625528257427296,add,div,x3,add,mul,x3,mul,6.73050028433793,x3,inv,x3,-1.1625528257349607
	Expression:
	                                         x₃                                
	  0.0001511463614475262⋅x₂ + ───────────────────────── - 2.3251056514776903
	                                                2   1                      
	                             6.73050028433793⋅x₃  + ──                     
	                                                    x₃                     


Priority queue entry 1:
	Reward: 0.5081504630958685
	Count Off-policy: False
	Count On-policy: True
	Originally on Policy: True
	Invalid: False
	Traversal: sub,-2.2400113861062687,inv,add,x2,mul,div,mul,add,x5,131.03699116205846,inv,x5,x3,x5
	Expression:
	                                     1              
	  -2.2400113861062687 - ────────────────────────────
	                             x₅ + 131.03699116205846
	                        x₂ + ───────────────────────
	                                        x₃          


Priority queue entry 2:
	Reward: 0.5078470887336589
	Count Off-policy: False
	Count On-policy: True
	Originally on Policy: True
	Invalid: False
	Traversal: sub,-2.240751571822281,div,x3,add,73.81195576800614,add,73.81195576800596,x2
	Expression:
	              x₃                              
	  - ────────────────────── - 2.240751571822281
	    x₂ + 147.6239115360121                    


Priority queue entry 3:
	Reward: 0.5078360799456383
	Count Off-policy: False
	Count On-policy: True
	Originally on Policy: True
	Invalid: False
	Traversal: add,-2.2395345590859144,div,div,mul,add,div,-0.020797908431355698,add,1.4531385583122967,x2,mul,-0.04344065656963576,x3,x3,x3,6.5175140767573625
	Expression:
	                                                    0.0031910799403602076 
	  -0.0066652186797038186⋅x₃ - 2.2395345590859144 - ───────────────────────
	                                                   x₂ + 1.4531385583122967


Priority queue entry 4:
	Reward: 0.5078339936248922
	Count Off-policy: False
	Count On-policy: True
	Originally on Policy: True
	Invalid: False
	Traversal: sub,-2.239428578904261,mul,0.006661821723512624,add,x3,inv,add,x2,add,inv,x5,x5
	Expression:
	                                                 0.006661821723512624
	  -0.006661821723512624⋅x₃ - 2.239428578904261 - ────────────────────
	                                                               1     
	                                                     x₂ + x₅ + ──    
	                                                               x₅    


Priority queue entry 5:
	Reward: 0.5078263999016331
	Count Off-policy: False
	Count On-policy: True
	Originally on Policy: True
	Invalid: False
	Traversal: div,x2,div,add,x2,x2,mul,sub,-335.8907854617061,x3,add,mul,-2.3602173756238826e-07,x4,0.013342600679202715
	Expression:
	  (0.013342600679202715 - 2.3602173756238826e-7⋅x₄)⋅(-x₃ - 335.8907854617061)
	  ───────────────────────────────────────────────────────────────────────────
	                                       2                                     


Priority queue entry 6:
	Reward: 0.5078261660702977
	Count Off-policy: False
	Count On-policy: True
	Originally on Policy: True
	Invalid: False
	Traversal: add,div,-2.24078312912376,mul,x5,inv,x5,mul,x3,-0.006666296756171183
	Expression:
	  -0.006666296756171183⋅x₃ - 2.24078312912376


Priority queue entry 7:
	Reward: 0.5078239871036148
	Count Off-policy: False
	Count On-policy: True
	Originally on Policy: True
	Invalid: False
	Traversal: sub,-2.2407914262181667,inv,mul,div,add,add,div,x3,x3,1731.7842373374478,mul,div,x1,x4,x2,x3,0.0859561036551381
	Expression:
	       11.6338451544066⋅x₃                         
	  - ────────────────────────── - 2.2407914262181667
	    x₁⋅x₂                                          
	    ───── + 1732.7842373374478                     
	      x₄                                           


Priority queue entry 8:
	Reward: 0.5065489105410097
	Count Off-policy: False
	Count On-policy: True
	Originally on Policy: True
	Invalid: False
	Traversal: add,mul,-0.004981793885274232,x3,mul,-128443.26636782194,inv,add,57104.45594409181,inv,x3
	Expression:
	                               128443.26636782194  
	  -0.004981793885274232⋅x₃ - ──────────────────────
	                                                 1 
	                             57104.45594409181 + ──
	                                                 x₃


Priority queue entry 9:
	Reward: 0.504969040035447
	Count Off-policy: False
	Count On-policy: True
	Originally on Policy: True
	Invalid: False
	Traversal: add,-2.26476577458178,inv,mul,x4,add,div,58.49764066687119,x3,mul,72.99941729709928,x3
	Expression:
	                                            1                      
	  -2.26476577458178 + ─────────────────────────────────────────────
	                         ⎛                       58.49764066687119⎞
	                      x₄⋅⎜72.99941729709928⋅x₃ + ─────────────────⎟
	                         ⎝                               x₃       ⎠

-- EVALUATION END ------------------
== TRAINING SEED 0 END ==============
INFO: Completed run 1 of 1 in 51 s

== POST-PROCESS START =================
-- LOADING LOGS START ----------------
Successfully loaded summary data
Successfully loaded Hall of Fame data
Successfully loaded Pareto Front data
-- LOADING LOGS END ------------------

-- ANALYZING LOG START --------------
Task_____________regression
Source path______./log/regression_config_regression_PQT.json_Korns_4.in_normal_0.0_2023-05-30-041230
Runs_____________1
Max Samples/run__15000
Success_rate_____0.0
Hall of Fame (Top 5 of 100)____
    0: S=000 R=0.537099 <-- [0.0001511463614475262*x2 + x3/(6.73050028433793*x3**2 + 1/x3) - 2.3251056514776903]
    1: S=000 R=0.508150 <-- [-2.2400113861062687 - 1/(x2 + (x5 + 131.03699116205846)/x3)]
    2: S=000 R=0.507847 <-- [-x3/(x2 + 147.6239115360121) - 2.240751571822281]
    3: S=000 R=0.507836 <-- [-0.0066652186797038186*x3 - 2.2395345590859144 - 0.0031910799403602076/(x2 + 1.4531385583122967)]
    4: S=000 R=0.507834 <-- [-0.006661821723512624*x3 - 2.239428578904261 - 0.006661821723512624/(x2 + x5 + 1/x5)]
  Saving Hall of Fame plot to ./log/regression_config_regression_PQT.json_Korns_4.in_normal_0.0_2023-05-30-041230/dso_regression_config_regression_PQT.json_Korns_4.in_normal_0.0_plot_hof.png
Pareto Front (5 of 6)____
    0: S=000 R=0.537099 C=20.00 <-- [0.0001511463614475262*x2 + x3/(6.73050028433793*x3**2 + 1/x3) - 2.3251056514776903]
    1: S=000 R=0.508150 C=18.00 <-- [-2.2400113861062687 - 1/(x2 + (x5 + 131.03699116205846)/x3)]
    2: S=000 R=0.507847 C=10.00 <-- [-x3/(x2 + 147.6239115360121) - 2.240751571822281]
    3: S=000 R=0.507826 C=9.00 <-- [-0.006666274579598981*x3 - 2.2407831826262043]
    4: S=000 R=0.503917 C=7.00 <-- [0.0036233263774589934*x1 - 0.0036233263774589934*x3 - 2.2549791571918549]
  Saving Pareto Front plot to ./log/regression_config_regression_PQT.json_Korns_4.in_normal_0.0_2023-05-30-041230/dso_regression_config_regression_PQT.json_Korns_4.in_normal_0.0_plot_pf.png
-- ANALYZING LOG END ----------------
== POST-PROCESS END ===================
