['add', -5.41, 'mul', 0.3333333333333333, 'mul', 'pow', 'X_4', -1, 'add', 'mul', 4.9, 'X_3', 'add', 'mul', -4.9, 'X_0', 'mul', 4.9, 'mul', 'X_1', 'pow', 'X_4', -1]
--------------------
eq_name 	 Korns_3
num_vars 	 5
vars_range_and_types 	 [{"name": "LogUniform", "range": [0.1, 10], "only_positive": true}, {"name": "LogUniform", "range": [0.1, 10], "only_positive": true}, {"name": "LogUniform", "range": [0.1, 10], "only_positive": true}, {"name": "LogUniform", "range": [0.1, 10], "only_positive": true}, {"name": "LogUniform", "range": [0.1, 10], "only_positive": true}]
function_set 	 ['add', 'sub', 'mul', 'div', 'sin', 'cos', 'exp', 'log', 'n2', 'n3', 'sqrt', 'tan', 'tanh', 'const']
eq_expression 	 add,-5.41,mul,0.3333333333333333,mul,pow,X_4,-1,add,mul,4.9,X_3,add,mul,-4.9,X_0,mul,4.9,mul,X_1,pow,X_4,-1
expr 	 -5.41 + (-4.9*X_0 + 4.9*X_1/X_4 + 4.9*X_3)/(3*X_4)
--------------------

== EXPERIMENT SETUP START ===========
Task type            : regression
Starting seed        : 0
Runs                 : 1
== EXPERIMENT SETUP END =============

== TRAINING SEED 0 START ============
self.dataX <dso.symbolic_data_generator.DataX object at 0x2af07d3b9278>, self.data_query_oracle: <dso.symbolic_equation_evaluator_public.Equation_evaluator object at 0x2af065091d30>
generate dataset!
-- BUILDING PRIOR START -------------
WARNING: Skipping invalid 'RelationalConstraint' with arguments {'targets': [], 'effectors': [], 'relationship': None}. Reason: Prior disabled.
WARNING: Skipping invalid 'TrigConstraint' with arguments {}. Reason: There are no target Tokens.
WARNING: Skipping invalid 'UniformArityPrior' with arguments {}. Reason: Prior disabled.
WARNING: Skipping invalid 'LanguageModelPrior' with arguments {'weight': None}. Reason: Prior disabled.
LengthConstraint: Sequences have minimum length 4.
                  Sequences have maximum length 256.
RepeatConstraint: [const] cannot occur more than 10 times.
RelationalConstraint: [inv] cannot be a child of [inv].
ConstConstraint: [const] cannot be the only unique child of [inv, add, sub, mul, div].
NoInputsConstraint: Sequences contain at least one input variable Token.
SoftLengthPrior: No description available.
-- BUILDING PRIOR END ---------------

-- RUNNING EPOCHS START -------------
[00:00:00:04.28] Training epoch 1/14, current best R: 0.7234

	** New best
	Reward: 0.723366428853106
	Count Off-policy: False
	Count On-policy: True
	Originally on Policy: True
	Invalid: False
	Traversal: mul,x5,mul,x2,div,x1,mul,0.30250577124838957,div,x5,inv,mul,0.30250577124838957,mul,x1,x5
	Expression:
	  10.927798309708841⋅x₂
	  ─────────────────────
	            x₅         

[00:00:00:07.09] Training epoch 2/14, current best R: 0.8565

	** New best
	Reward: 0.8565173971684182
	Count Off-policy: False
	Count On-policy: True
	Originally on Policy: True
	Invalid: False
	Traversal: sub,add,add,x2,x4,add,inv,mul,div,x5,div,17267.82014637142,add,inv,div,x2,10567.587127692266,x2,x5,x5,x3
	Expression:
	                                              1                         
	  x₂ - x₃ + x₄ + x₅ + ──────────────────────────────────────────────────
	                        2 ⎛                         0.61198153780359416⎞
	                      x₅ ⋅⎜5.79111892250126e-5⋅x₂ + ───────────────────⎟
	                          ⎝                                  x₂        ⎠

[00:00:00:09.85] Training epoch 3/14, current best R: 0.8632

	** New best
	Reward: 0.8631534088033399
	Count Off-policy: False
	Count On-policy: True
	Originally on Policy: True
	Invalid: False
	Traversal: div,div,x2,mul,x5,x5,mul,div,0.6193329999010754,x2,x2
	Expression:
	  1.61464026647979⋅x₂
	  ───────────────────
	            2        
	          x₅         

[00:00:00:30.65] Training epoch 10/14, current best R: 0.8632
[00:00:00:43.24] Ending training after epoch 14/14, current best R: 0.8632
-- RUNNING EPOCHS END ---------------

-- EVALUATION START ----------------
Saving Hall of Fame to ./log/regression_config_regression_PQT.json_Korns_3.in_normal_0.0_2023-05-30-040946/dso_regression_config_regression_PQT.json_Korns_3.in_normal_0.0_0_hof.csv
Saving Pareto Front to ./log/regression_config_regression_PQT.json_Korns_3.in_normal_0.0_2023-05-30-040946/dso_regression_config_regression_PQT.json_Korns_3.in_normal_0.0_0_pf.csv
Invalid expressions: 191 of 14336 (1.3%).
Error type counts:
  reciprocal: 100 (52.4%)
  true_divide: 91 (47.6%)
Error node counts:
  divide: 191 (100.0%)

Priority queue entry 0:
	Reward: 0.8631534088033399
	Count Off-policy: False
	Count On-policy: True
	Originally on Policy: True
	Invalid: False
	Traversal: div,div,x2,mul,x5,x5,mul,div,0.6193329999010754,x2,x2
	Expression:
	  1.61464026647979⋅x₂
	  ───────────────────
	            2        
	          x₅         


Priority queue entry 1:
	Reward: 0.8565173971684182
	Count Off-policy: False
	Count On-policy: True
	Originally on Policy: True
	Invalid: False
	Traversal: sub,add,add,x2,x4,add,inv,mul,div,x5,div,17267.82014637142,add,inv,div,x2,10567.587127692266,x2,x5,x5,x3
	Expression:
	                                              1                         
	  x₂ - x₃ + x₄ + x₅ + ──────────────────────────────────────────────────
	                        2 ⎛                         0.61198153780359416⎞
	                      x₅ ⋅⎜5.79111892250126e-5⋅x₂ + ───────────────────⎟
	                          ⎝                                  x₂        ⎠


Priority queue entry 2:
	Reward: 0.7619251046448875
	Count Off-policy: False
	Count On-policy: True
	Originally on Policy: True
	Invalid: False
	Traversal: add,-36.961058127196615,add,x2,sub,inv,div,add,-0.1681814843613458,add,div,x2,mul,add,1.0568047648902297,x2,x2,x5,53.41024776468687,x5
	Expression:
	                                                                    1           
	  x₂ - x₅ - 36.961058127196615 + ───────────────────────────────────────────────
                                                                              
	                                 0.01872299871001849⋅x₅ - 0.003148861714746472 +
                                                                              

                        
	  ────────────────────────
	     0.01872299871001849  
	   ───────────────────────
	   x₂ + 1.0568047648902297


Priority queue entry 3:
	Reward: 0.7367368328119007
	Count Off-policy: False
	Count On-policy: True
	Originally on Policy: True
	Invalid: False
	Traversal: mul,x2,inv,div,x5,add,x2,inv,x5
	Expression:
	     ⎛     1 ⎞
	  x₂⋅⎜x₂ + ──⎟
	     ⎝     x₅⎠
	  ────────────
	       x₅     


Priority queue entry 4:
	Reward: 0.7292459371400096
	Count Off-policy: False
	Count On-policy: True
	Originally on Policy: True
	Invalid: False
	Traversal: sub,inv,div,inv,mul,inv,x5,mul,x2,x5,mul,inv,x5,11.120573042537512,x2
	Expression:
	        11.120573042537512⋅x₂
	  -x₂ + ─────────────────────
	                  x₅         


Priority queue entry 5:
	Reward: 0.7262382142819553
	Count Off-policy: False
	Count On-policy: True
	Originally on Policy: True
	Invalid: False
	Traversal: mul,x2,sub,div,10.97713323721176,x5,mul,div,4.021507969520288,add,x2,div,x1,x3,x5
	Expression:
	     ⎛  4.021507969520288⋅x₅   10.97713323721176⎞
	  x₂⋅⎜- ──────────────────── + ─────────────────⎟
	     ⎜        x₁                       x₅       ⎟
	     ⎜        ── + x₂                           ⎟
	     ⎝        x₃                                ⎠


Priority queue entry 6:
	Reward: 0.72399455404067
	Count Off-policy: False
	Count On-policy: True
	Originally on Policy: True
	Invalid: False
	Traversal: div,add,133.1193811425503,add,x2,x2,div,3.660131985550194,div,x2,mul,x5,3.660131985550164
	Expression:
	  0.0746459942555519⋅x₂⋅(2⋅x₂ + 133.1193811425503)
	  ────────────────────────────────────────────────
	                         x₅                       


Priority queue entry 7:
	Reward: 0.7233664288532224
	Count Off-policy: False
	Count On-policy: True
	Originally on Policy: True
	Invalid: False
	Traversal: mul,inv,x5,inv,div,inv,x2,10.927793442099025
	Expression:
	  10.927793442099025⋅x₂
	  ─────────────────────
	            x₅         


Priority queue entry 8:
	Reward: 0.7233664288532218
	Count Off-policy: False
	Count On-policy: True
	Originally on Policy: True
	Invalid: False
	Traversal: mul,3.30572140303975,inv,div,x5,mul,3.30572140303975,x2
	Expression:
	  10.9277939945151⋅x₂
	  ───────────────────
	           x₅        


Priority queue entry 9:
	Reward: 0.7233664288532199
	Count Off-policy: False
	Count On-policy: True
	Originally on Policy: True
	Invalid: False
	Traversal: div,x2,mul,x5,0.09150978681975615
	Expression:
	  10.92779291432148⋅x₂
	  ────────────────────
	           x₅         

-- EVALUATION END ------------------
== TRAINING SEED 0 END ==============
INFO: Completed run 1 of 1 in 45 s

== POST-PROCESS START =================
-- LOADING LOGS START ----------------
Successfully loaded summary data
Successfully loaded Hall of Fame data
Successfully loaded Pareto Front data
-- LOADING LOGS END ------------------

-- ANALYZING LOG START --------------
Task_____________regression
Source path______./log/regression_config_regression_PQT.json_Korns_3.in_normal_0.0_2023-05-30-040946
Runs_____________1
Max Samples/run__15000
Success_rate_____0.0
Hall of Fame (Top 5 of 100)____
    0: S=000 R=0.863153 <-- [1.61464026647979*x2/x5**2]
    1: S=000 R=0.856517 <-- [x2 - x3 + x4 + x5 + 1/(x5**2*(5.79111892250126e-5*x2 + 0.61198153780359416/x2))]
    2: S=000 R=0.761925 <-- [x2 - x5 - 36.961058127196615 + 1/(0.01872299871001849*x5 - 0.003148861714746472 + 0.01872299871001849/(x2 + 1.0568047648902297))]
    3: S=000 R=0.736737 <-- [x2*(x2 + 1/x5)/x5]
    4: S=000 R=0.735803 <-- [0.2159371501812713*x2**2/x5**2]
  Saving Hall of Fame plot to ./log/regression_config_regression_PQT.json_Korns_3.in_normal_0.0_2023-05-30-040946/dso_regression_config_regression_PQT.json_Korns_3.in_normal_0.0_plot_hof.png
Pareto Front (5 of 5)____
    0: S=000 R=0.863153 C=14.00 <-- [1.61464026647979*x2/x5**2]
    1: S=000 R=0.736737 C=12.00 <-- [x2*(x2 + 1/x5)/x5]
    2: S=000 R=0.723366 C=10.00 <-- [10.9277939945151*x2/x5]
    3: S=000 R=0.723366 C=6.00 <-- [10.92779291432148*x2/x5]
    4: S=000 R=0.544675 C=5.00 <-- [23.111020242590673/x5]
  Saving Pareto Front plot to ./log/regression_config_regression_PQT.json_Korns_3.in_normal_0.0_2023-05-30-040946/dso_regression_config_regression_PQT.json_Korns_3.in_normal_0.0_plot_pf.png
-- ANALYZING LOG END ----------------
== POST-PROCESS END ===================
