['add', 2, 'mul', -2.1, 'mul', 'cos', 'mul', 9.8, 'X_0', 'sin', 'mul', 1.3, 'X_4']
--------------------
eq_name 	 Korns_12
num_vars 	 5
vars_range_and_types 	 [{"name": "LogUniform", "range": [0.1, 10], "only_positive": true}, {"name": "LogUniform", "range": [0.1, 10], "only_positive": true}, {"name": "LogUniform", "range": [0.1, 10], "only_positive": true}, {"name": "LogUniform", "range": [0.1, 10], "only_positive": true}, {"name": "LogUniform", "range": [0.1, 10], "only_positive": true}]
function_set 	 ['add', 'sub', 'mul', 'div', 'sin', 'cos', 'exp', 'log', 'n2', 'n3', 'sqrt', 'tan', 'tanh', 'const']
eq_expression 	 add,2,mul,-2.1,mul,cos,mul,9.8,X_0,sin,mul,1.3,X_4
expr 	 -2.1*sin(1.3*X_4)*cos(9.8*X_0) + 2
--------------------

== EXPERIMENT SETUP START ===========
Task type            : regression
Starting seed        : 0
Runs                 : 1
== EXPERIMENT SETUP END =============

== TRAINING SEED 0 START ============
self.dataX <dso.symbolic_data_generator.DataX object at 0x2ae0beba10b8>, self.data_query_oracle: <dso.symbolic_equation_evaluator_public.Equation_evaluator object at 0x2ae0ddc43d68>
generate dataset!
-- BUILDING PRIOR START -------------
WARNING: Skipping invalid 'RelationalConstraint' with arguments {'targets': [], 'effectors': [], 'relationship': None}. Reason: Prior disabled.
WARNING: Skipping invalid 'TrigConstraint' with arguments {}. Reason: There are no target Tokens.
WARNING: Skipping invalid 'UniformArityPrior' with arguments {}. Reason: Prior disabled.
WARNING: Skipping invalid 'LanguageModelPrior' with arguments {'weight': None}. Reason: Prior disabled.
LengthConstraint: Sequences have minimum length 4.
                  Sequences have maximum length 256.
RepeatConstraint: [const] cannot occur more than 10 times.
RelationalConstraint: [inv] cannot be a child of [inv].
ConstConstraint: [const] cannot be the only unique child of [inv, add, sub, mul, div].
NoInputsConstraint: Sequences contain at least one input variable Token.
SoftLengthPrior: No description available.
-- BUILDING PRIOR END ---------------

-- RUNNING EPOCHS START -------------
[00:00:00:03.83] Training epoch 1/14, current best R: 0.5003

	** New best
	Reward: 0.5002542098957605
	Count Off-policy: False
	Count On-policy: True
	Originally on Policy: True
	Invalid: False
	Traversal: mul,x3,div,mul,div,-0.17363742588018863,add,118.80241922675326,x1,sub,x2,add,inv,x2,1427.5163121393502,x3
	Expression:
	                       ⎛                          1 ⎞ 
	  -0.17363742588018863⋅⎜x₂ - 1427.5163121393502 - ──⎟ 
	                       ⎝                          x₂⎠ 
	  ────────────────────────────────────────────────────
	                x₁ + 118.80241922675326               

[00:00:00:22.85] Training epoch 7/14, current best R: 0.5003

	** New best
	Reward: 0.5002853643227899
	Count Off-policy: False
	Count On-policy: True
	Originally on Policy: True
	Invalid: False
	Traversal: add,2.006075898949416,inv,add,x3,div,mul,x1,add,div,x2,mul,x2,mul,x1,x3,x1,0.10722036295496334
	Expression:
	                                         1                   
	  2.006075898949416 + ───────────────────────────────────────
	                                            ⎛       1  ⎞     
	                      9.3265865964288734⋅x₁⋅⎜x₁ + ─────⎟ + x₃
	                                            ⎝     x₁⋅x₃⎠     

[00:00:00:33.36] Training epoch 10/14, current best R: 0.5004

	** New best
	Reward: 0.5004084930446133
	Count Off-policy: False
	Count On-policy: True
	Originally on Policy: True
	Invalid: False
	Traversal: add,1.0699130260924086,add,1.0699130261009957,mul,inv,add,inv,add,inv,add,div,div,inv,x1,13.273783145625652,13.273783145534187,0.011475306531440452,x3,-0.006883514534116934,-0.0008286806190308657
	Expression:
	                                                 0.0008286806190308657          
	  2.1398260521934043 - ─────────────────────────────────────────────────────────
	                                                                       1        
	                       -0.006883514534116934 + ─────────────────────────────────
	                                                                         1      
	                                               x₃ + ────────────────────────────
	                                                                           0.005
	                                                    0.011475306531440452 + ─────
                                                                              

                
	  ────────────────
                
	  ────────────────
                
	  ────────────────
	  6755841010258434
	  ────────────────
	       x₁         

[00:00:00:33.37] Training epoch 10/14, current best R: 0.5004
[00:00:00:52.64] Ending training after epoch 14/14, current best R: 0.5004
-- RUNNING EPOCHS END ---------------

-- EVALUATION START ----------------
Saving Hall of Fame to ./log/regression_config_regression_PQT.json_Korns_12.in_normal_0.0_2023-05-30-035729/dso_regression_config_regression_PQT.json_Korns_12.in_normal_0.0_0_hof.csv
Saving Pareto Front to ./log/regression_config_regression_PQT.json_Korns_12.in_normal_0.0_2023-05-30-035729/dso_regression_config_regression_PQT.json_Korns_12.in_normal_0.0_0_pf.csv
Invalid expressions: 192 of 14336 (1.3%).
Error type counts:
  reciprocal: 100 (52.1%)
  true_divide: 92 (47.9%)
Error node counts:
  divide: 190 (99.0%)
  invalid: 2 (1.0%)

Priority queue entry 0:
	Reward: 0.5004084930446133
	Count Off-policy: False
	Count On-policy: True
	Originally on Policy: True
	Invalid: False
	Traversal: add,1.0699130260924086,add,1.0699130261009957,mul,inv,add,inv,add,inv,add,div,div,inv,x1,13.273783145625652,13.273783145534187,0.011475306531440452,x3,-0.006883514534116934,-0.0008286806190308657
	Expression:
	                                                 0.0008286806190308657          
	  2.1398260521934043 - ─────────────────────────────────────────────────────────
	                                                                       1        
	                       -0.006883514534116934 + ─────────────────────────────────
	                                                                         1      
	                                               x₃ + ────────────────────────────
	                                                                           0.005
	                                                    0.011475306531440452 + ─────
                                                                              

                
	  ────────────────
                
	  ────────────────
                
	  ────────────────
	  6755841010258434
	  ────────────────
	       x₁         


Priority queue entry 1:
	Reward: 0.500397784891015
	Count Off-policy: False
	Count On-policy: True
	Originally on Policy: True
	Invalid: False
	Traversal: mul,inv,add,1.0952800938508869,x1,sub,mul,x1,mul,mul,1.952709286368772,inv,x3,x3,-2.3462186243315193
	Expression:
	  1.952709286368772⋅x₁ + 2.3462186243315193
	  ─────────────────────────────────────────
	           x₁ + 1.0952800938508869         


Priority queue entry 2:
	Reward: 0.5003867882806056
	Count Off-policy: False
	Count On-policy: True
	Originally on Policy: True
	Invalid: False
	Traversal: add,mul,x5,-0.012462865571650068,div,259.49389232122417,add,61.40849275761896,add,61.408492757618994,x1
	Expression:
	                                259.49389232122417  
	  -0.012462865571650068⋅x₅ + ───────────────────────
	                             x₁ + 122.81698551523795


Priority queue entry 3:
	Reward: 0.5002853643227899
	Count Off-policy: False
	Count On-policy: True
	Originally on Policy: True
	Invalid: False
	Traversal: add,2.006075898949416,inv,add,x3,div,mul,x1,add,div,x2,mul,x2,mul,x1,x3,x1,0.10722036295496334
	Expression:
	                                         1                   
	  2.006075898949416 + ───────────────────────────────────────
	                                            ⎛       1  ⎞     
	                      9.3265865964288734⋅x₁⋅⎜x₁ + ─────⎟ + x₃
	                                            ⎝     x₁⋅x₃⎠     


Priority queue entry 4:
	Reward: 0.5002542098957605
	Count Off-policy: False
	Count On-policy: True
	Originally on Policy: True
	Invalid: False
	Traversal: mul,x3,div,mul,div,-0.17363742588018863,add,118.80241922675326,x1,sub,x2,add,inv,x2,1427.5163121393502,x3
	Expression:
	                       ⎛                          1 ⎞ 
	  -0.17363742588018863⋅⎜x₂ - 1427.5163121393502 - ──⎟ 
	                       ⎝                          x₂⎠ 
	  ────────────────────────────────────────────────────
	                x₁ + 118.80241922675326               


Priority queue entry 5:
	Reward: 0.5002379967903542
	Count Off-policy: False
	Count On-policy: True
	Originally on Policy: True
	Invalid: False
	Traversal: inv,sub,x1,sub,div,-0.003906783736183889,add,x4,2.2302673591729523,add,0.47836445447053855,mul,-0.9960629387092936,x1
	Expression:
	                                     1                                   
	  ───────────────────────────────────────────────────────────────────────
	                                                    0.003906783736183889 
	  0.003937061290706395⋅x₁ + 0.47836445447053855 + ───────────────────────
	                                                  x₄ + 2.2302673591729523


Priority queue entry 6:
	Reward: 0.5002374850577671
	Count Off-policy: False
	Count On-policy: True
	Originally on Policy: True
	Invalid: False
	Traversal: mul,inv,sub,6.841541307074945,mul,x1,-0.056240591453310625,div,mul,x1,14.268697160372792,x1
	Expression:
	               14.268697160372792            
	  ───────────────────────────────────────────
	  0.056240591453310625⋅x₁ + 6.841541307074945


Priority queue entry 7:
	Reward: 0.5002372166380104
	Count Off-policy: False
	Count On-policy: True
	Originally on Policy: True
	Invalid: False
	Traversal: mul,259.7747600557042,inv,add,sub,124.54188967022623,x3,add,x1,x3
	Expression:
	     259.7747600557042   
	  ───────────────────────
	  x₁ + 124.54188967022623


Priority queue entry 8:
	Reward: 0.5002297983427557
	Count Off-policy: False
	Count On-policy: True
	Originally on Policy: True
	Invalid: False
	Traversal: mul,1.2337330901115873,sub,1.6889389760012161,mul,0.012631339765639654,x1
	Expression:
	  2.0836999018718803 - 0.015583701841311983⋅x₁


Priority queue entry 9:
	Reward: 0.5002297983393159
	Count Off-policy: False
	Count On-policy: True
	Originally on Policy: True
	Invalid: False
	Traversal: add,2.0836950745408465,div,-0.032859541602972074,mul,2.1084825877263134,inv,x1
	Expression:
	  2.0836950745408465 - 0.015584450065772765⋅x₁

-- EVALUATION END ------------------
== TRAINING SEED 0 END ==============
INFO: Completed run 1 of 1 in 54 s

== POST-PROCESS START =================
-- LOADING LOGS START ----------------
Successfully loaded summary data
Successfully loaded Hall of Fame data
Successfully loaded Pareto Front data
-- LOADING LOGS END ------------------

-- ANALYZING LOG START --------------
Task_____________regression
Source path______./log/regression_config_regression_PQT.json_Korns_12.in_normal_0.0_2023-05-30-035729
Runs_____________1
Max Samples/run__15000
Success_rate_____0.0
Hall of Fame (Top 5 of 100)____
    0: S=000 R=0.500408 <-- [2.1398260521934043 - 0.0008286806190308657/(-0.006883514534116934 + 1/(x3 + 1/(0.011475306531440452 + 0.0056755841010258434/x1)))]
    1: S=000 R=0.500398 <-- [(1.952709286368772*x1 + 2.3462186243315193)/(x1 + 1.0952800938508869)]
    2: S=000 R=0.500396 <-- [-x1*(0.05699804047527131 - 0.0053019280891629002*x1) + 2.1156729041242457]
    3: S=000 R=0.500387 <-- [-0.012462865571650068*x5 + 259.49389232122417/(x1 + 122.81698551523795)]
    4: S=000 R=0.500307 <-- [1.9195681471001869 + 1/(x1*(x5 + 0.2200593065099934/(x4*(x2 + x4))) + 5.319568380672575)]
  Saving Hall of Fame plot to ./log/regression_config_regression_PQT.json_Korns_12.in_normal_0.0_2023-05-30-035729/dso_regression_config_regression_PQT.json_Korns_12.in_normal_0.0_plot_hof.png
Pareto Front (5 of 7)____
    0: S=000 R=0.500408 C=27.00 <-- [2.1398260521934043 - 0.0008286806190308657/(-0.006883514534116934 + 1/(x3 + 1/(0.011475306531440452 + 0.0056755841010258434/x1)))]
    1: S=000 R=0.500398 C=17.00 <-- [(1.952709286368772*x1 + 2.3462186243315193)/(x1 + 1.0952800938508869)]
    2: S=000 R=0.500387 C=12.00 <-- [-0.012462865571650068*x5 + 259.49389232122417/(x1 + 122.81698551523795)]
    3: S=000 R=0.500237 C=11.00 <-- [259.7747600557042/(x1 + 124.54188967022623)]
    4: S=000 R=0.500230 C=7.00 <-- [2.0836999018718803 - 0.015583701841311983*x1]
  Saving Pareto Front plot to ./log/regression_config_regression_PQT.json_Korns_12.in_normal_0.0_2023-05-30-035729/dso_regression_config_regression_PQT.json_Korns_12.in_normal_0.0_plot_pf.png
-- ANALYZING LOG END ----------------
== POST-PROCESS END ===================
