['add', 1.3, 'mul', 0.13, 'pow', 'X_0', 0.5]
--------------------
eq_name 	 Korns_6
num_vars 	 5
vars_range_and_types 	 [{"name": "LogUniform", "range": [0.1, 10], "only_positive": true}, {"name": "LogUniform", "range": [0.1, 10], "only_positive": true}, {"name": "LogUniform", "range": [0.1, 10], "only_positive": true}, {"name": "LogUniform", "range": [0.1, 10], "only_positive": true}, {"name": "LogUniform", "range": [0.1, 10], "only_positive": true}]
function_set 	 ['add', 'sub', 'mul', 'div', 'sin', 'cos', 'exp', 'log', 'n2', 'n3', 'sqrt', 'tan', 'tanh', 'const']
eq_expression 	 add,1.3,mul,0.13,pow,X_0,0.5
expr 	 0.13*sqrt(Abs(X_0)) + 1.3
--------------------

== EXPERIMENT SETUP START ===========
Task type            : regression
Starting seed        : 0
Runs                 : 1
== EXPERIMENT SETUP END =============

== TRAINING SEED 0 START ============
self.dataX <dso.symbolic_data_generator.DataX object at 0x2afbf31a6e48>, self.data_query_oracle: <dso.symbolic_equation_evaluator_public.Equation_evaluator object at 0x2afbdd9ebd68>
generate dataset!
-- BUILDING PRIOR START -------------
WARNING: Skipping invalid 'RelationalConstraint' with arguments {'targets': [], 'effectors': [], 'relationship': None}. Reason: Prior disabled.
WARNING: Skipping invalid 'TrigConstraint' with arguments {}. Reason: There are no target Tokens.
WARNING: Skipping invalid 'UniformArityPrior' with arguments {}. Reason: Prior disabled.
WARNING: Skipping invalid 'LanguageModelPrior' with arguments {'weight': None}. Reason: Prior disabled.
LengthConstraint: Sequences have minimum length 4.
                  Sequences have maximum length 256.
RepeatConstraint: [const] cannot occur more than 10 times.
RelationalConstraint: [inv] cannot be a child of [inv].
ConstConstraint: [const] cannot be the only unique child of [inv, add, sub, mul, div].
NoInputsConstraint: Sequences contain at least one input variable Token.
SoftLengthPrior: No description available.
-- BUILDING PRIOR END ---------------

-- RUNNING EPOCHS START -------------
[00:00:00:03.82] Training epoch 1/14, current best R: 0.5773

	** New best
	Reward: 0.5772712329197874
	Count Off-policy: False
	Count On-policy: True
	Originally on Policy: True
	Invalid: False
	Traversal: mul,0.01974804079637393,add,x1,add,x4,69.66009433388233
	Expression:
	  0.01974804079637393⋅x₁ + 0.01974804079637393⋅x₄ + 1.375650384784765

[00:00:00:07.24] Training epoch 2/14, current best R: 0.5801

	** New best
	Reward: 0.5801230576816755
	Count Off-policy: False
	Count On-policy: True
	Originally on Policy: True
	Invalid: False
	Traversal: inv,add,mul,add,inv,x4,add,div,add,x1,div,-0.3234262708273783,x5,x5,add,x2,x1,-0.0027346098884832356,0.7064358172605557
	Expression:
	                                                                           1    
	  ──────────────────────────────────────────────────────────────────────────────
                                                                              
	                                                                              0.
                                                                              
	  -0.0027346098884832356⋅x₁ - 0.0027346098884832356⋅x₂ + 0.7064358172605557 - ──
                                                                              

                                                                     
	  ─────────────────────────────────────────────────────────────────────
	                      ⎛     0.3234262708273783⎞                        
	  0027346098884832356⋅⎜x₁ - ──────────────────⎟                        
	                      ⎝             x₅        ⎠   0.0027346098884832356
	  ───────────────────────────────────────────── - ─────────────────────
	                       x₅                                   x₄         

[00:00:00:09.76] Training epoch 3/14, current best R: 0.8112

	** New best
	Reward: 0.8111919538306005
	Count Off-policy: False
	Count On-policy: True
	Originally on Policy: True
	Invalid: False
	Traversal: add,1.3749626465156297,sub,x1,mul,x1,0.9599316931109209
	Expression:
	  0.0400683068890791⋅x₁ + 1.3749626465156297

[00:00:00:15.19] Training epoch 5/14, current best R: 0.8112

	** New best
	Reward: 0.8111926767276181
	Count Off-policy: False
	Count On-policy: True
	Originally on Policy: True
	Invalid: False
	Traversal: sub,x1,add,-1.375025483884976,add,inv,mul,div,1.0206571052092603,x1,1.0206569459131336,mul,x2,2.878513431329366e-05
	Expression:
	  0.040068283086153998⋅x₁ - 2.878513431329366e-5⋅x₂ + 1.375025483884976

[00:00:00:31.26] Training epoch 10/14, current best R: 0.8112
[00:00:00:35.56] Training epoch 11/14, current best R: 0.8257

	** New best
	Reward: 0.8256588512328511
	Count Off-policy: False
	Count On-policy: True
	Originally on Policy: True
	Invalid: False
	Traversal: mul,-0.0385222298712428,sub,sub,div,mul,inv,add,x4,add,27.215309004620472,inv,x4,x4,x1,35.92204427626141,x1
	Expression:
	                                                    0.0385222298712428⋅x₄      
	  0.0385222298712428⋅x₁ + 1.383797247055104 - ─────────────────────────────────
	                                                 ⎛                          1 ⎞
	                                              x₁⋅⎜x₄ + 27.215309004620472 + ──⎟
	                                                 ⎝                          x₄⎠

[00:00:00:43.28] Training epoch 13/14, current best R: 0.8419

	** New best
	Reward: 0.8419200446643742
	Count Off-policy: False
	Count On-policy: True
	Originally on Policy: True
	Invalid: False
	Traversal: add,1.3630152574389833,mul,mul,add,x2,add,x2,div,inv,add,add,sub,x1,-5.7164212688110245,x4,7.716502160269096,0.00011072595045068668,x1,9.967771011345365e-05
	Expression:
	                          ⎛            9031.306535908795     ⎞                  
	  9.967771011345365e-5⋅x₁⋅⎜2⋅x₂ + ───────────────────────────⎟ + 1.3630152574389
	                          ⎝       x₁ + x₄ + 13.43292342908012⎠                  

   
	  833
   

[00:00:00:47.77] Ending training after epoch 14/14, current best R: 0.8419
-- RUNNING EPOCHS END ---------------

-- EVALUATION START ----------------
Saving Hall of Fame to ./log/regression_config_regression_PQT.json_Korns_6.in_normal_0.0_2023-05-30-041859/dso_regression_config_regression_PQT.json_Korns_6.in_normal_0.0_0_hof.csv
Saving Pareto Front to ./log/regression_config_regression_PQT.json_Korns_6.in_normal_0.0_2023-05-30-041859/dso_regression_config_regression_PQT.json_Korns_6.in_normal_0.0_0_pf.csv
Invalid expressions: 186 of 14336 (1.3%).
Error type counts:
  reciprocal: 103 (55.4%)
  true_divide: 83 (44.6%)
Error node counts:
  divide: 185 (99.5%)
  invalid: 1 (0.5%)

Priority queue entry 0:
	Reward: 0.8419200446643742
	Count Off-policy: False
	Count On-policy: True
	Originally on Policy: True
	Invalid: False
	Traversal: add,1.3630152574389833,mul,mul,add,x2,add,x2,div,inv,add,add,sub,x1,-5.7164212688110245,x4,7.716502160269096,0.00011072595045068668,x1,9.967771011345365e-05
	Expression:
	                          ⎛            9031.306535908795     ⎞                  
	  9.967771011345365e-5⋅x₁⋅⎜2⋅x₂ + ───────────────────────────⎟ + 1.3630152574389
	                          ⎝       x₁ + x₄ + 13.43292342908012⎠                  

   
	  833
   


Priority queue entry 1:
	Reward: 0.8256588512328511
	Count Off-policy: False
	Count On-policy: True
	Originally on Policy: True
	Invalid: False
	Traversal: mul,-0.0385222298712428,sub,sub,div,mul,inv,add,x4,add,27.215309004620472,inv,x4,x4,x1,35.92204427626141,x1
	Expression:
	                                                    0.0385222298712428⋅x₄      
	  0.0385222298712428⋅x₁ + 1.383797247055104 - ─────────────────────────────────
	                                                 ⎛                          1 ⎞
	                                              x₁⋅⎜x₄ + 27.215309004620472 + ──⎟
	                                                 ⎝                          x₄⎠


Priority queue entry 2:
	Reward: 0.811214902430018
	Count Off-policy: False
	Count On-policy: True
	Originally on Policy: True
	Invalid: False
	Traversal: add,1.374959408857947,div,x1,inv,sub,0.04004914585131744,mul,mul,sub,sub,x4,x3,0.8948517390742795,x2,1.0449917974523452e-05
	Expression:
	  x₁⋅(-1.0449917974523452e-5⋅x₂⋅(-x₃ + x₄ - 0.8948517390742795) + 0.040049145851
	  31744) + 1.374959408857947


Priority queue entry 3:
	Reward: 0.8111926767276181
	Count Off-policy: False
	Count On-policy: True
	Originally on Policy: True
	Invalid: False
	Traversal: sub,x1,add,-1.375025483884976,add,inv,mul,div,1.0206571052092603,x1,1.0206569459131336,mul,x2,2.878513431329366e-05
	Expression:
	  0.040068283086153998⋅x₁ - 2.878513431329366e-5⋅x₂ + 1.375025483884976


Priority queue entry 4:
	Reward: 0.8111920998040331
	Count Off-policy: False
	Count On-policy: True
	Originally on Policy: True
	Invalid: False
	Traversal: add,div,1.3192936375289754e-05,x2,mul,add,17.157887226076237,add,x1,17.157887226078298,0.040067194519011036
	Expression:
	                                                 1.3192936375289754e-5
	  0.040067194519011036⋅x₁ + 1.3749368100449851 + ─────────────────────
	                                                           x₂         


Priority queue entry 5:
	Reward: 0.811191953830661
	Count Off-policy: False
	Count On-policy: True
	Originally on Policy: True
	Invalid: False
	Traversal: sub,mul,inv,x4,mul,1.374962647291776,x4,mul,-0.040068304503787636,x1
	Expression:
	  0.040068304503787636⋅x₁ + 1.374962647291776


Priority queue entry 6:
	Reward: 0.8111919538306005
	Count Off-policy: False
	Count On-policy: True
	Originally on Policy: True
	Invalid: False
	Traversal: add,1.3749626465156297,sub,x1,mul,x1,0.9599316931109209
	Expression:
	  0.0400683068890791⋅x₁ + 1.3749626465156297


Priority queue entry 7:
	Reward: 0.8111902821188887
	Count Off-policy: False
	Count On-policy: True
	Originally on Policy: True
	Invalid: False
	Traversal: div,inv,mul,inv,add,sub,34.115885686214774,div,sub,add,-275.62963430997274,inv,x2,x1,1199.775177803634,x1,5.02150037599946,4.974204066293832
	Expression:
	                                                3.336898753424973e-5
	  0.04006865193956596⋅x₁ + 1.3750366184381364 - ────────────────────
	                                                         x₂         


Priority queue entry 8:
	Reward: 0.7747091693987491
	Count Off-policy: False
	Count On-policy: True
	Originally on Policy: True
	Invalid: False
	Traversal: inv,add,0.7226401835693884,sub,mul,x1,0.9834489741273201,x1
	Expression:
	                      1                     
	  ──────────────────────────────────────────
	  0.7226401835693884 - 0.0165510258726799⋅x₁


Priority queue entry 9:
	Reward: 0.7745750462227505
	Count Off-policy: False
	Count On-policy: True
	Originally on Policy: True
	Invalid: False
	Traversal: div,7238.353021540671,sub,add,x4,5225.337412728456,mul,x1,120.02267326989123
	Expression:
	                 7238.353021540671               
	  ───────────────────────────────────────────────
	  -120.02267326989123⋅x₁ + x₄ + 5225.337412728456

-- EVALUATION END ------------------
== TRAINING SEED 0 END ==============
INFO: Completed run 1 of 1 in 49 s

== POST-PROCESS START =================
-- LOADING LOGS START ----------------
Successfully loaded summary data
Successfully loaded Hall of Fame data
Successfully loaded Pareto Front data
-- LOADING LOGS END ------------------

-- ANALYZING LOG START --------------
Task_____________regression
Source path______./log/regression_config_regression_PQT.json_Korns_6.in_normal_0.0_2023-05-30-041859
Runs_____________1
Max Samples/run__15000
Success_rate_____0.0
Hall of Fame (Top 5 of 100)____
    0: S=000 R=0.841920 <-- [9.967771011345365e-5*x1*(2*x2 + 9031.306535908795/(x1 + x4 + 13.43292342908012)) + 1.3630152574389833]
    1: S=000 R=0.825659 <-- [0.0385222298712428*x1 + 1.383797247055104 - 0.0385222298712428*x4/(x1*(x4 + 27.215309004620472 + 1/x4))]
    2: S=000 R=0.811215 <-- [x1*(-1.0449917974523452e-5*x2*(-x3 + x4 - 0.8948517390742795) + 0.04004914585131744) + 1.374959408857947]
    3: S=000 R=0.811193 <-- [0.040068283086153998*x1 - 2.878513431329366e-5*x2 + 1.375025483884976]
    4: S=000 R=0.811192 <-- [0.040067194519011036*x1 + 1.3749368100449851 + 1.3192936375289754e-5/x2]
  Saving Hall of Fame plot to ./log/regression_config_regression_PQT.json_Korns_6.in_normal_0.0_2023-05-30-041859/dso_regression_config_regression_PQT.json_Korns_6.in_normal_0.0_plot_hof.png
Pareto Front (5 of 8)____
    0: S=000 R=0.841920 C=22.00 <-- [9.967771011345365e-5*x1*(2*x2 + 9031.306535908795/(x1 + x4 + 13.43292342908012)) + 1.3630152574389833]
    1: S=000 R=0.825659 C=20.00 <-- [0.0385222298712428*x1 + 1.383797247055104 - 0.0385222298712428*x4/(x1*(x4 + 27.215309004620472 + 1/x4))]
    2: S=000 R=0.811215 C=18.00 <-- [x1*(-1.0449917974523452e-5*x2*(-x3 + x4 - 0.8948517390742795) + 0.04004914585131744) + 1.374959408857947]
    3: S=000 R=0.811193 C=16.00 <-- [0.040068283086153998*x1 - 2.878513431329366e-5*x2 + 1.375025483884976]
    4: S=000 R=0.811192 C=12.00 <-- [0.040067194519011036*x1 + 1.3749368100449851 + 1.3192936375289754e-5/x2]
  Saving Pareto Front plot to ./log/regression_config_regression_PQT.json_Korns_6.in_normal_0.0_2023-05-30-041859/dso_regression_config_regression_PQT.json_Korns_6.in_normal_0.0_plot_pf.png
-- ANALYZING LOG END ----------------
== POST-PROCESS END ===================
