['add', -2.3, 'mul', 0.13, 'sin', 'X_2']
--------------------
eq_name 	 Korns_4
num_vars 	 5
vars_range_and_types 	 [{"name": "LogUniform", "range": [0.1, 10], "only_positive": true}, {"name": "LogUniform", "range": [0.1, 10], "only_positive": true}, {"name": "LogUniform", "range": [0.1, 10], "only_positive": true}, {"name": "LogUniform", "range": [0.1, 10], "only_positive": true}, {"name": "LogUniform", "range": [0.1, 10], "only_positive": true}]
function_set 	 ['add', 'sub', 'mul', 'div', 'sin', 'cos', 'exp', 'log', 'n2', 'n3', 'sqrt', 'tan', 'tanh', 'const']
eq_expression 	 add,-2.3,mul,0.13,sin,X_2
expr 	 0.13*sin(X_2) - 2.3
--------------------

== EXPERIMENT SETUP START ===========
Task type            : regression
Starting seed        : 0
Runs                 : 1
== EXPERIMENT SETUP END =============

== TRAINING SEED 0 START ============
self.dataX <dso.symbolic_data_generator.DataX object at 0x2b10e1db8518>, self.data_query_oracle: <dso.symbolic_equation_evaluator_public.Equation_evaluator object at 0x2b10c8614d30>
generate dataset!
-- BUILDING PRIOR START -------------
WARNING: Skipping invalid 'RelationalConstraint' with arguments {'targets': [], 'effectors': [], 'relationship': None}. Reason: Prior disabled.
WARNING: Skipping invalid 'TrigConstraint' with arguments {}. Reason: There are no target Tokens.
WARNING: Skipping invalid 'UniformArityPrior' with arguments {}. Reason: Prior disabled.
WARNING: Skipping invalid 'LanguageModelPrior' with arguments {'weight': None}. Reason: Prior disabled.
LengthConstraint: Sequences have minimum length 4.
                  Sequences have maximum length 256.
RepeatConstraint: [const] cannot occur more than 10 times.
RelationalConstraint: [inv] cannot be a child of [inv].
ConstConstraint: [const] cannot be the only unique child of [inv, add, sub, mul, div].
NoInputsConstraint: Sequences contain at least one input variable Token.
SoftLengthPrior: No description available.
-- BUILDING PRIOR END ---------------

-- RUNNING EPOCHS START -------------
gen	iter	pop_size	nevals	uncached_size	best_val              	timer  
0  	0   	1024    	1024  	1024         	(-0.5042562387659492,)	3.38442
1  	1   	1024    	764   	662          	(-0.50469698941977,)  	3.73886
2  	2   	1024    	787   	699          	(-0.5085351907231884,)	5.5151 
3  	3   	1024    	769   	646          	(-0.5085493580647686,)	7.57788
4  	4   	1024    	778   	653          	(-0.5113637905415647,)	10.4271
5  	5   	1024    	765   	597          	(-0.5123549270670061,)	10.2205
6  	6   	1024    	723   	538          	(-0.5219107573790258,)	9.33717
7  	7   	1024    	771   	529          	(-0.5632833933417157,)	14.1788
8  	8   	1024    	749   	577          	(-0.5632833933417157,)	18.7697
9  	9   	1024    	780   	646          	(-0.6288265809265084,)	30.2365

--------------------------------------------------
GP Time: 113.627

Unique expressions evaluated: 7492
Total expression evaluations: 7910
--------------------------------------------------

GP -> best program this epoch:

	Reward: 0.6288265809265084
	Count Off-policy: 1
	Count On-policy: 0
	Originally on Policy: False
	Invalid: False
	Traversal: add,-2.219803361812384,sub,mul,inv,add,add,add,div,16270.706107725744,div,mul,div,inv,add,add,-4.238126732661206,div,18.72255503878163,x3,add,x3,-4.238127335693843,inv,x2,x3,x2,x5,x1,x2,-155.30259930179488,mul,sub,div,inv,mul,x1,-0.1600502068174279,x3,x4,-0.0002563068886760719
	Expression:
                                                                              
	  -0.0002563068886760719⋅x₄ - 2.219803361812384 - ──────────────────────────────
                                                                              
	                                                                 16270.706107725
                                                                              
	                                                  x₁ + x₂ + x₅ + ───────────────
                                                                              

	  155.30259930179488                                 0.001601415541864596
	  ──────────────────────────────────────────────── - ────────────────────
	      ⎛                         18.72255503878163⎞          x₁⋅x₃        
	  744⋅⎜x₃ - 8.476254068355049 + ─────────────────⎟                       
	      ⎝                                 x₃       ⎠                       
	  ────────────────────────────────────────────────                       
	                  x₃                                                     

None

--------------------------------------------------

[00:00:02:05.25] Training epoch 1/14, current best R: 0.6288

	** New best
	Reward: 0.6288265809265084
	Count Off-policy: 1
	Count On-policy: 0
	Originally on Policy: False
	Invalid: False
	Traversal: add,-2.219803361812384,sub,mul,inv,add,add,add,div,16270.706107725744,div,mul,div,inv,add,add,-4.238126732661206,div,18.72255503878163,x3,add,x3,-4.238127335693843,inv,x2,x3,x2,x5,x1,x2,-155.30259930179488,mul,sub,div,inv,mul,x1,-0.1600502068174279,x3,x4,-0.0002563068886760719
	Expression:
                                                                              
	  -0.0002563068886760719⋅x₄ - 2.219803361812384 - ──────────────────────────────
                                                                              
	                                                                 16270.706107725
                                                                              
	                                                  x₁ + x₂ + x₅ + ───────────────
                                                                              

	  155.30259930179488                                 0.001601415541864596
	  ──────────────────────────────────────────────── - ────────────────────
	      ⎛                         18.72255503878163⎞          x₁⋅x₃        
	  744⋅⎜x₃ - 8.476254068355049 + ─────────────────⎟                       
	      ⎝                                 x₃       ⎠                       
	  ────────────────────────────────────────────────                       
	                  x₃                                                     

10 	0   	1024    	1024  	1021         	(-0.5034712171139609,)	2.01939
11 	1   	1024    	783   	691          	(-0.5084306656155373,)	2.77044
12 	2   	1024    	781   	660          	(-0.5085295767784653,)	4.26255
13 	3   	1024    	746   	617          	(-0.5096142733036068,)	6.13396
14 	4   	1024    	779   	624          	(-0.5222696506779421,)	6.88643
15 	5   	1024    	748   	597          	(-0.5222696506779421,)	8.42158
16 	6   	1024    	778   	602          	(-0.5410924809868098,)	10.3662
17 	7   	1024    	788   	590          	(-0.5548006282222326,)	12.0001
18 	8   	1024    	772   	634          	(-0.5917813560532181,)	16.5671
19 	9   	1024    	750   	600          	(-0.7899916573537658,)	18.522 

--------------------------------------------------
GP Time: 88.1925

Unique expressions evaluated: 15076
Total expression evaluations: 15859
--------------------------------------------------

GP -> best program this epoch:

	Reward: 0.7899916573537658
	Count Off-policy: 1
	Count On-policy: 0
	Originally on Policy: False
	Invalid: False
	Traversal: sub,mul,sub,-0.13955447158001782,mul,add,1.239179785549245,x3,-0.018817766715689795,mul,x3,sub,add,mul,add,div,0.00036718705614297535,x4,mul,x3,x3,-0.07676707675428027,x3,2.513850154144844,2.332554344602633
	Expression:
	                                                     ⎛                        2 
	  x₃⋅(0.018817766715689795⋅x₃ - 0.11623587545675362)⋅⎜- 0.07676707675428027⋅x₃  
	                                                     ⎝                          

	                             2.8187876922106007e-5⎞                    
	  + x₃ - 2.513850154144844 - ─────────────────────⎟ - 2.332554344602633
	                                       x₄         ⎠                    

None

--------------------------------------------------

[00:00:03:38.57] Training epoch 2/14, current best R: 0.7900

	** New best
	Reward: 0.7899916573537658
	Count Off-policy: 1
	Count On-policy: 0
	Originally on Policy: False
	Invalid: False
	Traversal: sub,mul,sub,-0.13955447158001782,mul,add,1.239179785549245,x3,-0.018817766715689795,mul,x3,sub,add,mul,add,div,0.00036718705614297535,x4,mul,x3,x3,-0.07676707675428027,x3,2.513850154144844,2.332554344602633
	Expression:
	                                                     ⎛                        2 
	  x₃⋅(0.018817766715689795⋅x₃ - 0.11623587545675362)⋅⎜- 0.07676707675428027⋅x₃  
	                                                     ⎝                          

	                             2.8187876922106007e-5⎞                    
	  + x₃ - 2.513850154144844 - ─────────────────────⎟ - 2.332554344602633
	                                       x₄         ⎠                    

-- RUNNING EPOCHS END ---------------

-- EVALUATION START ----------------
Saving Hall of Fame to ./log/regression_config_regression_GPMELD.json_Korns_4.in_normal_0.0_2023-05-30-041320/dso_regression_config_regression_GPMELD.json_Korns_4.in_normal_0.0_0_hof.csv
Saving Pareto Front to ./log/regression_config_regression_GPMELD.json_Korns_4.in_normal_0.0_2023-05-30-041320/dso_regression_config_regression_GPMELD.json_Korns_4.in_normal_0.0_0_pf.csv
Invalid expressions: 121 of 17907 (0.7%).
Error type counts:
  true_divide: 63 (52.1%)
  reciprocal: 58 (47.9%)
Error node counts:
  divide: 121 (100.0%)
-- EVALUATION END ------------------
== TRAINING SEED 0 END ==============
INFO: Completed run 1 of 1 in 220 s

== POST-PROCESS START =================
-- LOADING LOGS START ----------------
Successfully loaded summary data
Successfully loaded Hall of Fame data
Successfully loaded Pareto Front data
-- LOADING LOGS END ------------------

-- ANALYZING LOG START --------------
Task_____________regression
Source path______./log/regression_config_regression_GPMELD.json_Korns_4.in_normal_0.0_2023-05-30-041320
Runs_____________1
Max Samples/run__15000
Success_rate_____0.0
Hall of Fame (Top 5 of 100)____
    0: S=000 R=0.789992 <-- [x3*(0.018817766715689795*x3 - 0.11623587545675362)*(-0.07676707675428027*x3**2 + x3 - 2.513850154144844 - 2.8187876922106007e-5/x4) - 2.332554344602633]
    1: S=000 R=0.789992 <-- [x3*(0.018817766715689795*x3 - 0.11623587545675362)*(-0.07676707675428027*x3**2 + x3 - 2.513850154144844 - 2.8187876922106007e-5/x4) - 2.332554344602633]
    2: S=000 R=0.628827 <-- [-0.0002563068886760719*x4 - 2.219803361812384 - 155.30259930179488/(x1 + x2 + x5 + 16270.706107725744*(x3 - 8.476254068355049 + 18.72255503878163/x3)/x3) - 0.001601415541864596/(x1*x3)]
    3: S=000 R=0.628827 <-- [-0.0002563068886760719*x4 - 2.219803361812384 - 155.30259930179488/(x1 + x2 + x5 + 16270.706107725744*(x3 - 8.476254068355049 + 18.72255503878163/x3)/x3) - 0.001601415541864596/(x1*x3)]
    4: S=000 R=0.591781 <-- [-2.3263681792463657 + 0.33794485107721717/(x3*(0.0016928733576178758*x3 - 0.0046574295570098286)*(x1 + x3*(x1 + 290.3264488255148) + 1/(1.2404235443974047e-6*x2/x3 + 0.0010544104326218325)) + 6.368912569264671)]
  Saving Hall of Fame plot to ./log/regression_config_regression_GPMELD.json_Korns_4.in_normal_0.0_2023-05-30-041320/dso_regression_config_regression_GPMELD.json_Korns_4.in_normal_0.0_plot_hof.png
Pareto Front (5 of 9)____
    0: S=000 R=0.789992 C=26.00 <-- [x3*(0.018817766715689795*x3 - 0.11623587545675362)*(-0.07676707675428027*x3**2 + x3 - 2.513850154144844 - 2.8187876922106007e-5/x4) - 2.332554344602633]
    1: S=000 R=0.574498 C=18.00 <-- [-2.3127972532379553 + 0.3710918137783511/(x3**2 - 1.7095000288444307 + 3.3788128578857942/x3)]
    2: S=000 R=0.563283 C=16.00 <-- [-2.3075717465662553 + 0.0744281803501494/(x3 - 1.7093745753014714 + 1.25261763316091/x3)]
    3: S=000 R=0.521911 C=15.00 <-- [-0.0128698879625494*x3 - 2.2068086231140502 - 0.01015386637891643/x3]
    4: S=000 R=0.521911 C=13.00 <-- [-0.012869929294714649*x3 - 2.2068085219175124 - 0.010153870292636016/x3]
  Saving Pareto Front plot to ./log/regression_config_regression_GPMELD.json_Korns_4.in_normal_0.0_2023-05-30-041320/dso_regression_config_regression_GPMELD.json_Korns_4.in_normal_0.0_plot_pf.png
-- ANALYZING LOG END ----------------
== POST-PROCESS END ===================
