['add', 0.81, 'mul', 'pow', 'add', 'mul', 4, 'pow', 'X_3', 3, 'mul', 5, 'pow', 'X_4', 4, -1, 'add', 'mul', 72.9, 'pow', 'X_2', 2, 'mul', 48.6, 'X_1']
--------------------
eq_name 	 Korns_10
num_vars 	 5
vars_range_and_types 	 [{"name": "LogUniform", "range": [0.1, 10], "only_positive": true}, {"name": "LogUniform", "range": [0.1, 10], "only_positive": true}, {"name": "LogUniform", "range": [0.1, 10], "only_positive": true}, {"name": "LogUniform", "range": [0.1, 10], "only_positive": true}, {"name": "LogUniform", "range": [0.1, 10], "only_positive": true}]
function_set 	 ['add', 'sub', 'mul', 'div', 'sin', 'cos', 'exp', 'log', 'n2', 'n3', 'sqrt', 'tan', 'tanh', 'const']
eq_expression 	 add,0.81,mul,pow,add,mul,4,pow,X_3,3,mul,5,pow,X_4,4,-1,add,mul,72.9,pow,X_2,2,mul,48.6,X_1
expr 	 (48.6*X_1 + 72.9*X_2**2)/(4*X_3**3 + 5*X_4**4) + 0.81
--------------------

== EXPERIMENT SETUP START ===========
Task type            : regression
Starting seed        : 0
Runs                 : 1
== EXPERIMENT SETUP END =============

== TRAINING SEED 0 START ============
self.dataX <dso.symbolic_data_generator.DataX object at 0x2b1195a81080>, self.data_query_oracle: <dso.symbolic_equation_evaluator_public.Equation_evaluator object at 0x2b11b4b22da0>
generate dataset!
-- BUILDING PRIOR START -------------
WARNING: Skipping invalid 'RelationalConstraint' with arguments {'targets': [], 'effectors': [], 'relationship': None}. Reason: Prior disabled.
WARNING: Skipping invalid 'TrigConstraint' with arguments {}. Reason: There are no target Tokens.
WARNING: Skipping invalid 'UniformArityPrior' with arguments {}. Reason: Prior disabled.
WARNING: Skipping invalid 'LanguageModelPrior' with arguments {'weight': None}. Reason: Prior disabled.
LengthConstraint: Sequences have minimum length 4.
                  Sequences have maximum length 256.
RepeatConstraint: [const] cannot occur more than 10 times.
RelationalConstraint: [inv] cannot be a child of [inv].
ConstConstraint: [const] cannot be the only unique child of [inv, add, sub, mul, div].
NoInputsConstraint: Sequences contain at least one input variable Token.
SoftLengthPrior: No description available.
-- BUILDING PRIOR END ---------------

-- RUNNING EPOCHS START -------------
gen	iter	pop_size	nevals	uncached_size	best_val              	timer  
0  	0   	1024    	1024  	1024         	(-0.5350026213695108,)	2.16729
1  	1   	1024    	805   	738          	(-0.7025173576073788,)	1.57326
2  	2   	1024    	775   	690          	(-0.7025173576073788,)	1.6511 
3  	3   	1024    	798   	703          	(-0.7322230934924551,)	3.08685
4  	4   	1024    	756   	673          	(-0.7379227100639174,)	3.67903
5  	5   	1024    	775   	681          	(-0.797259723451326,) 	6.91153
6  	6   	1024    	778   	685          	(-0.8304329637306391,)	9.50915
7  	7   	1024    	778   	715          	(-0.8304329637306391,)	14.8756
8  	8   	1024    	785   	703          	(-0.8692961190508088,)	17.8131
9  	9   	1024    	773   	687          	(-0.8692961190508088,)	27.2682

--------------------------------------------------
GP Time: 88.78

Unique expressions evaluated: 8252
Total expression evaluations: 8047
--------------------------------------------------

GP -> best program this epoch:

	Reward: 0.8692961190508088
	Count Off-policy: 1
	Count On-policy: 0
	Originally on Policy: False
	Invalid: False
	Traversal: div,x2,inv,div,mul,add,x4,mul,inv,mul,367.11088213415104,mul,div,x4,sub,div,x3,x5,sub,x3,-5.725486680805563,x5,x5,div,add,-0.06914701002959131,x5,mul,mul,x2,x4,x4,div,0.0042850731558877475,div,div,x3,x5,x5
	Expression:
	                        ⎛                           ⎛      x₃                   
	                        ⎜     0.0027239726433240849⋅⎜-x₃ + ── - 5.72548668080556
	                        ⎜                           ⎝      x₅                   
	  233.36824451316233⋅x₃⋅⎜x₄ + ──────────────────────────────────────────────────
	                        ⎝                              x₄                       
	  ──────────────────────────────────────────────────────────────────────────────
	                                                      2   2                     
	                                                    x₄ ⋅x₅                      

	   ⎞⎞                           
	  3⎟⎟                           
	   ⎠⎟                           
	  ──⎟⋅(x₅ - 0.06914701002959131)
	    ⎠                           
	  ──────────────────────────────
                              
                              

None

--------------------------------------------------

[00:00:01:33.08] Training epoch 1/14, current best R: 0.8693

	** New best
	Reward: 0.8692961190508088
	Count Off-policy: 1
	Count On-policy: 0
	Originally on Policy: False
	Invalid: False
	Traversal: div,x2,inv,div,mul,add,x4,mul,inv,mul,367.11088213415104,mul,div,x4,sub,div,x3,x5,sub,x3,-5.725486680805563,x5,x5,div,add,-0.06914701002959131,x5,mul,mul,x2,x4,x4,div,0.0042850731558877475,div,div,x3,x5,x5
	Expression:
	                        ⎛                           ⎛      x₃                   
	                        ⎜     0.0027239726433240849⋅⎜-x₃ + ── - 5.72548668080556
	                        ⎜                           ⎝      x₅                   
	  233.36824451316233⋅x₃⋅⎜x₄ + ──────────────────────────────────────────────────
	                        ⎝                              x₄                       
	  ──────────────────────────────────────────────────────────────────────────────
	                                                      2   2                     
	                                                    x₄ ⋅x₅                      

	   ⎞⎞                           
	  3⎟⎟                           
	   ⎠⎟                           
	  ──⎟⋅(x₅ - 0.06914701002959131)
	    ⎠                           
	  ──────────────────────────────
                              
                              

10 	0   	1024    	1024  	1017         	(-0.5455705692469134,)	1.06932
11 	1   	1024    	747   	660          	(-0.5455705692469134,)	0.993315
12 	2   	1024    	757   	654          	(-0.6609558140792686,)	1.50596 
13 	3   	1024    	749   	651          	(-0.7565140665771838,)	2.08851 
14 	4   	1024    	760   	676          	(-0.7565140665771838,)	2.82899 
15 	5   	1024    	787   	710          	(-0.8157251755795941,)	4.61496 
16 	6   	1024    	752   	663          	(-0.8157251755795941,)	5.46821 
17 	7   	1024    	781   	693          	(-0.8157251755795941,)	6.19096 
18 	8   	1024    	770   	695          	(-0.8157314324659434,)	8.7067  
19 	9   	1024    	739   	658          	(-0.8500044231450257,)	12.5258 

--------------------------------------------------
GP Time: 46.2465

Unique expressions evaluated: 16283
Total expression evaluations: 15913
--------------------------------------------------

GP -> best program this epoch:

	Reward: 0.8500044231450257
	Count Off-policy: 1
	Count On-policy: 0
	Originally on Policy: False
	Invalid: False
	Traversal: mul,inv,mul,1.4370285697994354,x5,div,div,div,div,add,0.12482757395609395,add,x4,mul,x3,sub,mul,-0.04064386535653605,mul,x2,inv,mul,x2,x5,sub,-0.5168099557464659,x4,x4,inv,x3,div,x5,inv,x4,x4
	Expression:
	                         ⎛   ⎛                          0.04064386535653605⎞    
	  0.69588038889134192⋅x₃⋅⎜x₃⋅⎜x₄ + 0.5168099557464659 - ───────────────────⎟ + x
	                         ⎝   ⎝                                   x₅        ⎠    
	  ──────────────────────────────────────────────────────────────────────────────
	                                                   3   2                        
	                                                 x₄ ⋅x₅                         

	                         ⎞
	  ₄ + 0.12482757395609395⎟
	                         ⎠
	  ────────────────────────
                        
                        

None

--------------------------------------------------

-- RUNNING EPOCHS END ---------------

-- EVALUATION START ----------------
Saving Hall of Fame to ./log/regression_config_regression_GPMELD.json_Korns_10.in_normal_0.0_2023-05-30-034853/dso_regression_config_regression_GPMELD.json_Korns_10.in_normal_0.0_0_hof.csv
Saving Pareto Front to ./log/regression_config_regression_GPMELD.json_Korns_10.in_normal_0.0_2023-05-30-034853/dso_regression_config_regression_GPMELD.json_Korns_10.in_normal_0.0_0_pf.csv
Invalid expressions: 136 of 17961 (0.8%).
Error type counts:
  reciprocal: 76 (55.9%)
  true_divide: 60 (44.1%)
Error node counts:
  divide: 136 (100.0%)
-- EVALUATION END ------------------
== TRAINING SEED 0 END ==============
INFO: Completed run 1 of 1 in 144 s

== POST-PROCESS START =================
-- LOADING LOGS START ----------------
Successfully loaded summary data
Successfully loaded Hall of Fame data
Successfully loaded Pareto Front data
-- LOADING LOGS END ------------------

-- ANALYZING LOG START --------------
Task_____________regression
Source path______./log/regression_config_regression_GPMELD.json_Korns_10.in_normal_0.0_2023-05-30-034853
Runs_____________1
Max Samples/run__15000
Success_rate_____0.0
Hall of Fame (Top 5 of 100)____
    0: S=000 R=0.869296 <-- [233.36824451316233*x3*(x4 + 0.0027239726433240849*(-x3 + x3/x5 - 5.725486680805563)/x4)*(x5 - 0.06914701002959131)/(x4**2*x5**2)]
    1: S=000 R=0.869296 <-- [233.36824451316233*x3*(x4 + 0.0027239726433240849*(-x3 + x3/x5 - 5.725486680805563)/x4)*(x5 - 0.06914701002959131)/(x4**2*x5**2)]
    2: S=000 R=0.868731 <-- [x3*(x4 + 0.0026659921282500065*(-x3 + x3/x5 - 5.635637311380917)/x4)*(x5 - 0.06883055910508061)*(x3 + x5 + 228.25323332677328)/(x4**2*x5**2)]
    3: S=000 R=0.868731 <-- [x3*(x4 + 0.0026659921282500065*(-x3 + x3/x5 - 5.635637311380917)/x4)*(x5 - 0.06883055910508061)*(x3 + x5 + 228.25323332677328)/(x4**2*x5**2)]
    4: S=000 R=0.859705 <-- [127.9349229910718*x3*(x4 + 0.0042239587983026004*(-x3 + x3/x5)/x4)*(x5 - 0.06436027231074147)/(x4**2*x5**2)]
  Saving Hall of Fame plot to ./log/regression_config_regression_GPMELD.json_Korns_10.in_normal_0.0_2023-05-30-034853/dso_regression_config_regression_GPMELD.json_Korns_10.in_normal_0.0_plot_hof.png
Pareto Front (5 of 17)____
    0: S=000 R=0.869296 C=49.00 <-- [233.36824451316233*x3*(x4 + 0.0027239726433240849*(-x3 + x3/x5 - 5.725486680805563)/x4)*(x5 - 0.06914701002959131)/(x4**2*x5**2)]
    1: S=000 R=0.859705 C=48.00 <-- [127.9349229910718*x3*(x4 + 0.0042239587983026004*(-x3 + x3/x5)/x4)*(x5 - 0.06436027231074147)/(x4**2*x5**2)]
    2: S=000 R=0.850004 C=44.00 <-- [0.69588038889134192*x3*(x3*(x4 + 0.5168099557464659 - 0.04064386535653605/x5) + x4 + 0.12482757395609395)/(x4**3*x5**2)]
    3: S=000 R=0.829227 C=28.00 <-- [3.963697152493762*x3**2*(x5 - 0.06434067242328327)/(x4**2*x5**3)]
    4: S=000 R=0.815731 C=25.00 <-- [x3*(-4.203249202857704 + 1/(x4**2*x5))*(x3 + x4)/(x4*(x5 + 0.40452520182100316))]
  Saving Pareto Front plot to ./log/regression_config_regression_GPMELD.json_Korns_10.in_normal_0.0_2023-05-30-034853/dso_regression_config_regression_GPMELD.json_Korns_10.in_normal_0.0_plot_pf.png
-- ANALYZING LOG END ----------------
== POST-PROCESS END ===================
