['add', 2.1380940889, 'mul', -2.1380940889, 'exp', 'mul', -0.54723748542, 'X_0']
--------------------
eq_name 	 Korns_7
num_vars 	 5
vars_range_and_types 	 [{"name": "LogUniform", "range": [0.1, 10], "only_positive": true}, {"name": "LogUniform", "range": [0.1, 10], "only_positive": true}, {"name": "LogUniform", "range": [0.1, 10], "only_positive": true}, {"name": "LogUniform", "range": [0.1, 10], "only_positive": true}, {"name": "LogUniform", "range": [0.1, 10], "only_positive": true}]
function_set 	 ['add', 'sub', 'mul', 'div', 'sin', 'cos', 'exp', 'log', 'n2', 'n3', 'sqrt', 'tan', 'tanh', 'const']
eq_expression 	 add,2.1380940889,mul,-2.1380940889,exp,mul,-0.54723748542,X_0
expr 	 2.1380940889 - 2.1380940889*exp(-0.54723748542*X_0)
--------------------

== EXPERIMENT SETUP START ===========
Task type            : regression
Starting seed        : 0
Runs                 : 1
== EXPERIMENT SETUP END =============

== TRAINING SEED 0 START ============
self.dataX <dso.symbolic_data_generator.DataX object at 0x2ac85cd52198>, self.data_query_oracle: <dso.symbolic_equation_evaluator_public.Equation_evaluator object at 0x2ac8434c3d68>
generate dataset!
-- BUILDING PRIOR START -------------
WARNING: Skipping invalid 'RelationalConstraint' with arguments {'targets': [], 'effectors': [], 'relationship': None}. Reason: Prior disabled.
WARNING: Skipping invalid 'TrigConstraint' with arguments {}. Reason: There are no target Tokens.
WARNING: Skipping invalid 'UniformArityPrior' with arguments {}. Reason: Prior disabled.
WARNING: Skipping invalid 'LanguageModelPrior' with arguments {'weight': None}. Reason: Prior disabled.
LengthConstraint: Sequences have minimum length 4.
                  Sequences have maximum length 256.
RepeatConstraint: [const] cannot occur more than 10 times.
RelationalConstraint: [inv] cannot be a child of [inv].
ConstConstraint: [const] cannot be the only unique child of [inv, add, sub, mul, div].
NoInputsConstraint: Sequences contain at least one input variable Token.
SoftLengthPrior: No description available.
-- BUILDING PRIOR END ---------------

-- RUNNING EPOCHS START -------------
[00:00:00:03.93] Training epoch 1/14, current best R: 0.5880

	** New best
	Reward: 0.5880475474748749
	Count Off-policy: False
	Count On-policy: True
	Originally on Policy: True
	Invalid: False
	Traversal: mul,x3,div,mul,sub,sub,mul,0.0009715580256746388,inv,x2,-0.7351096806681664,inv,sub,2.5805737096961634,sub,x2,x2,x1,x3
	Expression:
	     ⎛                      0.0009715580256746388⎞
	  x₁⋅⎜0.34759895146766627 + ─────────────────────⎟
	     ⎝                                x₂         ⎠

[00:00:00:07.14] Training epoch 2/14, current best R: 0.5922

	** New best
	Reward: 0.5921873313320396
	Count Off-policy: False
	Count On-policy: True
	Originally on Policy: True
	Invalid: False
	Traversal: add,div,mul,0.008490391032892905,inv,x3,x1,add,div,x1,inv,sub,sub,x5,x5,0.6520763508788091,x1
	Expression:
	                          0.008490391032892905
	  0.3479236491211909⋅x₁ + ────────────────────
	                                 x₁⋅x₃        

[00:00:00:10.23] Training epoch 3/14, current best R: 0.6836

	** New best
	Reward: 0.6835709349661171
	Count Off-policy: False
	Count On-policy: True
	Originally on Policy: True
	Invalid: False
	Traversal: mul,x1,sub,div,inv,div,x1,div,add,0.00019138605773423865,x4,2.024765855980601,x4,-0.25183203990792347
	Expression:
	     ⎛                      0.4938842666900349⋅x₄ + 9.4522562778771145e-5⎞
	  x₁⋅⎜0.25183203990792347 + ─────────────────────────────────────────────⎟
	     ⎝                                          x₁⋅x₄                    ⎠

[00:00:00:16.75] Training epoch 5/14, current best R: 0.6836

	** New best
	Reward: 0.6835729728643468
	Count Off-policy: False
	Count On-policy: True
	Originally on Policy: True
	Invalid: False
	Traversal: mul,add,sub,1.9738131486809094,mul,-0.04049551141860506,mul,add,add,x3,sub,inv,x4,x1,0.9512540813205017,-0.04049551141860495,x1,0.25141479584441045
	Expression:
	                                                                             0.0
	  0.25182708756020181⋅x₁ - 0.00041229171579136003⋅x₃ + 0.49585363563328264 - ───
                                                                              

	  0041229171579136003
	  ───────────────────
	         x₄          

[00:00:00:19.73] Training epoch 6/14, current best R: 0.6836

	** New best
	Reward: 0.683576726557583
	Count Off-policy: False
	Count On-policy: True
	Originally on Policy: True
	Invalid: False
	Traversal: sub,0.4940799386228919,mul,-0.9382682370302516,div,x1,add,3.735010192762976,inv,div,x4,-0.004338753365409433
	Expression:
	           0.9382682370302516⋅x₁                               
	  ──────────────────────────────────────── + 0.4940799386228919
	                      0.004338753365409433                     
	  3.735010192762976 - ────────────────────                     
	                               x₄                              

[00:00:00:32.04] Training epoch 9/14, current best R: 0.9479

	** New best
	Reward: 0.9479255402607756
	Count Off-policy: False
	Count On-policy: True
	Originally on Policy: True
	Invalid: False
	Traversal: mul,inv,add,inv,add,add,-0.10290622178103767,x1,x1,0.28857735972697535,0.7633704500480049
	Expression:
	                 0.7633704500480049               
	  ────────────────────────────────────────────────
	                                    1             
	  0.28857735972697535 + ──────────────────────────
	                        2⋅x₁ - 0.10290622178103767

[00:00:00:36.56] Training epoch 10/14, current best R: 0.9479
[00:00:00:48.50] Training epoch 12/14, current best R: 0.9479

	** New best
	Reward: 0.9479255402610206
	Count Off-policy: False
	Count On-policy: True
	Originally on Policy: True
	Invalid: False
	Traversal: sub,2.645287501389725,div,div,x2,x2,div,add,x1,1.6811814042302053,4.583317266179891
	Expression:
	                                           1                     
	  2.645287501389725 - ───────────────────────────────────────────
	                      0.2181825830341178⋅x₁ + 0.36680450132387158

[00:00:00:55.52] Training epoch 13/14, current best R: 0.9871

	** New best
	Reward: 0.9870942420253516
	Count Off-policy: False
	Count On-policy: True
	Originally on Policy: True
	Invalid: False
	Traversal: sub,3.8948165258862595,add,mul,x1,0.09419473172928867,mul,inv,sub,x1,-2.8294662933210106,11.079230456627247
	Expression:
	                                                    11.079230456627247  
	  -0.09419473172928867⋅x₁ + 3.8948165258862595 - ───────────────────────
	                                                 x₁ + 2.8294662933210106

[00:00:01:06.62] Ending training after epoch 14/14, current best R: 0.9871
-- RUNNING EPOCHS END ---------------

-- EVALUATION START ----------------
Saving Hall of Fame to ./log/regression_config_regression_DSR.json_Korns_7.in_normal_0.0_2023-05-30-042126/dso_regression_config_regression_DSR.json_Korns_7.in_normal_0.0_0_hof.csv
Saving Pareto Front to ./log/regression_config_regression_DSR.json_Korns_7.in_normal_0.0_2023-05-30-042126/dso_regression_config_regression_DSR.json_Korns_7.in_normal_0.0_0_pf.csv
Invalid expressions: 214 of 14336 (1.5%).
Error type counts:
  reciprocal: 119 (55.6%)
  true_divide: 95 (44.4%)
Error node counts:
  divide: 212 (99.1%)
  invalid: 2 (0.9%)
-- EVALUATION END ------------------
== TRAINING SEED 0 END ==============
INFO: Completed run 1 of 1 in 68 s

== POST-PROCESS START =================
-- LOADING LOGS START ----------------
Successfully loaded summary data
Successfully loaded Hall of Fame data
Successfully loaded Pareto Front data
-- LOADING LOGS END ------------------

-- ANALYZING LOG START --------------
Task_____________regression
Source path______./log/regression_config_regression_DSR.json_Korns_7.in_normal_0.0_2023-05-30-042126
Runs_____________1
Max Samples/run__15000
Success_rate_____0.0
Hall of Fame (Top 5 of 100)____
    0: S=000 R=0.987094 <-- [-0.09419473172928867*x1 + 3.8948165258862595 - 11.079230456627247/(x1 + 2.8294662933210106)]
    1: S=000 R=0.970839 <-- [0.048364341834659055 + 1/((x1 + 5.157062666365083)/(x1 + 28.26275932268858) + 1/x1)]
    2: S=000 R=0.947926 <-- [2.645287501389725 - 1/(0.2181825830341178*x1 + 0.36680450132387158)]
    3: S=000 R=0.947926 <-- [0.7633704500480049/(0.28857735972697535 + 1/(2*x1 - 0.10290622178103767))]
    4: S=000 R=0.947924 <-- [2.6453600156946364 - (0.0004001995028853491*x4 + 4.5827240595413565)/(x1 + 1.681357800925718)]
  Saving Hall of Fame plot to ./log/regression_config_regression_DSR.json_Korns_7.in_normal_0.0_2023-05-30-042126/dso_regression_config_regression_DSR.json_Korns_7.in_normal_0.0_plot_hof.png
Pareto Front (4 of 4)____
    0: S=000 R=0.987094 C=13.00 <-- [-0.09419473172928867*x1 + 3.8948165258862595 - 11.079230456627247/(x1 + 2.8294662933210106)]
    1: S=000 R=0.936560 C=11.00 <-- [2.721131539489685*x1/(x1 + 1.9453976770041088)]
    2: S=000 R=0.936560 C=9.00 <-- [x1/(0.3674944705305469*x1 + 0.71492055125667946)]
    3: S=000 R=0.683571 C=5.00 <-- [0.25183155350298636*x1 + 0.49408843261190627]
  Saving Pareto Front plot to ./log/regression_config_regression_DSR.json_Korns_7.in_normal_0.0_2023-05-30-042126/dso_regression_config_regression_DSR.json_Korns_7.in_normal_0.0_plot_pf.png
-- ANALYZING LOG END ----------------
== POST-PROCESS END ===================
