['add', 6.87, 'mul', 11, 'cos', 'mul', 7.23, 'pow', 'X_0', 3]
--------------------
eq_name 	 Korns_11
num_vars 	 5
vars_range_and_types 	 [{"name": "LogUniform", "range": [0.1, 10], "only_positive": true}, {"name": "LogUniform", "range": [0.1, 10], "only_positive": true}, {"name": "LogUniform", "range": [0.1, 10], "only_positive": true}, {"name": "LogUniform", "range": [0.1, 10], "only_positive": true}, {"name": "LogUniform", "range": [0.1, 10], "only_positive": true}]
function_set 	 ['add', 'sub', 'mul', 'div', 'sin', 'cos', 'exp', 'log', 'n2', 'n3', 'sqrt', 'tan', 'tanh', 'const']
eq_expression 	 add,6.87,mul,11,cos,mul,7.23,pow,X_0,3
expr 	 11*cos(7.23*X_0**3) + 6.87
--------------------

== EXPERIMENT SETUP START ===========
Task type            : regression
Starting seed        : 0
Runs                 : 1
== EXPERIMENT SETUP END =============

== TRAINING SEED 0 START ============
self.dataX <dso.symbolic_data_generator.DataX object at 0x2aba8e57c278>, self.data_query_oracle: <dso.symbolic_equation_evaluator_public.Equation_evaluator object at 0x2abaad61dcf8>
generate dataset!
-- BUILDING PRIOR START -------------
WARNING: Skipping invalid 'RelationalConstraint' with arguments {'targets': [], 'effectors': [], 'relationship': None}. Reason: Prior disabled.
WARNING: Skipping invalid 'TrigConstraint' with arguments {}. Reason: There are no target Tokens.
WARNING: Skipping invalid 'UniformArityPrior' with arguments {}. Reason: Prior disabled.
WARNING: Skipping invalid 'LanguageModelPrior' with arguments {'weight': None}. Reason: Prior disabled.
LengthConstraint: Sequences have minimum length 4.
                  Sequences have maximum length 256.
RepeatConstraint: [const] cannot occur more than 10 times.
RelationalConstraint: [inv] cannot be a child of [inv].
ConstConstraint: [const] cannot be the only unique child of [inv, add, sub, mul, div].
NoInputsConstraint: Sequences contain at least one input variable Token.
SoftLengthPrior: No description available.
-- BUILDING PRIOR END ---------------

-- RUNNING EPOCHS START -------------
[00:00:00:04.14] Training epoch 1/14, current best R: 0.5313

	** New best
	Reward: 0.531262629319335
	Count Off-policy: False
	Count On-policy: True
	Originally on Policy: True
	Invalid: False
	Traversal: div,8.480863793922873,inv,div,x1,add,add,-0.06666334803978392,x1,inv,add,div,mul,x4,1.6293894671080753,-5.354311940289492e-05,1.955847615288588
	Expression:
	                          8.480863793922873⋅x₁                        
	  ────────────────────────────────────────────────────────────────────
	                                                 1                    
	  x₁ - 0.06666334803978392 + ─────────────────────────────────────────
	                             1.955847615288588 - 30431.351129310164⋅x₄

[00:00:00:07.42] Training epoch 2/14, current best R: 0.5527

	** New best
	Reward: 0.552731212325803
	Count Off-policy: False
	Count On-policy: True
	Originally on Policy: True
	Invalid: False
	Traversal: mul,add,2.099235123630642,div,inv,div,mul,x3,add,0.08755533115252044,add,x1,0.08755533115252433,x3,0.5187930035740439,2.2906005627266963
	Expression:
	                          4.4152495252372347  
	  4.8085091554839945 + ───────────────────────
	                       x₁ + 0.1751106623050448

[00:00:00:33.31] Training epoch 9/14, current best R: 0.5527

	** New best
	Reward: 0.5527315223905529
	Count Off-policy: False
	Count On-policy: True
	Originally on Policy: True
	Invalid: False
	Traversal: add,3.4040565057633607,sub,div,add,div,0.0025227757473318033,x4,4.410270795922083,add,0.17513972207880676,x1,-1.404049966416512
	Expression:
	                      0.0025227757473318033                     
	  4.410270795922083 + ─────────────────────                     
	                                x₄                              
	  ───────────────────────────────────────── + 4.8081064721798727
	           x₁ + 0.17513972207880676                             

[00:00:00:37.70] Training epoch 10/14, current best R: 0.5527
[00:00:00:46.94] Training epoch 12/14, current best R: 0.5540

	** New best
	Reward: 0.5540487804772932
	Count Off-policy: False
	Count On-policy: True
	Originally on Policy: True
	Invalid: False
	Traversal: add,x1,mul,12.926947429178856,inv,sub,x1,div,add,div,x1,x1,x1,-2.0978974710740546
	Expression:
	                    12.926947429178856            
	  x₁ + ───────────────────────────────────────────
	       1.4766677179357258⋅x₁ + 0.47666771793572583

[00:00:00:59.29] Training epoch 14/14, current best R: 0.5551

	** New best
	Reward: 0.5550530317849064
	Count Off-policy: False
	Count On-policy: True
	Originally on Policy: True
	Invalid: False
	Traversal: mul,0.8046282260460679,sub,x1,div,-11.819517863319703,sub,x1,-0.3651587865561305
	Expression:
	                             9.5103176910827435  
	  0.8046282260460679⋅x₁ + ───────────────────────
	                          x₁ + 0.3651587865561305

[00:00:00:59.30] Ending training after epoch 14/14, current best R: 0.5551
-- RUNNING EPOCHS END ---------------

-- EVALUATION START ----------------
Saving Hall of Fame to ./log/regression_config_regression_DSR.json_Korns_11.in_normal_0.0_2023-05-30-035329/dso_regression_config_regression_DSR.json_Korns_11.in_normal_0.0_0_hof.csv
Saving Pareto Front to ./log/regression_config_regression_DSR.json_Korns_11.in_normal_0.0_2023-05-30-035329/dso_regression_config_regression_DSR.json_Korns_11.in_normal_0.0_0_pf.csv
Invalid expressions: 192 of 14336 (1.3%).
Error type counts:
  reciprocal: 101 (52.6%)
  true_divide: 91 (47.4%)
Error node counts:
  divide: 190 (99.0%)
  invalid: 2 (1.0%)
-- EVALUATION END ------------------
== TRAINING SEED 0 END ==============
INFO: Completed run 1 of 1 in 60 s

== POST-PROCESS START =================
-- LOADING LOGS START ----------------
Successfully loaded summary data
Successfully loaded Hall of Fame data
Successfully loaded Pareto Front data
-- LOADING LOGS END ------------------

-- ANALYZING LOG START --------------
Task_____________regression
Source path______./log/regression_config_regression_DSR.json_Korns_11.in_normal_0.0_2023-05-30-035329
Runs_____________1
Max Samples/run__15000
Success_rate_____0.0
Hall of Fame (Top 5 of 100)____
    0: S=000 R=0.555053 <-- [0.8046282260460679*x1 + 9.5103176910827435/(x1 + 0.3651587865561305)]
    1: S=000 R=0.554666 <-- [x1 - 1.107802897144251 + 1/(0.091444595202409881*x1 + 0.0374264997078104)]
    2: S=000 R=0.554049 <-- [x1 + 12.926947429178856/(1.4766677179357258*x1 + 0.47666771793572583)]
    3: S=000 R=0.553442 <-- [3.7096212481849626 + 1/((0.096413525053690907 - 0.0085255311222670619*x1)*(2*x1 + 0.41388414724036288))]
    4: S=000 R=0.552843 <-- [4.818585596024398 + 4.346113335461594/(x1 + 0.0005476888005939114*(296.4576578619111*x1 + 1/x2)/x1)]
  Saving Hall of Fame plot to ./log/regression_config_regression_DSR.json_Korns_11.in_normal_0.0_2023-05-30-035329/dso_regression_config_regression_DSR.json_Korns_11.in_normal_0.0_plot_hof.png
Pareto Front (5 of 5)____
    0: S=000 R=0.555053 C=10.00 <-- [0.8046282260460679*x1 + 9.5103176910827435/(x1 + 0.3651587865561305)]
    1: S=000 R=0.552731 C=9.00 <-- [4.809504632141227 + 4.41430933915302/(x1 + 0.17506943405886102)]
    2: S=000 R=0.546582 C=8.00 <-- [6.406937146367628*(x1 + 0.2796522210918312)/x1]
    3: S=000 R=0.546582 C=7.00 <-- [6.4066338861783488 + 1.7918032396407213/x1]
    4: S=000 R=0.504029 C=5.00 <-- [-x1 + x3 + 10.317786005926163]
  Saving Pareto Front plot to ./log/regression_config_regression_DSR.json_Korns_11.in_normal_0.0_2023-05-30-035329/dso_regression_config_regression_DSR.json_Korns_11.in_normal_0.0_plot_pf.png
-- ANALYZING LOG END ----------------
== POST-PROCESS END ===================
