['add', 0.81, 'mul', 'pow', 'add', 'mul', 4, 'pow', 'X_3', 3, 'mul', 5, 'pow', 'X_4', 4, -1, 'add', 'mul', 72.9, 'pow', 'X_2', 2, 'mul', 48.6, 'X_1']
--------------------
eq_name 	 Korns_10
num_vars 	 5
vars_range_and_types 	 [{"name": "LogUniform", "range": [0.1, 10], "only_positive": true}, {"name": "LogUniform", "range": [0.1, 10], "only_positive": true}, {"name": "LogUniform", "range": [0.1, 10], "only_positive": true}, {"name": "LogUniform", "range": [0.1, 10], "only_positive": true}, {"name": "LogUniform", "range": [0.1, 10], "only_positive": true}]
function_set 	 ['add', 'sub', 'mul', 'div', 'sin', 'cos', 'exp', 'log', 'n2', 'n3', 'sqrt', 'tan', 'tanh', 'const']
eq_expression 	 add,0.81,mul,pow,add,mul,4,pow,X_3,3,mul,5,pow,X_4,4,-1,add,mul,72.9,pow,X_2,2,mul,48.6,X_1
expr 	 (48.6*X_1 + 72.9*X_2**2)/(4*X_3**3 + 5*X_4**4) + 0.81
--------------------

== EXPERIMENT SETUP START ===========
Task type            : regression
Starting seed        : 0
Runs                 : 1
== EXPERIMENT SETUP END =============

== TRAINING SEED 0 START ============
self.dataX <dso.symbolic_data_generator.DataX object at 0x2af3ff867518>, self.data_query_oracle: <dso.symbolic_equation_evaluator_public.Equation_evaluator object at 0x2af3ea0add68>
generate dataset!
-- BUILDING PRIOR START -------------
WARNING: Skipping invalid 'RelationalConstraint' with arguments {'targets': [], 'effectors': [], 'relationship': None}. Reason: Prior disabled.
WARNING: Skipping invalid 'TrigConstraint' with arguments {}. Reason: There are no target Tokens.
WARNING: Skipping invalid 'UniformArityPrior' with arguments {}. Reason: Prior disabled.
WARNING: Skipping invalid 'LanguageModelPrior' with arguments {'weight': None}. Reason: Prior disabled.
LengthConstraint: Sequences have minimum length 4.
                  Sequences have maximum length 256.
RepeatConstraint: [const] cannot occur more than 10 times.
RelationalConstraint: [inv] cannot be a child of [inv].
ConstConstraint: [const] cannot be the only unique child of [inv, add, sub, mul, div].
NoInputsConstraint: Sequences contain at least one input variable Token.
SoftLengthPrior: No description available.
-- BUILDING PRIOR END ---------------

-- RUNNING EPOCHS START -------------
[00:00:00:02.61] Training epoch 1/14, current best R: 0.6786

	** New best
	Reward: 0.6785995556524719
	Count Off-policy: False
	Count On-policy: True
	Originally on Policy: True
	Invalid: False
	Traversal: add,x4,div,x3,div,x4,div,x3,div,x5,91.4858520201754
	Expression:
	                     2     
	  91.4858520201754⋅x₃      
	  ──────────────────── + x₄
	         x₄⋅x₅             

[00:00:00:10.73] Training epoch 7/14, current best R: 0.6949

	** New best
	Reward: 0.6949250038447634
	Count Off-policy: False
	Count On-policy: True
	Originally on Policy: True
	Invalid: False
	Traversal: div,div,mul,sub,x5,-3968.9165610323425,x3,x4,add,x4,add,div,x5,mul,x3,0.038083400272185826,x5
	Expression:
	      x₃⋅(x₅ + 3968.9165610323425)    
	  ────────────────────────────────────
	     ⎛          26.258159535464301⋅x₅⎞
	  x₄⋅⎜x₄ + x₅ + ─────────────────────⎟
	     ⎝                    x₃         ⎠

[00:00:00:15.11] Training epoch 10/14, current best R: 0.7117

	** New best
	Reward: 0.7117009232561966
	Count Off-policy: False
	Count On-policy: True
	Originally on Policy: True
	Invalid: False
	Traversal: sub,add,add,1.0000562662709362,sub,div,inv,mul,x2,div,mul,mul,mul,x4,div,x5,x2,x5,x4,x3,0.07261497781817572,x3,x1,x3
	Expression:
	              13.77126358840114⋅x₃                     
	  x₁ - 2⋅x₃ + ──────────────────── + 1.0000562662709362
	                      2   2                            
	                    x₄ ⋅x₅                             

[00:00:00:15.12] Training epoch 10/14, current best R: 0.7117
[00:00:00:17.53] Training epoch 12/14, current best R: 0.7119

	** New best
	Reward: 0.711885923533889
	Count Off-policy: False
	Count On-policy: True
	Originally on Policy: True
	Invalid: False
	Traversal: add,x3,add,div,div,13.522894403333524,div,x5,add,x5,add,x3,div,div,x3,x4,x5,x4,x5
	Expression:
	                               ⎛       x₃      ⎞
	            13.522894403333524⋅⎜x₃ + ───── + x₅⎟
	                               ⎝     x₄⋅x₅     ⎠
	  x₃ + x₅ + ────────────────────────────────────
	                           x₄⋅x₅                

[00:00:00:20.48] Ending training after epoch 14/14, current best R: 0.7119
-- RUNNING EPOCHS END ---------------

-- EVALUATION START ----------------
Saving Hall of Fame to ./log/regression_config_regression_PQT.json_Korns_10.in_normal_0.0_2023-05-30-034845/dso_regression_config_regression_PQT.json_Korns_10.in_normal_0.0_0_hof.csv
Saving Pareto Front to ./log/regression_config_regression_PQT.json_Korns_10.in_normal_0.0_2023-05-30-034845/dso_regression_config_regression_PQT.json_Korns_10.in_normal_0.0_0_pf.csv
Invalid expressions: 209 of 14336 (1.5%).
Error type counts:
  reciprocal: 104 (49.8%)
  true_divide: 105 (50.2%)
Error node counts:
  divide: 208 (99.5%)
  invalid: 1 (0.5%)

Priority queue entry 0:
	Reward: 0.711885923533889
	Count Off-policy: False
	Count On-policy: True
	Originally on Policy: True
	Invalid: False
	Traversal: add,x3,add,div,div,13.522894403333524,div,x5,add,x5,add,x3,div,div,x3,x4,x5,x4,x5
	Expression:
	                               ⎛       x₃      ⎞
	            13.522894403333524⋅⎜x₃ + ───── + x₅⎟
	                               ⎝     x₄⋅x₅     ⎠
	  x₃ + x₅ + ────────────────────────────────────
	                           x₄⋅x₅                


Priority queue entry 1:
	Reward: 0.7117009232561966
	Count Off-policy: False
	Count On-policy: True
	Originally on Policy: True
	Invalid: False
	Traversal: sub,add,add,1.0000562662709362,sub,div,inv,mul,x2,div,mul,mul,mul,x4,div,x5,x2,x5,x4,x3,0.07261497781817572,x3,x1,x3
	Expression:
	              13.77126358840114⋅x₃                     
	  x₁ - 2⋅x₃ + ──────────────────── + 1.0000562662709362
	                      2   2                            
	                    x₄ ⋅x₅                             


Priority queue entry 2:
	Reward: 0.6949250038447634
	Count Off-policy: False
	Count On-policy: True
	Originally on Policy: True
	Invalid: False
	Traversal: div,div,mul,sub,x5,-3968.9165610323425,x3,x4,add,x4,add,div,x5,mul,x3,0.038083400272185826,x5
	Expression:
	      x₃⋅(x₅ + 3968.9165610323425)    
	  ────────────────────────────────────
	     ⎛          26.258159535464301⋅x₅⎞
	  x₄⋅⎜x₄ + x₅ + ─────────────────────⎟
	     ⎝                    x₃         ⎠


Priority queue entry 3:
	Reward: 0.6800697558518082
	Count Off-policy: False
	Count On-policy: True
	Originally on Policy: True
	Invalid: False
	Traversal: mul,div,add,div,add,x2,mul,x3,inv,x4,x5,-17.500415196416505,0.010718914539560347,x3
	Expression:
	     ⎛                                        ⎛     x₃⎞⎞
	     ⎜                      93.29302853468002⋅⎜x₂ + ──⎟⎟
	     ⎜                                        ⎝     x₄⎠⎟
	  x₃⋅⎜-1632.6667342880328 + ───────────────────────────⎟
	     ⎝                                   x₅            ⎠


Priority queue entry 4:
	Reward: 0.6785995556524719
	Count Off-policy: False
	Count On-policy: True
	Originally on Policy: True
	Invalid: False
	Traversal: add,x4,div,x3,div,x4,div,x3,div,x5,91.4858520201754
	Expression:
	                     2     
	  91.4858520201754⋅x₃      
	  ──────────────────── + x₄
	         x₄⋅x₅             


Priority queue entry 5:
	Reward: 0.6602231166278513
	Count Off-policy: False
	Count On-policy: True
	Originally on Policy: True
	Invalid: False
	Traversal: div,div,add,x1,mul,69.16231979916208,x3,x5,mul,x4,inv,add,x2,x3
	Expression:
	  (x₁ + 69.16231979916208⋅x₃)⋅(x₂ + x₃)
	  ─────────────────────────────────────
	                  x₄⋅x₅                


Priority queue entry 6:
	Reward: 0.6507139372251497
	Count Off-policy: False
	Count On-policy: True
	Originally on Policy: True
	Invalid: False
	Traversal: sub,mul,1188.9368227615637,mul,inv,mul,add,x4,x5,x4,x3,x1
	Expression:
	        1188.9368227615637⋅x₃
	  -x₁ + ─────────────────────
	             x₄⋅(x₄ + x₅)    


Priority queue entry 7:
	Reward: 0.6252541469602115
	Count Off-policy: False
	Count On-policy: True
	Originally on Policy: True
	Invalid: False
	Traversal: mul,div,32.23558631963728,x4,add,-17.7261504863862,mul,div,32.406075307465585,add,x5,mul,inv,x3,x1,x3
	Expression:
	                    ⎛32.406075307465585⋅x₃                   ⎞
	  32.23558631963728⋅⎜───────────────────── - 17.7261504863862⎟
	                    ⎜       x₁                               ⎟
	                    ⎜       ── + x₅                          ⎟
	                    ⎝       x₃                               ⎠
	  ────────────────────────────────────────────────────────────
	                               x₄                             


Priority queue entry 8:
	Reward: 0.5800667845505354
	Count Off-policy: False
	Count On-policy: True
	Originally on Policy: True
	Invalid: False
	Traversal: div,add,x2,x3,mul,x5,mul,x4,0.003049782447827276
	Expression:
	  327.892240547328⋅(x₂ + x₃)
	  ──────────────────────────
	            x₄⋅x₅           


Priority queue entry 9:
	Reward: 0.5722236552002034
	Count Off-policy: False
	Count On-policy: True
	Originally on Policy: True
	Invalid: False
	Traversal: add,x2,mul,inv,mul,x4,div,mul,mul,x5,mul,add,x4,x4,0.19463630220973896,x2,x3,x3
	Expression:
	                            2
	       2.5688938513700434⋅x₃ 
	  x₂ + ──────────────────────
	                  2          
	             x₂⋅x₄ ⋅x₅       

-- EVALUATION END ------------------
== TRAINING SEED 0 END ==============
INFO: Completed run 1 of 1 in 22 s

== POST-PROCESS START =================
-- LOADING LOGS START ----------------
Successfully loaded summary data
Successfully loaded Hall of Fame data
Successfully loaded Pareto Front data
-- LOADING LOGS END ------------------

-- ANALYZING LOG START --------------
Task_____________regression
Source path______./log/regression_config_regression_PQT.json_Korns_10.in_normal_0.0_2023-05-30-034845
Runs_____________1
Max Samples/run__15000
Success_rate_____0.0
Hall of Fame (Top 5 of 100)____
    0: S=000 R=0.711886 <-- [x3 + x5 + 13.522894403333524*(x3 + x3/(x4*x5) + x5)/(x4*x5)]
    1: S=000 R=0.711701 <-- [x1 - 2*x3 + 13.77126358840114*x3/(x4**2*x5**2) + 1.0000562662709362]
    2: S=000 R=0.694925 <-- [x3*(x5 + 3968.9165610323425)/(x4*(x4 + x5 + 26.258159535464301*x5/x3))]
    3: S=000 R=0.680070 <-- [x3*(-1632.6667342880328 + 93.29302853468002*(x2 + x3/x4)/x5)]
    4: S=000 R=0.678731 <-- [x3*x4*(-x1 + 91.50818148134138*x3/x4**2)/x5]
  Saving Hall of Fame plot to ./log/regression_config_regression_PQT.json_Korns_10.in_normal_0.0_2023-05-30-034845/dso_regression_config_regression_PQT.json_Korns_10.in_normal_0.0_plot_hof.png
Pareto Front (5 of 10)____
    0: S=000 R=0.711886 C=24.00 <-- [x3 + x5 + 13.522894403333524*(x3 + x3/(x4*x5) + x5)/(x4*x5)]
    1: S=000 R=0.694925 C=20.00 <-- [x3*(x5 + 3968.9165610323425)/(x4*(x4 + x5 + 26.258159535464301*x5/x3))]
    2: S=000 R=0.680070 C=17.00 <-- [x3*(-1632.6667342880328 + 93.29302853468002*(x2 + x3/x4)/x5)]
    3: S=000 R=0.678600 C=15.00 <-- [91.4858520201754*x3**2/(x4*x5) + x4]
    4: S=000 R=0.650714 C=13.00 <-- [-x1 + 1188.9368227615637*x3/(x4*(x4 + x5))]
  Saving Pareto Front plot to ./log/regression_config_regression_PQT.json_Korns_10.in_normal_0.0_2023-05-30-034845/dso_regression_config_regression_PQT.json_Korns_10.in_normal_0.0_plot_pf.png
-- ANALYZING LOG END ----------------
== POST-PROCESS END ===================
