['add', 0.23, 'mul', 0.3333333333333333, 'mul', 'pow', 'X_4', -1, 'add', 'mul', 14.2, 'X_1', 'mul', 14.2, 'X_3']
--------------------
eq_name 	 Korns_2
num_vars 	 5
vars_range_and_types 	 [{"name": "LogUniform", "range": [0.1, 10], "only_positive": true}, {"name": "LogUniform", "range": [0.1, 10], "only_positive": true}, {"name": "LogUniform", "range": [0.1, 10], "only_positive": true}, {"name": "LogUniform", "range": [0.1, 10], "only_positive": true}, {"name": "LogUniform", "range": [0.1, 10], "only_positive": true}]
function_set 	 ['add', 'sub', 'mul', 'div', 'sin', 'cos', 'exp', 'log', 'n2', 'n3', 'sqrt', 'tan', 'tanh', 'const']
eq_expression 	 add,0.23,mul,0.3333333333333333,mul,pow,X_4,-1,add,mul,14.2,X_1,mul,14.2,X_3
expr 	 0.23 + (14.2*X_1 + 14.2*X_3)/(3*X_4)
--------------------

== EXPERIMENT SETUP START ===========
Task type            : regression
Starting seed        : 0
Runs                 : 1
== EXPERIMENT SETUP END =============

== TRAINING SEED 0 START ============
self.dataX <dso.symbolic_data_generator.DataX object at 0x2b9ba89b8390>, self.data_query_oracle: <dso.symbolic_equation_evaluator_public.Equation_evaluator object at 0x2b9b90664da0>
generate dataset!
-- BUILDING PRIOR START -------------
WARNING: Skipping invalid 'RelationalConstraint' with arguments {'targets': [], 'effectors': [], 'relationship': None}. Reason: Prior disabled.
WARNING: Skipping invalid 'TrigConstraint' with arguments {}. Reason: There are no target Tokens.
WARNING: Skipping invalid 'UniformArityPrior' with arguments {}. Reason: Prior disabled.
WARNING: Skipping invalid 'LanguageModelPrior' with arguments {'weight': None}. Reason: Prior disabled.
LengthConstraint: Sequences have minimum length 4.
                  Sequences have maximum length 256.
RepeatConstraint: [const] cannot occur more than 10 times.
RelationalConstraint: [inv] cannot be a child of [inv].
ConstConstraint: [const] cannot be the only unique child of [inv, add, sub, mul, div].
NoInputsConstraint: Sequences contain at least one input variable Token.
SoftLengthPrior: No description available.
-- BUILDING PRIOR END ---------------

-- RUNNING EPOCHS START -------------
gen	iter	pop_size	nevals	uncached_size	best_val              	timer  
0  	0   	1024    	1024  	1024         	(-0.6119386315000269,)	4.61724
1  	1   	1024    	779   	690          	(-0.6250326559261762,)	3.84282
2  	2   	1024    	766   	665          	(-0.6849032683445127,)	3.53043
3  	3   	1024    	777   	673          	(-0.9268506081579778,)	7.06589
4  	4   	1024    	790   	691          	(-0.9978202021909571,)	7.67677
5  	5   	1024    	760   	668          	(-0.9981422093838773,)	11.7547
6  	6   	1024    	734   	641          	(-0.9999999982581571,)	13.8736
7  	7   	1024    	789   	691          	(-0.9999999982581571,)	15.4659
8  	8   	1024    	764   	663          	(-0.9999999982581571,)	24.0507
9  	9   	1024    	759   	655          	(-0.9999999982581571,)	30.286 

--------------------------------------------------
GP Time: 122.432

Unique expressions evaluated: 8008
Total expression evaluations: 7942
--------------------------------------------------

GP -> best program this epoch:

	Reward: 0.9999999982581571
	Count Off-policy: 1
	Count On-policy: 0
	Originally on Policy: False
	Invalid: False
	Traversal: div,4.733333331435072,inv,add,div,x2,x5,add,inv,mul,x5,inv,x4,0.04859152622842018
	Expression:
	  4.733333331435072⋅x₂   4.733333331435072⋅x₄                     
	  ──────────────────── + ──────────────────── + 0.2299998907222828
	           x₅                     x₅                              

None

--------------------------------------------------

[00:00:02:13.90] Training epoch 1/14, current best R: 1.0000

	** New best
	Reward: 0.9999999982581571
	Count Off-policy: 1
	Count On-policy: 0
	Originally on Policy: False
	Invalid: False
	Traversal: div,4.733333331435072,inv,add,div,x2,x5,add,inv,mul,x5,inv,x4,0.04859152622842018
	Expression:
	  4.733333331435072⋅x₂   4.733333331435072⋅x₄                     
	  ──────────────────── + ──────────────────── + 0.2299998907222828
	           x₅                     x₅                              

[00:00:02:13.90] Early stopping criteria met; breaking early.
-- RUNNING EPOCHS END ---------------

-- EVALUATION START ----------------
Saving Hall of Fame to ./log/regression_config_regression_GPMELD.json_Korns_2.in_normal_0.0_2023-05-30-040705/dso_regression_config_regression_GPMELD.json_Korns_2.in_normal_0.0_0_hof.csv
Saving Pareto Front to ./log/regression_config_regression_GPMELD.json_Korns_2.in_normal_0.0_2023-05-30-040705/dso_regression_config_regression_GPMELD.json_Korns_2.in_normal_0.0_0_pf.csv
Invalid expressions: 68 of 8966 (0.8%).
Error type counts:
  reciprocal: 40 (58.8%)
  true_divide: 28 (41.2%)
Error node counts:
  divide: 67 (98.5%)
  invalid: 1 (1.5%)
-- EVALUATION END ------------------
== TRAINING SEED 0 END ==============
INFO: Completed run 1 of 1 in 135 s

== POST-PROCESS START =================
-- LOADING LOGS START ----------------
Successfully loaded summary data
Successfully loaded Hall of Fame data
Successfully loaded Pareto Front data
-- LOADING LOGS END ------------------

-- ANALYZING LOG START --------------
Task_____________regression
Source path______./log/regression_config_regression_GPMELD.json_Korns_2.in_normal_0.0_2023-05-30-040705
Runs_____________1
Max Samples/run__15000
Success_rate_____1.0
Hall of Fame (Top 5 of 100)____
    0: S=000 R=1.000000 <-- [4.733333331435072*x2/x5 + 4.733333331435072*x4/x5 + 0.2299998907222828]
    1: S=000 R=1.000000 <-- [4.733333331435072*x2/x5 + 4.733333331435072*x4/x5 + 0.2299998907222828]
    2: S=000 R=0.999764 <-- [(13761.74560803924*x2/(x5 + 2958.1361394118594) + 4.7336749979650814*x4 + 0.8249439203728123*(-x5 + (-16.7044641133039*x2 - 4741.6347628174015*x5)/(-x2 - 4698.089252125976))*(x5 + 28.06500663231605))/x5]
    3: S=000 R=0.999764 <-- [(13761.74560803924*x2/(x5 + 2958.1361394118594) + 4.7336749979650814*x4 + 0.8249439203728123*(-x5 + (-16.7044641133039*x2 - 4741.6347628174015*x5)/(-x2 - 4698.089252125976))*(x5 + 28.06500663231605))/x5]
    4: S=000 R=0.999653 <-- [0.20899024346018388 + 0.0151443089052301*(0.8324991712264821*x2*(x5 + 375.28415738215193) + 312.5970766171955*x4)/x5]
  Saving Hall of Fame plot to ./log/regression_config_regression_GPMELD.json_Korns_2.in_normal_0.0_2023-05-30-040705/dso_regression_config_regression_GPMELD.json_Korns_2.in_normal_0.0_plot_hof.png
Pareto Front (5 of 6)____
    0: S=000 R=1.000000 C=19.00 <-- [4.733333331435072*x2/x5 + 4.733333331435072*x4/x5 + 0.2299998907222828]
    1: S=000 R=0.997658 C=10.00 <-- [(4.733281725127346*x2 + 4.733281725127346*x4 + 0.04578389261357395)/x5]
    2: S=000 R=0.997335 C=9.00 <-- [(4.73963677164323*x2 + 4.73963677164323*x4)/x5]
    3: S=000 R=0.668444 C=8.00 <-- [(x2 + 6.301919311046711*x4)/x5]
    4: S=000 R=0.616428 C=6.00 <-- [6.679083201704323*x2/x5]
  Saving Pareto Front plot to ./log/regression_config_regression_GPMELD.json_Korns_2.in_normal_0.0_2023-05-30-040705/dso_regression_config_regression_GPMELD.json_Korns_2.in_normal_0.0_plot_pf.png
-- ANALYZING LOG END ----------------
== POST-PROCESS END ===================
