['add', 3, 'mul', 2.13, 'log', 'X_4']
--------------------
eq_name 	 Korns_5
num_vars 	 5
vars_range_and_types 	 [{"name": "LogUniform", "range": [0.1, 10], "only_positive": true}, {"name": "LogUniform", "range": [0.1, 10], "only_positive": true}, {"name": "LogUniform", "range": [0.1, 10], "only_positive": true}, {"name": "LogUniform", "range": [0.1, 10], "only_positive": true}, {"name": "LogUniform", "range": [0.1, 10], "only_positive": true}]
function_set 	 ['add', 'sub', 'mul', 'div', 'sin', 'cos', 'exp', 'log', 'n2', 'n3', 'sqrt', 'tan', 'tanh', 'const']
eq_expression 	 add,3,mul,2.13,log,X_4
expr 	 2.13*log(Abs(X_4)) + 3
--------------------

== EXPERIMENT SETUP START ===========
Task type            : regression
Starting seed        : 0
Runs                 : 1
== EXPERIMENT SETUP END =============

== TRAINING SEED 0 START ============
self.dataX <dso.symbolic_data_generator.DataX object at 0x2aae12292320>, self.data_query_oracle: <dso.symbolic_equation_evaluator_public.Equation_evaluator object at 0x2aadfdf72d68>
generate dataset!
-- BUILDING PRIOR START -------------
WARNING: Skipping invalid 'RelationalConstraint' with arguments {'targets': [], 'effectors': [], 'relationship': None}. Reason: Prior disabled.
WARNING: Skipping invalid 'TrigConstraint' with arguments {}. Reason: There are no target Tokens.
WARNING: Skipping invalid 'UniformArityPrior' with arguments {}. Reason: Prior disabled.
WARNING: Skipping invalid 'LanguageModelPrior' with arguments {'weight': None}. Reason: Prior disabled.
LengthConstraint: Sequences have minimum length 4.
                  Sequences have maximum length 256.
RepeatConstraint: [const] cannot occur more than 10 times.
RelationalConstraint: [inv] cannot be a child of [inv].
ConstConstraint: [const] cannot be the only unique child of [inv, add, sub, mul, div].
NoInputsConstraint: Sequences contain at least one input variable Token.
SoftLengthPrior: No description available.
-- BUILDING PRIOR END ---------------

-- RUNNING EPOCHS START -------------
[00:00:00:03.09] Training epoch 1/14, current best R: 0.6726

	** New best
	Reward: 0.6725920127433422
	Count Off-policy: False
	Count On-policy: True
	Originally on Policy: True
	Invalid: False
	Traversal: add,0.4229788426679003,add,0.4229788426679003,x5
	Expression:
	  x₅ + 0.8459576853358006

[00:00:00:09.71] Training epoch 3/14, current best R: 0.7239

	** New best
	Reward: 0.7239007874810645
	Count Off-policy: False
	Count On-policy: True
	Originally on Policy: True
	Invalid: False
	Traversal: add,5.186031624251416,inv,sub,-0.13117721201856244,div,x5,inv,x5
	Expression:
	                                   1             
	  5.186031624251416 + ───────────────────────────
	                          2                      
	                      - x₅  - 0.13117721201856244

[00:00:00:15.42] Training epoch 5/14, current best R: 0.7717

	** New best
	Reward: 0.7716652821713097
	Count Off-policy: False
	Count On-policy: True
	Originally on Policy: True
	Invalid: False
	Traversal: mul,mul,x5,add,-0.16508663374099164,inv,mul,x5,0.4417706227421766,x5
	Expression:
	    2 ⎛                       2.263618150507065⎞
	  x₅ ⋅⎜-0.16508663374099164 + ─────────────────⎟
	      ⎝                               x₅       ⎠

[00:00:00:25.70] Training epoch 8/14, current best R: 0.7806

	** New best
	Reward: 0.7805909363773513
	Count Off-policy: False
	Count On-policy: True
	Originally on Policy: True
	Invalid: False
	Traversal: mul,92.86381795801395,mul,x5,inv,add,x2,sub,sub,mul,x5,x5,sub,x2,x3,-38.58612969161583
	Expression:
	      92.86381795801395⋅x₅    
	  ────────────────────────────
	         2                    
	  x₃ + x₅  + 38.58612969161583

[00:00:00:28.74] Training epoch 9/14, current best R: 0.7947

	** New best
	Reward: 0.794681396231028
	Count Off-policy: False
	Count On-policy: True
	Originally on Policy: True
	Invalid: False
	Traversal: inv,div,add,add,x5,1.4667343027026256,1.466734302702626,div,mul,div,mul,10.341804261578476,mul,x5,x5,x5,x5,x5
	Expression:
	   10.341804261578476⋅x₅ 
	  ───────────────────────
	  x₅ + 2.9334686054052516

[00:00:00:32.34] Training epoch 10/14, current best R: 0.7947
[00:00:00:36.62] Training epoch 11/14, current best R: 0.7947

	** New best
	Reward: 0.7946813962971228
	Count Off-policy: False
	Count On-policy: True
	Originally on Policy: True
	Invalid: False
	Traversal: inv,add,0.09669394206082169,inv,div,x5,0.28365670183304353
	Expression:
	                      1                    
	  ─────────────────────────────────────────
	                        0.28365670183304353
	  0.09669394206082169 + ───────────────────
	                                 x₅        

[00:00:00:44.99] Training epoch 13/14, current best R: 0.9188

	** New best
	Reward: 0.918762124715796
	Count Off-policy: False
	Count On-policy: True
	Originally on Policy: True
	Invalid: False
	Traversal: add,8.236793073354177,mul,-10.433874020838532,inv,add,0.994159175644683,x5
	Expression:
	                        10.433874020838532  
	  8.236793073354177 - ──────────────────────
	                      x₅ + 0.994159175644683

[00:00:00:49.59] Ending training after epoch 14/14, current best R: 0.9188
-- RUNNING EPOCHS END ---------------

-- EVALUATION START ----------------
Saving Hall of Fame to ./log/regression_config_regression_VPG.json_Korns_5.in_normal_0.0_2023-05-30-041642/dso_regression_config_regression_VPG.json_Korns_5.in_normal_0.0_0_hof.csv
Saving Pareto Front to ./log/regression_config_regression_VPG.json_Korns_5.in_normal_0.0_2023-05-30-041642/dso_regression_config_regression_VPG.json_Korns_5.in_normal_0.0_0_pf.csv
Invalid expressions: 188 of 14336 (1.3%).
Error type counts:
  reciprocal: 105 (55.9%)
  true_divide: 83 (44.1%)
Error node counts:
  divide: 187 (99.5%)
  invalid: 1 (0.5%)
-- EVALUATION END ------------------
== TRAINING SEED 0 END ==============
INFO: Completed run 1 of 1 in 51 s

== POST-PROCESS START =================
-- LOADING LOGS START ----------------
Successfully loaded summary data
Successfully loaded Hall of Fame data
Successfully loaded Pareto Front data
-- LOADING LOGS END ------------------

-- ANALYZING LOG START --------------
Task_____________regression
Source path______./log/regression_config_regression_VPG.json_Korns_5.in_normal_0.0_2023-05-30-041642
Runs_____________1
Max Samples/run__15000
Success_rate_____0.0
Hall of Fame (Top 5 of 100)____
    0: S=000 R=0.918762 <-- [8.236793073354177 - 10.433874020838532/(x5 + 0.994159175644683)]
    1: S=000 R=0.794681 <-- [1/(0.09669394206082169 + 0.28365670183304353/x5)]
    2: S=000 R=0.794681 <-- [10.341804261578476*x5/(x5 + 2.9334686054052516)]
    3: S=000 R=0.780591 <-- [92.86381795801395*x5/(x3 + x5**2 + 38.58612969161583)]
    4: S=000 R=0.771665 <-- [x5**2*(-0.16508663374099164 + 2.263618150507065/x5)]
  Saving Hall of Fame plot to ./log/regression_config_regression_VPG.json_Korns_5.in_normal_0.0_2023-05-30-041642/dso_regression_config_regression_VPG.json_Korns_5.in_normal_0.0_plot_hof.png
Pareto Front (3 of 3)____
    0: S=000 R=0.918762 C=9.00 <-- [8.236793073354177 - 10.433874020838532/(x5 + 0.994159175644683)]
    1: S=000 R=0.672623 C=7.00 <-- [0.9907006812439312*x5 + 0.8659032748827384]
    2: S=000 R=0.672592 C=5.00 <-- [x5 + 0.8459576853358006]
  Saving Pareto Front plot to ./log/regression_config_regression_VPG.json_Korns_5.in_normal_0.0_2023-05-30-041642/dso_regression_config_regression_VPG.json_Korns_5.in_normal_0.0_plot_pf.png
-- ANALYZING LOG END ----------------
== POST-PROCESS END ===================
