['add', 3, 'mul', 2.13, 'log', 'X_4']
--------------------
eq_name 	 Korns_5
num_vars 	 5
vars_range_and_types 	 [{"name": "LogUniform", "range": [0.1, 10], "only_positive": true}, {"name": "LogUniform", "range": [0.1, 10], "only_positive": true}, {"name": "LogUniform", "range": [0.1, 10], "only_positive": true}, {"name": "LogUniform", "range": [0.1, 10], "only_positive": true}, {"name": "LogUniform", "range": [0.1, 10], "only_positive": true}]
function_set 	 ['add', 'sub', 'mul', 'div', 'sin', 'cos', 'exp', 'log', 'n2', 'n3', 'sqrt', 'tan', 'tanh', 'const']
eq_expression 	 add,3,mul,2.13,log,X_4
expr 	 2.13*log(Abs(X_4)) + 3
--------------------

== EXPERIMENT SETUP START ===========
Task type            : regression
Starting seed        : 0
Runs                 : 1
== EXPERIMENT SETUP END =============

== TRAINING SEED 0 START ============
self.dataX <dso.symbolic_data_generator.DataX object at 0x2b22478592e8>, self.data_query_oracle: <dso.symbolic_equation_evaluator_public.Equation_evaluator object at 0x2b2233539d68>
generate dataset!
-- BUILDING PRIOR START -------------
WARNING: Skipping invalid 'RelationalConstraint' with arguments {'targets': [], 'effectors': [], 'relationship': None}. Reason: Prior disabled.
WARNING: Skipping invalid 'TrigConstraint' with arguments {}. Reason: There are no target Tokens.
WARNING: Skipping invalid 'UniformArityPrior' with arguments {}. Reason: Prior disabled.
WARNING: Skipping invalid 'LanguageModelPrior' with arguments {'weight': None}. Reason: Prior disabled.
LengthConstraint: Sequences have minimum length 4.
                  Sequences have maximum length 256.
RepeatConstraint: [const] cannot occur more than 10 times.
RelationalConstraint: [inv] cannot be a child of [inv].
ConstConstraint: [const] cannot be the only unique child of [inv, add, sub, mul, div].
NoInputsConstraint: Sequences contain at least one input variable Token.
SoftLengthPrior: No description available.
-- BUILDING PRIOR END ---------------

-- RUNNING EPOCHS START -------------
[00:00:00:04.76] Training epoch 1/14, current best R: 0.6770

	** New best
	Reward: 0.6769881144579691
	Count Off-policy: False
	Count On-policy: True
	Originally on Policy: True
	Invalid: False
	Traversal: add,add,0.8872101564645909,mul,mul,inv,x1,-0.004466861229351046,mul,inv,x5,div,x2,mul,2.0597659254159817,x4,x5
	Expression:
	                            0.0021686256550966768⋅x₂
	  x₅ + 0.8872101564645909 - ────────────────────────
	                                    x₁⋅x₄⋅x₅        

[00:00:00:11.88] Training epoch 3/14, current best R: 0.7975

	** New best
	Reward: 0.797487972488981
	Count Off-policy: False
	Count On-policy: True
	Originally on Policy: True
	Invalid: False
	Traversal: inv,div,add,div,x5,10.335233299300334,0.28367085739334,x5
	Expression:
	                      x₅                    
	  ──────────────────────────────────────────
	  0.096756403173569112⋅x₅ + 0.28367085739334

[00:00:00:37.28] Training epoch 10/14, current best R: 0.7975
[00:00:00:54.00] Ending training after epoch 14/14, current best R: 0.7975
-- RUNNING EPOCHS END ---------------

-- EVALUATION START ----------------
Saving Hall of Fame to ./log/regression_config_regression_PQT.json_Korns_5.in_normal_0.0_2023-05-30-041634/dso_regression_config_regression_PQT.json_Korns_5.in_normal_0.0_0_hof.csv
Saving Pareto Front to ./log/regression_config_regression_PQT.json_Korns_5.in_normal_0.0_2023-05-30-041634/dso_regression_config_regression_PQT.json_Korns_5.in_normal_0.0_0_pf.csv
Invalid expressions: 175 of 14336 (1.2%).
Error type counts:
  reciprocal: 106 (60.6%)
  true_divide: 69 (39.4%)
Error node counts:
  divide: 175 (100.0%)

Priority queue entry 0:
	Reward: 0.797487972488981
	Count Off-policy: False
	Count On-policy: True
	Originally on Policy: True
	Invalid: False
	Traversal: inv,div,add,div,x5,10.335233299300334,0.28367085739334,x5
	Expression:
	                      x₅                    
	  ──────────────────────────────────────────
	  0.096756403173569112⋅x₅ + 0.28367085739334


Priority queue entry 1:
	Reward: 0.7974879724889511
	Count Off-policy: False
	Count On-policy: True
	Originally on Policy: True
	Invalid: False
	Traversal: inv,add,mul,mul,inv,x5,0.5326076126159444,0.5326076126159444,0.09675641260155295
	Expression:
	                     1                    
	  ────────────────────────────────────────
	                        0.2836708690164559
	  0.09675641260155295 + ──────────────────
	                                x₅        


Priority queue entry 2:
	Reward: 0.7895373243415195
	Count Off-policy: False
	Count On-policy: True
	Originally on Policy: True
	Invalid: False
	Traversal: mul,mul,inv,sub,div,add,x3,0.17506556050146924,add,x4,add,inv,x4,x5,sub,-2.601792982616179,x5,10.268350619965265,x5
	Expression:
	                10.268350619965265⋅x₅              
	  ─────────────────────────────────────────────────
	       x₃ + 0.17506556050146924                    
	  x₅ + ──────────────────────── + 2.601792982616179
	                       1                           
	             x₄ + x₅ + ──                          
	                       x₄                          


Priority queue entry 3:
	Reward: 0.771769634173826
	Count Off-policy: False
	Count On-policy: True
	Originally on Policy: True
	Invalid: False
	Traversal: mul,x5,inv,mul,inv,add,add,sub,sub,mul,x5,sub,-3437.5295447808144,x5,-22942.718437883363,x2,22944.707197822783,x5,20305.132986186054
	Expression:
	  x₅⋅(-4.9248630909254223e-5⋅x₂ + 4.9248630909254223e-5⋅x₅⋅(-x₅ - 3437.529544780
	  8144) + 4.9248630909254223e-5⋅x₅ + 2.2598928885087423)


Priority queue entry 4:
	Reward: 0.6797769679212354
	Count Off-policy: False
	Count On-policy: True
	Originally on Policy: True
	Invalid: False
	Traversal: add,sub,5.063622878101909,inv,x5,div,0.009926094183633672,inv,div,x5,mul,x4,x2
	Expression:
	                      1    0.009926094183633672⋅x₅
	  5.063622878101909 - ── + ───────────────────────
	                      x₅            x₂⋅x₄         


Priority queue entry 5:
	Reward: 0.6779499932837826
	Count Off-policy: False
	Count On-policy: True
	Originally on Policy: True
	Invalid: False
	Traversal: add,inv,add,add,inv,x1,mul,add,x5,x1,0.035512221581932644,inv,x5,x5
	Expression:
	                                    1                             
	  x₅ + ───────────────────────────────────────────────────────────
	                                                           1    1 
	       0.035512221581932644⋅x₁ + 0.035512221581932644⋅x₅ + ── + ──
	                                                           x₅   x₁


Priority queue entry 6:
	Reward: 0.6769881144579691
	Count Off-policy: False
	Count On-policy: True
	Originally on Policy: True
	Invalid: False
	Traversal: add,add,0.8872101564645909,mul,mul,inv,x1,-0.004466861229351046,mul,inv,x5,div,x2,mul,2.0597659254159817,x4,x5
	Expression:
	                            0.0021686256550966768⋅x₂
	  x₅ + 0.8872101564645909 - ────────────────────────
	                                    x₁⋅x₄⋅x₅        


Priority queue entry 7:
	Reward: 0.6760730801765032
	Count Off-policy: False
	Count On-policy: True
	Originally on Policy: True
	Invalid: False
	Traversal: sub,inv,add,div,x2,x2,mul,x4,x4,sub,sub,inv,add,mul,x2,x5,x5,1.4134878004018394,x5
	Expression:
	                                1           1   
	  x₅ + 1.4134878004018394 - ────────── + ───────
	                            x₂⋅x₅ + x₅     2    
	                                         x₄  + 1


Priority queue entry 8:
	Reward: 0.6755836813948283
	Count Off-policy: False
	Count On-policy: True
	Originally on Policy: True
	Invalid: False
	Traversal: add,x1,add,x5,mul,mul,add,inv,div,x5,0.08696827144381779,0.7252085938145281,-0.9137038628876734,x1
	Expression:
	     ⎛                     0.07946324556688005⎞          
	  x₁⋅⎜-0.662625893567672 - ───────────────────⎟ + x₁ + x₅
	     ⎝                              x₅        ⎠          


Priority queue entry 9:
	Reward: 0.6739300285293774
	Count Off-policy: False
	Count On-policy: True
	Originally on Policy: True
	Invalid: False
	Traversal: mul,add,0.896775405818934,x5,add,0.9829512976679996,div,sub,x3,x1,add,mul,x3,851.770166644302,1955.8307210446635
	Expression:
	                           ⎛                -x₁ + x₃                            
	  (x₅ + 0.896775405818934)⋅⎜──────────────────────────────────────── + 0.9829512
	                           ⎝851.770166644302⋅x₃ + 1955.8307210446635            

	           ⎞
	  976679996⎟
	           ⎠

-- EVALUATION END ------------------
== TRAINING SEED 0 END ==============
INFO: Completed run 1 of 1 in 56 s

== POST-PROCESS START =================
-- LOADING LOGS START ----------------
Successfully loaded summary data
Successfully loaded Hall of Fame data
Successfully loaded Pareto Front data
-- LOADING LOGS END ------------------

-- ANALYZING LOG START --------------
Task_____________regression
Source path______./log/regression_config_regression_PQT.json_Korns_5.in_normal_0.0_2023-05-30-041634
Runs_____________1
Max Samples/run__15000
Success_rate_____0.0
Hall of Fame (Top 5 of 100)____
    0: S=000 R=0.797488 <-- [x5/(0.096756403173569112*x5 + 0.28367085739334)]
    1: S=000 R=0.797488 <-- [1/(0.09675641260155295 + 0.2836708690164559/x5)]
    2: S=000 R=0.789537 <-- [10.268350619965265*x5/(x5 + (x3 + 0.17506556050146924)/(x4 + x5 + 1/x4) + 2.601792982616179)]
    3: S=000 R=0.771770 <-- [x5*(-4.9248630909254223e-5*x2 + 4.9248630909254223e-5*x5*(-x5 - 3437.5295447808144) + 4.9248630909254223e-5*x5 + 2.2598928885087423)]
    4: S=000 R=0.693050 <-- [x5 + 1.103393389360951 - 0.05937262123517072/(x5*(0.003709738171733261*x3/x4 + 1/x1))]
  Saving Hall of Fame plot to ./log/regression_config_regression_PQT.json_Korns_5.in_normal_0.0_2023-05-30-041634/dso_regression_config_regression_PQT.json_Korns_5.in_normal_0.0_plot_hof.png
Pareto Front (3 of 3)____
    0: S=000 R=0.797488 C=11.00 <-- [x5/(0.096756403173569112*x5 + 0.28367085739334)]
    1: S=000 R=0.673938 C=10.00 <-- [0.982701609920105*x5 + 0.8812077866758274]
    2: S=000 R=0.673938 C=5.00 <-- [0.9826923666313856*x5 + 0.8812237293410133]
  Saving Pareto Front plot to ./log/regression_config_regression_PQT.json_Korns_5.in_normal_0.0_2023-05-30-041634/dso_regression_config_regression_PQT.json_Korns_5.in_normal_0.0_plot_pf.png
-- ANALYZING LOG END ----------------
== POST-PROCESS END ===================
