['mul', 'pow', 'X_3', -2, 'mul', 'pow', 'X_0', 0.5, 'mul', 'pow', 'log', 'X_1', -1, 'exp', 'X_2']
--------------------
eq_name 	 Korns_9
num_vars 	 5
vars_range_and_types 	 [{"name": "LogUniform", "range": [0.1, 10], "only_positive": true}, {"name": "LogUniform", "range": [0.1, 10], "only_positive": true}, {"name": "LogUniform", "range": [0.1, 10], "only_positive": true}, {"name": "LogUniform", "range": [0.1, 10], "only_positive": true}, {"name": "LogUniform", "range": [0.1, 10], "only_positive": true}]
function_set 	 ['add', 'sub', 'mul', 'div', 'sin', 'cos', 'exp', 'log', 'n2', 'n3', 'sqrt', 'tan', 'tanh', 'const']
eq_expression 	 mul,pow,X_3,-2,mul,pow,X_0,0.5,mul,pow,log,X_1,-1,exp,X_2
expr 	 exp(X_2)*sqrt(Abs(X_0))/(X_3**2*log(Abs(X_1)))
--------------------

== EXPERIMENT SETUP START ===========
Task type            : regression
Starting seed        : 0
Runs                 : 1
== EXPERIMENT SETUP END =============

== TRAINING SEED 0 START ============
self.dataX <dso.symbolic_data_generator.DataX object at 0x2afe8f977e48>, self.data_query_oracle: <dso.symbolic_equation_evaluator_public.Equation_evaluator object at 0x2afe7a1bdd68>
generate dataset!
-- BUILDING PRIOR START -------------
WARNING: Skipping invalid 'RelationalConstraint' with arguments {'targets': [], 'effectors': [], 'relationship': None}. Reason: Prior disabled.
WARNING: Skipping invalid 'TrigConstraint' with arguments {}. Reason: There are no target Tokens.
WARNING: Skipping invalid 'UniformArityPrior' with arguments {}. Reason: Prior disabled.
WARNING: Skipping invalid 'LanguageModelPrior' with arguments {'weight': None}. Reason: Prior disabled.
LengthConstraint: Sequences have minimum length 4.
                  Sequences have maximum length 256.
RepeatConstraint: [const] cannot occur more than 10 times.
RelationalConstraint: [inv] cannot be a child of [inv].
ConstConstraint: [const] cannot be the only unique child of [inv, add, sub, mul, div].
NoInputsConstraint: Sequences contain at least one input variable Token.
SoftLengthPrior: No description available.
-- BUILDING PRIOR END ---------------

-- RUNNING EPOCHS START -------------
[00:00:00:02.30] Training epoch 1/14, current best R: 0.5084

	** New best
	Reward: 0.5083751883394462
	Count Off-policy: False
	Count On-policy: True
	Originally on Policy: True
	Invalid: False
	Traversal: mul,x3,sub,inv,mul,sub,add,x4,x2,0.9985475168510672,x4,x2
	Expression:
	     ⎛                      1                ⎞
	  x₃⋅⎜-x₂ + ─────────────────────────────────⎟
	     ⎝      x₄⋅(x₂ + x₄ - 0.9985475168510672)⎠

[00:00:00:11.44] Training epoch 10/14, current best R: 0.5084
[00:00:00:15.35] Ending training after epoch 14/14, current best R: 0.5084
-- RUNNING EPOCHS END ---------------

-- EVALUATION START ----------------
Saving Hall of Fame to ./log/regression_config_regression_PQT.json_Korns_9.in_normal_0.0_2023-05-30-042510/dso_regression_config_regression_PQT.json_Korns_9.in_normal_0.0_0_hof.csv
Saving Pareto Front to ./log/regression_config_regression_PQT.json_Korns_9.in_normal_0.0_2023-05-30-042510/dso_regression_config_regression_PQT.json_Korns_9.in_normal_0.0_0_pf.csv
Invalid expressions: 214 of 14336 (1.5%).
Error type counts:
  reciprocal: 110 (51.4%)
  true_divide: 104 (48.6%)
Error node counts:
  divide: 214 (100.0%)

Priority queue entry 0:
	Reward: 0.5083751883394462
	Count Off-policy: False
	Count On-policy: True
	Originally on Policy: True
	Invalid: False
	Traversal: mul,x3,sub,inv,mul,sub,add,x4,x2,0.9985475168510672,x4,x2
	Expression:
	     ⎛                      1                ⎞
	  x₃⋅⎜-x₂ + ─────────────────────────────────⎟
	     ⎝      x₄⋅(x₂ + x₄ - 0.9985475168510672)⎠


Priority queue entry 1:
	Reward: 0.5083446578309055
	Count Off-policy: False
	Count On-policy: True
	Originally on Policy: True
	Invalid: False
	Traversal: sub,1.0,inv,div,sub,div,mul,0.885221492364412,x4,x2,x4,sub,div,inv,x4,x4,x1
	Expression:
	                   1                
	            -x₁ + ───               
	                    2               
	                  x₄                
	  - ────────────────────────── + 1.0
	          0.885221492364412⋅x₄      
	    -x₄ + ────────────────────      
	                   x₂               


Priority queue entry 2:
	Reward: 0.5018141061316451
	Count Off-policy: False
	Count On-policy: True
	Originally on Policy: True
	Invalid: False
	Traversal: div,add,div,x3,sub,x4,div,x4,x2,0.9999999999998956,0.014158354880500991
	Expression:
	  70.629674735530797⋅x₃                     
	  ───────────────────── + 70.629674735523423
	              x₄                            
	         x₄ - ──                            
	              x₂                            


Priority queue entry 3:
	Reward: 0.5016519454073441
	Count Off-policy: False
	Count On-policy: True
	Originally on Policy: True
	Invalid: False
	Traversal: mul,x3,mul,x3,inv,mul,inv,div,mul,-193.8374641023407,mul,x1,x5,x4,x1
	Expression:
	                       2    
	  -193.8374641023407⋅x₃ ⋅x₅ 
	  ──────────────────────────
	              x₄            


Priority queue entry 4:
	Reward: 0.5014373918172556
	Count Off-policy: False
	Count On-policy: True
	Originally on Policy: True
	Invalid: False
	Traversal: mul,mul,x5,sub,add,x3,x2,x4,div,div,sub,x2,mul,x3,1.6997859191317866,x4,0.010350256652821875
	Expression:
	  96.615961665777808⋅x₅⋅(x₂ - 1.6997859191317866⋅x₃)⋅(x₂ + x₃ - x₄)
	  ─────────────────────────────────────────────────────────────────
	                                  x₄                               


Priority queue entry 5:
	Reward: 0.5010708930781641
	Count Off-policy: False
	Count On-policy: True
	Originally on Policy: True
	Invalid: False
	Traversal: add,1.0000040300791497,inv,div,x2,div,inv,div,0.009291034477497887,x3,sub,inv,div,x5,1.00203715869688,x4
	Expression:
	                           107.6306413911085⋅x₃   
	  1.0000040300791497 + ───────────────────────────
	                          ⎛      1.00203715869688⎞
	                       x₂⋅⎜-x₄ + ────────────────⎟
	                          ⎝             x₅       ⎠


Priority queue entry 6:
	Reward: 0.5007345821254365
	Count Off-policy: False
	Count On-policy: True
	Originally on Policy: True
	Invalid: False
	Traversal: mul,x5,sub,sub,x2,x1,mul,inv,div,x4,mul,x5,x3,63.79714256087322
	Expression:
	     ⎛           63.79714256087322⋅x₃⋅x₅⎞
	  x₅⋅⎜-x₁ + x₂ - ───────────────────────⎟
	     ⎝                      x₄          ⎠


Priority queue entry 7:
	Reward: 0.5004531393753634
	Count Off-policy: False
	Count On-policy: True
	Originally on Policy: True
	Invalid: False
	Traversal: sub,add,inv,x3,mul,1.000000069843678,mul,div,div,x2,sub,x2,1.0001744914403858,x4,x3,0.9999999999896543
	Expression:
	    1.000000069843678⋅x₂⋅x₃                           1 
	  ──────────────────────────── - 0.9999999999896543 + ──
	  x₄⋅(x₂ - 1.0001744914403858)                        x₃


Priority queue entry 8:
	Reward: 0.5004262213591427
	Count Off-policy: False
	Count On-policy: True
	Originally on Policy: True
	Invalid: False
	Traversal: add,add,1.0,div,x3,x4,div,div,sub,inv,sub,x2,1.0001775973096456,x3,x1,x5
	Expression:
	                              1           
	             -x₃ + ───────────────────────
	  x₃               x₂ - 1.0001775973096456
	  ── + 1.0 + ─────────────────────────────
	  x₄                     x₁⋅x₅            


Priority queue entry 9:
	Reward: 0.50023962421107
	Count Off-policy: False
	Count On-policy: True
	Originally on Policy: True
	Invalid: False
	Traversal: mul,div,mul,x5,add,x4,x5,mul,x2,inv,mul,x3,-22.674040030153666,inv,x4
	Expression:
	  -22.674040030153666⋅x₃⋅x₅⋅(x₄ + x₅) 
	  ────────────────────────────────────
	                 x₂⋅x₄                

-- EVALUATION END ------------------
== TRAINING SEED 0 END ==============
INFO: Completed run 1 of 1 in 17 s

== POST-PROCESS START =================
-- LOADING LOGS START ----------------
Successfully loaded summary data
Successfully loaded Hall of Fame data
Successfully loaded Pareto Front data
-- LOADING LOGS END ------------------

-- ANALYZING LOG START --------------
Task_____________regression
Source path______./log/regression_config_regression_PQT.json_Korns_9.in_normal_0.0_2023-05-30-042510
Runs_____________1
Max Samples/run__15000
Success_rate_____0.0
Hall of Fame (Top 5 of 100)____
    0: S=000 R=0.508375 <-- [x3*(-x2 + 1/(x4*(x2 + x4 - 0.9985475168510672)))]
    1: S=000 R=0.508345 <-- [-(-x1 + x4**(-2))/(-x4 + 0.885221492364412*x4/x2) + 1.0]
    2: S=000 R=0.502158 <-- [26.543921752314162*x5*(-x3**3/x4 + 0.9999076817115643)]
    3: S=000 R=0.502065 <-- [-x3**2/(x2*(1.00153061745916*x2 - 1.00153061745916*x5) + 2*x4 - 0.9979867341879878) + x5]
    4: S=000 R=0.501814 <-- [70.629674735530797*x3/(x4 - x4/x2) + 70.629674735523423]
  Saving Hall of Fame plot to ./log/regression_config_regression_PQT.json_Korns_9.in_normal_0.0_2023-05-30-042510/dso_regression_config_regression_PQT.json_Korns_9.in_normal_0.0_plot_hof.png
Pareto Front (5 of 7)____
    0: S=000 R=0.508375 C=13.00 <-- [x3*(-x2 + 1/(x4*(x2 + x4 - 0.9985475168510672)))]
    1: S=000 R=0.500417 C=11.00 <-- [1/((1.0001736812136477 - x2)*(x4 - 1/x3))]
    2: S=000 R=0.500028 C=10.00 <-- [x2**2*x3**2/x4]
    3: S=000 R=0.500020 C=9.00 <-- [(x3 - x5)/(1.0002087048891415 - x1)]
    4: S=000 R=0.500020 C=7.00 <-- [1.0 - 1/(x1 - 1.0002181458837018)]
  Saving Pareto Front plot to ./log/regression_config_regression_PQT.json_Korns_9.in_normal_0.0_2023-05-30-042510/dso_regression_config_regression_PQT.json_Korns_9.in_normal_0.0_plot_pf.png
-- ANALYZING LOG END ----------------
== POST-PROCESS END ===================
