['add', 6.87, 'mul', 11, 'cos', 'mul', 7.23, 'pow', 'X_0', 3]
--------------------
eq_name 	 Korns_11
num_vars 	 5
vars_range_and_types 	 [{"name": "LogUniform", "range": [0.1, 10], "only_positive": true}, {"name": "LogUniform", "range": [0.1, 10], "only_positive": true}, {"name": "LogUniform", "range": [0.1, 10], "only_positive": true}, {"name": "LogUniform", "range": [0.1, 10], "only_positive": true}, {"name": "LogUniform", "range": [0.1, 10], "only_positive": true}]
function_set 	 ['add', 'sub', 'mul', 'div', 'sin', 'cos', 'exp', 'log', 'n2', 'n3', 'sqrt', 'tan', 'tanh', 'const']
eq_expression 	 add,6.87,mul,11,cos,mul,7.23,pow,X_0,3
expr 	 11*cos(7.23*X_0**3) + 6.87
--------------------

== EXPERIMENT SETUP START ===========
Task type            : regression
Starting seed        : 0
Runs                 : 1
== EXPERIMENT SETUP END =============

== TRAINING SEED 0 START ============
self.dataX <dso.symbolic_data_generator.DataX object at 0x2b9513385518>, self.data_query_oracle: <dso.symbolic_equation_evaluator_public.Equation_evaluator object at 0x2b94fdbcad68>
generate dataset!
-- BUILDING PRIOR START -------------
WARNING: Skipping invalid 'RelationalConstraint' with arguments {'targets': [], 'effectors': [], 'relationship': None}. Reason: Prior disabled.
WARNING: Skipping invalid 'TrigConstraint' with arguments {}. Reason: There are no target Tokens.
WARNING: Skipping invalid 'UniformArityPrior' with arguments {}. Reason: Prior disabled.
WARNING: Skipping invalid 'LanguageModelPrior' with arguments {'weight': None}. Reason: Prior disabled.
LengthConstraint: Sequences have minimum length 4.
                  Sequences have maximum length 256.
RepeatConstraint: [const] cannot occur more than 10 times.
RelationalConstraint: [inv] cannot be a child of [inv].
ConstConstraint: [const] cannot be the only unique child of [inv, add, sub, mul, div].
NoInputsConstraint: Sequences contain at least one input variable Token.
SoftLengthPrior: No description available.
-- BUILDING PRIOR END ---------------

-- RUNNING EPOCHS START -------------
[00:00:00:03.80] Training epoch 1/14, current best R: 0.5354

	** New best
	Reward: 0.5354313048320954
	Count Off-policy: False
	Count On-policy: True
	Originally on Policy: True
	Invalid: False
	Traversal: add,8.269528021459305,add,mul,div,x2,div,add,x4,x2,x4,-0.09147001707891768,inv,x1
	Expression:
	    0.09147001707891768⋅x₂⋅x₄                       1 
	  - ───────────────────────── + 8.269528021459305 + ──
	             x₂ + x₄                                x₁

[00:00:00:06.90] Training epoch 2/14, current best R: 0.5387

	** New best
	Reward: 0.538717356264762
	Count Off-policy: False
	Count On-policy: True
	Originally on Policy: True
	Invalid: False
	Traversal: add,7.724664324852358,inv,add,0.9828149091671443,sub,x1,1.0169103407940085
	Expression:
	                                  1            
	  7.724664324852358 + ─────────────────────────
	                      x₁ - 0.034095431626864202

[00:00:00:25.62] Training epoch 8/14, current best R: 0.5435

	** New best
	Reward: 0.5435212126401615
	Count Off-policy: False
	Count On-policy: True
	Originally on Policy: True
	Invalid: False
	Traversal: sub,mul,inv,add,add,x1,1.096096924915159,x1,25.307815824000766,div,mul,-0.14006284139385108,x1,x5
	Expression:
	  0.14006284139385108⋅x₁      25.307815824000766   
	  ────────────────────── + ────────────────────────
	            x₅             2⋅x₁ + 1.096096924915159

[00:00:00:32.59] Training epoch 10/14, current best R: 0.5435
[00:00:00:36.20] Training epoch 11/14, current best R: 0.5514

	** New best
	Reward: 0.5513889438649312
	Count Off-policy: False
	Count On-policy: True
	Originally on Policy: True
	Invalid: False
	Traversal: div,mul,div,x2,x2,inv,sub,mul,add,1.026809975227357,div,0.4049820912726673,add,inv,x1,0.9525064351883655,0.7260956285853395,0.6844607515585631,0.5455885680279408
	Expression:
	                1.832882979228384              
	  ─────────────────────────────────────────────
	                           0.2940557261284327  
	  0.06110148284184157 + ───────────────────────
	                                             1 
	                        0.9525064351883655 + ──
	                                             x₁

[00:00:00:48.71] Training epoch 14/14, current best R: 0.5514

	** New best
	Reward: 0.5513889438666082
	Count Off-policy: False
	Count On-policy: True
	Originally on Policy: True
	Invalid: False
	Traversal: sub,inv,add,x3,sub,add,sub,div,30.027823077591457,sub,25.59351969711501,div,-0.14159861984029457,x1,x3,0.3932376601436616,1.605155671903968,-30.823440644409697
	Expression:
	                                                    1                           
	  30.823440644409697 + ─────────────────────────────────────────────────────────
	                                                       30.027823077591457       
	                       -1.211918011760306 + ────────────────────────────────────
	                                                                0.14159861984029
	                                            25.59351969711501 + ────────────────
	                                                                         x₁     

   
	  ───
   
	  ───
	  457
	  ───
   

[00:00:00:48.72] Ending training after epoch 14/14, current best R: 0.5514
-- RUNNING EPOCHS END ---------------

-- EVALUATION START ----------------
Saving Hall of Fame to ./log/regression_config_regression_PQT.json_Korns_11.in_normal_0.0_2023-05-30-035320/dso_regression_config_regression_PQT.json_Korns_11.in_normal_0.0_0_hof.csv
Saving Pareto Front to ./log/regression_config_regression_PQT.json_Korns_11.in_normal_0.0_2023-05-30-035320/dso_regression_config_regression_PQT.json_Korns_11.in_normal_0.0_0_pf.csv
Invalid expressions: 196 of 14336 (1.4%).
Error type counts:
  reciprocal: 94 (48.0%)
  true_divide: 102 (52.0%)
Error node counts:
  divide: 196 (100.0%)

Priority queue entry 0:
	Reward: 0.5513889438666082
	Count Off-policy: False
	Count On-policy: True
	Originally on Policy: True
	Invalid: False
	Traversal: sub,inv,add,x3,sub,add,sub,div,30.027823077591457,sub,25.59351969711501,div,-0.14159861984029457,x1,x3,0.3932376601436616,1.605155671903968,-30.823440644409697
	Expression:
	                                                    1                           
	  30.823440644409697 + ─────────────────────────────────────────────────────────
	                                                       30.027823077591457       
	                       -1.211918011760306 + ────────────────────────────────────
	                                                                0.14159861984029
	                                            25.59351969711501 + ────────────────
	                                                                         x₁     

   
	  ───
   
	  ───
	  457
	  ───
   


Priority queue entry 1:
	Reward: 0.5513889438649312
	Count Off-policy: False
	Count On-policy: True
	Originally on Policy: True
	Invalid: False
	Traversal: div,mul,div,x2,x2,inv,sub,mul,add,1.026809975227357,div,0.4049820912726673,add,inv,x1,0.9525064351883655,0.7260956285853395,0.6844607515585631,0.5455885680279408
	Expression:
	                1.832882979228384              
	  ─────────────────────────────────────────────
	                           0.2940557261284327  
	  0.06110148284184157 + ───────────────────────
	                                             1 
	                        0.9525064351883655 + ──
	                                             x₁


Priority queue entry 2:
	Reward: 0.5452730815930612
	Count Off-policy: False
	Count On-policy: True
	Originally on Policy: True
	Invalid: False
	Traversal: sub,mul,add,inv,x1,div,inv,add,add,x2,1872.8728967088352,x4,sub,2.236878480222161,x1,1.7673613672953556,-6.546148760678247
	Expression:
	                                         1.7673613672953556                     
	  6.546148760678247 + ─────────────────────────────────────────────────────── + 
	                      (2.236878480222161 - x₁)⋅(x₂ + x₄ + 1872.8728967088352)   

	  1.7673613672953556
	  ──────────────────
	          x₁        


Priority queue entry 3:
	Reward: 0.5435212126401615
	Count Off-policy: False
	Count On-policy: True
	Originally on Policy: True
	Invalid: False
	Traversal: sub,mul,inv,add,add,x1,1.096096924915159,x1,25.307815824000766,div,mul,-0.14006284139385108,x1,x5
	Expression:
	  0.14006284139385108⋅x₁      25.307815824000766   
	  ────────────────────── + ────────────────────────
	            x₅             2⋅x₁ + 1.096096924915159


Priority queue entry 4:
	Reward: 0.538717356264762
	Count Off-policy: False
	Count On-policy: True
	Originally on Policy: True
	Invalid: False
	Traversal: add,7.724664324852358,inv,add,0.9828149091671443,sub,x1,1.0169103407940085
	Expression:
	                                  1            
	  7.724664324852358 + ─────────────────────────
	                      x₁ - 0.034095431626864202


Priority queue entry 5:
	Reward: 0.5379235011581943
	Count Off-policy: False
	Count On-policy: True
	Originally on Policy: True
	Invalid: False
	Traversal: div,15496.195908408998,add,x5,inv,div,div,x4,div,7850.370046031854,div,8.230714590945862,add,0.7681155688648034,x1,x4
	Expression:
	                15496.195908408998             
	  ─────────────────────────────────────────────
	  953.7896083369962⋅x₁ + x₅ + 732.6206475851099


Priority queue entry 6:
	Reward: 0.5379218241719806
	Count Off-policy: False
	Count On-policy: True
	Originally on Policy: True
	Invalid: False
	Traversal: div,16.241627387049324,add,0.7700091720399397,div,mul,x1,x5,x5
	Expression:
	     16.241627387049324  
	  ───────────────────────
	  x₁ + 0.7700091720399397


Priority queue entry 7:
	Reward: 0.5379218240884422
	Count Off-policy: False
	Count On-policy: True
	Originally on Policy: True
	Invalid: False
	Traversal: inv,div,add,0.7699998504573234,x1,16.24136608738421
	Expression:
	                       1                      
	  ────────────────────────────────────────────
	  0.06157117539372313⋅x₁ + 0.04740979584564844


Priority queue entry 8:
	Reward: 0.5379182385811084
	Count Off-policy: False
	Count On-policy: True
	Originally on Policy: True
	Invalid: False
	Traversal: mul,add,x5,inv,mul,x2,0.00020796659133343908,div,div,x2,sub,add,x1,1.3850568094480726,0.6143833317727428,296.05104456889893
	Expression:
	                           ⎛     4808.4646364986094⎞
	  0.0033777958846798579⋅x₂⋅⎜x₅ + ──────────────────⎟
	                           ⎝             x₂        ⎠
	  ──────────────────────────────────────────────────
	               x₁ + 0.77067347767532979             


Priority queue entry 9:
	Reward: 0.5354313048320954
	Count Off-policy: False
	Count On-policy: True
	Originally on Policy: True
	Invalid: False
	Traversal: add,8.269528021459305,add,mul,div,x2,div,add,x4,x2,x4,-0.09147001707891768,inv,x1
	Expression:
	    0.09147001707891768⋅x₂⋅x₄                       1 
	  - ───────────────────────── + 8.269528021459305 + ──
	             x₂ + x₄                                x₁

-- EVALUATION END ------------------
== TRAINING SEED 0 END ==============
INFO: Completed run 1 of 1 in 50 s

== POST-PROCESS START =================
-- LOADING LOGS START ----------------
Successfully loaded summary data
Successfully loaded Hall of Fame data
Successfully loaded Pareto Front data
-- LOADING LOGS END ------------------

-- ANALYZING LOG START --------------
Task_____________regression
Source path______./log/regression_config_regression_PQT.json_Korns_11.in_normal_0.0_2023-05-30-035320
Runs_____________1
Max Samples/run__15000
Success_rate_____0.0
Hall of Fame (Top 5 of 100)____
    0: S=000 R=0.551389 <-- [30.823440644409697 + 1/(-1.211918011760306 + 30.027823077591457/(25.59351969711501 + 0.14159861984029457/x1))]
    1: S=000 R=0.551389 <-- [1.832882979228384/(0.06110148284184157 + 0.2940557261284327/(0.9525064351883655 + 1/x1))]
    2: S=000 R=0.545273 <-- [6.546148760678247 + 1.7673613672953556/((2.236878480222161 - x1)*(x2 + x4 + 1872.8728967088352)) + 1.7673613672953556/x1]
    3: S=000 R=0.545267 <-- [6.459836009377168 + (x1/(x4 + 6.987981725339586 + 1/(x2*x4)) + 1.767394599169308)/x1]
    4: S=000 R=0.545257 <-- [1.8633856906789954e-5*(x1 + 369.1898609080634/x1)*(x4 + x5 + 252.52574201818845) + 6.531964487370926]
  Saving Hall of Fame plot to ./log/regression_config_regression_PQT.json_Korns_11.in_normal_0.0_2023-05-30-035320/dso_regression_config_regression_PQT.json_Korns_11.in_normal_0.0_plot_hof.png
Pareto Front (5 of 7)____
    0: S=000 R=0.551389 C=21.00 <-- [30.823440644409697 + 1/(-1.211918011760306 + 30.027823077591457/(25.59351969711501 + 0.14159861984029457/x1))]
    1: S=000 R=0.545273 C=20.00 <-- [6.546148760678247 + 1.7673613672953556/((2.236878480222161 - x1)*(x2 + x4 + 1872.8728967088352)) + 1.7673613672953556/x1]
    2: S=000 R=0.545257 C=16.00 <-- [1.8633856906789954e-5*(x1 + 369.1898609080634/x1)*(x4 + x5 + 252.52574201818845) + 6.531964487370926]
    3: S=000 R=0.538717 C=9.00 <-- [7.724664324852358 + 1/(x1 - 0.034095431626864202)]
    4: S=000 R=0.537922 C=8.00 <-- [1/(0.06157117539372313*x1 + 0.04740979584564844)]
  Saving Pareto Front plot to ./log/regression_config_regression_PQT.json_Korns_11.in_normal_0.0_2023-05-30-035320/dso_regression_config_regression_PQT.json_Korns_11.in_normal_0.0_plot_pf.png
-- ANALYZING LOG END ----------------
== POST-PROCESS END ===================
