['add', 3, 'mul', 2.13, 'log', 'X_4']
--------------------
eq_name 	 Korns_5
num_vars 	 5
vars_range_and_types 	 [{"name": "LogUniform", "range": [0.1, 10], "only_positive": true}, {"name": "LogUniform", "range": [0.1, 10], "only_positive": true}, {"name": "LogUniform", "range": [0.1, 10], "only_positive": true}, {"name": "LogUniform", "range": [0.1, 10], "only_positive": true}, {"name": "LogUniform", "range": [0.1, 10], "only_positive": true}]
function_set 	 ['add', 'sub', 'mul', 'div', 'sin', 'cos', 'exp', 'log', 'n2', 'n3', 'sqrt', 'tan', 'tanh', 'const']
eq_expression 	 add,3,mul,2.13,log,X_4
expr 	 2.13*log(Abs(X_4)) + 3
--------------------

== EXPERIMENT SETUP START ===========
Task type            : regression
Starting seed        : 0
Runs                 : 1
== EXPERIMENT SETUP END =============

== TRAINING SEED 0 START ============
self.dataX <dso.symbolic_data_generator.DataX object at 0x2b6b79e85358>, self.data_query_oracle: <dso.symbolic_equation_evaluator_public.Equation_evaluator object at 0x2b6b65b65da0>
generate dataset!
-- BUILDING PRIOR START -------------
WARNING: Skipping invalid 'RelationalConstraint' with arguments {'targets': [], 'effectors': [], 'relationship': None}. Reason: Prior disabled.
WARNING: Skipping invalid 'TrigConstraint' with arguments {}. Reason: There are no target Tokens.
WARNING: Skipping invalid 'UniformArityPrior' with arguments {}. Reason: Prior disabled.
WARNING: Skipping invalid 'LanguageModelPrior' with arguments {'weight': None}. Reason: Prior disabled.
LengthConstraint: Sequences have minimum length 4.
                  Sequences have maximum length 256.
RepeatConstraint: [const] cannot occur more than 10 times.
RelationalConstraint: [inv] cannot be a child of [inv].
ConstConstraint: [const] cannot be the only unique child of [inv, add, sub, mul, div].
NoInputsConstraint: Sequences contain at least one input variable Token.
SoftLengthPrior: No description available.
-- BUILDING PRIOR END ---------------

-- RUNNING EPOCHS START -------------
gen	iter	pop_size	nevals	uncached_size	best_val              	timer 
0  	0   	1024    	1024  	1024         	(-0.6721874552132765,)	3.7975
1  	1   	1024    	752   	661          	(-0.7959450106262435,)	2.72947
2  	2   	1024    	782   	669          	(-0.9188185722146613,)	3.20441
3  	3   	1024    	739   	613          	(-0.9188185722146613,)	4.10689
4  	4   	1024    	724   	575          	(-0.969571657739823,) 	5.61897
5  	5   	1024    	783   	590          	(-0.969571657739823,) 	4.41581
6  	6   	1024    	764   	565          	(-0.969571657739823,) 	6.438  
7  	7   	1024    	779   	584          	(-0.9890747976588474,)	9.63292
8  	8   	1024    	777   	543          	(-0.9934124133651433,)	11.4961
9  	9   	1024    	737   	519          	(-0.9934124803125044,)	17.3754

--------------------------------------------------
GP Time: 69.0584

Unique expressions evaluated: 7254
Total expression evaluations: 7861
--------------------------------------------------

GP -> best program this epoch:

	Reward: 0.9934124803125044
	Count Off-policy: 1
	Count On-policy: 0
	Originally on Policy: False
	Invalid: False
	Traversal: sub,10.517600479180437,inv,div,0.0253247799810209,inv,add,add,add,3.872836206894212,x5,mul,5.686720329334884e-05,x2,div,add,x5,-0.47556559472658877,add,0.38208660872413375,x5
	Expression:
                                                                              
	  10.517600479180437 - ─────────────────────────────────────────────────────────
	                                                                         0.02532
	                       1.440149411540046e-6⋅x₂ + 0.0253247799810209⋅x₅ + ───────
                                                                              

	   1                                                          
	  ────────────────────────────────────────────────────────────
	  47799810209⋅(x₅ - 0.47556559472658877)                      
	  ────────────────────────────────────── + 0.09807872484212745
	      x₅ + 0.38208660872413375                                

None

--------------------------------------------------

[00:00:01:20.37] Training epoch 1/14, current best R: 0.9934

	** New best
	Reward: 0.9934124803125044
	Count Off-policy: 1
	Count On-policy: 0
	Originally on Policy: False
	Invalid: False
	Traversal: sub,10.517600479180437,inv,div,0.0253247799810209,inv,add,add,add,3.872836206894212,x5,mul,5.686720329334884e-05,x2,div,add,x5,-0.47556559472658877,add,0.38208660872413375,x5
	Expression:
                                                                              
	  10.517600479180437 - ─────────────────────────────────────────────────────────
	                                                                         0.02532
	                       1.440149411540046e-6⋅x₂ + 0.0253247799810209⋅x₅ + ───────
                                                                              

	   1                                                          
	  ────────────────────────────────────────────────────────────
	  47799810209⋅(x₅ - 0.47556559472658877)                      
	  ────────────────────────────────────── + 0.09807872484212745
	      x₅ + 0.38208660872413375                                

10 	0   	1024    	1024  	1020         	(-0.6721864697971232,)	2.29012
11 	1   	1024    	757   	647          	(-0.6818066410086584,)	2.07166
12 	2   	1024    	756   	629          	(-0.9188120552392551,)	4.091  
13 	3   	1024    	786   	628          	(-0.9188185780429163,)	5.85442
14 	4   	1024    	778   	624          	(-0.9692909760890084,)	8.08721
15 	5   	1024    	739   	596          	(-0.9692909760890084,)	11.7285
16 	6   	1024    	758   	614          	(-0.9695716577353448,)	22.4399
17 	7   	1024    	767   	618          	(-0.9934124133729983,)	37.1506
18 	8   	1024    	738   	603          	(-0.9934135270822418,)	48.3852
19 	9   	1024    	767   	601          	(-0.9977351029317127,)	52.7172

--------------------------------------------------
GP Time: 195.054

Unique expressions evaluated: 14788
Total expression evaluations: 15731
--------------------------------------------------

GP -> best program this epoch:

	Reward: 0.9977351029317127
	Count Off-policy: 1
	Count On-policy: 0
	Originally on Policy: False
	Invalid: False
	Traversal: sub,3.8518007251396007,mul,-0.4470314094221324,div,add,inv,mul,div,div,div,x4,add,sub,sub,mul,56.69384582160819,div,56.69383353028091,add,0.4625384964428486,x5,x5,div,-168.9561590848009,x5,add,x3,inv,x1,x3,mul,-0.013932867092750486,x4,x3,mul,16.465150365828443,x5,add,7.757436111477014,x5
	Expression:
	                                          ⎛                                     
	                       0.4470314094221324⋅⎜-0.013932867092750486⋅x₃ + 16.4790832
	                                          ⎝                                     
	  3.8518007251396007 + ─────────────────────────────────────────────────────────
                                                                              

	                   44.782902383844834     2.3540437090301385   0.013932867092750
	  32921193⋅x₅ - ─────────────────────── - ────────────────── - ─────────────────
	                x₅ + 0.4625384964428486           x₅                    x₁      
	  ──────────────────────────────────────────────────────────────────────────────
	    x₅ + 7.757436111477014                                                      

	  486⎞
	  ───⎟
	     ⎠
	  ────
    

None

--------------------------------------------------

[00:00:04:44.91] Training epoch 2/14, current best R: 0.9977

	** New best
	Reward: 0.9977351029317127
	Count Off-policy: 1
	Count On-policy: 0
	Originally on Policy: False
	Invalid: False
	Traversal: sub,3.8518007251396007,mul,-0.4470314094221324,div,add,inv,mul,div,div,div,x4,add,sub,sub,mul,56.69384582160819,div,56.69383353028091,add,0.4625384964428486,x5,x5,div,-168.9561590848009,x5,add,x3,inv,x1,x3,mul,-0.013932867092750486,x4,x3,mul,16.465150365828443,x5,add,7.757436111477014,x5
	Expression:
	                                          ⎛                                     
	                       0.4470314094221324⋅⎜-0.013932867092750486⋅x₃ + 16.4790832
	                                          ⎝                                     
	  3.8518007251396007 + ─────────────────────────────────────────────────────────
                                                                              

	                   44.782902383844834     2.3540437090301385   0.013932867092750
	  32921193⋅x₅ - ─────────────────────── - ────────────────── - ─────────────────
	                x₅ + 0.4625384964428486           x₅                    x₁      
	  ──────────────────────────────────────────────────────────────────────────────
	    x₅ + 7.757436111477014                                                      

	  486⎞
	  ───⎟
	     ⎠
	  ────
    

-- RUNNING EPOCHS END ---------------

-- EVALUATION START ----------------
Saving Hall of Fame to ./log/regression_config_regression_GPMELD.json_Korns_5.in_normal_0.0_2023-05-30-041641/dso_regression_config_regression_GPMELD.json_Korns_5.in_normal_0.0_0_hof.csv
Saving Pareto Front to ./log/regression_config_regression_GPMELD.json_Korns_5.in_normal_0.0_2023-05-30-041641/dso_regression_config_regression_GPMELD.json_Korns_5.in_normal_0.0_0_pf.csv
Invalid expressions: 114 of 17779 (0.6%).
Error type counts:
  true_divide: 57 (50.0%)
  reciprocal: 57 (50.0%)
Error node counts:
  divide: 114 (100.0%)
-- EVALUATION END ------------------
== TRAINING SEED 0 END ==============
INFO: Completed run 1 of 1 in 286 s

== POST-PROCESS START =================
-- LOADING LOGS START ----------------
Successfully loaded summary data
Successfully loaded Hall of Fame data
Successfully loaded Pareto Front data
-- LOADING LOGS END ------------------

-- ANALYZING LOG START --------------
Task_____________regression
Source path______./log/regression_config_regression_GPMELD.json_Korns_5.in_normal_0.0_2023-05-30-041641
Runs_____________1
Max Samples/run__15000
Success_rate_____0.0
Hall of Fame (Top 5 of 100)____
    0: S=000 R=0.997735 <-- [3.8518007251396007 + 0.4470314094221324*(-0.013932867092750486*x3 + 16.479083232921193*x5 - 44.782902383844834/(x5 + 0.4625384964428486) - 2.3540437090301385/x5 - 0.013932867092750486/x1)/(x5 + 7.757436111477014)]
    1: S=000 R=0.997735 <-- [3.8518007251396007 + 0.4470314094221324*(-0.013932867092750486*x3 + 16.479083232921193*x5 - 44.782902383844834/(x5 + 0.4625384964428486) - 2.3540437090301385/x5 - 0.013932867092750486/x1)/(x5 + 7.757436111477014)]
    2: S=000 R=0.993414 <-- [-4.510888384092015 + 15.020396724998987*(x5 - 2.6157039835251763*(-x5 - 0.00036337102763053905*(-x1 - x4)/(10.524826028366064*x5 + 63.171324504961468))/x5)*(x5 - 1.7149284005994577e-6/(-2.041392969193864 + 1/(x2 - x3)))/((x5 + 0.19796015106520015)*(x5 + 5.036252323357684))]
    3: S=000 R=0.993414 <-- [-4.510888384092015 + 15.020396724998987*(x5 - 2.6157039835251763*(-x5 - 0.00036337102763053905*(-x1 - x4)/(10.524826028366064*x5 + 63.171324504961468))/x5)*(x5 - 1.7149284005994577e-6/(-2.041392969193864 + 1/(x2 - x3)))/((x5 + 0.19796015106520015)*(x5 + 5.036252323357684))]
    4: S=000 R=0.993413 <-- [-4.511792932643323 - (x5 + 2.989767585391516e-7/(1/x5 - 1/(x4*x5) - 1/(x2*(x3 - 0.010824395148787195))))*(-7.2191043696156401*x5/(x5 + 5.0362553933908645) - 7.8021991376893132)/(x5 + 0.19796309904057907)]
  Saving Hall of Fame plot to ./log/regression_config_regression_GPMELD.json_Korns_5.in_normal_0.0_2023-05-30-041641/dso_regression_config_regression_GPMELD.json_Korns_5.in_normal_0.0_plot_hof.png
Pareto Front (5 of 15)____
    0: S=000 R=0.997735 C=49.00 <-- [3.8518007251396007 + 0.4470314094221324*(-0.013932867092750486*x3 + 16.479083232921193*x5 - 44.782902383844834/(x5 + 0.4625384964428486) - 2.3540437090301385/x5 - 0.013932867092750486/x1)/(x5 + 7.757436111477014)]
    1: S=000 R=0.993413 C=45.00 <-- [-4.511792932643323 - (x5 + 2.989767585391516e-7/(1/x5 - 1/(x4*x5) - 1/(x2*(x3 - 0.010824395148787195))))*(-7.2191043696156401*x5/(x5 + 5.0362553933908645) - 7.8021991376893132)/(x5 + 0.19796309904057907)]
    2: S=000 R=0.993412 C=41.00 <-- [3.8333907163902086 + 6.6722876971127*(x5 + 8.355697064108313*(3.2715941709721545 - 8.024238893024273e-7/(-x4 - 2.0141619467429375/x3 + x3/x1))/(x5 + 5.0263891889178245) - 5.6858448073246715)/(x5 + 0.19762027223614897)]
    3: S=000 R=0.993412 C=25.00 <-- [10.517600479180437 - 1/(1.440149411540046e-6*x2 + 0.0253247799810209*x5 + 0.0253247799810209*(x5 - 0.47556559472658877)/(x5 + 0.38208660872413375) + 0.09807872484212745)]
    4: S=000 R=0.993412 C=20.00 <-- [2.699900097967318 + 7.809560163069646*(x5 - 1.8412532033287388/(2*x5 + 0.39591528232229417))/(x5 + 5.036137570326361)]
  Saving Pareto Front plot to ./log/regression_config_regression_GPMELD.json_Korns_5.in_normal_0.0_2023-05-30-041641/dso_regression_config_regression_GPMELD.json_Korns_5.in_normal_0.0_plot_pf.png
-- ANALYZING LOG END ----------------
== POST-PROCESS END ===================
