['add', 'X_0', 'add', 'mul', -1, 'pow', 'sin', 'log', 'add', 'mul', 9.32, 'X_0', 'add', 'mul', 6.94, 'pow', 'X_1', 2, 'mul', -5.2, 'pow', 'X_0', 3, 2, 'mul', -1, 'mul', 'X_1', 'pow', 'X_0', 0.5]
--------------------
eq_name 	 Livermore2_Vars2_17
num_vars 	 2
vars_range_and_types 	 [{"name": "LogUniform", "range": [0.1, 10], "only_positive": true}, {"name": "LogUniform", "range": [0.1, 10], "only_positive": true}]
function_set 	 ['add', 'sub', 'mul', 'div', 'sqrt', 'n2', 'n3', 'log', 'sin', 'cos', 'const']
eq_expression 	 add,X_0,add,mul,-1,pow,sin,log,add,mul,9.32,X_0,add,mul,6.94,pow,X_1,2,mul,-5.2,pow,X_0,3,2,mul,-1,mul,X_1,pow,X_0,0.5
expr 	 -sqrt(X_0)*X_1 + X_0 - sin(log(-5.2*X_0**3 + 9.32*X_0 + 6.94*X_1**2))**2
--------------------

== EXPERIMENT SETUP START ===========
Task type            : regression
Starting seed        : 0
Runs                 : 1
== EXPERIMENT SETUP END =============

== TRAINING SEED 0 START ============
self.dataX <dso.symbolic_data_generator.DataX object at 0x2b34bd825438>, self.data_query_oracle: <dso.symbolic_equation_evaluator_public.Equation_evaluator object at 0x2b34a4088d68>
generate dataset!
-- BUILDING PRIOR START -------------
WARNING: Skipping invalid 'RelationalConstraint' with arguments {'targets': [], 'effectors': [], 'relationship': None}. Reason: Prior disabled.
WARNING: Skipping invalid 'TrigConstraint' with arguments {}. Reason: There are no target Tokens.
WARNING: Skipping invalid 'UniformArityPrior' with arguments {}. Reason: Prior disabled.
WARNING: Skipping invalid 'LanguageModelPrior' with arguments {'weight': None}. Reason: Prior disabled.
LengthConstraint: Sequences have minimum length 4.
                  Sequences have maximum length 256.
RepeatConstraint: [const] cannot occur more than 10 times.
RelationalConstraint: [inv] cannot be a child of [inv].
ConstConstraint: [const] cannot be the only unique child of [inv, add, sub, mul, div].
NoInputsConstraint: Sequences contain at least one input variable Token.
SoftLengthPrior: No description available.
-- BUILDING PRIOR END ---------------

-- RUNNING EPOCHS START -------------
[00:00:00:09.95] Training epoch 1/14, current best R: 0.7681

	** New best
	Reward: 0.7680760374762976
	Count Off-policy: False
	Count On-policy: True
	Originally on Policy: True
	Invalid: False
	Traversal: add,-0.48433904011234186,sub,inv,add,div,add,div,inv,x1,0.07324270590109803,x1,mul,sub,x2,x1,-13.857799197520116,-0.02132226778676427,x1
	Expression:
	                                                               1                
	  -x₁ - 0.48433904011234186 + ──────────────────────────────────────────────────
	                                               13.65323669704847                
	                                          x₁ + ─────────────────                
	                                                       x₁                       
	                              ───────────────────────────────────────────── - 0.
	                              13.857799197520116⋅x₁ - 13.857799197520116⋅x₂     

                 
	  ─────────────────
                 
                 
                 
	  02132226778676427
                 

[00:00:00:20.58] Training epoch 2/14, current best R: 0.8469

	** New best
	Reward: 0.8469473955901344
	Count Off-policy: False
	Count On-policy: True
	Originally on Policy: True
	Invalid: False
	Traversal: add,div,add,mul,x1,sub,div,0.07510721510117264,div,inv,add,-6.917331940547217,div,sub,mul,x1,-3628.04248318083,x2,863.5672387056146,x2,1.6375896100459113,x1,x1,x1
	Expression:
	       x₁⋅(0.07510721510117264⋅x₂⋅(-4.2012275600205⋅x₁ - 0.001157987421452998⋅x₂
	  x₁ + ─────────────────────────────────────────────────────────────────────────
	                                                                   x₁           

	   - 6.917331940547217) - 1.6375896100459113) + x₁
	  ────────────────────────────────────────────────
                                                

[00:00:00:46.03] Training epoch 4/14, current best R: 0.8470

	** New best
	Reward: 0.8469955484238245
	Count Off-policy: False
	Count On-policy: True
	Originally on Policy: True
	Invalid: False
	Traversal: mul,0.014963067931532886,add,mul,sub,sub,inv,div,mul,-1.566309504714899,inv,add,sub,div,-2.0683023188922234,x2,x1,-1.6275365680817235,x2,x1,x1,-33.21705417978853,x1
	Expression:
	                                                 ⎛                           2.0
	  1.0090211442867012⋅x₁ + 0.31732491993531879⋅x₂⋅⎜-x₁ - 1.6275365680817235 - ───
	                                                 ⎝                              

	  683023188922234⎞
	  ───────────────⎟
	       x₂        ⎠

[00:00:01:41.33] Training epoch 8/14, current best R: 0.8600

	** New best
	Reward: 0.8599640502058611
	Count Off-policy: False
	Count On-policy: True
	Originally on Policy: True
	Invalid: False
	Traversal: div,sub,mul,mul,add,x1,sub,x1,1.23096170911705,sub,sub,3.484678010014875,inv,x1,x2,0.19637643730205756,x2,1.2928358592276188
	Expression:
	                                                                          ⎛     
	  -0.77349339659980638⋅x₂ + 0.15189587750093742⋅(2⋅x₁ - 1.23096170911705)⋅⎜-x₂ +
	                                                                          ⎝     

	                       1 ⎞
	   3.484678010014875 - ──⎟
	                       x₁⎠

[00:00:02:14.16] Training epoch 10/14, current best R: 0.8600
[00:00:03:29.31] Training epoch 14/14, current best R: 0.9063

	** New best
	Reward: 0.906293238314403
	Count Off-policy: False
	Count On-policy: True
	Originally on Policy: True
	Invalid: False
	Traversal: add,sub,mul,-8.329165642141437,x2,sub,0.6337915474143107,div,x2,add,0.12453210050222537,mul,mul,inv,add,15.623552964020911,x1,0.16714617107654373,x1,x1
	Expression:
	                                                    x₂                          
	  x₁ - 8.329165642141437⋅x₂ + ───────────────────────────────────────────── - 0.
	                               0.16714617107654373⋅x₁                           
	                              ─────────────────────── + 0.12453210050222537     
	                              x₁ + 15.623552964020911                           

                
	  6337915474143107
                
                
                

[00:00:03:29.32] Ending training after epoch 14/14, current best R: 0.9063
-- RUNNING EPOCHS END ---------------

-- EVALUATION START ----------------
Saving Hall of Fame to ./log/regression_config_regression_VPG.json_Livermore2_Vars2_17.in_normal_0.0_2023-05-30-030250/dso_regression_config_regression_VPG.json_Livermore2_Vars2_17.in_normal_0.0_0_hof.csv
Saving Pareto Front to ./log/regression_config_regression_VPG.json_Livermore2_Vars2_17.in_normal_0.0_2023-05-30-030250/dso_regression_config_regression_VPG.json_Livermore2_Vars2_17.in_normal_0.0_0_pf.csv
Invalid expressions: 351 of 14336 (2.4%).
Error type counts:
  reciprocal: 212 (60.4%)
  true_divide: 139 (39.6%)
Error node counts:
  divide: 349 (99.4%)
  invalid: 2 (0.6%)
-- EVALUATION END ------------------
== TRAINING SEED 0 END ==============
INFO: Completed run 1 of 1 in 211 s

== POST-PROCESS START =================
-- LOADING LOGS START ----------------
Successfully loaded summary data
Successfully loaded Hall of Fame data
Successfully loaded Pareto Front data
-- LOADING LOGS END ------------------

-- ANALYZING LOG START --------------
Task_____________regression
Source path______./log/regression_config_regression_VPG.json_Livermore2_Vars2_17.in_normal_0.0_2023-05-30-030250
Runs_____________1
Max Samples/run__15000
Success_rate_____0.0
Hall of Fame (Top 5 of 100)____
    0: S=000 R=0.906293 <-- [x1 - 8.329165642141437*x2 + x2/(0.16714617107654373*x1/(x1 + 15.623552964020911) + 0.12453210050222537) - 0.6337915474143107]
    1: S=000 R=0.859964 <-- [-0.77349339659980638*x2 + 0.15189587750093742*(2*x1 - 1.23096170911705)*(-x2 + 3.484678010014875 - 1/x1)]
    2: S=000 R=0.853582 <-- [-x1*(-0.06030750292309357*x1 + x2 - 0.4783229660114834) + x2*(0.6940149986840835*x1 - 0.5735090153855702)]
    3: S=000 R=0.846996 <-- [1.0090211442867012*x1 + 0.31732491993531879*x2*(-x1 - 1.6275365680817235 - 2.0683023188922234/x2)]
    4: S=000 R=0.846996 <-- [0.0051601644987886796*x1*(195.54085509895955 - 61.49513602635661*x2) - 0.516458529778989*x2 - 0.65632378337333936]
  Saving Hall of Fame plot to ./log/regression_config_regression_VPG.json_Livermore2_Vars2_17.in_normal_0.0_2023-05-30-030250/dso_regression_config_regression_VPG.json_Livermore2_Vars2_17.in_normal_0.0_plot_hof.png
Pareto Front (5 of 7)____
    0: S=000 R=0.906293 C=22.00 <-- [x1 - 8.329165642141437*x2 + x2/(0.16714617107654373*x1/(x1 + 15.623552964020911) + 0.12453210050222537) - 0.6337915474143107]
    1: S=000 R=0.859964 C=20.00 <-- [-0.77349339659980638*x2 + 0.15189587750093742*(2*x1 - 1.23096170911705)*(-x2 + 3.484678010014875 - 1/x1)]
    2: S=000 R=0.853582 C=17.00 <-- [-x1*(-0.06030750292309357*x1 + x2 - 0.4783229660114834) + x2*(0.6940149986840835*x1 - 0.5735090153855702)]
    3: S=000 R=0.846955 C=11.00 <-- [x1 - x2*(0.31554191240944496*x1 + 0.5202333780358465) - 0.6370506289460391]
    4: S=000 R=0.675120 C=10.00 <-- [x1*(0.8789946090463122 - 0.41988891466389342*x2)]
  Saving Pareto Front plot to ./log/regression_config_regression_VPG.json_Livermore2_Vars2_17.in_normal_0.0_2023-05-30-030250/dso_regression_config_regression_VPG.json_Livermore2_Vars2_17.in_normal_0.0_plot_pf.png
-- ANALYZING LOG END ----------------
== POST-PROCESS END ===================
