['mul', 'pow', 'X_0', -1, 'mul', 'pow', 'add', 'X_1', 'pow', 'X_1', 0.5, -1, 'add', 'X_0', 'mul', 20.08, 'mul', 'X_0', 'pow', 'X_1', 2]
--------------------
eq_name 	 Livermore2_Vars2_18
num_vars 	 2
vars_range_and_types 	 [{"name": "LogUniform", "range": [0.1, 10], "only_positive": true}, {"name": "LogUniform", "range": [0.1, 10], "only_positive": true}]
function_set 	 ['add', 'sub', 'mul', 'div', 'sqrt', 'n2', 'const']
eq_expression 	 mul,pow,X_0,-1,mul,pow,add,X_1,pow,X_1,0.5,-1,add,X_0,mul,20.08,mul,X_0,pow,X_1,2
expr 	 (20.08*X_0*X_1**2 + X_0)/(X_0*(sqrt(X_1) + X_1))
--------------------

== EXPERIMENT SETUP START ===========
Task type            : regression
Starting seed        : 0
Runs                 : 1
== EXPERIMENT SETUP END =============

== TRAINING SEED 0 START ============
self.dataX <dso.symbolic_data_generator.DataX object at 0x2abdddcfdb00>, self.data_query_oracle: <dso.symbolic_equation_evaluator_public.Equation_evaluator object at 0x2abdc4598cf8>
generate dataset!
-- BUILDING PRIOR START -------------
WARNING: Skipping invalid 'RelationalConstraint' with arguments {'targets': [], 'effectors': [], 'relationship': None}. Reason: Prior disabled.
WARNING: Skipping invalid 'TrigConstraint' with arguments {}. Reason: There are no target Tokens.
WARNING: Skipping invalid 'UniformArityPrior' with arguments {}. Reason: Prior disabled.
WARNING: Skipping invalid 'LanguageModelPrior' with arguments {'weight': None}. Reason: Prior disabled.
LengthConstraint: Sequences have minimum length 4.
                  Sequences have maximum length 256.
RepeatConstraint: [const] cannot occur more than 10 times.
RelationalConstraint: [inv] cannot be a child of [inv].
ConstConstraint: [const] cannot be the only unique child of [inv, add, sub, mul, div].
NoInputsConstraint: Sequences contain at least one input variable Token.
SoftLengthPrior: No description available.
-- BUILDING PRIOR END ---------------

-- RUNNING EPOCHS START -------------
[00:00:00:11.91] Training epoch 1/14, current best R: 0.9844

	** New best
	Reward: 0.984356829708325
	Count Off-policy: False
	Count On-policy: True
	Originally on Policy: True
	Invalid: False
	Traversal: mul,x2,add,sub,x2,div,sub,mul,sub,sub,add,0.29342812052703343,x1,mul,inv,add,8.282173203064648,x2,3.433659447987011,x1,x2,1.6036045915483077,0.24109211753779036,2.9560167377253195
	Expression:
	     ⎛                        ⎛                        3.433659447987011   ⎞    
	  x₂⋅⎜- 4.1477921809005367⋅x₂⋅⎜0.29342812052703343 - ──────────────────────⎟ + x
	     ⎝                        ⎝                      x₂ + 8.282173203064648⎠    

	                       ⎞
	  ₂ + 9.607435323805589⎟
	                       ⎠

[00:00:01:07.26] Training epoch 6/14, current best R: 0.9942

	** New best
	Reward: 0.9941976195109614
	Count Off-policy: False
	Count On-policy: True
	Originally on Policy: True
	Invalid: False
	Traversal: add,inv,mul,inv,x2,add,0.05898836695067158,mul,div,0.39709216228528066,sub,add,1.394033344276048,add,x2,x2,0.6059514389595005,0.39709216228527483,1.8197478908973868
	Expression:
	                         x₂                                           
	  ─────────────────────────────────────────────── + 1.8197478908973868
	                           0.15768218534839736                        
	  0.05898836695067158 + ─────────────────────────                     
	                        2⋅x₂ + 0.7880819053165475                     

[00:00:02:03.24] Training epoch 10/14, current best R: 0.9983

	** New best
	Reward: 0.9983386575735776
	Count Off-policy: False
	Count On-policy: True
	Originally on Policy: True
	Invalid: False
	Traversal: add,div,0.26013290762864494,x2,mul,sub,sub,x2,add,mul,-8.851334017711338,div,inv,sub,sub,add,x2,x2,-3.3113491799931367,x2,1.6258154539737235,0.8349151334025279,0.8349151334043213,17.439304322133157
	Expression:
	                                                  94.943806330809037     0.26013
	  17.439304322133157⋅x₂ - 29.120678189153448 + ─────────────────────── + ───────
	                                               x₂ + 3.3113491799931367          

	  290762864494
	  ────────────
	    x₂        

[00:00:02:03.25] Training epoch 10/14, current best R: 0.9983
[00:00:03:03.50] Ending training after epoch 14/14, current best R: 0.9983
-- RUNNING EPOCHS END ---------------

-- EVALUATION START ----------------
Saving Hall of Fame to ./log/regression_config_regression_VPG.json_Livermore2_Vars2_18.in_normal_0.0_2023-05-30-030603/dso_regression_config_regression_VPG.json_Livermore2_Vars2_18.in_normal_0.0_0_hof.csv
Saving Pareto Front to ./log/regression_config_regression_VPG.json_Livermore2_Vars2_18.in_normal_0.0_2023-05-30-030603/dso_regression_config_regression_VPG.json_Livermore2_Vars2_18.in_normal_0.0_0_pf.csv
Invalid expressions: 349 of 14336 (2.4%).
Error type counts:
  reciprocal: 209 (59.9%)
  true_divide: 140 (40.1%)
Error node counts:
  divide: 349 (100.0%)
-- EVALUATION END ------------------
== TRAINING SEED 0 END ==============
INFO: Completed run 1 of 1 in 185 s

== POST-PROCESS START =================
-- LOADING LOGS START ----------------
Successfully loaded summary data
Successfully loaded Hall of Fame data
Successfully loaded Pareto Front data
-- LOADING LOGS END ------------------

-- ANALYZING LOG START --------------
Task_____________regression
Source path______./log/regression_config_regression_VPG.json_Livermore2_Vars2_18.in_normal_0.0_2023-05-30-030603
Runs_____________1
Max Samples/run__15000
Success_rate_____0.0
Hall of Fame (Top 5 of 100)____
    0: S=000 R=0.998339 <-- [17.439304322133157*x2 - 29.120678189153448 + 94.943806330809037/(x2 + 3.3113491799931367) + 0.26013290762864494/x2]
    1: S=000 R=0.994198 <-- [16.9524745580085*x2 - 20.837856355359573 + 78.42023938668392/(2*x2 + 3.460277153775382 + 0.00038088836282919661/x1)]
    2: S=000 R=0.994198 <-- [x2/(0.05898836695067158 + 0.15768218534839736/(2*x2 + 0.7880819053165475)) + 1.8197478908973868]
    3: S=000 R=0.994198 <-- [16.95248450521787*x2 - 20.837990575304755 - 39.2106218398355/(-x2 - 1.7305585501648166)]
    4: S=000 R=0.994198 <-- [16.952509898066486*x2 - 20.838360854640317 + 1/(0.02550206034754337*x2 + 0.044134400182407355)]
  Saving Hall of Fame plot to ./log/regression_config_regression_VPG.json_Livermore2_Vars2_18.in_normal_0.0_2023-05-30-030603/dso_regression_config_regression_VPG.json_Livermore2_Vars2_18.in_normal_0.0_plot_hof.png
Pareto Front (5 of 7)____
    0: S=000 R=0.998339 C=27.00 <-- [17.439304322133157*x2 - 29.120678189153448 + 94.943806330809037/(x2 + 3.3113491799931367) + 0.26013290762864494/x2]
    1: S=000 R=0.994198 C=22.00 <-- [x2/(0.05898836695067158 + 0.15768218534839736/(2*x2 + 0.7880819053165475)) + 1.8197478908973868]
    2: S=000 R=0.994198 C=16.00 <-- [16.952509898066486*x2 - 20.838360854640317 + 1/(0.02550206034754337*x2 + 0.044134400182407355)]
    3: S=000 R=0.972416 C=13.00 <-- [(0.042078196336019698 - x2)*(-0.3674173895727786*x2 - 11.942544894122585)]
    4: S=000 R=0.971300 C=9.00 <-- [0.6293481416938628*x2*(0.6293481416939313*x2 + 18.488172882513502)]
  Saving Pareto Front plot to ./log/regression_config_regression_VPG.json_Livermore2_Vars2_18.in_normal_0.0_2023-05-30-030603/dso_regression_config_regression_VPG.json_Livermore2_Vars2_18.in_normal_0.0_plot_pf.png
-- ANALYZING LOG END ----------------
== POST-PROCESS END ===================
