['add', 'mul', 0.5, 'exp', 'X_0', 'mul', -0.5, 'exp', 'mul', -1, 'X_0']
--------------------
eq_name 	 Livermore_7
num_vars 	 1
vars_range_and_types 	 [{"name": "LogUniform", "range": [0.1, 10], "only_positive": true}]
function_set 	 ['add', 'sub', 'mul', 'div', 'exp', 'log', 'const']
eq_expression 	 add,mul,0.5,exp,X_0,mul,-0.5,exp,mul,-1,X_0
expr 	 exp(X_0)/2 - exp(-X_0)/2
--------------------

== EXPERIMENT SETUP START ===========
Task type            : regression
Starting seed        : 0
Runs                 : 1
== EXPERIMENT SETUP END =============

== TRAINING SEED 0 START ============
self.dataX <dso.symbolic_data_generator.DataX object at 0x2b5f4ae02240>, self.data_query_oracle: <dso.symbolic_equation_evaluator_public.Equation_evaluator object at 0x2b5f69ea4da0>
generate dataset!
-- BUILDING PRIOR START -------------
WARNING: Skipping invalid 'RelationalConstraint' with arguments {'targets': [], 'effectors': [], 'relationship': None}. Reason: Prior disabled.
WARNING: Skipping invalid 'TrigConstraint' with arguments {}. Reason: There are no target Tokens.
WARNING: Skipping invalid 'UniformArityPrior' with arguments {}. Reason: Prior disabled.
WARNING: Skipping invalid 'LanguageModelPrior' with arguments {'weight': None}. Reason: Prior disabled.
LengthConstraint: Sequences have minimum length 4.
                  Sequences have maximum length 256.
RepeatConstraint: [const] cannot occur more than 10 times.
RelationalConstraint: [inv] cannot be a child of [inv].
ConstConstraint: [const] cannot be the only unique child of [inv, add, sub, mul, div].
NoInputsConstraint: Sequences contain at least one input variable Token.
SoftLengthPrior: No description available.
-- BUILDING PRIOR END ---------------

-- RUNNING EPOCHS START -------------
gen	iter	pop_size	nevals	uncached_size	best_val              	timer  
0  	0   	1024    	1024  	1024         	(-0.9757462351191385,)	18.5556
1  	1   	1024    	789   	608          	(-0.9757462351191385,)	15.7867
2  	2   	1024    	770   	565          	(-0.9903178401910473,)	19.2649
3  	3   	1024    	755   	543          	(-0.9920366720805635,)	25.0859
4  	4   	1024    	760   	551          	(-0.9967982422616696,)	34.0971
5  	5   	1024    	747   	475          	(-0.9982402129398584,)	34.5416
6  	6   	1024    	763   	508          	(-0.9986831202105687,)	37.9388
7  	7   	1024    	775   	511          	(-0.9987780139815075,)	47.6561
8  	8   	1024    	759   	455          	(-0.9996174855944687,)	41.1467
9  	9   	1024    	789   	451          	(-0.9996174855944687,)	44.9533

--------------------------------------------------
GP Time: 319.275

Unique expressions evaluated: 6574
Total expression evaluations: 7931
--------------------------------------------------

GP -> best program this epoch:

	Reward: 0.9996174855944687
	Count Off-policy: 1
	Count On-policy: 0
	Originally on Policy: False
	Invalid: False
	Traversal: add,0.7871597542613211,add,add,sub,div,mul,sub,mul,mul,x1,x1,add,sub,mul,mul,0.08131106627745964,add,sub,x1,sub,x1,add,x1,inv,x1,inv,x1,x1,x1,4.590768139829691,x1,x1,add,-0.14877468078854106,div,div,20.04927347140484,mul,x1,x1,div,x1,20.04927408249138,1.2128622121559274,x1,x1
	Expression:
	            ⎛  2 ⎛   ⎛                         0.1626221325549193⎞              
	         x₁⋅⎜x₁ ⋅⎜x₁⋅⎜0.08131106627745964⋅x₁ + ──────────────────⎟ - x₁ + 4.5907
	            ⎝    ⎝   ⎝                                 x₁        ⎠              
	  2⋅x₁ + ───────────────────────────────────────────────────────────────────────
	                                                         401.973378983019       
	                                  -0.14877468078854106 + ────────────────       
	                                                                 3              
	                                                               x₁               

	             ⎞     ⎞                      
	  68139829691⎟ - x₁⎟                      
	             ⎠     ⎠                      
	  ────────────────── - 0.42570245789460629
                                        
                                        
                                        
                                        

None

--------------------------------------------------

[00:00:05:44.73] Training epoch 1/14, current best R: 0.9996

	** New best
	Reward: 0.9996174855944687
	Count Off-policy: 1
	Count On-policy: 0
	Originally on Policy: False
	Invalid: False
	Traversal: add,0.7871597542613211,add,add,sub,div,mul,sub,mul,mul,x1,x1,add,sub,mul,mul,0.08131106627745964,add,sub,x1,sub,x1,add,x1,inv,x1,inv,x1,x1,x1,4.590768139829691,x1,x1,add,-0.14877468078854106,div,div,20.04927347140484,mul,x1,x1,div,x1,20.04927408249138,1.2128622121559274,x1,x1
	Expression:
	            ⎛  2 ⎛   ⎛                         0.1626221325549193⎞              
	         x₁⋅⎜x₁ ⋅⎜x₁⋅⎜0.08131106627745964⋅x₁ + ──────────────────⎟ - x₁ + 4.5907
	            ⎝    ⎝   ⎝                                 x₁        ⎠              
	  2⋅x₁ + ───────────────────────────────────────────────────────────────────────
	                                                         401.973378983019       
	                                  -0.14877468078854106 + ────────────────       
	                                                                 3              
	                                                               x₁               

	             ⎞     ⎞                      
	  68139829691⎟ - x₁⎟                      
	             ⎠     ⎠                      
	  ────────────────── - 0.42570245789460629
                                        
                                        
                                        
                                        

10 	0   	1024    	1024  	1016         	(-0.9946229674784657,)	16.84  
11 	1   	1024    	783   	584          	(-0.994748316197356,) 	14.306 
12 	2   	1024    	747   	543          	(-0.996147033819677,) 	17.4263
13 	3   	1024    	769   	532          	(-0.9965240916814175,)	26.2797
14 	4   	1024    	770   	523          	(-0.9971223005672134,)	32.4469
15 	5   	1024    	757   	465          	(-0.9985441648084318,)	30.2893
16 	6   	1024    	790   	493          	(-0.9987345622454978,)	34.368 
17 	7   	1024    	781   	476          	(-0.9987399477216149,)	41.3009
18 	8   	1024    	759   	440          	(-0.999196399198502,) 	51.171 
19 	9   	1024    	741   	474          	(-0.9993193246834143,)	53.1802

--------------------------------------------------
GP Time: 317.863

Unique expressions evaluated: 12987
Total expression evaluations: 15852
--------------------------------------------------

GP -> best program this epoch:

	Reward: 0.9993193246834143
	Count Off-policy: 1
	Count On-policy: 0
	Originally on Policy: False
	Invalid: False
	Traversal: div,x1,div,add,0.006616786286955706,inv,div,mul,add,x1,inv,x1,div,sub,add,x1,div,inv,mul,inv,x1,inv,mul,x1,x1,inv,div,div,add,10.178384593378185,div,-463.6097776636922,x1,add,mul,x1,x1,add,270.7880159850917,x1,x1,-3.44423214203258,add,-0.09621174003595455,inv,x1,25.88069534753002,x1
	Expression:
	                                                      2                         
	                                                    x₁                          
	  ──────────────────────────────────────────────────────────────────────────────
	                                     ⎛                       1 ⎞                
	                   25.88069534753002⋅⎜-0.09621174003595455 + ──⎟                
	                                     ⎝                       x₁⎠                
	  ──────────────────────────────────────────────────────────────────────────────
	            ⎛  2 ⎛                     463.6097776636922⎞                       
	            ⎜x₁ ⋅⎜10.178384593378185 - ─────────────────⎟                       
	  ⎛     1 ⎞ ⎜    ⎝                             x₁       ⎠                       
	  ⎜x₁ + ──⎟⋅⎜──────────────────────────────────────────── + x₁ + 3.4442321420325
	  ⎝     x₁⎠ ⎜          2                                                        
	            ⎝        x₁  + x₁ + 270.7880159850917                               

                         
                         
	  ─────────────────────────
                         
                         
                         
	  ── + 0.006616786286955706
	   ⎞                       
	   ⎟                       
	   ⎟                       
	  8⎟                       
	   ⎟                       
	   ⎠                       

None

--------------------------------------------------

-- RUNNING EPOCHS END ---------------

-- EVALUATION START ----------------
Saving Hall of Fame to ./log/regression_config_regression_GPMELD.json_Livermore_7.in_normal_0.0_2023-05-30-035547/dso_regression_config_regression_GPMELD.json_Livermore_7.in_normal_0.0_0_hof.csv
Saving Pareto Front to ./log/regression_config_regression_GPMELD.json_Livermore_7.in_normal_0.0_2023-05-30-035547/dso_regression_config_regression_GPMELD.json_Livermore_7.in_normal_0.0_0_pf.csv
Invalid expressions: 244 of 17900 (1.4%).
Error type counts:
  reciprocal: 161 (66.0%)
  true_divide: 83 (34.0%)
Error node counts:
  divide: 243 (99.6%)
  invalid: 1 (0.4%)
-- EVALUATION END ------------------
== TRAINING SEED 0 END ==============
INFO: Completed run 1 of 1 in 690 s

== POST-PROCESS START =================
-- LOADING LOGS START ----------------
Successfully loaded summary data
Successfully loaded Hall of Fame data
Successfully loaded Pareto Front data
-- LOADING LOGS END ------------------

-- ANALYZING LOG START --------------
Task_____________regression
Source path______./log/regression_config_regression_GPMELD.json_Livermore_7.in_normal_0.0_2023-05-30-035547
Runs_____________1
Max Samples/run__15000
Success_rate_____0.0
Hall of Fame (Top 5 of 100)____
    0: S=000 R=0.999617 <-- [2*x1 + x1*(x1**2*(x1*(0.08131106627745964*x1 + 0.1626221325549193/x1) - x1 + 4.590768139829691) - x1)/(-0.14877468078854106 + 401.973378983019/x1**3) - 0.42570245789460629]
    1: S=000 R=0.999617 <-- [2*x1 + x1*(x1**2*(x1*(0.08131106627745964*x1 + 0.1626221325549193/x1) - x1 + 4.590768139829691) - x1)/(-0.14877468078854106 + 401.973378983019/x1**3) - 0.42570245789460629]
    2: S=000 R=0.999417 <-- [0.1852831260263184*x1*(x1 - 1.0284367226537743)*(x1 - ((x1 - 5.00158113084291)*(x1 - 2.307166592761613)*(-0.08893296024312088*x1 + 0.8206220265395223 - 3.241679986720857/x1) - 1.8899031432016296)/(-0.07396818970855201 + 1/x1)) + 1.2711622027213583]
    3: S=000 R=0.999417 <-- [0.1852831260263184*x1*(x1 - 1.0284367226537743)*(x1 - ((x1 - 5.00158113084291)*(x1 - 2.307166592761613)*(-0.08893296024312088*x1 + 0.8206220265395223 - 3.241679986720857/x1) - 1.8899031432016296)/(-0.07396818970855201 + 1/x1)) + 1.2711622027213583]
    4: S=000 R=0.999319 <-- [x1**2/(25.88069534753002*(-0.09621174003595455 + 1/x1)/((x1 + 1/x1)*(x1**2*(10.178384593378185 - 463.6097776636922/x1)/(x1**2 + x1 + 270.7880159850917) + x1 + 3.44423214203258)) + 0.006616786286955706)]
  Saving Hall of Fame plot to ./log/regression_config_regression_GPMELD.json_Livermore_7.in_normal_0.0_2023-05-30-035547/dso_regression_config_regression_GPMELD.json_Livermore_7.in_normal_0.0_plot_hof.png
Pareto Front (5 of 21)____
    0: S=000 R=0.999617 C=53.00 <-- [2*x1 + x1*(x1**2*(x1*(0.08131106627745964*x1 + 0.1626221325549193/x1) - x1 + 4.590768139829691) - x1)/(-0.14877468078854106 + 401.973378983019/x1**3) - 0.42570245789460629]
    1: S=000 R=0.999417 C=45.00 <-- [0.1852831260263184*x1*(x1 - 1.0284367226537743)*(x1 - ((x1 - 5.00158113084291)*(x1 - 2.307166592761613)*(-0.08893296024312088*x1 + 0.8206220265395223 - 3.241679986720857/x1) - 1.8899031432016296)/(-0.07396818970855201 + 1/x1)) + 1.2711622027213583]
    2: S=000 R=0.999291 C=44.00 <-- [x1**2*(-x1*(-0.07215843302800395*x1**3/(2*x1 - 64.592591682142574 + 516.0249858158763/x1) - 0.07215843302800395*x1) + 1/x1)]
    3: S=000 R=0.999203 C=40.00 <-- [-x1 + (x1 + 1.406600727130465)*(x1 + x1/(0.03268445237688386 + 12.05876425471956*(-0.9975765312539522/x1 + 1/(x1*(0.1620095363624488*x1 - 0.39055870893821398)))/x1)) - 0.20501595524400648]
    4: S=000 R=0.998871 C=37.00 <-- [(x1 + 0.3287670865154789)*(x1 + x1/(0.07081725388726013 + 1.27295323642524*(-0.9290916437174641 + 1/(x1*(0.031423601344159634*x1 - 0.090638835173522089)))/x1))]
  Saving Pareto Front plot to ./log/regression_config_regression_GPMELD.json_Livermore_7.in_normal_0.0_2023-05-30-035547/dso_regression_config_regression_GPMELD.json_Livermore_7.in_normal_0.0_plot_pf.png
-- ANALYZING LOG END ----------------
== POST-PROCESS END ===================
