['add', 'X_4', 'add', 'mul', -1, 'sin', 'add', 'X_3', 'add', 'mul', -1, 'X_0', 'mul', 'X_0', 'log', 'X_1', 'mul', 2, 'mul', 'X_0', 'mul', 'X_1', 'X_2']
--------------------
eq_name 	 Livermore2_Vars5_3
num_vars 	 5
vars_range_and_types 	 [{"name": "LogUniform", "range": [0.1, 10], "only_positive": true}, {"name": "LogUniform", "range": [0.1, 10], "only_positive": true}, {"name": "LogUniform", "range": [0.1, 10], "only_positive": true}, {"name": "LogUniform", "range": [0.1, 10], "only_positive": true}, {"name": "LogUniform", "range": [0.1, 10], "only_positive": true}]
function_set 	 ['add', 'sub', 'mul', 'div', 'const', 'log', 'sin', 'cos']
eq_expression 	 add,X_4,add,mul,-1,sin,add,X_3,add,mul,-1,X_0,mul,X_0,log,X_1,mul,2,mul,X_0,mul,X_1,X_2
expr 	 2*X_0*X_1*X_2 + X_4 - sin(X_0*log(X_1) - X_0 + X_3)
--------------------

== EXPERIMENT SETUP START ===========
Task type            : regression
Starting seed        : 0
Runs                 : 1
== EXPERIMENT SETUP END =============

== TRAINING SEED 0 START ============
self.dataX <dso.symbolic_data_generator.DataX object at 0x2b7806de1d30>, self.data_query_oracle: <dso.symbolic_equation_evaluator_public.Equation_evaluator object at 0x2b77f1627d68>
generate dataset!
-- BUILDING PRIOR START -------------
WARNING: Skipping invalid 'RelationalConstraint' with arguments {'targets': [], 'effectors': [], 'relationship': None}. Reason: Prior disabled.
WARNING: Skipping invalid 'TrigConstraint' with arguments {}. Reason: There are no target Tokens.
WARNING: Skipping invalid 'UniformArityPrior' with arguments {}. Reason: Prior disabled.
WARNING: Skipping invalid 'LanguageModelPrior' with arguments {'weight': None}. Reason: Prior disabled.
LengthConstraint: Sequences have minimum length 4.
                  Sequences have maximum length 256.
RepeatConstraint: [const] cannot occur more than 10 times.
RelationalConstraint: [inv] cannot be a child of [inv].
ConstConstraint: [const] cannot be the only unique child of [inv, add, sub, mul, div].
NoInputsConstraint: Sequences contain at least one input variable Token.
SoftLengthPrior: No description available.
-- BUILDING PRIOR END ---------------

-- RUNNING EPOCHS START -------------
[00:00:00:04.02] Training epoch 1/14, current best R: 0.6580

	** New best
	Reward: 0.6579984691812019
	Count Off-policy: False
	Count On-policy: True
	Originally on Policy: True
	Invalid: False
	Traversal: add,div,x2,inv,mul,x1,x3,x5
	Expression:
	  x₁⋅x₂⋅x₃ + x₅

[00:00:00:06.79] Training epoch 2/14, current best R: 0.7498

	** New best
	Reward: 0.7498093619742063
	Count Off-policy: False
	Count On-policy: True
	Originally on Policy: True
	Invalid: False
	Traversal: mul,x2,mul,x4,div,0.24008453624511172,mul,x4,div,inv,mul,add,div,3.758608057271566,x2,x1,x2,x3
	Expression:
	                        2    ⎛     3.758608057271566⎞
	  0.24008453624511172⋅x₂ ⋅x₃⋅⎜x₁ + ─────────────────⎟
	                             ⎝             x₂       ⎠

[00:00:00:12.13] Training epoch 4/14, current best R: 0.9492

	** New best
	Reward: 0.9492277568618369
	Count Off-policy: False
	Count On-policy: True
	Originally on Policy: True
	Invalid: False
	Traversal: add,x4,mul,x1,div,x2,div,0.5003556062037329,x3
	Expression:
	  1.998578586112261⋅x₁⋅x₂⋅x₃ + x₄

[00:00:00:25.92] Training epoch 9/14, current best R: 0.9631

	** New best
	Reward: 0.9630935420797714
	Count Off-policy: False
	Count On-policy: True
	Originally on Policy: True
	Invalid: False
	Traversal: add,2.076469466125428,mul,mul,x2,div,x3,0.5000440180601625,x1
	Expression:
	  1.999823943258702⋅x₁⋅x₂⋅x₃ + 2.076469466125428

[00:00:00:28.99] Training epoch 10/14, current best R: 0.9631
[00:00:00:39.87] Ending training after epoch 14/14, current best R: 0.9631
-- RUNNING EPOCHS END ---------------

-- EVALUATION START ----------------
Saving Hall of Fame to ./log/regression_config_regression_PQT.json_Livermore2_Vars5_3.in_normal_0.0_2023-05-30-042004/dso_regression_config_regression_PQT.json_Livermore2_Vars5_3.in_normal_0.0_0_hof.csv
Saving Pareto Front to ./log/regression_config_regression_PQT.json_Livermore2_Vars5_3.in_normal_0.0_2023-05-30-042004/dso_regression_config_regression_PQT.json_Livermore2_Vars5_3.in_normal_0.0_0_pf.csv
Invalid expressions: 203 of 14336 (1.4%).
Error type counts:
  true_divide: 99 (48.8%)
  reciprocal: 104 (51.2%)
Error node counts:
  divide: 203 (100.0%)

Priority queue entry 0:
	Reward: 0.9630935420797714
	Count Off-policy: False
	Count On-policy: True
	Originally on Policy: True
	Invalid: False
	Traversal: add,2.076469466125428,mul,mul,x2,div,x3,0.5000440180601625,x1
	Expression:
	  1.999823943258702⋅x₁⋅x₂⋅x₃ + 2.076469466125428


Priority queue entry 1:
	Reward: 0.9558596330384815
	Count Off-policy: False
	Count On-policy: True
	Originally on Policy: True
	Invalid: False
	Traversal: add,add,x5,x3,mul,mul,x1,x2,div,x3,0.5098314757573684
	Expression:
	  1.961432448858661⋅x₁⋅x₂⋅x₃ + x₃ + x₅


Priority queue entry 2:
	Reward: 0.9538508545354567
	Count Off-policy: False
	Count On-policy: True
	Originally on Policy: True
	Invalid: False
	Traversal: div,div,x3,0.7042741278396736,mul,inv,x2,div,0.7042741278396736,x1
	Expression:
	  2.016120711108693⋅x₁⋅x₂⋅x₃


Priority queue entry 3:
	Reward: 0.9492277568618369
	Count Off-policy: False
	Count On-policy: True
	Originally on Policy: True
	Invalid: False
	Traversal: add,x4,mul,x1,div,x2,div,0.5003556062037329,x3
	Expression:
	  1.998578586112261⋅x₁⋅x₂⋅x₃ + x₄


Priority queue entry 4:
	Reward: 0.9249387739082945
	Count Off-policy: False
	Count On-policy: True
	Originally on Policy: True
	Invalid: False
	Traversal: sub,mul,div,x3,div,inv,x2,x1,2.01976584855764,inv,x1
	Expression:
	                              1 
	  2.01976584855764⋅x₁⋅x₂⋅x₃ - ──
	                              x₁


Priority queue entry 5:
	Reward: 0.7576320345575788
	Count Off-policy: False
	Count On-policy: True
	Originally on Policy: True
	Invalid: False
	Traversal: add,x5,mul,x2,mul,sub,inv,x5,mul,x3,x1,-1.9919597288458522
	Expression:
	     ⎛                           1.9919597288458522⎞     
	  x₂⋅⎜1.9919597288458522⋅x₁⋅x₃ - ──────────────────⎟ + x₅
	     ⎝                                   x₅        ⎠     


Priority queue entry 6:
	Reward: 0.7498093619742063
	Count Off-policy: False
	Count On-policy: True
	Originally on Policy: True
	Invalid: False
	Traversal: mul,x2,mul,x4,div,0.24008453624511172,mul,x4,div,inv,mul,add,div,3.758608057271566,x2,x1,x2,x3
	Expression:
	                        2    ⎛     3.758608057271566⎞
	  0.24008453624511172⋅x₂ ⋅x₃⋅⎜x₁ + ─────────────────⎟
	                             ⎝             x₂       ⎠


Priority queue entry 7:
	Reward: 0.7396489748170341
	Count Off-policy: False
	Count On-policy: True
	Originally on Policy: True
	Invalid: False
	Traversal: mul,mul,mul,x3,x2,div,x1,3.810756507580981,x2
	Expression:
	                          2   
	  0.2624150868759618⋅x₁⋅x₂ ⋅x₃


Priority queue entry 8:
	Reward: 0.6847846683248578
	Count Off-policy: False
	Count On-policy: True
	Originally on Policy: True
	Invalid: False
	Traversal: add,sub,x1,x3,add,x3,div,add,mul,x3,x1,4.524832610167923,inv,x2
	Expression:
	  x₁ + x₂⋅(x₁⋅x₃ + 4.524832610167923)


Priority queue entry 9:
	Reward: 0.6757032309330366
	Count Off-policy: False
	Count On-policy: True
	Originally on Policy: True
	Invalid: False
	Traversal: mul,sub,add,x5,mul,x2,add,inv,mul,add,x3,mul,x4,x1,x5,x1,-2.0345976112983517,x3
	Expression:
	     ⎛   ⎛            1       ⎞                          ⎞
	  x₃⋅⎜x₂⋅⎜x₁ + ───────────────⎟ + x₅ + 2.0345976112983517⎟
	     ⎝   ⎝     x₅⋅(x₁⋅x₄ + x₃)⎠                          ⎠

-- EVALUATION END ------------------
== TRAINING SEED 0 END ==============
INFO: Completed run 1 of 1 in 42 s

== POST-PROCESS START =================
-- LOADING LOGS START ----------------
Successfully loaded summary data
Successfully loaded Hall of Fame data
Successfully loaded Pareto Front data
-- LOADING LOGS END ------------------

-- ANALYZING LOG START --------------
Task_____________regression
Source path______./log/regression_config_regression_PQT.json_Livermore2_Vars5_3.in_normal_0.0_2023-05-30-042004
Runs_____________1
Max Samples/run__15000
Success_rate_____0.0
Hall of Fame (Top 5 of 100)____
    0: S=000 R=0.963094 <-- [1.999823943258702*x1*x2*x3 + 2.076469466125428]
    1: S=000 R=0.955860 <-- [1.961432448858661*x1*x2*x3 + x3 + x5]
    2: S=000 R=0.953851 <-- [2.016120711108693*x1*x2*x3]
    3: S=000 R=0.949228 <-- [1.998578586112261*x1*x2*x3 + x4]
    4: S=000 R=0.924939 <-- [2.01976584855764*x1*x2*x3 - 1/x1]
  Saving Hall of Fame plot to ./log/regression_config_regression_PQT.json_Livermore2_Vars5_3.in_normal_0.0_2023-05-30-042004/dso_regression_config_regression_PQT.json_Livermore2_Vars5_3.in_normal_0.0_plot_hof.png
Pareto Front (4 of 4)____
    0: S=000 R=0.963094 C=10.00 <-- [1.999823943258702*x1*x2*x3 + 2.076469466125428]
    1: S=000 R=0.872743 C=9.00 <-- [2.02309965849655*x1*x2*x3 - 2.02309965849655*x5]
    2: S=000 R=0.664469 C=7.00 <-- [x2*(x1*x3 + x4)]
    3: S=000 R=0.653417 C=5.00 <-- [x1*x2*x3]
  Saving Pareto Front plot to ./log/regression_config_regression_PQT.json_Livermore2_Vars5_3.in_normal_0.0_2023-05-30-042004/dso_regression_config_regression_PQT.json_Livermore2_Vars5_3.in_normal_0.0_plot_pf.png
-- ANALYZING LOG END ----------------
== POST-PROCESS END ===================
