['add', 'X_0', 'add', 'mul', 2, 'pow', 'X_0', 2, 'add', 'mul', 3, 'pow', 'X_0', 3, 'mul', 4, 'pow', 'X_0', 4]
--------------------
eq_name 	 Livermore_6
num_vars 	 1
vars_range_and_types 	 [{"name": "LogUniform", "range": [0.1, 10], "only_positive": true}]
function_set 	 ['add', 'sub', 'mul', 'div', 'sin', 'cos', 'exp', 'log', 'const']
eq_expression 	 add,X_0,add,mul,2,pow,X_0,2,add,mul,3,pow,X_0,3,mul,4,pow,X_0,4
expr 	 4*X_0**4 + 3*X_0**3 + 2*X_0**2 + X_0
--------------------

== EXPERIMENT SETUP START ===========
Task type            : regression
Starting seed        : 0
Runs                 : 1
== EXPERIMENT SETUP END =============

== TRAINING SEED 0 START ============
self.dataX <dso.symbolic_data_generator.DataX object at 0x2b1739dad160>, self.data_query_oracle: <dso.symbolic_equation_evaluator_public.Equation_evaluator object at 0x2b1755383fd0>
generate dataset!
-- BUILDING PRIOR START -------------
WARNING: Skipping invalid 'RelationalConstraint' with arguments {'targets': [], 'effectors': [], 'relationship': None}. Reason: Prior disabled.
WARNING: Skipping invalid 'TrigConstraint' with arguments {}. Reason: There are no target Tokens.
WARNING: Skipping invalid 'UniformArityPrior' with arguments {}. Reason: Prior disabled.
WARNING: Skipping invalid 'LanguageModelPrior' with arguments {'weight': None}. Reason: Prior disabled.
LengthConstraint: Sequences have minimum length 4.
                  Sequences have maximum length 256.
RepeatConstraint: [const] cannot occur more than 10 times.
RelationalConstraint: [inv] cannot be a child of [inv].
ConstConstraint: [const] cannot be the only unique child of [inv, add, sub, mul, div].
NoInputsConstraint: Sequences contain at least one input variable Token.
SoftLengthPrior: No description available.
-- BUILDING PRIOR END ---------------

-- RUNNING EPOCHS START -------------
[00:00:00:18.62] Training epoch 1/14, current best R: 1.0000

	** New best
	Reward: 0.9999831370971641
	Count Off-policy: False
	Count On-policy: True
	Originally on Policy: True
	Invalid: False
	Traversal: mul,x1,mul,mul,mul,mul,sub,inv,x1,sub,mul,inv,add,x1,1.186899007224853,0.639179970458104,add,0.7674265328778564,x1,x1,x1,1.9992737667975746,1.9992737667975764
	Expression:
	                       3 ⎛                            0.639179970458104      1 ⎞
	  3.9970955946049663⋅x₁ ⋅⎜x₁ + 0.7674265328778564 - ────────────────────── + ──⎟
	                         ⎝                          x₁ + 1.186899007224853   x₁⎠

[00:00:02:15.05] Training epoch 8/14, current best R: 1.0000

	** New best
	Reward: 0.9999990762113887
	Count Off-policy: False
	Count On-policy: True
	Originally on Policy: True
	Invalid: False
	Traversal: div,mul,div,4.808176483073884,div,0.43903204528251144,add,mul,mul,x1,add,add,sub,mul,sub,-0.7500471344284877,x1,x1,x1,x1,-0.5003412264697172,-0.1603500929816314,0.03983268895822045,x1,0.4390320418207403
	Expression:
	  2.277738080010813⋅x₁⋅(-1.7561167901465317⋅x₁⋅(x₁⋅(-x₁ - 0.7500471344284877) - 
	  0.5003412264697172) + 0.43623831190561505)

[00:00:02:15.07] Early stopping criteria met; breaking early.
-- RUNNING EPOCHS END ---------------

-- EVALUATION START ----------------
Saving Hall of Fame to ./log/regression_config_regression_VPG.json_Livermore_6.in_normal_0.0_2023-05-30-034700/dso_regression_config_regression_VPG.json_Livermore_6.in_normal_0.0_0_hof.csv
Saving Pareto Front to ./log/regression_config_regression_VPG.json_Livermore_6.in_normal_0.0_2023-05-30-034700/dso_regression_config_regression_VPG.json_Livermore_6.in_normal_0.0_0_pf.csv
Invalid expressions: 333 of 8192 (4.1%).
Error type counts:
  reciprocal: 214 (64.3%)
  true_divide: 119 (35.7%)
Error node counts:
  divide: 332 (99.7%)
  invalid: 1 (0.3%)
-- EVALUATION END ------------------
== TRAINING SEED 0 END ==============
INFO: Completed run 1 of 1 in 136 s

== POST-PROCESS START =================
-- LOADING LOGS START ----------------
Successfully loaded summary data
Successfully loaded Hall of Fame data
Successfully loaded Pareto Front data
-- LOADING LOGS END ------------------

-- ANALYZING LOG START --------------
Task_____________regression
Source path______./log/regression_config_regression_VPG.json_Livermore_6.in_normal_0.0_2023-05-30-034700
Runs_____________1
Max Samples/run__15000
Success_rate_____1.0
Hall of Fame (Top 5 of 100)____
    0: S=000 R=0.999999 <-- [2.277738080010813*x1*(-1.7561167901465317*x1*(x1*(-x1 - 0.7500471344284877) - 0.5003412264697172) + 0.43623831190561505)]
    1: S=000 R=0.999983 <-- [3.9970955946049663*x1**3*(x1 + 0.7674265328778564 - 0.639179970458104/(x1 + 1.186899007224853) + 1/x1)]
    2: S=000 R=0.999983 <-- [x1*(3.9978815614392669*x1 + 3.0392181714491122)*(x1*(x1 + 1/x1) - 0.5547011036022608)]
    3: S=000 R=0.999983 <-- [1.4754336943144213*x1*(2.7096557945542312*x1 + 2.0595534434253)*(x1**2 + 0.44564233700219796)]
    4: S=000 R=0.999983 <-- [-3.997919128751845*x1*(-x1 - 0.760067185936614)*(x1**2 + 0.4456923956816308)]
  Saving Hall of Fame plot to ./log/regression_config_regression_VPG.json_Livermore_6.in_normal_0.0_2023-05-30-034700/dso_regression_config_regression_VPG.json_Livermore_6.in_normal_0.0_plot_hof.png
Pareto Front (5 of 13)____
    0: S=000 R=0.999999 C=28.00 <-- [2.277738080010813*x1*(-1.7561167901465317*x1*(x1*(-x1 - 0.7500471344284877) - 0.5003412264697172) + 0.43623831190561505)]
    1: S=000 R=0.999983 C=25.00 <-- [3.9970955946049663*x1**3*(x1 + 0.7674265328778564 - 0.639179970458104/(x1 + 1.186899007224853) + 1/x1)]
    2: S=000 R=0.999983 C=22.00 <-- [x1*(3.9978815614392669*x1 + 3.0392181714491122)*(x1*(x1 + 1/x1) - 0.5547011036022608)]
    3: S=000 R=0.999983 C=21.00 <-- [1.4754336943144213*x1*(2.7096557945542312*x1 + 2.0595534434253)*(x1**2 + 0.44564233700219796)]
    4: S=000 R=0.999952 C=20.00 <-- [-4.005615752647625*x1**2*(x1*(-x1 - 2.7226698416796555) + 2*x1 - 0.6494026651098306)]
  Saving Pareto Front plot to ./log/regression_config_regression_VPG.json_Livermore_6.in_normal_0.0_2023-05-30-034700/dso_regression_config_regression_VPG.json_Livermore_6.in_normal_0.0_plot_pf.png
-- ANALYZING LOG END ----------------
== POST-PROCESS END ===================
