['add', 3.18, 'add', 'X_1', 'add', 'X_2', 'mul', -1.35, 'mul', 'X_0', 'pow', 'X_1', 2]
--------------------
eq_name 	 Livermore2_Vars3_12
num_vars 	 3
vars_range_and_types 	 [{"name": "LogUniform", "range": [0.1, 10], "only_positive": true}, {"name": "LogUniform", "range": [0.1, 10], "only_positive": true}, {"name": "LogUniform", "range": [0.1, 10], "only_positive": true}]
function_set 	 ['add', 'sub', 'mul', 'div', 'n2', 'const']
eq_expression 	 add,3.18,add,X_1,add,X_2,mul,-1.35,mul,X_0,pow,X_1,2
expr 	 -1.35*X_0*X_1**2 + X_1 + X_2 + 3.18
--------------------

== EXPERIMENT SETUP START ===========
Task type            : regression
Starting seed        : 0
Runs                 : 1
== EXPERIMENT SETUP END =============

== TRAINING SEED 0 START ============
self.dataX <dso.symbolic_data_generator.DataX object at 0x2b678d4855f8>, self.data_query_oracle: <dso.symbolic_equation_evaluator_public.Equation_evaluator object at 0x2b6773cc1d68>
generate dataset!
-- BUILDING PRIOR START -------------
WARNING: Skipping invalid 'RelationalConstraint' with arguments {'targets': [], 'effectors': [], 'relationship': None}. Reason: Prior disabled.
WARNING: Skipping invalid 'TrigConstraint' with arguments {}. Reason: There are no target Tokens.
WARNING: Skipping invalid 'UniformArityPrior' with arguments {}. Reason: Prior disabled.
WARNING: Skipping invalid 'LanguageModelPrior' with arguments {'weight': None}. Reason: Prior disabled.
LengthConstraint: Sequences have minimum length 4.
                  Sequences have maximum length 256.
RepeatConstraint: [const] cannot occur more than 10 times.
RelationalConstraint: [inv] cannot be a child of [inv].
ConstConstraint: [const] cannot be the only unique child of [inv, add, sub, mul, div].
NoInputsConstraint: Sequences contain at least one input variable Token.
SoftLengthPrior: No description available.
-- BUILDING PRIOR END ---------------

-- RUNNING EPOCHS START -------------
[00:00:00:07.01] Training epoch 1/14, current best R: 0.9523

	** New best
	Reward: 0.9522768324524696
	Count Off-policy: False
	Count On-policy: True
	Originally on Policy: True
	Invalid: False
	Traversal: div,sub,x3,mul,x1,div,x2,inv,x2,0.7620236515445243
	Expression:
	                           2                       
	  - 1.312295225972485⋅x₁⋅x₂  + 1.312295225972485⋅x₃

[00:00:00:17.79] Training epoch 3/14, current best R: 0.9731

	** New best
	Reward: 0.9730846816744602
	Count Off-policy: False
	Count On-policy: True
	Originally on Policy: True
	Invalid: False
	Traversal: add,4.287474757768464,mul,sub,mul,mul,div,mul,x1,add,div,add,inv,x2,1.5049195238195043,mul,x2,x1,-1.3500240789908837,x1,x1,x2,0.49507846586515575,x2
	Expression:
	     ⎛      ⎛                                           1 ⎞                     
	     ⎜      ⎜                      1.5049195238195043 + ──⎟                     
	     ⎜      ⎜                                           x₂⎟                     
	  x₂⋅⎜x₁⋅x₂⋅⎜-1.3500240789908837 + ───────────────────────⎟ - 0.4950784658651557
	     ⎝      ⎝                               x₁⋅x₂         ⎠                     

	   ⎞                    
	   ⎟                    
	   ⎟                    
	  5⎟ + 4.287474757768464
	   ⎠                    

[00:00:00:59.71] Training epoch 10/14, current best R: 0.9731
[00:00:01:25.65] Ending training after epoch 14/14, current best R: 0.9731
-- RUNNING EPOCHS END ---------------

-- EVALUATION START ----------------
Saving Hall of Fame to ./log/regression_config_regression_PQT.json_Livermore2_Vars3_12.in_normal_0.0_2023-05-30-042512/dso_regression_config_regression_PQT.json_Livermore2_Vars3_12.in_normal_0.0_0_hof.csv
Saving Pareto Front to ./log/regression_config_regression_PQT.json_Livermore2_Vars3_12.in_normal_0.0_2023-05-30-042512/dso_regression_config_regression_PQT.json_Livermore2_Vars3_12.in_normal_0.0_0_pf.csv
Invalid expressions: 324 of 14336 (2.3%).
Error type counts:
  reciprocal: 187 (57.7%)
  true_divide: 137 (42.3%)
Error node counts:
  divide: 323 (99.7%)
  invalid: 1 (0.3%)

Priority queue entry 0:
	Reward: 0.9730846816744602
	Count Off-policy: False
	Count On-policy: True
	Originally on Policy: True
	Invalid: False
	Traversal: add,4.287474757768464,mul,sub,mul,mul,div,mul,x1,add,div,add,inv,x2,1.5049195238195043,mul,x2,x1,-1.3500240789908837,x1,x1,x2,0.49507846586515575,x2
	Expression:
	     ⎛      ⎛                                           1 ⎞                     
	     ⎜      ⎜                      1.5049195238195043 + ──⎟                     
	     ⎜      ⎜                                           x₂⎟                     
	  x₂⋅⎜x₁⋅x₂⋅⎜-1.3500240789908837 + ───────────────────────⎟ - 0.4950784658651557
	     ⎝      ⎝                               x₁⋅x₂         ⎠                     

	   ⎞                    
	   ⎟                    
	   ⎟                    
	  5⎟ + 4.287474757768464
	   ⎠                    


Priority queue entry 1:
	Reward: 0.967288270608604
	Count Off-policy: False
	Count On-policy: True
	Originally on Policy: True
	Invalid: False
	Traversal: div,sub,2.209019411233997,mul,div,x2,inv,mul,inv,add,mul,2.305882954647087,div,div,x3,x3,x1,-0.010744860254574247,0.9750855266219003,x2,0.32838348704728254
	Expression:
	                                   2                              
	              3.0452201144207177⋅x₂                               
	  - ───────────────────────────────────────── + 6.7269503442355787
	                            2.364800719210365                     
	    -0.011019402874124169 + ─────────────────                     
	                                    x₁                            


Priority queue entry 2:
	Reward: 0.9663268537165882
	Count Off-policy: False
	Count On-policy: True
	Originally on Policy: True
	Invalid: False
	Traversal: add,6.973290643763482,div,add,add,mul,mul,x2,mul,x1,x2,sub,417.13481143169867,x3,x2,2.1576625006587085,-312.32786405767547
	Expression:
	                               2                                                
	  - 0.0032017636435260121⋅x₁⋅x₂ ⋅(417.13481143169867 - x₃) - 0.00320176364352601

                          
	  21⋅x₂ + 6.9663823184138735


Priority queue entry 3:
	Reward: 0.9522768324524696
	Count Off-policy: False
	Count On-policy: True
	Originally on Policy: True
	Invalid: False
	Traversal: div,sub,x3,mul,x1,div,x2,inv,x2,0.7620236515445243
	Expression:
	                           2                       
	  - 1.312295225972485⋅x₁⋅x₂  + 1.312295225972485⋅x₃


Priority queue entry 4:
	Reward: 0.9389769512581311
	Count Off-policy: False
	Count On-policy: True
	Originally on Policy: True
	Invalid: False
	Traversal: div,1.5287133109844708,inv,mul,x2,add,add,x3,mul,add,0.5319185831036952,sub,sub,0.5319185831036926,mul,x2,x1,x3,1.0133418331318813,x1
	Expression:
	  1.5287133109844708⋅x₂⋅(-1.0133418331318813⋅x₁⋅x₂ + x₁ - 0.0133418331318813⋅x₃ 
	  + 1.0780307041584202)


Priority queue entry 5:
	Reward: 0.936930618823284
	Count Off-policy: False
	Count On-policy: True
	Originally on Policy: True
	Invalid: False
	Traversal: mul,x2,mul,mul,-1.2714624125602092,add,add,-0.09225703381258135,mul,x1,1.0601287289271668,-0.09225703381257848,x2
	Expression:
	    2                                              
	  x₂ ⋅(0.23460270157398331 - 1.3479138313061235⋅x₁)


Priority queue entry 6:
	Reward: 0.9338946573071919
	Count Off-policy: False
	Count On-policy: True
	Originally on Policy: True
	Invalid: False
	Traversal: sub,inv,x2,mul,x2,div,x2,div,inv,x1,sub,div,div,1.515867593926851,div,x2,x2,0.7425547983190242,0.7416663800155946
	Expression:
	                          2   1 
	  - 1.29975547512349⋅x₁⋅x₂  + ──
	                              x₂


Priority queue entry 7:
	Reward: 0.9334214562422833
	Count Off-policy: False
	Count On-policy: True
	Originally on Policy: True
	Invalid: False
	Traversal: sub,mul,sub,mul,2.3421429977467008,inv,add,x2,0.025370541859152336,div,x2,0.7537189892974977,mul,x1,x2,x1
	Expression:
	        ⎛                            2.3421429977467008   ⎞     
	  x₁⋅x₂⋅⎜-1.326754419352029⋅x₂ + ─────────────────────────⎟ - x₁
	        ⎝                        x₂ + 0.025370541859152336⎠     


Priority queue entry 8:
	Reward: 0.9314218888453316
	Count Off-policy: False
	Count On-policy: True
	Originally on Policy: True
	Invalid: False
	Traversal: inv,div,div,inv,div,x2,add,0.9180450457429615,inv,sub,div,inv,x2,1.0518939274282828,1.0732669386754525,1.360610206046755,x1
	Expression:
	                     1.360610206046755⋅x₁⋅x₂                    
	  ──────────────────────────────────────────────────────────────
	                                           1                    
	  0.9180450457429615 + ─────────────────────────────────────────
	                                             0.95066619734638512
	                       -1.0732669386754525 + ───────────────────
	                                                      x₂        


Priority queue entry 9:
	Reward: 0.9302375958210082
	Count Off-policy: False
	Count On-policy: True
	Originally on Policy: True
	Invalid: False
	Traversal: mul,-1.410342655900824,div,add,x2,-0.5810582813690579,div,inv,x2,x1
	Expression:
	  -1.410342655900824⋅x₁⋅x₂⋅(x₂ - 0.5810582813690579)

-- EVALUATION END ------------------
== TRAINING SEED 0 END ==============
INFO: Completed run 1 of 1 in 87 s

== POST-PROCESS START =================
-- LOADING LOGS START ----------------
Successfully loaded summary data
Successfully loaded Hall of Fame data
Successfully loaded Pareto Front data
-- LOADING LOGS END ------------------

-- ANALYZING LOG START --------------
Task_____________regression
Source path______./log/regression_config_regression_PQT.json_Livermore2_Vars3_12.in_normal_0.0_2023-05-30-042512
Runs_____________1
Max Samples/run__15000
Success_rate_____0.0
Hall of Fame (Top 5 of 100)____
    0: S=000 R=0.973085 <-- [x2*(x1*x2*(-1.3500240789908837 + (1.5049195238195043 + 1/x2)/(x1*x2)) - 0.49507846586515575) + 4.287474757768464]
    1: S=000 R=0.967288 <-- [-3.0452201144207177*x2**2/(-0.011019402874124169 + 2.364800719210365/x1) + 6.7269503442355787]
    2: S=000 R=0.966327 <-- [-0.0032017636435260121*x1*x2**2*(417.13481143169867 - x3) - 0.0032017636435260121*x2 + 6.9663823184138735]
    3: S=000 R=0.956792 <-- [1.3509664432219331*x2*(-x2*(x1 + 0.22729376665979001) + 3.055322055002266)]
    4: S=000 R=0.952277 <-- [-1.312295225972485*x1*x2**2 + 1.312295225972485*x3]
  Saving Hall of Fame plot to ./log/regression_config_regression_PQT.json_Livermore2_Vars3_12.in_normal_0.0_2023-05-30-042512/dso_regression_config_regression_PQT.json_Livermore2_Vars3_12.in_normal_0.0_plot_hof.png
Pareto Front (5 of 8)____
    0: S=000 R=0.973085 C=27.00 <-- [x2*(x1*x2*(-1.3500240789908837 + (1.5049195238195043 + 1/x2)/(x1*x2)) - 0.49507846586515575) + 4.287474757768464]
    1: S=000 R=0.966327 C=18.00 <-- [-0.0032017636435260121*x1*x2**2*(417.13481143169867 - x3) - 0.0032017636435260121*x2 + 6.9663823184138735]
    2: S=000 R=0.952277 C=13.00 <-- [-1.312295225972485*x1*x2**2 + 1.312295225972485*x3]
    3: S=000 R=0.929950 C=12.00 <-- [-1.434894648662737*x1*x2**2 + x1*x2]
    4: S=000 R=0.898691 C=10.00 <-- [x1*(75.05633262663112 + 1054.3938087634842/(x2 - 14.838422675303619))]
  Saving Pareto Front plot to ./log/regression_config_regression_PQT.json_Livermore2_Vars3_12.in_normal_0.0_2023-05-30-042512/dso_regression_config_regression_PQT.json_Livermore2_Vars3_12.in_normal_0.0_plot_pf.png
-- ANALYZING LOG END ----------------
== POST-PROCESS END ===================
