['mul', 'pow', 'X_0', -1, 'mul', 'pow', 'add', 'X_1', 'pow', 'X_1', 0.5, -1, 'add', 'X_0', 'mul', 20.08, 'mul', 'X_0', 'pow', 'X_1', 2]
--------------------
eq_name 	 Livermore2_Vars2_18
num_vars 	 2
vars_range_and_types 	 [{"name": "LogUniform", "range": [0.1, 10], "only_positive": true}, {"name": "LogUniform", "range": [0.1, 10], "only_positive": true}]
function_set 	 ['add', 'sub', 'mul', 'div', 'sqrt', 'n2', 'const']
eq_expression 	 mul,pow,X_0,-1,mul,pow,add,X_1,pow,X_1,0.5,-1,add,X_0,mul,20.08,mul,X_0,pow,X_1,2
expr 	 (20.08*X_0*X_1**2 + X_0)/(X_0*(sqrt(X_1) + X_1))
--------------------

== EXPERIMENT SETUP START ===========
Task type            : regression
Starting seed        : 0
Runs                 : 1
== EXPERIMENT SETUP END =============

== TRAINING SEED 0 START ============
self.dataX <dso.symbolic_data_generator.DataX object at 0x2b861589a080>, self.data_query_oracle: <dso.symbolic_equation_evaluator_public.Equation_evaluator object at 0x2b863493bcf8>
generate dataset!
-- BUILDING PRIOR START -------------
WARNING: Skipping invalid 'RelationalConstraint' with arguments {'targets': [], 'effectors': [], 'relationship': None}. Reason: Prior disabled.
WARNING: Skipping invalid 'TrigConstraint' with arguments {}. Reason: There are no target Tokens.
WARNING: Skipping invalid 'UniformArityPrior' with arguments {}. Reason: Prior disabled.
WARNING: Skipping invalid 'LanguageModelPrior' with arguments {'weight': None}. Reason: Prior disabled.
LengthConstraint: Sequences have minimum length 4.
                  Sequences have maximum length 256.
RepeatConstraint: [const] cannot occur more than 10 times.
RelationalConstraint: [inv] cannot be a child of [inv].
ConstConstraint: [const] cannot be the only unique child of [inv, add, sub, mul, div].
NoInputsConstraint: Sequences contain at least one input variable Token.
SoftLengthPrior: No description available.
-- BUILDING PRIOR END ---------------

-- RUNNING EPOCHS START -------------
[00:00:00:12.96] Training epoch 1/14, current best R: 0.9941

	** New best
	Reward: 0.9941258944854252
	Count Off-policy: False
	Count On-policy: True
	Originally on Policy: True
	Invalid: False
	Traversal: add,add,1.840775028575061,mul,x2,sub,15.938283398839635,mul,-22.509760437919926,div,inv,x1,div,sub,-1.7092886740789666,x2,x1,x2
	Expression:
	     ⎛                        22.509760437919926   ⎞                         
	  x₂⋅⎜15.938283398839635 + ────────────────────────⎟ + x₂ + 1.840775028575061
	     ⎝                     -x₂ - 1.7092886740789666⎠                         

[00:00:01:33.70] Training epoch 7/14, current best R: 0.9941

	** New best
	Reward: 0.9941258945035196
	Count Off-policy: False
	Count On-policy: True
	Originally on Policy: True
	Invalid: False
	Traversal: sub,add,x2,mul,15.938290803527895,sub,sub,x2,mul,mul,1.4123094548486828,x2,inv,sub,x2,-1.7093025247021265,0.03752190224989742,-2.4387882704936104
	Expression:
	                           22.509798795950256⋅x₂                      
	  16.938290803527895⋅x₂ - ─────────────────────── + 1.8407532809331977
	                          x₂ + 1.7093025247021265                     

[00:00:01:50.60] Training epoch 8/14, current best R: 0.9961

	** New best
	Reward: 0.9961377627598395
	Count Off-policy: False
	Count On-policy: True
	Originally on Policy: True
	Invalid: False
	Traversal: inv,div,div,div,sub,div,1.5336895891568756,mul,sub,-1.107183091483387,x2,inv,add,x2,-0.1398375073340405,x2,x2,x2,-17.310998574716105
	Expression:
	                                     2              
	               -17.310998574716105⋅x₂               
	  ──────────────────────────────────────────────────
	        1.5336895891568756⋅(x₂ - 0.1398375073340405)
	  -x₂ + ────────────────────────────────────────────
	                  -x₂ - 1.107183091483387           

[00:00:02:08.06] Training epoch 9/14, current best R: 0.9967

	** New best
	Reward: 0.9966635750143249
	Count Off-policy: False
	Count On-policy: True
	Originally on Policy: True
	Invalid: False
	Traversal: sub,mul,div,inv,add,mul,inv,x2,div,0.12939205203138363,x2,-4.862439374791602e-05,add,0.9742896594784454,x2,2.0588294822311832,-2.353286170816091
	Expression:
	                                                 2.0588294822311832             
	  2.353286170816091 + ──────────────────────────────────────────────────────────
	                      ⎛                        0.12939205203138363⎞             
	                      ⎜-4.862439374791602e-5 + ───────────────────⎟⋅(x₂ + 0.9742
	                      ⎜                                  2        ⎟             
	                      ⎝                                x₂         ⎠             

             
	  ─────────────
             
	  896594784454)
             
             

[00:00:02:24.81] Training epoch 10/14, current best R: 0.9967
[00:00:03:49.39] Ending training after epoch 14/14, current best R: 0.9967
-- RUNNING EPOCHS END ---------------

-- EVALUATION START ----------------
Saving Hall of Fame to ./log/regression_config_regression_PQT.json_Livermore2_Vars2_18.in_normal_0.0_2023-05-30-030557/dso_regression_config_regression_PQT.json_Livermore2_Vars2_18.in_normal_0.0_0_hof.csv
Saving Pareto Front to ./log/regression_config_regression_PQT.json_Livermore2_Vars2_18.in_normal_0.0_2023-05-30-030557/dso_regression_config_regression_PQT.json_Livermore2_Vars2_18.in_normal_0.0_0_pf.csv
Invalid expressions: 370 of 14336 (2.6%).
Error type counts:
  reciprocal: 236 (63.8%)
  true_divide: 134 (36.2%)
Error node counts:
  divide: 370 (100.0%)

Priority queue entry 0:
	Reward: 0.9966635750143249
	Count Off-policy: False
	Count On-policy: True
	Originally on Policy: True
	Invalid: False
	Traversal: sub,mul,div,inv,add,mul,inv,x2,div,0.12939205203138363,x2,-4.862439374791602e-05,add,0.9742896594784454,x2,2.0588294822311832,-2.353286170816091
	Expression:
	                                                 2.0588294822311832             
	  2.353286170816091 + ──────────────────────────────────────────────────────────
	                      ⎛                        0.12939205203138363⎞             
	                      ⎜-4.862439374791602e-5 + ───────────────────⎟⋅(x₂ + 0.9742
	                      ⎜                                  2        ⎟             
	                      ⎝                                x₂         ⎠             

             
	  ─────────────
             
	  896594784454)
             
             


Priority queue entry 1:
	Reward: 0.9961377627598395
	Count Off-policy: False
	Count On-policy: True
	Originally on Policy: True
	Invalid: False
	Traversal: inv,div,div,div,sub,div,1.5336895891568756,mul,sub,-1.107183091483387,x2,inv,add,x2,-0.1398375073340405,x2,x2,x2,-17.310998574716105
	Expression:
	                                     2              
	               -17.310998574716105⋅x₂               
	  ──────────────────────────────────────────────────
	        1.5336895891568756⋅(x₂ - 0.1398375073340405)
	  -x₂ + ────────────────────────────────────────────
	                  -x₂ - 1.107183091483387           


Priority queue entry 2:
	Reward: 0.994126016745207
	Count Off-policy: False
	Count On-policy: True
	Originally on Policy: True
	Invalid: False
	Traversal: sub,add,mul,38.47427298966354,add,inv,sub,x2,-1.7092528645843552,mul,mul,x1,x2,4.550818922677695e-06,mul,16.937881812339498,x2,20.66863089985776
	Expression:
	                                                                               3
	  0.0001750894495576282⋅x₁⋅x₂ + 16.937881812339498⋅x₂ - 20.66863089985776 + ────
	                                                                            x₂ +

	  8.47427298966354   
	  ───────────────────
	   1.7092528645843552


Priority queue entry 3:
	Reward: 0.9941258945036
	Count Off-policy: False
	Count On-policy: True
	Originally on Policy: True
	Invalid: False
	Traversal: add,mul,add,div,2.6164029975022363,inv,sub,sub,add,x2,inv,div,mul,add,1.7093027107719239,x2,0.5684151792530102,1.784673780779516,0.9002005498677957,0.9002005498677992,x2,4.683739881442134,1.394060974131191
	Expression:
	                                                           12.254551065325968   
	  16.938290946768102⋅x₂ - 20.669046240647688 + ─────────────────────────────────
	                                               0.318498083725271⋅x₂ + 0.54440963

         
	  ─────────
	  788726887


Priority queue entry 4:
	Reward: 0.9941258945035196
	Count Off-policy: False
	Count On-policy: True
	Originally on Policy: True
	Invalid: False
	Traversal: sub,add,x2,mul,15.938290803527895,sub,sub,x2,mul,mul,1.4123094548486828,x2,inv,sub,x2,-1.7093025247021265,0.03752190224989742,-2.4387882704936104
	Expression:
	                           22.509798795950256⋅x₂                      
	  16.938290803527895⋅x₂ - ─────────────────────── + 1.8407532809331977
	                          x₂ + 1.7093025247021265                     


Priority queue entry 5:
	Reward: 0.9941258945018677
	Count Off-policy: False
	Count On-policy: True
	Originally on Policy: True
	Invalid: False
	Traversal: sub,3.748241149369461,sub,div,-16.938308110425186,inv,add,add,div,inv,add,mul,0.8674557561086321,inv,div,x2,0.8674557561086348,0.4402184016782499,x2,-1.6628431301946687,x2,3.748241149369461
	Expression:
	                                                            16.938308110425186  
	  16.938308110425186⋅x₂ - 20.669266979802238 + ─────────────────────────────────
	                                                  ⎛                     0.752479
	                                               x₂⋅⎜0.4402184016782499 + ────────
	                                                  ⎝                             

          
	  ──────────
	  488806001⎞
	  ─────────⎟
	  x₂       ⎠


Priority queue entry 6:
	Reward: 0.9941258944854252
	Count Off-policy: False
	Count On-policy: True
	Originally on Policy: True
	Invalid: False
	Traversal: add,add,1.840775028575061,mul,x2,sub,15.938283398839635,mul,-22.509760437919926,div,inv,x1,div,sub,-1.7092886740789666,x2,x1,x2
	Expression:
	     ⎛                        22.509760437919926   ⎞                         
	  x₂⋅⎜15.938283398839635 + ────────────────────────⎟ + x₂ + 1.840775028575061
	     ⎝                     -x₂ - 1.7092886740789666⎠                         


Priority queue entry 7:
	Reward: 0.994125894437257
	Count Off-policy: False
	Count On-policy: True
	Originally on Policy: True
	Invalid: False
	Traversal: sub,x2,add,div,38.480381985680715,sub,-1.7094300803075584,x2,mul,div,add,mul,x2,7.59880345742386,-9.854664905434204,219.23215895531686,-459.8358136689493
	Expression:
	                                                  38.480381985680715   
	  16.938364094964288⋅x₂ - 20.669996029865202 - ────────────────────────
	                                               -x₂ - 1.7094300803075584


Priority queue entry 8:
	Reward: 0.9941258944246014
	Count Off-policy: False
	Count On-policy: True
	Originally on Policy: True
	Invalid: False
	Traversal: sub,1.840606470959466,mul,div,add,inv,add,-0.14637618814817463,mul,inv,div,x2,-0.6060895605067637,add,add,div,x1,x1,1.1222658523990643,x2,x2,0.8893798439772974,-15.064627234769368
	Expression:
	                                                                       16.938350
	  16.938350173757606⋅x₂ + 1.840606470959466 + ──────────────────────────────────
	                                                                     0.606089560
	                                              -0.14637618814817463 - ───────────
                                                                              

	  173757606                        
	  ─────────────────────────────────
	  5067637⋅(x₂ + 2.1222658523990643)
	  ─────────────────────────────────
	            x₂                     


Priority queue entry 9:
	Reward: 0.9918678228835358
	Count Off-policy: False
	Count On-policy: True
	Originally on Policy: True
	Invalid: False
	Traversal: add,0.8442914628580136,sub,0.8442914628062624,sub,div,sub,mul,x2,x2,add,sub,div,mul,x2,x2,mul,add,1.1932140126492126,x2,0.0004905320626933018,x1,4.867377054962566,121.60589710505526,0.8442914628385216
	Expression:
                                                                              
	                                                      2               0.00822328
	  -0.0082232854146546907⋅x₁ - 0.0082232854146546907⋅x₂  + ──────────────────────
	                                                          0.0004905320626933018⋅

	                2                                 
	  54146546907⋅x₂                                  
	  ─────────────────────────── + 2.5729002192464962
	  x₂ + 0.00058530973085936976                     

-- EVALUATION END ------------------
== TRAINING SEED 0 END ==============
INFO: Completed run 1 of 1 in 231 s

== POST-PROCESS START =================
-- LOADING LOGS START ----------------
Successfully loaded summary data
Successfully loaded Hall of Fame data
Successfully loaded Pareto Front data
-- LOADING LOGS END ------------------

-- ANALYZING LOG START --------------
Task_____________regression
Source path______./log/regression_config_regression_PQT.json_Livermore2_Vars2_18.in_normal_0.0_2023-05-30-030557
Runs_____________1
Max Samples/run__15000
Success_rate_____0.0
Hall of Fame (Top 5 of 100)____
    0: S=000 R=0.996664 <-- [2.353286170816091 + 2.0588294822311832/((-4.862439374791602e-5 + 0.12939205203138363/x2**2)*(x2 + 0.9742896594784454))]
    1: S=000 R=0.996138 <-- [-17.310998574716105*x2**2/(-x2 + 1.5336895891568756*(x2 - 0.1398375073340405)/(-x2 - 1.107183091483387))]
    2: S=000 R=0.994126 <-- [0.0001750894495576282*x1*x2 + 16.937881812339498*x2 - 20.66863089985776 + 38.47427298966354/(x2 + 1.7092528645843552)]
    3: S=000 R=0.994126 <-- [16.938290946768102*x2 - 20.669046240647688 + 12.254551065325968/(0.318498083725271*x2 + 0.54440963788726887)]
    4: S=000 R=0.994126 <-- [16.938290803527895*x2 - 22.509798795950256*x2/(x2 + 1.7093025247021265) + 1.8407532809331977]
  Saving Hall of Fame plot to ./log/regression_config_regression_PQT.json_Livermore2_Vars2_18.in_normal_0.0_2023-05-30-030557/dso_regression_config_regression_PQT.json_Livermore2_Vars2_18.in_normal_0.0_plot_hof.png
Pareto Front (5 of 8)____
    0: S=000 R=0.996664 C=21.00 <-- [2.353286170816091 + 2.0588294822311832/((-4.862439374791602e-5 + 0.12939205203138363/x2**2)*(x2 + 0.9742896594784454))]
    1: S=000 R=0.994126 C=19.00 <-- [0.0001750894495576282*x1*x2 + 16.937881812339498*x2 - 20.66863089985776 + 38.47427298966354/(x2 + 1.7092528645843552)]
    2: S=000 R=0.974177 C=18.00 <-- [2.0738102918975043*x2*(x2 + 40.88915992869593)/(6.720605537724773 + 1/x2)]
    3: S=000 R=0.972888 C=15.00 <-- [0.359750391793813*x2*(x2 + 33.570953350718355 - 3.8342390641573645/(x1 + x2))]
    4: S=000 R=0.972188 C=11.00 <-- [-0.3712035536622786*x2*(-x2 - 29.369900280629604) + x2 - 0.4924976209481808]
  Saving Pareto Front plot to ./log/regression_config_regression_PQT.json_Livermore2_Vars2_18.in_normal_0.0_2023-05-30-030557/dso_regression_config_regression_PQT.json_Livermore2_Vars2_18.in_normal_0.0_plot_pf.png
-- ANALYZING LOG END ----------------
== POST-PROCESS END ===================
