['add', -5, 'mul', 'cos', 'X_0', 'sin', 'pow', 'X_0', 2]
--------------------
eq_name 	 Livermore_18
num_vars 	 1
vars_range_and_types 	 [{"name": "LogUniform", "range": [0.1, 10], "only_positive": true}]
function_set 	 ['add', 'sub', 'mul', 'div', 'sin', 'cos', 'pow', 'const']
eq_expression 	 add,-5,mul,cos,X_0,sin,pow,X_0,2
expr 	 sin(X_0**2)*cos(X_0) - 5
--------------------

== EXPERIMENT SETUP START ===========
Task type            : regression
Starting seed        : 0
Runs                 : 1
== EXPERIMENT SETUP END =============

== TRAINING SEED 0 START ============
self.dataX <dso.symbolic_data_generator.DataX object at 0x2aae67522908>, self.data_query_oracle: <dso.symbolic_equation_evaluator_public.Equation_evaluator object at 0x2aae51ceeda0>
generate dataset!
-- BUILDING PRIOR START -------------
WARNING: Skipping invalid 'RelationalConstraint' with arguments {'targets': [], 'effectors': [], 'relationship': None}. Reason: Prior disabled.
WARNING: Skipping invalid 'TrigConstraint' with arguments {}. Reason: There are no target Tokens.
WARNING: Skipping invalid 'UniformArityPrior' with arguments {}. Reason: Prior disabled.
WARNING: Skipping invalid 'LanguageModelPrior' with arguments {'weight': None}. Reason: Prior disabled.
LengthConstraint: Sequences have minimum length 4.
                  Sequences have maximum length 256.
RepeatConstraint: [const] cannot occur more than 10 times.
RelationalConstraint: [inv] cannot be a child of [inv].
ConstConstraint: [const] cannot be the only unique child of [inv, add, sub, mul, div].
NoInputsConstraint: Sequences contain at least one input variable Token.
SoftLengthPrior: No description available.
-- BUILDING PRIOR END ---------------

-- RUNNING EPOCHS START -------------
[00:00:00:28.95] Training epoch 1/14, current best R: 0.5333

	** New best
	Reward: 0.5332918306592475
	Count Off-policy: False
	Count On-policy: True
	Originally on Policy: True
	Invalid: False
	Traversal: add,mul,mul,sub,inv,add,mul,mul,sub,sub,inv,sub,div,0.00027870457404304943,add,x1,-2.509452003258803,0.43704250167534636,x1,-2.3899169148750805,0.5639261773850984,1.839808924701772,x1,x1,x1,0.0015012227745196342,-4.832088121273471
	Expression:
	                           ⎛                                                   1
	  0.0015012227745196342⋅x₁⋅⎜-x₁ + ──────────────────────────────────────────────
	                           ⎜                                                    
	                           ⎜      -0.03751641402605863⋅x₁ + 2.4795780273414147 +
	                           ⎜                                                    
	                           ⎜                                                    
	                           ⎝                                                    

	                                                ⎞                    
	  ──────────────────────────────────────────────⎟ - 4.832088121273471
	                 1.037516414026059              ⎟                    
	   ─────────────────────────────────────────────⎟                    
	                          0.00027870457404304943⎟                    
	   -0.43704250167534636 + ──────────────────────⎟                    
	                          x₁ - 2.509452003258803⎠                    

[00:00:00:52.13] Training epoch 2/14, current best R: 0.5392

	** New best
	Reward: 0.539157400481756
	Count Off-policy: False
	Count On-policy: True
	Originally on Policy: True
	Invalid: False
	Traversal: mul,0.05561302734554248,sub,add,sub,-82.9292497348812,inv,x1,inv,add,add,add,sub,inv,mul,x1,sub,x1,3.223090649614734,3.3998686060877765,x1,-1.4003725282049175,x1,x1
	Expression:
	                                                                 0.0556130273455
	  -0.05561302734554248⋅x₁ - 4.611946633251269 + ────────────────────────────────
                                                                              
	                                                2⋅x₁ - 4.800241134292694 + ─────
	                                                                           x₁⋅(x

	  4248                     0.05561302734554248
	  ────────────────────── - ───────────────────
	          1                         x₁        
	  ──────────────────────                      
	  ₁ - 3.223090649614734)                      

[00:00:05:04.15] Training epoch 10/14, current best R: 0.5392
[00:00:07:48.46] Ending training after epoch 14/14, current best R: 0.5392
-- RUNNING EPOCHS END ---------------

-- EVALUATION START ----------------
Saving Hall of Fame to ./log/regression_config_regression_VPG.json_Livermore_18.in_normal_0.0_2023-05-30-034309/dso_regression_config_regression_VPG.json_Livermore_18.in_normal_0.0_0_hof.csv
Saving Pareto Front to ./log/regression_config_regression_VPG.json_Livermore_18.in_normal_0.0_2023-05-30-034309/dso_regression_config_regression_VPG.json_Livermore_18.in_normal_0.0_0_pf.csv
Invalid expressions: 368 of 14336 (2.6%).
Error type counts:
  true_divide: 137 (37.2%)
  reciprocal: 231 (62.8%)
Error node counts:
  divide: 366 (99.5%)
  invalid: 2 (0.5%)
-- EVALUATION END ------------------
== TRAINING SEED 0 END ==============
INFO: Completed run 1 of 1 in 470 s

== POST-PROCESS START =================
-- LOADING LOGS START ----------------
Successfully loaded summary data
Successfully loaded Hall of Fame data
Successfully loaded Pareto Front data
-- LOADING LOGS END ------------------

-- ANALYZING LOG START --------------
Task_____________regression
Source path______./log/regression_config_regression_VPG.json_Livermore_18.in_normal_0.0_2023-05-30-034309
Runs_____________1
Max Samples/run__15000
Success_rate_____0.0
Hall of Fame (Top 5 of 100)____
    0: S=000 R=0.539157 <-- [-0.05561302734554248*x1 - 4.611946633251269 + 0.05561302734554248/(2*x1 - 4.800241134292694 + 1/(x1*(x1 - 3.223090649614734))) - 0.05561302734554248/x1]
    1: S=000 R=0.533563 <-- [-4.8876310409207412 + 0.1671103512410931/(-x1 + 1.450773169141941 + (x1 + 0.7129543847688663 + 0.08892758656515558/(2.5211025924895627 - x1))/x1)]
    2: S=000 R=0.533292 <-- [0.0015012227745196342*x1*(-x1 + 1/(-0.03751641402605863*x1 + 2.4795780273414147 + 1.037516414026059/(-0.43704250167534636 + 0.00027870457404304943/(x1 - 2.509452003258803)))) - 4.832088121273471]
    3: S=000 R=0.532296 <-- [-4.820139388035815 - 0.04452212355358993/(1.5522072168963756 + 1/(-1.0095749491283454 + 1/(x1 + 1/(33.07275176446687*x1 - 83.600402754515686))))]
    4: S=000 R=0.532296 <-- [-4.899401825634087 + 0.13845149587498261/(-x1 - 2.357108249194057 + 1/(-0.8898319293674569 + 1/(0.9207021641451031 + 0.00098761119625245541/(2.5326386776193077 - x1))))]
  Saving Hall of Fame plot to ./log/regression_config_regression_VPG.json_Livermore_18.in_normal_0.0_2023-05-30-034309/dso_regression_config_regression_VPG.json_Livermore_18.in_normal_0.0_plot_hof.png
Pareto Front (5 of 11)____
    0: S=000 R=0.539157 C=27.00 <-- [-0.05561302734554248*x1 - 4.611946633251269 + 0.05561302734554248/(2*x1 - 4.800241134292694 + 1/(x1*(x1 - 3.223090649614734))) - 0.05561302734554248/x1]
    1: S=000 R=0.532296 C=21.00 <-- [-4.899407803709147 + 29.263700410110882/(-211.3558856323183*x1 + 581.05438520579535 - 1/(0.39560417857599317 - 1/x1))]
    2: S=000 R=0.520838 C=20.00 <-- [x1/(x1**3 + 1.367034806970623) - 5.084007868290671]
    3: S=000 R=0.520264 C=17.00 <-- [-5.0153736669944555 - 0.5539238697526153/(-5.021881789266325*x1 + 8.823001778249067 - 5.021881789266325/x1)]
    4: S=000 R=0.516061 C=16.00 <-- [-5.1550432118199225 + 2.2379980898871006/(2.4942614690062705*x1 + 2.4942614690062705/x1)]
  Saving Pareto Front plot to ./log/regression_config_regression_VPG.json_Livermore_18.in_normal_0.0_2023-05-30-034309/dso_regression_config_regression_VPG.json_Livermore_18.in_normal_0.0_plot_pf.png
-- ANALYZING LOG END ----------------
== POST-PROCESS END ===================
