['mul', 'pow', 'X_0', -4, 'mul', 'pow', 'add', 'X_1', 'pow', 'X_0', 2, 2, 'mul', 'pow', 'add', 'X_1', 'mul', -1, 'mul', 'X_0', 'pow', 'add', 'mul', -8.62, 'pow', 'X_0', 2, 'mul', -5.38, 'mul', 'X_0', 'X_1', -1, 4, 'pow', 'sin', 'pow', 'X_0', 0.5, 4]
--------------------
eq_name 	 Livermore2_Vars2_20
num_vars 	 2
vars_range_and_types 	 [{"name": "LogUniform", "range": [0.1, 10], "only_positive": true}, {"name": "LogUniform", "range": [0.1, 10], "only_positive": true}]
function_set 	 ['add', 'sub', 'mul', 'div', 'sqrt', 'n2', 'n4', 'sin', 'cos', 'const']
eq_expression 	 mul,pow,X_0,-4,mul,pow,add,X_1,pow,X_0,2,2,mul,pow,add,X_1,mul,-1,mul,X_0,pow,add,mul,-8.62,pow,X_0,2,mul,-5.38,mul,X_0,X_1,-1,4,pow,sin,pow,X_0,0.5,4
expr 	 (X_0**2 + X_1)**2*(-X_0/(-8.62*X_0**2 - 5.38*X_0*X_1) + X_1)**4*sin(sqrt(X_0))**4/X_0**4
--------------------

== EXPERIMENT SETUP START ===========
Task type            : regression
Starting seed        : 0
Runs                 : 1
== EXPERIMENT SETUP END =============

== TRAINING SEED 0 START ============
self.dataX <dso.symbolic_data_generator.DataX object at 0x2b1659284d68>, self.data_query_oracle: <dso.symbolic_equation_evaluator_public.Equation_evaluator object at 0x2b163fab2d68>
generate dataset!
-- BUILDING PRIOR START -------------
WARNING: Skipping invalid 'RelationalConstraint' with arguments {'targets': [], 'effectors': [], 'relationship': None}. Reason: Prior disabled.
WARNING: Skipping invalid 'TrigConstraint' with arguments {}. Reason: There are no target Tokens.
WARNING: Skipping invalid 'UniformArityPrior' with arguments {}. Reason: Prior disabled.
WARNING: Skipping invalid 'LanguageModelPrior' with arguments {'weight': None}. Reason: Prior disabled.
LengthConstraint: Sequences have minimum length 4.
                  Sequences have maximum length 256.
RepeatConstraint: [const] cannot occur more than 10 times.
RelationalConstraint: [inv] cannot be a child of [inv].
ConstConstraint: [const] cannot be the only unique child of [inv, add, sub, mul, div].
NoInputsConstraint: Sequences contain at least one input variable Token.
SoftLengthPrior: No description available.
-- BUILDING PRIOR END ---------------

-- RUNNING EPOCHS START -------------
[00:00:00:02.44] Training epoch 1/14, current best R: 0.8019

	** New best
	Reward: 0.801902134884901
	Count Off-policy: False
	Count On-policy: True
	Originally on Policy: True
	Invalid: False
	Traversal: mul,mul,mul,sub,mul,sub,mul,sub,6.936435347924886,add,mul,inv,add,x1,x1,x2,x1,x2,x1,x2,x1,x2,-153.98302376927006,x2
	Expression:
	                        2 ⎛         ⎛         ⎛                           x₂ ⎞⎞⎞
	  -153.98302376927006⋅x₂ ⋅⎜-x₁ + x₂⋅⎜-x₁ + x₂⋅⎜-x₁ + 6.936435347924886 - ────⎟⎟⎟
	                          ⎝         ⎝         ⎝                          2⋅x₁⎠⎠⎠

[00:00:00:05.05] Training epoch 3/14, current best R: 0.8289

	** New best
	Reward: 0.8288833045551702
	Count Off-policy: False
	Count On-policy: True
	Originally on Policy: True
	Invalid: False
	Traversal: inv,div,x1,mul,1.9731692016505118,div,mul,mul,mul,div,add,x2,inv,x2,x1,x2,x2,x2,0.026830798349488316
	Expression:
	                       3 ⎛     1 ⎞
	  73.541203506087312⋅x₂ ⋅⎜x₂ + ──⎟
	                         ⎝     x₂⎠
	  ────────────────────────────────
	                  2               
	                x₁                

[00:00:00:07.91] Training epoch 5/14, current best R: 0.8561

	** New best
	Reward: 0.8561297065499763
	Count Off-policy: False
	Count On-policy: True
	Originally on Policy: True
	Invalid: False
	Traversal: mul,div,inv,x1,0.0009640981578853242,mul,inv,div,x1,mul,1.5065496835254677,mul,add,-5.022561676575621,x2,x2,x2
	Expression:
	                       2                         
	  1562.6517603041267⋅x₂ ⋅(x₂ - 5.022561676575621)
	  ───────────────────────────────────────────────
	                          2                      
	                        x₁                       

[00:00:00:14.37] Training epoch 10/14, current best R: 0.8561
[00:00:00:19.92] Ending training after epoch 14/14, current best R: 0.8561
-- RUNNING EPOCHS END ---------------

-- EVALUATION START ----------------
Saving Hall of Fame to ./log/regression_config_regression_PQT.json_Livermore2_Vars2_20.in_normal_0.0_2023-05-30-032001/dso_regression_config_regression_PQT.json_Livermore2_Vars2_20.in_normal_0.0_0_hof.csv
Saving Pareto Front to ./log/regression_config_regression_PQT.json_Livermore2_Vars2_20.in_normal_0.0_2023-05-30-032001/dso_regression_config_regression_PQT.json_Livermore2_Vars2_20.in_normal_0.0_0_pf.csv
Invalid expressions: 434 of 14336 (3.0%).
Error type counts:
  true_divide: 150 (34.6%)
  reciprocal: 284 (65.4%)
Error node counts:
  divide: 432 (99.5%)
  invalid: 2 (0.5%)

Priority queue entry 0:
	Reward: 0.8561297065499763
	Count Off-policy: False
	Count On-policy: True
	Originally on Policy: True
	Invalid: False
	Traversal: mul,div,inv,x1,0.0009640981578853242,mul,inv,div,x1,mul,1.5065496835254677,mul,add,-5.022561676575621,x2,x2,x2
	Expression:
	                       2                         
	  1562.6517603041267⋅x₂ ⋅(x₂ - 5.022561676575621)
	  ───────────────────────────────────────────────
	                          2                      
	                        x₁                       


Priority queue entry 1:
	Reward: 0.8484734208633534
	Count Off-policy: False
	Count On-policy: True
	Originally on Policy: True
	Invalid: False
	Traversal: div,mul,add,div,add,mul,x2,mul,sub,x2,sub,mul,sub,div,x1,0.07430410966128713,x2,92.6288199245104,x1,x2,x2,x1,x2,x2,x1
	Expression:
	     ⎛       2                                                  ⎞
	     ⎜     x₂ ⋅(-1245.61772204466⋅x₁ + 93.6288199245104⋅x₂) + x₂⎟
	  x₂⋅⎜x₂ + ─────────────────────────────────────────────────────⎟
	     ⎝                               x₁                         ⎠
	  ───────────────────────────────────────────────────────────────
	                                 x₁                              


Priority queue entry 2:
	Reward: 0.8288833045551702
	Count Off-policy: False
	Count On-policy: True
	Originally on Policy: True
	Invalid: False
	Traversal: inv,div,x1,mul,1.9731692016505118,div,mul,mul,mul,div,add,x2,inv,x2,x1,x2,x2,x2,0.026830798349488316
	Expression:
	                       3 ⎛     1 ⎞
	  73.541203506087312⋅x₂ ⋅⎜x₂ + ──⎟
	                         ⎝     x₂⎠
	  ────────────────────────────────
	                  2               
	                x₁                


Priority queue entry 3:
	Reward: 0.801902134884901
	Count Off-policy: False
	Count On-policy: True
	Originally on Policy: True
	Invalid: False
	Traversal: mul,mul,mul,sub,mul,sub,mul,sub,6.936435347924886,add,mul,inv,add,x1,x1,x2,x1,x2,x1,x2,x1,x2,-153.98302376927006,x2
	Expression:
	                        2 ⎛         ⎛         ⎛                           x₂ ⎞⎞⎞
	  -153.98302376927006⋅x₂ ⋅⎜-x₁ + x₂⋅⎜-x₁ + x₂⋅⎜-x₁ + 6.936435347924886 - ────⎟⎟⎟
	                          ⎝         ⎝         ⎝                          2⋅x₁⎠⎠⎠


Priority queue entry 4:
	Reward: 0.7729882279494542
	Count Off-policy: False
	Count On-policy: True
	Originally on Policy: True
	Invalid: False
	Traversal: div,inv,div,x1,mul,div,mul,x2,sub,mul,add,mul,x2,inv,x1,-18.673692626175907,1437.0682981556,x2,-0.03952356714542909,x2,-40.852198213767856
	Expression:
	                        2 ⎛                           1437.0682981556⋅x₂⎞
	  0.61933900953353972⋅x₂ ⋅⎜-x₂ - 26835.371682579386 + ──────────────────⎟
	                          ⎝                                   x₁        ⎠
	  ───────────────────────────────────────────────────────────────────────
	                                     x₁                                  


Priority queue entry 5:
	Reward: 0.7529579268289818
	Count Off-policy: False
	Count On-policy: True
	Originally on Policy: True
	Invalid: False
	Traversal: inv,div,x1,mul,sub,add,sub,sub,mul,div,x2,mul,inv,add,x2,inv,x2,x1,x2,x1,x1,-74.42005454750903,76.41350848155659,638.393033428731
	Expression:
	                                                                2 ⎛     1 ⎞
	                                             638.393033428731⋅x₂ ⋅⎜x₂ + ──⎟
	                                                                  ⎝     x₂⎠
	  -1276.78606685746⋅x₁ - 96291.09584498889 + ──────────────────────────────
	                                                           x₁              
	  ─────────────────────────────────────────────────────────────────────────
	                                      x₁                                   


Priority queue entry 6:
	Reward: 0.7479050353511529
	Count Off-policy: False
	Count On-policy: True
	Originally on Policy: True
	Invalid: False
	Traversal: mul,add,1.1487706922760956,add,mul,inv,x1,add,sub,sub,mul,mul,div,620.6558064938124,x1,x2,x2,-0.054331427869721116,x1,x2,x1,x2
	Expression:
	     ⎛                                                                          
	     ⎜                                                            620.6558064938
	     ⎜                          -x₁ + x₂ + 0.054331427869721116 + ──────────────
	     ⎜                                                                      x₁  
	  x₂⋅⎜x₁ + 1.1487706922760956 + ────────────────────────────────────────────────
	     ⎝                                                     x₁                   

	        2⎞
	  124⋅x₂ ⎟
	  ───────⎟
	         ⎟
	  ───────⎟
	         ⎠


Priority queue entry 7:
	Reward: 0.7462204767753845
	Count Off-policy: False
	Count On-policy: True
	Originally on Policy: True
	Invalid: False
	Traversal: div,x2,inv,div,x2,inv,sub,div,div,mul,inv,div,x1,mul,add,x2,x1,x2,611.5420736355903,x1,x2,x1
	Expression:
	    2 ⎛      611.5420736355903⋅(x₁ + x₂)⎞
	  x₂ ⋅⎜-x₁ + ───────────────────────────⎟
	      ⎜                    2            ⎟
	      ⎝                  x₁             ⎠


Priority queue entry 8:
	Reward: 0.7450345012627229
	Count Off-policy: False
	Count On-policy: True
	Originally on Policy: True
	Invalid: False
	Traversal: mul,mul,x2,div,div,sub,add,sub,mul,div,add,mul,mul,div,x1,x1,x1,1.0144832382812239,x2,x1,x2,0.9983502670581136,x2,x1,x1,0.003308276575756164,1.996641118119278
	Expression:
	                       ⎛                                x₂⋅(1.0144832382812239⋅x
	  603.5290799902094⋅x₂⋅⎜-x₁ + x₂ - 0.9983502670581136 + ────────────────────────
	                       ⎝                                               x₁       
	  ──────────────────────────────────────────────────────────────────────────────
	                                            x₁                                  

	  ₁ + x₂)⎞
	  ───────⎟
	         ⎠
	  ────────
        


Priority queue entry 9:
	Reward: 0.7429283852590977
	Count Off-policy: False
	Count On-policy: True
	Originally on Policy: True
	Invalid: False
	Traversal: mul,mul,mul,add,mul,sub,div,588.24105038109,x1,add,mul,div,add,div,x1,x2,x2,x1,x1,479.7444536074362,x2,x1,x2,x2,x2
	Expression:
	    3 ⎛        ⎛  x₁                            588.24105038109⎞⎞
	  x₂ ⋅⎜x₁ + x₂⋅⎜- ── - x₂ - 479.7444536074362 + ───────────────⎟⎟
	      ⎝        ⎝  x₂                                   x₁      ⎠⎠

-- EVALUATION END ------------------
== TRAINING SEED 0 END ==============
INFO: Completed run 1 of 1 in 22 s

== POST-PROCESS START =================
-- LOADING LOGS START ----------------
Successfully loaded summary data
Successfully loaded Hall of Fame data
Successfully loaded Pareto Front data
-- LOADING LOGS END ------------------

-- ANALYZING LOG START --------------
Task_____________regression
Source path______./log/regression_config_regression_PQT.json_Livermore2_Vars2_20.in_normal_0.0_2023-05-30-032001
Runs_____________1
Max Samples/run__15000
Success_rate_____0.0
Hall of Fame (Top 5 of 100)____
    0: S=000 R=0.856130 <-- [1562.6517603041267*x2**2*(x2 - 5.022561676575621)/x1**2]
    1: S=000 R=0.848473 <-- [x2*(x2 + (x2**2*(-1245.61772204466*x1 + 93.6288199245104*x2) + x2)/x1)/x1]
    2: S=000 R=0.838619 <-- [x2*(-1.016272048999056*x1 + 1.032064181216567*x2**4/x1**3)]
    3: S=000 R=0.828883 <-- [73.541203506087312*x2**3*(x2 + 1/x2)/x1**2]
    4: S=000 R=0.801902 <-- [-153.98302376927006*x2**2*(-x1 + x2*(-x1 + x2*(-x1 + 6.936435347924886 - x2/(2*x1))))]
  Saving Hall of Fame plot to ./log/regression_config_regression_PQT.json_Livermore2_Vars2_20.in_normal_0.0_2023-05-30-032001/dso_regression_config_regression_PQT.json_Livermore2_Vars2_20.in_normal_0.0_plot_hof.png
Pareto Front (5 of 7)____
    0: S=000 R=0.856130 C=21.00 <-- [1562.6517603041267*x2**2*(x2 - 5.022561676575621)/x1**2]
    1: S=000 R=0.735990 C=19.00 <-- [577.3983218410846*x2**3*(2*x2 - 10.070292762640795)/x1]
    2: S=000 R=0.720873 C=15.00 <-- [10326.547629928702*x2**2*(x2 - 5.032394831578197)/x1]
    3: S=000 R=0.507792 C=14.00 <-- [35214.947932910044/x1**2]
    4: S=000 R=0.500000 C=9.00 <-- [367637.19154945394]
  Saving Pareto Front plot to ./log/regression_config_regression_PQT.json_Livermore2_Vars2_20.in_normal_0.0_2023-05-30-032001/dso_regression_config_regression_PQT.json_Livermore2_Vars2_20.in_normal_0.0_plot_pf.png
-- ANALYZING LOG END ----------------
== POST-PROCESS END ===================
