['add', 'mul', -3.69, 'pow', 'add', -1.99, 'add', 'mul', 'X_1', 'X_4', 'add', 'mul', 'X_5', 'pow', 'X_0', -0.5, 'mul', -1, 'mul', 'X_0', 'exp', 'mul', -4, 'X_6', -1, 'add', 'mul', 'X_2', 'X_3', 'log', 'mul', 'X_0', 'X_1']
--------------------
eq_name 	 Livermore2_Vars7_15
num_vars 	 7
vars_range_and_types 	 [{"name": "LogUniform", "range": [0.1, 10], "only_positive": true}, {"name": "LogUniform", "range": [0.1, 10], "only_positive": true}, {"name": "LogUniform", "range": [0.1, 10], "only_positive": true}, {"name": "LogUniform", "range": [0.1, 10], "only_positive": true}, {"name": "LogUniform", "range": [0.1, 10], "only_positive": true}, {"name": "LogUniform", "range": [0.1, 10], "only_positive": true}, {"name": "LogUniform", "range": [0.1, 10], "only_positive": true}]
function_set 	 ['add', 'sub', 'mul', 'div', 'sqrt', 'log', 'exp', 'const']
eq_expression 	 add,mul,-3.69,pow,add,-1.99,add,mul,X_1,X_4,add,mul,X_5,pow,X_0,-0.5,mul,-1,mul,X_0,exp,mul,-4,X_6,-1,add,mul,X_2,X_3,log,mul,X_0,X_1
expr 	 X_2*X_3 + log(X_0*X_1) - 3.69/(-X_0*exp(-4*X_6) + X_1*X_4 - 1.99 + X_5/sqrt(X_0))
--------------------

== EXPERIMENT SETUP START ===========
Task type            : regression
Starting seed        : 0
Runs                 : 1
== EXPERIMENT SETUP END =============

== TRAINING SEED 0 START ============
self.dataX <dso.symbolic_data_generator.DataX object at 0x2b6cadea3240>, self.data_query_oracle: <dso.symbolic_equation_evaluator_public.Equation_evaluator object at 0x2b6cccf45d68>
generate dataset!
-- BUILDING PRIOR START -------------
WARNING: Skipping invalid 'RelationalConstraint' with arguments {'targets': [], 'effectors': [], 'relationship': None}. Reason: Prior disabled.
WARNING: Skipping invalid 'TrigConstraint' with arguments {}. Reason: There are no target Tokens.
WARNING: Skipping invalid 'UniformArityPrior' with arguments {}. Reason: Prior disabled.
WARNING: Skipping invalid 'LanguageModelPrior' with arguments {'weight': None}. Reason: Prior disabled.
LengthConstraint: Sequences have minimum length 4.
                  Sequences have maximum length 256.
RepeatConstraint: [const] cannot occur more than 10 times.
RelationalConstraint: [inv] cannot be a child of [inv].
ConstConstraint: [const] cannot be the only unique child of [inv, add, sub, mul, div].
NoInputsConstraint: Sequences contain at least one input variable Token.
SoftLengthPrior: No description available.
-- BUILDING PRIOR END ---------------

-- RUNNING EPOCHS START -------------
[00:00:00:02.77] Training epoch 1/14, current best R: 0.5002

	** New best
	Reward: 0.5001560388367255
	Count Off-policy: False
	Count On-policy: True
	Originally on Policy: True
	Invalid: False
	Traversal: sub,x2,add,8.643660990599706,mul,x3,-3.2560029498494747
	Expression:
	  x₂ + 3.2560029498494747⋅x₃ - 8.643660990599706

[00:00:00:05.09] Training epoch 2/14, current best R: 0.5003

	** New best
	Reward: 0.5002511791157667
	Count Off-policy: False
	Count On-policy: True
	Originally on Policy: True
	Invalid: False
	Traversal: inv,add,1.000031487076081,sub,inv,mul,x3,div,x4,1.0000007525286245,0.9999685100184031
	Expression:
	                      1                    
	  ─────────────────────────────────────────
	                         1.0000007525286245
	  6.297705767789596e-5 + ──────────────────
	                               x₃⋅x₄       

[00:00:00:06.91] Training epoch 3/14, current best R: 0.5003

	** New best
	Reward: 0.5002773519339855
	Count Off-policy: False
	Count On-policy: True
	Originally on Policy: True
	Invalid: False
	Traversal: sub,-3.4279965985005236,mul,x3,sub,div,x3,279.2296573297598,x4
	Expression:
	  -x₃⋅(0.00358128147834611⋅x₃ - x₄) - 3.4279965985005236

[00:00:00:09.07] Training epoch 4/14, current best R: 0.5004

	** New best
	Reward: 0.5003662729310756
	Count Off-policy: False
	Count On-policy: True
	Originally on Policy: True
	Invalid: False
	Traversal: inv,div,add,x7,add,sub,x5,x2,add,x1,x6,x6
	Expression:
	            x₆          
	  ──────────────────────
	  x₁ - x₂ + x₅ + x₆ + x₇

[00:00:00:10.96] Training epoch 5/14, current best R: 0.5014

	** New best
	Reward: 0.5013968230262293
	Count Off-policy: False
	Count On-policy: True
	Originally on Policy: True
	Invalid: False
	Traversal: inv,add,sub,mul,x7,sub,x4,sub,1.0074164405859773,div,x4,x1,1.0442837863512175,mul,x5,x3
	Expression:
	                                1                               
	  ──────────────────────────────────────────────────────────────
	             ⎛                          x₄⎞                     
	  x₃⋅x₅ + x₇⋅⎜x₄ - 1.0074164405859773 + ──⎟ - 1.0442837863512175
	             ⎝                          x₁⎠                     

[00:00:00:19.99] Training epoch 10/14, current best R: 0.5014
[00:00:00:28.38] Training epoch 14/14, current best R: 0.5057

	** New best
	Reward: 0.5056908098195692
	Count Off-policy: False
	Count On-policy: True
	Originally on Policy: True
	Invalid: False
	Traversal: mul,0.7450694807528278,div,x4,sub,mul,x2,x4,x1
	Expression:
	  0.7450694807528278⋅x₄
	  ─────────────────────
	       -x₁ + x₂⋅x₄     

[00:00:00:28.39] Ending training after epoch 14/14, current best R: 0.5057
-- RUNNING EPOCHS END ---------------

-- EVALUATION START ----------------
Saving Hall of Fame to ./log/regression_config_regression_VPG.json_Livermore2_Vars7_15.in_normal_0.0_2023-05-30-034649/dso_regression_config_regression_VPG.json_Livermore2_Vars7_15.in_normal_0.0_0_hof.csv
Saving Pareto Front to ./log/regression_config_regression_VPG.json_Livermore2_Vars7_15.in_normal_0.0_2023-05-30-034649/dso_regression_config_regression_VPG.json_Livermore2_Vars7_15.in_normal_0.0_0_pf.csv
Invalid expressions: 176 of 14336 (1.2%).
Error type counts:
  reciprocal: 99 (56.2%)
  true_divide: 77 (43.8%)
Error node counts:
  divide: 175 (99.4%)
  invalid: 1 (0.6%)
-- EVALUATION END ------------------
== TRAINING SEED 0 END ==============
INFO: Completed run 1 of 1 in 30 s

== POST-PROCESS START =================
-- LOADING LOGS START ----------------
Successfully loaded summary data
Successfully loaded Hall of Fame data
Successfully loaded Pareto Front data
-- LOADING LOGS END ------------------

-- ANALYZING LOG START --------------
Task_____________regression
Source path______./log/regression_config_regression_VPG.json_Livermore2_Vars7_15.in_normal_0.0_2023-05-30-034649
Runs_____________1
Max Samples/run__15000
Success_rate_____0.0
Hall of Fame (Top 5 of 100)____
    0: S=000 R=0.505691 <-- [0.7450694807528278*x4/(-x1 + x2*x4)]
    1: S=000 R=0.501397 <-- [1/(x3*x5 + x7*(x4 - 1.0074164405859773 + x4/x1) - 1.0442837863512175)]
    2: S=000 R=0.500366 <-- [x6/(x1 - x2 + x5 + x6 + x7)]
    3: S=000 R=0.500312 <-- [x1 + x2 + x3*x4 - 7.8041839692481725]
    4: S=000 R=0.500302 <-- [x6 - (x3 + 0.28957304052224203)*(-x4 - 1.188743715176696) - 9.204984248780937]
  Saving Hall of Fame plot to ./log/regression_config_regression_VPG.json_Livermore2_Vars7_15.in_normal_0.0_2023-05-30-034649/dso_regression_config_regression_VPG.json_Livermore2_Vars7_15.in_normal_0.0_plot_hof.png
Pareto Front (3 of 3)____
    0: S=000 R=0.505691 C=10.00 <-- [0.7450694807528278*x4/(-x1 + x2*x4)]
    1: S=000 R=0.500312 C=9.00 <-- [x1 + x2 + x3*x4 - 7.8041839692481725]
    2: S=000 R=0.500278 C=5.00 <-- [x3*x4 - 3.5168812068998814]
  Saving Pareto Front plot to ./log/regression_config_regression_VPG.json_Livermore2_Vars7_15.in_normal_0.0_2023-05-30-034649/dso_regression_config_regression_VPG.json_Livermore2_Vars7_15.in_normal_0.0_plot_pf.png
-- ANALYZING LOG END ----------------
== POST-PROCESS END ===================
