['add', 'X_0', 'mul', 'add', 'X_3', 'mul', -1, 'mul', 'cos', 'X_5', 'sin', 'add', 0.22, 'add', 'mul', 0.22, 'X_2', 'mul', -0.22, 'X_3', 'cos', 'add', 'X_1', 'mul', 2.27, 'X_4']
--------------------
eq_name 	 Livermore2_Vars6_22
num_vars 	 6
vars_range_and_types 	 [{"name": "LogUniform", "range": [0.1, 10], "only_positive": true}, {"name": "LogUniform", "range": [0.1, 10], "only_positive": true}, {"name": "LogUniform", "range": [0.1, 10], "only_positive": true}, {"name": "LogUniform", "range": [0.1, 10], "only_positive": true}, {"name": "LogUniform", "range": [0.1, 10], "only_positive": true}, {"name": "LogUniform", "range": [0.1, 10], "only_positive": true}]
function_set 	 ['add', 'sub', 'mul', 'div', 'sqrt', 'n2', 'log', 'exp', 'sin', 'cos', 'const']
eq_expression 	 add,X_0,mul,add,X_3,mul,-1,mul,cos,X_5,sin,add,0.22,add,mul,0.22,X_2,mul,-0.22,X_3,cos,add,X_1,mul,2.27,X_4
expr 	 X_0 + (X_3 - sin(0.22*X_2 - 0.22*X_3 + 0.22)*cos(X_5))*cos(X_1 + 2.27*X_4)
--------------------

== EXPERIMENT SETUP START ===========
Task type            : regression
Starting seed        : 0
Runs                 : 1
== EXPERIMENT SETUP END =============

== TRAINING SEED 0 START ============
self.dataX <dso.symbolic_data_generator.DataX object at 0x2ad7c17e5438>, self.data_query_oracle: <dso.symbolic_equation_evaluator_public.Equation_evaluator object at 0x2ad7a805fd68>
generate dataset!
-- BUILDING PRIOR START -------------
WARNING: Skipping invalid 'RelationalConstraint' with arguments {'targets': [], 'effectors': [], 'relationship': None}. Reason: Prior disabled.
WARNING: Skipping invalid 'TrigConstraint' with arguments {}. Reason: There are no target Tokens.
WARNING: Skipping invalid 'UniformArityPrior' with arguments {}. Reason: Prior disabled.
WARNING: Skipping invalid 'LanguageModelPrior' with arguments {'weight': None}. Reason: Prior disabled.
LengthConstraint: Sequences have minimum length 4.
                  Sequences have maximum length 256.
RepeatConstraint: [const] cannot occur more than 10 times.
RelationalConstraint: [inv] cannot be a child of [inv].
ConstConstraint: [const] cannot be the only unique child of [inv, add, sub, mul, div].
NoInputsConstraint: Sequences contain at least one input variable Token.
SoftLengthPrior: No description available.
-- BUILDING PRIOR END ---------------

-- RUNNING EPOCHS START -------------
[00:00:00:03.44] Training epoch 1/14, current best R: 0.5942

	** New best
	Reward: 0.5941780568203986
	Count Off-policy: False
	Count On-policy: True
	Originally on Policy: True
	Invalid: False
	Traversal: add,x1,inv,mul,31.80680056421638,inv,add,add,x3,sub,inv,x5,x3,sub,x3,x2
	Expression:
	                                                         0.03143981734286819
	  x₁ - 0.03143981734286819⋅x₂ + 0.03143981734286819⋅x₃ + ───────────────────
	                                                                  x₅        

[00:00:00:14.14] Training epoch 5/14, current best R: 0.5952

	** New best
	Reward: 0.5951926761097657
	Count Off-policy: False
	Count On-policy: True
	Originally on Policy: True
	Invalid: False
	Traversal: add,x1,inv,add,mul,x5,sub,inv,add,2.795378445707262,x5,div,-13.989026295570106,x6,x2
	Expression:
	                                 1                          
	  x₁ + ─────────────────────────────────────────────────────
	               ⎛          1              13.989026295570106⎞
	       x₂ + x₅⋅⎜────────────────────── + ──────────────────⎟
	               ⎝x₅ + 2.795378445707262           x₆        ⎠

[00:00:00:28.11] Training epoch 10/14, current best R: 0.5952
[00:00:00:40.09] Training epoch 14/14, current best R: 0.5961

	** New best
	Reward: 0.5961176536633451
	Count Off-policy: False
	Count On-policy: True
	Originally on Policy: True
	Invalid: False
	Traversal: sub,x1,mul,div,add,667.1632661139711,x6,mul,sub,x1,mul,mul,add,x2,x5,x2,-1081.127022174924,x2,-0.012594310962884152
	Expression:
	       0.012594310962884152⋅(x₆ + 667.1632661139711)
	  x₁ + ─────────────────────────────────────────────
	          x₂⋅(x₁ + 1081.127022174924⋅x₂⋅(x₂ + x₅))  

[00:00:00:40.10] Ending training after epoch 14/14, current best R: 0.5961
-- RUNNING EPOCHS END ---------------

-- EVALUATION START ----------------
Saving Hall of Fame to ./log/regression_config_regression_VPG.json_Livermore2_Vars6_22.in_normal_0.0_2023-05-30-041113/dso_regression_config_regression_VPG.json_Livermore2_Vars6_22.in_normal_0.0_0_hof.csv
Saving Pareto Front to ./log/regression_config_regression_VPG.json_Livermore2_Vars6_22.in_normal_0.0_2023-05-30-041113/dso_regression_config_regression_VPG.json_Livermore2_Vars6_22.in_normal_0.0_0_pf.csv
Invalid expressions: 170 of 14336 (1.2%).
Error type counts:
  true_divide: 73 (42.9%)
  reciprocal: 97 (57.1%)
Error node counts:
  divide: 170 (100.0%)
-- EVALUATION END ------------------
== TRAINING SEED 0 END ==============
INFO: Completed run 1 of 1 in 41 s

== POST-PROCESS START =================
-- LOADING LOGS START ----------------
Successfully loaded summary data
Successfully loaded Hall of Fame data
Successfully loaded Pareto Front data
-- LOADING LOGS END ------------------

-- ANALYZING LOG START --------------
Task_____________regression
Source path______./log/regression_config_regression_VPG.json_Livermore2_Vars6_22.in_normal_0.0_2023-05-30-041113
Runs_____________1
Max Samples/run__15000
Success_rate_____0.0
Hall of Fame (Top 5 of 100)____
    0: S=000 R=0.596118 <-- [x1 + 0.012594310962884152*(x6 + 667.1632661139711)/(x2*(x1 + 1081.127022174924*x2*(x2 + x5)))]
    1: S=000 R=0.595193 <-- [x1 + 1/(x2 + x5*(1/(x5 + 2.795378445707262) + 13.989026295570106/x6))]
    2: S=000 R=0.594590 <-- [0.9620157499616997*x1 + 0.059308369116926106/x5]
    3: S=000 R=0.594304 <-- [x1 + (0.050187477813054424 + 1/(-x1 - 140.13309298364678))/x5]
    4: S=000 R=0.594303 <-- [x1 + 0.0001330020101420812*(x1 + 321.14492583236614)/x5]
  Saving Hall of Fame plot to ./log/regression_config_regression_VPG.json_Livermore2_Vars6_22.in_normal_0.0_2023-05-30-041113/dso_regression_config_regression_VPG.json_Livermore2_Vars6_22.in_normal_0.0_plot_hof.png
Pareto Front (5 of 6)____
    0: S=000 R=0.596118 C=20.00 <-- [x1 + 0.012594310962884152*(x6 + 667.1632661139711)/(x2*(x1 + 1081.127022174924*x2*(x2 + x5)))]
    1: S=000 R=0.595193 C=18.00 <-- [x1 + 1/(x2 + x5*(1/(x5 + 2.795378445707262) + 13.989026295570106/x6))]
    2: S=000 R=0.594590 C=10.00 <-- [0.9620157499616997*x1 + 0.059308369116926106/x5]
    3: S=000 R=0.594176 C=8.00 <-- [x1 + 0.036604527266464376/x2]
    4: S=000 R=0.593980 C=7.00 <-- [x1 - 0.007030840930586316*x3*x4]
  Saving Pareto Front plot to ./log/regression_config_regression_VPG.json_Livermore2_Vars6_22.in_normal_0.0_2023-05-30-041113/dso_regression_config_regression_VPG.json_Livermore2_Vars6_22.in_normal_0.0_plot_pf.png
-- ANALYZING LOG END ----------------
== POST-PROCESS END ===================
