['add', 'X_0', 'mul', 'X_0', 'pow', 'add', 'X_0', 'add', 'mul', 'X_1', 'pow', 'X_0', -1, 'mul', 9.25, 'mul', 'X_1', 'pow', 'X_0', 2, -1]
--------------------
eq_name 	 Livermore2_Vars2_25
num_vars 	 2
vars_range_and_types 	 [{"name": "LogUniform", "range": [0.1, 10], "only_positive": true}, {"name": "LogUniform", "range": [0.1, 10], "only_positive": true}]
function_set 	 ['add', 'sub', 'mul', 'div', 'n2', 'const']
eq_expression 	 add,X_0,mul,X_0,pow,add,X_0,add,mul,X_1,pow,X_0,-1,mul,9.25,mul,X_1,pow,X_0,2,-1
expr 	 X_0 + X_0/(9.25*X_0**2*X_1 + X_0 + X_1/X_0)
--------------------

== EXPERIMENT SETUP START ===========
Task type            : regression
Starting seed        : 0
Runs                 : 1
== EXPERIMENT SETUP END =============

== TRAINING SEED 0 START ============
self.dataX <dso.symbolic_data_generator.DataX object at 0x2b204985b518>, self.data_query_oracle: <dso.symbolic_equation_evaluator_public.Equation_evaluator object at 0x2b20689abcf8>
generate dataset!
-- BUILDING PRIOR START -------------
WARNING: Skipping invalid 'RelationalConstraint' with arguments {'targets': [], 'effectors': [], 'relationship': None}. Reason: Prior disabled.
WARNING: Skipping invalid 'TrigConstraint' with arguments {}. Reason: There are no target Tokens.
WARNING: Skipping invalid 'UniformArityPrior' with arguments {}. Reason: Prior disabled.
WARNING: Skipping invalid 'LanguageModelPrior' with arguments {'weight': None}. Reason: Prior disabled.
LengthConstraint: Sequences have minimum length 4.
                  Sequences have maximum length 256.
RepeatConstraint: [const] cannot occur more than 10 times.
RelationalConstraint: [inv] cannot be a child of [inv].
ConstConstraint: [const] cannot be the only unique child of [inv, add, sub, mul, div].
NoInputsConstraint: Sequences contain at least one input variable Token.
SoftLengthPrior: No description available.
-- BUILDING PRIOR END ---------------

-- RUNNING EPOCHS START -------------
[00:00:00:10.71] Training epoch 1/14, current best R: 0.9762

	** New best
	Reward: 0.9761503646652908
	Count Off-policy: False
	Count On-policy: True
	Originally on Policy: True
	Invalid: False
	Traversal: add,mul,-0.9888134777068329,sub,add,sub,div,add,x2,452.646384705235,div,inv,add,div,-2.267290180769521,x2,x2,3.2848006469914375e-05,0.05115447993959429,x2,x1,x2
	Expression:
	                                                                      ⎛         
	  0.9888134777068329⋅x₁ + 0.01118652229316711⋅x₂ - 0.9888134777068329⋅⎜3.2848006
	                                                                      ⎝         

	                    7.4475962527090558e-5⎞                                      
	  469914375e-5⋅x₂ - ─────────────────────⎟⋅(x₂ + 452.646384705235) + 0.050582239
	                              x₂         ⎠                                      

        
	  20935465
        

[00:00:00:19.14] Training epoch 2/14, current best R: 0.9827

	** New best
	Reward: 0.9827061810046023
	Count Off-policy: False
	Count On-policy: True
	Originally on Policy: True
	Invalid: False
	Traversal: mul,inv,x2,inv,add,div,inv,add,div,inv,add,0.1619209868002306,x1,14.148144336128937,add,-0.008166367298066513,x2,x1,-1.0185948212033202e-05
	Expression:
	                                            1                                   
	  ──────────────────────────────────────────────────────────────────────────────
	     ⎛                                                    1                     
	  x₂⋅⎜-1.0185948212033202e-5 + ─────────────────────────────────────────────────
	     ⎜                            ⎛                              0.0706806473161
	     ⎜                         x₁⋅⎜x₂ - 0.008166367298066513 + ─────────────────
	     ⎝                            ⎝                            x₁ + 0.1619209868

        
	  ────────
	         ⎞
	  ───────⎟
	  56038 ⎞⎟
	  ──────⎟⎟
	  002306⎠⎠

[00:00:00:42.69] Training epoch 4/14, current best R: 0.9848

	** New best
	Reward: 0.9847936638096761
	Count Off-policy: False
	Count On-policy: True
	Originally on Policy: True
	Invalid: False
	Traversal: div,mul,add,add,0.052667780244563166,x1,div,-0.012803648408924792,x1,mul,0.9919858645432645,add,add,mul,0.04922538733467541,inv,x1,-0.005007653010539028,x2,x2
	Expression:
	  ⎛                            0.012803648408924792⎞ ⎛                          
	  ⎜x₁ + 0.052667780244563166 - ────────────────────⎟⋅⎜0.9919858645432645⋅x₂ - 0.
	  ⎝                                     x₁         ⎠ ⎝                          
	  ──────────────────────────────────────────────────────────────────────────────
	                                                             x₂                 

	                       0.04883088841266505⎞
	  004967521000992239 + ───────────────────⎟
	                                x₁        ⎠
	  ─────────────────────────────────────────
                                         

[00:00:01:56.75] Training epoch 10/14, current best R: 0.9848
[00:00:02:26.38] Training epoch 12/14, current best R: 0.9902

	** New best
	Reward: 0.9902045852593732
	Count Off-policy: False
	Count On-policy: True
	Originally on Policy: True
	Invalid: False
	Traversal: add,inv,div,mul,x2,5.381478906938144,inv,add,add,inv,mul,mul,div,inv,add,74.99303450583416,x2,0.0005241936048250998,x1,0.03932831554026567,x1,x1,x1
	Expression:
	                          0.1858225252375767                   
	  x₁ + ────────────────────────────────────────────────────────
	          ⎛       0.01332865640503755⋅(x₂ + 74.99303450583416)⎞
	       x₂⋅⎜2⋅x₁ + ────────────────────────────────────────────⎟
	          ⎝                            x₁                     ⎠

[00:00:02:58.66] Ending training after epoch 14/14, current best R: 0.9902
-- RUNNING EPOCHS END ---------------

-- EVALUATION START ----------------
Saving Hall of Fame to ./log/regression_config_regression_PQT.json_Livermore2_Vars2_25.in_normal_0.0_2023-05-30-034928/dso_regression_config_regression_PQT.json_Livermore2_Vars2_25.in_normal_0.0_0_hof.csv
Saving Pareto Front to ./log/regression_config_regression_PQT.json_Livermore2_Vars2_25.in_normal_0.0_2023-05-30-034928/dso_regression_config_regression_PQT.json_Livermore2_Vars2_25.in_normal_0.0_0_pf.csv
Invalid expressions: 372 of 14336 (2.6%).
Error type counts:
  reciprocal: 236 (63.4%)
  true_divide: 136 (36.6%)
Error node counts:
  divide: 369 (99.2%)
  invalid: 3 (0.8%)

Priority queue entry 0:
	Reward: 0.9902045852593732
	Count Off-policy: False
	Count On-policy: True
	Originally on Policy: True
	Invalid: False
	Traversal: add,inv,div,mul,x2,5.381478906938144,inv,add,add,inv,mul,mul,div,inv,add,74.99303450583416,x2,0.0005241936048250998,x1,0.03932831554026567,x1,x1,x1
	Expression:
	                          0.1858225252375767                   
	  x₁ + ────────────────────────────────────────────────────────
	          ⎛       0.01332865640503755⋅(x₂ + 74.99303450583416)⎞
	       x₂⋅⎜2⋅x₁ + ────────────────────────────────────────────⎟
	          ⎝                            x₁                     ⎠


Priority queue entry 1:
	Reward: 0.9847936638096761
	Count Off-policy: False
	Count On-policy: True
	Originally on Policy: True
	Invalid: False
	Traversal: div,mul,add,add,0.052667780244563166,x1,div,-0.012803648408924792,x1,mul,0.9919858645432645,add,add,mul,0.04922538733467541,inv,x1,-0.005007653010539028,x2,x2
	Expression:
	  ⎛                            0.012803648408924792⎞ ⎛                          
	  ⎜x₁ + 0.052667780244563166 - ────────────────────⎟⋅⎜0.9919858645432645⋅x₂ - 0.
	  ⎝                                     x₁         ⎠ ⎝                          
	  ──────────────────────────────────────────────────────────────────────────────
	                                                             x₂                 

	                       0.04883088841266505⎞
	  004967521000992239 + ───────────────────⎟
	                                x₁        ⎠
	  ─────────────────────────────────────────
                                         


Priority queue entry 2:
	Reward: 0.9827061810046023
	Count Off-policy: False
	Count On-policy: True
	Originally on Policy: True
	Invalid: False
	Traversal: mul,inv,x2,inv,add,div,inv,add,div,inv,add,0.1619209868002306,x1,14.148144336128937,add,-0.008166367298066513,x2,x1,-1.0185948212033202e-05
	Expression:
	                                            1                                   
	  ──────────────────────────────────────────────────────────────────────────────
	     ⎛                                                    1                     
	  x₂⋅⎜-1.0185948212033202e-5 + ─────────────────────────────────────────────────
	     ⎜                            ⎛                              0.0706806473161
	     ⎜                         x₁⋅⎜x₂ - 0.008166367298066513 + ─────────────────
	     ⎝                            ⎝                            x₁ + 0.1619209868

        
	  ────────
	         ⎞
	  ───────⎟
	  56038 ⎞⎟
	  ──────⎟⎟
	  002306⎠⎠


Priority queue entry 3:
	Reward: 0.9799448747866004
	Count Off-policy: False
	Count On-policy: True
	Originally on Policy: True
	Invalid: False
	Traversal: add,x1,inv,add,sub,inv,div,0.21886970392532232,add,add,div,x1,inv,add,sub,x1,2.0685362180982363,x2,1.1147881091425649,x2,-0.4256799772681282,x2
	Expression:
	                                                       1                        
	  x₁ + ─────────────────────────────────────────────────────────────────────────
	       4.5689283718371409⋅x₁⋅(x₁ + x₂ - 2.0685362180982363) + 5.5689283718371409

                        
	  ────────────────────────
	  ⋅x₂ + 5.5190669977162722


Priority queue entry 4:
	Reward: 0.9791749799613833
	Count Off-policy: False
	Count On-policy: True
	Originally on Policy: True
	Invalid: False
	Traversal: add,x1,div,sub,sub,1.0257614477448167,mul,sub,mul,add,sub,add,div,div,x2,x1,x1,0.9976550234354947,1.0023455273392479,x2,-0.19929906572455858,x1,-0.005133943812110523,0.9742049078177561,x2
	Expression:
                                                                              
	       -0.005133943812110523⋅x₁ - 0.001023190205236006⋅x₂ + 0.051561339204712547
                                                                              
                                                                              
	  x₁ + ─────────────────────────────────────────────────────────────────────────
	                                                        x₂                      

	     0.001023190205236006⋅x₂
	   - ───────────────────────
	                 2          
	               x₁           
	  ──────────────────────────
                          


Priority queue entry 5:
	Reward: 0.978771906922363
	Count Off-policy: False
	Count On-policy: True
	Originally on Policy: True
	Invalid: False
	Traversal: add,x1,div,x1,inv,div,sub,0.9924238547531273,add,sub,add,inv,div,add,sub,x1,-0.048605521654732364,x2,-0.07349849165371013,0.9966135583727268,0.9924238547531271,0.9966135583728163,x2
	Expression:
	          ⎛                                                        1            
	       x₁⋅⎜-0.008379407239288705 - ─────────────────────────────────────────────
	          ⎝                        -13.60572138965142⋅x₁ - 13.60572138965142⋅x₂ 
	  x₁ + ─────────────────────────────────────────────────────────────────────────
	                                                      x₂                        

	                       ⎞
	  ─────────────────────⎟
	  - 0.66131318563295721⎠
	  ──────────────────────
                      


Priority queue entry 6:
	Reward: 0.9783685324591247
	Count Off-policy: False
	Count On-policy: True
	Originally on Policy: True
	Invalid: False
	Traversal: add,add,x1,mul,add,div,0.06496886689778958,add,x2,0.05561422673315434,sub,mul,inv,x2,mul,-0.004497826611058952,x1,x2,0.9999509795292303,x2
	Expression:
	       0.004497606125481037⋅x₁                               0.06496568209334888
	  x₁ - ─────────────────────── + 4.902047076969784e-5⋅x₂ + ─────────────────────
	                  x₂                                       x₂ + 0.05561422673315

   
	  ───
	  434


Priority queue entry 7:
	Reward: 0.9779151291939732
	Count Off-policy: False
	Count On-policy: True
	Originally on Policy: True
	Invalid: False
	Traversal: add,sub,add,mul,-0.006423627577353862,x1,inv,add,mul,sub,sub,mul,x2,24.616223335670078,sub,-1.3661953428928628,x2,x1,0.6342427618520302,x1,-0.010866724181341084,x1
	Expression:
                                                                              
	  0.9935763724226461⋅x₁ + 0.010866724181341084 + ───────────────────────────────
	                                                 0.3657572381479698⋅x₁ + 16.2469

	    1                                 
	  ────────────────────────────────────
	  04236633816⋅x₂ + 0.86649950750575072


Priority queue entry 8:
	Reward: 0.9777939535341794
	Count Off-policy: False
	Count On-policy: True
	Originally on Policy: True
	Invalid: False
	Traversal: add,0.018187616743334196,add,div,add,-0.1674260126392999,div,add,sub,sub,sub,sub,div,sub,div,x2,x1,-18.63709154065959,42.40007325564443,x1,-15.18939086891923,x2,-15.189390868919228,17.189396125105525,226.06616294047865,x2,x1
	Expression:
                                                                              
	                              -0.0044234837579973953⋅x₁ - 0.0044234837579973953⋅
                                                                              
	  x₁ + 0.018187616743334196 + ──────────────────────────────────────────────────
                                                                              

	                              0.00010432726687349596⋅x₂
	  x₂ + 0.044935406357872226 + ─────────────────────────
	                                          x₁           
	  ─────────────────────────────────────────────────────
	   x₂                                                  


Priority queue entry 9:
	Reward: 0.9774507336266598
	Count Off-policy: False
	Count On-policy: True
	Originally on Policy: True
	Invalid: False
	Traversal: add,x1,mul,add,inv,x1,-0.09345986755691982,div,mul,inv,div,mul,inv,add,x1,x1,x2,div,0.04968404991996425,x2,x2,2.0790740445340075
	Expression:
	                               ⎛                       1 ⎞
	       0.047794401599679598⋅x₁⋅⎜-0.09345986755691982 + ──⎟
	                               ⎝                       x₁⎠
	  x₁ + ───────────────────────────────────────────────────
	                                x₂                        

-- EVALUATION END ------------------
== TRAINING SEED 0 END ==============
INFO: Completed run 1 of 1 in 180 s

== POST-PROCESS START =================
-- LOADING LOGS START ----------------
Successfully loaded summary data
Successfully loaded Hall of Fame data
Successfully loaded Pareto Front data
-- LOADING LOGS END ------------------

-- ANALYZING LOG START --------------
Task_____________regression
Source path______./log/regression_config_regression_PQT.json_Livermore2_Vars2_25.in_normal_0.0_2023-05-30-034928
Runs_____________1
Max Samples/run__15000
Success_rate_____0.0
Hall of Fame (Top 5 of 100)____
    0: S=000 R=0.990205 <-- [x1 + 0.1858225252375767/(x2*(2*x1 + 0.01332865640503755*(x2 + 74.99303450583416)/x1))]
    1: S=000 R=0.984794 <-- [(x1 + 0.052667780244563166 - 0.012803648408924792/x1)*(0.9919858645432645*x2 - 0.004967521000992239 + 0.04883088841266505/x1)/x2]
    2: S=000 R=0.982706 <-- [1/(x2*(-1.0185948212033202e-5 + 1/(x1*(x2 - 0.008166367298066513 + 0.070680647316156038/(x1 + 0.1619209868002306)))))]
    3: S=000 R=0.979945 <-- [x1 + 1/(4.5689283718371409*x1*(x1 + x2 - 2.0685362180982363) + 5.5689283718371409*x2 + 5.5190669977162722)]
    4: S=000 R=0.979175 <-- [x1 + (-0.005133943812110523*x1 - 0.001023190205236006*x2 + 0.051561339204712547 - 0.001023190205236006*x2/x1**2)/x2]
  Saving Hall of Fame plot to ./log/regression_config_regression_PQT.json_Livermore2_Vars2_25.in_normal_0.0_2023-05-30-034928/dso_regression_config_regression_PQT.json_Livermore2_Vars2_25.in_normal_0.0_plot_hof.png
Pareto Front (5 of 11)____
    0: S=000 R=0.990205 C=29.00 <-- [x1 + 0.1858225252375767/(x2*(2*x1 + 0.01332865640503755*(x2 + 74.99303450583416)/x1))]
    1: S=000 R=0.984794 C=23.00 <-- [(x1 + 0.052667780244563166 - 0.012803648408924792/x1)*(0.9919858645432645*x2 - 0.004967521000992239 + 0.04883088841266505/x1)/x2]
    2: S=000 R=0.978369 C=22.00 <-- [x1 - 0.004497606125481037*x1/x2 + 4.902047076969784e-5*x2 + 0.06496568209334888/(x2 + 0.05561422673315434)]
    3: S=000 R=0.978048 C=19.00 <-- [x1 - 0.0038385415177694033*x2 + 0.027020631943503307 - 0.0038385415177694033*(1.167692994099524*x1 - 11.15894910307868)/x2]
    4: S=000 R=0.976997 C=17.00 <-- [0.9883888589467666*x1 + 0.08840426513812585/(x2 + (0.13741682567115712*x1 + 0.017351268672519713)/x1)]
  Saving Pareto Front plot to ./log/regression_config_regression_PQT.json_Livermore2_Vars2_25.in_normal_0.0_2023-05-30-034928/dso_regression_config_regression_PQT.json_Livermore2_Vars2_25.in_normal_0.0_plot_pf.png
-- ANALYZING LOG END ----------------
== POST-PROCESS END ===================
