['add', 'mul', 'X_3', 'X_4', 'mul', 'X_0', 'mul', 'pow', 'X_3', -1, 'mul', 'pow', 'add', 'X_1', 'add', 'mul', -8.43, 'mul', 'X_3', 'X_4', 'mul', -0.25, 'mul', 'X_0', 'mul', 'X_2', 'X_3', -1, 'pow', 'sin', 'add', 'X_2', 'log', 'X_1', -1]
--------------------
eq_name 	 Livermore2_Vars5_10
num_vars 	 5
vars_range_and_types 	 [{"name": "LogUniform", "range": [0.1, 10], "only_positive": true}, {"name": "LogUniform", "range": [0.1, 10], "only_positive": true}, {"name": "LogUniform", "range": [0.1, 10], "only_positive": true}, {"name": "LogUniform", "range": [0.1, 10], "only_positive": true}, {"name": "LogUniform", "range": [0.1, 10], "only_positive": true}]
function_set 	 ['add', 'sub', 'mul', 'div', 'log', 'sin', 'cos', 'const']
eq_expression 	 add,mul,X_3,X_4,mul,X_0,mul,pow,X_3,-1,mul,pow,add,X_1,add,mul,-8.43,mul,X_3,X_4,mul,-0.25,mul,X_0,mul,X_2,X_3,-1,pow,sin,add,X_2,log,X_1,-1
expr 	 X_0/(X_3*(-0.25*X_0*X_2*X_3 + X_1 - 8.43*X_3*X_4)*sin(X_2 + log(X_1))) + X_3*X_4
--------------------

== EXPERIMENT SETUP START ===========
Task type            : regression
Starting seed        : 0
Runs                 : 1
== EXPERIMENT SETUP END =============

== TRAINING SEED 0 START ============
self.dataX <dso.symbolic_data_generator.DataX object at 0x2aca703b5b38>, self.data_query_oracle: <dso.symbolic_equation_evaluator_public.Equation_evaluator object at 0x2aca56c3cd68>
generate dataset!
-- BUILDING PRIOR START -------------
WARNING: Skipping invalid 'RelationalConstraint' with arguments {'targets': [], 'effectors': [], 'relationship': None}. Reason: Prior disabled.
WARNING: Skipping invalid 'TrigConstraint' with arguments {}. Reason: There are no target Tokens.
WARNING: Skipping invalid 'UniformArityPrior' with arguments {}. Reason: Prior disabled.
WARNING: Skipping invalid 'LanguageModelPrior' with arguments {'weight': None}. Reason: Prior disabled.
LengthConstraint: Sequences have minimum length 4.
                  Sequences have maximum length 256.
RepeatConstraint: [const] cannot occur more than 10 times.
RelationalConstraint: [inv] cannot be a child of [inv].
ConstConstraint: [const] cannot be the only unique child of [inv, add, sub, mul, div].
NoInputsConstraint: Sequences contain at least one input variable Token.
SoftLengthPrior: No description available.
-- BUILDING PRIOR END ---------------

-- RUNNING EPOCHS START -------------
gen	iter	pop_size	nevals	uncached_size	best_val              	timer  
0  	0   	1024    	1024  	1024         	(-0.5014383081811216,)	2.37812
1  	1   	1024    	815   	722          	(-0.5018522066098794,)	0.637261
2  	2   	1024    	763   	671          	(-0.5052058800450707,)	0.87378 
3  	3   	1024    	759   	645          	(-0.5052058800450707,)	0.780726
4  	4   	1024    	774   	637          	(-0.5157861702805763,)	1.0956  
5  	5   	1024    	788   	639          	(-0.516954446448066,) 	1.54563 
6  	6   	1024    	791   	679          	(-0.5233203215615657,)	2.48449 
7  	7   	1024    	758   	658          	(-0.5324806723941564,)	3.63699 
8  	8   	1024    	758   	648          	(-0.5815592247299609,)	5.10235 
9  	9   	1024    	763   	645          	(-0.5834363507364773,)	7.95214 

--------------------------------------------------
GP Time: 26.7261

Unique expressions evaluated: 7912
Total expression evaluations: 7993
--------------------------------------------------

GP -> best program this epoch:

	Reward: 0.5834363507364773
	Count Off-policy: 1
	Count On-policy: 0
	Originally on Policy: False
	Invalid: False
	Traversal: inv,mul,div,add,sub,add,x4,x4,1.0874672404322865,0.8918772454414253,2.1081809908030236e-05,mul,mul,div,add,sub,add,x4,x5,1.099654329171983,0.885141044067465,mul,x1,div,add,div,x1,mul,add,-0.1064787721147526,x4,x5,x2,x2,mul,x2,div,2.1733460560031097,x1,add,4.343427911442126,x1
	Expression:
	                                             2 ⎛             x₁                 
	                       0.46012000584897611⋅x₁ ⋅⎜──────────────────────────── + x
	                                               ⎝x₅⋅(x₄ - 0.1064787721147526)    
	  ──────────────────────────────────────────────────────────────────────────────
	    2                                                                           
	  x₂ ⋅(x₁ + 4.343427911442126)⋅(94868.515024328316⋅x₄ - 9277.666189199408)⋅(x₄ +

	   ⎞                      
	  ₂⎟                      
	   ⎠                      
	  ────────────────────────
                        
	   x₅ - 0.214513285104518)

None

--------------------------------------------------

[00:00:00:31.43] Training epoch 1/14, current best R: 0.5834

	** New best
	Reward: 0.5834363507364773
	Count Off-policy: 1
	Count On-policy: 0
	Originally on Policy: False
	Invalid: False
	Traversal: inv,mul,div,add,sub,add,x4,x4,1.0874672404322865,0.8918772454414253,2.1081809908030236e-05,mul,mul,div,add,sub,add,x4,x5,1.099654329171983,0.885141044067465,mul,x1,div,add,div,x1,mul,add,-0.1064787721147526,x4,x5,x2,x2,mul,x2,div,2.1733460560031097,x1,add,4.343427911442126,x1
	Expression:
	                                             2 ⎛             x₁                 
	                       0.46012000584897611⋅x₁ ⋅⎜──────────────────────────── + x
	                                               ⎝x₅⋅(x₄ - 0.1064787721147526)    
	  ──────────────────────────────────────────────────────────────────────────────
	    2                                                                           
	  x₂ ⋅(x₁ + 4.343427911442126)⋅(94868.515024328316⋅x₄ - 9277.666189199408)⋅(x₄ +

	   ⎞                      
	  ₂⎟                      
	   ⎠                      
	  ────────────────────────
                        
	   x₅ - 0.214513285104518)

10 	0   	1024    	1024  	1015         	(-0.5014587290769543,)	1.03829 
11 	1   	1024    	757   	647          	(-0.5020492721165852,)	0.880538
12 	2   	1024    	742   	636          	(-0.5020493127335203,)	0.688281
13 	3   	1024    	768   	658          	(-0.506552326211226,) 	1.52905 
14 	4   	1024    	759   	661          	(-0.5120684465813918,)	2.1366  
15 	5   	1024    	782   	689          	(-0.5342212202352742,)	3.67394 
16 	6   	1024    	765   	687          	(-0.5342212202352742,)	4.0865  
17 	7   	1024    	777   	689          	(-0.5427588480635906,)	5.93369 
18 	8   	1024    	764   	694          	(-0.5644401667180141,)	10.1366 
19 	9   	1024    	756   	693          	(-0.5853386247701104,)	14.2394 

--------------------------------------------------
GP Time: 44.5794

Unique expressions evaluated: 15932
Total expression evaluations: 15887
--------------------------------------------------

GP -> best program this epoch:

	Reward: 0.5853386247701104
	Count Off-policy: 1
	Count On-policy: 0
	Originally on Policy: False
	Invalid: False
	Traversal: add,add,div,div,div,div,0.00011729742094119297,div,add,x1,inv,x2,add,div,x1,mul,x2,x5,x2,x4,div,add,sub,x1,x1,inv,x1,add,div,x1,mul,x2,x5,x5,add,x4,-0.10661691841366143,inv,sub,1.1154154435986785,x2,x4
	Expression:
	                            ⎛  x₁      ⎞ ⎛  x₁      ⎞                           
	  0.00011729742094119297⋅x₁⋅⎜───── + x₂⎟⋅⎜───── + x₅⎟                           
	                            ⎝x₂⋅x₅     ⎠ ⎝x₂⋅x₅     ⎠                   1       
	  ─────────────────────────────────────────────────── + x₄ + ───────────────────
	           ⎛     1 ⎞                                         1.1154154435986785 
	        x₄⋅⎜x₁ + ──⎟⋅(x₄ - 0.10661691841366143)                                 
	           ⎝     x₂⎠                                                            

    
    
    
	  ────
	  - x₂
    
    

None

--------------------------------------------------

[00:00:01:19.03] Training epoch 2/14, current best R: 0.5853

	** New best
	Reward: 0.5853386247701104
	Count Off-policy: 1
	Count On-policy: 0
	Originally on Policy: False
	Invalid: False
	Traversal: add,add,div,div,div,div,0.00011729742094119297,div,add,x1,inv,x2,add,div,x1,mul,x2,x5,x2,x4,div,add,sub,x1,x1,inv,x1,add,div,x1,mul,x2,x5,x5,add,x4,-0.10661691841366143,inv,sub,1.1154154435986785,x2,x4
	Expression:
	                            ⎛  x₁      ⎞ ⎛  x₁      ⎞                           
	  0.00011729742094119297⋅x₁⋅⎜───── + x₂⎟⋅⎜───── + x₅⎟                           
	                            ⎝x₂⋅x₅     ⎠ ⎝x₂⋅x₅     ⎠                   1       
	  ─────────────────────────────────────────────────── + x₄ + ───────────────────
	           ⎛     1 ⎞                                         1.1154154435986785 
	        x₄⋅⎜x₁ + ──⎟⋅(x₄ - 0.10661691841366143)                                 
	           ⎝     x₂⎠                                                            

    
    
    
	  ────
	  - x₂
    
    

-- RUNNING EPOCHS END ---------------

-- EVALUATION START ----------------
Saving Hall of Fame to ./log/regression_config_regression_GPMELD.json_Livermore2_Vars5_10.in_normal_0.0_2023-05-30-042808/dso_regression_config_regression_GPMELD.json_Livermore2_Vars5_10.in_normal_0.0_0_hof.csv
Saving Pareto Front to ./log/regression_config_regression_GPMELD.json_Livermore2_Vars5_10.in_normal_0.0_2023-05-30-042808/dso_regression_config_regression_GPMELD.json_Livermore2_Vars5_10.in_normal_0.0_0_pf.csv
Invalid expressions: 151 of 17935 (0.8%).
Error type counts:
  reciprocal: 59 (39.1%)
  true_divide: 92 (60.9%)
Error node counts:
  divide: 150 (99.3%)
  invalid: 1 (0.7%)
-- EVALUATION END ------------------
== TRAINING SEED 0 END ==============
INFO: Completed run 1 of 1 in 80 s

== POST-PROCESS START =================
-- LOADING LOGS START ----------------
Successfully loaded summary data
Successfully loaded Hall of Fame data
Successfully loaded Pareto Front data
-- LOADING LOGS END ------------------

-- ANALYZING LOG START --------------
Task_____________regression
Source path______./log/regression_config_regression_GPMELD.json_Livermore2_Vars5_10.in_normal_0.0_2023-05-30-042808
Runs_____________1
Max Samples/run__15000
Success_rate_____0.0
Hall of Fame (Top 5 of 100)____
    0: S=000 R=0.585339 <-- [0.00011729742094119297*x1*(x1/(x2*x5) + x2)*(x1/(x2*x5) + x5)/(x4*(x1 + 1/x2)*(x4 - 0.10661691841366143)) + x4 + 1/(1.1154154435986785 - x2)]
    1: S=000 R=0.585339 <-- [0.00011729742094119297*x1*(x1/(x2*x5) + x2)*(x1/(x2*x5) + x5)/(x4*(x1 + 1/x2)*(x4 - 0.10661691841366143)) + x4 + 1/(1.1154154435986785 - x2)]
    2: S=000 R=0.583436 <-- [0.46012000584897611*x1**2*(x1/(x5*(x4 - 0.1064787721147526)) + x2)/(x2**2*(x1 + 4.343427911442126)*(94868.515024328316*x4 - 9277.666189199408)*(x4 + x5 - 0.214513285104518))]
    3: S=000 R=0.583436 <-- [0.46012000584897611*x1**2*(x1/(x5*(x4 - 0.1064787721147526)) + x2)/(x2**2*(x1 + 4.343427911442126)*(94868.515024328316*x4 - 9277.666189199408)*(x4 + x5 - 0.214513285104518))]
    4: S=000 R=0.581559 <-- [0.006479276247835286*(x1 + x1/(x5*(x4 - 0.10641349078693166)))*(x1/x5 + x2)/x2]
  Saving Hall of Fame plot to ./log/regression_config_regression_GPMELD.json_Livermore2_Vars5_10.in_normal_0.0_2023-05-30-042808/dso_regression_config_regression_GPMELD.json_Livermore2_Vars5_10.in_normal_0.0_plot_hof.png
Pareto Front (5 of 12)____
    0: S=000 R=0.585339 C=53.00 <-- [0.00011729742094119297*x1*(x1/(x2*x5) + x2)*(x1/(x2*x5) + x5)/(x4*(x1 + 1/x2)*(x4 - 0.10661691841366143)) + x4 + 1/(1.1154154435986785 - x2)]
    1: S=000 R=0.583436 C=48.00 <-- [0.46012000584897611*x1**2*(x1/(x5*(x4 - 0.1064787721147526)) + x2)/(x2**2*(x1 + 4.343427911442126)*(94868.515024328316*x4 - 9277.666189199408)*(x4 + x5 - 0.214513285104518))]
    2: S=000 R=0.581559 C=22.00 <-- [0.006479276247835286*(x1 + x1/(x5*(x4 - 0.10641349078693166)))*(x1/x5 + x2)/x2]
    3: S=000 R=0.523320 C=19.00 <-- [x1/(x2**2*(1.5712455495232*x4 + 1.5712455495232*x5 - 0.43990128859637595))]
    4: S=000 R=0.519247 C=16.00 <-- [x1/(x2**2*(x4 + x5 - 0.2796658451734366))]
  Saving Pareto Front plot to ./log/regression_config_regression_GPMELD.json_Livermore2_Vars5_10.in_normal_0.0_2023-05-30-042808/dso_regression_config_regression_GPMELD.json_Livermore2_Vars5_10.in_normal_0.0_plot_pf.png
-- ANALYZING LOG END ----------------
== POST-PROCESS END ===================
