['mul', 'pow', 'X_0', -1, 'mul', 'add', 4.0755, 'mul', -2.85, 'X_0', 'mul', 'add', 'X_0', 'X_1', 'add', 'X_0', 'mul', -1, 'X_2']
--------------------
eq_name 	 Livermore2_Vars3_10
num_vars 	 3
vars_range_and_types 	 [{"name": "LogUniform", "range": [0.1, 10], "only_positive": true}, {"name": "LogUniform", "range": [0.1, 10], "only_positive": true}, {"name": "LogUniform", "range": [0.1, 10], "only_positive": true}]
function_set 	 ['add', 'sub', 'mul', 'div', 'const']
eq_expression 	 mul,pow,X_0,-1,mul,add,4.0755,mul,-2.85,X_0,mul,add,X_0,X_1,add,X_0,mul,-1,X_2
expr 	 (4.0755 - 2.85*X_0)*(X_0 + X_1)*(X_0 - X_2)/X_0
--------------------

== EXPERIMENT SETUP START ===========
Task type            : regression
Starting seed        : 0
Runs                 : 1
== EXPERIMENT SETUP END =============

== TRAINING SEED 0 START ============
self.dataX <dso.symbolic_data_generator.DataX object at 0x2ad816f42780>, self.data_query_oracle: <dso.symbolic_equation_evaluator_public.Equation_evaluator object at 0x2ad8017dcd68>
generate dataset!
-- BUILDING PRIOR START -------------
WARNING: Skipping invalid 'RelationalConstraint' with arguments {'targets': [], 'effectors': [], 'relationship': None}. Reason: Prior disabled.
WARNING: Skipping invalid 'TrigConstraint' with arguments {}. Reason: There are no target Tokens.
WARNING: Skipping invalid 'UniformArityPrior' with arguments {}. Reason: Prior disabled.
WARNING: Skipping invalid 'LanguageModelPrior' with arguments {'weight': None}. Reason: Prior disabled.
LengthConstraint: Sequences have minimum length 4.
                  Sequences have maximum length 256.
RepeatConstraint: [const] cannot occur more than 10 times.
RelationalConstraint: [inv] cannot be a child of [inv].
ConstConstraint: [const] cannot be the only unique child of [inv, add, sub, mul, div].
NoInputsConstraint: Sequences contain at least one input variable Token.
SoftLengthPrior: No description available.
-- BUILDING PRIOR END ---------------

-- RUNNING EPOCHS START -------------
[00:00:00:06.06] Training epoch 1/14, current best R: 0.6442

	** New best
	Reward: 0.6441540040246182
	Count Off-policy: False
	Count On-policy: True
	Originally on Policy: True
	Invalid: False
	Traversal: mul,-16.701656980486344,div,x3,add,inv,mul,x2,x2,div,x1,1.6397780717322272
	Expression:
	    -16.701656980486344⋅x₃    
	  ────────────────────────────
	                            1 
	  0.60983862221283454⋅x₁ + ───
	                             2
	                           x₂ 

[00:00:00:11.07] Training epoch 2/14, current best R: 0.6761

	** New best
	Reward: 0.6760822201410378
	Count Off-policy: False
	Count On-policy: True
	Originally on Policy: True
	Invalid: False
	Traversal: inv,div,inv,x3,div,x2,inv,div,add,-3.510773631982826,mul,inv,x2,div,sub,x1,x1,x3,x1
	Expression:
	  -3.510773631982826⋅x₂⋅x₃ 
	  ─────────────────────────
	              x₁           

[00:00:00:16.54] Training epoch 3/14, current best R: 0.6778

	** New best
	Reward: 0.6777871585690899
	Count Off-policy: False
	Count On-policy: True
	Originally on Policy: True
	Invalid: False
	Traversal: sub,mul,add,88.67207001683417,sub,x3,x2,mul,div,mul,x2,sub,sub,x1,x1,0.5931275197482531,mul,x1,15.160258732685216,x3,x2
	Expression:
	        0.039123838860974185⋅x₂⋅x₃⋅(-x₂ + x₃ + 88.67207001683417)
	  -x₂ - ─────────────────────────────────────────────────────────
	                                    x₁                           

[00:00:00:27.55] Training epoch 5/14, current best R: 0.6830

	** New best
	Reward: 0.6830351885503431
	Count Off-policy: False
	Count On-policy: True
	Originally on Policy: True
	Invalid: False
	Traversal: sub,div,x2,mul,sub,x1,add,x1,div,0.295526466674754,x3,x1,15.309393383632687
	Expression:
	                        3.38379168286326⋅x₂⋅x₃
	  -15.309393383632687 - ──────────────────────
	                                  x₁          

[00:00:00:55.41] Training epoch 10/14, current best R: 0.7194

	** New best
	Reward: 0.7194069948385603
	Count Off-policy: False
	Count On-policy: True
	Originally on Policy: True
	Invalid: False
	Traversal: mul,add,x3,x1,sub,sub,sub,x3,inv,x2,mul,div,x2,x1,3.3447495502449542,5.963650751581839
	Expression:
	            ⎛                         1    3.3447495502449542⋅x₂⎞
	  (x₁ + x₃)⋅⎜x₃ - 5.963650751581839 - ── - ─────────────────────⎟
	            ⎝                         x₂             x₁         ⎠

[00:00:00:55.42] Training epoch 10/14, current best R: 0.7194
[00:00:01:21.67] Training epoch 14/14, current best R: 0.7299

	** New best
	Reward: 0.7299136050596733
	Count Off-policy: False
	Count On-policy: True
	Originally on Policy: True
	Invalid: False
	Traversal: div,add,mul,mul,mul,x2,x3,inv,x1,-0.4880100883938372,mul,mul,sub,div,0.8829170497780303,x2,15.408883517223659,x1,x1,x1
	Expression:
	    2 ⎛                      0.8829170497780303⎞   0.4880100883938372⋅x₂⋅x₃
	  x₁ ⋅⎜-15.408883517223659 + ──────────────────⎟ - ────────────────────────
	      ⎝                              x₂        ⎠              x₁           
	  ─────────────────────────────────────────────────────────────────────────
	                                      x₁                                   

[00:00:01:21.68] Ending training after epoch 14/14, current best R: 0.7299
-- RUNNING EPOCHS END ---------------

-- EVALUATION START ----------------
Saving Hall of Fame to ./log/regression_config_regression_DSR.json_Livermore2_Vars3_10.in_normal_0.0_2023-05-30-042140/dso_regression_config_regression_DSR.json_Livermore2_Vars3_10.in_normal_0.0_0_hof.csv
Saving Pareto Front to ./log/regression_config_regression_DSR.json_Livermore2_Vars3_10.in_normal_0.0_2023-05-30-042140/dso_regression_config_regression_DSR.json_Livermore2_Vars3_10.in_normal_0.0_0_pf.csv
Invalid expressions: 304 of 14336 (2.1%).
Error type counts:
  reciprocal: 160 (52.6%)
  true_divide: 144 (47.4%)
Error node counts:
  divide: 300 (98.7%)
  invalid: 4 (1.3%)
-- EVALUATION END ------------------
== TRAINING SEED 0 END ==============
INFO: Completed run 1 of 1 in 83 s

== POST-PROCESS START =================
-- LOADING LOGS START ----------------
Successfully loaded summary data
Successfully loaded Hall of Fame data
Successfully loaded Pareto Front data
-- LOADING LOGS END ------------------

-- ANALYZING LOG START --------------
Task_____________regression
Source path______./log/regression_config_regression_DSR.json_Livermore2_Vars3_10.in_normal_0.0_2023-05-30-042140
Runs_____________1
Max Samples/run__15000
Success_rate_____0.0
Hall of Fame (Top 5 of 100)____
    0: S=000 R=0.729914 <-- [(x1**2*(-15.408883517223659 + 0.8829170497780303/x2) - 0.4880100883938372*x2*x3/x1)/x1]
    1: S=000 R=0.719407 <-- [(x1 + x3)*(x3 - 5.963650751581839 - 1/x2 - 3.3447495502449542*x2/x1)]
    2: S=000 R=0.691827 <-- [x2*x3*(x1 - 3.195872242205743)/(1.0023704394169148*x1 - 0.0023704394169147998*x2) - 19.745980871748912]
    3: S=000 R=0.689386 <-- [-x1 + 0.001393690951638907*x2*x3*(x2 + 1323.8138583633681 - (x2 + 2757.8694069173753)/x1)]
    4: S=000 R=0.683584 <-- [0.417426987818985*x2*x3*(-x1 + x2 - 0.24470774046765645 - 9.6961130172786581/x1) + x2]
  Saving Hall of Fame plot to ./log/regression_config_regression_DSR.json_Livermore2_Vars3_10.in_normal_0.0_2023-05-30-042140/dso_regression_config_regression_DSR.json_Livermore2_Vars3_10.in_normal_0.0_plot_hof.png
Pareto Front (5 of 8)____
    0: S=000 R=0.729914 C=23.00 <-- [(x1**2*(-15.408883517223659 + 0.8829170497780303/x2) - 0.4880100883938372*x2*x3/x1)/x1]
    1: S=000 R=0.719407 C=18.00 <-- [(x1 + x3)*(x3 - 5.963650751581839 - 1/x2 - 3.3447495502449542*x2/x1)]
    2: S=000 R=0.683035 C=15.00 <-- [-15.309393383632687 - 3.38379168286326*x2*x3/x1]
    3: S=000 R=0.679816 C=13.00 <-- [x2*x3*(x1 - 3.7116780095981756)/x1]
    4: S=000 R=0.677409 C=12.00 <-- [x3 + 3.385472474688209*x3*(-x2 - 0.23705406949581245)/x1]
  Saving Pareto Front plot to ./log/regression_config_regression_DSR.json_Livermore2_Vars3_10.in_normal_0.0_2023-05-30-042140/dso_regression_config_regression_DSR.json_Livermore2_Vars3_10.in_normal_0.0_plot_pf.png
-- ANALYZING LOG END ----------------
== POST-PROCESS END ===================
