['mul', 'X_0', 'mul', 'pow', 'X_2', -1, 'mul', 'pow', 'sin', 'exp', 'X_1', 2, 'add', 'X_0', 'mul', 'add', -1.23, 'X_1', 'add', 'X_0', 'add', 'mul', -1, 'X_1', 'mul', -1, 'X_2']
--------------------
eq_name 	 Livermore2_Vars3_6
num_vars 	 3
vars_range_and_types 	 [{"name": "LogUniform", "range": [0.1, 10], "only_positive": true}, {"name": "LogUniform", "range": [0.1, 10], "only_positive": true}, {"name": "LogUniform", "range": [0.1, 10], "only_positive": true}]
function_set 	 ['add', 'sub', 'mul', 'div', 'n2', 'exp', 'sin', 'cos', 'const']
eq_expression 	 mul,X_0,mul,pow,X_2,-1,mul,pow,sin,exp,X_1,2,add,X_0,mul,add,-1.23,X_1,add,X_0,add,mul,-1,X_1,mul,-1,X_2
expr 	 X_0*(X_0 + (X_1 - 1.23)*(X_0 - X_1 - X_2))*sin(exp(X_1))**2/X_2
--------------------

== EXPERIMENT SETUP START ===========
Task type            : regression
Starting seed        : 0
Runs                 : 1
== EXPERIMENT SETUP END =============

== TRAINING SEED 0 START ============
self.dataX <dso.symbolic_data_generator.DataX object at 0x2b6d73ec8c50>, self.data_query_oracle: <dso.symbolic_equation_evaluator_public.Equation_evaluator object at 0x2b6d5e742d68>
generate dataset!
-- BUILDING PRIOR START -------------
WARNING: Skipping invalid 'RelationalConstraint' with arguments {'targets': [], 'effectors': [], 'relationship': None}. Reason: Prior disabled.
WARNING: Skipping invalid 'TrigConstraint' with arguments {}. Reason: There are no target Tokens.
WARNING: Skipping invalid 'UniformArityPrior' with arguments {}. Reason: Prior disabled.
WARNING: Skipping invalid 'LanguageModelPrior' with arguments {'weight': None}. Reason: Prior disabled.
LengthConstraint: Sequences have minimum length 4.
                  Sequences have maximum length 256.
RepeatConstraint: [const] cannot occur more than 10 times.
RelationalConstraint: [inv] cannot be a child of [inv].
ConstConstraint: [const] cannot be the only unique child of [inv, add, sub, mul, div].
NoInputsConstraint: Sequences contain at least one input variable Token.
SoftLengthPrior: No description available.
-- BUILDING PRIOR END ---------------

-- RUNNING EPOCHS START -------------
[00:00:00:06.22] Training epoch 1/14, current best R: 0.5416

	** New best
	Reward: 0.5415756527902631
	Count Off-policy: False
	Count On-policy: True
	Originally on Policy: True
	Invalid: False
	Traversal: mul,0.24544605935977593,mul,div,mul,x1,mul,mul,inv,add,add,x2,-0.970917065871668,x1,x1,x1,x3,x2
	Expression:
	                           3      
	     0.24544605935977593⋅x₁ ⋅x₂   
	  ────────────────────────────────
	  x₃⋅(x₁ + x₂ - 0.970917065871668)

[00:00:00:14.93] Training epoch 3/14, current best R: 0.5480

	** New best
	Reward: 0.5480174169962534
	Count Off-policy: False
	Count On-policy: True
	Originally on Policy: True
	Invalid: False
	Traversal: sub,x1,mul,x2,mul,sub,0.18195562937334486,inv,x3,mul,add,mul,sub,div,div,x1,x3,2.0651434025999142,x2,x3,-1.6346114358196635,x1
	Expression:
	          ⎛                      1 ⎞ ⎛   ⎛0.48422787431664507⋅x₁     ⎞          
	  - x₁⋅x₂⋅⎜0.18195562937334486 - ──⎟⋅⎜x₃⋅⎜────────────────────── - x₂⎟ - 1.63461
	          ⎝                      x₃⎠ ⎝   ⎝          x₃               ⎠          

	             ⎞     
	  14358196635⎟ + x₁
	             ⎠     

[00:00:00:19.25] Training epoch 4/14, current best R: 0.5757

	** New best
	Reward: 0.5756557562719563
	Count Off-policy: False
	Count On-policy: True
	Originally on Policy: True
	Invalid: False
	Traversal: add,div,-0.3869517299029512,inv,mul,x2,sub,mul,sub,div,sub,add,x2,0.284472637344929,x1,x3,x2,x1,x2,-8.694881846647263
	Expression:
	                          ⎛   ⎛      -x₁ + x₂ + 0.284472637344929⎞     ⎞        
	  - 0.3869517299029512⋅x₂⋅⎜x₁⋅⎜-x₂ + ────────────────────────────⎟ - x₂⎟ - 8.694
	                          ⎝   ⎝                   x₃             ⎠     ⎠        

            
	  881846647263
            

[00:00:00:47.59] Training epoch 10/14, current best R: 0.5757
[00:00:01:03.63] Training epoch 13/14, current best R: 0.6272

	** New best
	Reward: 0.627235702604536
	Count Off-policy: False
	Count On-policy: True
	Originally on Policy: True
	Invalid: False
	Traversal: add,mul,-0.5013371541759686,div,add,div,x1,5948.185163881143,sub,x2,x1,mul,inv,x1,div,x3,x2,3.57689515015089
	Expression:
	    0.5013371541759686⋅x₁⋅x₂⋅(-0.9998318814945318⋅x₁ + x₂)                   
	  - ────────────────────────────────────────────────────── + 3.57689515015089
	                              x₃                                             

[00:00:01:10.70] Ending training after epoch 14/14, current best R: 0.6272
-- RUNNING EPOCHS END ---------------

-- EVALUATION START ----------------
Saving Hall of Fame to ./log/regression_config_regression_VPG.json_Livermore2_Vars3_6.in_normal_0.0_2023-05-30-041718/dso_regression_config_regression_VPG.json_Livermore2_Vars3_6.in_normal_0.0_0_hof.csv
Saving Pareto Front to ./log/regression_config_regression_VPG.json_Livermore2_Vars3_6.in_normal_0.0_2023-05-30-041718/dso_regression_config_regression_VPG.json_Livermore2_Vars3_6.in_normal_0.0_0_pf.csv
Invalid expressions: 302 of 14336 (2.1%).
Error type counts:
  reciprocal: 168 (55.6%)
  true_divide: 134 (44.4%)
Error node counts:
  divide: 299 (99.0%)
  invalid: 3 (1.0%)
-- EVALUATION END ------------------
== TRAINING SEED 0 END ==============
INFO: Completed run 1 of 1 in 72 s

== POST-PROCESS START =================
-- LOADING LOGS START ----------------
Successfully loaded summary data
Successfully loaded Hall of Fame data
Successfully loaded Pareto Front data
-- LOADING LOGS END ------------------

-- ANALYZING LOG START --------------
Task_____________regression
Source path______./log/regression_config_regression_VPG.json_Livermore2_Vars3_6.in_normal_0.0_2023-05-30-041718
Runs_____________1
Max Samples/run__15000
Success_rate_____0.0
Hall of Fame (Top 5 of 100)____
    0: S=000 R=0.627236 <-- [-0.5013371541759686*x1*x2*(-0.9998318814945318*x1 + x2)/x3 + 3.57689515015089]
    1: S=000 R=0.575656 <-- [-0.3869517299029512*x2*(x1*(-x2 + (-x1 + x2 + 0.284472637344929)/x3) - x2) - 8.694881846647263]
    2: S=000 R=0.566334 <-- [0.433570403651189*x1*x2*(0.7892983305442163 - 0.09605255576201459*x2)*(x1 + x2)/x3 + x1]
    3: S=000 R=0.562195 <-- [x2*((2*x1 - x2)/(x3 + 0.1595265731273146/x1) - 1.111096791190097)]
    4: S=000 R=0.557057 <-- [0.25679864554861128*x1*(x1 - 0.19969790813154167*x2*(x2 - 7.158746870685388)/x3)/x3]
  Saving Hall of Fame plot to ./log/regression_config_regression_VPG.json_Livermore2_Vars3_6.in_normal_0.0_2023-05-30-041718/dso_regression_config_regression_VPG.json_Livermore2_Vars3_6.in_normal_0.0_plot_hof.png
Pareto Front (5 of 9)____
    0: S=000 R=0.627236 C=22.00 <-- [-0.5013371541759686*x1*x2*(-0.9998318814945318*x1 + x2)/x3 + 3.57689515015089]
    1: S=000 R=0.551090 C=21.00 <-- [1/(x3**2*(0.07673125663404631/x2 - 4.491283389991671/(x1*(3.532548538369479 - x1))))]
    2: S=000 R=0.541933 C=20.00 <-- [0.5294561428277689*x1*(5.438994408815128 - x1)*(-x2 + 0.5186709927359732*(-0.5186745384449057*x1 + 0.5186745384449057*x3)/x3)]
    3: S=000 R=0.541127 C=13.00 <-- [1.1347107654048438*x1*x2*(x1 - 0.8893406628851694*x2)]
    4: S=000 R=0.538570 C=10.00 <-- [1.066270039242113*x1*(x1 - 4.158505175359303)/x3]
  Saving Pareto Front plot to ./log/regression_config_regression_VPG.json_Livermore2_Vars3_6.in_normal_0.0_2023-05-30-041718/dso_regression_config_regression_VPG.json_Livermore2_Vars3_6.in_normal_0.0_plot_pf.png
-- ANALYZING LOG END ----------------
== POST-PROCESS END ===================
