['add', 3.18, 'add', 'X_1', 'add', 'X_2', 'mul', -1.35, 'mul', 'X_0', 'pow', 'X_1', 2]
--------------------
eq_name 	 Livermore2_Vars3_24
num_vars 	 3
vars_range_and_types 	 [{"name": "LogUniform", "range": [0.1, 10], "only_positive": true}, {"name": "LogUniform", "range": [0.1, 10], "only_positive": true}, {"name": "LogUniform", "range": [0.1, 10], "only_positive": true}]
function_set 	 ['add', 'sub', 'mul', 'div', 'n2', 'const']
eq_expression 	 add,3.18,add,X_1,add,X_2,mul,-1.35,mul,X_0,pow,X_1,2
expr 	 -1.35*X_0*X_1**2 + X_1 + X_2 + 3.18
--------------------

== EXPERIMENT SETUP START ===========
Task type            : regression
Starting seed        : 0
Runs                 : 1
== EXPERIMENT SETUP END =============

== TRAINING SEED 0 START ============
self.dataX <dso.symbolic_data_generator.DataX object at 0x2ab70ce215f8>, self.data_query_oracle: <dso.symbolic_equation_evaluator_public.Equation_evaluator object at 0x2ab6f3644d68>
generate dataset!
-- BUILDING PRIOR START -------------
WARNING: Skipping invalid 'RelationalConstraint' with arguments {'targets': [], 'effectors': [], 'relationship': None}. Reason: Prior disabled.
WARNING: Skipping invalid 'TrigConstraint' with arguments {}. Reason: There are no target Tokens.
WARNING: Skipping invalid 'UniformArityPrior' with arguments {}. Reason: Prior disabled.
WARNING: Skipping invalid 'LanguageModelPrior' with arguments {'weight': None}. Reason: Prior disabled.
LengthConstraint: Sequences have minimum length 4.
                  Sequences have maximum length 256.
RepeatConstraint: [const] cannot occur more than 10 times.
RelationalConstraint: [inv] cannot be a child of [inv].
ConstConstraint: [const] cannot be the only unique child of [inv, add, sub, mul, div].
NoInputsConstraint: Sequences contain at least one input variable Token.
SoftLengthPrior: No description available.
-- BUILDING PRIOR END ---------------

-- RUNNING EPOCHS START -------------
[00:00:00:06.35] Training epoch 1/14, current best R: 0.8888

	** New best
	Reward: 0.8887583158289176
	Count Off-policy: False
	Count On-policy: True
	Originally on Policy: True
	Invalid: False
	Traversal: mul,div,add,2.022660796146629,x2,inv,sub,mul,0.026027051165563392,x3,add,inv,mul,add,sub,x3,x3,x3,3733.560312578754,x1,x2
	Expression:
	                              ⎛                                0.000267840858665
	  x₂⋅(x₂ + 2.022660796146629)⋅⎜-x₁ + 0.026027051165563392⋅x₃ - ─────────────────
	                              ⎝                                          x₃     

	  3591⎞
	  ────⎟
	      ⎠

[00:00:00:11.36] Training epoch 2/14, current best R: 0.9413

	** New best
	Reward: 0.9412937112958694
	Count Off-policy: False
	Count On-policy: True
	Originally on Policy: True
	Invalid: False
	Traversal: div,sub,add,x2,div,x1,11.621354843018958,1.1482421979889794,div,19.42601671028098,mul,mul,x1,-27.42590083867751,x2
	Expression:
	  -1.411812892354957⋅x₁⋅x₂⋅(0.086048486902601387⋅x₁ + x₂ - 1.1482421979889794)

[00:00:00:27.85] Training epoch 5/14, current best R: 0.9743

	** New best
	Reward: 0.974299207298395
	Count Off-policy: False
	Count On-policy: True
	Originally on Policy: True
	Invalid: False
	Traversal: mul,1.0709630845814069,add,x3,sub,add,x1,x2,mul,mul,mul,1.1179019436459656,x2,div,x1,0.8794418344024277,x2
	Expression:
	                            2                                                   
	  - 1.3613540623071916⋅x₁⋅x₂  + 1.0709630845814069⋅x₁ + 1.0709630845814069⋅x₂ + 

                     
	  1.0709630845814069⋅x₃

[00:00:00:38.43] Training epoch 7/14, current best R: 0.9923

	** New best
	Reward: 0.9923023526408646
	Count Off-policy: False
	Count On-policy: True
	Originally on Policy: True
	Invalid: False
	Traversal: add,x3,mul,div,1.3312630887144474,div,0.32685003504440624,sub,inv,x2,mul,mul,0.33144215630768886,x2,add,-0.08575829080368165,x1,x2
	Expression:
	     ⎛                                                   4.0730088602670041⎞    
	  x₂⋅⎜-1.349966839307218⋅x₂⋅(x₁ - 0.08575829080368165) + ──────────────────⎟ + x
	     ⎝                                                           x₂        ⎠    

 
	  ₃
 

[00:00:00:55.95] Training epoch 10/14, current best R: 0.9923
[00:00:01:20.38] Ending training after epoch 14/14, current best R: 0.9923
-- RUNNING EPOCHS END ---------------

-- EVALUATION START ----------------
Saving Hall of Fame to ./log/regression_config_regression_PQT.json_Livermore2_Vars3_24.in_normal_0.0_2023-05-30-035416/dso_regression_config_regression_PQT.json_Livermore2_Vars3_24.in_normal_0.0_0_hof.csv
Saving Pareto Front to ./log/regression_config_regression_PQT.json_Livermore2_Vars3_24.in_normal_0.0_2023-05-30-035416/dso_regression_config_regression_PQT.json_Livermore2_Vars3_24.in_normal_0.0_0_pf.csv
Invalid expressions: 331 of 14336 (2.3%).
Error type counts:
  reciprocal: 197 (59.5%)
  true_divide: 134 (40.5%)
Error node counts:
  divide: 331 (100.0%)

Priority queue entry 0:
	Reward: 0.9923023526408646
	Count Off-policy: False
	Count On-policy: True
	Originally on Policy: True
	Invalid: False
	Traversal: add,x3,mul,div,1.3312630887144474,div,0.32685003504440624,sub,inv,x2,mul,mul,0.33144215630768886,x2,add,-0.08575829080368165,x1,x2
	Expression:
	     ⎛                                                   4.0730088602670041⎞    
	  x₂⋅⎜-1.349966839307218⋅x₂⋅(x₁ - 0.08575829080368165) + ──────────────────⎟ + x
	     ⎝                                                           x₂        ⎠    

 
	  ₃
 


Priority queue entry 1:
	Reward: 0.974299207298395
	Count Off-policy: False
	Count On-policy: True
	Originally on Policy: True
	Invalid: False
	Traversal: mul,1.0709630845814069,add,x3,sub,add,x1,x2,mul,mul,mul,1.1179019436459656,x2,div,x1,0.8794418344024277,x2
	Expression:
	                            2                                                   
	  - 1.3613540623071916⋅x₁⋅x₂  + 1.0709630845814069⋅x₁ + 1.0709630845814069⋅x₂ + 

                     
	  1.0709630845814069⋅x₃


Priority queue entry 2:
	Reward: 0.9725708433153276
	Count Off-policy: False
	Count On-policy: True
	Originally on Policy: True
	Invalid: False
	Traversal: sub,div,-235.4138376245702,div,div,sub,div,add,add,div,x2,x1,x3,177.43888051854157,x2,0.4765806092089728,x1,x2,-6.636340928989909
	Expression:
	                 235.4138376245702⋅x₁⋅x₂                                  
	  - ────────────────────────────────────────────────── + 6.636340928989909
	                                                    x₂                    
	                          x₃ + 177.43888051854157 + ──                    
	                                                    x₁                    
	    -0.4765806092089728 + ────────────────────────────                    
	                                       x₂                                 


Priority queue entry 3:
	Reward: 0.9685662952108018
	Count Off-policy: False
	Count On-policy: True
	Originally on Policy: True
	Invalid: False
	Traversal: add,inv,div,div,0.7514782196842683,mul,x2,x1,sub,mul,inv,mul,inv,sub,0.4365414408795801,x3,x3,-0.03850003667045851,x2,7.021598695279426
	Expression:
	                          ⎛      0.03850003667045851⋅(0.4365414408795801 - x₃)⎞ 
	  1.330710556614864⋅x₁⋅x₂⋅⎜-x₂ - ─────────────────────────────────────────────⎟ 
	                          ⎝                            x₃                     ⎠ 

                   
	  + 7.021598695279426
                   


Priority queue entry 4:
	Reward: 0.9679865963046345
	Count Off-policy: False
	Count On-policy: True
	Originally on Policy: True
	Invalid: False
	Traversal: sub,7.031258067629744,mul,x2,div,x1,inv,div,x2,0.7516075221610234
	Expression:
	                          2                    
	  - 1.33048162839669⋅x₁⋅x₂  + 7.031258067629744


Priority queue entry 5:
	Reward: 0.961979712037508
	Count Off-policy: False
	Count On-policy: True
	Originally on Policy: True
	Invalid: False
	Traversal: sub,x3,sub,div,mul,x1,mul,sub,sub,x1,mul,mul,x2,inv,div,0.0002877239174561378,x2,x3,-316.7359368581685,-0.0003812693264423346,x3,x3
	Expression:
	       ⎛                                                2                       
	    x₁⋅⎝-0.0003812693264423346⋅x₁ + 1.325122116413758⋅x₂ ⋅x₃ - 0.120761697305995
	  - ────────────────────────────────────────────────────────────────────────────
	                                          x₃                                    

	   ⎞       
	  7⎠       
	  ── + 2⋅x₃
         


Priority queue entry 6:
	Reward: 0.9594738048047999
	Count Off-policy: False
	Count On-policy: True
	Originally on Policy: True
	Invalid: False
	Traversal: mul,x2,sub,div,inv,div,inv,div,x1,inv,div,mul,sub,-4.395836007244701,inv,x1,x2,2.196787099326398,1.4828769671113853,2.1967871106372723,-4.113547638564427
	Expression:
	     ⎛                         ⎛                     1 ⎞                    ⎞
	  x₂⋅⎜0.3072763803509057⋅x₁⋅x₂⋅⎜-4.395836007244701 - ──⎟ + 4.113547638564427⎟
	     ⎝                         ⎝                     x₁⎠                    ⎠


Priority queue entry 7:
	Reward: 0.9412937112958694
	Count Off-policy: False
	Count On-policy: True
	Originally on Policy: True
	Invalid: False
	Traversal: div,sub,add,x2,div,x1,11.621354843018958,1.1482421979889794,div,19.42601671028098,mul,mul,x1,-27.42590083867751,x2
	Expression:
	  -1.411812892354957⋅x₁⋅x₂⋅(0.086048486902601387⋅x₁ + x₂ - 1.1482421979889794)


Priority queue entry 8:
	Reward: 0.9268842201475086
	Count Off-policy: False
	Count On-policy: True
	Originally on Policy: True
	Invalid: False
	Traversal: mul,-1.124071647763082,sub,-2.3905799535919656,add,add,div,x1,mul,sub,inv,sub,1.0993918686015276,div,div,0.77094412154764,x2,1.2109530924296348,0.9458900857262638,-0.3940481427830109,x3,x2
	Expression:
	                       1.124071647763082⋅x₁                                     
	  ───────────────────────────────────────────────────────────── + 1.124071647763
	                                  0.3940481427830109                            
	  0.3727262315572972 - ────────────────────────────────────────                 
	                                            0.63664243178968346                 
	                       1.0993918686015276 - ───────────────────                 
	                                                     x₂                         

                                                  
	  082⋅x₂ + 1.124071647763082⋅x₃ + 2.6871831475435129
                                                  
                                                  
                                                  
                                                  
                                                  


Priority queue entry 9:
	Reward: 0.9156333879785449
	Count Off-policy: False
	Count On-policy: True
	Originally on Policy: True
	Invalid: False
	Traversal: mul,sub,add,x2,-4.28731206506174,sub,div,x1,div,add,mul,x3,0.0015073979555615066,0.6545155876196292,x2,x1,x2
	Expression:
	     ⎛                      x₁⋅x₂                                               
	  x₂⋅⎜- ───────────────────────────────────────────── + x₁ + x₂ - 4.287312065061
	     ⎝  0.0015073979555615066⋅x₃ + 0.6545155876196292                           

	    ⎞
	  74⎟
	    ⎠

-- EVALUATION END ------------------
== TRAINING SEED 0 END ==============
INFO: Completed run 1 of 1 in 82 s

== POST-PROCESS START =================
-- LOADING LOGS START ----------------
Successfully loaded summary data
Successfully loaded Hall of Fame data
Successfully loaded Pareto Front data
-- LOADING LOGS END ------------------

-- ANALYZING LOG START --------------
Task_____________regression
Source path______./log/regression_config_regression_PQT.json_Livermore2_Vars3_24.in_normal_0.0_2023-05-30-035416
Runs_____________1
Max Samples/run__15000
Success_rate_____0.0
Hall of Fame (Top 5 of 100)____
    0: S=000 R=0.992302 <-- [x2*(-1.349966839307218*x2*(x1 - 0.08575829080368165) + 4.0730088602670041/x2) + x3]
    1: S=000 R=0.974299 <-- [-1.3613540623071916*x1*x2**2 + 1.0709630845814069*x1 + 1.0709630845814069*x2 + 1.0709630845814069*x3]
    2: S=000 R=0.972571 <-- [-235.4138376245702*x1*x2/(-0.4765806092089728 + (x3 + 177.43888051854157 + x2/x1)/x2) + 6.636340928989909]
    3: S=000 R=0.968566 <-- [1.330710556614864*x1*x2*(-x2 - 0.03850003667045851*(0.4365414408795801 - x3)/x3) + 7.021598695279426]
    4: S=000 R=0.967987 <-- [-1.33048162839669*x1*x2**2 + 7.031258067629744]
  Saving Hall of Fame plot to ./log/regression_config_regression_PQT.json_Livermore2_Vars3_24.in_normal_0.0_2023-05-30-035416/dso_regression_config_regression_PQT.json_Livermore2_Vars3_24.in_normal_0.0_plot_hof.png
Pareto Front (5 of 7)____
    0: S=000 R=0.992302 C=21.00 <-- [x2*(-1.349966839307218*x2*(x1 - 0.08575829080368165) + 4.0730088602670041/x2) + x3]
    1: S=000 R=0.974299 C=18.00 <-- [-1.3613540623071916*x1*x2**2 + 1.0709630845814069*x1 + 1.0709630845814069*x2 + 1.0709630845814069*x3]
    2: S=000 R=0.967987 C=13.00 <-- [-1.33048162839669*x1*x2**2 + 7.031258067629744]
    3: S=000 R=0.934641 C=11.00 <-- [0.06914004530400326*x1*x2*(11.823456659931436 - 20.42287352796823*x2)]
    4: S=000 R=0.778870 C=10.00 <-- [x1*(7.649296736424267 - 10.380247815982*x2) + 7.498527000252859]
  Saving Pareto Front plot to ./log/regression_config_regression_PQT.json_Livermore2_Vars3_24.in_normal_0.0_2023-05-30-035416/dso_regression_config_regression_PQT.json_Livermore2_Vars3_24.in_normal_0.0_plot_pf.png
-- ANALYZING LOG END ----------------
== POST-PROCESS END ===================
