['pow', 'add', 'X_0', 'mul', 'X_0', 'pow', 'add', 'X_1', 'mul', 'X_3', 'add', 'X_4', 'add', 'X_5', 'add', 'mul', 2, 'X_1', 'add', 'mul', 8.13, 'mul', 'X_5', 'pow', 'X_0', 2, 'mul', 'X_0', 'mul', 'X_1', 'X_2', -1, 2]
--------------------
eq_name 	 Livermore2_Vars6_11
num_vars 	 6
vars_range_and_types 	 [{"name": "LogUniform", "range": [0.1, 10], "only_positive": true}, {"name": "LogUniform", "range": [0.1, 10], "only_positive": true}, {"name": "LogUniform", "range": [0.1, 10], "only_positive": true}, {"name": "LogUniform", "range": [0.1, 10], "only_positive": true}, {"name": "LogUniform", "range": [0.1, 10], "only_positive": true}, {"name": "LogUniform", "range": [0.1, 10], "only_positive": true}]
function_set 	 ['add', 'sub', 'mul', 'div', 'n2', 'const']
eq_expression 	 pow,add,X_0,mul,X_0,pow,add,X_1,mul,X_3,add,X_4,add,X_5,add,mul,2,X_1,add,mul,8.13,mul,X_5,pow,X_0,2,mul,X_0,mul,X_1,X_2,-1,2
expr 	 (X_0 + X_0/(X_1 + X_3*(8.13*X_0**2*X_5 + X_0*X_1*X_2 + 2*X_1 + X_4 + X_5)))**2
--------------------

== EXPERIMENT SETUP START ===========
Task type            : regression
Starting seed        : 0
Runs                 : 1
== EXPERIMENT SETUP END =============

== TRAINING SEED 0 START ============
self.dataX <dso.symbolic_data_generator.DataX object at 0x2b282d431828>, self.data_query_oracle: <dso.symbolic_equation_evaluator_public.Equation_evaluator object at 0x2b2813cc0d68>
generate dataset!
-- BUILDING PRIOR START -------------
WARNING: Skipping invalid 'RelationalConstraint' with arguments {'targets': [], 'effectors': [], 'relationship': None}. Reason: Prior disabled.
WARNING: Skipping invalid 'TrigConstraint' with arguments {}. Reason: There are no target Tokens.
WARNING: Skipping invalid 'UniformArityPrior' with arguments {}. Reason: Prior disabled.
WARNING: Skipping invalid 'LanguageModelPrior' with arguments {'weight': None}. Reason: Prior disabled.
LengthConstraint: Sequences have minimum length 4.
                  Sequences have maximum length 256.
RepeatConstraint: [const] cannot occur more than 10 times.
RelationalConstraint: [inv] cannot be a child of [inv].
ConstConstraint: [const] cannot be the only unique child of [inv, add, sub, mul, div].
NoInputsConstraint: Sequences contain at least one input variable Token.
SoftLengthPrior: No description available.
-- BUILDING PRIOR END ---------------

-- RUNNING EPOCHS START -------------
gen	iter	pop_size	nevals	uncached_size	best_val              	timer 
0  	0   	1024    	1024  	1024         	(-0.9452145793799425,)	2.7937
1  	1   	1024    	766   	678          	(-0.9516919431767523,)	1.68435
2  	2   	1024    	778   	682          	(-0.9516919431816021,)	2.64756
3  	3   	1024    	753   	635          	(-0.9574668125042443,)	2.63375
4  	4   	1024    	765   	633          	(-0.9574668125042443,)	3.85104
5  	5   	1024    	771   	609          	(-0.9582151841717622,)	3.89662
6  	6   	1024    	734   	557          	(-0.9645251438124973,)	3.66504
7  	7   	1024    	749   	542          	(-0.9691734780253656,)	4.20046
8  	8   	1024    	787   	577          	(-0.9691734780253656,)	5.08896
9  	9   	1024    	763   	597          	(-0.9723898492429646,)	6.2134 

--------------------------------------------------
GP Time: 36.9223

Unique expressions evaluated: 7447
Total expression evaluations: 7890
--------------------------------------------------

GP -> best program this epoch:

	Reward: 0.9723898492429646
	Count Off-policy: 1
	Count On-policy: 0
	Originally on Policy: False
	Invalid: False
	Traversal: add,div,x1,add,add,div,-0.009159516656561355,div,x4,x1,mul,x1,x4,mul,3.044591985059037,x6,mul,x1,x1
	Expression:
	    2                             x₁                          
	  x₁  + ──────────────────────────────────────────────────────
	                0.009159516656561355⋅x₁                       
	        x₁⋅x₄ - ─────────────────────── + 3.044591985059037⋅x₆
	                           x₄                                 

None

--------------------------------------------------

[00:00:00:40.52] Training epoch 1/14, current best R: 0.9724

	** New best
	Reward: 0.9723898492429646
	Count Off-policy: 1
	Count On-policy: 0
	Originally on Policy: False
	Invalid: False
	Traversal: add,div,x1,add,add,div,-0.009159516656561355,div,x4,x1,mul,x1,x4,mul,3.044591985059037,x6,mul,x1,x1
	Expression:
	    2                             x₁                          
	  x₁  + ──────────────────────────────────────────────────────
	                0.009159516656561355⋅x₁                       
	        x₁⋅x₄ - ─────────────────────── + 3.044591985059037⋅x₆
	                           x₄                                 

10 	0   	1024    	1024  	1019         	(-0.7420978248063135,)	1.76753
11 	1   	1024    	769   	675          	(-0.9496565472376216,)	1.60585
12 	2   	1024    	762   	651          	(-0.9496565472376216,)	2.24117
13 	3   	1024    	760   	637          	(-0.9544520447316917,)	2.00216
14 	4   	1024    	734   	608          	(-0.9544520447316917,)	2.34324
15 	5   	1024    	782   	609          	(-0.9544520447316917,)	2.58157
16 	6   	1024    	756   	569          	(-0.9579803152534822,)	2.2151 
17 	7   	1024    	782   	560          	(-0.9710084076233373,)	2.5205 
18 	8   	1024    	781   	552          	(-0.9710084076233373,)	2.66736
19 	9   	1024    	755   	533          	(-0.9718940473701669,)	3.87337

--------------------------------------------------
GP Time: 24.0669

Unique expressions evaluated: 14777
Total expression evaluations: 15795
--------------------------------------------------

GP -> best program this epoch:

	Reward: 0.9718940473701669
	Count Off-policy: 1
	Count On-policy: 0
	Originally on Policy: False
	Invalid: False
	Traversal: add,0.11465781615974183,add,mul,x1,x1,div,mul,x1,inv,mul,x4,39.66143002449869,x6
	Expression:
	    2   0.02521341261226094⋅x₁                      
	  x₁  + ────────────────────── + 0.11465781615974183
	                x₄⋅x₆                               

None

--------------------------------------------------

-- RUNNING EPOCHS END ---------------

-- EVALUATION START ----------------
Saving Hall of Fame to ./log/regression_config_regression_GPMELD.json_Livermore2_Vars6_11.in_normal_0.0_2023-05-30-031246/dso_regression_config_regression_GPMELD.json_Livermore2_Vars6_11.in_normal_0.0_0_hof.csv
Saving Pareto Front to ./log/regression_config_regression_GPMELD.json_Livermore2_Vars6_11.in_normal_0.0_2023-05-30-031246/dso_regression_config_regression_GPMELD.json_Livermore2_Vars6_11.in_normal_0.0_0_pf.csv
Invalid expressions: 108 of 17843 (0.6%).
Error type counts:
  true_divide: 64 (59.3%)
  reciprocal: 44 (40.7%)
Error node counts:
  divide: 106 (98.1%)
  invalid: 2 (1.9%)
-- EVALUATION END ------------------
== TRAINING SEED 0 END ==============
INFO: Completed run 1 of 1 in 68 s

== POST-PROCESS START =================
-- LOADING LOGS START ----------------
Successfully loaded summary data
Successfully loaded Hall of Fame data
Successfully loaded Pareto Front data
-- LOADING LOGS END ------------------

-- ANALYZING LOG START --------------
Task_____________regression
Source path______./log/regression_config_regression_GPMELD.json_Livermore2_Vars6_11.in_normal_0.0_2023-05-30-031246
Runs_____________1
Max Samples/run__15000
Success_rate_____0.0
Hall of Fame (Top 5 of 100)____
    0: S=000 R=0.972390 <-- [x1**2 + x1/(x1*x4 - 0.009159516656561355*x1/x4 + 3.044591985059037*x6)]
    1: S=000 R=0.972390 <-- [x1**2 + x1/(x1*x4 - 0.009159516656561355*x1/x4 + 3.044591985059037*x6)]
    2: S=000 R=0.971894 <-- [x1**2 + 0.02521341261226094*x1/(x4*x6) + 0.11465781615974183]
    3: S=000 R=0.971894 <-- [x1**2 + 0.02521341261226094*x1/(x4*x6) + 0.11465781615974183]
    4: S=000 R=0.971008 <-- [x1*(x1 - 0.00024829905414193463*(-x1 - 96.80799847164978)/(x4*x6))]
  Saving Hall of Fame plot to ./log/regression_config_regression_GPMELD.json_Livermore2_Vars6_11.in_normal_0.0_2023-05-30-031246/dso_regression_config_regression_GPMELD.json_Livermore2_Vars6_11.in_normal_0.0_plot_hof.png
Pareto Front (5 of 9)____
    0: S=000 R=0.972390 C=22.00 <-- [x1**2 + x1/(x1*x4 - 0.009159516656561355*x1/x4 + 3.044591985059037*x6)]
    1: S=000 R=0.971894 C=16.00 <-- [x1**2 + 0.02521341261226094*x1/(x4*x6) + 0.11465781615974183]
    2: S=000 R=0.969173 C=13.00 <-- [x1**2 + 0.2964119542665087*x1/(x4 + x6)]
    3: S=000 R=0.964525 C=12.00 <-- [x1**2 + x1/(x4 + 6.763254189803101*x6)]
    4: S=000 R=0.959083 C=11.00 <-- [x1**2 + 0.0700780625968632/(x4*x6)]
  Saving Pareto Front plot to ./log/regression_config_regression_GPMELD.json_Livermore2_Vars6_11.in_normal_0.0_2023-05-30-031246/dso_regression_config_regression_GPMELD.json_Livermore2_Vars6_11.in_normal_0.0_plot_pf.png
-- ANALYZING LOG END ----------------
== POST-PROCESS END ===================
