['add', 'X_1', 'mul', 0.33, 'mul', 'X_4', 'add', 'mul', 'X_0', 'pow', 'add', 'X_1', 'pow', 'X_0', 2, -1, 'mul', 'X_2', 'pow', 'X_3', 1.5]
--------------------
eq_name 	 Livermore2_Vars5_16
num_vars 	 5
vars_range_and_types 	 [{"name": "LogUniform", "range": [0.1, 10], "only_positive": true}, {"name": "LogUniform", "range": [0.1, 10], "only_positive": true}, {"name": "LogUniform", "range": [0.1, 10], "only_positive": true}, {"name": "LogUniform", "range": [0.1, 10], "only_positive": true}, {"name": "LogUniform", "range": [0.1, 10], "only_positive": true}]
function_set 	 ['add', 'sub', 'mul', 'div', 'sqrt', 'n2', 'log', 'exp', 'sin', 'cos', 'const']
eq_expression 	 add,X_1,mul,0.33,mul,X_4,add,mul,X_0,pow,add,X_1,pow,X_0,2,-1,mul,X_2,pow,X_3,1.5
expr 	 X_1 + 0.33*X_4*(X_0/(X_0**2 + X_1) + X_2*X_3**1.5)
--------------------

== EXPERIMENT SETUP START ===========
Task type            : regression
Starting seed        : 0
Runs                 : 1
== EXPERIMENT SETUP END =============

== TRAINING SEED 0 START ============
self.dataX <dso.symbolic_data_generator.DataX object at 0x2ab4628bfa20>, self.data_query_oracle: <dso.symbolic_equation_evaluator_public.Equation_evaluator object at 0x2ab44914acf8>
generate dataset!
-- BUILDING PRIOR START -------------
WARNING: Skipping invalid 'RelationalConstraint' with arguments {'targets': [], 'effectors': [], 'relationship': None}. Reason: Prior disabled.
WARNING: Skipping invalid 'TrigConstraint' with arguments {}. Reason: There are no target Tokens.
WARNING: Skipping invalid 'UniformArityPrior' with arguments {}. Reason: Prior disabled.
WARNING: Skipping invalid 'LanguageModelPrior' with arguments {'weight': None}. Reason: Prior disabled.
LengthConstraint: Sequences have minimum length 4.
                  Sequences have maximum length 256.
RepeatConstraint: [const] cannot occur more than 10 times.
RelationalConstraint: [inv] cannot be a child of [inv].
ConstConstraint: [const] cannot be the only unique child of [inv, add, sub, mul, div].
NoInputsConstraint: Sequences contain at least one input variable Token.
SoftLengthPrior: No description available.
-- BUILDING PRIOR END ---------------

-- RUNNING EPOCHS START -------------
[00:00:00:03.03] Training epoch 1/14, current best R: 0.7779

	** New best
	Reward: 0.7778636663563114
	Count Off-policy: False
	Count On-policy: True
	Originally on Policy: True
	Invalid: False
	Traversal: mul,x3,div,x4,inv,x5
	Expression:
	  x₃⋅x₄⋅x₅

[00:00:00:07.82] Training epoch 3/14, current best R: 0.8437

	** New best
	Reward: 0.8437476668997623
	Count Off-policy: False
	Count On-policy: True
	Originally on Policy: True
	Invalid: False
	Traversal: sub,2.3684431957596943,mul,x5,add,mul,x3,sub,-0.3600285731877782,x4,x3
	Expression:
	  -x₅⋅(x₃⋅(-x₄ - 0.3600285731877782) + x₃) + 2.3684431957596943

[00:00:00:12.35] Training epoch 5/14, current best R: 0.8439

	** New best
	Reward: 0.8438551398427249
	Count Off-policy: False
	Count On-policy: True
	Originally on Policy: True
	Invalid: False
	Traversal: div,x3,div,x3,sub,add,1.2032508841579017,add,1.2032508841579017,add,x2,mul,mul,sub,x4,0.6425817587896537,x5,x3,x1
	Expression:
	  -x₁ + x₂ + x₃⋅x₅⋅(x₄ - 0.6425817587896537) + 2.4065017683158034

[00:00:00:22.03] Training epoch 9/14, current best R: 0.8992

	** New best
	Reward: 0.8992473238467292
	Count Off-policy: False
	Count On-policy: True
	Originally on Policy: True
	Invalid: False
	Traversal: mul,mul,x4,0.06439425985191713,inv,div,inv,div,sub,x5,-0.07293507002273125,inv,sub,x4,-6.427199690862657,x3
	Expression:
	  0.06439425985191713⋅x₃⋅x₄⋅(x₄ + 6.427199690862657)⋅(x₅ + 0.07293507002273125)

[00:00:00:24.64] Training epoch 10/14, current best R: 0.8992
[00:00:00:35.47] Ending training after epoch 14/14, current best R: 0.8992
-- RUNNING EPOCHS END ---------------

-- EVALUATION START ----------------
Saving Hall of Fame to ./log/regression_config_regression_VPG.json_Livermore2_Vars5_16.in_normal_0.0_2023-05-30-032602/dso_regression_config_regression_VPG.json_Livermore2_Vars5_16.in_normal_0.0_0_hof.csv
Saving Pareto Front to ./log/regression_config_regression_VPG.json_Livermore2_Vars5_16.in_normal_0.0_2023-05-30-032602/dso_regression_config_regression_VPG.json_Livermore2_Vars5_16.in_normal_0.0_0_pf.csv
Invalid expressions: 201 of 14336 (1.4%).
Error type counts:
  true_divide: 96 (47.8%)
  reciprocal: 105 (52.2%)
Error node counts:
  divide: 201 (100.0%)
-- EVALUATION END ------------------
== TRAINING SEED 0 END ==============
INFO: Completed run 1 of 1 in 37 s

== POST-PROCESS START =================
-- LOADING LOGS START ----------------
Successfully loaded summary data
Successfully loaded Hall of Fame data
Successfully loaded Pareto Front data
-- LOADING LOGS END ------------------

-- ANALYZING LOG START --------------
Task_____________regression
Source path______./log/regression_config_regression_VPG.json_Livermore2_Vars5_16.in_normal_0.0_2023-05-30-032602
Runs_____________1
Max Samples/run__15000
Success_rate_____0.0
Hall of Fame (Top 5 of 100)____
    0: S=000 R=0.899247 <-- [0.06439425985191713*x3*x4*(x4 + 6.427199690862657)*(x5 + 0.07293507002273125)]
    1: S=000 R=0.843855 <-- [-x1 + x2 + x3*x5*(x4 - 0.6425817587896537) + 2.4065017683158034]
    2: S=000 R=0.843748 <-- [-x5*(x3*(-x4 - 0.3600285731877782) + x3) + 2.3684431957596943]
    3: S=000 R=0.839161 <-- [0.11561211951453904*x3*x4*x5*(x1/x4 + x4) + 0.23122423902907808*x5]
    4: S=000 R=0.831552 <-- [x3*x4**2*x5*(0.001950491712877979*x2 + 0.1187889714143077)]
  Saving Hall of Fame plot to ./log/regression_config_regression_VPG.json_Livermore2_Vars5_16.in_normal_0.0_2023-05-30-032602/dso_regression_config_regression_VPG.json_Livermore2_Vars5_16.in_normal_0.0_plot_hof.png
Pareto Front (5 of 5)____
    0: S=000 R=0.899247 C=21.00 <-- [0.06439425985191713*x3*x4*(x4 + 6.427199690862657)*(x5 + 0.07293507002273125)]
    1: S=000 R=0.843748 C=11.00 <-- [-x5*(x3*(-x4 - 0.3600285731877782) + x3) + 2.3684431957596943]
    2: S=000 R=0.831083 C=9.00 <-- [0.8351960740073809*x2 + 0.8351960740073809*x3*x4*x5]
    3: S=000 R=0.778196 C=7.00 <-- [x3*x4*x5 - 0.5058093699965438]
    4: S=000 R=0.777864 C=5.00 <-- [x3*x4*x5]
  Saving Pareto Front plot to ./log/regression_config_regression_VPG.json_Livermore2_Vars5_16.in_normal_0.0_2023-05-30-032602/dso_regression_config_regression_VPG.json_Livermore2_Vars5_16.in_normal_0.0_plot_pf.png
-- ANALYZING LOG END ----------------
== POST-PROCESS END ===================
