['mul', 'pow', 'X_0', 5, 'pow', 'X_1', -3]
--------------------
eq_name 	 Livermore_12
num_vars 	 2
vars_range_and_types 	 [{"name": "LogUniform", "range": [0.1, 10], "only_positive": true}, {"name": "LogUniform", "range": [0.1, 10], "only_positive": true}]
function_set 	 ['add', 'sub', 'mul', 'div', 'const', 'pow']
eq_expression 	 mul,pow,X_0,5,pow,X_1,-3
expr 	 X_0**5/X_1**3
--------------------

== EXPERIMENT SETUP START ===========
Task type            : regression
Starting seed        : 0
Runs                 : 1
== EXPERIMENT SETUP END =============

== TRAINING SEED 0 START ============
self.dataX <dso.symbolic_data_generator.DataX object at 0x2ae8cff9d1d0>, self.data_query_oracle: <dso.symbolic_equation_evaluator_public.Equation_evaluator object at 0x2ae8ba7f0d30>
generate dataset!
-- BUILDING PRIOR START -------------
WARNING: Skipping invalid 'RelationalConstraint' with arguments {'targets': [], 'effectors': [], 'relationship': None}. Reason: Prior disabled.
WARNING: Skipping invalid 'TrigConstraint' with arguments {}. Reason: There are no target Tokens.
WARNING: Skipping invalid 'UniformArityPrior' with arguments {}. Reason: Prior disabled.
WARNING: Skipping invalid 'LanguageModelPrior' with arguments {'weight': None}. Reason: Prior disabled.
LengthConstraint: Sequences have minimum length 4.
                  Sequences have maximum length 256.
RepeatConstraint: [const] cannot occur more than 10 times.
RelationalConstraint: [inv] cannot be a child of [inv].
ConstConstraint: [const] cannot be the only unique child of [inv, add, sub, mul, div].
NoInputsConstraint: Sequences contain at least one input variable Token.
SoftLengthPrior: No description available.
-- BUILDING PRIOR END ---------------

-- RUNNING EPOCHS START -------------
gen	iter	pop_size	nevals	uncached_size	best_val              	timer  
0  	0   	1024    	1024  	1024         	(-0.8136077495529047,)	2.31094
1  	1   	1024    	780   	648          	(-0.8405398915475962,)	0.8856 
2  	2   	1024    	730   	608          	(-0.9022260179116566,)	2.06922
3  	3   	1024    	787   	646          	(-0.9745042761951588,)	5.89782
4  	4   	1024    	766   	646          	(-0.9999782330800814,)	9.77394
5  	5   	1024    	767   	625          	(-0.9999999999999998,)	22.5155
6  	6   	1024    	764   	649          	(-0.9999999999999998,)	28.8066
7  	7   	1024    	754   	617          	(-0.9999999999999998,)	31.2833
8  	8   	1024    	754   	637          	(-0.9999999999999998,)	34.9352
9  	9   	1024    	759   	617          	(-0.9999999999999998,)	28.9394

--------------------------------------------------
GP Time: 167.663

Unique expressions evaluated: 7679
Total expression evaluations: 7885
--------------------------------------------------

GP -> best program this epoch:

	Reward: 0.9999999999999998
	Count Off-policy: 1
	Count On-policy: 0
	Originally on Policy: False
	Invalid: False
	Traversal: mul,div,mul,x1,x1,inv,mul,1.0,mul,inv,x2,div,div,mul,x1,x1,x2,x2,x1
	Expression:
	        5
	  1.0⋅x₁ 
	  ───────
	      3  
	    x₂   

None

--------------------------------------------------

[00:00:02:52.30] Training epoch 1/14, current best R: 1.0000

	** New best
	Reward: 0.9999999999999998
	Count Off-policy: 1
	Count On-policy: 0
	Originally on Policy: False
	Invalid: False
	Traversal: mul,div,mul,x1,x1,inv,mul,1.0,mul,inv,x2,div,div,mul,x1,x1,x2,x2,x1
	Expression:
	        5
	  1.0⋅x₁ 
	  ───────
	      3  
	    x₂   

[00:00:02:52.30] Early stopping criteria met; breaking early.
-- RUNNING EPOCHS END ---------------

-- EVALUATION START ----------------
Saving Hall of Fame to ./log/regression_config_regression_GPMELD.json_Livermore_12.in_normal_0.0_2023-05-30-031044/dso_regression_config_regression_GPMELD.json_Livermore_12.in_normal_0.0_0_hof.csv
Saving Pareto Front to ./log/regression_config_regression_GPMELD.json_Livermore_12.in_normal_0.0_2023-05-30-031044/dso_regression_config_regression_GPMELD.json_Livermore_12.in_normal_0.0_0_pf.csv
Invalid expressions: 144 of 8909 (1.6%).
Error type counts:
  reciprocal: 81 (56.2%)
  true_divide: 63 (43.8%)
Error node counts:
  divide: 144 (100.0%)
-- EVALUATION END ------------------
== TRAINING SEED 0 END ==============
INFO: Completed run 1 of 1 in 174 s

== POST-PROCESS START =================
-- LOADING LOGS START ----------------
Successfully loaded summary data
Successfully loaded Hall of Fame data
Successfully loaded Pareto Front data
-- LOADING LOGS END ------------------

-- ANALYZING LOG START --------------
Task_____________regression
Source path______./log/regression_config_regression_GPMELD.json_Livermore_12.in_normal_0.0_2023-05-30-031044
Runs_____________1
Max Samples/run__15000
Success_rate_____1.0
Hall of Fame (Top 5 of 100)____
    0: S=000 R=1.000000 <-- [1.0*x1**5/x2**3]
    1: S=000 R=1.000000 <-- [1.0*x1**5/x2**3]
    2: S=000 R=1.000000 <-- [1.0*x1**5/x2**3]
    3: S=000 R=1.000000 <-- [1.0*x1**5/x2**3]
    4: S=000 R=1.000000 <-- [1.0*x1**5/x2**3]
  Saving Hall of Fame plot to ./log/regression_config_regression_GPMELD.json_Livermore_12.in_normal_0.0_2023-05-30-031044/dso_regression_config_regression_GPMELD.json_Livermore_12.in_normal_0.0_plot_hof.png
Pareto Front (5 of 10)____
    0: S=000 R=1.000000 C=24.00 <-- [1.0*x1**5/x2**3]
    1: S=000 R=0.908071 C=23.00 <-- [167.99264662654108*(x1**2*(x1 - 4.6950218686911)/x2 + 33.02067953964323)/x2**2]
    2: S=000 R=0.896254 C=19.00 <-- [(x1**3 - 7.690598830413446)*(108.76333842267779*x1/x2 - 2436.943101410048)/x2]
    3: S=000 R=0.832819 C=18.00 <-- [x1*(-1080.348666305463*x1 + 1080.348666305463*x1/x2)*(x1/x2 - 23.179064661862956)]
    4: S=000 R=0.813607 C=15.00 <-- [70.48311467579198*x1**4/x2**2]
  Saving Pareto Front plot to ./log/regression_config_regression_GPMELD.json_Livermore_12.in_normal_0.0_2023-05-30-031044/dso_regression_config_regression_GPMELD.json_Livermore_12.in_normal_0.0_plot_pf.png
-- ANALYZING LOG END ----------------
== POST-PROCESS END ===================
