['add', 'X_0', 'add', 'X_3', 'log', 'add', 'pow', 'X_0', 2, 'mul', 'X_0', 'add', 'mul', -1, 'X_5', 'mul', 1.88, 'pow', 'add', 'X_1', 'add', 'mul', 0.71, 'X_0', 'add', 'mul', 0.28, 'X_2', 'mul', -0.28, 'mul', 'X_3', 'pow', 'X_4', -1, 0.5]
--------------------
eq_name 	 Livermore2_Vars6_23
num_vars 	 6
vars_range_and_types 	 [{"name": "LogUniform", "range": [0.1, 10], "only_positive": true}, {"name": "LogUniform", "range": [0.1, 10], "only_positive": true}, {"name": "LogUniform", "range": [0.1, 10], "only_positive": true}, {"name": "LogUniform", "range": [0.1, 10], "only_positive": true}, {"name": "LogUniform", "range": [0.1, 10], "only_positive": true}, {"name": "LogUniform", "range": [0.1, 10], "only_positive": true}]
function_set 	 ['add', 'sub', 'mul', 'div', 'sqrt', 'n2', 'log', 'exp', 'pow', 'const']
eq_expression 	 add,X_0,add,X_3,log,add,pow,X_0,2,mul,X_0,add,mul,-1,X_5,mul,1.88,pow,add,X_1,add,mul,0.71,X_0,add,mul,0.28,X_2,mul,-0.28,mul,X_3,pow,X_4,-1,0.5
expr 	 X_0 + X_3 + log(X_0**2 + X_0*(-X_5 + 1.88*sqrt(0.71*X_0 + X_1 + 0.28*X_2 - 0.28*X_3/X_4)))
--------------------

== EXPERIMENT SETUP START ===========
Task type            : regression
Starting seed        : 0
Runs                 : 1
== EXPERIMENT SETUP END =============

== TRAINING SEED 0 START ============
self.dataX <dso.symbolic_data_generator.DataX object at 0x2ab20ffd4c18>, self.data_query_oracle: <dso.symbolic_equation_evaluator_public.Equation_evaluator object at 0x2ab1fafe2d68>
generate dataset!
-- BUILDING PRIOR START -------------
WARNING: Skipping invalid 'RelationalConstraint' with arguments {'targets': [], 'effectors': [], 'relationship': None}. Reason: Prior disabled.
WARNING: Skipping invalid 'TrigConstraint' with arguments {}. Reason: There are no target Tokens.
WARNING: Skipping invalid 'UniformArityPrior' with arguments {}. Reason: Prior disabled.
WARNING: Skipping invalid 'LanguageModelPrior' with arguments {'weight': None}. Reason: Prior disabled.
LengthConstraint: Sequences have minimum length 4.
                  Sequences have maximum length 256.
RepeatConstraint: [const] cannot occur more than 10 times.
RelationalConstraint: [inv] cannot be a child of [inv].
ConstConstraint: [const] cannot be the only unique child of [inv, add, sub, mul, div].
NoInputsConstraint: Sequences contain at least one input variable Token.
SoftLengthPrior: No description available.
-- BUILDING PRIOR END ---------------

-- RUNNING EPOCHS START -------------
[00:00:00:03.25] Training epoch 1/14, current best R: 0.6256

	** New best
	Reward: 0.6255989876902135
	Count Off-policy: False
	Count On-policy: True
	Originally on Policy: True
	Invalid: False
	Traversal: mul,889.9933290879012,inv,add,inv,div,0.0023221785556337125,inv,x1,x2
	Expression:
	     889.9933290879012   
	  ───────────────────────
	       430.63010704924209
	  x₂ + ──────────────────
	               x₁        

[00:00:00:06.24] Training epoch 2/14, current best R: 0.7125

	** New best
	Reward: 0.7125135091674795
	Count Off-policy: False
	Count On-policy: True
	Originally on Policy: True
	Invalid: False
	Traversal: add,x4,sub,x5,add,add,sub,x5,x1,mul,add,mul,x4,x2,x5,-0.004922118838860984,-1.0157600043843575
	Expression:
	  x₁ + 0.004922118838860984⋅x₂⋅x₄ + x₄ + 0.004922118838860984⋅x₅ + 1.01576000438
	  43575

[00:00:00:11.18] Training epoch 4/14, current best R: 0.7966

	** New best
	Reward: 0.7965609927725159
	Count Off-policy: False
	Count On-policy: True
	Originally on Policy: True
	Invalid: False
	Traversal: sub,x1,mul,-0.7559438704896817,sub,x1,sub,div,x3,div,x2,mul,-0.004507155252510865,x4,x4
	Expression:
	                                                 0.003407156386480962⋅x₃⋅x₄
	  1.755943870489682⋅x₁ + 0.7559438704896817⋅x₄ + ──────────────────────────
	                                                             x₂            

[00:00:00:28.30] Training epoch 10/14, current best R: 0.7966
[00:00:00:41.40] Ending training after epoch 14/14, current best R: 0.7966
-- RUNNING EPOCHS END ---------------

-- EVALUATION START ----------------
Saving Hall of Fame to ./log/regression_config_regression_VPG.json_Livermore2_Vars6_23.in_normal_0.0_2023-05-30-041531/dso_regression_config_regression_VPG.json_Livermore2_Vars6_23.in_normal_0.0_0_hof.csv
Saving Pareto Front to ./log/regression_config_regression_VPG.json_Livermore2_Vars6_23.in_normal_0.0_2023-05-30-041531/dso_regression_config_regression_VPG.json_Livermore2_Vars6_23.in_normal_0.0_0_pf.csv
Invalid expressions: 167 of 14336 (1.2%).
Error type counts:
  true_divide: 74 (44.3%)
  reciprocal: 93 (55.7%)
Error node counts:
  divide: 167 (100.0%)
-- EVALUATION END ------------------
== TRAINING SEED 0 END ==============
INFO: Completed run 1 of 1 in 43 s

== POST-PROCESS START =================
-- LOADING LOGS START ----------------
Successfully loaded summary data
Successfully loaded Hall of Fame data
Successfully loaded Pareto Front data
-- LOADING LOGS END ------------------

-- ANALYZING LOG START --------------
Task_____________regression
Source path______./log/regression_config_regression_VPG.json_Livermore2_Vars6_23.in_normal_0.0_2023-05-30-041531
Runs_____________1
Max Samples/run__15000
Success_rate_____0.0
Hall of Fame (Top 5 of 100)____
    0: S=000 R=0.796561 <-- [1.755943870489682*x1 + 0.7559438704896817*x4 + 0.003407156386480962*x3*x4/x2]
    1: S=000 R=0.773653 <-- [2*x1 - 1.2075792005701316 + (x1*x4 + 0.0393225393049241)/x1]
    2: S=000 R=0.746059 <-- [1.2673601337490452*x1 + 1.2673601337490452*x4]
    3: S=000 R=0.712924 <-- [1.17098993739841*x1 + 1.17098993739841*x4 + 1.019612789887577 - 1.17098993739841/(x2 + x4)]
    4: S=000 R=0.712776 <-- [x1 + x4*(0.96128128997255193 - 0.0027053261268914454/x3) + 1.1454618837422257]
  Saving Hall of Fame plot to ./log/regression_config_regression_VPG.json_Livermore2_Vars6_23.in_normal_0.0_2023-05-30-041531/dso_regression_config_regression_VPG.json_Livermore2_Vars6_23.in_normal_0.0_plot_hof.png
Pareto Front (3 of 3)____
    0: S=000 R=0.796561 C=17.00 <-- [1.755943870489682*x1 + 0.7559438704896817*x4 + 0.003407156386480962*x3*x4/x2]
    1: S=000 R=0.746059 C=8.00 <-- [1.2673601337490452*x1 + 1.2673601337490452*x4]
    2: S=000 R=0.712447 C=5.00 <-- [x1 + x4 + 1.0496483902158853]
  Saving Pareto Front plot to ./log/regression_config_regression_VPG.json_Livermore2_Vars6_23.in_normal_0.0_2023-05-30-041531/dso_regression_config_regression_VPG.json_Livermore2_Vars6_23.in_normal_0.0_plot_pf.png
-- ANALYZING LOG END ----------------
== POST-PROCESS END ===================
