['add', 'pow', 'X_0', 0.5, 'exp', 'mul', 'X_0', 'mul', 'X_2', 'mul', 'add', 'X_0', 'X_1', 'mul', 'add', 'X_2', 'add', 'mul', 2, 'X_0', 'mul', 11.13, 'mul', 'X_0', 'pow', 'X_2', 2, 'cos', 'pow', 'X_0', 2]
--------------------
eq_name 	 Livermore2_Vars3_16
num_vars 	 3
vars_range_and_types 	 [{"name": "LogUniform", "range": [0.1, 10], "only_positive": true}, {"name": "LogUniform", "range": [0.1, 10], "only_positive": true}, {"name": "LogUniform", "range": [0.1, 10], "only_positive": true}]
function_set 	 ['add', 'sub', 'mul', 'div', 'sqrt', 'n2', 'log', 'exp', 'sin', 'cos', 'const']
eq_expression 	 add,pow,X_0,0.5,exp,mul,X_0,mul,X_2,mul,add,X_0,X_1,mul,add,X_2,add,mul,2,X_0,mul,11.13,mul,X_0,pow,X_2,2,cos,pow,X_0,2
expr 	 sqrt(X_0) + exp(X_0*X_2*(X_0 + X_1)*(11.13*X_0*X_2**2 + 2*X_0 + X_2)*cos(X_0**2))
--------------------

== EXPERIMENT SETUP START ===========
Task type            : regression
Starting seed        : 0
Runs                 : 1
== EXPERIMENT SETUP END =============

== TRAINING SEED 0 START ============
self.dataX <dso.symbolic_data_generator.DataX object at 0x2b39139efa20>, self.data_query_oracle: <dso.symbolic_equation_evaluator_public.Equation_evaluator object at 0x2b38fe289cf8>
generate dataset!
-- BUILDING PRIOR START -------------
WARNING: Skipping invalid 'RelationalConstraint' with arguments {'targets': [], 'effectors': [], 'relationship': None}. Reason: Prior disabled.
WARNING: Skipping invalid 'TrigConstraint' with arguments {}. Reason: There are no target Tokens.
WARNING: Skipping invalid 'UniformArityPrior' with arguments {}. Reason: Prior disabled.
WARNING: Skipping invalid 'LanguageModelPrior' with arguments {'weight': None}. Reason: Prior disabled.
LengthConstraint: Sequences have minimum length 4.
                  Sequences have maximum length 256.
RepeatConstraint: [const] cannot occur more than 10 times.
RelationalConstraint: [inv] cannot be a child of [inv].
ConstConstraint: [const] cannot be the only unique child of [inv, add, sub, mul, div].
NoInputsConstraint: Sequences contain at least one input variable Token.
SoftLengthPrior: No description available.
-- BUILDING PRIOR END ---------------

-- RUNNING EPOCHS START -------------
[00:00:00:02.14] Training epoch 1/14, current best R: 0.4998

	** New best
	Reward: 0.4998093421342326
	Count Off-policy: False
	Count On-policy: True
	Originally on Policy: True
	Invalid: False
	Traversal: mul,mul,add,sub,sub,add,sub,1.0,div,x2,inv,x2,1.0,x3,x1,x3,x1,x2
	Expression:
	        ⎛        2      ⎞
	  x₁⋅x₂⋅⎝-x₁ - x₂  + 2.0⎠

[00:00:00:12.27] Training epoch 10/14, current best R: 0.4998
[00:00:00:16.56] Ending training after epoch 14/14, current best R: 0.4998
-- RUNNING EPOCHS END ---------------

-- EVALUATION START ----------------
Saving Hall of Fame to ./log/regression_config_regression_VPG.json_Livermore2_Vars3_16.in_normal_0.0_2023-05-30-030632/dso_regression_config_regression_VPG.json_Livermore2_Vars3_16.in_normal_0.0_0_hof.csv
Saving Pareto Front to ./log/regression_config_regression_VPG.json_Livermore2_Vars3_16.in_normal_0.0_2023-05-30-030632/dso_regression_config_regression_VPG.json_Livermore2_Vars3_16.in_normal_0.0_0_pf.csv
Invalid expressions: 330 of 14336 (2.3%).
Error type counts:
  reciprocal: 188 (57.0%)
  true_divide: 142 (43.0%)
Error node counts:
  divide: 329 (99.7%)
  invalid: 1 (0.3%)
-- EVALUATION END ------------------
== TRAINING SEED 0 END ==============
INFO: Completed run 1 of 1 in 18 s

== POST-PROCESS START =================
-- LOADING LOGS START ----------------
Successfully loaded summary data
Successfully loaded Hall of Fame data
Successfully loaded Pareto Front data
-- LOADING LOGS END ------------------

-- ANALYZING LOG START --------------
Task_____________regression
Source path______./log/regression_config_regression_VPG.json_Livermore2_Vars3_16.in_normal_0.0_2023-05-30-030632
Runs_____________1
Max Samples/run__15000
Success_rate_____0.0
Hall of Fame (Top 5 of 100)____
    0: S=000 R=0.499809 <-- [x2/(x3*(-x2*x3 + x2 + x3 + 1.0 - 1/x1))]
    1: S=000 R=0.499809 <-- [x1 - x2 + 2*x3 + 1.0 - 1/x2]
    2: S=000 R=0.499809 <-- [1/(x3 + 1/(1.0 - 1.0*(x1 + 1.0)/x3))]
    3: S=000 R=0.499809 <-- [x1 + 1.0*(-x1 + x2)*(-x2 + 2*x3 - 1.0 + 1/x2)]
    4: S=000 R=0.499809 <-- [x1*(x1 + x2 + (x1 + x2 - x3)/x1**2)]
  Saving Hall of Fame plot to ./log/regression_config_regression_VPG.json_Livermore2_Vars3_16.in_normal_0.0_2023-05-30-030632/dso_regression_config_regression_VPG.json_Livermore2_Vars3_16.in_normal_0.0_plot_hof.png
Pareto Front (1 of 1)____
    0: S=000 R=0.499809 C=5.00 <-- [2*x2 + 1.0]
  Saving Pareto Front plot to ./log/regression_config_regression_VPG.json_Livermore2_Vars3_16.in_normal_0.0_2023-05-30-030632/dso_regression_config_regression_VPG.json_Livermore2_Vars3_16.in_normal_0.0_plot_pf.png
-- ANALYZING LOG END ----------------
== POST-PROCESS END ===================
