['mul', 'pow', 'X_5', -1, 'add', 'mul', -1, 'X_1', 'add', 'mul', 'pow', 2, 0.5, 'pow', 'X_0', 0.5, 'mul', -1, 'mul', 'X_2', 'pow', 'add', 'X_3', 'add', 'X_5', 'mul', 'X_3', 'add', 'mul', 'X_0', 'X_4', 'mul', 8.29, 'mul', 'X_0', 'pow', 'X_2', 2, -0.5]
--------------------
eq_name 	 Livermore2_Vars6_12
num_vars 	 6
vars_range_and_types 	 [{"name": "LogUniform", "range": [0.1, 10], "only_positive": true}, {"name": "LogUniform", "range": [0.1, 10], "only_positive": true}, {"name": "LogUniform", "range": [0.1, 10], "only_positive": true}, {"name": "LogUniform", "range": [0.1, 10], "only_positive": true}, {"name": "LogUniform", "range": [0.1, 10], "only_positive": true}, {"name": "LogUniform", "range": [0.1, 10], "only_positive": true}]
function_set 	 ['add', 'sub', 'mul', 'div', 'sqrt', 'n2', 'log', 'const']
eq_expression 	 mul,pow,X_5,-1,add,mul,-1,X_1,add,mul,pow,2,0.5,pow,X_0,0.5,mul,-1,mul,X_2,pow,add,X_3,add,X_5,mul,X_3,add,mul,X_0,X_4,mul,8.29,mul,X_0,pow,X_2,2,-0.5
expr 	 (sqrt(2)*sqrt(X_0) - X_1 - X_2/sqrt(X_3*(8.29*X_0*X_2**2 + X_0*X_4) + X_3 + X_5))/X_5
--------------------

== EXPERIMENT SETUP START ===========
Task type            : regression
Starting seed        : 0
Runs                 : 1
== EXPERIMENT SETUP END =============

== TRAINING SEED 0 START ============
self.dataX <dso.symbolic_data_generator.DataX object at 0x2ba31e3cb2b0>, self.data_query_oracle: <dso.symbolic_equation_evaluator_public.Equation_evaluator object at 0x2ba33d46cd68>
generate dataset!
-- BUILDING PRIOR START -------------
WARNING: Skipping invalid 'RelationalConstraint' with arguments {'targets': [], 'effectors': [], 'relationship': None}. Reason: Prior disabled.
WARNING: Skipping invalid 'TrigConstraint' with arguments {}. Reason: There are no target Tokens.
WARNING: Skipping invalid 'UniformArityPrior' with arguments {}. Reason: Prior disabled.
WARNING: Skipping invalid 'LanguageModelPrior' with arguments {'weight': None}. Reason: Prior disabled.
LengthConstraint: Sequences have minimum length 4.
                  Sequences have maximum length 256.
RepeatConstraint: [const] cannot occur more than 10 times.
RelationalConstraint: [inv] cannot be a child of [inv].
ConstConstraint: [const] cannot be the only unique child of [inv, add, sub, mul, div].
NoInputsConstraint: Sequences contain at least one input variable Token.
SoftLengthPrior: No description available.
-- BUILDING PRIOR END ---------------

-- RUNNING EPOCHS START -------------
[00:00:00:02.83] Training epoch 1/14, current best R: 0.6316

	** New best
	Reward: 0.6316070968945201
	Count Off-policy: False
	Count On-policy: True
	Originally on Policy: True
	Invalid: False
	Traversal: mul,x2,sub,mul,0.14301779115870872,x1,mul,0.7772134599814609,inv,x6
	Expression:
	     ⎛                         0.7772134599814609⎞
	  x₂⋅⎜0.14301779115870872⋅x₁ - ──────────────────⎟
	     ⎝                                 x₆        ⎠

[00:00:00:05.18] Training epoch 2/14, current best R: 0.6423

	** New best
	Reward: 0.6422978548136149
	Count Off-policy: False
	Count On-policy: True
	Originally on Policy: True
	Invalid: False
	Traversal: inv,mul,div,x6,-0.756353856151599,inv,add,x2,mul,mul,x1,div,div,x5,x6,-615.7825836045572,x5
	Expression:
	                     ⎛                            2     ⎞ 
	                     ⎜  0.001623949794335494⋅x₁⋅x₅      ⎟ 
	  -0.756353856151599⋅⎜- ─────────────────────────── + x₂⎟ 
	                     ⎝               x₆                 ⎠ 
	  ────────────────────────────────────────────────────────
	                             x₆                           

[00:00:00:18.20] Training epoch 8/14, current best R: 0.6429

	** New best
	Reward: 0.642927084764032
	Count Off-policy: False
	Count On-policy: True
	Originally on Policy: True
	Invalid: False
	Traversal: div,div,sub,x1,mul,add,x2,inv,x1,1.1969133554461466,2.6715547375930626,x6
	Expression:
	                                                    0.44802127338199544
	  0.37431387271553719⋅x₁ - 0.44802127338199544⋅x₂ - ───────────────────
	                                                             x₁        
	  ─────────────────────────────────────────────────────────────────────
	                                    x₆                                 

[00:00:00:20.81] Training epoch 9/14, current best R: 0.6820

	** New best
	Reward: 0.682026645713712
	Count Off-policy: False
	Count On-policy: True
	Originally on Policy: True
	Invalid: False
	Traversal: div,add,mul,0.025544651012672514,sub,x6,-56.09501704503517,add,mul,x2,-1.0064585146843161,inv,sub,add,x4,115.16448574335148,-113.16445541288573,x6
	Expression:
                                                                              
	  -1.0064585146843161⋅x₂ + 0.025544651012672514⋅x₆ + 1.4329276339653396 + ──────
	                                                                          x₄ + 2
	  ──────────────────────────────────────────────────────────────────────────────
	                                                 x₆                             

	       1           
	  ─────────────────
	  28.32894115623721
	  ─────────────────
                 

[00:00:00:23.28] Training epoch 10/14, current best R: 0.6820
[00:00:00:33.35] Ending training after epoch 14/14, current best R: 0.6820
-- RUNNING EPOCHS END ---------------

-- EVALUATION START ----------------
Saving Hall of Fame to ./log/regression_config_regression_VPG.json_Livermore2_Vars6_12.in_normal_0.0_2023-05-30-031709/dso_regression_config_regression_VPG.json_Livermore2_Vars6_12.in_normal_0.0_0_hof.csv
Saving Pareto Front to ./log/regression_config_regression_VPG.json_Livermore2_Vars6_12.in_normal_0.0_2023-05-30-031709/dso_regression_config_regression_VPG.json_Livermore2_Vars6_12.in_normal_0.0_0_pf.csv
Invalid expressions: 179 of 14336 (1.2%).
Error type counts:
  reciprocal: 103 (57.5%)
  true_divide: 76 (42.5%)
Error node counts:
  divide: 178 (99.4%)
  invalid: 1 (0.6%)
-- EVALUATION END ------------------
== TRAINING SEED 0 END ==============
INFO: Completed run 1 of 1 in 35 s

== POST-PROCESS START =================
-- LOADING LOGS START ----------------
Successfully loaded summary data
Successfully loaded Hall of Fame data
Successfully loaded Pareto Front data
-- LOADING LOGS END ------------------

-- ANALYZING LOG START --------------
Task_____________regression
Source path______./log/regression_config_regression_VPG.json_Livermore2_Vars6_12.in_normal_0.0_2023-05-30-031709
Runs_____________1
Max Samples/run__15000
Success_rate_____0.0
Hall of Fame (Top 5 of 100)____
    0: S=000 R=0.682027 <-- [(-1.0064585146843161*x2 + 0.025544651012672514*x6 + 1.4329276339653396 + 1/(x4 + 228.32894115623721))/x6]
    1: S=000 R=0.678999 <-- [(-x2 + x6 + 1.230169120530719)/x6]
    2: S=000 R=0.672303 <-- [1.0384669009079166*x1 - 0.8060027082373636*x2/x6]
    3: S=000 R=0.657285 <-- [0.01000231680989045*x2*(x2/x6 + 2.902140655977235)*(x1 + x6 - 12.022225580944859)]
    4: S=000 R=0.642927 <-- [(0.37431387271553719*x1 - 0.44802127338199544*x2 - 0.44802127338199544/x1)/x6]
  Saving Hall of Fame plot to ./log/regression_config_regression_VPG.json_Livermore2_Vars6_12.in_normal_0.0_2023-05-30-031709/dso_regression_config_regression_VPG.json_Livermore2_Vars6_12.in_normal_0.0_plot_hof.png
Pareto Front (5 of 5)____
    0: S=000 R=0.682027 C=20.00 <-- [(-1.0064585146843161*x2 + 0.025544651012672514*x6 + 1.4329276339653396 + 1/(x4 + 228.32894115623721))/x6]
    1: S=000 R=0.678999 C=10.00 <-- [(-x2 + x6 + 1.230169120530719)/x6]
    2: S=000 R=0.641724 C=8.00 <-- [-0.10562696304950875*x2**2/x6]
    3: S=000 R=0.610313 C=7.00 <-- [(-x2 + x6)/x6]
    4: S=000 R=0.547280 C=5.00 <-- [2.7782467158605986 - 2*x2]
  Saving Pareto Front plot to ./log/regression_config_regression_VPG.json_Livermore2_Vars6_12.in_normal_0.0_2023-05-30-031709/dso_regression_config_regression_VPG.json_Livermore2_Vars6_12.in_normal_0.0_plot_pf.png
-- ANALYZING LOG END ----------------
== POST-PROCESS END ===================
