['mul', 'pow', 'X_0', 2, 'mul', 'pow', 'X_1', 2, 'pow', 'add', 'X_0', 'X_1', -1]
--------------------
eq_name 	 Livermore_11
num_vars 	 2
vars_range_and_types 	 [{"name": "LogUniform", "range": [0.1, 10], "only_positive": true}, {"name": "LogUniform", "range": [0.1, 10], "only_positive": true}]
function_set 	 ['add', 'sub', 'mul', 'div', 'const', 'exp', 'pow']
eq_expression 	 mul,pow,X_0,2,mul,pow,X_1,2,pow,add,X_0,X_1,-1
expr 	 X_0**2*X_1**2/(X_0 + X_1)
--------------------

== EXPERIMENT SETUP START ===========
Task type            : regression
Starting seed        : 0
Runs                 : 1
== EXPERIMENT SETUP END =============

== TRAINING SEED 0 START ============
self.dataX <dso.symbolic_data_generator.DataX object at 0x2b648fef28d0>, self.data_query_oracle: <dso.symbolic_equation_evaluator_public.Equation_evaluator object at 0x2b647a6d2dd8>
generate dataset!
-- BUILDING PRIOR START -------------
WARNING: Skipping invalid 'RelationalConstraint' with arguments {'targets': [], 'effectors': [], 'relationship': None}. Reason: Prior disabled.
WARNING: Skipping invalid 'TrigConstraint' with arguments {}. Reason: There are no target Tokens.
WARNING: Skipping invalid 'UniformArityPrior' with arguments {}. Reason: Prior disabled.
WARNING: Skipping invalid 'LanguageModelPrior' with arguments {'weight': None}. Reason: Prior disabled.
LengthConstraint: Sequences have minimum length 4.
                  Sequences have maximum length 256.
RepeatConstraint: [const] cannot occur more than 10 times.
RelationalConstraint: [inv] cannot be a child of [inv].
ConstConstraint: [const] cannot be the only unique child of [inv, add, sub, mul, div].
NoInputsConstraint: Sequences contain at least one input variable Token.
SoftLengthPrior: No description available.
-- BUILDING PRIOR END ---------------

-- RUNNING EPOCHS START -------------
[00:00:00:10.08] Training epoch 1/14, current best R: 0.9340

	** New best
	Reward: 0.9340189511909813
	Count Off-policy: False
	Count On-policy: True
	Originally on Policy: True
	Invalid: False
	Traversal: mul,x2,mul,add,1.8401438385835218,mul,sub,mul,x2,x1,-26.143241856812423,add,mul,mul,14.568108459464097,x1,14.568104850265248,x2,0.000205851030163048
	Expression:
	  x₂⋅(0.000205851030163048⋅(212.2297315075091⋅x₁ + x₂)⋅(x₁⋅x₂ + 26.1432418568124
	  23) + 0.00037879550482060349)

[00:00:00:27.58] Training epoch 3/14, current best R: 0.9355

	** New best
	Reward: 0.9354532389527441
	Count Off-policy: False
	Count On-policy: True
	Originally on Policy: True
	Invalid: False
	Traversal: sub,inv,add,div,div,0.6165751065018622,x1,x2,div,add,add,-27.90922681009302,x1,x2,1994.773613893201,x1
	Expression:
	                                                      1                         
	  -x₁ + ────────────────────────────────────────────────────────────────────────
                                                                              
	        0.0005013100198615016⋅x₁ + 0.0005013100198615016⋅x₂ - 0.0139911750464868
                                                                              

                      
	  ──────────────────────
	      0.6165751065018622
	  9 + ──────────────────
	            x₁⋅x₂       

[00:00:00:47.17] Training epoch 5/14, current best R: 0.9376

	** New best
	Reward: 0.9376101669818735
	Count Off-policy: False
	Count On-policy: True
	Originally on Policy: True
	Invalid: False
	Traversal: add,sub,1.7102524379055624,x2,mul,mul,mul,mul,div,x2,add,sub,x1,0.4409955960151375,x2,x1,1.0032380621012424,x2,x1
	Expression:
	                        2   2                           
	   1.0032380621012424⋅x₁ ⋅x₂                            
	  ──────────────────────────── - x₂ + 1.7102524379055624
	  x₁ + x₂ - 0.4409955960151375                          

[00:00:00:57.39] Training epoch 6/14, current best R: 1.0000

	** New best
	Reward: 0.9999985218833255
	Count Off-policy: False
	Count On-policy: True
	Originally on Policy: True
	Invalid: False
	Traversal: mul,inv,add,sub,x1,x2,mul,2.000007794464936,x2,mul,div,mul,mul,add,8.045619618481254e-06,x2,mul,x1,x1,1.0908296737237213,1.0908274790555854,x2
	Expression:
	                       2                               
	  1.0000020119296388⋅x₁ ⋅x₂⋅(x₂ + 8.045619618481254e-6)
	  ─────────────────────────────────────────────────────
	                x₁ + 1.000007794464936⋅x₂              

[00:00:01:45.47] Training epoch 10/14, current best R: 1.0000
[00:00:02:50.64] Ending training after epoch 14/14, current best R: 1.0000
-- RUNNING EPOCHS END ---------------

-- EVALUATION START ----------------
Saving Hall of Fame to ./log/regression_config_regression_DSR.json_Livermore_11.in_normal_0.0_2023-05-30-030519/dso_regression_config_regression_DSR.json_Livermore_11.in_normal_0.0_0_hof.csv
Saving Pareto Front to ./log/regression_config_regression_DSR.json_Livermore_11.in_normal_0.0_2023-05-30-030519/dso_regression_config_regression_DSR.json_Livermore_11.in_normal_0.0_0_pf.csv
Invalid expressions: 315 of 14336 (2.2%).
Error type counts:
  reciprocal: 190 (60.3%)
  true_divide: 125 (39.7%)
Error node counts:
  divide: 314 (99.7%)
  invalid: 1 (0.3%)
-- EVALUATION END ------------------
== TRAINING SEED 0 END ==============
INFO: Completed run 1 of 1 in 172 s

== POST-PROCESS START =================
-- LOADING LOGS START ----------------
Successfully loaded summary data
Successfully loaded Hall of Fame data
Successfully loaded Pareto Front data
-- LOADING LOGS END ------------------

-- ANALYZING LOG START --------------
Task_____________regression
Source path______./log/regression_config_regression_DSR.json_Livermore_11.in_normal_0.0_2023-05-30-030519
Runs_____________1
Max Samples/run__15000
Success_rate_____0.0
Hall of Fame (Top 5 of 100)____
    0: S=000 R=0.999999 <-- [1.0000020119296388*x1**2*x2*(x2 + 8.045619618481254e-6)/(x1 + 1.000007794464936*x2)]
    1: S=000 R=0.999815 <-- [x1*x2*(0.0018554118350964943 + 1/(1/(x2*(0.00033095256604273694*x1 + 0.9963248590477373)) + 1/x1))]
    2: S=000 R=0.987498 <-- [0.2667172033802122*x2*(3.5900331830150783*x1**2*x2/(x1 + x2 - 0.5953699915735979) - 0.0002390347034114724*x1 + 0.0004780694068229448*x2)]
    3: S=000 R=0.974316 <-- [-3.988261309043651*x1**2*x2/(-0.2981247021101401*x2 - 4.021907892106325*(x1 + 2.9539866147480427)/x2)]
    4: S=000 R=0.963860 <-- [x2*(x1*(0.5634970121739517 + 1/(0.11828964012368017 + 6468.8850708373295/(x1*x2*(x1 + x2 + 568.2410158694169)))) - 0.13699392619357284)]
  Saving Hall of Fame plot to ./log/regression_config_regression_DSR.json_Livermore_11.in_normal_0.0_2023-05-30-030519/dso_regression_config_regression_DSR.json_Livermore_11.in_normal_0.0_plot_hof.png
Pareto Front (5 of 13)____
    0: S=000 R=0.999999 C=24.00 <-- [1.0000020119296388*x1**2*x2*(x2 + 8.045619618481254e-6)/(x1 + 1.000007794464936*x2)]
    1: S=000 R=0.974316 C=23.00 <-- [-3.988261309043651*x1**2*x2/(-0.2981247021101401*x2 - 4.021907892106325*(x1 + 2.9539866147480427)/x2)]
    2: S=000 R=0.941071 C=21.00 <-- [x1*(0.03820346785122814*x1 + 0.03820346785122814*x2*(x1*x2 + x1 + 33.01452032406865) - 0.8353662370368748)]
    3: S=000 R=0.937610 C=20.00 <-- [1.0032380621012424*x1**2*x2**2/(x1 + x2 - 0.4409955960151375) - x2 + 1.7102524379055624]
    4: S=000 R=0.934019 C=19.00 <-- [x2*(0.000205851030163048*(212.2297315075091*x1 + x2)*(x1*x2 + 26.143241856812423) + 0.00037879550482060349)]
  Saving Pareto Front plot to ./log/regression_config_regression_DSR.json_Livermore_11.in_normal_0.0_2023-05-30-030519/dso_regression_config_regression_DSR.json_Livermore_11.in_normal_0.0_plot_pf.png
-- ANALYZING LOG END ----------------
== POST-PROCESS END ===================
