['add', -1, 'mul', 'cos', 'pow', 'X_0', 2, 'sin', 'pow', 'X_0', 3]
--------------------
eq_name 	 Livermore_3
num_vars 	 1
vars_range_and_types 	 [{"name": "LogUniform", "range": [0.1, 10], "only_positive": true}]
function_set 	 ['add', 'sub', 'mul', 'div', 'sin', 'cos', 'const']
eq_expression 	 add,-1,mul,cos,pow,X_0,2,sin,pow,X_0,3
expr 	 sin(X_0**3)*cos(X_0**2) - 1
--------------------

== EXPERIMENT SETUP START ===========
Task type            : regression
Starting seed        : 0
Runs                 : 1
== EXPERIMENT SETUP END =============

== TRAINING SEED 0 START ============
self.dataX <dso.symbolic_data_generator.DataX object at 0x2ae4c4d45080>, self.data_query_oracle: <dso.symbolic_equation_evaluator_public.Equation_evaluator object at 0x2ae4e3de7da0>
generate dataset!
-- BUILDING PRIOR START -------------
WARNING: Skipping invalid 'RelationalConstraint' with arguments {'targets': [], 'effectors': [], 'relationship': None}. Reason: Prior disabled.
WARNING: Skipping invalid 'TrigConstraint' with arguments {}. Reason: There are no target Tokens.
WARNING: Skipping invalid 'UniformArityPrior' with arguments {}. Reason: Prior disabled.
WARNING: Skipping invalid 'LanguageModelPrior' with arguments {'weight': None}. Reason: Prior disabled.
LengthConstraint: Sequences have minimum length 4.
                  Sequences have maximum length 256.
RepeatConstraint: [const] cannot occur more than 10 times.
RelationalConstraint: [inv] cannot be a child of [inv].
ConstConstraint: [const] cannot be the only unique child of [inv, add, sub, mul, div].
NoInputsConstraint: Sequences contain at least one input variable Token.
SoftLengthPrior: No description available.
-- BUILDING PRIOR END ---------------

-- RUNNING EPOCHS START -------------
gen	iter	pop_size	nevals	uncached_size	best_val              	timer  
0  	0   	1024    	1024  	1024         	(-0.5215048910622706,)	28.6429
1  	1   	1024    	773   	595          	(-0.5215048910622706,)	26.2085
2  	2   	1024    	753   	537          	(-0.5215048910622706,)	34.0651
3  	3   	1024    	763   	502          	(-0.5271116059966882,)	37.4095
4  	4   	1024    	765   	489          	(-0.5322636856218056,)	46.6002
5  	5   	1024    	790   	527          	(-0.5341960058520826,)	48.4219
6  	6   	1024    	763   	482          	(-0.5341960058520826,)	46.9173
7  	7   	1024    	783   	485          	(-0.5341960058520826,)	49.2521
8  	8   	1024    	785   	440          	(-0.5341960058520826,)	47.9049
9  	9   	1024    	773   	409          	(-0.5342138769506947,)	57.7837

--------------------------------------------------
GP Time: 423.503

Unique expressions evaluated: 6362
Total expression evaluations: 7972
--------------------------------------------------

GP -> best program this epoch:

	Reward: 0.5342138769506947
	Count Off-policy: 1
	Count On-policy: 0
	Originally on Policy: False
	Invalid: False
	Traversal: add,-0.9616133107255341,div,add,x1,-1.8222634446179182,div,div,sub,2.640388418568802,add,div,sub,add,add,div,x1,add,0.5668745669853166,mul,x1,mul,0.16882284231391512,add,-1.4879313869392055,x1,0.2968382914577307,0.2967101390940835,x1,x1,x1,x1,0.005784211097034076
	Expression:
	                                       0.005784211097034076⋅x₁⋅(x₁ - 1.822263444
	  ──────────────────────────────────────────────────────────────────────────────
	                                                                    x₁          
	                            -x₁ + ──────────────────────────────────────────────
	                                  x₁⋅(0.16882284231391512⋅x₁ - 0.251196805911162
	  -x₁ + 2.640388418568802 - ────────────────────────────────────────────────────
	                                                                            x₁  

	  6179182)                                                          
	  ───────────────────────────────────────────── - 0.9616133107255341
                                                                  
	  ──────────────────────── + 0.5935484305518142                     
	  51) + 0.5668745669853166                                          
	  ─────────────────────────────────────────────                     
                                                                  

None

--------------------------------------------------

[00:00:07:54.01] Training epoch 1/14, current best R: 0.5342

	** New best
	Reward: 0.5342138769506947
	Count Off-policy: 1
	Count On-policy: 0
	Originally on Policy: False
	Invalid: False
	Traversal: add,-0.9616133107255341,div,add,x1,-1.8222634446179182,div,div,sub,2.640388418568802,add,div,sub,add,add,div,x1,add,0.5668745669853166,mul,x1,mul,0.16882284231391512,add,-1.4879313869392055,x1,0.2968382914577307,0.2967101390940835,x1,x1,x1,x1,0.005784211097034076
	Expression:
	                                       0.005784211097034076⋅x₁⋅(x₁ - 1.822263444
	  ──────────────────────────────────────────────────────────────────────────────
	                                                                    x₁          
	                            -x₁ + ──────────────────────────────────────────────
	                                  x₁⋅(0.16882284231391512⋅x₁ - 0.251196805911162
	  -x₁ + 2.640388418568802 - ────────────────────────────────────────────────────
	                                                                            x₁  

	  6179182)                                                          
	  ───────────────────────────────────────────── - 0.9616133107255341
                                                                  
	  ──────────────────────── + 0.5935484305518142                     
	  51) + 0.5668745669853166                                          
	  ─────────────────────────────────────────────                     
                                                                  

10 	0   	1024    	1024  	1019         	(-0.5157246788982014,)	29.2705
11 	1   	1024    	775   	572          	(-0.5248102165769448,)	22.5285
12 	2   	1024    	759   	552          	(-0.5350457092505241,)	28.0669
13 	3   	1024    	794   	577          	(-0.5350457092505241,)	41.5141
14 	4   	1024    	744   	490          	(-0.5350457092505241,)	40.605 
15 	5   	1024    	769   	468          	(-0.5350457092505241,)	47.1319
16 	6   	1024    	738   	461          	(-0.5352759225981741,)	47.5141
17 	7   	1024    	765   	487          	(-0.5387224884841787,)	56.9016
18 	8   	1024    	768   	439          	(-0.5387224884841787,)	64.0588
19 	9   	1024    	750   	419          	(-0.5387224884841787,)	55.6351

--------------------------------------------------
GP Time: 433.524

Unique expressions evaluated: 12735
Total expression evaluations: 15858
--------------------------------------------------

GP -> best program this epoch:

	Reward: 0.5387224884841787
	Count Off-policy: 1
	Count On-policy: 0
	Originally on Policy: False
	Invalid: False
	Traversal: mul,mul,inv,x1,sub,sub,add,add,mul,x1,inv,sub,add,x1,mul,sub,5.246884349624501,mul,1.8082553863773347,x1,x1,5.485965947596927,mul,inv,add,inv,x1,x1,x1,0.9984031508499873,add,mul,-0.45738074879176865,inv,sub,add,div,2.9957981808798007,x1,add,x1,add,mul,x1,div,x1,x1,-3.4388025001958717,x1,x1,0.9923818638794794,1.2081357125097874
	Expression:
	                     ⎛                                         x₁               
	  1.2081357125097874⋅⎜-x₁ + ────────────────────────────────────────────────────
	                     ⎜      x₁⋅(5.246884349624501 - 1.8082553863773347⋅x₁) + x₁ 
	                     ⎜                                                          
	                     ⎝                                                          
	  ──────────────────────────────────────────────────────────────────────────────
                                                                              

	                           x₁                                        0.457380748
	  ─────────────────── + ─────── + 0.006021286970507911 + ───────────────────────
	  - 5.485965947596927        1                                                  
	                        x₁ + ──                          x₁ - 3.4388025001958717
	                             x₁                                                 
	  ──────────────────────────────────────────────────────────────────────────────
	            x₁                                                                  

	  79176865             ⎞
	  ─────────────────────⎟
	     2.9957981808798007⎟
	   + ──────────────────⎟
	             x₁        ⎠
	  ──────────────────────
                      

None

--------------------------------------------------

[00:00:15:37.66] Training epoch 2/14, current best R: 0.5387

	** New best
	Reward: 0.5387224884841787
	Count Off-policy: 1
	Count On-policy: 0
	Originally on Policy: False
	Invalid: False
	Traversal: mul,mul,inv,x1,sub,sub,add,add,mul,x1,inv,sub,add,x1,mul,sub,5.246884349624501,mul,1.8082553863773347,x1,x1,5.485965947596927,mul,inv,add,inv,x1,x1,x1,0.9984031508499873,add,mul,-0.45738074879176865,inv,sub,add,div,2.9957981808798007,x1,add,x1,add,mul,x1,div,x1,x1,-3.4388025001958717,x1,x1,0.9923818638794794,1.2081357125097874
	Expression:
	                     ⎛                                         x₁               
	  1.2081357125097874⋅⎜-x₁ + ────────────────────────────────────────────────────
	                     ⎜      x₁⋅(5.246884349624501 - 1.8082553863773347⋅x₁) + x₁ 
	                     ⎜                                                          
	                     ⎝                                                          
	  ──────────────────────────────────────────────────────────────────────────────
                                                                              

	                           x₁                                        0.457380748
	  ─────────────────── + ─────── + 0.006021286970507911 + ───────────────────────
	  - 5.485965947596927        1                                                  
	                        x₁ + ──                          x₁ - 3.4388025001958717
	                             x₁                                                 
	  ──────────────────────────────────────────────────────────────────────────────
	            x₁                                                                  

	  79176865             ⎞
	  ─────────────────────⎟
	     2.9957981808798007⎟
	   + ──────────────────⎟
	             x₁        ⎠
	  ──────────────────────
                      

-- RUNNING EPOCHS END ---------------

-- EVALUATION START ----------------
Saving Hall of Fame to ./log/regression_config_regression_GPMELD.json_Livermore_3.in_normal_0.0_2023-05-30-032752/dso_regression_config_regression_GPMELD.json_Livermore_3.in_normal_0.0_0_hof.csv
Saving Pareto Front to ./log/regression_config_regression_GPMELD.json_Livermore_3.in_normal_0.0_2023-05-30-032752/dso_regression_config_regression_GPMELD.json_Livermore_3.in_normal_0.0_0_pf.csv
Invalid expressions: 294 of 17906 (1.6%).
Error type counts:
  true_divide: 102 (34.7%)
  reciprocal: 192 (65.3%)
Error node counts:
  divide: 293 (99.7%)
  invalid: 1 (0.3%)
-- EVALUATION END ------------------
== TRAINING SEED 0 END ==============
INFO: Completed run 1 of 1 in 939 s

== POST-PROCESS START =================
-- LOADING LOGS START ----------------
Successfully loaded summary data
Successfully loaded Hall of Fame data
Successfully loaded Pareto Front data
-- LOADING LOGS END ------------------

-- ANALYZING LOG START --------------
Task_____________regression
Source path______./log/regression_config_regression_GPMELD.json_Livermore_3.in_normal_0.0_2023-05-30-032752
Runs_____________1
Max Samples/run__15000
Success_rate_____0.0
Hall of Fame (Top 5 of 100)____
    0: S=000 R=0.538722 <-- [1.2081357125097874*(-x1 + x1/(x1*(5.246884349624501 - 1.8082553863773347*x1) + x1 - 5.485965947596927) + x1/(x1 + 1/x1) + 0.006021286970507911 + 0.45738074879176865/(x1 - 3.4388025001958717 + 2.9957981808798007/x1))/x1]
    1: S=000 R=0.538722 <-- [1.2081357125097874*(-x1 + x1/(x1*(5.246884349624501 - 1.8082553863773347*x1) + x1 - 5.485965947596927) + x1/(x1 + 1/x1) + 0.006021286970507911 + 0.45738074879176865/(x1 - 3.4388025001958717 + 2.9957981808798007/x1))/x1]
    2: S=000 R=0.535931 <-- [-1.0264364617798234 + 0.28409157718743744/(-x1*(1.5557225894041812*x1 - 0.27786129470209061/(1.257542350683482 - x1)) + 1/x1) + 1/(x1*(x1 + 110.0633534363492*(x1 - 3.385629249715913 + 1/(1.187754183902992 - 1/x1))/x1))]
    3: S=000 R=0.535931 <-- [-1.0264364617798234 + 0.28409157718743744/(-x1*(1.5557225894041812*x1 - 0.27786129470209061/(1.257542350683482 - x1)) + 1/x1) + 1/(x1*(x1 + 110.0633534363492*(x1 - 3.385629249715913 + 1/(1.187754183902992 - 1/x1))/x1))]
    4: S=000 R=0.535609 <-- [x1/((-x1*(3*x1 - 1/(1.321789025816194 - x1)) + 1/x1)*(0.4927881707670738*x1 + 1.092478874451519 + 0.4927881707670738/x1)) - 1.0056341436321339 + 1/(x1 + 213.3809731909645*(x1 - 3.358250997577984 + 1/(1.193391636767615 - 1/x1))/x1)]
  Saving Hall of Fame plot to ./log/regression_config_regression_GPMELD.json_Livermore_3.in_normal_0.0_2023-05-30-032752/dso_regression_config_regression_GPMELD.json_Livermore_3.in_normal_0.0_plot_hof.png
Pareto Front (5 of 28)____
    0: S=000 R=0.538722 C=59.00 <-- [1.2081357125097874*(-x1 + x1/(x1*(5.246884349624501 - 1.8082553863773347*x1) + x1 - 5.485965947596927) + x1/(x1 + 1/x1) + 0.006021286970507911 + 0.45738074879176865/(x1 - 3.4388025001958717 + 2.9957981808798007/x1))/x1]
    1: S=000 R=0.535931 C=56.00 <-- [-1.0264364617798234 + 0.28409157718743744/(-x1*(1.5557225894041812*x1 - 0.27786129470209061/(1.257542350683482 - x1)) + 1/x1) + 1/(x1*(x1 + 110.0633534363492*(x1 - 3.385629249715913 + 1/(1.187754183902992 - 1/x1))/x1))]
    2: S=000 R=0.535445 C=55.00 <-- [-1.0355786674865715 + 0.3110705132644575/(-x1*(2.771084600699598*x1 - 1/(1.420034402553597 - x1)) + 1/x1) + 1/(x1*(x1 + 124.7133912255673*(x1 - 3.3858062553664237 + 1/(1.1869338674143186 - 1/x1))/x1))]
    3: S=000 R=0.535429 C=54.00 <-- [-1.0333531404525114 + 0.30733797735301016/(-x1*(3*x1 - 1/(1.2785288494275729 - 0.89435125569007684*x1)) + 1/x1) + 1/(27.09935118636065*x1*(x1 + 1.6896785828231562/(x1 - 0.97308626409928971)) - 184.4414390233406)]
    4: S=000 R=0.535276 C=53.00 <-- [-1.0310402132714032 + 0.2826911612069084/(-x1*(3*x1 - 1/(1.390516974769476 - x1)) + 1/x1) + 1/(x1*(x1 + 127.15480504788*(x1 - 3.3846100630725655 + 1/(1.187231218332678 - 1/x1))/x1))]
  Saving Pareto Front plot to ./log/regression_config_regression_GPMELD.json_Livermore_3.in_normal_0.0_2023-05-30-032752/dso_regression_config_regression_GPMELD.json_Livermore_3.in_normal_0.0_plot_pf.png
-- ANALYZING LOG END ----------------
== POST-PROCESS END ===================
