['pow', 'X_0', 0.333333333333333]
--------------------
eq_name 	 Livermore_13
num_vars 	 1
vars_range_and_types 	 [{"name": "LogUniform", "range": [0.1, 10], "only_positive": true}]
function_set 	 ['add', 'sub', 'mul', 'div', 'sin', 'cos', 'exp', 'log', 'const']
eq_expression 	 pow,X_0,0.333333333333333
expr 	 X_0**0.333333333333333
--------------------

== EXPERIMENT SETUP START ===========
Task type            : regression
Starting seed        : 0
Runs                 : 1
== EXPERIMENT SETUP END =============

== TRAINING SEED 0 START ============
self.dataX <dso.symbolic_data_generator.DataX object at 0x2aec5f5ff198>, self.data_query_oracle: <dso.symbolic_equation_evaluator_public.Equation_evaluator object at 0x2aec7e6a0da0>
generate dataset!
-- BUILDING PRIOR START -------------
WARNING: Skipping invalid 'RelationalConstraint' with arguments {'targets': [], 'effectors': [], 'relationship': None}. Reason: Prior disabled.
WARNING: Skipping invalid 'TrigConstraint' with arguments {}. Reason: There are no target Tokens.
WARNING: Skipping invalid 'UniformArityPrior' with arguments {}. Reason: Prior disabled.
WARNING: Skipping invalid 'LanguageModelPrior' with arguments {'weight': None}. Reason: Prior disabled.
LengthConstraint: Sequences have minimum length 4.
                  Sequences have maximum length 256.
RepeatConstraint: [const] cannot occur more than 10 times.
RelationalConstraint: [inv] cannot be a child of [inv].
ConstConstraint: [const] cannot be the only unique child of [inv, add, sub, mul, div].
NoInputsConstraint: Sequences contain at least one input variable Token.
SoftLengthPrior: No description available.
-- BUILDING PRIOR END ---------------

-- RUNNING EPOCHS START -------------
[00:00:00:27.74] Training epoch 1/14, current best R: 0.9947

	** New best
	Reward: 0.9947209669658071
	Count Off-policy: False
	Count On-policy: True
	Originally on Policy: True
	Invalid: False
	Traversal: sub,inv,div,add,mul,sub,sub,add,9.362162274101035,x1,x1,inv,add,0.17850415094818137,add,add,0.1785041515413282,x1,0.17850415141906,1.2324759505176286,x1,-29.685632654614945,-3.5316663235492185
	Expression:
	                                                           1                    
	  3.5316663235492185 + ─────────────────────────────────────────────────────────
	                                                                          0.0415
	                       -0.033686329398290235⋅x₁ - 0.38869442271694867 + ────────
	                                                                        x₁ + 0.5

                
	  ────────────────
	  17590844607693  
	  ────────────────
	  3551245390856958

[00:00:01:21.97] Training epoch 3/14, current best R: 0.9947

	** New best
	Reward: 0.994720971617261
	Count Off-policy: False
	Count On-policy: True
	Originally on Policy: True
	Invalid: False
	Traversal: sub,div,x1,add,sub,add,add,mul,sub,mul,mul,inv,sub,sub,x1,x1,sub,-2.8378637672281943,x1,-0.8218032408978961,x1,-0.13294240296119905,x1,x1,0.8474127282030973,1.1521809932094722,0.8474127282000882,-0.31796944761313384
	Expression:
	                                         x₁                                     
	  ──────────────────────────────────────────────────────────────────────────────
	     ⎛   0.8218032408978961⋅x₁                       ⎞                          
	  x₁⋅⎜- ─────────────────────── + 0.13294240296119905⎟ + x₁ + 0.5426444631937133
	     ⎝  x₁ + 2.8378637672281943                      ⎠                          

                       
	  ─ + 0.31796944761313384
                       
	  1                      
                       

[00:00:03:57.17] Training epoch 8/14, current best R: 0.9947

	** New best
	Reward: 0.9947209716783867
	Count Off-policy: False
	Count On-policy: True
	Originally on Policy: True
	Invalid: False
	Traversal: sub,inv,sub,inv,mul,inv,add,x1,add,2.8748436109877575,add,x1,div,-6.618565983861092,add,2.837923264238662,x1,x1,1.688861965294277,-0.3179731875863713
	Expression:
	                                                          1                     
	  0.3179731875863713 + ─────────────────────────────────────────────────────────
	                                                                          6.6185
	                                            2⋅x₁ + 2.8748436109877575 - ────────
	                                                                        x₁ + 2.8
	                       -1.688861965294277 + ────────────────────────────────────
	                                                                    x₁          

              
	  ──────────────
	  65983861092   
	  ──────────────
	  37923264238662
	  ──────────────
              

[00:00:05:05.47] Training epoch 10/14, current best R: 0.9968

	** New best
	Reward: 0.9967723980607364
	Count Off-policy: False
	Count On-policy: True
	Originally on Policy: True
	Invalid: False
	Traversal: mul,mul,0.3559326672978479,add,mul,add,mul,add,inv,add,add,mul,add,div,0.007596435840664203,div,1.8354863129505279,x1,-0.9959779180413268,x1,x1,-4.164348975490516e-05,x1,x1,-379.0257176403331,-0.027082139533945893,x1,0.3559430820390545
	Expression:
	                             ⎛                                           1      
	  - 0.0034310842090937553⋅x₁⋅⎜x₁ + ─────────────────────────────────────────────
	                             ⎝     x₁⋅(0.0041386502242302205⋅x₁ - 0.995977918041

	                                   ⎞                                            
	  ─────────────────────────────────⎟ + 0.1266917705963774⋅x₁ + 1.300469154636175
	  3268) + x₁ - 4.164348975490516e-5⎠                                            

 
	  3
 

[00:00:05:05.49] Training epoch 10/14, current best R: 0.9968
[00:00:07:42.48] Ending training after epoch 14/14, current best R: 0.9968
-- RUNNING EPOCHS END ---------------

-- EVALUATION START ----------------
Saving Hall of Fame to ./log/regression_config_regression_VPG.json_Livermore_13.in_normal_0.0_2023-05-30-031402/dso_regression_config_regression_VPG.json_Livermore_13.in_normal_0.0_0_hof.csv
Saving Pareto Front to ./log/regression_config_regression_VPG.json_Livermore_13.in_normal_0.0_2023-05-30-031402/dso_regression_config_regression_VPG.json_Livermore_13.in_normal_0.0_0_pf.csv
Invalid expressions: 344 of 14336 (2.4%).
Error type counts:
  reciprocal: 231 (67.2%)
  true_divide: 113 (32.8%)
Error node counts:
  divide: 343 (99.7%)
  invalid: 1 (0.3%)
-- EVALUATION END ------------------
== TRAINING SEED 0 END ==============
INFO: Completed run 1 of 1 in 464 s

== POST-PROCESS START =================
-- LOADING LOGS START ----------------
Successfully loaded summary data
Successfully loaded Hall of Fame data
Successfully loaded Pareto Front data
-- LOADING LOGS END ------------------

-- ANALYZING LOG START --------------
Task_____________regression
Source path______./log/regression_config_regression_VPG.json_Livermore_13.in_normal_0.0_2023-05-30-031402
Runs_____________1
Max Samples/run__15000
Success_rate_____0.0
Hall of Fame (Top 5 of 100)____
    0: S=000 R=0.996772 <-- [-0.0034310842090937553*x1*(x1 + 1/(x1*(0.0041386502242302205*x1 - 0.9959779180413268) + x1 - 4.164348975490516e-5)) + 0.1266917705963774*x1 + 1.3004691546361753]
    1: S=000 R=0.994721 <-- [1.1816125432597067 + 1/(-x1/(x1 + 1.0984792937549175) + 2.583355639814519*x1/(x1 - 1.655691114656364) - 1.157890822750183)]
    2: S=000 R=0.994721 <-- [0.3179731875863713 + 1/(-1.688861965294277 + (2*x1 + 2.8748436109877575 - 6.618565983861092/(x1 + 2.837923264238662))/x1)]
    3: S=000 R=0.994721 <-- [1/(0.28312309053199131 + 1/(0.9444810708066529 + (x1 - 0.4135422961455298)/(0.6949735497558327 + 1/(0.5932548910345606 + 1.0886417169297298/x1))))]
    4: S=000 R=0.994721 <-- [1/(1.042671613435947 + 1/(-1.316570503848514 - 1.6727829717117982/(0.4053821174977877*x1 - 1/(2*x1 + 1.071422486453276))))]
  Saving Hall of Fame plot to ./log/regression_config_regression_VPG.json_Livermore_13.in_normal_0.0_2023-05-30-031402/dso_regression_config_regression_VPG.json_Livermore_13.in_normal_0.0_plot_hof.png
Pareto Front (5 of 15)____
    0: S=000 R=0.996772 C=31.00 <-- [-0.0034310842090937553*x1*(x1 + 1/(x1*(0.0041386502242302205*x1 - 0.9959779180413268) + x1 - 4.164348975490516e-5)) + 0.1266917705963774*x1 + 1.3004691546361753]
    1: S=000 R=0.994721 C=25.00 <-- [1.1816125432597067 + 1/(-x1/(x1 + 1.0984792937549175) + 2.583355639814519*x1/(x1 - 1.655691114656364) - 1.157890822750183)]
    2: S=000 R=0.994721 C=24.00 <-- [0.3179731875863713 + 1/(-1.688861965294277 + (2*x1 + 2.8748436109877575 - 6.618565983861092/(x1 + 2.837923264238662))/x1)]
    3: S=000 R=0.994721 C=23.00 <-- [(6.4291796455885315*x1 + 18.255511392147323)/(2*x1 + 24.168358080622622 + 9.9093113805790678/x1) + 0.3180108682453511]
    4: S=000 R=0.991298 C=22.00 <-- [x1*(x1*(-3.332102307822078 + 1/(0.4296833813828962 + 0.2554675630962869/x1)) + x1 + 0.5340104916236177) + x1 + 0.3434178270577425]
  Saving Pareto Front plot to ./log/regression_config_regression_VPG.json_Livermore_13.in_normal_0.0_2023-05-30-031402/dso_regression_config_regression_VPG.json_Livermore_13.in_normal_0.0_plot_pf.png
-- ANALYZING LOG END ----------------
== POST-PROCESS END ===================
