['mul', 'X_1', 'mul', 'pow', 'X_0', 2, 'pow', 'add', 'X_0', 'X_2', -0.25]
--------------------
eq_name 	 Livermore2_Vars3_23
num_vars 	 3
vars_range_and_types 	 [{"name": "LogUniform", "range": [0.1, 10], "only_positive": true}, {"name": "LogUniform", "range": [0.1, 10], "only_positive": true}, {"name": "LogUniform", "range": [0.1, 10], "only_positive": true}]
function_set 	 ['add', 'sub', 'mul', 'div', 'pow', 'n2', 'const']
eq_expression 	 mul,X_1,mul,pow,X_0,2,pow,add,X_0,X_2,-0.25
expr 	 X_0**2*X_1/(X_0 + X_2)**0.25
--------------------

== EXPERIMENT SETUP START ===========
Task type            : regression
Starting seed        : 0
Runs                 : 1
== EXPERIMENT SETUP END =============

== TRAINING SEED 0 START ============
self.dataX <dso.symbolic_data_generator.DataX object at 0x2b883d82f128>, self.data_query_oracle: <dso.symbolic_equation_evaluator_public.Equation_evaluator object at 0x2b885c8d0cf8>
generate dataset!
-- BUILDING PRIOR START -------------
WARNING: Skipping invalid 'RelationalConstraint' with arguments {'targets': [], 'effectors': [], 'relationship': None}. Reason: Prior disabled.
WARNING: Skipping invalid 'TrigConstraint' with arguments {}. Reason: There are no target Tokens.
WARNING: Skipping invalid 'UniformArityPrior' with arguments {}. Reason: Prior disabled.
WARNING: Skipping invalid 'LanguageModelPrior' with arguments {'weight': None}. Reason: Prior disabled.
LengthConstraint: Sequences have minimum length 4.
                  Sequences have maximum length 256.
RepeatConstraint: [const] cannot occur more than 10 times.
RelationalConstraint: [inv] cannot be a child of [inv].
ConstConstraint: [const] cannot be the only unique child of [inv, add, sub, mul, div].
NoInputsConstraint: Sequences contain at least one input variable Token.
SoftLengthPrior: No description available.
-- BUILDING PRIOR END ---------------

-- RUNNING EPOCHS START -------------
gen	iter	pop_size	nevals	uncached_size	best_val             	timer  
0  	0   	1024    	1024  	1024         	(-0.925378515056099,)	5.76197
1  	1   	1024    	760   	667          	(-0.9796650526072932,)	4.64832
2  	2   	1024    	744   	614          	(-0.9796650526072932,)	5.46339
3  	3   	1024    	777   	658          	(-0.9796650526072932,)	8.47459
4  	4   	1024    	778   	652          	(-0.9853936123855181,)	15.9081
5  	5   	1024    	778   	669          	(-0.986110822543775,) 	19.5344
6  	6   	1024    	782   	638          	(-0.9895865263889546,)	22.3969
7  	7   	1024    	773   	621          	(-0.9895865263889546,)	26.6228
8  	8   	1024    	746   	564          	(-0.9967413104798113,)	27.7511
9  	9   	1024    	782   	608          	(-0.9967413104798113,)	32.0199

--------------------------------------------------
GP Time: 168.838

Unique expressions evaluated: 7647
Total expression evaluations: 7944
--------------------------------------------------

GP -> best program this epoch:

	Reward: 0.9967413104798113
	Count Off-policy: 1
	Count On-policy: 0
	Originally on Policy: False
	Invalid: False
	Traversal: mul,x2,div,mul,mul,sub,add,sub,mul,-0.5801458601666092,x3,x2,sub,x2,x1,9.552911688613621,mul,x1,x1,-0.5378807339571556,add,add,inv,x1,add,div,1.9401639351250421,inv,add,x1,1.8379001306275582,x3,mul,x1,inv,div,0.010512626075583545,div,-0.0018234016854154949,add,add,inv,x1,0.1475188490205823,0.14751884901934093
	Expression:
	                                 2                                              
	           -0.5378807339571556⋅x₁ ⋅x₂⋅(-x₁ - 0.5801458601666092⋅x₃ - 9.552911688
	  ──────────────────────────────────────────────────────────────────────────────
	                                             x₁                                 
	  1.9401639351250421⋅x₁ + ──────────────────────────────────────── + x₃ + 3.5658
	                                                5.7653923212142112              
	                          -1.7010080787480905 - ──────────────────              
	                                                        x₁                      

                 
	  613621)          
	  ─────────────────
	                 1 
	  275498051922 + ──
	                 x₁
                 
                 

None

--------------------------------------------------

[00:00:03:01.51] Training epoch 1/14, current best R: 0.9967

	** New best
	Reward: 0.9967413104798113
	Count Off-policy: 1
	Count On-policy: 0
	Originally on Policy: False
	Invalid: False
	Traversal: mul,x2,div,mul,mul,sub,add,sub,mul,-0.5801458601666092,x3,x2,sub,x2,x1,9.552911688613621,mul,x1,x1,-0.5378807339571556,add,add,inv,x1,add,div,1.9401639351250421,inv,add,x1,1.8379001306275582,x3,mul,x1,inv,div,0.010512626075583545,div,-0.0018234016854154949,add,add,inv,x1,0.1475188490205823,0.14751884901934093
	Expression:
	                                 2                                              
	           -0.5378807339571556⋅x₁ ⋅x₂⋅(-x₁ - 0.5801458601666092⋅x₃ - 9.552911688
	  ──────────────────────────────────────────────────────────────────────────────
	                                             x₁                                 
	  1.9401639351250421⋅x₁ + ──────────────────────────────────────── + x₃ + 3.5658
	                                                5.7653923212142112              
	                          -1.7010080787480905 - ──────────────────              
	                                                        x₁                      

                 
	  613621)          
	  ─────────────────
	                 1 
	  275498051922 + ──
	                 x₁
                 
                 

10 	0   	1024    	1024  	1019         	(-0.94114759200092,)  	4.80166
11 	1   	1024    	758   	658          	(-0.94114759200092,)  	5.76665
12 	2   	1024    	772   	663          	(-0.9411475920009557,)	6.81535
13 	3   	1024    	752   	617          	(-0.9878093091372785,)	9.22155
14 	4   	1024    	769   	626          	(-0.9890622954213795,)	13.9069
15 	5   	1024    	721   	574          	(-0.9964754875904336,)	17.6721
16 	6   	1024    	784   	628          	(-0.9964754875904336,)	22.8007
17 	7   	1024    	741   	542          	(-0.9964754875904336,)	25.8747
18 	8   	1024    	747   	578          	(-0.9979671997396761,)	33.6638
19 	9   	1024    	752   	578          	(-0.9979671997396761,)	40.5655

--------------------------------------------------
GP Time: 181.349

Unique expressions evaluated: 15071
Total expression evaluations: 15764
--------------------------------------------------

GP -> best program this epoch:

	Reward: 0.9979671997396761
	Count Off-policy: 1
	Count On-policy: 0
	Originally on Policy: False
	Invalid: False
	Traversal: sub,sub,mul,x1,sub,sub,x2,x2,x2,mul,mul,x2,x1,sub,mul,-0.35475739520583477,x1,sub,inv,mul,inv,x1,sub,add,mul,inv,x1,add,-0.14935290705279006,x1,div,add,div,1.0443991074446763,inv,x3,x1,div,21971.957912396578,add,7190.576036044256,x1,-0.5849361403245481,-1.0121636470742104,mul,0.00011485652846592945,x1
	Expression:
	          ⎛                                                                     
	  - x₁⋅x₂⋅⎜-0.35475739520583477⋅x₁ - ───────────────────────────────────────────
	          ⎜                                                                     
	          ⎜                          (4.5512557596690099e-5⋅x₁ + 0.3272615059938
	          ⎝                                                                     

	                     x₁                                                         
	  ──────────────────────────────────────────────────────────────────────────────
	                                                            x₁ - 0.1493529070527
	  4378)⋅(x₁ + 1.0443991074446763⋅x₃) + 0.5849361403245481 + ────────────────────
	                                                                       x₁       

	                           ⎞                                    
	  ──── - 1.0121636470742104⎟ - x₁⋅x₂ - 0.00011485652846592945⋅x₁
	  9006                     ⎟                                    
	  ────                     ⎟                                    
	                           ⎠                                    

None

--------------------------------------------------

[00:00:06:11.87] Training epoch 2/14, current best R: 0.9980

	** New best
	Reward: 0.9979671997396761
	Count Off-policy: 1
	Count On-policy: 0
	Originally on Policy: False
	Invalid: False
	Traversal: sub,sub,mul,x1,sub,sub,x2,x2,x2,mul,mul,x2,x1,sub,mul,-0.35475739520583477,x1,sub,inv,mul,inv,x1,sub,add,mul,inv,x1,add,-0.14935290705279006,x1,div,add,div,1.0443991074446763,inv,x3,x1,div,21971.957912396578,add,7190.576036044256,x1,-0.5849361403245481,-1.0121636470742104,mul,0.00011485652846592945,x1
	Expression:
	          ⎛                                                                     
	  - x₁⋅x₂⋅⎜-0.35475739520583477⋅x₁ - ───────────────────────────────────────────
	          ⎜                                                                     
	          ⎜                          (4.5512557596690099e-5⋅x₁ + 0.3272615059938
	          ⎝                                                                     

	                     x₁                                                         
	  ──────────────────────────────────────────────────────────────────────────────
	                                                            x₁ - 0.1493529070527
	  4378)⋅(x₁ + 1.0443991074446763⋅x₃) + 0.5849361403245481 + ────────────────────
	                                                                       x₁       

	                           ⎞                                    
	  ──── - 1.0121636470742104⎟ - x₁⋅x₂ - 0.00011485652846592945⋅x₁
	  9006                     ⎟                                    
	  ────                     ⎟                                    
	                           ⎠                                    

-- RUNNING EPOCHS END ---------------

-- EVALUATION START ----------------
Saving Hall of Fame to ./log/regression_config_regression_GPMELD.json_Livermore2_Vars3_23.in_normal_0.0_2023-05-30-035037/dso_regression_config_regression_GPMELD.json_Livermore2_Vars3_23.in_normal_0.0_0_hof.csv
Saving Pareto Front to ./log/regression_config_regression_GPMELD.json_Livermore2_Vars3_23.in_normal_0.0_2023-05-30-035037/dso_regression_config_regression_GPMELD.json_Livermore2_Vars3_23.in_normal_0.0_0_pf.csv
Invalid expressions: 162 of 17812 (0.9%).
Error type counts:
  true_divide: 66 (40.7%)
  reciprocal: 96 (59.3%)
Error node counts:
  divide: 162 (100.0%)
-- EVALUATION END ------------------
== TRAINING SEED 0 END ==============
INFO: Completed run 1 of 1 in 373 s

== POST-PROCESS START =================
-- LOADING LOGS START ----------------
Successfully loaded summary data
Successfully loaded Hall of Fame data
Successfully loaded Pareto Front data
-- LOADING LOGS END ------------------

-- ANALYZING LOG START --------------
Task_____________regression
Source path______./log/regression_config_regression_GPMELD.json_Livermore2_Vars3_23.in_normal_0.0_2023-05-30-035037
Runs_____________1
Max Samples/run__15000
Success_rate_____0.0
Hall of Fame (Top 5 of 100)____
    0: S=000 R=0.997967 <-- [-x1*x2*(-0.35475739520583477*x1 - x1/((4.5512557596690099e-5*x1 + 0.32726150599384378)*(x1 + 1.0443991074446763*x3) + 0.5849361403245481 + (x1 - 0.14935290705279006)/x1) - 1.0121636470742104) - x1*x2 - 0.00011485652846592945*x1]
    1: S=000 R=0.997967 <-- [-x1*x2*(-0.35475739520583477*x1 - x1/((4.5512557596690099e-5*x1 + 0.32726150599384378)*(x1 + 1.0443991074446763*x3) + 0.5849361403245481 + (x1 - 0.14935290705279006)/x1) - 1.0121636470742104) - x1*x2 - 0.00011485652846592945*x1]
    2: S=000 R=0.997447 <-- [x2*(x1/(-0.992647468809491 + (x1 + 1.550826128616832*(0.1204265437858428*x3 - 11.19873492036418)/(x1 + x3 + 11.269874691780304) + 2.522417784484604)/x1) + 0.021943011226440583)]
    3: S=000 R=0.997447 <-- [x2*(x1/(-0.992647468809491 + (x1 + 1.550826128616832*(0.1204265437858428*x3 - 11.19873492036418)/(x1 + x3 + 11.269874691780304) + 2.522417784484604)/x1) + 0.021943011226440583)]
    4: S=000 R=0.997398 <-- [x2*(x1/(-0.9909870752635399 + (x1 + 1.3339235551672708*(0.1634795651198284*x3 - 12.11031763579372)/(x1 + x3 + 10.900832650865173) + 2.4622837639005795)/x1) + 0.022397769079862222)]
  Saving Hall of Fame plot to ./log/regression_config_regression_GPMELD.json_Livermore2_Vars3_23.in_normal_0.0_2023-05-30-035037/dso_regression_config_regression_GPMELD.json_Livermore2_Vars3_23.in_normal_0.0_plot_hof.png
Pareto Front (5 of 16)____
    0: S=000 R=0.997967 C=54.00 <-- [-x1*x2*(-0.35475739520583477*x1 - x1/((4.5512557596690099e-5*x1 + 0.32726150599384378)*(x1 + 1.0443991074446763*x3) + 0.5849361403245481 + (x1 - 0.14935290705279006)/x1) - 1.0121636470742104) - x1*x2 - 0.00011485652846592945*x1]
    1: S=000 R=0.997447 C=39.00 <-- [x2*(x1/(-0.992647468809491 + (x1 + 1.550826128616832*(0.1204265437858428*x3 - 11.19873492036418)/(x1 + x3 + 11.269874691780304) + 2.522417784484604)/x1) + 0.021943011226440583)]
    2: S=000 R=0.997398 C=37.00 <-- [x2*(x1/(-0.9909870752635399 + (x1 + 1.3339235551672708*(0.1634795651198284*x3 - 12.11031763579372)/(x1 + x3 + 10.900832650865173) + 2.4622837639005795)/x1) + 0.022397769079862222)]
    3: S=000 R=0.993798 C=30.00 <-- [0.8804809943933015/(2.8281401534310597e-6 + (2.1498842146118458 + 0.6291776576646099*(0.90193948271143308*x3 - 16.60573925745637)/(x1 + 7.765210873754049))/(x1**2*x2))]
    4: S=000 R=0.989587 C=27.00 <-- [1.1858934260814642*x1**2*x2*(x3 + 13.539353022623978)/(x1 + 3.0132658356110436*x3 + 18.653015473469211 + 1/x1)]
  Saving Pareto Front plot to ./log/regression_config_regression_GPMELD.json_Livermore2_Vars3_23.in_normal_0.0_2023-05-30-035037/dso_regression_config_regression_GPMELD.json_Livermore2_Vars3_23.in_normal_0.0_plot_pf.png
-- ANALYZING LOG END ----------------
== POST-PROCESS END ===================
