['add', 'X_0', 'add', 'X_4', 'add', 'X_5', 'add', 'mul', -1, 'X_2', 'add', 'mul', -1, 'pow', 'X_1', 2, 'add', 'mul', -2.19, 'pow', 'add', 'mul', -1, 'X_2', 'mul', -0.44, 'pow', 'X_3', -1, 0.5, 'mul', 'X_4', 'cos', 'X_2']
--------------------
eq_name 	 Livermore2_Vars6_25
num_vars 	 6
vars_range_and_types 	 [{"name": "LogUniform", "range": [0.1, 10], "only_positive": true}, {"name": "LogUniform", "range": [0.1, 10], "only_positive": true}, {"name": "LogUniform", "range": [0.1, 10], "only_positive": true}, {"name": "LogUniform", "range": [0.1, 10], "only_positive": true}, {"name": "LogUniform", "range": [0.1, 10], "only_positive": true}, {"name": "LogUniform", "range": [0.1, 10], "only_positive": true}]
function_set 	 ['add', 'sub', 'mul', 'div', 'sqrt', 'n2', 'sin', 'cos', 'const']
eq_expression 	 add,X_0,add,X_4,add,X_5,add,mul,-1,X_2,add,mul,-1,pow,X_1,2,add,mul,-2.19,pow,add,mul,-1,X_2,mul,-0.44,pow,X_3,-1,0.5,mul,X_4,cos,X_2
expr 	 X_0 - X_1**2 - X_2 + X_4*cos(X_2) + X_4 + X_5 - 2.19*sqrt(-X_2 - 0.44/X_3)
--------------------

== EXPERIMENT SETUP START ===========
Task type            : regression
Starting seed        : 0
Runs                 : 1
== EXPERIMENT SETUP END =============

== TRAINING SEED 0 START ============
self.dataX <dso.symbolic_data_generator.DataX object at 0x2b36900f8a90>, self.data_query_oracle: <dso.symbolic_equation_evaluator_public.Equation_evaluator object at 0x2b3676971cf8>
generate dataset!
-- BUILDING PRIOR START -------------
WARNING: Skipping invalid 'RelationalConstraint' with arguments {'targets': [], 'effectors': [], 'relationship': None}. Reason: Prior disabled.
WARNING: Skipping invalid 'TrigConstraint' with arguments {}. Reason: There are no target Tokens.
WARNING: Skipping invalid 'UniformArityPrior' with arguments {}. Reason: Prior disabled.
WARNING: Skipping invalid 'LanguageModelPrior' with arguments {'weight': None}. Reason: Prior disabled.
LengthConstraint: Sequences have minimum length 4.
                  Sequences have maximum length 256.
RepeatConstraint: [const] cannot occur more than 10 times.
RelationalConstraint: [inv] cannot be a child of [inv].
ConstConstraint: [const] cannot be the only unique child of [inv, add, sub, mul, div].
NoInputsConstraint: Sequences contain at least one input variable Token.
SoftLengthPrior: No description available.
-- BUILDING PRIOR END ---------------

-- RUNNING EPOCHS START -------------
