['add', 2.08, 'add', 'X_2', 'add', 'mul', 'X_0', 'add', 'X_1', 'mul', 'X_2', 'add', 'X_0', 'X_2', 'mul', 'X_2', 'cos', 'mul', 0.89, 'pow', 'X_0', 2]
--------------------
eq_name 	 Livermore2_Vars3_7
num_vars 	 3
vars_range_and_types 	 [{"name": "LogUniform", "range": [0.1, 10], "only_positive": true}, {"name": "LogUniform", "range": [0.1, 10], "only_positive": true}, {"name": "LogUniform", "range": [0.1, 10], "only_positive": true}]
function_set 	 ['add', 'sub', 'mul', 'div', 'n2', 'sin', 'cos', 'const']
eq_expression 	 add,2.08,add,X_2,add,mul,X_0,add,X_1,mul,X_2,add,X_0,X_2,mul,X_2,cos,mul,0.89,pow,X_0,2
expr 	 X_0*(X_1 + X_2*(X_0 + X_2)) + X_2*cos(0.89*X_0**2) + X_2 + 2.08
--------------------

== EXPERIMENT SETUP START ===========
Task type            : regression
Starting seed        : 0
Runs                 : 1
== EXPERIMENT SETUP END =============

== TRAINING SEED 0 START ============
self.dataX <dso.symbolic_data_generator.DataX object at 0x2b30d1a7fb38>, self.data_query_oracle: <dso.symbolic_equation_evaluator_public.Equation_evaluator object at 0x2b30b82e9d68>
generate dataset!
-- BUILDING PRIOR START -------------
WARNING: Skipping invalid 'RelationalConstraint' with arguments {'targets': [], 'effectors': [], 'relationship': None}. Reason: Prior disabled.
WARNING: Skipping invalid 'TrigConstraint' with arguments {}. Reason: There are no target Tokens.
WARNING: Skipping invalid 'UniformArityPrior' with arguments {}. Reason: Prior disabled.
WARNING: Skipping invalid 'LanguageModelPrior' with arguments {'weight': None}. Reason: Prior disabled.
LengthConstraint: Sequences have minimum length 4.
                  Sequences have maximum length 256.
RepeatConstraint: [const] cannot occur more than 10 times.
RelationalConstraint: [inv] cannot be a child of [inv].
ConstConstraint: [const] cannot be the only unique child of [inv, add, sub, mul, div].
NoInputsConstraint: Sequences contain at least one input variable Token.
SoftLengthPrior: No description available.
-- BUILDING PRIOR END ---------------

-- RUNNING EPOCHS START -------------
gen	iter	pop_size	nevals	uncached_size	best_val              	timer  
0  	0   	1024    	1024  	1024         	(-0.8322178290926333,)	8.81653
1  	1   	1024    	746   	648          	(-0.8388957455037754,)	5.05353
2  	2   	1024    	763   	649          	(-0.9423938771277901,)	6.33059
3  	3   	1024    	786   	690          	(-0.943335810652327,) 	10.7353
4  	4   	1024    	786   	660          	(-0.943335810652327,) 	14.3435
5  	5   	1024    	754   	637          	(-0.943335810652327,) 	18.7922
6  	6   	1024    	763   	644          	(-0.9761584307501145,)	23.4381
7  	7   	1024    	776   	629          	(-0.9761584307501145,)	35.0369
8  	8   	1024    	764   	601          	(-0.9876061596336592,)	40.5135
9  	9   	1024    	778   	583          	(-0.9876061596336592,)	37.7213

--------------------------------------------------
GP Time: 201.06

Unique expressions evaluated: 7718
Total expression evaluations: 7940
--------------------------------------------------

GP -> best program this epoch:

	Reward: 0.9876061596336592
	Count Off-policy: 1
	Count On-policy: 0
	Originally on Policy: False
	Invalid: False
	Traversal: mul,sub,add,x1,sub,x2,0.12465160760726994,div,sub,mul,mul,inv,div,inv,sub,sub,-178.3702711126789,x3,add,180.3710305503472,inv,x3,sub,mul,-0.3481247869436365,x3,x1,x1,sub,mul,x3,-0.0028574523416876898,-0.002715855802889397,sub,mul,mul,0.7848344239005327,mul,mul,0.7847907072970479,sub,x3,div,-3.2548806240598203,x1,x3,x1,-2.1019706099108055,x1,x1
	Expression:
	     ⎛                                                           ⎛              
	     ⎜                                - 0.7848344239005327⋅x₁⋅x₃⋅⎜0.784790707297
	     ⎜                                                           ⎝              
	  x₁⋅⎜x₁ + x₂ - 0.12465160760726994 - ──────────────────────────────────────────
	     ⎝                                                                          

	            2.5544000671233631⎞                                                 
	  0479⋅x₃ + ──────────────────⎟ + x₁⋅(0.002715855802889397 - 0.00285745234168768
	                    x₁        ⎠                                                 
	  ──────────────────────────────────────────────────────────────────────────────
	                                                               x₁               

	                                       ⎛                          1 ⎞           
	  98⋅x₃)⋅(-x₁ - 0.3481247869436365⋅x₃)⋅⎜-x₃ - 358.7413016630261 - ──⎟ - 2.101970
	                                       ⎝                          x₃⎠           
	  ──────────────────────────────────────────────────────────────────────────────
                                                                              

	            ⎞
	  6099108055⎟
	            ⎟
	  ──────────⎟
	            ⎠

None

--------------------------------------------------

[00:00:03:34.41] Training epoch 1/14, current best R: 0.9876

	** New best
	Reward: 0.9876061596336592
	Count Off-policy: 1
	Count On-policy: 0
	Originally on Policy: False
	Invalid: False
	Traversal: mul,sub,add,x1,sub,x2,0.12465160760726994,div,sub,mul,mul,inv,div,inv,sub,sub,-178.3702711126789,x3,add,180.3710305503472,inv,x3,sub,mul,-0.3481247869436365,x3,x1,x1,sub,mul,x3,-0.0028574523416876898,-0.002715855802889397,sub,mul,mul,0.7848344239005327,mul,mul,0.7847907072970479,sub,x3,div,-3.2548806240598203,x1,x3,x1,-2.1019706099108055,x1,x1
	Expression:
	     ⎛                                                           ⎛              
	     ⎜                                - 0.7848344239005327⋅x₁⋅x₃⋅⎜0.784790707297
	     ⎜                                                           ⎝              
	  x₁⋅⎜x₁ + x₂ - 0.12465160760726994 - ──────────────────────────────────────────
	     ⎝                                                                          

	            2.5544000671233631⎞                                                 
	  0479⋅x₃ + ──────────────────⎟ + x₁⋅(0.002715855802889397 - 0.00285745234168768
	                    x₁        ⎠                                                 
	  ──────────────────────────────────────────────────────────────────────────────
	                                                               x₁               

	                                       ⎛                          1 ⎞           
	  98⋅x₃)⋅(-x₁ - 0.3481247869436365⋅x₃)⋅⎜-x₃ - 358.7413016630261 - ──⎟ - 2.101970
	                                       ⎝                          x₃⎠           
	  ──────────────────────────────────────────────────────────────────────────────
                                                                              

	            ⎞
	  6099108055⎟
	            ⎟
	  ──────────⎟
	            ⎠

10 	0   	1024    	1024  	1017         	(-0.8569241678676803,)	5.94388
11 	1   	1024    	758   	654          	(-0.927290204193386,) 	5.48736
12 	2   	1024    	776   	647          	(-0.9447926886773408,)	6.51   
13 	3   	1024    	757   	619          	(-0.9447926886773408,)	7.22734
14 	4   	1024    	768   	629          	(-0.9634602983644803,)	8.44929
15 	5   	1024    	743   	613          	(-0.9646574236600446,)	11.5595
16 	6   	1024    	790   	659          	(-0.9664560170761141,)	18.6396
17 	7   	1024    	757   	658          	(-0.9744540596965751,)	18.616 
18 	8   	1024    	789   	668          	(-0.9766993704130752,)	23.0707
19 	9   	1024    	778   	662          	(-0.9834180351603841,)	25.5317

--------------------------------------------------
GP Time: 131.314

Unique expressions evaluated: 15479
Total expression evaluations: 15880
--------------------------------------------------

GP -> best program this epoch:

	Reward: 0.9834180351603841
	Count Off-policy: 1
	Count On-policy: 0
	Originally on Policy: False
	Invalid: False
	Traversal: mul,x1,add,add,mul,-0.9902127797416556,sub,x2,add,mul,add,x1,x3,x3,sub,x2,add,mul,inv,add,add,mul,x3,-1.0037592979010794,x3,x1,mul,mul,add,add,x3,div,x1,1079.934508773616,sub,sub,888.207601560117,x1,-886.2116983483858,x3,-0.0010455574980272,1.5142401092337052,x2,1.8126581417768082
	Expression:
	     ⎛                                       0.001035324396501244⋅x₃⋅(-0.9990740
	  x₁⋅⎜x₂ + 0.9902127797416556⋅x₃⋅(x₁ + x₃) + ───────────────────────────────────
	     ⎝                                                             x₁ - 0.003759

	  179224983⋅x₁ + x₃ + 1774.419299908503)                      ⎞
	  ────────────────────────────────────── + 0.31323823401619276⎟
	  2979010794003⋅x₃                                            ⎠

None

--------------------------------------------------

-- RUNNING EPOCHS END ---------------

-- EVALUATION START ----------------
Saving Hall of Fame to ./log/regression_config_regression_GPMELD.json_Livermore2_Vars3_7.in_normal_0.0_2023-05-30-041938/dso_regression_config_regression_GPMELD.json_Livermore2_Vars3_7.in_normal_0.0_0_hof.csv
Saving Pareto Front to ./log/regression_config_regression_GPMELD.json_Livermore2_Vars3_7.in_normal_0.0_2023-05-30-041938/dso_regression_config_regression_GPMELD.json_Livermore2_Vars3_7.in_normal_0.0_0_pf.csv
Invalid expressions: 151 of 17928 (0.8%).
Error type counts:
  true_divide: 68 (45.0%)
  reciprocal: 83 (55.0%)
Error node counts:
  divide: 151 (100.0%)
-- EVALUATION END ------------------
== TRAINING SEED 0 END ==============
INFO: Completed run 1 of 1 in 358 s

== POST-PROCESS START =================
-- LOADING LOGS START ----------------
Successfully loaded summary data
Successfully loaded Hall of Fame data
Successfully loaded Pareto Front data
-- LOADING LOGS END ------------------

-- ANALYZING LOG START --------------
Task_____________regression
Source path______./log/regression_config_regression_GPMELD.json_Livermore2_Vars3_7.in_normal_0.0_2023-05-30-041938
Runs_____________1
Max Samples/run__15000
Success_rate_____0.0
Hall of Fame (Top 5 of 100)____
    0: S=000 R=0.987606 <-- [x1*(x1 + x2 - 0.12465160760726994 - (-0.7848344239005327*x1*x3*(0.7847907072970479*x3 + 2.5544000671233631/x1) + x1*(0.002715855802889397 - 0.0028574523416876898*x3)*(-x1 - 0.3481247869436365*x3)*(-x3 - 358.7413016630261 - 1/x3) - 2.1019706099108055)/x1)]
    1: S=000 R=0.987606 <-- [x1*(x1 + x2 - 0.12465160760726994 - (-0.7848344239005327*x1*x3*(0.7847907072970479*x3 + 2.5544000671233631/x1) + x1*(0.002715855802889397 - 0.0028574523416876898*x3)*(-x1 - 0.3481247869436365*x3)*(-x3 - 358.7413016630261 - 1/x3) - 2.1019706099108055)/x1)]
    2: S=000 R=0.987578 <-- [x1*(x1 + x2 - 0.18391721754650694 - (-0.8308664620878408*x1*x3*(0.8308902628586328*x3 + 2.4108922149549482/x1) + x1*(0.0019745167167038104 - 0.0020722341097954462*x3)*(-x1 - 0.2672508291296045*x3)*(-2*x3 - 490.5022334575981 - 1/x3) - 2.103204591481698)/x1)]
    3: S=000 R=0.987578 <-- [x1*(x1 + x2 - 0.18391721754650694 - (-0.8308664620878408*x1*x3*(0.8308902628586328*x3 + 2.4108922149549482/x1) + x1*(0.0019745167167038104 - 0.0020722341097954462*x3)*(-x1 - 0.2672508291296045*x3)*(-2*x3 - 490.5022334575981 - 1/x3) - 2.103204591481698)/x1)]
    4: S=000 R=0.986715 <-- [x1*(x1 + x2 + 0.7287207817294716*x3 + (x3 - 0.9012945946886624)*(x1 + 0.9920240386312374*x3 + 0.05618089579392145 + (0.0007694872539562354*x1*x3*(x3 - 0.6859058147854641) + 1.718809472263729)/x1) - 0.7375241067281475 + 1/x1) + 3.246833396733123]
  Saving Hall of Fame plot to ./log/regression_config_regression_GPMELD.json_Livermore2_Vars3_7.in_normal_0.0_2023-05-30-041938/dso_regression_config_regression_GPMELD.json_Livermore2_Vars3_7.in_normal_0.0_plot_hof.png
Pareto Front (5 of 9)____
    0: S=000 R=0.987606 C=56.00 <-- [x1*(x1 + x2 - 0.12465160760726994 - (-0.7848344239005327*x1*x3*(0.7847907072970479*x3 + 2.5544000671233631/x1) + x1*(0.002715855802889397 - 0.0028574523416876898*x3)*(-x1 - 0.3481247869436365*x3)*(-x3 - 358.7413016630261 - 1/x3) - 2.1019706099108055)/x1)]
    1: S=000 R=0.983519 C=39.00 <-- [x1*(x1 + x2 - 4.025072901295565 - (x1*(0.06590883726750482 - 0.00018418535879866234*x3)*(-x1 + 16.111754672987505*x3)*(-x1 - x3 + 0.12678900890777584) - x3 - 5.510174387845115)/x1)]
    2: S=000 R=0.974454 C=17.00 <-- [1.073585942281696*x1*x2 + x1*x3*(x1 + 1.0063604720352117*x3) + x3]
    3: S=000 R=0.973945 C=15.00 <-- [x1*x2 + x1*x3*(x1 + 1.0095429074445967*x3) + x3]
    4: S=000 R=0.963396 C=13.00 <-- [x1*(x2 + 0.950045397240459*x3*(x1 + x3) + 0.950045397240459*x3)]
  Saving Pareto Front plot to ./log/regression_config_regression_GPMELD.json_Livermore2_Vars3_7.in_normal_0.0_2023-05-30-041938/dso_regression_config_regression_GPMELD.json_Livermore2_Vars3_7.in_normal_0.0_plot_pf.png
-- ANALYZING LOG END ----------------
== POST-PROCESS END ===================
