['add', 'pow', 'X_0', 2, 'mul', -1, 'cos', 'mul', 4.69, 'exp', 'mul', 'X_1', 'mul', 'add', 'X_3', 'mul', 'X_4', 'pow', 'X_3', 3, 'add', 'mul', -1, 'X_5', 'mul', 'X_2', 'pow', 'X_6', -1]
--------------------
eq_name 	 Livermore2_Vars7_6
num_vars 	 7
vars_range_and_types 	 [{"name": "LogUniform", "range": [0.1, 10], "only_positive": true}, {"name": "LogUniform", "range": [0.1, 10], "only_positive": true}, {"name": "LogUniform", "range": [0.1, 10], "only_positive": true}, {"name": "LogUniform", "range": [0.1, 10], "only_positive": true}, {"name": "LogUniform", "range": [0.1, 10], "only_positive": true}, {"name": "LogUniform", "range": [0.1, 10], "only_positive": true}, {"name": "LogUniform", "range": [0.1, 10], "only_positive": true}]
function_set 	 ['add', 'sub', 'mul', 'div', 'pow', 'const', 'exp', 'sin', 'cos', 'const']
eq_expression 	 add,pow,X_0,2,mul,-1,cos,mul,4.69,exp,mul,X_1,mul,add,X_3,mul,X_4,pow,X_3,3,add,mul,-1,X_5,mul,X_2,pow,X_6,-1
expr 	 X_0**2 - cos(4.69*exp(X_1*(X_2/X_6 - X_5)*(X_3**3*X_4 + X_3)))
--------------------

== EXPERIMENT SETUP START ===========
Task type            : regression
Starting seed        : 0
Runs                 : 1
== EXPERIMENT SETUP END =============

== TRAINING SEED 0 START ============
self.dataX <dso.symbolic_data_generator.DataX object at 0x2b0edd07ac18>, self.data_query_oracle: <dso.symbolic_equation_evaluator_public.Equation_evaluator object at 0x2b0ec38c1d68>
generate dataset!
-- BUILDING PRIOR START -------------
WARNING: Skipping invalid 'RelationalConstraint' with arguments {'targets': [], 'effectors': [], 'relationship': None}. Reason: Prior disabled.
WARNING: Skipping invalid 'TrigConstraint' with arguments {}. Reason: There are no target Tokens.
WARNING: Skipping invalid 'UniformArityPrior' with arguments {}. Reason: Prior disabled.
WARNING: Skipping invalid 'LanguageModelPrior' with arguments {'weight': None}. Reason: Prior disabled.
LengthConstraint: Sequences have minimum length 4.
                  Sequences have maximum length 256.
RepeatConstraint: [const] cannot occur more than 10 times.
RelationalConstraint: [inv] cannot be a child of [inv].
ConstConstraint: [const] cannot be the only unique child of [inv, add, sub, mul, div].
NoInputsConstraint: Sequences contain at least one input variable Token.
SoftLengthPrior: No description available.
-- BUILDING PRIOR END ---------------

-- RUNNING EPOCHS START -------------
[00:00:00:02.73] Training epoch 1/14, current best R: 0.7212

	** New best
	Reward: 0.7212018151591154
	Count Off-policy: False
	Count On-policy: True
	Originally on Policy: True
	Invalid: False
	Traversal: mul,x1,add,6.6121097630045895,div,x7,inv,div,inv,div,x4,mul,0.00044495468726202676,inv,x3,x6
	Expression:
	     ⎛                     0.00044495468726202676⋅x₇⎞
	  x₁⋅⎜6.6121097630045895 + ─────────────────────────⎟
	     ⎝                              x₃⋅x₄⋅x₆        ⎠

[00:00:00:04.92] Training epoch 2/14, current best R: 0.7654

	** New best
	Reward: 0.7654014254739057
	Count Off-policy: False
	Count On-policy: True
	Originally on Policy: True
	Invalid: False
	Traversal: sub,2.3699263367545544,sub,sub,-0.36992934156060087,x1,mul,-6.899207923128066,sub,1.3342176365774787,x1
	Expression:
	  7.899207923128066⋅x₁ - 6.4651892111373883

[00:00:00:06.73] Training epoch 3/14, current best R: 0.9629

	** New best
	Reward: 0.9628993721265425
	Count Off-policy: False
	Count On-policy: True
	Originally on Policy: True
	Invalid: False
	Traversal: add,x3,sub,mul,add,x1,div,sub,-31.69467710492701,x1,5388.9551953545415,x1,x3
	Expression:
	  x₁⋅(0.99981443527293342⋅x₁ - 0.0058814141064391991)

[00:00:00:09.04] Training epoch 4/14, current best R: 0.9634

	** New best
	Reward: 0.9634158963159863
	Count Off-policy: False
	Count On-policy: True
	Originally on Policy: True
	Invalid: False
	Traversal: mul,x1,add,inv,div,1.0075226158624382,x1,div,x2,mul,x3,5097.1033172477655
	Expression:
	     ⎛                        0.00019618986270420756⋅x₂⎞
	  x₁⋅⎜0.9925335513625182⋅x₁ + ─────────────────────────⎟
	     ⎝                                    x₃           ⎠

[00:00:00:15.35] Training epoch 7/14, current best R: 0.9640

	** New best
	Reward: 0.9640135859425764
	Count Off-policy: False
	Count On-policy: True
	Originally on Policy: True
	Invalid: False
	Traversal: mul,x1,sub,x1,mul,x6,0.020038409087896128
	Expression:
	  x₁⋅(x₁ - 0.020038409087896128⋅x₆)

[00:00:00:19.39] Training epoch 9/14, current best R: 0.9652

	** New best
	Reward: 0.9651543961550023
	Count Off-policy: False
	Count On-policy: True
	Originally on Policy: True
	Invalid: False
	Traversal: add,mul,0.9959989122110238,mul,x1,x1,mul,-0.0777569284887955,x5
	Expression:
	                       2                        
	  0.9959989122110238⋅x₁  - 0.0777569284887955⋅x₅

[00:00:00:21.81] Training epoch 10/14, current best R: 0.9652
[00:00:00:31.30] Ending training after epoch 14/14, current best R: 0.9652
-- RUNNING EPOCHS END ---------------

-- EVALUATION START ----------------
Saving Hall of Fame to ./log/regression_config_regression_VPG.json_Livermore2_Vars7_6.in_normal_0.0_2023-05-30-030838/dso_regression_config_regression_VPG.json_Livermore2_Vars7_6.in_normal_0.0_0_hof.csv
Saving Pareto Front to ./log/regression_config_regression_VPG.json_Livermore2_Vars7_6.in_normal_0.0_2023-05-30-030838/dso_regression_config_regression_VPG.json_Livermore2_Vars7_6.in_normal_0.0_0_pf.csv
Invalid expressions: 149 of 14336 (1.0%).
Error type counts:
  true_divide: 72 (48.3%)
  reciprocal: 77 (51.7%)
Error node counts:
  divide: 149 (100.0%)
-- EVALUATION END ------------------
== TRAINING SEED 0 END ==============
INFO: Completed run 1 of 1 in 33 s

== POST-PROCESS START =================
-- LOADING LOGS START ----------------
Successfully loaded summary data
Successfully loaded Hall of Fame data
Successfully loaded Pareto Front data
-- LOADING LOGS END ------------------

-- ANALYZING LOG START --------------
Task_____________regression
Source path______./log/regression_config_regression_VPG.json_Livermore2_Vars7_6.in_normal_0.0_2023-05-30-030838
Runs_____________1
Max Samples/run__15000
Success_rate_____0.0
Hall of Fame (Top 5 of 100)____
    0: S=000 R=0.965154 <-- [0.9959989122110238*x1**2 - 0.0777569284887955*x5]
    1: S=000 R=0.964014 <-- [x1*(x1 - 0.020038409087896128*x6)]
    2: S=000 R=0.963447 <-- [0.9926525986864135*x1**2]
    3: S=000 R=0.963416 <-- [x1*(0.9925335513625182*x1 + 0.00019618986270420756*x2/x3)]
    4: S=000 R=0.963204 <-- [x1*(x1 + (0.00342558204348298*x1 - 0.03349737987812913)/x6)]
  Saving Hall of Fame plot to ./log/regression_config_regression_VPG.json_Livermore2_Vars7_6.in_normal_0.0_2023-05-30-030838/dso_regression_config_regression_VPG.json_Livermore2_Vars7_6.in_normal_0.0_plot_hof.png
Pareto Front (4 of 4)____
    0: S=000 R=0.965154 C=9.00 <-- [0.9959989122110238*x1**2 - 0.0777569284887955*x5]
    1: S=000 R=0.964014 C=7.00 <-- [x1*(x1 - 0.020038409087896128*x6)]
    2: S=000 R=0.962615 C=6.00 <-- [x1**2]
    3: S=000 R=0.687268 C=5.00 <-- [6.196982670463897*x1 + x5]
  Saving Pareto Front plot to ./log/regression_config_regression_VPG.json_Livermore2_Vars7_6.in_normal_0.0_2023-05-30-030838/dso_regression_config_regression_VPG.json_Livermore2_Vars7_6.in_normal_0.0_plot_pf.png
-- ANALYZING LOG END ----------------
== POST-PROCESS END ===================
