['add', 6.21, 'add', 'X_0', 'add', 'X_1', 'pow', 'add', 2.08, 'add', 'X_2', 'mul', 'X_2', 'X_3', -1]
--------------------
eq_name 	 Livermore2_Vars4_20
num_vars 	 4
vars_range_and_types 	 [{"name": "LogUniform", "range": [0.1, 10], "only_positive": true}, {"name": "LogUniform", "range": [0.1, 10], "only_positive": true}, {"name": "LogUniform", "range": [0.1, 10], "only_positive": true}, {"name": "LogUniform", "range": [0.1, 10], "only_positive": true}]
function_set 	 ['add', 'sub', 'mul', 'div', 'sqrt', 'n2', 'log', 'exp', 'sin', 'cos', 'const']
eq_expression 	 add,6.21,add,X_0,add,X_1,pow,add,2.08,add,X_2,mul,X_2,X_3,-1
expr 	 X_0 + X_1 + 6.21 + 1/(X_2*X_3 + X_2 + 2.08)
--------------------

== EXPERIMENT SETUP START ===========
Task type            : regression
Starting seed        : 0
Runs                 : 1
== EXPERIMENT SETUP END =============

== TRAINING SEED 0 START ============
self.dataX <dso.symbolic_data_generator.DataX object at 0x2b1ab96c5b70>, self.data_query_oracle: <dso.symbolic_equation_evaluator_public.Equation_evaluator object at 0x2b1a9ff4cd68>
generate dataset!
-- BUILDING PRIOR START -------------
WARNING: Skipping invalid 'RelationalConstraint' with arguments {'targets': [], 'effectors': [], 'relationship': None}. Reason: Prior disabled.
WARNING: Skipping invalid 'TrigConstraint' with arguments {}. Reason: There are no target Tokens.
WARNING: Skipping invalid 'UniformArityPrior' with arguments {}. Reason: Prior disabled.
WARNING: Skipping invalid 'LanguageModelPrior' with arguments {'weight': None}. Reason: Prior disabled.
LengthConstraint: Sequences have minimum length 4.
                  Sequences have maximum length 256.
RepeatConstraint: [const] cannot occur more than 10 times.
RelationalConstraint: [inv] cannot be a child of [inv].
ConstConstraint: [const] cannot be the only unique child of [inv, add, sub, mul, div].
NoInputsConstraint: Sequences contain at least one input variable Token.
SoftLengthPrior: No description available.
-- BUILDING PRIOR END ---------------

-- RUNNING EPOCHS START -------------
gen	iter	pop_size	nevals	uncached_size	best_val              	timer  
0  	0   	1024    	1024  	1024         	(-0.5931760471254384,)	4.93956
1  	1   	1024    	785   	689          	(-0.9633716199685228,)	3.75627
2  	2   	1024    	755   	647          	(-0.9763239591771286,)	5.19388
3  	3   	1024    	767   	629          	(-0.9767779705631615,)	7.05571
4  	4   	1024    	775   	610          	(-0.9773265028220444,)	10.0012
5  	5   	1024    	736   	576          	(-0.987127996811649,) 	13.3436
6  	6   	1024    	741   	585          	(-0.9999650039385233,)	17.3052
7  	7   	1024    	746   	615          	(-0.9999999979066001,)	17.6788
8  	8   	1024    	773   	618          	(-0.9999999979066001,)	19.8677
9  	9   	1024    	768   	619          	(-0.9999999981825838,)	23.5434

--------------------------------------------------
GP Time: 122.927

Unique expressions evaluated: 7542
Total expression evaluations: 7870
--------------------------------------------------

GP -> best program this epoch:

	Reward: 0.9999999981825838
	Count Off-policy: 1
	Count On-policy: 0
	Originally on Policy: False
	Invalid: False
	Traversal: add,add,add,3.1049999997463997,add,3.1049999997463993,x1,x2,mul,1.0000000365641495,div,1.0000000365641482,add,mul,x3,add,x4,div,x1,x1,2.080000241183756
	Expression:
	                                       1.000000073128299       
	  x₁ + x₂ + 6.209999999492799 + ───────────────────────────────
	                                x₃⋅(x₄ + 1) + 2.080000241183756

None

--------------------------------------------------

[00:00:02:10.86] Training epoch 1/14, current best R: 1.0000

	** New best
	Reward: 0.9999999981825838
	Count Off-policy: 1
	Count On-policy: 0
	Originally on Policy: False
	Invalid: False
	Traversal: add,add,add,3.1049999997463997,add,3.1049999997463993,x1,x2,mul,1.0000000365641495,div,1.0000000365641482,add,mul,x3,add,x4,div,x1,x1,2.080000241183756
	Expression:
	                                       1.000000073128299       
	  x₁ + x₂ + 6.209999999492799 + ───────────────────────────────
	                                x₃⋅(x₄ + 1) + 2.080000241183756

[00:00:02:10.86] Early stopping criteria met; breaking early.
-- RUNNING EPOCHS END ---------------

-- EVALUATION START ----------------
Saving Hall of Fame to ./log/regression_config_regression_GPMELD.json_Livermore2_Vars4_20.in_normal_0.0_2023-05-30-034557/dso_regression_config_regression_GPMELD.json_Livermore2_Vars4_20.in_normal_0.0_0_hof.csv
Saving Pareto Front to ./log/regression_config_regression_GPMELD.json_Livermore2_Vars4_20.in_normal_0.0_2023-05-30-034557/dso_regression_config_regression_GPMELD.json_Livermore2_Vars4_20.in_normal_0.0_0_pf.csv
Invalid expressions: 66 of 8894 (0.7%).
Error type counts:
  true_divide: 27 (40.9%)
  reciprocal: 39 (59.1%)
Error node counts:
  divide: 66 (100.0%)
-- EVALUATION END ------------------
== TRAINING SEED 0 END ==============
INFO: Completed run 1 of 1 in 132 s

== POST-PROCESS START =================
-- LOADING LOGS START ----------------
Successfully loaded summary data
Successfully loaded Hall of Fame data
Successfully loaded Pareto Front data
-- LOADING LOGS END ------------------

-- ANALYZING LOG START --------------
Task_____________regression
Source path______./log/regression_config_regression_GPMELD.json_Livermore2_Vars4_20.in_normal_0.0_2023-05-30-034557
Runs_____________1
Max Samples/run__15000
Success_rate_____1.0
Hall of Fame (Top 5 of 100)____
    0: S=000 R=1.000000 <-- [x1 + x2 + 6.209999999492799 + 1.000000073128299/(x3*(x4 + 1) + 2.080000241183756)]
    1: S=000 R=1.000000 <-- [x1 + x2 + 6.209999999492799 + 1.000000073128299/(x3*(x4 + 1) + 2.080000241183756)]
    2: S=000 R=1.000000 <-- [x1 + x2 + 6.210000023127138 + 0.9999997758953191/(x3*(x4 + 1) + 2.079999586572911)]
    3: S=000 R=1.000000 <-- [x1 + x2 + 6.210000023127138 + 0.9999997758953191/(x3*(x4 + 1) + 2.079999586572911)]
    4: S=000 R=1.000000 <-- [1.000000005950405*x1 + x2 + 6.210000017829546 + 0.99999941558823/(x3*(x4 + 0.9999991678510252) + 2.0799990116040274)]
  Saving Hall of Fame plot to ./log/regression_config_regression_GPMELD.json_Livermore2_Vars4_20.in_normal_0.0_2023-05-30-034557/dso_regression_config_regression_GPMELD.json_Livermore2_Vars4_20.in_normal_0.0_plot_hof.png
Pareto Front (5 of 9)____
    0: S=000 R=1.000000 C=23.00 <-- [x1 + x2 + 6.209999999492799 + 1.000000073128299/(x3*(x4 + 1) + 2.080000241183756)]
    1: S=000 R=1.000000 C=21.00 <-- [x1 + x2 + 6.210000023127138 + 0.9999997758953191/(x3*(x4 + 1) + 2.079999586572911)]
    2: S=000 R=0.985913 C=16.00 <-- [x1 + x2 - 0.40081221439886333*x3/(x3 + 1/x4) + 6.638086694816408]
    3: S=000 R=0.983565 C=14.00 <-- [x1 + x2 + 6.220327916009619 + 0.4085394127286383/(x3 + 0.9045702820006077)]
    4: S=000 R=0.976811 C=10.00 <-- [x1 + x2 + 6.347325800925204 + 0.04208179432892341/x3]
  Saving Pareto Front plot to ./log/regression_config_regression_GPMELD.json_Livermore2_Vars4_20.in_normal_0.0_2023-05-30-034557/dso_regression_config_regression_GPMELD.json_Livermore2_Vars4_20.in_normal_0.0_plot_pf.png
-- ANALYZING LOG END ----------------
== POST-PROCESS END ===================
