['add', 'mul', -2.07, 'X_6', 'log', 'add', 'X_1', 'add', 'mul', -1, 'X_5', 'mul', -1, 'pow', 'mul', 'X_2', 'mul', 'pow', 'X_3', -1, 'add', 'X_4', 'log', 'add', 1, 'add', 'X_4', 'mul', -1, 'X_0', 0.5]
--------------------
eq_name 	 Livermore2_Vars7_10
num_vars 	 7
vars_range_and_types 	 [{"name": "LogUniform", "range": [0.1, 10], "only_positive": true}, {"name": "LogUniform", "range": [0.1, 10], "only_positive": true}, {"name": "LogUniform", "range": [0.1, 10], "only_positive": true}, {"name": "LogUniform", "range": [0.1, 10], "only_positive": true}, {"name": "LogUniform", "range": [0.1, 10], "only_positive": true}, {"name": "LogUniform", "range": [0.1, 10], "only_positive": true}, {"name": "LogUniform", "range": [0.1, 10], "only_positive": true}]
function_set 	 ['add', 'sub', 'mul', 'div', 'sqrt', 'n2', 'log', 'exp', 'const']
eq_expression 	 add,mul,-2.07,X_6,log,add,X_1,add,mul,-1,X_5,mul,-1,pow,mul,X_2,mul,pow,X_3,-1,add,X_4,log,add,1,add,X_4,mul,-1,X_0,0.5
expr 	 -2.07*X_6 + log(X_1 - X_5 - sqrt(X_2*(X_4 + log(-X_0 + X_4 + 1))/X_3))
--------------------

== EXPERIMENT SETUP START ===========
Task type            : regression
Starting seed        : 0
Runs                 : 1
== EXPERIMENT SETUP END =============

== TRAINING SEED 0 START ============
self.dataX <dso.symbolic_data_generator.DataX object at 0x2ac2fff2d898>, self.data_query_oracle: <dso.symbolic_equation_evaluator_public.Equation_evaluator object at 0x2ac2eaf5ad68>
generate dataset!
-- BUILDING PRIOR START -------------
WARNING: Skipping invalid 'RelationalConstraint' with arguments {'targets': [], 'effectors': [], 'relationship': None}. Reason: Prior disabled.
WARNING: Skipping invalid 'TrigConstraint' with arguments {}. Reason: There are no target Tokens.
WARNING: Skipping invalid 'UniformArityPrior' with arguments {}. Reason: Prior disabled.
WARNING: Skipping invalid 'LanguageModelPrior' with arguments {'weight': None}. Reason: Prior disabled.
LengthConstraint: Sequences have minimum length 4.
                  Sequences have maximum length 256.
RepeatConstraint: [const] cannot occur more than 10 times.
RelationalConstraint: [inv] cannot be a child of [inv].
ConstConstraint: [const] cannot be the only unique child of [inv, add, sub, mul, div].
NoInputsConstraint: Sequences contain at least one input variable Token.
SoftLengthPrior: No description available.
-- BUILDING PRIOR END ---------------

-- RUNNING EPOCHS START -------------
[00:00:00:02.64] Training epoch 1/14, current best R: 0.8172

	** New best
	Reward: 0.8172118972663128
	Count Off-policy: False
	Count On-policy: True
	Originally on Policy: True
	Invalid: False
	Traversal: sub,add,div,x7,2.367324646018509,mul,0.16572932890669298,x3,mul,2.4309186517346193,x7
	Expression:
	  0.16572932890669298⋅x₃ - 2.0085008808210048⋅x₇

[00:00:00:08.99] Training epoch 4/14, current best R: 0.8192

	** New best
	Reward: 0.8192068357807654
	Count Off-policy: False
	Count On-policy: True
	Originally on Policy: True
	Invalid: False
	Traversal: sub,0.6947980459036918,mul,2.0739403761004955,x7
	Expression:
	  0.6947980459036918 - 2.0739403761004955⋅x₇

[00:00:00:14.64] Training epoch 7/14, current best R: 0.8256

	** New best
	Reward: 0.8255877142666769
	Count Off-policy: False
	Count On-policy: True
	Originally on Policy: True
	Invalid: False
	Traversal: sub,div,x3,add,x4,x3,mul,2.0356805678320886,x7
	Expression:
	     x₃                          
	  ─────── - 2.0356805678320886⋅x₇
	  x₃ + x₄                        

[00:00:00:17.27] Training epoch 8/14, current best R: 0.8284

	** New best
	Reward: 0.8283874315761947
	Count Off-policy: False
	Count On-policy: True
	Originally on Policy: True
	Invalid: False
	Traversal: add,add,x7,mul,-3.031148601645112,x7,div,x6,4.500486125779375
	Expression:
	  0.2221982186039568⋅x₆ - 2.031148601645112⋅x₇

[00:00:00:22.11] Training epoch 10/14, current best R: 0.8284
[00:00:00:32.54] Ending training after epoch 14/14, current best R: 0.8284
-- RUNNING EPOCHS END ---------------

-- EVALUATION START ----------------
Saving Hall of Fame to ./log/regression_config_regression_DSR.json_Livermore2_Vars7_10.in_normal_0.0_2023-05-30-031734/dso_regression_config_regression_DSR.json_Livermore2_Vars7_10.in_normal_0.0_0_hof.csv
Saving Pareto Front to ./log/regression_config_regression_DSR.json_Livermore2_Vars7_10.in_normal_0.0_2023-05-30-031734/dso_regression_config_regression_DSR.json_Livermore2_Vars7_10.in_normal_0.0_0_pf.csv
Invalid expressions: 159 of 14336 (1.1%).
Error type counts:
  reciprocal: 90 (56.6%)
  true_divide: 69 (43.4%)
Error node counts:
  divide: 159 (100.0%)
-- EVALUATION END ------------------
== TRAINING SEED 0 END ==============
INFO: Completed run 1 of 1 in 34 s

== POST-PROCESS START =================
-- LOADING LOGS START ----------------
Successfully loaded summary data
Successfully loaded Hall of Fame data
Successfully loaded Pareto Front data
-- LOADING LOGS END ------------------

-- ANALYZING LOG START --------------
Task_____________regression
Source path______./log/regression_config_regression_DSR.json_Livermore2_Vars7_10.in_normal_0.0_2023-05-30-031734
Runs_____________1
Max Samples/run__15000
Success_rate_____0.0
Hall of Fame (Top 5 of 100)____
    0: S=000 R=0.828387 <-- [0.2221982186039568*x6 - 2.031148601645112*x7]
    1: S=000 R=0.825588 <-- [x3/(x3 + x4) - 2.0356805678320886*x7]
    2: S=000 R=0.819921 <-- [0.0055026256963396778*x2**2 - 2.074233048144907*x7 + 0.63528467800853786]
    3: S=000 R=0.819221 <-- [0.006218365070377698*x3 - 0.003109182535188849*x6 - 2.0739919387843264*x7 + 0.6885231873815555]
    4: S=000 R=0.819207 <-- [0.694961228404476 - 2.0739829287755584*x7]
  Saving Hall of Fame plot to ./log/regression_config_regression_DSR.json_Livermore2_Vars7_10.in_normal_0.0_2023-05-30-031734/dso_regression_config_regression_DSR.json_Livermore2_Vars7_10.in_normal_0.0_plot_hof.png
Pareto Front (3 of 3)____
    0: S=000 R=0.828387 C=10.00 <-- [0.2221982186039568*x6 - 2.031148601645112*x7]
    1: S=000 R=0.819207 C=7.00 <-- [0.69495981920334563 - 2.073976652934611*x7]
    2: S=000 R=0.819207 C=5.00 <-- [0.6947980459036918 - 2.0739403761004955*x7]
  Saving Pareto Front plot to ./log/regression_config_regression_DSR.json_Livermore2_Vars7_10.in_normal_0.0_2023-05-30-031734/dso_regression_config_regression_DSR.json_Livermore2_Vars7_10.in_normal_0.0_plot_pf.png
-- ANALYZING LOG END ----------------
== POST-PROCESS END ===================
