['add', 'X_0', 'add', 'pow', 'X_0', 2, 'add', 'pow', 'X_0', 3, 'add', 'pow', 'X_0', 4, 'add', 'pow', 'X_0', 5, 'add', 'pow', 'X_0', 6, 'add', 'pow', 'X_0', 7, 'add', 'pow', 'X_0', 8, 'pow', 'X_0', 9]
--------------------
eq_name 	 Livermore_9
num_vars 	 1
vars_range_and_types 	 [{"name": "LogUniform", "range": [0.1, 10], "only_positive": true}]
function_set 	 ['add', 'sub', 'mul', 'div', 'sin', 'cos', 'pow', 'const']
eq_expression 	 add,X_0,add,pow,X_0,2,add,pow,X_0,3,add,pow,X_0,4,add,pow,X_0,5,add,pow,X_0,6,add,pow,X_0,7,add,pow,X_0,8,pow,X_0,9
expr 	 X_0**9 + X_0**8 + X_0**7 + X_0**6 + X_0**5 + X_0**4 + X_0**3 + X_0**2 + X_0
--------------------

== EXPERIMENT SETUP START ===========
Task type            : regression
Starting seed        : 0
Runs                 : 1
== EXPERIMENT SETUP END =============

== TRAINING SEED 0 START ============
self.dataX <dso.symbolic_data_generator.DataX object at 0x2b2a7884bba8>, self.data_query_oracle: <dso.symbolic_equation_evaluator_public.Equation_evaluator object at 0x2b2a5f0b0da0>
generate dataset!
-- BUILDING PRIOR START -------------
WARNING: Skipping invalid 'RelationalConstraint' with arguments {'targets': [], 'effectors': [], 'relationship': None}. Reason: Prior disabled.
WARNING: Skipping invalid 'TrigConstraint' with arguments {}. Reason: There are no target Tokens.
WARNING: Skipping invalid 'UniformArityPrior' with arguments {}. Reason: Prior disabled.
WARNING: Skipping invalid 'LanguageModelPrior' with arguments {'weight': None}. Reason: Prior disabled.
LengthConstraint: Sequences have minimum length 4.
                  Sequences have maximum length 256.
RepeatConstraint: [const] cannot occur more than 10 times.
RelationalConstraint: [inv] cannot be a child of [inv].
ConstConstraint: [const] cannot be the only unique child of [inv, add, sub, mul, div].
NoInputsConstraint: Sequences contain at least one input variable Token.
SoftLengthPrior: No description available.
-- BUILDING PRIOR END ---------------

-- RUNNING EPOCHS START -------------
[00:00:00:02.83] Training epoch 1/14, current best R: 0.9383

	** New best
	Reward: 0.9382861147890594
	Count Off-policy: False
	Count On-policy: True
	Originally on Policy: True
	Invalid: False
	Traversal: sub,div,204.4295572832036,inv,mul,add,mul,mul,add,mul,mul,add,add,x1,div,x1,x1,-9.341553183569067,x1,x1,83.93058997391763,x1,x1,-75.60577552494033,204.43121473260055,1.0000869141096587
	Expression:
	                      2 ⎛  2                                             ⎞      
	  41791.78272265306⋅x₁ ⋅⎝x₁ ⋅(x₁ - 8.341553183569067) + 83.93058997391763⎠ - 315

              
	  9701.143402901

[00:00:00:04.62] Training epoch 2/14, current best R: 0.9669

	** New best
	Reward: 0.9669278237350275
	Count Off-policy: False
	Count On-policy: True
	Originally on Policy: True
	Invalid: False
	Traversal: mul,mul,1.576689236123484,x1,inv,div,0.009589777870388842,mul,x1,div,x1,inv,mul,mul,add,mul,x1,x1,-34.64426480240315,x1,x1
	Expression:
	                     5 ⎛  2                    ⎞
	  164.413530473105⋅x₁ ⋅⎝x₁  - 34.64426480240315⎠

[00:00:00:17.97] Training epoch 10/14, current best R: 0.9793

	** New best
	Reward: 0.9793367766562137
	Count Off-policy: False
	Count On-policy: True
	Originally on Policy: True
	Invalid: False
	Traversal: sub,mul,sub,add,0.9961577674999285,mul,mul,mul,mul,add,add,add,mul,add,x1,-13.161638300827347,x1,x1,32.3693677173514,x1,5246.032264412235,x1,x1,x1,0.9878727921128739,x1,1.0033402448843847
	Expression:
	     ⎛  3                                                                       
	  x₁⋅⎝x₁ ⋅(5246.032264412235⋅x₁⋅(x₁ - 13.161638300827347) + 10492.06452882447⋅x₁

	                                              ⎞                     
	   + 169810.7474238493) + 0.008284975387054597⎠ - 1.0033402448843847

[00:00:00:17.99] Training epoch 10/14, current best R: 0.9793
[00:00:00:21.42] Training epoch 12/14, current best R: 0.9793

	** New best
	Reward: 0.9793367835066148
	Count Off-policy: False
	Count On-policy: True
	Originally on Policy: True
	Invalid: False
	Traversal: mul,add,x1,x1,sub,mul,mul,mul,add,mul,x1,mul,add,sub,-11.161553973133147,div,-31.36881404488784,x1,x1,x1,x1,x1,2622.9758393902384,x1,0.966901581476803
	Expression:
	       ⎛                     2 ⎛  2 ⎛                          31.36881404488784
	  2⋅x₁⋅⎜2622.9758393902384⋅x₁ ⋅⎜x₁ ⋅⎜x₁ - 11.161553973133147 + ─────────────────
	       ⎝                       ⎝    ⎝                                  x₁       

	  ⎞     ⎞                    ⎞
	  ⎟ + x₁⎟ - 0.966901581476803⎟
	  ⎠     ⎠                    ⎠

[00:00:00:24.82] Ending training after epoch 14/14, current best R: 0.9793
-- RUNNING EPOCHS END ---------------

-- EVALUATION START ----------------
Saving Hall of Fame to ./log/regression_config_regression_PQT.json_Livermore_9.in_normal_0.0_2023-05-30-040909/dso_regression_config_regression_PQT.json_Livermore_9.in_normal_0.0_0_hof.csv
Saving Pareto Front to ./log/regression_config_regression_PQT.json_Livermore_9.in_normal_0.0_2023-05-30-040909/dso_regression_config_regression_PQT.json_Livermore_9.in_normal_0.0_0_pf.csv
Invalid expressions: 510 of 14336 (3.6%).
Error type counts:
  reciprocal: 331 (64.9%)
  true_divide: 179 (35.1%)
Error node counts:
  divide: 507 (99.4%)
  invalid: 3 (0.6%)

Priority queue entry 0:
	Reward: 0.9793367835066148
	Count Off-policy: False
	Count On-policy: True
	Originally on Policy: True
	Invalid: False
	Traversal: mul,add,x1,x1,sub,mul,mul,mul,add,mul,x1,mul,add,sub,-11.161553973133147,div,-31.36881404488784,x1,x1,x1,x1,x1,2622.9758393902384,x1,0.966901581476803
	Expression:
	       ⎛                     2 ⎛  2 ⎛                          31.36881404488784
	  2⋅x₁⋅⎜2622.9758393902384⋅x₁ ⋅⎜x₁ ⋅⎜x₁ - 11.161553973133147 + ─────────────────
	       ⎝                       ⎝    ⎝                                  x₁       

	  ⎞     ⎞                    ⎞
	  ⎟ + x₁⎟ - 0.966901581476803⎟
	  ⎠     ⎠                    ⎠


Priority queue entry 1:
	Reward: 0.9793367766562137
	Count Off-policy: False
	Count On-policy: True
	Originally on Policy: True
	Invalid: False
	Traversal: sub,mul,sub,add,0.9961577674999285,mul,mul,mul,mul,add,add,add,mul,add,x1,-13.161638300827347,x1,x1,32.3693677173514,x1,5246.032264412235,x1,x1,x1,0.9878727921128739,x1,1.0033402448843847
	Expression:
	     ⎛  3                                                                       
	  x₁⋅⎝x₁ ⋅(5246.032264412235⋅x₁⋅(x₁ - 13.161638300827347) + 10492.06452882447⋅x₁

	                                              ⎞                     
	   + 169810.7474238493) + 0.008284975387054597⎠ - 1.0033402448843847


Priority queue entry 2:
	Reward: 0.9669278237350275
	Count Off-policy: False
	Count On-policy: True
	Originally on Policy: True
	Invalid: False
	Traversal: mul,mul,1.576689236123484,x1,inv,div,0.009589777870388842,mul,x1,div,x1,inv,mul,mul,add,mul,x1,x1,-34.64426480240315,x1,x1
	Expression:
	                     5 ⎛  2                    ⎞
	  164.413530473105⋅x₁ ⋅⎝x₁  - 34.64426480240315⎠


Priority queue entry 3:
	Reward: 0.947235652776933
	Count Off-policy: False
	Count On-policy: True
	Originally on Policy: True
	Invalid: False
	Traversal: div,mul,add,-6.189739231655788,x1,sub,add,x1,add,div,div,mul,mul,mul,mul,x1,x1,x1,x1,x1,0.05744366762925958,0.05744366762902458,x1,x1,0.10982357653500674
	Expression:
	                                              ⎛                    5     ⎞
	  9.1055129649802078⋅(x₁ - 6.189739231655788)⋅⎝303.0509701250078⋅x₁  + x₁⎠


Priority queue entry 4:
	Reward: 0.9382861147890594
	Count Off-policy: False
	Count On-policy: True
	Originally on Policy: True
	Invalid: False
	Traversal: sub,div,204.4295572832036,inv,mul,add,mul,mul,add,mul,mul,add,add,x1,div,x1,x1,-9.341553183569067,x1,x1,83.93058997391763,x1,x1,-75.60577552494033,204.43121473260055,1.0000869141096587
	Expression:
	                      2 ⎛  2                                             ⎞      
	  41791.78272265306⋅x₁ ⋅⎝x₁ ⋅(x₁ - 8.341553183569067) + 83.93058997391763⎠ - 315

              
	  9701.143402901


Priority queue entry 5:
	Reward: 0.9020471628620252
	Count Off-policy: False
	Count On-policy: True
	Originally on Policy: True
	Invalid: False
	Traversal: mul,13661.580506678289,mul,div,x1,inv,div,x1,inv,add,mul,add,mul,x1,div,add,x1,-13.723593013869152,x1,x1,x1,x1,x1
	Expression:
	                       3                                      
	  13661.580506678289⋅x₁ ⋅(x₁⋅(2⋅x₁ - 13.723593013869152) + x₁)


Priority queue entry 6:
	Reward: 0.9003272030920596
	Count Off-policy: False
	Count On-policy: True
	Originally on Policy: True
	Invalid: False
	Traversal: mul,106.34052787700556,add,add,mul,mul,sub,mul,add,add,mul,add,add,x1,-1530.155199898622,mul,249.02645370494164,x1,x1,x1,-375.8194111635771,x1,71.76172285281415,x1,x1,x1,x1
	Expression:
	                       2                                                        
	  106.34052787700556⋅x₁ ⋅(x₁⋅(x₁⋅(250.02645370494164⋅x₁ - 1530.155199898622) + x

                                                                   
	  ₁ - 375.8194111635771) - 71.76172285281415) + 212.68105575401112⋅x₁


Priority queue entry 7:
	Reward: 0.8473388133268384
	Count Off-policy: False
	Count On-policy: True
	Originally on Policy: True
	Invalid: False
	Traversal: mul,x1,sub,0.995094181569633,mul,mul,sub,mul,add,add,sub,div,inv,x1,x1,x1,mul,x1,x1,x1,x1,222.78351037712082,x1,-11746.902477096572
	Expression:
	     ⎛                      ⎛   ⎛  2    1 ⎞                     ⎞               
	  x₁⋅⎜11746.902477096572⋅x₁⋅⎜x₁⋅⎜x₁  + ───⎟ - 222.78351037712082⎟ + 0.9950941815
	     ⎜                      ⎜   ⎜        2⎟                     ⎟               
	     ⎝                      ⎝   ⎝      x₁ ⎠                     ⎠               

	       ⎞
	  69633⎟
	       ⎟
	       ⎠


Priority queue entry 8:
	Reward: 0.836435483410342
	Count Off-policy: False
	Count On-policy: True
	Originally on Policy: True
	Invalid: False
	Traversal: mul,div,mul,sub,mul,div,0.05550385034757221,div,div,inv,div,x1,mul,inv,x1,div,x1,x1,x1,x1,x1,x1,x1,8.28288519699013e-05,1.3687752146391436
	Expression:
	                       ⎛                      5     ⎞
	  16525.34330835027⋅x₁⋅⎝0.05550385034757221⋅x₁  - x₁⎠


Priority queue entry 9:
	Reward: 0.8361800206206286
	Count Off-policy: False
	Count On-policy: True
	Originally on Policy: True
	Invalid: False
	Traversal: mul,mul,sub,mul,mul,inv,div,div,div,mul,div,inv,mul,mul,1.9671986615731702,x1,x1,1.9671986615731702,0.03278791033412165,x1,x1,x1,x1,1.9671986615731702,0.9999731438145839,1.9671986615731702,1.9671986615731702
	Expression:
	                       6                    
	  898.51920153501837⋅x₁  - 3.869766644133598

-- EVALUATION END ------------------
== TRAINING SEED 0 END ==============
INFO: Completed run 1 of 1 in 26 s

== POST-PROCESS START =================
-- LOADING LOGS START ----------------
Successfully loaded summary data
Successfully loaded Hall of Fame data
Successfully loaded Pareto Front data
-- LOADING LOGS END ------------------

-- ANALYZING LOG START --------------
Task_____________regression
Source path______./log/regression_config_regression_PQT.json_Livermore_9.in_normal_0.0_2023-05-30-040909
Runs_____________1
Max Samples/run__15000
Success_rate_____0.0
Hall of Fame (Top 5 of 100)____
    0: S=000 R=0.979337 <-- [2*x1*(2622.9758393902384*x1**2*(x1**2*(x1 - 11.161553973133147 + 31.36881404488784/x1) + x1) - 0.966901581476803)]
    1: S=000 R=0.979337 <-- [x1*(x1**3*(5246.032264412235*x1*(x1 - 13.161638300827347) + 10492.06452882447*x1 + 169810.7474238493) + 0.008284975387054597) - 1.0033402448843847]
    2: S=000 R=0.966928 <-- [164.413530473105*x1**5*(x1**2 - 34.64426480240315)]
    3: S=000 R=0.947236 <-- [9.1055129649802078*(x1 - 6.189739231655788)*(303.0509701250078*x1**5 + x1)]
    4: S=000 R=0.938286 <-- [41791.78272265306*x1**2*(x1**2*(x1 - 8.341553183569067) + 83.93058997391763) - 3159701.143402901]
  Saving Hall of Fame plot to ./log/regression_config_regression_PQT.json_Livermore_9.in_normal_0.0_2023-05-30-040909/dso_regression_config_regression_PQT.json_Livermore_9.in_normal_0.0_plot_hof.png
Pareto Front (5 of 12)____
    0: S=000 R=0.979337 C=26.00 <-- [2*x1*(2622.9758393902384*x1**2*(x1**2*(x1 - 11.161553973133147 + 31.36881404488784/x1) + x1) - 0.966901581476803)]
    1: S=000 R=0.966928 C=25.00 <-- [164.413530473105*x1**5*(x1**2 - 34.64426480240315)]
    2: S=000 R=0.902047 C=20.00 <-- [157.22241575811128*x1**4*(173.78657110916288*x1 - 1105.5909625381584)]
    3: S=000 R=0.814387 C=19.00 <-- [x1*(9602.3019213373*x1*(x1**3 + x1) - 9602.3019213373*x1 - 9641140.3377850707)]
    4: S=000 R=0.772874 C=18.00 <-- [7146.952991908463*x1**4*(x1 + 1.0971852618505908) + 1.0]
  Saving Pareto Front plot to ./log/regression_config_regression_PQT.json_Livermore_9.in_normal_0.0_2023-05-30-040909/dso_regression_config_regression_PQT.json_Livermore_9.in_normal_0.0_plot_pf.png
-- ANALYZING LOG END ----------------
== POST-PROCESS END ===================
