['add', 'X_1', 'add', 'mul', -2.23, 'pow', 'X_3', 0.5, 'add', 'mul', -1, 'mul', 'X_0', 'pow', 'X_1', -1, 'add', 'mul', -2.23, 'mul', 'X_1', 'X_2', 'add', 'mul', -2.23, 'mul', 'X_2', 'pow', 'X_3', -0.5, 'log', 'X_0']
--------------------
eq_name 	 Livermore2_Vars4_23
num_vars 	 4
vars_range_and_types 	 [{"name": "LogUniform", "range": [0.1, 10], "only_positive": true}, {"name": "LogUniform", "range": [0.1, 10], "only_positive": true}, {"name": "LogUniform", "range": [0.1, 10], "only_positive": true}, {"name": "LogUniform", "range": [0.1, 10], "only_positive": true}]
function_set 	 ['add', 'sub', 'mul', 'div', 'sqrt', 'n2', 'log', 'const']
eq_expression 	 add,X_1,add,mul,-2.23,pow,X_3,0.5,add,mul,-1,mul,X_0,pow,X_1,-1,add,mul,-2.23,mul,X_1,X_2,add,mul,-2.23,mul,X_2,pow,X_3,-0.5,log,X_0
expr 	 -X_0/X_1 - 2.23*X_1*X_2 + X_1 - 2.23*X_2/sqrt(X_3) - 2.23*sqrt(X_3) + log(X_0)
--------------------

== EXPERIMENT SETUP START ===========
Task type            : regression
Starting seed        : 0
Runs                 : 1
== EXPERIMENT SETUP END =============

== TRAINING SEED 0 START ============
self.dataX <dso.symbolic_data_generator.DataX object at 0x2b80e66e0860>, self.data_query_oracle: <dso.symbolic_equation_evaluator_public.Equation_evaluator object at 0x2b80ccf25d68>
generate dataset!
-- BUILDING PRIOR START -------------
WARNING: Skipping invalid 'RelationalConstraint' with arguments {'targets': [], 'effectors': [], 'relationship': None}. Reason: Prior disabled.
WARNING: Skipping invalid 'TrigConstraint' with arguments {}. Reason: There are no target Tokens.
WARNING: Skipping invalid 'UniformArityPrior' with arguments {}. Reason: Prior disabled.
WARNING: Skipping invalid 'LanguageModelPrior' with arguments {'weight': None}. Reason: Prior disabled.
LengthConstraint: Sequences have minimum length 4.
                  Sequences have maximum length 256.
RepeatConstraint: [const] cannot occur more than 10 times.
RelationalConstraint: [inv] cannot be a child of [inv].
ConstConstraint: [const] cannot be the only unique child of [inv, add, sub, mul, div].
NoInputsConstraint: Sequences contain at least one input variable Token.
SoftLengthPrior: No description available.
-- BUILDING PRIOR END ---------------

-- RUNNING EPOCHS START -------------
[00:00:00:04.45] Training epoch 1/14, current best R: 0.7045

	** New best
	Reward: 0.7045287130081652
	Count Off-policy: False
	Count On-policy: True
	Originally on Policy: True
	Invalid: False
	Traversal: mul,sub,-5.566229596487104,mul,sub,x2,sub,-1.7766019427655633,sub,div,x4,mul,-2.7402855161350743,x2,x2,x2,x3
	Expression:
	     ⎛     ⎛                     0.36492547733143145⋅x₄⎞                    ⎞
	  x₃⋅⎜- x₂⋅⎜1.7766019427655633 - ──────────────────────⎟ - 5.566229596487104⎟
	     ⎝     ⎝                               x₂          ⎠                    ⎠

[00:00:00:08.81] Training epoch 2/14, current best R: 0.7094

	** New best
	Reward: 0.7093834044995249
	Count Off-policy: False
	Count On-policy: True
	Originally on Policy: True
	Invalid: False
	Traversal: add,x1,mul,sub,sub,mul,x3,sub,-3.261892703136986,x2,add,inv,x3,add,x1,x1,-3.1051343375719,1.5755000224866247
	Expression:
                                                                              
	  -2.1510000449732494⋅x₁ + 1.5755000224866247⋅x₃⋅(-x₂ - 3.261892703136986) + 4.8
                                                                              

	                    1.5755000224866247
	  921392186685187 - ──────────────────
	                            x₃        

[00:00:00:44.75] Training epoch 10/14, current best R: 0.7094
[00:00:00:54.99] Training epoch 12/14, current best R: 0.7260

	** New best
	Reward: 0.7260218102949381
	Count Off-policy: False
	Count On-policy: True
	Originally on Policy: True
	Invalid: False
	Traversal: sub,mul,-2.1840930838603785,sub,4.458724757790259,x2,mul,add,mul,x2,2.212504567324053,2.845205412169982,x3
	Expression:
	  2.1840930838603785⋅x₂ - x₃⋅(2.212504567324053⋅x₂ + 2.845205412169982) - 9.7382
	  69906326746

[00:00:01:06.26] Ending training after epoch 14/14, current best R: 0.7260
-- RUNNING EPOCHS END ---------------

-- EVALUATION START ----------------
Saving Hall of Fame to ./log/regression_config_regression_VPG.json_Livermore2_Vars4_23.in_normal_0.0_2023-05-30-035935/dso_regression_config_regression_VPG.json_Livermore2_Vars4_23.in_normal_0.0_0_hof.csv
Saving Pareto Front to ./log/regression_config_regression_VPG.json_Livermore2_Vars4_23.in_normal_0.0_2023-05-30-035935/dso_regression_config_regression_VPG.json_Livermore2_Vars4_23.in_normal_0.0_0_pf.csv
Invalid expressions: 212 of 14336 (1.5%).
Error type counts:
  true_divide: 104 (49.1%)
  reciprocal: 108 (50.9%)
Error node counts:
  divide: 212 (100.0%)
-- EVALUATION END ------------------
== TRAINING SEED 0 END ==============
INFO: Completed run 1 of 1 in 68 s

== POST-PROCESS START =================
-- LOADING LOGS START ----------------
Successfully loaded summary data
Successfully loaded Hall of Fame data
Successfully loaded Pareto Front data
-- LOADING LOGS END ------------------

-- ANALYZING LOG START --------------
Task_____________regression
Source path______./log/regression_config_regression_VPG.json_Livermore2_Vars4_23.in_normal_0.0_2023-05-30-035935
Runs_____________1
Max Samples/run__15000
Success_rate_____0.0
Hall of Fame (Top 5 of 100)____
    0: S=000 R=0.726022 <-- [2.1840930838603785*x2 - x3*(2.212504567324053*x2 + 2.845205412169982) - 9.738269906326746]
    1: S=000 R=0.709383 <-- [-2.1510000449732494*x1 + 1.5755000224866247*x3*(-x2 - 3.261892703136986) + 4.8921392186685187 - 1.5755000224866247/x3]
    2: S=000 R=0.707872 <-- [(x2 + 2.157537533882209)*(0.2414263664026778*x2 - 1.877619766630589*x3 - 1.587312180217713)]
    3: S=000 R=0.707717 <-- [x2 - 0.5992906687398153*x3*(x1 + 3.7980947050546977*x2) - x4 - 4.665377395852667 - 1.581360338684182/x4]
    4: S=000 R=0.707077 <-- [x1*(-0.1903122564558282*x3 - 0.5078136467126485)*(x2*x3 + 16.74087103240844)/(x1 + 0.007859521086845041)]
  Saving Hall of Fame plot to ./log/regression_config_regression_VPG.json_Livermore2_Vars4_23.in_normal_0.0_2023-05-30-035935/dso_regression_config_regression_VPG.json_Livermore2_Vars4_23.in_normal_0.0_plot_hof.png
Pareto Front (3 of 3)____
    0: S=000 R=0.726022 C=13.00 <-- [2.1840930838603785*x2 - x3*(2.212504567324053*x2 + 2.845205412169982) - 9.738269906326746]
    1: S=000 R=0.655710 C=7.00 <-- [x3*(-x2 + x4 - 8.599562415628702)]
    2: S=000 R=0.591359 C=5.00 <-- [-7.607782218232929*x3 - 5.084679733217414]
  Saving Pareto Front plot to ./log/regression_config_regression_VPG.json_Livermore2_Vars4_23.in_normal_0.0_2023-05-30-035935/dso_regression_config_regression_VPG.json_Livermore2_Vars4_23.in_normal_0.0_plot_pf.png
-- ANALYZING LOG END ----------------
== POST-PROCESS END ===================
