['mul', 'pow', 'X_2', -1, 'add', 'mul', -1, 'X_0', 'mul', -0.54, 'exp', 'mul', 'X_0', 'mul', 'pow', 'add', 'X_3', 'cos', 'X_1', 0.5, 'exp', 'mul', -2, 'X_0']
--------------------
eq_name 	 Livermore2_Vars4_6
num_vars 	 4
vars_range_and_types 	 [{"name": "LogUniform", "range": [0.1, 10], "only_positive": true}, {"name": "LogUniform", "range": [0.1, 10], "only_positive": true}, {"name": "LogUniform", "range": [0.1, 10], "only_positive": true}, {"name": "LogUniform", "range": [0.1, 10], "only_positive": true}]
function_set 	 ['add', 'sub', 'mul', 'div', 'sqrt', 'n2', 'const', 'exp', 'sin', 'cos']
eq_expression 	 mul,pow,X_2,-1,add,mul,-1,X_0,mul,-0.54,exp,mul,X_0,mul,pow,add,X_3,cos,X_1,0.5,exp,mul,-2,X_0
expr 	 (-X_0 - 0.54*exp(X_0*sqrt(X_3 + cos(X_1))*exp(-2*X_0)))/X_2
--------------------

== EXPERIMENT SETUP START ===========
Task type            : regression
Starting seed        : 0
Runs                 : 1
== EXPERIMENT SETUP END =============

== TRAINING SEED 0 START ============
self.dataX <dso.symbolic_data_generator.DataX object at 0x2b3a1c8cb7f0>, self.data_query_oracle: <dso.symbolic_equation_evaluator_public.Equation_evaluator object at 0x2b3a03131d68>
generate dataset!
-- BUILDING PRIOR START -------------
WARNING: Skipping invalid 'RelationalConstraint' with arguments {'targets': [], 'effectors': [], 'relationship': None}. Reason: Prior disabled.
WARNING: Skipping invalid 'TrigConstraint' with arguments {}. Reason: There are no target Tokens.
WARNING: Skipping invalid 'UniformArityPrior' with arguments {}. Reason: Prior disabled.
WARNING: Skipping invalid 'LanguageModelPrior' with arguments {'weight': None}. Reason: Prior disabled.
LengthConstraint: Sequences have minimum length 4.
                  Sequences have maximum length 256.
RepeatConstraint: [const] cannot occur more than 10 times.
RelationalConstraint: [inv] cannot be a child of [inv].
ConstConstraint: [const] cannot be the only unique child of [inv, add, sub, mul, div].
NoInputsConstraint: Sequences contain at least one input variable Token.
SoftLengthPrior: No description available.
-- BUILDING PRIOR END ---------------

-- RUNNING EPOCHS START -------------
[00:00:00:05.58] Training epoch 1/14, current best R: 0.7474

	** New best
	Reward: 0.747412774807701
	Count Off-policy: False
	Count On-policy: True
	Originally on Policy: True
	Invalid: False
	Traversal: add,x3,mul,add,x1,sub,inv,x3,x1,sub,mul,-1.0831025139997608,x1,mul,0.08208489626416253,x2
	Expression:
	       -1.0831025139997608⋅x₁ - 0.08208489626416253⋅x₂
	  x₃ + ───────────────────────────────────────────────
	                              x₃                      

[00:00:00:09.83] Training epoch 2/14, current best R: 0.8985

	** New best
	Reward: 0.8985257755979561
	Count Off-policy: False
	Count On-policy: True
	Originally on Policy: True
	Invalid: False
	Traversal: inv,div,x3,mul,-1.093870562272776,add,div,div,mul,inv,x1,x4,add,x1,x4,8.807726802662723,x1
	Expression:
	                          0.1241944245979656⋅x₄
	  -1.093870562272776⋅x₁ - ─────────────────────
	                               x₁⋅(x₁ + x₄)    
	  ─────────────────────────────────────────────
	                        x₃                     

[00:00:00:42.37] Training epoch 10/14, current best R: 0.8985
[00:00:01:02.90] Ending training after epoch 14/14, current best R: 0.8985
-- RUNNING EPOCHS END ---------------

-- EVALUATION START ----------------
Saving Hall of Fame to ./log/regression_config_regression_DSR.json_Livermore2_Vars4_6.in_normal_0.0_2023-05-30-042152/dso_regression_config_regression_DSR.json_Livermore2_Vars4_6.in_normal_0.0_0_hof.csv
Saving Pareto Front to ./log/regression_config_regression_DSR.json_Livermore2_Vars4_6.in_normal_0.0_2023-05-30-042152/dso_regression_config_regression_DSR.json_Livermore2_Vars4_6.in_normal_0.0_0_pf.csv
Invalid expressions: 261 of 14336 (1.8%).
Error type counts:
  true_divide: 129 (49.4%)
  reciprocal: 132 (50.6%)
Error node counts:
  divide: 260 (99.6%)
  invalid: 1 (0.4%)
-- EVALUATION END ------------------
== TRAINING SEED 0 END ==============
INFO: Completed run 1 of 1 in 64 s

== POST-PROCESS START =================
-- LOADING LOGS START ----------------
Successfully loaded summary data
Successfully loaded Hall of Fame data
Successfully loaded Pareto Front data
-- LOADING LOGS END ------------------

-- ANALYZING LOG START --------------
Task_____________regression
Source path______./log/regression_config_regression_DSR.json_Livermore2_Vars4_6.in_normal_0.0_2023-05-30-042152
Runs_____________1
Max Samples/run__15000
Success_rate_____0.0
Hall of Fame (Top 5 of 100)____
    0: S=000 R=0.898526 <-- [(-1.093870562272776*x1 - 0.1241944245979656*x4/(x1*(x1 + x4)))/x3]
    1: S=000 R=0.894907 <-- [-0.10710124241318744*(9.8545449520971701*x1 + x4)/x3]
    2: S=000 R=0.891699 <-- [(-x3 + (x1 + 0.087252408884602778/x2)*(-6.649178792668151e-5*x3 - 0.9931776112846428))/x3]
    3: S=000 R=0.888394 <-- [-0.2949083706356959*x1/(0.0024887101755149406*x3*(x1 + x4 + 110.24663255797364) - 0.002797673059830681) - 0.9192350398370057]
    4: S=000 R=0.884710 <-- [x1*(0.0321051830123766*x1 - 1.3263342087104049 + 0.004287266975643526/x4)/x3]
  Saving Hall of Fame plot to ./log/regression_config_regression_DSR.json_Livermore2_Vars4_6.in_normal_0.0_2023-05-30-042152/dso_regression_config_regression_DSR.json_Livermore2_Vars4_6.in_normal_0.0_plot_hof.png
Pareto Front (5 of 7)____
    0: S=000 R=0.898526 C=22.00 <-- [(-1.093870562272776*x1 - 0.1241944245979656*x4/(x1*(x1 + x4)))/x3]
    1: S=000 R=0.894907 C=12.00 <-- [-0.10710124241318744*(9.8545449520971701*x1 + x4)/x3]
    2: S=000 R=0.873359 C=9.00 <-- [-x1/x3 - 1.212370458424921]
    3: S=000 R=0.860408 C=8.00 <-- [-x1/x3 - 0.2810835701547565*x4]
    4: S=000 R=0.565111 C=7.00 <-- [0.0052206652692278832 - 2.7439022439798357/x3]
  Saving Pareto Front plot to ./log/regression_config_regression_DSR.json_Livermore2_Vars4_6.in_normal_0.0_2023-05-30-042152/dso_regression_config_regression_DSR.json_Livermore2_Vars4_6.in_normal_0.0_plot_pf.png
-- ANALYZING LOG END ----------------
== POST-PROCESS END ===================
