['add', 'mul', -1, 'X_3', 'add', 'mul', 'X_0', 'X_1', 'mul', -1, 'mul', 'pow', 'X_4', -1, 'add', 'mul', -1.13, 'pow', 'X_2', -1, 'mul', 'pow', 'mul', 'pow', 'X_0', -1, 'pow', 'add', 'X_2', 'X_3', -1, 0.5, 'X_2']
--------------------
eq_name 	 Livermore2_Vars5_18
num_vars 	 5
vars_range_and_types 	 [{"name": "LogUniform", "range": [0.1, 10], "only_positive": true}, {"name": "LogUniform", "range": [0.1, 10], "only_positive": true}, {"name": "LogUniform", "range": [0.1, 10], "only_positive": true}, {"name": "LogUniform", "range": [0.1, 10], "only_positive": true}, {"name": "LogUniform", "range": [0.1, 10], "only_positive": true}]
function_set 	 ['add', 'sub', 'mul', 'div', 'sqrt', 'n2', 'const', 'const']
eq_expression 	 add,mul,-1,X_3,add,mul,X_0,X_1,mul,-1,mul,pow,X_4,-1,add,mul,-1.13,pow,X_2,-1,mul,pow,mul,pow,X_0,-1,pow,add,X_2,X_3,-1,0.5,X_2
expr 	 X_0*X_1 - X_3 - (sqrt(1/(X_0*(X_2 + X_3)))*Abs(X_2) - 1.13/X_2)/X_4
--------------------

== EXPERIMENT SETUP START ===========
Task type            : regression
Starting seed        : 0
Runs                 : 1
== EXPERIMENT SETUP END =============

== TRAINING SEED 0 START ============
self.dataX <dso.symbolic_data_generator.DataX object at 0x2b403add2b38>, self.data_query_oracle: <dso.symbolic_equation_evaluator_public.Equation_evaluator object at 0x2b402566bd68>
generate dataset!
-- BUILDING PRIOR START -------------
WARNING: Skipping invalid 'RelationalConstraint' with arguments {'targets': [], 'effectors': [], 'relationship': None}. Reason: Prior disabled.
WARNING: Skipping invalid 'TrigConstraint' with arguments {}. Reason: There are no target Tokens.
WARNING: Skipping invalid 'UniformArityPrior' with arguments {}. Reason: Prior disabled.
WARNING: Skipping invalid 'LanguageModelPrior' with arguments {'weight': None}. Reason: Prior disabled.
LengthConstraint: Sequences have minimum length 4.
                  Sequences have maximum length 256.
RepeatConstraint: [const] cannot occur more than 10 times.
RelationalConstraint: [inv] cannot be a child of [inv].
ConstConstraint: [const] cannot be the only unique child of [inv, add, sub, mul, div].
NoInputsConstraint: Sequences contain at least one input variable Token.
SoftLengthPrior: No description available.
-- BUILDING PRIOR END ---------------

-- RUNNING EPOCHS START -------------
[00:00:00:05.36] Training epoch 1/14, current best R: 0.5814

	** New best
	Reward: 0.5814299743324112
	Count Off-policy: False
	Count On-policy: True
	Originally on Policy: True
	Invalid: False
	Traversal: inv,add,mul,x5,x3,add,mul,div,x5,x2,0.001776514788068878,mul,-0.00029919992319494453,inv,x5
	Expression:
	                             1                            
	  ────────────────────────────────────────────────────────
	          0.00029919992319494453   0.001776514788068878⋅x₅
	  x₃⋅x₅ - ────────────────────── + ───────────────────────
	                    x₅                        x₂          

[00:00:00:11.62] Training epoch 3/14, current best R: 0.5975

	** New best
	Reward: 0.5975153087404305
	Count Off-policy: False
	Count On-policy: True
	Originally on Policy: True
	Invalid: False
	Traversal: mul,x1,add,-0.7778280524748994,add,add,mul,-0.009111805658213862,x2,inv,add,mul,711.4411199813901,inv,add,x1,div,3767.088933966472,x3,x5,x2
	Expression:
	     ⎛                                                          1             ⎞
	  x₁⋅⎜0.9908881943417861⋅x₂ - 0.7778280524748994 + ───────────────────────────⎟
	     ⎜                                                    711.4411199813901   ⎟
	     ⎜                                             x₅ + ──────────────────────⎟
	     ⎜                                                       3767.088933966472⎟
	     ⎜                                                  x₁ + ─────────────────⎟
	     ⎝                                                               x₃       ⎠

[00:00:00:27.79] Training epoch 8/14, current best R: 0.6064

	** New best
	Reward: 0.6064461231070891
	Count Off-policy: False
	Count On-policy: True
	Originally on Policy: True
	Invalid: False
	Traversal: sub,div,mul,inv,x5,1.0228266606499,x3,mul,-1.5765646147103223,x1
	Expression:
	                          1.0228266606499
	  1.5765646147103223⋅x₁ + ───────────────
	                               x₃⋅x₅     

[00:00:00:35.50] Training epoch 10/14, current best R: 0.6064
[00:00:00:39.79] Training epoch 11/14, current best R: 0.6073

	** New best
	Reward: 0.6072728663414397
	Count Off-policy: False
	Count On-policy: True
	Originally on Policy: True
	Invalid: False
	Traversal: add,-2.2519469119554723,add,x1,inv,mul,mul,x5,add,x3,x3,0.4311417011496171
	Expression:
	                            1.15971152562319
	  x₁ - 2.2519469119554723 + ────────────────
	                                 x₃⋅x₅      

[00:00:00:52.01] Ending training after epoch 14/14, current best R: 0.6073
-- RUNNING EPOCHS END ---------------

-- EVALUATION START ----------------
Saving Hall of Fame to ./log/regression_config_regression_DSR.json_Livermore2_Vars5_18.in_normal_0.0_2023-05-30-033901/dso_regression_config_regression_DSR.json_Livermore2_Vars5_18.in_normal_0.0_0_hof.csv
Saving Pareto Front to ./log/regression_config_regression_DSR.json_Livermore2_Vars5_18.in_normal_0.0_2023-05-30-033901/dso_regression_config_regression_DSR.json_Livermore2_Vars5_18.in_normal_0.0_0_pf.csv
Invalid expressions: 154 of 14336 (1.1%).
Error type counts:
  true_divide: 76 (49.4%)
  reciprocal: 78 (50.6%)
Error node counts:
  divide: 154 (100.0%)
-- EVALUATION END ------------------
== TRAINING SEED 0 END ==============
INFO: Completed run 1 of 1 in 53 s

== POST-PROCESS START =================
-- LOADING LOGS START ----------------
Successfully loaded summary data
Successfully loaded Hall of Fame data
Successfully loaded Pareto Front data
-- LOADING LOGS END ------------------

-- ANALYZING LOG START --------------
Task_____________regression
Source path______./log/regression_config_regression_DSR.json_Livermore2_Vars5_18.in_normal_0.0_2023-05-30-033901
Runs_____________1
Max Samples/run__15000
Success_rate_____0.0
Hall of Fame (Top 5 of 100)____
    0: S=000 R=0.607273 <-- [x1 - 2.2519469119554723 + 1.15971152562319/(x3*x5)]
    1: S=000 R=0.606446 <-- [1.5765646147103223*x1 + 1.0228266606499/(x3*x5)]
    2: S=000 R=0.597515 <-- [x1*(0.9908881943417861*x2 - 0.7778280524748994 + 1/(x5 + 711.4411199813901/(x1 + 3767.088933966472/x3)))]
    3: S=000 R=0.596083 <-- [x1 + x2 + x4 + x5 + (18.63783513801546 - x2)/(x3 + x5) - 13.377086401311698]
    4: S=000 R=0.587141 <-- [-0.0760025497716189 + 0.041754383323125435*(2*x2 + 23.357929745510827)/(x3*x5)]
  Saving Hall of Fame plot to ./log/regression_config_regression_DSR.json_Livermore2_Vars5_18.in_normal_0.0_2023-05-30-033901/dso_regression_config_regression_DSR.json_Livermore2_Vars5_18.in_normal_0.0_plot_hof.png
Pareto Front (5 of 5)____
    0: S=000 R=0.607273 C=13.00 <-- [x1 - 2.2519469119554723 + 1.15971152562319/(x3*x5)]
    1: S=000 R=0.606446 C=12.00 <-- [1.5765646147103223*x1 + 1.0228266606499/(x3*x5)]
    2: S=000 R=0.582369 C=9.00 <-- [1.051794922295526/(x5*(x3 - 0.013297644804428625))]
    3: S=000 R=0.581346 C=7.00 <-- [1/(x3*(x5 - 0.015755032135883165))]
    4: S=000 R=0.522501 C=5.00 <-- [2.3887831422424703*x1 - 2.3887831422424703*x3]
  Saving Pareto Front plot to ./log/regression_config_regression_DSR.json_Livermore2_Vars5_18.in_normal_0.0_2023-05-30-033901/dso_regression_config_regression_DSR.json_Livermore2_Vars5_18.in_normal_0.0_plot_pf.png
-- ANALYZING LOG END ----------------
== POST-PROCESS END ===================
