['add', 'X_0', 'add', 'pow', 'X_0', 2, 'add', 'pow', 'X_0', 4, 'pow', 'X_0', 5]
--------------------
eq_name 	 Livermore_20
num_vars 	 1
vars_range_and_types 	 [{"name": "LogUniform", "range": [0.1, 10], "only_positive": true}]
function_set 	 ['add', 'sub', 'mul', 'div', 'n2', 'n4', 'pow', 'const']
eq_expression 	 add,X_0,add,pow,X_0,2,add,pow,X_0,4,pow,X_0,5
expr 	 X_0**5 + X_0**4 + X_0**2 + X_0
--------------------

== EXPERIMENT SETUP START ===========
Task type            : regression
Starting seed        : 0
Runs                 : 1
== EXPERIMENT SETUP END =============

== TRAINING SEED 0 START ============
self.dataX <dso.symbolic_data_generator.DataX object at 0x2b5db6641ba8>, self.data_query_oracle: <dso.symbolic_equation_evaluator_public.Equation_evaluator object at 0x2b5d9ced1da0>
generate dataset!
-- BUILDING PRIOR START -------------
WARNING: Skipping invalid 'RelationalConstraint' with arguments {'targets': [], 'effectors': [], 'relationship': None}. Reason: Prior disabled.
WARNING: Skipping invalid 'TrigConstraint' with arguments {}. Reason: There are no target Tokens.
WARNING: Skipping invalid 'UniformArityPrior' with arguments {}. Reason: Prior disabled.
WARNING: Skipping invalid 'LanguageModelPrior' with arguments {'weight': None}. Reason: Prior disabled.
LengthConstraint: Sequences have minimum length 4.
                  Sequences have maximum length 256.
RepeatConstraint: [const] cannot occur more than 10 times.
RelationalConstraint: [inv] cannot be a child of [inv].
ConstConstraint: [const] cannot be the only unique child of [inv, add, sub, mul, div].
NoInputsConstraint: Sequences contain at least one input variable Token.
SoftLengthPrior: No description available.
-- BUILDING PRIOR END ---------------

-- RUNNING EPOCHS START -------------
[00:00:00:11.17] Training epoch 1/14, current best R: 0.9979

	** New best
	Reward: 0.9978561225233493
	Count Off-policy: False
	Count On-policy: True
	Originally on Policy: True
	Invalid: False
	Traversal: add,inv,div,div,inv,add,mul,x1,inv,mul,add,inv,mul,x1,x1,0.0006387125263801117,0.8633205611546636,x1,x1,x1,14.231557946896967
	Expression:
	    2 ⎛                         x₁                    ⎞                     
	  x₁ ⋅⎜x₁ + ──────────────────────────────────────────⎟ + 14.231557946896967
	      ⎜                             0.8633205611546636⎟                     
	      ⎜     0.0005514136566909909 + ──────────────────⎟                     
	      ⎜                                      2        ⎟                     
	      ⎝                                    x₁         ⎠                     

[00:00:00:21.86] Training epoch 2/14, current best R: 0.9999

	** New best
	Reward: 0.9999237229936258
	Count Off-policy: False
	Count On-policy: True
	Originally on Policy: True
	Invalid: False
	Traversal: mul,mul,sub,add,x1,sub,mul,x1,mul,x1,mul,x1,mul,mul,add,1.035012683402929,x1,0.32943609026232873,x1,0.03651317546509365,0.03651280742012655,1.740090360929921,1.7400604481382735
	Expression:
	                       4                                                        
	  3.0278624132408084⋅x₁ ⋅(0.32943609026232873⋅x₁ + 0.34097053179218239) + 3.0278

                                     
	  624132408084⋅x₁ - 0.22111262876812481

[00:00:01:19.16] Training epoch 8/14, current best R: 0.9999

	** New best
	Reward: 0.9999381581922788
	Count Off-policy: False
	Count On-policy: True
	Originally on Policy: True
	Invalid: False
	Traversal: sub,mul,mul,add,add,sub,mul,sub,sub,div,x1,1.1015598718660415,div,mul,mul,-8.463560465390744,x1,x1,8.425911665994679,0.4119911337100645,x1,x1,x1,x1,x1,x1,-1.1023179585746963
	Expression:
	    2 ⎛   ⎛                    2                                              ⎞ 
	  x₁ ⋅⎝x₁⋅⎝1.004468216721047⋅x₁  + 0.90780358429905479⋅x₁ - 0.4119911337100645⎠ 

	      ⎞                     
	  + x₁⎠ + 1.1023179585746963

[00:00:01:30.93] Training epoch 9/14, current best R: 1.0000

	** New best
	Reward: 0.9999714584618872
	Count Off-policy: False
	Count On-policy: True
	Originally on Policy: True
	Invalid: False
	Traversal: mul,mul,add,mul,div,mul,add,add,add,add,x1,div,div,x1,1.6735676689709533,x1,0.13066849863715319,0.1306684986371432,0.1306684986371696,x1,0.9992861422258086,x1,1.3761383094229742,x1,x1
	Expression:
	    2 ⎛                   2                                                ⎞
	  x₁ ⋅⎝1.00071436773115⋅x₁ ⋅(x₁ + 0.98953137941212063) + 1.3761383094229742⎠

[00:00:01:40.95] Training epoch 10/14, current best R: 1.0000
[00:00:02:03.26] Training epoch 12/14, current best R: 1.0000

	** New best
	Reward: 0.9999858601172552
	Count Off-policy: False
	Count On-policy: True
	Originally on Policy: True
	Invalid: False
	Traversal: mul,mul,sub,x1,add,mul,mul,mul,sub,div,div,sub,mul,-1.0358078420091255,mul,x1,add,x1,-2.2070293934447855,x1,x1,x1,x1,x1,0.9985622899732524,x1,-1.9404403951821663,x1,x1
	Expression:
	    2 ⎛                       2 ⎛      -1.0358078420091255⋅x₁⋅(x₁ - 2.2070293934
	  x₁ ⋅⎜- 0.9985622899732524⋅x₁ ⋅⎜-x₁ + ─────────────────────────────────────────
	      ⎜                         ⎜                                 2             
	      ⎝                         ⎝                               x₁              

	  447855) - x₁⎞                          ⎞
	  ────────────⎟ + x₁ + 1.9404403951821663⎟
	              ⎟                          ⎟
	              ⎠                          ⎠

[00:00:02:25.67] Training epoch 14/14, current best R: 1.0000

	** New best
	Reward: 0.9999998283316355
	Count Off-policy: False
	Count On-policy: True
	Originally on Policy: True
	Invalid: False
	Traversal: mul,div,x1,div,x1,div,sub,mul,add,sub,mul,x1,mul,add,x1,0.9999880134635297,x1,0.5001630999216184,1.500215394822059,x1,-1.0016209894463666,0.9999991143937319,x1
	Expression:
	     ⎛                     ⎛  2                                              ⎞  
	  x₁⋅⎝1.000000885607052⋅x₁⋅⎝x₁ ⋅(x₁ + 0.9999880134635297) + 1.000052294900441⎠ +

	                     ⎞
	   1.0016218764889787⎠

[00:00:02:25.68] Early stopping criteria met; breaking early.
-- RUNNING EPOCHS END ---------------

-- EVALUATION START ----------------
Saving Hall of Fame to ./log/regression_config_regression_PQT.json_Livermore_20.in_normal_0.0_2023-05-30-035754/dso_regression_config_regression_PQT.json_Livermore_20.in_normal_0.0_0_hof.csv
Saving Pareto Front to ./log/regression_config_regression_PQT.json_Livermore_20.in_normal_0.0_2023-05-30-035754/dso_regression_config_regression_PQT.json_Livermore_20.in_normal_0.0_0_pf.csv
Invalid expressions: 509 of 14336 (3.6%).
Error type counts:
  reciprocal: 351 (69.0%)
  true_divide: 158 (31.0%)
Error node counts:
  divide: 507 (99.6%)
  invalid: 2 (0.4%)

Priority queue entry 0:
	Reward: 0.9999998283316355
	Count Off-policy: False
	Count On-policy: True
	Originally on Policy: True
	Invalid: False
	Traversal: mul,div,x1,div,x1,div,sub,mul,add,sub,mul,x1,mul,add,x1,0.9999880134635297,x1,0.5001630999216184,1.500215394822059,x1,-1.0016209894463666,0.9999991143937319,x1
	Expression:
	     ⎛                     ⎛  2                                              ⎞  
	  x₁⋅⎝1.000000885607052⋅x₁⋅⎝x₁ ⋅(x₁ + 0.9999880134635297) + 1.000052294900441⎠ +

	                     ⎞
	   1.0016218764889787⎠


Priority queue entry 1:
	Reward: 0.9999858601172552
	Count Off-policy: False
	Count On-policy: True
	Originally on Policy: True
	Invalid: False
	Traversal: mul,mul,sub,x1,add,mul,mul,mul,sub,div,div,sub,mul,-1.0358078420091255,mul,x1,add,x1,-2.2070293934447855,x1,x1,x1,x1,x1,0.9985622899732524,x1,-1.9404403951821663,x1,x1
	Expression:
	    2 ⎛                       2 ⎛      -1.0358078420091255⋅x₁⋅(x₁ - 2.2070293934
	  x₁ ⋅⎜- 0.9985622899732524⋅x₁ ⋅⎜-x₁ + ─────────────────────────────────────────
	      ⎜                         ⎜                                 2             
	      ⎝                         ⎝                               x₁              

	  447855) - x₁⎞                          ⎞
	  ────────────⎟ + x₁ + 1.9404403951821663⎟
	              ⎟                          ⎟
	              ⎠                          ⎠


Priority queue entry 2:
	Reward: 0.9999714584618872
	Count Off-policy: False
	Count On-policy: True
	Originally on Policy: True
	Invalid: False
	Traversal: mul,mul,add,mul,div,mul,add,add,add,add,x1,div,div,x1,1.6735676689709533,x1,0.13066849863715319,0.1306684986371432,0.1306684986371696,x1,0.9992861422258086,x1,1.3761383094229742,x1,x1
	Expression:
	    2 ⎛                   2                                                ⎞
	  x₁ ⋅⎝1.00071436773115⋅x₁ ⋅(x₁ + 0.98953137941212063) + 1.3761383094229742⎠


Priority queue entry 3:
	Reward: 0.9999381581922788
	Count Off-policy: False
	Count On-policy: True
	Originally on Policy: True
	Invalid: False
	Traversal: sub,mul,mul,add,add,sub,mul,sub,sub,div,x1,1.1015598718660415,div,mul,mul,-8.463560465390744,x1,x1,8.425911665994679,0.4119911337100645,x1,x1,x1,x1,x1,x1,-1.1023179585746963
	Expression:
	    2 ⎛   ⎛                    2                                              ⎞ 
	  x₁ ⋅⎝x₁⋅⎝1.004468216721047⋅x₁  + 0.90780358429905479⋅x₁ - 0.4119911337100645⎠ 

	      ⎞                     
	  + x₁⎠ + 1.1023179585746963


Priority queue entry 4:
	Reward: 0.9999237229936258
	Count Off-policy: False
	Count On-policy: True
	Originally on Policy: True
	Invalid: False
	Traversal: mul,mul,sub,add,x1,sub,mul,x1,mul,x1,mul,x1,mul,mul,add,1.035012683402929,x1,0.32943609026232873,x1,0.03651317546509365,0.03651280742012655,1.740090360929921,1.7400604481382735
	Expression:
	                       4                                                        
	  3.0278624132408084⋅x₁ ⋅(0.32943609026232873⋅x₁ + 0.34097053179218239) + 3.0278

                                     
	  624132408084⋅x₁ - 0.22111262876812481


Priority queue entry 5:
	Reward: 0.9999151243196058
	Count Off-policy: False
	Count On-policy: True
	Originally on Policy: True
	Invalid: False
	Traversal: mul,mul,mul,mul,x1,add,-0.6476379781937511,sub,x1,mul,add,x1,sub,sub,1.9440048987008725,sub,0.055126264190290195,x1,x1,x1,-1.0052834398365629,x1,x1
	Expression:
	                        3                                                       
	  -1.0052834398365629⋅x₁ ⋅(-x₁⋅(x₁ + 1.8888786345105823) + x₁ - 0.64763797819375

   
	  11)


Priority queue entry 6:
	Reward: 0.9998864414409775
	Count Off-policy: False
	Count On-policy: True
	Originally on Policy: True
	Invalid: False
	Traversal: mul,mul,x1,x1,sub,x1,sub,mul,x1,add,mul,mul,-1.0082551109460904,x1,sub,x1,-1.8204844450412658,x1,-0.6166901227206889
	Expression:
	    2                                                                           
	  x₁ ⋅(-x₁⋅(-1.0082551109460904⋅x₁⋅(x₁ + 1.8204844450412658) + x₁) + x₁ - 0.6166

             
	  901227206889)


Priority queue entry 7:
	Reward: 0.9998503065260159
	Count Off-policy: False
	Count On-policy: True
	Originally on Policy: True
	Invalid: False
	Traversal: sub,mul,mul,x1,sub,mul,sub,add,add,mul,add,mul,inv,add,x1,div,351.9766695703309,x1,-286.5043830467304,x1,31.045940259356822,-6.58199179239286,x1,8.591071056662974,x1,-16.14079906382788,x1,x1
	Expression:
	    2 ⎛   ⎛                                              8894.7979601126756  ⎞  
	  x₁ ⋅⎜x₁⋅⎜32.045940259356822⋅x₁ - 15.17306284905583 - ──────────────────────⎟ +
	      ⎜   ⎜                                                 351.9766695703309⎟  
	      ⎜   ⎜                                            x₁ + ─────────────────⎟  
	      ⎝   ⎝                                                         x₁       ⎠  

	                    ⎞     
	   16.14079906382788⎟ - x₁
	                    ⎟     
	                    ⎟     
	                    ⎠     


Priority queue entry 8:
	Reward: 0.9998058229271248
	Count Off-policy: False
	Count On-policy: True
	Originally on Policy: True
	Invalid: False
	Traversal: mul,div,div,add,mul,mul,x1,mul,x1,x1,div,add,mul,sub,sub,1.3425563559454863,sub,0.644583231802845,x1,0.6445832318096759,x1,x1,1.2559952017147813,x1,0.6387858343978161,0.6387858319167313,0.5104148185334375
	Expression:
	                      3                                                         
	  1.250871572229431⋅x₁ ⋅(0.79618138559345055⋅x₁⋅(x₁ + 0.053389892332965351) + 0.

                                            
	  79618138559345055⋅x₁) + 1.250871572229431⋅x₁


Priority queue entry 9:
	Reward: 0.9997600825357384
	Count Off-policy: False
	Count On-policy: True
	Originally on Policy: True
	Invalid: False
	Traversal: sub,mul,-0.9953333670381819,mul,mul,mul,mul,sub,sub,inv,add,mul,mul,div,x1,8.140236078579205e-05,sub,3.9509105997849923,x1,0.5763207937896617,x1,x1,1.0607262781342153,x1,x1,x1,x1,-2.9682837555549835
	Expression:
	                         4 ⎛                                                    
	  - 0.9953333670381819⋅x₁ ⋅⎜-x₁ - 1.0607262781342153 + ─────────────────────────
	                           ⎝                           7079.902698476192⋅x₁⋅(3.9

	  1                         ⎞                     
	  ──────────────────────────⎟ + 2.9682837555549835
	  509105997849923 - x₁) + x₁⎠                     

-- EVALUATION END ------------------
== TRAINING SEED 0 END ==============
INFO: Completed run 1 of 1 in 147 s

== POST-PROCESS START =================
-- LOADING LOGS START ----------------
Successfully loaded summary data
Successfully loaded Hall of Fame data
Successfully loaded Pareto Front data
-- LOADING LOGS END ------------------

-- ANALYZING LOG START --------------
Task_____________regression
Source path______./log/regression_config_regression_PQT.json_Livermore_20.in_normal_0.0_2023-05-30-035754
Runs_____________1
Max Samples/run__15000
Success_rate_____1.0
Hall of Fame (Top 5 of 100)____
    0: S=000 R=1.000000 <-- [x1*(1.000000885607052*x1*(x1**2*(x1 + 0.9999880134635297) + 1.000052294900441) + 1.0016218764889787)]
    1: S=000 R=0.999986 <-- [x1**2*(-0.9985622899732524*x1**2*(-x1 + (-1.0358078420091255*x1*(x1 - 2.2070293934447855) - x1)/x1**2) + x1 + 1.9404403951821663)]
    2: S=000 R=0.999971 <-- [x1**2*(1.00071436773115*x1**2*(x1 + 0.98953137941212063) + 1.3761383094229742)]
    3: S=000 R=0.999939 <-- [x1**2*(-1.0043730844254253*x1*(0.09410741974038427 - x1)*(x1 + (x1 - 0.3301927043451556)/x1) + x1) + 1.0901585353540684]
    4: S=000 R=0.999938 <-- [x1**2*(x1*(1.004468216721047*x1**2 + 0.90780358429905479*x1 - 0.4119911337100645) + x1) + 1.1023179585746963]
  Saving Hall of Fame plot to ./log/regression_config_regression_PQT.json_Livermore_20.in_normal_0.0_2023-05-30-035754/dso_regression_config_regression_PQT.json_Livermore_20.in_normal_0.0_plot_hof.png
Pareto Front (5 of 12)____
    0: S=000 R=1.000000 C=26.00 <-- [x1*(1.000000885607052*x1*(x1**2*(x1 + 0.9999880134635297) + 1.000052294900441) + 1.0016218764889787)]
    1: S=000 R=0.999939 C=25.00 <-- [x1**2*(-1.0043730844254253*x1*(0.09410741974038427 - x1)*(x1 + (x1 - 0.3301927043451556)/x1) + x1) + 1.0901585353540684]
    2: S=000 R=0.999928 C=24.00 <-- [x1*(x1**2*(x1*(0.9978374534538141*x1 - 0.9712413938803564) + 2*x1) + 3.365692280796341)]
    3: S=000 R=0.999924 C=23.00 <-- [3.0278624132408084*x1**4*(0.32943609026232873*x1 + 0.34097053179218239) + 3.0278624132408084*x1 - 0.22111262876812481]
    4: S=000 R=0.999886 C=19.00 <-- [x1**2*(-x1*(-1.0082551109460904*x1*(x1 + 1.8204844450412658) + x1) + x1 - 0.6166901227206889)]
  Saving Pareto Front plot to ./log/regression_config_regression_PQT.json_Livermore_20.in_normal_0.0_2023-05-30-035754/dso_regression_config_regression_PQT.json_Livermore_20.in_normal_0.0_plot_pf.png
-- ANALYZING LOG END ----------------
== POST-PROCESS END ===================
