['mul', 'pow', 'X_4', 0.5, 'add', 'mul', 2, 'X_0', 'mul', 'pow', 'X_5', -1, 'cos', 'mul', 'X_0', 'add', -3.49, 'add', 'X_2', 'add', 'mul', -1, 'log', 'X_2', 'mul', 'X_2', 'mul', 'X_3', 'exp', 'mul', 'X_0', 'X_1']
--------------------
eq_name 	 Livermore2_Vars6_18
num_vars 	 6
vars_range_and_types 	 [{"name": "LogUniform", "range": [0.1, 10], "only_positive": true}, {"name": "LogUniform", "range": [0.1, 10], "only_positive": true}, {"name": "LogUniform", "range": [0.1, 10], "only_positive": true}, {"name": "LogUniform", "range": [0.1, 10], "only_positive": true}, {"name": "LogUniform", "range": [0.1, 10], "only_positive": true}, {"name": "LogUniform", "range": [0.1, 10], "only_positive": true}]
function_set 	 ['add', 'sub', 'mul', 'div', 'sqrt', 'n2', 'log', 'exp', 'sin', 'cos', 'const']
eq_expression 	 mul,pow,X_4,0.5,add,mul,2,X_0,mul,pow,X_5,-1,cos,mul,X_0,add,-3.49,add,X_2,add,mul,-1,log,X_2,mul,X_2,mul,X_3,exp,mul,X_0,X_1
expr 	 sqrt(X_4)*(2*X_0 + cos(X_0*(X_2*X_3*exp(X_0*X_1) + X_2 - log(X_2) - 3.49))/X_5)
--------------------

== EXPERIMENT SETUP START ===========
Task type            : regression
Starting seed        : 0
Runs                 : 1
== EXPERIMENT SETUP END =============

== TRAINING SEED 0 START ============
self.dataX <dso.symbolic_data_generator.DataX object at 0x2acad15650f0>, self.data_query_oracle: <dso.symbolic_equation_evaluator_public.Equation_evaluator object at 0x2acaf0606cf8>
generate dataset!
-- BUILDING PRIOR START -------------
WARNING: Skipping invalid 'RelationalConstraint' with arguments {'targets': [], 'effectors': [], 'relationship': None}. Reason: Prior disabled.
WARNING: Skipping invalid 'TrigConstraint' with arguments {}. Reason: There are no target Tokens.
WARNING: Skipping invalid 'UniformArityPrior' with arguments {}. Reason: Prior disabled.
WARNING: Skipping invalid 'LanguageModelPrior' with arguments {'weight': None}. Reason: Prior disabled.
LengthConstraint: Sequences have minimum length 4.
                  Sequences have maximum length 256.
RepeatConstraint: [const] cannot occur more than 10 times.
RelationalConstraint: [inv] cannot be a child of [inv].
ConstConstraint: [const] cannot be the only unique child of [inv, add, sub, mul, div].
NoInputsConstraint: Sequences contain at least one input variable Token.
SoftLengthPrior: No description available.
-- BUILDING PRIOR END ---------------

-- RUNNING EPOCHS START -------------
[00:00:00:03.53] Training epoch 1/14, current best R: 0.6155

	** New best
	Reward: 0.6154788300865226
	Count Off-policy: False
	Count On-policy: True
	Originally on Policy: True
	Invalid: False
	Traversal: add,x5,div,x1,add,0.4823797009822895,sub,x6,x6
	Expression:
	  2.073055723455318⋅x₁ + x₅

[00:00:00:05.65] Training epoch 2/14, current best R: 0.6637

	** New best
	Reward: 0.6636909841434505
	Count Off-policy: False
	Count On-policy: True
	Originally on Policy: True
	Invalid: False
	Traversal: sub,2.674774868732489,add,mul,x4,0.06526038582555985,mul,mul,-0.7543092231500443,x1,x5
	Expression:
	  0.7543092231500443⋅x₁⋅x₅ - 0.06526038582555985⋅x₄ + 2.674774868732489

[00:00:00:12.09] Training epoch 5/14, current best R: 0.6850

	** New best
	Reward: 0.6850412362257171
	Count Off-policy: False
	Count On-policy: True
	Originally on Policy: True
	Invalid: False
	Traversal: mul,x1,mul,-0.6172765165102247,sub,-1.9081801238496197,x5
	Expression:
	  x₁⋅(0.6172765165102247⋅x₅ + 1.1778747797239424)

[00:00:00:22.75] Training epoch 10/14, current best R: 0.6850
[00:00:00:24.87] Training epoch 11/14, current best R: 0.6922

	** New best
	Reward: 0.6921634341982088
	Count Off-policy: False
	Count On-policy: True
	Originally on Policy: True
	Invalid: False
	Traversal: add,x1,mul,add,-0.36732861893123214,mul,x1,-0.5413544153657626,sub,-0.3104259144444761,x5
	Expression:
	  x₁ + (-0.5413544153657626⋅x₁ - 0.36732861893123214)⋅(-x₅ - 0.3104259144444761)

[00:00:00:32.09] Ending training after epoch 14/14, current best R: 0.6922
-- RUNNING EPOCHS END ---------------

-- EVALUATION START ----------------
Saving Hall of Fame to ./log/regression_config_regression_PQT.json_Livermore2_Vars6_18.in_normal_0.0_2023-05-30-035206/dso_regression_config_regression_PQT.json_Livermore2_Vars6_18.in_normal_0.0_0_hof.csv
Saving Pareto Front to ./log/regression_config_regression_PQT.json_Livermore2_Vars6_18.in_normal_0.0_2023-05-30-035206/dso_regression_config_regression_PQT.json_Livermore2_Vars6_18.in_normal_0.0_0_pf.csv
Invalid expressions: 178 of 14336 (1.2%).
Error type counts:
  reciprocal: 80 (44.9%)
  true_divide: 98 (55.1%)
Error node counts:
  divide: 178 (100.0%)

Priority queue entry 0:
	Reward: 0.6921634341982088
	Count Off-policy: False
	Count On-policy: True
	Originally on Policy: True
	Invalid: False
	Traversal: add,x1,mul,add,-0.36732861893123214,mul,x1,-0.5413544153657626,sub,-0.3104259144444761,x5
	Expression:
	  x₁ + (-0.5413544153657626⋅x₁ - 0.36732861893123214)⋅(-x₅ - 0.3104259144444761)


Priority queue entry 1:
	Reward: 0.6850412362257171
	Count Off-policy: False
	Count On-policy: True
	Originally on Policy: True
	Invalid: False
	Traversal: mul,x1,mul,-0.6172765165102247,sub,-1.9081801238496197,x5
	Expression:
	  x₁⋅(0.6172765165102247⋅x₅ + 1.1778747797239424)


Priority queue entry 2:
	Reward: 0.6636909841434505
	Count Off-policy: False
	Count On-policy: True
	Originally on Policy: True
	Invalid: False
	Traversal: sub,2.674774868732489,add,mul,x4,0.06526038582555985,mul,mul,-0.7543092231500443,x1,x5
	Expression:
	  0.7543092231500443⋅x₁⋅x₅ - 0.06526038582555985⋅x₄ + 2.674774868732489


Priority queue entry 3:
	Reward: 0.6439113160307359
	Count Off-policy: False
	Count On-policy: True
	Originally on Policy: True
	Invalid: False
	Traversal: mul,0.3115776670768582,add,mul,sub,sub,x1,0.39342243619829426,add,0.39342243619829764,sub,mul,-1.4973842644645752,x1,1.6065776261306803,x5,x3
	Expression:
	  0.3115776670768582⋅x₃ + 0.3115776670768582⋅x₅⋅(2.4973842644645752⋅x₁ + 0.81973
	  27537340884)


Priority queue entry 4:
	Reward: 0.6348827138394467
	Count Off-policy: False
	Count On-policy: True
	Originally on Policy: True
	Invalid: False
	Traversal: mul,mul,add,add,div,x1,sub,x1,x5,mul,2083.0570114869656,x1,add,x4,x1,x5,0.0004107417835663204
	Expression:
	                           ⎛                           x₁       ⎞
	  0.0004107417835663204⋅x₅⋅⎜2084.0570114869656⋅x₁ + ─────── + x₄⎟
	                           ⎝                        x₁ - x₅     ⎠


Priority queue entry 5:
	Reward: 0.6348628351836049
	Count Off-policy: False
	Count On-policy: True
	Originally on Policy: True
	Invalid: False
	Traversal: inv,div,1.167856237758445,mul,x5,x1
	Expression:
	  0.8562697767658251⋅x₁⋅x₅


Priority queue entry 6:
	Reward: 0.6348439311741277
	Count Off-policy: False
	Count On-policy: True
	Originally on Policy: True
	Invalid: False
	Traversal: mul,0.0002643961848511058,sub,mul,mul,x1,3237.0252829355977,x5,x1
	Expression:
	  0.85585713507474334⋅x₁⋅x₅ - 0.0002643961848511058⋅x₁


Priority queue entry 7:
	Reward: 0.6330386628767666
	Count Off-policy: False
	Count On-policy: True
	Originally on Policy: True
	Invalid: False
	Traversal: sub,mul,x1,x5,-1.4064101002039502
	Expression:
	  x₁⋅x₅ + 1.4064101002039502


Priority queue entry 8:
	Reward: 0.633038660241838
	Count Off-policy: False
	Count On-policy: True
	Originally on Policy: True
	Invalid: False
	Traversal: add,div,x6,mul,div,inv,x5,x1,x6,1.4071207926169413
	Expression:
	  x₁⋅x₅ + 1.4071207926169413


Priority queue entry 9:
	Reward: 0.6237437935091944
	Count Off-policy: False
	Count On-policy: True
	Originally on Policy: True
	Invalid: False
	Traversal: inv,add,x6,sub,inv,mul,x5,x1,x6
	Expression:
	  x₁⋅x₅

-- EVALUATION END ------------------
== TRAINING SEED 0 END ==============
INFO: Completed run 1 of 1 in 34 s

== POST-PROCESS START =================
-- LOADING LOGS START ----------------
Successfully loaded summary data
Successfully loaded Hall of Fame data
Successfully loaded Pareto Front data
-- LOADING LOGS END ------------------

-- ANALYZING LOG START --------------
Task_____________regression
Source path______./log/regression_config_regression_PQT.json_Livermore2_Vars6_18.in_normal_0.0_2023-05-30-035206
Runs_____________1
Max Samples/run__15000
Success_rate_____0.0
Hall of Fame (Top 5 of 100)____
    0: S=000 R=0.692163 <-- [x1 + (-0.5413544153657626*x1 - 0.36732861893123214)*(-x5 - 0.3104259144444761)]
    1: S=000 R=0.685041 <-- [x1*(0.6172765165102247*x5 + 1.1778747797239424)]
    2: S=000 R=0.663691 <-- [0.7543092231500443*x1*x5 - 0.06526038582555985*x4 + 2.674774868732489]
    3: S=000 R=0.643911 <-- [0.3115776670768582*x3 + 0.3115776670768582*x5*(2.4973842644645752*x1 + 0.8197327537340884)]
    4: S=000 R=0.637187 <-- [0.0027908462110261493*x1*(x2**2*x6 + 301.93903103735977*x5)]
  Saving Hall of Fame plot to ./log/regression_config_regression_PQT.json_Livermore2_Vars6_18.in_normal_0.0_2023-05-30-035206/dso_regression_config_regression_PQT.json_Livermore2_Vars6_18.in_normal_0.0_plot_hof.png
Pareto Front (3 of 3)____
    0: S=000 R=0.692163 C=11.00 <-- [x1 + (-0.5413544153657626*x1 - 0.36732861893123214)*(-x5 - 0.3104259144444761)]
    1: S=000 R=0.685041 C=7.00 <-- [x1*(0.6172765165102247*x5 + 1.1778747797239424)]
    2: S=000 R=0.633039 C=5.00 <-- [x1*x5 + 1.4064101002039502]
  Saving Pareto Front plot to ./log/regression_config_regression_PQT.json_Livermore2_Vars6_18.in_normal_0.0_2023-05-30-035206/dso_regression_config_regression_PQT.json_Livermore2_Vars6_18.in_normal_0.0_plot_pf.png
-- ANALYZING LOG END ----------------
== POST-PROCESS END ===================
