['add', 'X_0', 'add', 'mul', -1, 'X_2', 'add', 'mul', -1, 'X_3', 'add', 'mul', -1, 'X_4', 'add', 'mul', 4.53, 'mul', 'X_0', 'X_1', 'mul', -1, 'mul', 'X_0', 'mul', 'pow', 'X_1', -1, 'cos', 'pow', 'X_1', 0.5]
--------------------
eq_name 	 Livermore2_Vars5_19
num_vars 	 5
vars_range_and_types 	 [{"name": "LogUniform", "range": [0.1, 10], "only_positive": true}, {"name": "LogUniform", "range": [0.1, 10], "only_positive": true}, {"name": "LogUniform", "range": [0.1, 10], "only_positive": true}, {"name": "LogUniform", "range": [0.1, 10], "only_positive": true}, {"name": "LogUniform", "range": [0.1, 10], "only_positive": true}]
function_set 	 ['add', 'sub', 'mul', 'div', 'sqrt', 'sin', 'cos', 'const']
eq_expression 	 add,X_0,add,mul,-1,X_2,add,mul,-1,X_3,add,mul,-1,X_4,add,mul,4.53,mul,X_0,X_1,mul,-1,mul,X_0,mul,pow,X_1,-1,cos,pow,X_1,0.5
expr 	 4.53*X_0*X_1 + X_0 - X_0*cos(sqrt(X_1))/X_1 - X_2 - X_3 - X_4
--------------------

== EXPERIMENT SETUP START ===========
Task type            : regression
Starting seed        : 0
Runs                 : 1
== EXPERIMENT SETUP END =============

== TRAINING SEED 0 START ============
self.dataX <dso.symbolic_data_generator.DataX object at 0x2b73aa651080>, self.data_query_oracle: <dso.symbolic_equation_evaluator_public.Equation_evaluator object at 0x2b7390ea0cf8>
generate dataset!
-- BUILDING PRIOR START -------------
WARNING: Skipping invalid 'RelationalConstraint' with arguments {'targets': [], 'effectors': [], 'relationship': None}. Reason: Prior disabled.
WARNING: Skipping invalid 'TrigConstraint' with arguments {}. Reason: There are no target Tokens.
WARNING: Skipping invalid 'UniformArityPrior' with arguments {}. Reason: Prior disabled.
WARNING: Skipping invalid 'LanguageModelPrior' with arguments {'weight': None}. Reason: Prior disabled.
LengthConstraint: Sequences have minimum length 4.
                  Sequences have maximum length 256.
RepeatConstraint: [const] cannot occur more than 10 times.
RelationalConstraint: [inv] cannot be a child of [inv].
ConstConstraint: [const] cannot be the only unique child of [inv, add, sub, mul, div].
NoInputsConstraint: Sequences contain at least one input variable Token.
SoftLengthPrior: No description available.
-- BUILDING PRIOR END ---------------

-- RUNNING EPOCHS START -------------
[00:00:00:03.62] Training epoch 1/14, current best R: 0.7839

	** New best
	Reward: 0.7838516197082199
	Count Off-policy: False
	Count On-policy: True
	Originally on Policy: True
	Invalid: False
	Traversal: mul,x2,add,div,mul,add,div,x1,div,0.12518381476041043,x2,-22.22738944476658,0.5664164992459159,x2,x5
	Expression:
	     ⎛     4.5246783725993783⋅x₁⋅x₂ - 12.58996011668031⎞
	  x₂⋅⎜x₅ + ────────────────────────────────────────────⎟
	     ⎝                          x₂                     ⎠

[00:00:00:07.03] Training epoch 2/14, current best R: 0.8399

	** New best
	Reward: 0.8399009050979318
	Count Off-policy: False
	Count On-policy: True
	Originally on Policy: True
	Invalid: False
	Traversal: div,add,x2,-0.6166878035887544,div,0.19707793945357244,x1
	Expression:
	  5.0741346432413847⋅x₁⋅(x₂ - 0.6166878035887544)

[00:00:00:20.78] Training epoch 7/14, current best R: 0.8473

	** New best
	Reward: 0.8473272318766552
	Count Off-policy: False
	Count On-policy: True
	Originally on Policy: True
	Invalid: False
	Traversal: sub,0.4730925874373912,mul,add,div,-2.0335399782416475,x1,x2,mul,x1,-4.8150022003387525
	Expression:
	                        ⎛     2.0335399782416475⎞                     
	  4.8150022003387525⋅x₁⋅⎜x₂ - ──────────────────⎟ + 0.4730925874373912
	                        ⎝             x₁        ⎠                     

[00:00:00:30.52] Training epoch 10/14, current best R: 0.8473
[00:00:00:40.37] Training epoch 13/14, current best R: 0.8494

	** New best
	Reward: 0.8493522807382028
	Count Off-policy: False
	Count On-policy: True
	Originally on Policy: True
	Invalid: False
	Traversal: sub,inv,x5,add,div,add,x3,mul,629.8416729935092,mul,x2,x1,sub,-128.7583726596497,x4,11.462693667473124
	Expression:
	                        629.8416729935092⋅x₁⋅x₂ + x₃   1 
	  -11.462693667473124 - ──────────────────────────── + ──
	                          -x₄ - 128.7583726596497      x₅

[00:00:00:43.78] Ending training after epoch 14/14, current best R: 0.8494
-- RUNNING EPOCHS END ---------------

-- EVALUATION START ----------------
Saving Hall of Fame to ./log/regression_config_regression_PQT.json_Livermore2_Vars5_19.in_normal_0.0_2023-05-30-034604/dso_regression_config_regression_PQT.json_Livermore2_Vars5_19.in_normal_0.0_0_hof.csv
Saving Pareto Front to ./log/regression_config_regression_PQT.json_Livermore2_Vars5_19.in_normal_0.0_2023-05-30-034604/dso_regression_config_regression_PQT.json_Livermore2_Vars5_19.in_normal_0.0_0_pf.csv
Invalid expressions: 206 of 14336 (1.4%).
Error type counts:
  reciprocal: 93 (45.1%)
  true_divide: 113 (54.9%)
Error node counts:
  divide: 206 (100.0%)

Priority queue entry 0:
	Reward: 0.8493522807382028
	Count Off-policy: False
	Count On-policy: True
	Originally on Policy: True
	Invalid: False
	Traversal: sub,inv,x5,add,div,add,x3,mul,629.8416729935092,mul,x2,x1,sub,-128.7583726596497,x4,11.462693667473124
	Expression:
	                        629.8416729935092⋅x₁⋅x₂ + x₃   1 
	  -11.462693667473124 - ──────────────────────────── + ──
	                          -x₄ - 128.7583726596497      x₅


Priority queue entry 1:
	Reward: 0.8473272318766552
	Count Off-policy: False
	Count On-policy: True
	Originally on Policy: True
	Invalid: False
	Traversal: sub,0.4730925874373912,mul,add,div,-2.0335399782416475,x1,x2,mul,x1,-4.8150022003387525
	Expression:
	                        ⎛     2.0335399782416475⎞                     
	  4.8150022003387525⋅x₁⋅⎜x₂ - ──────────────────⎟ + 0.4730925874373912
	                        ⎝             x₁        ⎠                     


Priority queue entry 2:
	Reward: 0.8420273368755246
	Count Off-policy: False
	Count On-policy: True
	Originally on Policy: True
	Invalid: False
	Traversal: mul,5.057823767174852,div,x1,inv,sub,-0.5267325250758872,sub,div,x5,add,x2,add,sub,23.426255038186245,x1,x1,x2
	Expression:
	                       ⎛                x₅                               ⎞
	  5.057823767174852⋅x₁⋅⎜x₂ - ─────────────────────── - 0.5267325250758872⎟
	                       ⎝     x₂ + 23.426255038186245                     ⎠


Priority queue entry 3:
	Reward: 0.8401322706191869
	Count Off-policy: False
	Count On-policy: True
	Originally on Policy: True
	Invalid: False
	Traversal: sub,sub,inv,mul,div,x2,mul,4.732972666019276,x1,div,inv,x2,x2,x3,x1
	Expression:
	  4.732972666019276⋅x₁⋅x₂ - x₁ - x₃


Priority queue entry 4:
	Reward: 0.8399009050979318
	Count Off-policy: False
	Count On-policy: True
	Originally on Policy: True
	Invalid: False
	Traversal: div,add,x2,-0.6166878035887544,div,0.19707793945357244,x1
	Expression:
	  5.0741346432413847⋅x₁⋅(x₂ - 0.6166878035887544)


Priority queue entry 5:
	Reward: 0.8399009050972195
	Count Off-policy: False
	Count On-policy: True
	Originally on Policy: True
	Invalid: False
	Traversal: div,mul,x1,5.074133343625018,inv,add,-0.6166856502105669,x2
	Expression:
	  5.074133343625018⋅x₁⋅(x₂ - 0.6166856502105669)


Priority queue entry 6:
	Reward: 0.8357933715661733
	Count Off-policy: False
	Count On-policy: True
	Originally on Policy: True
	Invalid: False
	Traversal: sub,x1,sub,12.333864855683723,add,x2,mul,x2,sub,mul,1.6328306458787312,inv,div,0.29490395999978053,x1,x1
	Expression:
	  4.5368217024957765⋅x₁⋅x₂ + x₁ + x₂ - 12.333864855683723


Priority queue entry 7:
	Reward: 0.8324658183814544
	Count Off-policy: False
	Count On-policy: True
	Originally on Policy: True
	Invalid: False
	Traversal: add,add,-11.489334224956192,x5,mul,mul,x2,x1,4.815656189906904
	Expression:
	  4.815656189906904⋅x₁⋅x₂ + x₅ - 11.489334224956192


Priority queue entry 8:
	Reward: 0.8243561846149474
	Count Off-policy: False
	Count On-policy: True
	Originally on Policy: True
	Invalid: False
	Traversal: mul,add,x2,sub,sub,sub,div,sub,mul,div,mul,x2,1.7024404244121836,0.2984367460348342,x1,x4,x2,x1,x2,0.8534392999405094,x2
	Expression:
	     ⎛                           5.7045268286549103⋅x₁⋅x₂ - x₄⎞
	  x₂⋅⎜-x₁ - 0.8534392999405094 + ─────────────────────────────⎟
	     ⎝                                         x₂             ⎠


Priority queue entry 9:
	Reward: 0.8097803296431175
	Count Off-policy: False
	Count On-policy: True
	Originally on Policy: True
	Invalid: False
	Traversal: add,x3,mul,x5,sub,mul,mul,x1,add,-0.04645792840039687,div,sub,0.614093519161752,x2,x5,-5.083916660652523,x4
	Expression:
	          ⎛                       ⎛                       0.614093519161752 - x₂
	  x₃ + x₅⋅⎜- 5.083916660652523⋅x₁⋅⎜-0.04645792840039687 + ──────────────────────
	          ⎝                       ⎝                                 x₅          

	  ⎞     ⎞
	  ⎟ - x₄⎟
	  ⎠     ⎠

-- EVALUATION END ------------------
== TRAINING SEED 0 END ==============
INFO: Completed run 1 of 1 in 45 s

== POST-PROCESS START =================
-- LOADING LOGS START ----------------
Successfully loaded summary data
Successfully loaded Hall of Fame data
Successfully loaded Pareto Front data
-- LOADING LOGS END ------------------

-- ANALYZING LOG START --------------
Task_____________regression
Source path______./log/regression_config_regression_PQT.json_Livermore2_Vars5_19.in_normal_0.0_2023-05-30-034604
Runs_____________1
Max Samples/run__15000
Success_rate_____0.0
Hall of Fame (Top 5 of 100)____
    0: S=000 R=0.849352 <-- [-11.462693667473124 - (629.8416729935092*x1*x2 + x3)/(-x4 - 128.7583726596497) + 1/x5]
    1: S=000 R=0.847327 <-- [4.8150022003387525*x1*(x2 - 2.0335399782416475/x1) + 0.4730925874373912]
    2: S=000 R=0.842027 <-- [5.057823767174852*x1*(x2 - x5/(x2 + 23.426255038186245) - 0.5267325250758872)]
    3: S=000 R=0.840132 <-- [4.732972666019276*x1*x2 - x1 - x3]
    4: S=000 R=0.839901 <-- [5.0741346432413847*x1*(x2 - 0.6166878035887544)]
  Saving Hall of Fame plot to ./log/regression_config_regression_PQT.json_Livermore2_Vars5_19.in_normal_0.0_2023-05-30-034604/dso_regression_config_regression_PQT.json_Livermore2_Vars5_19.in_normal_0.0_plot_hof.png
Pareto Front (5 of 5)____
    0: S=000 R=0.849352 C=18.00 <-- [-11.462693667473124 - (629.8416729935092*x1*x2 + x3)/(-x4 - 128.7583726596497) + 1/x5]
    1: S=000 R=0.847327 C=12.00 <-- [4.8150022003387525*x1*(x2 - 2.0335399782416475/x1) + 0.4730925874373912]
    2: S=000 R=0.839901 C=9.00 <-- [5.0741346432413847*x1*(x2 - 0.6166878035887544)]
    3: S=000 R=0.799998 C=8.00 <-- [4.451623376469721*x1*x2]
    4: S=000 R=0.621882 C=5.00 <-- [2*x1*x2]
  Saving Pareto Front plot to ./log/regression_config_regression_PQT.json_Livermore2_Vars5_19.in_normal_0.0_2023-05-30-034604/dso_regression_config_regression_PQT.json_Livermore2_Vars5_19.in_normal_0.0_plot_pf.png
-- ANALYZING LOG END ----------------
== POST-PROCESS END ===================
