['add', 'X_0', 'sin', 'add', 'X_2', 'add', 'mul', 2, 'X_1', 'add', 'mul', 2.96, 'pow', 'add', 0.94, 'add', 'mul', -0.36, 'pow', 'X_1', 3, 'mul', 'X_1', 'pow', 'X_2', 2, 0.5, 'add', 'mul', -1, 'mul', 'X_3', 'exp', 'X_0', 'log', 'mul', 'add', 'X_1', 'mul', -1, 'X_0', 'log', 'X_1']
--------------------
eq_name 	 Livermore2_Vars4_18
num_vars 	 4
vars_range_and_types 	 [{"name": "LogUniform", "range": [0.1, 10], "only_positive": true}, {"name": "LogUniform", "range": [0.1, 10], "only_positive": true}, {"name": "LogUniform", "range": [0.1, 10], "only_positive": true}, {"name": "LogUniform", "range": [0.1, 10], "only_positive": true}]
function_set 	 ['add', 'sub', 'mul', 'div', 'sqrt', 'n2', 'log', 'exp', 'sin', 'cos', 'const']
eq_expression 	 add,X_0,sin,add,X_2,add,mul,2,X_1,add,mul,2.96,pow,add,0.94,add,mul,-0.36,pow,X_1,3,mul,X_1,pow,X_2,2,0.5,add,mul,-1,mul,X_3,exp,X_0,log,mul,add,X_1,mul,-1,X_0,log,X_1
expr 	 X_0 + sin(2*X_1 + X_2 - X_3*exp(X_0) + 2.96*sqrt(-0.36*X_1**3 + X_1*X_2**2 + 0.94) + log((-X_0 + X_1)*log(X_1)))
--------------------

== EXPERIMENT SETUP START ===========
Task type            : regression
Starting seed        : 0
Runs                 : 1
== EXPERIMENT SETUP END =============

== TRAINING SEED 0 START ============
self.dataX <dso.symbolic_data_generator.DataX object at 0x2ab7956af630>, self.data_query_oracle: <dso.symbolic_equation_evaluator_public.Equation_evaluator object at 0x2ab77bf1fcf8>
generate dataset!
-- BUILDING PRIOR START -------------
WARNING: Skipping invalid 'RelationalConstraint' with arguments {'targets': [], 'effectors': [], 'relationship': None}. Reason: Prior disabled.
WARNING: Skipping invalid 'TrigConstraint' with arguments {}. Reason: There are no target Tokens.
WARNING: Skipping invalid 'UniformArityPrior' with arguments {}. Reason: Prior disabled.
WARNING: Skipping invalid 'LanguageModelPrior' with arguments {'weight': None}. Reason: Prior disabled.
LengthConstraint: Sequences have minimum length 4.
                  Sequences have maximum length 256.
RepeatConstraint: [const] cannot occur more than 10 times.
RelationalConstraint: [inv] cannot be a child of [inv].
ConstConstraint: [const] cannot be the only unique child of [inv, add, sub, mul, div].
NoInputsConstraint: Sequences contain at least one input variable Token.
SoftLengthPrior: No description available.
-- BUILDING PRIOR END ---------------

-- RUNNING EPOCHS START -------------
gen	iter	pop_size	nevals	uncached_size	best_val	timer 
0  	0   	1024    	1024  	1024         	(nan,)  	1.6499
1  	1   	1024    	787   	714          	(nan,)  	0.293315
2  	2   	1024    	772   	683          	(nan,)  	0.284966
3  	3   	1024    	771   	687          	(nan,)  	0.277059
4  	4   	1024    	789   	703          	(nan,)  	0.289932
5  	5   	1024    	768   	661          	(nan,)  	0.419903
6  	6   	1024    	790   	673          	(nan,)  	0.28784 
7  	7   	1024    	805   	687          	(nan,)  	0.295525
8  	8   	1024    	774   	665          	(nan,)  	0.291977
9  	9   	1024    	776   	658          	(nan,)  	0.284329

--------------------------------------------------
GP Time: 4.62088

Unique expressions evaluated: 8134
Total expression evaluations: 8056
--------------------------------------------------

GP -> best program this epoch:

	Reward: nan
	Count Off-policy: 1
	Count On-policy: 0
	Originally on Policy: False
	Invalid: False
	Traversal: sub,sub,inv,mul,add,inv,sub,x2,mul,add,x2,x3,x3,inv,x1,x1,x3,div,mul,x2,1.0,mul,mul,x3,mul,sub,x2,1.0,add,x4,1.0,x2
	Expression:
	                   1                            1             
	  -x₃ - ──────────────────────── + ───────────────────────────
	        x₃⋅(x₂ - 1.0)⋅(x₄ + 1.0)      ⎛        1           1 ⎞
	                                   x₁⋅⎜───────────────── + ──⎟
	                                      ⎝x₂ - x₃⋅(x₂ + x₃)   x₁⎠

None

--------------------------------------------------

