['add', 'X_0', 'add', 'mul', -1, 'X_3', 'mul', -1, 'mul', 'pow', 'X_0', -8, 'mul', 'pow', 'X_1', -2, 'mul', 'pow', 'X_2', -2, 'pow', 'add', 'mul', -1, 'X_0', 'sin', 'X_0', 4]
--------------------
eq_name 	 Livermore2_Vars4_4
num_vars 	 4
vars_range_and_types 	 [{"name": "LogUniform", "range": [0.1, 10], "only_positive": true}, {"name": "LogUniform", "range": [0.1, 10], "only_positive": true}, {"name": "LogUniform", "range": [0.1, 10], "only_positive": true}, {"name": "LogUniform", "range": [0.1, 10], "only_positive": true}]
function_set 	 ['add', 'sub', 'mul', 'div', 'const', 'pow', 'sin', 'cos']
eq_expression 	 add,X_0,add,mul,-1,X_3,mul,-1,mul,pow,X_0,-8,mul,pow,X_1,-2,mul,pow,X_2,-2,pow,add,mul,-1,X_0,sin,X_0,4
expr 	 X_0 - X_3 - (-X_0 + sin(X_0))**4/(X_0**8*X_1**2*X_2**2)
--------------------

== EXPERIMENT SETUP START ===========
Task type            : regression
Starting seed        : 0
Runs                 : 1
== EXPERIMENT SETUP END =============

== TRAINING SEED 0 START ============
self.dataX <dso.symbolic_data_generator.DataX object at 0x2b10431ec860>, self.data_query_oracle: <dso.symbolic_equation_evaluator_public.Equation_evaluator object at 0x2b102da66d68>
generate dataset!
-- BUILDING PRIOR START -------------
WARNING: Skipping invalid 'RelationalConstraint' with arguments {'targets': [], 'effectors': [], 'relationship': None}. Reason: Prior disabled.
WARNING: Skipping invalid 'TrigConstraint' with arguments {}. Reason: There are no target Tokens.
WARNING: Skipping invalid 'UniformArityPrior' with arguments {}. Reason: Prior disabled.
WARNING: Skipping invalid 'LanguageModelPrior' with arguments {'weight': None}. Reason: Prior disabled.
LengthConstraint: Sequences have minimum length 4.
                  Sequences have maximum length 256.
RepeatConstraint: [const] cannot occur more than 10 times.
RelationalConstraint: [inv] cannot be a child of [inv].
ConstConstraint: [const] cannot be the only unique child of [inv, add, sub, mul, div].
NoInputsConstraint: Sequences contain at least one input variable Token.
SoftLengthPrior: No description available.
-- BUILDING PRIOR END ---------------

-- RUNNING EPOCHS START -------------
[00:00:00:05.24] Training epoch 1/14, current best R: 0.6587

	** New best
	Reward: 0.658650564572095
	Count Off-policy: False
	Count On-policy: True
	Originally on Policy: True
	Invalid: False
	Traversal: sub,-0.41624411260848043,add,inv,mul,x1,1.0779868540163735,sub,x4,add,inv,div,mul,x4,x1,x4,x1
	Expression:
	                                  0.072344902654247915
	  x₁ - x₄ - 0.41624411260848043 + ────────────────────
	                                           x₁         

[00:00:00:09.49] Training epoch 2/14, current best R: 0.6591

	** New best
	Reward: 0.6590697523349237
	Count Off-policy: False
	Count On-policy: True
	Originally on Policy: True
	Invalid: False
	Traversal: sub,x1,sub,x4,sub,mul,div,x3,110.36274734152114,sub,sub,inv,x2,x3,-14.729253964570164,0.48921081541041284
	Expression:
	                                ⎛                           1 ⎞                 
	  x₁ + 0.0090610285090626388⋅x₃⋅⎜-x₃ + 14.729253964570164 + ──⎟ - x₄ - 0.4892108
	                                ⎝                           x₂⎠                 

          
	  1541041284
          

[00:00:00:26.68] Training epoch 6/14, current best R: 0.6656

	** New best
	Reward: 0.665580199879102
	Count Off-policy: False
	Count On-policy: True
	Originally on Policy: True
	Invalid: False
	Traversal: sub,x1,mul,inv,mul,96.79453329677985,div,sub,div,mul,0.00020819267856764934,mul,add,x3,mul,51.41413232054153,x2,x4,x4,0.0006687492501664446,x4,x2
	Expression:
	                                0.01033116195657372⋅x₂⋅x₄                       
	  x₁ - ─────────────────────────────────────────────────────────────────────────
	       0.010704045924045094⋅x₂ + 0.00020819267856764934⋅x₃ - 0.00066874925016644

  
	  ──
	  46

[00:00:00:45.89] Training epoch 10/14, current best R: 0.6656
[00:00:01:05.09] Training epoch 14/14, current best R: 0.6734

	** New best
	Reward: 0.6734350991555701
	Count Off-policy: False
	Count On-policy: True
	Originally on Policy: True
	Invalid: False
	Traversal: sub,add,sub,x1,sub,0.9102903037566924,div,x1,div,x3,sub,-0.23385497977652733,mul,x1,-0.027797369329144617,1.0897097610640019,x4
	Expression:
	       x₁⋅(0.027797369329144617⋅x₁ - 0.23385497977652733)                       
	  x₁ + ────────────────────────────────────────────────── - x₄ + 0.1794194573073
	                               x₃                                               

   
	  095
   

[00:00:01:05.11] Ending training after epoch 14/14, current best R: 0.6734
-- RUNNING EPOCHS END ---------------

-- EVALUATION START ----------------
Saving Hall of Fame to ./log/regression_config_regression_VPG.json_Livermore2_Vars4_4.in_normal_0.0_2023-05-30-041740/dso_regression_config_regression_VPG.json_Livermore2_Vars4_4.in_normal_0.0_0_hof.csv
Saving Pareto Front to ./log/regression_config_regression_VPG.json_Livermore2_Vars4_4.in_normal_0.0_2023-05-30-041740/dso_regression_config_regression_VPG.json_Livermore2_Vars4_4.in_normal_0.0_0_pf.csv
Invalid expressions: 274 of 14336 (1.9%).
Error type counts:
  reciprocal: 149 (54.4%)
  true_divide: 125 (45.6%)
Error node counts:
  divide: 273 (99.6%)
  invalid: 1 (0.4%)
-- EVALUATION END ------------------
== TRAINING SEED 0 END ==============
INFO: Completed run 1 of 1 in 67 s

== POST-PROCESS START =================
-- LOADING LOGS START ----------------
Successfully loaded summary data
Successfully loaded Hall of Fame data
Successfully loaded Pareto Front data
-- LOADING LOGS END ------------------

-- ANALYZING LOG START --------------
Task_____________regression
Source path______./log/regression_config_regression_VPG.json_Livermore2_Vars4_4.in_normal_0.0_2023-05-30-041740
Runs_____________1
Max Samples/run__15000
Success_rate_____0.0
Hall of Fame (Top 5 of 100)____
    0: S=000 R=0.673435 <-- [x1 + x1*(0.027797369329144617*x1 - 0.23385497977652733)/x3 - x4 + 0.1794194573073095]
    1: S=000 R=0.665580 <-- [x1 - 0.01033116195657372*x2*x4/(0.010704045924045094*x2 + 0.00020819267856764934*x3 - 0.0006687492501664446)]
    2: S=000 R=0.663607 <-- [x1 - x4 - 0.16368530752966787 - 47.611639482997944/(x2*x3*x4*(x1 + 4716.243437972382))]
    3: S=000 R=0.661791 <-- [x1 - 0.039552431832230256*x1/x2 - 1.0395524318322303*x4]
    4: S=000 R=0.659715 <-- [x1 + x3*(0.00012859205960272783*x4*(x3 - 264.0177071728403/x3**2) + 0.00012328989733684991) - x4]
  Saving Hall of Fame plot to ./log/regression_config_regression_VPG.json_Livermore2_Vars4_4.in_normal_0.0_2023-05-30-041740/dso_regression_config_regression_VPG.json_Livermore2_Vars4_4.in_normal_0.0_plot_hof.png
Pareto Front (4 of 4)____
    0: S=000 R=0.673435 C=19.00 <-- [x1 + x1*(0.027797369329144617*x1 - 0.23385497977652733)/x3 - x4 + 0.1794194573073095]
    1: S=000 R=0.661791 C=12.00 <-- [x1 - 0.039552431832230256*x1/x2 - 1.0395524318322303*x4]
    2: S=000 R=0.657877 C=7.00 <-- [0.9888288301534947*x1 - 0.9888288301534947*x4 - 0.26069538275837849]
    3: S=000 R=0.657044 C=5.00 <-- [x1 - 1.056522897710977*x4]
  Saving Pareto Front plot to ./log/regression_config_regression_VPG.json_Livermore2_Vars4_4.in_normal_0.0_2023-05-30-041740/dso_regression_config_regression_VPG.json_Livermore2_Vars4_4.in_normal_0.0_plot_pf.png
-- ANALYZING LOG END ----------------
== POST-PROCESS END ===================
