['mul', 'X_1', 'mul', 'pow', 'X_0', 2, 'pow', 'add', 'X_0', 'X_2', -0.25]
--------------------
eq_name 	 Livermore2_Vars3_23
num_vars 	 3
vars_range_and_types 	 [{"name": "LogUniform", "range": [0.1, 10], "only_positive": true}, {"name": "LogUniform", "range": [0.1, 10], "only_positive": true}, {"name": "LogUniform", "range": [0.1, 10], "only_positive": true}]
function_set 	 ['add', 'sub', 'mul', 'div', 'pow', 'n2', 'const']
eq_expression 	 mul,X_1,mul,pow,X_0,2,pow,add,X_0,X_2,-0.25
expr 	 X_0**2*X_1/(X_0 + X_2)**0.25
--------------------

== EXPERIMENT SETUP START ===========
Task type            : regression
Starting seed        : 0
Runs                 : 1
== EXPERIMENT SETUP END =============

== TRAINING SEED 0 START ============
self.dataX <dso.symbolic_data_generator.DataX object at 0x2ba2693d82e8>, self.data_query_oracle: <dso.symbolic_equation_evaluator_public.Equation_evaluator object at 0x2ba28847ad68>
generate dataset!
-- BUILDING PRIOR START -------------
WARNING: Skipping invalid 'RelationalConstraint' with arguments {'targets': [], 'effectors': [], 'relationship': None}. Reason: Prior disabled.
WARNING: Skipping invalid 'TrigConstraint' with arguments {}. Reason: There are no target Tokens.
WARNING: Skipping invalid 'UniformArityPrior' with arguments {}. Reason: Prior disabled.
WARNING: Skipping invalid 'LanguageModelPrior' with arguments {'weight': None}. Reason: Prior disabled.
LengthConstraint: Sequences have minimum length 4.
                  Sequences have maximum length 256.
RepeatConstraint: [const] cannot occur more than 10 times.
RelationalConstraint: [inv] cannot be a child of [inv].
ConstConstraint: [const] cannot be the only unique child of [inv, add, sub, mul, div].
NoInputsConstraint: Sequences contain at least one input variable Token.
SoftLengthPrior: No description available.
-- BUILDING PRIOR END ---------------

-- RUNNING EPOCHS START -------------
[00:00:00:05.87] Training epoch 1/14, current best R: 0.8788

	** New best
	Reward: 0.8787821845382268
	Count Off-policy: False
	Count On-policy: True
	Originally on Policy: True
	Invalid: False
	Traversal: sub,mul,sub,inv,div,div,div,x3,x2,x3,sub,add,x3,mul,x1,x1,-0.5265187180424418,x2,0.5552961082690389,x3
	Expression:
	                        ⎛  2                          ⎞                         
	  0.5552961082690389⋅x₂⋅⎝x₁  + x₃ + 0.5265187180424418⎠ - 0.5552961082690389⋅x₂ 

    
	  - x₃

[00:00:00:10.98] Training epoch 2/14, current best R: 0.9532

	** New best
	Reward: 0.9531902321023469
	Count Off-policy: False
	Count On-policy: True
	Originally on Policy: True
	Invalid: False
	Traversal: div,x1,inv,sub,div,div,mul,sub,-1.112739324346164,x1,sub,mul,0.04523895770092958,x3,x2,1.4182890147446765,1.4182890147446783,-0.35600600094722656
	Expression:
	  x₁⋅(0.49713062928311676⋅(-x₁ - 1.112739324346164)⋅(-x₂ + 0.04523895770092958⋅x
	  ₃) + 0.35600600094722656)

[00:00:00:54.43] Training epoch 10/14, current best R: 0.9532
[00:00:01:15.42] Training epoch 13/14, current best R: 0.9735

	** New best
	Reward: 0.973498738197725
	Count Off-policy: False
	Count On-policy: True
	Originally on Policy: True
	Invalid: False
	Traversal: add,mul,x1,x2,mul,x1,mul,mul,-0.09947856250730366,add,inv,mul,inv,x1,-0.21477688597649558,x3,x2
	Expression:
	  x₁⋅x₂⋅(0.46317163997894187⋅x₁ - 0.09947856250730366⋅x₃) + x₁⋅x₂

[00:00:01:22.37] Ending training after epoch 14/14, current best R: 0.9735
-- RUNNING EPOCHS END ---------------

-- EVALUATION START ----------------
Saving Hall of Fame to ./log/regression_config_regression_VPG.json_Livermore2_Vars3_23.in_normal_0.0_2023-05-30-035034/dso_regression_config_regression_VPG.json_Livermore2_Vars3_23.in_normal_0.0_0_hof.csv
Saving Pareto Front to ./log/regression_config_regression_VPG.json_Livermore2_Vars3_23.in_normal_0.0_2023-05-30-035034/dso_regression_config_regression_VPG.json_Livermore2_Vars3_23.in_normal_0.0_0_pf.csv
Invalid expressions: 335 of 14336 (2.3%).
Error type counts:
  true_divide: 127 (37.9%)
  reciprocal: 208 (62.1%)
Error node counts:
  divide: 332 (99.1%)
  invalid: 3 (0.9%)
-- EVALUATION END ------------------
== TRAINING SEED 0 END ==============
INFO: Completed run 1 of 1 in 84 s

== POST-PROCESS START =================
-- LOADING LOGS START ----------------
Successfully loaded summary data
Successfully loaded Hall of Fame data
Successfully loaded Pareto Front data
-- LOADING LOGS END ------------------

-- ANALYZING LOG START --------------
Task_____________regression
Source path______./log/regression_config_regression_VPG.json_Livermore2_Vars3_23.in_normal_0.0_2023-05-30-035034
Runs_____________1
Max Samples/run__15000
Success_rate_____0.0
Hall of Fame (Top 5 of 100)____
    0: S=000 R=0.973499 <-- [x1*x2*(0.46317163997894187*x1 - 0.09947856250730366*x3) + x1*x2]
    1: S=000 R=0.953190 <-- [x1*(0.49713062928311676*(-x1 - 1.112739324346164)*(-x2 + 0.04523895770092958*x3) + 0.35600600094722656)]
    2: S=000 R=0.952763 <-- [0.00519044052071013*x2*(93.02501319535153*x1 + x2)*(x1*(x3 + 0.017113980383665253) + x3)/x3]
    3: S=000 R=0.948766 <-- [-0.07278614793428169*x1*x2*(-6.9170516075457343*x1 - x2 + 1.1987940587518213*x3) + x1]
    4: S=000 R=0.945305 <-- [x1*x2/(0.05545231279503926 + 1.3188390109103083/x1)]
  Saving Hall of Fame plot to ./log/regression_config_regression_VPG.json_Livermore2_Vars3_23.in_normal_0.0_2023-05-30-035034/dso_regression_config_regression_VPG.json_Livermore2_Vars3_23.in_normal_0.0_plot_hof.png
Pareto Front (5 of 5)____
    0: S=000 R=0.973499 C=19.00 <-- [x1*x2*(0.46317163997894187*x1 - 0.09947856250730366*x3) + x1*x2]
    1: S=000 R=0.945305 C=12.00 <-- [x1*x2/(0.05545231279503926 + 1.3188390109103083/x1)]
    2: S=000 R=0.942114 C=9.00 <-- [0.4879754001348314*x1*x2*(x1 + 1.2544475397841968)]
    3: S=000 R=0.806576 C=7.00 <-- [x2*(4.466046311122739*x1 - 3.166459449337518)]
    4: S=000 R=0.610816 C=5.00 <-- [x1*(x2 + 6.18438357115572)]
  Saving Pareto Front plot to ./log/regression_config_regression_VPG.json_Livermore2_Vars3_23.in_normal_0.0_2023-05-30-035034/dso_regression_config_regression_VPG.json_Livermore2_Vars3_23.in_normal_0.0_plot_pf.png
-- ANALYZING LOG END ----------------
== POST-PROCESS END ===================
