['add', 'X_0', 'log', 'add', 'X_0', 'mul', 0.75, 'pow', 'add', 0.41, 'add', 'X_0', 'X_1', -1]
--------------------
eq_name 	 Livermore2_Vars2_21
num_vars 	 2
vars_range_and_types 	 [{"name": "LogUniform", "range": [0.1, 10], "only_positive": true}, {"name": "LogUniform", "range": [0.1, 10], "only_positive": true}]
function_set 	 ['add', 'sub', 'mul', 'div', 'log', 'const']
eq_expression 	 add,X_0,log,add,X_0,mul,0.75,pow,add,0.41,add,X_0,X_1,-1
expr 	 X_0 + log(X_0 + 0.75/(X_0 + X_1 + 0.41))
--------------------

== EXPERIMENT SETUP START ===========
Task type            : regression
Starting seed        : 0
Runs                 : 1
== EXPERIMENT SETUP END =============

== TRAINING SEED 0 START ============
self.dataX <dso.symbolic_data_generator.DataX object at 0x2b1c52569828>, self.data_query_oracle: <dso.symbolic_equation_evaluator_public.Equation_evaluator object at 0x2b1c38dd0d68>
generate dataset!
-- BUILDING PRIOR START -------------
WARNING: Skipping invalid 'RelationalConstraint' with arguments {'targets': [], 'effectors': [], 'relationship': None}. Reason: Prior disabled.
WARNING: Skipping invalid 'TrigConstraint' with arguments {}. Reason: There are no target Tokens.
WARNING: Skipping invalid 'UniformArityPrior' with arguments {}. Reason: Prior disabled.
WARNING: Skipping invalid 'LanguageModelPrior' with arguments {'weight': None}. Reason: Prior disabled.
LengthConstraint: Sequences have minimum length 4.
                  Sequences have maximum length 256.
RepeatConstraint: [const] cannot occur more than 10 times.
RelationalConstraint: [inv] cannot be a child of [inv].
ConstConstraint: [const] cannot be the only unique child of [inv, add, sub, mul, div].
NoInputsConstraint: Sequences contain at least one input variable Token.
SoftLengthPrior: No description available.
-- BUILDING PRIOR END ---------------

-- RUNNING EPOCHS START -------------
gen	iter	pop_size	nevals	uncached_size	best_val              	timer  
0  	0   	1024    	1024  	1024         	(-0.9210371839781373,)	11.8905
1  	1   	1024    	785   	663          	(-0.9475572148348267,)	11.76  
2  	2   	1024    	765   	635          	(-0.9475572148348784,)	16.5257
3  	3   	1024    	783   	620          	(-0.9659285665587176,)	17.7517
4  	4   	1024    	783   	595          	(-0.9818451467680642,)	24.0389
5  	5   	1024    	782   	611          	(-0.9851225681449561,)	35.797 
6  	6   	1024    	772   	586          	(-0.986936512746102,) 	36.3627
7  	7   	1024    	784   	559          	(-0.9925177238483075,)	50.3657
8  	8   	1024    	772   	580          	(-0.9925177238484127,)	55.2049
9  	9   	1024    	778   	572          	(-0.9925553197437919,)	64.2514

--------------------------------------------------
GP Time: 324.203

Unique expressions evaluated: 7376
Total expression evaluations: 8028
--------------------------------------------------

GP -> best program this epoch:

	Reward: 0.9925553197437919
	Count Off-policy: 1
	Count On-policy: 0
	Originally on Policy: False
	Invalid: False
	Traversal: add,1.6609587172863793,sub,sub,mul,sub,add,x1,add,mul,-1.000319317958386,x2,sub,x2,-2.1299095564727737,x1,sub,x1,inv,add,add,mul,inv,add,add,add,mul,x2,1.7998001904279675,0.6108612321336625,x1,x1,1.3771622160781958,0.5252312281497573,x1,x1,0.3390045770288922
	Expression:
	                                                        ⎛                       
	  -x₁ + (2.1299095564727737 - 0.0003193179583859951⋅x₂)⋅⎜x₁ - ──────────────────
	                                                        ⎜                       
	                                                        ⎜     x₁ + 0.52523122814
	                                                        ⎝                       

	                     1                                     ⎞                    
	  ─────────────────────────────────────────────────────────⎟ + 1.321954140257487
	                          1.3771622160781958               ⎟                    
	  97573 + ─────────────────────────────────────────────────⎟                    
	          2⋅x₁ + 1.7998001904279675⋅x₂ + 0.6108612321336625⎠                    

 
	  1
 
 
 

None

--------------------------------------------------

[00:00:05:40.68] Training epoch 1/14, current best R: 0.9926

	** New best
	Reward: 0.9925553197437919
	Count Off-policy: 1
	Count On-policy: 0
	Originally on Policy: False
	Invalid: False
	Traversal: add,1.6609587172863793,sub,sub,mul,sub,add,x1,add,mul,-1.000319317958386,x2,sub,x2,-2.1299095564727737,x1,sub,x1,inv,add,add,mul,inv,add,add,add,mul,x2,1.7998001904279675,0.6108612321336625,x1,x1,1.3771622160781958,0.5252312281497573,x1,x1,0.3390045770288922
	Expression:
	                                                        ⎛                       
	  -x₁ + (2.1299095564727737 - 0.0003193179583859951⋅x₂)⋅⎜x₁ - ──────────────────
	                                                        ⎜                       
	                                                        ⎜     x₁ + 0.52523122814
	                                                        ⎝                       

	                     1                                     ⎞                    
	  ─────────────────────────────────────────────────────────⎟ + 1.321954140257487
	                          1.3771622160781958               ⎟                    
	  97573 + ─────────────────────────────────────────────────⎟                    
	          2⋅x₁ + 1.7998001904279675⋅x₂ + 0.6108612321336625⎠                    

 
	  1
 
 
 

10 	0   	1024    	1024  	1017         	(-0.9274287924279399,)	9.4367 
11 	1   	1024    	759   	632          	(-0.9379805749320721,)	9.37219
12 	2   	1024    	768   	631          	(-0.9436645744218086,)	13.3872
13 	3   	1024    	764   	610          	(-0.9641348820622825,)	12.2752
14 	4   	1024    	767   	621          	(-0.9641348820622825,)	24.5258
15 	5   	1024    	763   	606          	(-0.9835369575849697,)	23.8289
16 	6   	1024    	769   	585          	(-0.9835369575849697,)	33.7331
17 	7   	1024    	742   	553          	(-0.9889117537856182,)	34.9546
18 	8   	1024    	762   	529          	(-0.9889117537856182,)	46.023 
19 	9   	1024    	798   	529          	(-0.9913403472242273,)	55.9908

--------------------------------------------------
GP Time: 263.82

Unique expressions evaluated: 14603
Total expression evaluations: 15944
--------------------------------------------------

GP -> best program this epoch:

	Reward: 0.9913403472242273
	Count Off-policy: 1
	Count On-policy: 0
	Originally on Policy: False
	Invalid: False
	Traversal: inv,div,inv,sub,0.8172817220401412,sub,div,mul,mul,x2,-200.7896313238652,add,2.2297732801585033,inv,x2,sub,mul,sub,-0.8203369207712993,x1,add,add,div,mul,add,x1,add,x2,sub,add,x2,-4.428954748352456,x2,add,x1,1.6178693550304704,0.009299463968531173,x1,add,1165.3624564659028,x1,x2,x1,1.1458929690994757
	Expression:
                                                                              
	                                                                      230.083426
                                                                              
	  1.1458929690994757⋅x₁ + ──────────────────────────────────────────────────────
	                          -x₂ + (-x₁ - 0.8203369207712993)⋅(2⋅x₁ + 107.533079689

	              ⎛                     1 ⎞                                         
	  80209299⋅x₂⋅⎜2.2297732801585033 + ──⎟                                         
	              ⎝                     x₂⎠                                         
	  ──────────────────────────────────────────────────────────────────────────────
	  7477⋅(x₁ + 1.6178693550304704)⋅(x₁ + x₂ - 4.428954748352456) + 1165.3624564659

                          
                          
                          
	  ──── + 0.93651737905930981
	  028)                      

None

--------------------------------------------------

-- RUNNING EPOCHS END ---------------

-- EVALUATION START ----------------
Saving Hall of Fame to ./log/regression_config_regression_GPMELD.json_Livermore2_Vars2_21.in_normal_0.0_2023-05-30-032501/dso_regression_config_regression_GPMELD.json_Livermore2_Vars2_21.in_normal_0.0_0_hof.csv
Saving Pareto Front to ./log/regression_config_regression_GPMELD.json_Livermore2_Vars2_21.in_normal_0.0_2023-05-30-032501/dso_regression_config_regression_GPMELD.json_Livermore2_Vars2_21.in_normal_0.0_0_pf.csv
Invalid expressions: 228 of 17992 (1.3%).
Error type counts:
  reciprocal: 136 (59.6%)
  true_divide: 92 (40.4%)
Error node counts:
  divide: 228 (100.0%)
-- EVALUATION END ------------------
== TRAINING SEED 0 END ==============
INFO: Completed run 1 of 1 in 626 s

== POST-PROCESS START =================
-- LOADING LOGS START ----------------
Successfully loaded summary data
Successfully loaded Hall of Fame data
Successfully loaded Pareto Front data
-- LOADING LOGS END ------------------

-- ANALYZING LOG START --------------
Task_____________regression
Source path______./log/regression_config_regression_GPMELD.json_Livermore2_Vars2_21.in_normal_0.0_2023-05-30-032501
Runs_____________1
Max Samples/run__15000
Success_rate_____0.0
Hall of Fame (Top 5 of 100)____
    0: S=000 R=0.992555 <-- [-x1 + (2.1299095564727737 - 0.0003193179583859951*x2)*(x1 - 1/(x1 + 0.5252312281497573 + 1.3771622160781958/(2*x1 + 1.7998001904279675*x2 + 0.6108612321336625))) + 1.3219541402574871]
    1: S=000 R=0.992555 <-- [-x1 + (2.1299095564727737 - 0.0003193179583859951*x2)*(x1 - 1/(x1 + 0.5252312281497573 + 1.3771622160781958/(2*x1 + 1.7998001904279675*x2 + 0.6108612321336625))) + 1.3219541402574871]
    2: S=000 R=0.992518 <-- [1.1293360684537364*x1 + 1.3212407058849172 - 2.1293360684537364/(x1 + 1/(1.9005974696004349 - 4.993691439665675/(2*x1 + 1.8110432981470366*x2 + 3.241408158042121)))]
    3: S=000 R=0.992518 <-- [1.1293360684537364*x1 + 1.3212407058849172 - 2.1293360684537364/(x1 + 1/(1.9005974696004349 - 4.993691439665675/(2*x1 + 1.8110432981470366*x2 + 3.241408158042121)))]
    4: S=000 R=0.992518 <-- [1.12933605477161*x1 + 1.3212407394808781 - 2.12933605477161/(x1 + 0.5261503687004733 + 1.382424821297688/(2*x1 + 1.811044764486568*x2 + 0.6139759852255897))]
  Saving Hall of Fame plot to ./log/regression_config_regression_GPMELD.json_Livermore2_Vars2_21.in_normal_0.0_2023-05-30-032501/dso_regression_config_regression_GPMELD.json_Livermore2_Vars2_21.in_normal_0.0_plot_hof.png
Pareto Front (5 of 18)____
    0: S=000 R=0.992555 C=39.00 <-- [-x1 + (2.1299095564727737 - 0.0003193179583859951*x2)*(x1 - 1/(x1 + 0.5252312281497573 + 1.3771622160781958/(2*x1 + 1.7998001904279675*x2 + 0.6108612321336625))) + 1.3219541402574871]
    1: S=000 R=0.992518 C=31.00 <-- [1.1293360684537364*x1 + 1.3212407058849172 - 2.1293360684537364/(x1 + 1/(1.9005974696004349 - 4.993691439665675/(2*x1 + 1.8110432981470366*x2 + 3.241408158042121)))]
    2: S=000 R=0.992518 C=29.00 <-- [1.1293360572738083*x1 + 1.3212408534116644 - 2.1293360572738083/(x1 + 0.5261502052478612 + 1.3824203588657478/(2*x1 + 1.811037180452815*x2 + 0.613972081603419))]
    3: S=000 R=0.989024 C=27.00 <-- [1.121838076026768*x1 + 1.371263867316038 - 2.121838076026768/(x1 + 0.485058039315284 + 0.9053574781543485/(2*x1 + x2 + 0.353807313838985))]
    4: S=000 R=0.980424 C=26.00 <-- [-0.7611493615061655*x2/((x1 + 0.21645122830745447)*(x2 + 2.8517739953598014)) + 0.7611493615061655/(0.011355108591571893 + 0.5101262011737516/x1)]
  Saving Pareto Front plot to ./log/regression_config_regression_GPMELD.json_Livermore2_Vars2_21.in_normal_0.0_2023-05-30-032501/dso_regression_config_regression_GPMELD.json_Livermore2_Vars2_21.in_normal_0.0_plot_pf.png
-- ANALYZING LOG END ----------------
== POST-PROCESS END ===================
