['add', 'X_0', 'add', 'pow', 'X_0', 2, 'add', 'pow', 'X_0', 4, 'pow', 'X_0', 5]
--------------------
eq_name 	 Livermore_20
num_vars 	 1
vars_range_and_types 	 [{"name": "LogUniform", "range": [0.1, 10], "only_positive": true}]
function_set 	 ['add', 'sub', 'mul', 'div', 'n2', 'n4', 'pow', 'const']
eq_expression 	 add,X_0,add,pow,X_0,2,add,pow,X_0,4,pow,X_0,5
expr 	 X_0**5 + X_0**4 + X_0**2 + X_0
--------------------

== EXPERIMENT SETUP START ===========
Task type            : regression
Starting seed        : 0
Runs                 : 1
== EXPERIMENT SETUP END =============

== TRAINING SEED 0 START ============
self.dataX <dso.symbolic_data_generator.DataX object at 0x2ac352437080>, self.data_query_oracle: <dso.symbolic_equation_evaluator_public.Equation_evaluator object at 0x2ac3714d8da0>
generate dataset!
-- BUILDING PRIOR START -------------
WARNING: Skipping invalid 'RelationalConstraint' with arguments {'targets': [], 'effectors': [], 'relationship': None}. Reason: Prior disabled.
WARNING: Skipping invalid 'TrigConstraint' with arguments {}. Reason: There are no target Tokens.
WARNING: Skipping invalid 'UniformArityPrior' with arguments {}. Reason: Prior disabled.
WARNING: Skipping invalid 'LanguageModelPrior' with arguments {'weight': None}. Reason: Prior disabled.
LengthConstraint: Sequences have minimum length 4.
                  Sequences have maximum length 256.
RepeatConstraint: [const] cannot occur more than 10 times.
RelationalConstraint: [inv] cannot be a child of [inv].
ConstConstraint: [const] cannot be the only unique child of [inv, add, sub, mul, div].
NoInputsConstraint: Sequences contain at least one input variable Token.
SoftLengthPrior: No description available.
-- BUILDING PRIOR END ---------------

-- RUNNING EPOCHS START -------------
[00:00:00:11.92] Training epoch 1/14, current best R: 0.9998

	** New best
	Reward: 0.9998484267396696
	Count Off-policy: False
	Count On-policy: True
	Originally on Policy: True
	Invalid: False
	Traversal: add,div,div,sub,mul,add,1.497437711060897,x1,x1,x1,inv,mul,mul,add,0.4972771569072701,x1,x1,x1,1.0008571410497,2.1897292206411687
	Expression:
	                      2                                                         
	  0.999143593011885⋅x₁ ⋅(x₁ + 0.4972771569072701)⋅(x₁⋅(x₁ + 1.497437711060897) -

                         
	   x₁) + 2.1897292206411687

[00:00:00:24.80] Training epoch 2/14, current best R: 1.0000

	** New best
	Reward: 0.9999566977122609
	Count Off-policy: False
	Count On-policy: True
	Originally on Policy: True
	Invalid: False
	Traversal: inv,div,inv,add,x1,0.8247584372118633,div,div,x1,div,add,inv,sub,mul,0.25712190052116735,mul,x1,x1,-0.16107723080709713,0.00011624293274128765,x1,0.2535983938588942
	Expression:
	                                 2                                      
	             3.943242639606047⋅x₁ ⋅(x₁ + 0.8247584372118633)            
	  ──────────────────────────────────────────────────────────────────────
	                                                 1                      
	  0.00011624293274128765 + ─────────────────────────────────────────────
	                                                 2                      
	                           0.25712190052116735⋅x₁  + 0.16107723080709713

[00:00:01:20.71] Training epoch 7/14, current best R: 1.0000

	** New best
	Reward: 0.9999867204269599
	Count Off-policy: False
	Count On-policy: True
	Originally on Policy: True
	Invalid: False
	Traversal: mul,div,add,mul,add,mul,div,mul,mul,mul,div,x1,0.9861486872889413,x1,add,add,0.5013579337186017,x1,0.501357933718604,1.0163424877346154,0.9861486872889412,x1,x1,x1,x1,1.0235786130085454,0.9792079494723619
	Expression:
	                         ⎛                     3                              ⎞ 
	  0.95665143549085362⋅x₁⋅⎝1.0450938198438597⋅x₁ ⋅(x₁ + 1.002715867437206) + x₁⎠ 

                        
	  + 0.95665143549085362⋅x₁

[00:00:01:52.22] Training epoch 10/14, current best R: 1.0000
[00:00:02:40.48] Ending training after epoch 14/14, current best R: 1.0000
-- RUNNING EPOCHS END ---------------

-- EVALUATION START ----------------
Saving Hall of Fame to ./log/regression_config_regression_DSR.json_Livermore_20.in_normal_0.0_2023-05-30-035742/dso_regression_config_regression_DSR.json_Livermore_20.in_normal_0.0_0_hof.csv
Saving Pareto Front to ./log/regression_config_regression_DSR.json_Livermore_20.in_normal_0.0_2023-05-30-035742/dso_regression_config_regression_DSR.json_Livermore_20.in_normal_0.0_0_pf.csv
Invalid expressions: 537 of 14336 (3.7%).
Error type counts:
  reciprocal: 367 (68.3%)
  true_divide: 170 (31.7%)
Error node counts:
  divide: 537 (100.0%)
-- EVALUATION END ------------------
== TRAINING SEED 0 END ==============
INFO: Completed run 1 of 1 in 162 s

== POST-PROCESS START =================
-- LOADING LOGS START ----------------
Successfully loaded summary data
Successfully loaded Hall of Fame data
Successfully loaded Pareto Front data
-- LOADING LOGS END ------------------

-- ANALYZING LOG START --------------
Task_____________regression
Source path______./log/regression_config_regression_DSR.json_Livermore_20.in_normal_0.0_2023-05-30-035742
Runs_____________1
Max Samples/run__15000
Success_rate_____0.0
Hall of Fame (Top 5 of 100)____
    0: S=000 R=0.999987 <-- [0.95665143549085362*x1*(1.0450938198438597*x1**3*(x1 + 1.002715867437206) + x1) + 0.95665143549085362*x1]
    1: S=000 R=0.999978 <-- [x1**3*(-x1*(-x1 - 1.005613698258008) - 0.10511827731566498 + 1.5999989707074198/x1)]
    2: S=000 R=0.999957 <-- [x1*(x1**2*(0.57227303231554324*x1*(1.750615771619669*x1 + 1.6878440992808696) + 0.16993419303978764) + x1)]
    3: S=000 R=0.999957 <-- [3.943242639606047*x1**2*(x1 + 0.8247584372118633)/(0.00011624293274128765 + 1/(0.25712190052116735*x1**2 + 0.16107723080709713))]
    4: S=000 R=0.999957 <-- [-0.4976356974882169*x1**2*(2*x1 + 4.216271548493871)*(-x1**2 + x1 - 1.3679262994713437)]
  Saving Hall of Fame plot to ./log/regression_config_regression_DSR.json_Livermore_20.in_normal_0.0_2023-05-30-035742/dso_regression_config_regression_DSR.json_Livermore_20.in_normal_0.0_plot_hof.png
Pareto Front (5 of 10)____
    0: S=000 R=0.999987 C=30.00 <-- [0.95665143549085362*x1*(1.0450938198438597*x1**3*(x1 + 1.002715867437206) + x1) + 0.95665143549085362*x1]
    1: S=000 R=0.999978 C=23.00 <-- [x1**3*(-x1*(-x1 - 1.005613698258008) - 0.10511827731566498 + 1.5999989707074198/x1)]
    2: S=000 R=0.999933 C=21.00 <-- [x1*(-0.82195233188492*x1*(x1 + 2.152168679579341)*(-1.2084314579180762*x1**2 + 1.2084314579180762*x1 - 1.372393770355286) + x1)]
    3: S=000 R=0.999913 C=18.00 <-- [x1*(0.9990887975122926*x1**3*(x1 + 1.0106320145752042) + 0.9990887975122926*x1)]
    4: S=000 R=0.973728 C=16.00 <-- [16.49831035407336*x1**3*(x1 - 3.498173198498515) + 1]
  Saving Pareto Front plot to ./log/regression_config_regression_DSR.json_Livermore_20.in_normal_0.0_2023-05-30-035742/dso_regression_config_regression_DSR.json_Livermore_20.in_normal_0.0_plot_pf.png
-- ANALYZING LOG END ----------------
== POST-PROCESS END ===================
