['mul', 'X_2', 'add', 'X_0', 'add', 'X_4', 'mul', 0.27, 'pow', 'add', 'pow', 'X_2', 2, 'mul', 'pow', 'add', 'X_1', 'mul', 'X_0', 'X_1', -1, 'add', 'X_1', 'X_3', -1]
--------------------
eq_name 	 Livermore2_Vars5_2
num_vars 	 5
vars_range_and_types 	 [{"name": "LogUniform", "range": [0.1, 10], "only_positive": true}, {"name": "LogUniform", "range": [0.1, 10], "only_positive": true}, {"name": "LogUniform", "range": [0.1, 10], "only_positive": true}, {"name": "LogUniform", "range": [0.1, 10], "only_positive": true}, {"name": "LogUniform", "range": [0.1, 10], "only_positive": true}]
function_set 	 ['add', 'sub', 'mul', 'div', 'n2', 'const']
eq_expression 	 mul,X_2,add,X_0,add,X_4,mul,0.27,pow,add,pow,X_2,2,mul,pow,add,X_1,mul,X_0,X_1,-1,add,X_1,X_3,-1
expr 	 X_2*(X_0 + X_4 + 0.27/(X_2**2 + (X_1 + X_3)/(X_0*X_1 + X_1)))
--------------------

== EXPERIMENT SETUP START ===========
Task type            : regression
Starting seed        : 0
Runs                 : 1
== EXPERIMENT SETUP END =============

== TRAINING SEED 0 START ============
self.dataX <dso.symbolic_data_generator.DataX object at 0x2b244f07b828>, self.data_query_oracle: <dso.symbolic_equation_evaluator_public.Equation_evaluator object at 0x2b2439916d68>
generate dataset!
-- BUILDING PRIOR START -------------
WARNING: Skipping invalid 'RelationalConstraint' with arguments {'targets': [], 'effectors': [], 'relationship': None}. Reason: Prior disabled.
WARNING: Skipping invalid 'TrigConstraint' with arguments {}. Reason: There are no target Tokens.
WARNING: Skipping invalid 'UniformArityPrior' with arguments {}. Reason: Prior disabled.
WARNING: Skipping invalid 'LanguageModelPrior' with arguments {'weight': None}. Reason: Prior disabled.
LengthConstraint: Sequences have minimum length 4.
                  Sequences have maximum length 256.
RepeatConstraint: [const] cannot occur more than 10 times.
RelationalConstraint: [inv] cannot be a child of [inv].
ConstConstraint: [const] cannot be the only unique child of [inv, add, sub, mul, div].
NoInputsConstraint: Sequences contain at least one input variable Token.
SoftLengthPrior: No description available.
-- BUILDING PRIOR END ---------------

-- RUNNING EPOCHS START -------------
gen	iter	pop_size	nevals	uncached_size	best_val              	timer  
0  	0   	1024    	1024  	1024         	(-0.6059110644701792,)	3.78777
1  	1   	1024    	732   	657          	(-0.9932940682977848,)	2.31163
2  	2   	1024    	765   	661          	(-0.9932940682977848,)	3.35566
3  	3   	1024    	773   	645          	(-0.9934326518779545,)	5.02914
4  	4   	1024    	793   	638          	(-0.9942998813097137,)	6.26587
5  	5   	1024    	782   	660          	(-0.996077331905698,) 	11.3291
6  	6   	1024    	765   	678          	(-0.996077331905698,) 	17.4528
7  	7   	1024    	789   	689          	(-0.9963464355046517,)	23.133 
8  	8   	1024    	784   	685          	(-0.9964384378284595,)	26.5433
9  	9   	1024    	767   	660          	(-0.9967183323768434,)	26.8524

--------------------------------------------------
GP Time: 126.3

Unique expressions evaluated: 7958
Total expression evaluations: 7974
--------------------------------------------------

GP -> best program this epoch:

	Reward: 0.9967183323768434
	Count Off-policy: 1
	Count On-policy: 0
	Originally on Policy: False
	Invalid: False
	Traversal: mul,sub,sub,mul,sub,mul,mul,add,mul,x3,inv,mul,x5,add,x2,div,x1,x5,add,mul,x5,0.44110358224832,x1,add,add,sub,x4,x1,mul,-1.6280872734196172,x2,inv,mul,x2,140.37016915707312,0.001223522043897402,0.08090118024927527,inv,x3,sub,add,x3,mul,-0.0017339401445086442,x1,mul,1.0005320189516709,x3,add,x5,x1,div,-0.9997456848084323,div,mul,x5,inv,x5,x3
	Expression:
	                         ⎛                                                      
	                         ⎜                                                      
	                         ⎜                                                      
	                         ⎜                                                      
	                         ⎜                                                      
	  -0.9997456848084323⋅x₃⋅⎜-0.99826605985549136⋅x₁ + 0.00053201895167090049⋅x₃ - 
	                         ⎝                                                      

	                            ⎛          x₃                           ⎞ ⎛         
	       0.001223522043897402⋅⎜x₁ + ──────────── + 0.44110358224832⋅x₅⎟⋅⎜-x₁ - 1.6
	                            ⎜        ⎛x₁     ⎞                      ⎟ ⎝         
	                            ⎜     x₅⋅⎜── + x₂⎟                      ⎟           
	                            ⎝        ⎝x₅     ⎠                      ⎠           
	  x₅ + ─────────────────────────────────────────────────────────────────────────
	                                                                              x₃

	                            0.0071240207659863103⎞                      ⎞
	  280872734196172⋅x₂ + x₄ + ─────────────────────⎟ - 0.08090118024927527⎟
	                                      x₂         ⎠                      ⎟
	                                                                        ⎟
	                                                                        ⎟
	  ──────────────────────────────────────────────────────────────────────⎟
	                                                                        ⎠

None

--------------------------------------------------

[00:00:02:11.73] Training epoch 1/14, current best R: 0.9967

	** New best
	Reward: 0.9967183323768434
	Count Off-policy: 1
	Count On-policy: 0
	Originally on Policy: False
	Invalid: False
	Traversal: mul,sub,sub,mul,sub,mul,mul,add,mul,x3,inv,mul,x5,add,x2,div,x1,x5,add,mul,x5,0.44110358224832,x1,add,add,sub,x4,x1,mul,-1.6280872734196172,x2,inv,mul,x2,140.37016915707312,0.001223522043897402,0.08090118024927527,inv,x3,sub,add,x3,mul,-0.0017339401445086442,x1,mul,1.0005320189516709,x3,add,x5,x1,div,-0.9997456848084323,div,mul,x5,inv,x5,x3
	Expression:
	                         ⎛                                                      
	                         ⎜                                                      
	                         ⎜                                                      
	                         ⎜                                                      
	                         ⎜                                                      
	  -0.9997456848084323⋅x₃⋅⎜-0.99826605985549136⋅x₁ + 0.00053201895167090049⋅x₃ - 
	                         ⎝                                                      

	                            ⎛          x₃                           ⎞ ⎛         
	       0.001223522043897402⋅⎜x₁ + ──────────── + 0.44110358224832⋅x₅⎟⋅⎜-x₁ - 1.6
	                            ⎜        ⎛x₁     ⎞                      ⎟ ⎝         
	                            ⎜     x₅⋅⎜── + x₂⎟                      ⎟           
	                            ⎝        ⎝x₅     ⎠                      ⎠           
	  x₅ + ─────────────────────────────────────────────────────────────────────────
	                                                                              x₃

	                            0.0071240207659863103⎞                      ⎞
	  280872734196172⋅x₂ + x₄ + ─────────────────────⎟ - 0.08090118024927527⎟
	                                      x₂         ⎠                      ⎟
	                                                                        ⎟
	                                                                        ⎟
	  ──────────────────────────────────────────────────────────────────────⎟
	                                                                        ⎠

10 	0   	1024    	1024  	1014         	(-0.621658352777041,) 	3.45444
11 	1   	1024    	753   	654          	(-0.6434232696362182,)	2.59222
12 	2   	1024    	771   	651          	(-0.822570423788238,) 	2.26457
13 	3   	1024    	760   	643          	(-0.9934207237228798,)	2.81002
14 	4   	1024    	757   	639          	(-0.9934207237228798,)	3.96595
15 	5   	1024    	751   	627          	(-0.9957005659990571,)	5.01267
16 	6   	1024    	755   	614          	(-0.9957008187062107,)	6.44497
17 	7   	1024    	759   	642          	(-0.9964405047989157,)	9.54458
18 	8   	1024    	786   	649          	(-0.996540265338299,) 	10.5025
19 	9   	1024    	767   	645          	(-0.996540265338299,) 	11.6946

--------------------------------------------------
GP Time: 58.533

Unique expressions evaluated: 15663
Total expression evaluations: 15857
--------------------------------------------------

GP -> best program this epoch:

	Reward: 0.996540265338299
	Count Off-policy: 1
	Count On-policy: 0
	Originally on Policy: False
	Invalid: False
	Traversal: mul,0.9965614609114805,mul,x1,add,add,0.019586885260733947,x3,div,div,sub,mul,x3,mul,1.5067650736059621,x5,-0.09143799866179003,1.5017993486863086,x1
	Expression:
	                        ⎛                            1.0033065168952146⋅x₃⋅x₅ + 
	  0.9965614609114805⋅x₁⋅⎜x₃ + 0.019586885260733947 + ───────────────────────────
	                        ⎝                                                   x₁  

	  0.060885629456275206⎞
	  ────────────────────⎟
	                      ⎠

None

--------------------------------------------------

-- RUNNING EPOCHS END ---------------

-- EVALUATION START ----------------
Saving Hall of Fame to ./log/regression_config_regression_GPMELD.json_Livermore2_Vars5_2.in_normal_0.0_2023-05-30-041812/dso_regression_config_regression_GPMELD.json_Livermore2_Vars5_2.in_normal_0.0_0_hof.csv
Saving Pareto Front to ./log/regression_config_regression_GPMELD.json_Livermore2_Vars5_2.in_normal_0.0_2023-05-30-041812/dso_regression_config_regression_GPMELD.json_Livermore2_Vars5_2.in_normal_0.0_0_pf.csv
Invalid expressions: 103 of 17905 (0.6%).
Error type counts:
  true_divide: 52 (50.5%)
  reciprocal: 51 (49.5%)
Error node counts:
  divide: 103 (100.0%)
-- EVALUATION END ------------------
== TRAINING SEED 0 END ==============
INFO: Completed run 1 of 1 in 195 s

== POST-PROCESS START =================
-- LOADING LOGS START ----------------
Successfully loaded summary data
Successfully loaded Hall of Fame data
Successfully loaded Pareto Front data
-- LOADING LOGS END ------------------

-- ANALYZING LOG START --------------
Task_____________regression
Source path______./log/regression_config_regression_GPMELD.json_Livermore2_Vars5_2.in_normal_0.0_2023-05-30-041812
Runs_____________1
Max Samples/run__15000
Success_rate_____0.0
Hall of Fame (Top 5 of 100)____
    0: S=000 R=0.996718 <-- [-0.9997456848084323*x3*(-0.99826605985549136*x1 + 0.00053201895167090049*x3 - x5 + (0.001223522043897402*(x1 + x3/(x5*(x1/x5 + x2)) + 0.44110358224832*x5)*(-x1 - 1.6280872734196172*x2 + x4 + 0.0071240207659863103/x2) - 0.08090118024927527)/x3)]
    1: S=000 R=0.996718 <-- [-0.9997456848084323*x3*(-0.99826605985549136*x1 + 0.00053201895167090049*x3 - x5 + (0.001223522043897402*(x1 + x3/(x5*(x1/x5 + x2)) + 0.44110358224832*x5)*(-x1 - 1.6280872734196172*x2 + x4 + 0.0071240207659863103/x2) - 0.08090118024927527)/x3)]
    2: S=000 R=0.996708 <-- [(0.999071997495607*x1 + x5)*(0.99931854909961933*x3 + 0.35998186804912863/(x1 + 4.2137760349978755*x3 + 3.6968092408437145*x5 - 4.3659175448521232 + 4.2137760349978755/x3)) + 0.02927821777008596]
    3: S=000 R=0.996708 <-- [(0.999071997495607*x1 + x5)*(0.99931854909961933*x3 + 0.35998186804912863/(x1 + 4.2137760349978755*x3 + 3.6968092408437145*x5 - 4.3659175448521232 + 4.2137760349978755/x3)) + 0.02927821777008596]
    4: S=000 R=0.996540 <-- [0.9965614609114805*x1*(x3 + 0.019586885260733947 + (1.0033065168952146*x3*x5 + 0.060885629456275206)/x1)]
  Saving Hall of Fame plot to ./log/regression_config_regression_GPMELD.json_Livermore2_Vars5_2.in_normal_0.0_2023-05-30-041812/dso_regression_config_regression_GPMELD.json_Livermore2_Vars5_2.in_normal_0.0_plot_hof.png
Pareto Front (5 of 8)____
    0: S=000 R=0.996718 C=66.00 <-- [-0.9997456848084323*x3*(-0.99826605985549136*x1 + 0.00053201895167090049*x3 - x5 + (0.001223522043897402*(x1 + x3/(x5*(x1/x5 + x2)) + 0.44110358224832*x5)*(-x1 - 1.6280872734196172*x2 + x4 + 0.0071240207659863103/x2) - 0.08090118024927527)/x3)]
    1: S=000 R=0.996708 C=43.00 <-- [(0.999071997495607*x1 + x5)*(0.99931854909961933*x3 + 0.35998186804912863/(x1 + 4.2137760349978755*x3 + 3.6968092408437145*x5 - 4.3659175448521232 + 4.2137760349978755/x3)) + 0.02927821777008596]
    2: S=000 R=0.996540 C=21.00 <-- [0.9965614609114805*x1*(x3 + 0.019586885260733947 + (1.0033065168952146*x3*x5 + 0.060885629456275206)/x1)]
    3: S=000 R=0.996351 C=15.00 <-- [0.9982190306928825*(x1 + x5)*(0.0012967507049821542*x2 + x3 + 0.007127159356006101) + 0.05973275456037285]
    4: S=000 R=0.996169 C=11.00 <-- [0.9981986186015777*(x1 + x5)*(x3 + 0.009974251700712033) + 0.0598388701934634]
  Saving Pareto Front plot to ./log/regression_config_regression_GPMELD.json_Livermore2_Vars5_2.in_normal_0.0_2023-05-30-041812/dso_regression_config_regression_GPMELD.json_Livermore2_Vars5_2.in_normal_0.0_plot_pf.png
-- ANALYZING LOG END ----------------
== POST-PROCESS END ===================
