['add', 'X_0', 'mul', 'X_0', 'pow', 'add', 'X_0', 'add', 'mul', 'X_1', 'pow', 'X_0', -1, 'mul', 9.25, 'mul', 'X_1', 'pow', 'X_0', 2, -1]
--------------------
eq_name 	 Livermore2_Vars2_25
num_vars 	 2
vars_range_and_types 	 [{"name": "LogUniform", "range": [0.1, 10], "only_positive": true}, {"name": "LogUniform", "range": [0.1, 10], "only_positive": true}]
function_set 	 ['add', 'sub', 'mul', 'div', 'n2', 'const']
eq_expression 	 add,X_0,mul,X_0,pow,add,X_0,add,mul,X_1,pow,X_0,-1,mul,9.25,mul,X_1,pow,X_0,2,-1
expr 	 X_0 + X_0/(9.25*X_0**2*X_1 + X_0 + X_1/X_0)
--------------------

== EXPERIMENT SETUP START ===========
Task type            : regression
Starting seed        : 0
Runs                 : 1
== EXPERIMENT SETUP END =============

== TRAINING SEED 0 START ============
self.dataX <dso.symbolic_data_generator.DataX object at 0x2b397af1a828>, self.data_query_oracle: <dso.symbolic_equation_evaluator_public.Equation_evaluator object at 0x2b39657b5d68>
generate dataset!
-- BUILDING PRIOR START -------------
WARNING: Skipping invalid 'RelationalConstraint' with arguments {'targets': [], 'effectors': [], 'relationship': None}. Reason: Prior disabled.
WARNING: Skipping invalid 'TrigConstraint' with arguments {}. Reason: There are no target Tokens.
WARNING: Skipping invalid 'UniformArityPrior' with arguments {}. Reason: Prior disabled.
WARNING: Skipping invalid 'LanguageModelPrior' with arguments {'weight': None}. Reason: Prior disabled.
LengthConstraint: Sequences have minimum length 4.
                  Sequences have maximum length 256.
RepeatConstraint: [const] cannot occur more than 10 times.
RelationalConstraint: [inv] cannot be a child of [inv].
ConstConstraint: [const] cannot be the only unique child of [inv, add, sub, mul, div].
NoInputsConstraint: Sequences contain at least one input variable Token.
SoftLengthPrior: No description available.
-- BUILDING PRIOR END ---------------

-- RUNNING EPOCHS START -------------
gen	iter	pop_size	nevals	uncached_size	best_val              	timer  
0  	0   	1024    	1024  	1024         	(-0.9827287813768703,)	16.0864
1  	1   	1024    	766   	646          	(-0.9832372517135074,)	16.4448
2  	2   	1024    	748   	609          	(-0.9869727035537097,)	19.7494
3  	3   	1024    	754   	597          	(-0.9924424752620052,)	23.0114
4  	4   	1024    	761   	612          	(-0.9924424752620052,)	28.8976
5  	5   	1024    	768   	593          	(-0.9944369028842794,)	40.1248
6  	6   	1024    	771   	572          	(-0.9982782353520421,)	44.3001
7  	7   	1024    	775   	564          	(-0.9985819055925418,)	37.3543
8  	8   	1024    	787   	563          	(-0.9985819055925418,)	38.6376
9  	9   	1024    	758   	534          	(-0.9999706986770284,)	38.0642

--------------------------------------------------
GP Time: 302.915

Unique expressions evaluated: 7248
Total expression evaluations: 7912
--------------------------------------------------

GP -> best program this epoch:

	Reward: 0.9999706986770284
	Count Off-policy: 1
	Count On-policy: 0
	Originally on Policy: False
	Invalid: False
	Traversal: add,sub,mul,inv,mul,inv,mul,add,x1,1068.846186235832,0.0012528742100199088,12.406689504258923,inv,add,mul,add,inv,div,div,x1,mul,div,div,mul,add,add,1921.2076517913135,x2,x1,x2,x1,x2,0.007603273364769681,0.007377181048898854,x1,add,x2,0.00040002517101780195,0.10756004508147662,2.1961947232184622e-05,x1
	Expression:
	                                      0.00010098376441111279⋅x₁ + 0.107936111462
	  x₁ + ─────────────────────────────────────────────────────────────────────────
	       ⎛     5.609072417617631e-5⋅(x₁ + x₂ + 1921.2076517913135)⎞               
	       ⎜x₁ + ───────────────────────────────────────────────────⎟⋅(x₂ + 0.000400
	       ⎜                               2                        ⎟               
	       ⎝                             x₁                         ⎠               

	  55564                                                        
	  ───────────────────────────────────── - 2.1961947232184622e-5
                                                             
	  02517101780195) + 0.10756004508147662                        
                                                             
                                                             

None

--------------------------------------------------

[00:00:05:19.65] Training epoch 1/14, current best R: 1.0000

	** New best
	Reward: 0.9999706986770284
	Count Off-policy: 1
	Count On-policy: 0
	Originally on Policy: False
	Invalid: False
	Traversal: add,sub,mul,inv,mul,inv,mul,add,x1,1068.846186235832,0.0012528742100199088,12.406689504258923,inv,add,mul,add,inv,div,div,x1,mul,div,div,mul,add,add,1921.2076517913135,x2,x1,x2,x1,x2,0.007603273364769681,0.007377181048898854,x1,add,x2,0.00040002517101780195,0.10756004508147662,2.1961947232184622e-05,x1
	Expression:
	                                      0.00010098376441111279⋅x₁ + 0.107936111462
	  x₁ + ─────────────────────────────────────────────────────────────────────────
	       ⎛     5.609072417617631e-5⋅(x₁ + x₂ + 1921.2076517913135)⎞               
	       ⎜x₁ + ───────────────────────────────────────────────────⎟⋅(x₂ + 0.000400
	       ⎜                               2                        ⎟               
	       ⎝                             x₁                         ⎠               

	  55564                                                        
	  ───────────────────────────────────── - 2.1961947232184622e-5
                                                             
	  02517101780195) + 0.10756004508147662                        
                                                             
                                                             

10 	0   	1024    	1024  	1020         	(-0.9761373975424222,)	11.4107
11 	1   	1024    	747   	627          	(-0.9783459419025149,)	8.86087
12 	2   	1024    	786   	648          	(-0.9957254211620967,)	13.6504
13 	3   	1024    	783   	629          	(-0.9957254211620967,)	15.0829
14 	4   	1024    	771   	617          	(-0.9957272997951647,)	21.0569
15 	5   	1024    	769   	584          	(-0.9999999889879755,)	26.8202
16 	6   	1024    	766   	561          	(-0.9999999889879755,)	24.8031
17 	7   	1024    	760   	581          	(-0.9999999889879755,)	30.1014
18 	8   	1024    	798   	579          	(-0.9999999889879755,)	38.6839
19 	9   	1024    	764   	511          	(-0.9999999919900476,)	35.1127

--------------------------------------------------
GP Time: 225.831

Unique expressions evaluated: 14532
Total expression evaluations: 15880
--------------------------------------------------

GP -> best program this epoch:

	Reward: 0.9999999919900476
	Count Off-policy: 1
	Count On-policy: 0
	Originally on Policy: False
	Invalid: False
	Traversal: add,sub,mul,0.7742010866439905,inv,add,mul,div,add,mul,add,x2,x2,mul,x1,x1,mul,0.216216154644276,div,add,5.023693482824864e-10,x2,x1,mul,mul,0.2792764087707833,x1,x1,x1,0.7742006365689438,-1.3869053475102246e-08,x1
	Expression:
	                                                                       0.7742010
	  x₁ + 1.3869053475102246e-8 + ─────────────────────────────────────────────────
	                                                                      ⎛    2    
	                                                    3.580681964514776⋅⎜2⋅x₁ ⋅x₂ 
	                                                                      ⎝         
	                               0.7742006365689438 + ────────────────────────────
                                                                              

	  866439905                                        
	  ─────────────────────────────────────────────────
	    0.216216154644276⋅(x₂ + 5.023693482824864e-10)⎞
	  + ──────────────────────────────────────────────⎟
	                          x₁                      ⎠
	  ─────────────────────────────────────────────────
	            x₁                                     

None

--------------------------------------------------

[00:00:09:19.94] Training epoch 2/14, current best R: 1.0000

	** New best
	Reward: 0.9999999919900476
	Count Off-policy: 1
	Count On-policy: 0
	Originally on Policy: False
	Invalid: False
	Traversal: add,sub,mul,0.7742010866439905,inv,add,mul,div,add,mul,add,x2,x2,mul,x1,x1,mul,0.216216154644276,div,add,5.023693482824864e-10,x2,x1,mul,mul,0.2792764087707833,x1,x1,x1,0.7742006365689438,-1.3869053475102246e-08,x1
	Expression:
	                                                                       0.7742010
	  x₁ + 1.3869053475102246e-8 + ─────────────────────────────────────────────────
	                                                                      ⎛    2    
	                                                    3.580681964514776⋅⎜2⋅x₁ ⋅x₂ 
	                                                                      ⎝         
	                               0.7742006365689438 + ────────────────────────────
                                                                              

	  866439905                                        
	  ─────────────────────────────────────────────────
	    0.216216154644276⋅(x₂ + 5.023693482824864e-10)⎞
	  + ──────────────────────────────────────────────⎟
	                          x₁                      ⎠
	  ─────────────────────────────────────────────────
	            x₁                                     

[00:00:09:19.95] Early stopping criteria met; breaking early.
-- RUNNING EPOCHS END ---------------

-- EVALUATION START ----------------
Saving Hall of Fame to ./log/regression_config_regression_GPMELD.json_Livermore2_Vars2_25.in_normal_0.0_2023-05-30-034958/dso_regression_config_regression_GPMELD.json_Livermore2_Vars2_25.in_normal_0.0_0_hof.csv
Saving Pareto Front to ./log/regression_config_regression_GPMELD.json_Livermore2_Vars2_25.in_normal_0.0_2023-05-30-034958/dso_regression_config_regression_GPMELD.json_Livermore2_Vars2_25.in_normal_0.0_0_pf.csv
Invalid expressions: 210 of 17928 (1.2%).
Error type counts:
  reciprocal: 125 (59.5%)
  true_divide: 85 (40.5%)
Error node counts:
  divide: 209 (99.5%)
  invalid: 1 (0.5%)
-- EVALUATION END ------------------
== TRAINING SEED 0 END ==============
INFO: Completed run 1 of 1 in 561 s

== POST-PROCESS START =================
-- LOADING LOGS START ----------------
Successfully loaded summary data
Successfully loaded Hall of Fame data
Successfully loaded Pareto Front data
-- LOADING LOGS END ------------------

-- ANALYZING LOG START --------------
Task_____________regression
Source path______./log/regression_config_regression_GPMELD.json_Livermore2_Vars2_25.in_normal_0.0_2023-05-30-034958
Runs_____________1
Max Samples/run__15000
Success_rate_____1.0
Hall of Fame (Top 5 of 100)____
    0: S=000 R=1.000000 <-- [x1 + 1.3869053475102246e-8 + 0.7742010866439905/(0.7742006365689438 + 3.580681964514776*(2*x1**2*x2 + 0.216216154644276*(x2 + 5.023693482824864e-10)/x1)/x1)]
    1: S=000 R=1.000000 <-- [x1 + 1.3869053475102246e-8 + 0.7742010866439905/(0.7742006365689438 + 3.580681964514776*(2*x1**2*x2 + 0.216216154644276*(x2 + 5.023693482824864e-10)/x1)/x1)]
    2: S=000 R=1.000000 <-- [x1 + 1.4333570724188907e-8 + 0.7871861358360067/(0.7871858665289843 + 3.6407357235886172*(2*x1**2*x2 + 0.21621638963405942*x2/x1)/x1)]
    3: S=000 R=1.000000 <-- [x1 + 1.4333570724188907e-8 + 0.7871861358360067/(0.7871858665289843 + 3.6407357235886172*(2*x1**2*x2 + 0.21621638963405942*x2/x1)/x1)]
    4: S=000 R=1.000000 <-- [x1 + 4.3009669486495044e-8 + 0.7767127323520505/(0.776711962871048 + 3.5922988718808136*(2*x1**2*x2 + 0.21621626297694941*x2/x1)/x1)]
  Saving Hall of Fame plot to ./log/regression_config_regression_GPMELD.json_Livermore2_Vars2_25.in_normal_0.0_2023-05-30-034958/dso_regression_config_regression_GPMELD.json_Livermore2_Vars2_25.in_normal_0.0_plot_hof.png
Pareto Front (5 of 15)____
    0: S=000 R=1.000000 C=35.00 <-- [x1 + 1.3869053475102246e-8 + 0.7742010866439905/(0.7742006365689438 + 3.580681964514776*(2*x1**2*x2 + 0.216216154644276*(x2 + 5.023693482824864e-10)/x1)/x1)]
    1: S=000 R=1.000000 C=33.00 <-- [x1 + 1.4333570724188907e-8 + 0.7871861358360067/(0.7871858665289843 + 3.6407357235886172*(2*x1**2*x2 + 0.21621638963405942*x2/x1)/x1)]
    2: S=000 R=0.998629 C=32.00 <-- [x1 + 1.0038997228607813 - 4.207513164218926/(4.194190684265584 + 1.156445342971954*(x1 - 0.07960041677888659)/(x1*x2*(2.929387118278957*x1 - 1.3783924197756892 + 1/x1)))]
    3: S=000 R=0.995725 C=29.00 <-- [x1 + 0.00040442690105333605 + 0.1597493840809082/(x2*(2.026609962813251*x1 - 1.5159304523179329 + 0.1598278257005227/x2 + 1/x1))]
    4: S=000 R=0.995223 C=24.00 <-- [x1*(1.0006667711388437 + 1/(x1*(x2 + 0.08321065547349557)*(8.807560035686711*x1 - 2.82842636258619 + 4.304191396355064/x1)))]
  Saving Pareto Front plot to ./log/regression_config_regression_GPMELD.json_Livermore2_Vars2_25.in_normal_0.0_2023-05-30-034958/dso_regression_config_regression_GPMELD.json_Livermore2_Vars2_25.in_normal_0.0_plot_pf.png
-- ANALYZING LOG END ----------------
== POST-PROCESS END ===================
