['add', 'X_0', 'mul', 'X_0', 'pow', 'add', 'X_0', 'add', 'mul', 'X_1', 'pow', 'X_0', -1, 'mul', 9.25, 'mul', 'X_1', 'pow', 'X_0', 2, -1]
--------------------
eq_name 	 Livermore2_Vars2_25
num_vars 	 2
vars_range_and_types 	 [{"name": "LogUniform", "range": [0.1, 10], "only_positive": true}, {"name": "LogUniform", "range": [0.1, 10], "only_positive": true}]
function_set 	 ['add', 'sub', 'mul', 'div', 'n2', 'const']
eq_expression 	 add,X_0,mul,X_0,pow,add,X_0,add,mul,X_1,pow,X_0,-1,mul,9.25,mul,X_1,pow,X_0,2,-1
expr 	 X_0 + X_0/(9.25*X_0**2*X_1 + X_0 + X_1/X_0)
--------------------

== EXPERIMENT SETUP START ===========
Task type            : regression
Starting seed        : 0
Runs                 : 1
== EXPERIMENT SETUP END =============

== TRAINING SEED 0 START ============
self.dataX <dso.symbolic_data_generator.DataX object at 0x2b15c770d080>, self.data_query_oracle: <dso.symbolic_equation_evaluator_public.Equation_evaluator object at 0x2b15e67aed68>
generate dataset!
-- BUILDING PRIOR START -------------
WARNING: Skipping invalid 'RelationalConstraint' with arguments {'targets': [], 'effectors': [], 'relationship': None}. Reason: Prior disabled.
WARNING: Skipping invalid 'TrigConstraint' with arguments {}. Reason: There are no target Tokens.
WARNING: Skipping invalid 'UniformArityPrior' with arguments {}. Reason: Prior disabled.
WARNING: Skipping invalid 'LanguageModelPrior' with arguments {'weight': None}. Reason: Prior disabled.
LengthConstraint: Sequences have minimum length 4.
                  Sequences have maximum length 256.
RepeatConstraint: [const] cannot occur more than 10 times.
RelationalConstraint: [inv] cannot be a child of [inv].
ConstConstraint: [const] cannot be the only unique child of [inv, add, sub, mul, div].
NoInputsConstraint: Sequences contain at least one input variable Token.
SoftLengthPrior: No description available.
-- BUILDING PRIOR END ---------------

-- RUNNING EPOCHS START -------------
[00:00:00:13.19] Training epoch 1/14, current best R: 0.9814

	** New best
	Reward: 0.9814388415413392
	Count Off-policy: False
	Count On-policy: True
	Originally on Policy: True
	Invalid: False
	Traversal: mul,div,x2,add,x2,add,div,x1,sub,add,div,18.863486575843964,x1,mul,add,x1,x1,7.518119390719603,x1,-0.0712610164907925,x1
	Expression:
	                                 x₁⋅x₂                               
	  ───────────────────────────────────────────────────────────────────
	                      x₁                                             
	  ───────────────────────────────────────── + x₂ - 0.0712610164907925
	                         18.863486575843964                          
	  14.03623878143921⋅x₁ + ──────────────────                          
	                                 x₁                                  

[00:00:00:39.24] Training epoch 3/14, current best R: 0.9856

	** New best
	Reward: 0.9856302054744785
	Count Off-policy: False
	Count On-policy: True
	Originally on Policy: True
	Invalid: False
	Traversal: sub,x1,inv,div,add,x1,add,add,inv,x1,-1.667864103225602,mul,x2,10.521280453319433,-0.7936976284686793
	Expression:
	                                                 1                              
	  x₁ - ─────────────────────────────────────────────────────────────────────────
	                                                                           1.259
	       -1.259925649430691⋅x₁ - 13.256031107990921⋅x₂ + 2.101384763418653 - ─────
                                                                              

            
	  ────────────
	  925649430691
	  ────────────
	     x₁       

[00:00:01:43.01] Training epoch 8/14, current best R: 0.9916

	** New best
	Reward: 0.9916308483753079
	Count Off-policy: False
	Count On-policy: True
	Originally on Policy: True
	Invalid: False
	Traversal: add,div,div,inv,sub,-0.42966824469989157,add,x1,add,sub,div,inv,mul,x1,x1,9.181930867453884,-0.42966804821062116,-0.2044362190983881,-9.353979502961511,x2,x1
	Expression:
	                        0.1069063706717976                
	  x₁ - ───────────────────────────────────────────────────
	          ⎛                            0.1089095544755824⎞
	       x₂⋅⎜-x₁ - 0.65490007381212463 - ──────────────────⎟
	          ⎜                                     2        ⎟
	          ⎝                                   x₁         ⎠

[00:00:02:10.07] Training epoch 10/14, current best R: 0.9916
[00:00:03:14.34] Ending training after epoch 14/14, current best R: 0.9916
-- RUNNING EPOCHS END ---------------

-- EVALUATION START ----------------
Saving Hall of Fame to ./log/regression_config_regression_VPG.json_Livermore2_Vars2_25.in_normal_0.0_2023-05-30-034929/dso_regression_config_regression_VPG.json_Livermore2_Vars2_25.in_normal_0.0_0_hof.csv
Saving Pareto Front to ./log/regression_config_regression_VPG.json_Livermore2_Vars2_25.in_normal_0.0_2023-05-30-034929/dso_regression_config_regression_VPG.json_Livermore2_Vars2_25.in_normal_0.0_0_pf.csv
Invalid expressions: 332 of 14336 (2.3%).
Error type counts:
  reciprocal: 201 (60.5%)
  true_divide: 131 (39.5%)
Error node counts:
  divide: 331 (99.7%)
  invalid: 1 (0.3%)
-- EVALUATION END ------------------
== TRAINING SEED 0 END ==============
INFO: Completed run 1 of 1 in 196 s

== POST-PROCESS START =================
-- LOADING LOGS START ----------------
Successfully loaded summary data
Successfully loaded Hall of Fame data
Successfully loaded Pareto Front data
-- LOADING LOGS END ------------------

-- ANALYZING LOG START --------------
Task_____________regression
Source path______./log/regression_config_regression_VPG.json_Livermore2_Vars2_25.in_normal_0.0_2023-05-30-034929
Runs_____________1
Max Samples/run__15000
Success_rate_____0.0
Hall of Fame (Top 5 of 100)____
    0: S=000 R=0.991631 <-- [x1 - 0.1069063706717976/(x2*(-x1 - 0.65490007381212463 - 0.1089095544755824/x1**2))]
    1: S=000 R=0.990318 <-- [x1 + 1/(x2*(10.721023771920637*x1 + 5.414296320598295/x1))]
    2: S=000 R=0.988066 <-- [(x1 - 0.04190399992931111)/(0.41379592336598064 + 1/(1.7273895592728432 + 0.30385306231442993/(x1**2*x2)))]
    3: S=000 R=0.987139 <-- [x1 + 1/(x1 + x2*(14.02964702415568 + 1/(x1*(x2 + 0.08118621956150363))) - x2 - 1.007290757160426)]
    4: S=000 R=0.985630 <-- [x1 - 1/(-1.259925649430691*x1 - 13.256031107990921*x2 + 2.101384763418653 - 1.259925649430691/x1)]
  Saving Hall of Fame plot to ./log/regression_config_regression_VPG.json_Livermore2_Vars2_25.in_normal_0.0_2023-05-30-034929/dso_regression_config_regression_VPG.json_Livermore2_Vars2_25.in_normal_0.0_plot_hof.png
Pareto Front (5 of 10)____
    0: S=000 R=0.991631 C=26.00 <-- [x1 - 0.1069063706717976/(x2*(-x1 - 0.65490007381212463 - 0.1089095544755824/x1**2))]
    1: S=000 R=0.990318 C=25.00 <-- [x1 + 1/(x2*(10.721023771920637*x1 + 5.414296320598295/x1))]
    2: S=000 R=0.988066 C=20.00 <-- [(x1 - 0.04190399992931111)/(0.41379592336598064 + 1/(1.7273895592728432 + 0.30385306231442993/(x1**2*x2)))]
    3: S=000 R=0.985630 C=18.00 <-- [x1 - 1/(-1.259925649430691*x1 - 13.256031107990921*x2 + 2.101384763418653 - 1.259925649430691/x1)]
    4: S=000 R=0.976306 C=17.00 <-- [x1 + 0.00317066423414876*x2 + 1/(0.41831707145421538*x1 + 21.654614706753028*x2)]
  Saving Pareto Front plot to ./log/regression_config_regression_VPG.json_Livermore2_Vars2_25.in_normal_0.0_2023-05-30-034929/dso_regression_config_regression_VPG.json_Livermore2_Vars2_25.in_normal_0.0_plot_pf.png
-- ANALYZING LOG END ----------------
== POST-PROCESS END ===================
