['mul', 'pow', 'X_0', -1, 'mul', 'add', 4.0755, 'mul', -2.85, 'X_0', 'mul', 'add', 'X_0', 'X_1', 'add', 'X_0', 'mul', -1, 'X_2']
--------------------
eq_name 	 Livermore2_Vars3_10
num_vars 	 3
vars_range_and_types 	 [{"name": "LogUniform", "range": [0.1, 10], "only_positive": true}, {"name": "LogUniform", "range": [0.1, 10], "only_positive": true}, {"name": "LogUniform", "range": [0.1, 10], "only_positive": true}]
function_set 	 ['add', 'sub', 'mul', 'div', 'const']
eq_expression 	 mul,pow,X_0,-1,mul,add,4.0755,mul,-2.85,X_0,mul,add,X_0,X_1,add,X_0,mul,-1,X_2
expr 	 (4.0755 - 2.85*X_0)*(X_0 + X_1)*(X_0 - X_2)/X_0
--------------------

== EXPERIMENT SETUP START ===========
Task type            : regression
Starting seed        : 0
Runs                 : 1
== EXPERIMENT SETUP END =============

== TRAINING SEED 0 START ============
self.dataX <dso.symbolic_data_generator.DataX object at 0x2b69c77fa160>, self.data_query_oracle: <dso.symbolic_equation_evaluator_public.Equation_evaluator object at 0x2b69b2040d68>
generate dataset!
-- BUILDING PRIOR START -------------
WARNING: Skipping invalid 'RelationalConstraint' with arguments {'targets': [], 'effectors': [], 'relationship': None}. Reason: Prior disabled.
WARNING: Skipping invalid 'TrigConstraint' with arguments {}. Reason: There are no target Tokens.
WARNING: Skipping invalid 'UniformArityPrior' with arguments {}. Reason: Prior disabled.
WARNING: Skipping invalid 'LanguageModelPrior' with arguments {'weight': None}. Reason: Prior disabled.
LengthConstraint: Sequences have minimum length 4.
                  Sequences have maximum length 256.
RepeatConstraint: [const] cannot occur more than 10 times.
RelationalConstraint: [inv] cannot be a child of [inv].
ConstConstraint: [const] cannot be the only unique child of [inv, add, sub, mul, div].
NoInputsConstraint: Sequences contain at least one input variable Token.
SoftLengthPrior: No description available.
-- BUILDING PRIOR END ---------------

-- RUNNING EPOCHS START -------------
[00:00:00:06.68] Training epoch 1/14, current best R: 0.6952

	** New best
	Reward: 0.6951636683142749
	Count Off-policy: False
	Count On-policy: True
	Originally on Policy: True
	Invalid: False
	Traversal: mul,inv,div,x1,mul,x2,x3,-3.5187175869844025
	Expression:
	  -3.5187175869844025⋅x₂⋅x₃ 
	  ──────────────────────────
	              x₁            

[00:00:00:11.71] Training epoch 2/14, current best R: 0.6963

	** New best
	Reward: 0.6962814743888559
	Count Off-policy: False
	Count On-policy: True
	Originally on Policy: True
	Invalid: False
	Traversal: sub,x3,sub,x2,div,mul,x3,-3.5181125863517337,mul,x1,inv,x2
	Expression:
	             3.5181125863517337⋅x₂⋅x₃
	  -x₂ + x₃ - ────────────────────────
	                        x₁           

[00:00:00:25.02] Training epoch 5/14, current best R: 0.7186

	** New best
	Reward: 0.7185555921248739
	Count Off-policy: False
	Count On-policy: True
	Originally on Policy: True
	Invalid: False
	Traversal: div,sub,-3.379091854871598,sub,mul,sub,x1,x3,div,sub,x1,mul,div,x3,x3,x2,0.2552186233324246,x2,x1
	Expression:
	  x₂ - (x₁ - x₃)⋅(3.918209364751141⋅x₁ - 3.918209364751141⋅x₂) - 3.3790918548715
	  ──────────────────────────────────────────────────────────────────────────────
	                                         x₁                                     

	  98
	  ──
  

[00:00:00:33.61] Training epoch 7/14, current best R: 0.7499

	** New best
	Reward: 0.749929636111454
	Count Off-policy: False
	Count On-policy: True
	Originally on Policy: True
	Invalid: False
	Traversal: mul,x2,add,mul,x1,-4.170098262055656,add,x2,mul,-3.6253649981588185,div,sub,x3,-0.1149422987491075,x1
	Expression:
	     ⎛                             3.6253649981588185⋅(x₃ + 0.1149422987491075)⎞
	  x₂⋅⎜-4.170098262055656⋅x₁ + x₂ - ────────────────────────────────────────────⎟
	     ⎝                                                  x₁                     ⎠

[00:00:00:46.44] Training epoch 10/14, current best R: 0.7499
[00:00:01:03.76] Ending training after epoch 14/14, current best R: 0.7499
-- RUNNING EPOCHS END ---------------

-- EVALUATION START ----------------
Saving Hall of Fame to ./log/regression_config_regression_PQT.json_Livermore2_Vars3_10.in_normal_0.0_2023-05-30-042140/dso_regression_config_regression_PQT.json_Livermore2_Vars3_10.in_normal_0.0_0_hof.csv
Saving Pareto Front to ./log/regression_config_regression_PQT.json_Livermore2_Vars3_10.in_normal_0.0_2023-05-30-042140/dso_regression_config_regression_PQT.json_Livermore2_Vars3_10.in_normal_0.0_0_pf.csv
Invalid expressions: 331 of 14336 (2.3%).
Error type counts:
  true_divide: 155 (46.8%)
  reciprocal: 176 (53.2%)
Error node counts:
  divide: 331 (100.0%)

Priority queue entry 0:
	Reward: 0.749929636111454
	Count Off-policy: False
	Count On-policy: True
	Originally on Policy: True
	Invalid: False
	Traversal: mul,x2,add,mul,x1,-4.170098262055656,add,x2,mul,-3.6253649981588185,div,sub,x3,-0.1149422987491075,x1
	Expression:
	     ⎛                             3.6253649981588185⋅(x₃ + 0.1149422987491075)⎞
	  x₂⋅⎜-4.170098262055656⋅x₁ + x₂ - ────────────────────────────────────────────⎟
	     ⎝                                                  x₁                     ⎠


Priority queue entry 1:
	Reward: 0.7185555921248739
	Count Off-policy: False
	Count On-policy: True
	Originally on Policy: True
	Invalid: False
	Traversal: div,sub,-3.379091854871598,sub,mul,sub,x1,x3,div,sub,x1,mul,div,x3,x3,x2,0.2552186233324246,x2,x1
	Expression:
	  x₂ - (x₁ - x₃)⋅(3.918209364751141⋅x₁ - 3.918209364751141⋅x₂) - 3.3790918548715
	  ──────────────────────────────────────────────────────────────────────────────
	                                         x₁                                     

	  98
	  ──
  


Priority queue entry 2:
	Reward: 0.7119148028377661
	Count Off-policy: False
	Count On-policy: True
	Originally on Policy: True
	Invalid: False
	Traversal: sub,x3,add,x1,add,x1,inv,mul,div,sub,div,add,0.26011924828168487,div,x2,1.0057558227737973,x2,0.9911196844340353,x3,x1
	Expression:
	                                                 x₃                             
	  -2⋅x₁ + x₃ - ─────────────────────────────────────────────────────────────────
	                  ⎛                      0.9942771171257819⋅x₂ + 0.2601192482816
	               x₁⋅⎜-0.9911196844340353 + ───────────────────────────────────────
	                  ⎝                                           x₂                

     
	  ─────
	  8487⎞
	  ────⎟
	      ⎠


Priority queue entry 3:
	Reward: 0.706909900588383
	Count Off-policy: False
	Count On-policy: True
	Originally on Policy: True
	Invalid: False
	Traversal: sub,mul,sub,x1,x1,x1,sub,inv,div,inv,mul,div,sub,x1,x2,x1,-3.5008037258933684,x3,-21.37511997174924
	Expression:
	                       3.5008037258933684⋅x₃⋅(x₁ - x₂)
	  -21.37511997174924 + ───────────────────────────────
	                                      x₁              


Priority queue entry 4:
	Reward: 0.6993993685778256
	Count Off-policy: False
	Count On-policy: True
	Originally on Policy: True
	Invalid: False
	Traversal: mul,x3,inv,mul,div,add,div,0.012041618439919157,mul,inv,div,add,mul,x1,x1,x3,x2,-0.044287354454311055,-0.006496536719618009,x3,x1
	Expression:
	                                2                            
	                              x₃                             
	  ───────────────────────────────────────────────────────────
	     ⎛                                            ⎛  2     ⎞⎞
	     ⎜                        0.27189744314806305⋅⎝x₁  + x₃⎠⎟
	  x₁⋅⎜-0.006496536719618009 - ──────────────────────────────⎟
	     ⎝                                      x₂              ⎠


Priority queue entry 5:
	Reward: 0.6975406658443788
	Count Off-policy: False
	Count On-policy: True
	Originally on Policy: True
	Invalid: False
	Traversal: mul,div,x3,x1,mul,sub,add,x2,div,add,x1,0.08274218823797366,x1,1.386062587388612,-3.409825864704938
	Expression:
	     ⎛                                            3.409825864704938⋅(x₁ + 0.0827
	  x₃⋅⎜-3.409825864704938⋅x₂ + 4.726232060577538 - ──────────────────────────────
	     ⎝                                                                 x₁       
	  ──────────────────────────────────────────────────────────────────────────────
	                                                x₁                              

	  4218823797366)⎞
	  ──────────────⎟
	                ⎠
	  ───────────────
               


Priority queue entry 6:
	Reward: 0.6962814743888559
	Count Off-policy: False
	Count On-policy: True
	Originally on Policy: True
	Invalid: False
	Traversal: sub,x3,sub,x2,div,mul,x3,-3.5181125863517337,mul,x1,inv,x2
	Expression:
	             3.5181125863517337⋅x₂⋅x₃
	  -x₂ + x₃ - ────────────────────────
	                        x₁           


Priority queue entry 7:
	Reward: 0.69568124711364
	Count Off-policy: False
	Count On-policy: True
	Originally on Policy: True
	Invalid: False
	Traversal: div,sub,mul,mul,x2,add,-0.4180756485993415,add,x3,inv,div,add,add,div,x2,x2,x3,74.67700983963273,x3,-3.5725222472736893,x2,x1
	Expression:
	                          ⎛               x₃                               ⎞    
	  - 3.5725222472736893⋅x₂⋅⎜x₃ + ────────────────────── - 0.4180756485993415⎟ - x
	                          ⎝     x₃ + 75.67700983963273                     ⎠    
	  ──────────────────────────────────────────────────────────────────────────────
	                                         x₁                                     

 
	  ₂
 
	  ─
 


Priority queue entry 8:
	Reward: 0.6951636683142749
	Count Off-policy: False
	Count On-policy: True
	Originally on Policy: True
	Invalid: False
	Traversal: mul,inv,div,x1,mul,x2,x3,-3.5187175869844025
	Expression:
	  -3.5187175869844025⋅x₂⋅x₃ 
	  ──────────────────────────
	              x₁            


Priority queue entry 9:
	Reward: 0.6951636683142749
	Count Off-policy: False
	Count On-policy: True
	Originally on Policy: True
	Invalid: False
	Traversal: mul,div,x3,mul,mul,inv,mul,x2,x1,x1,x1,-3.5187175869844025
	Expression:
	  -3.5187175869844025⋅x₂⋅x₃ 
	  ──────────────────────────
	              x₁            

-- EVALUATION END ------------------
== TRAINING SEED 0 END ==============
INFO: Completed run 1 of 1 in 65 s

== POST-PROCESS START =================
-- LOADING LOGS START ----------------
Successfully loaded summary data
Successfully loaded Hall of Fame data
Successfully loaded Pareto Front data
-- LOADING LOGS END ------------------

-- ANALYZING LOG START --------------
Task_____________regression
Source path______./log/regression_config_regression_PQT.json_Livermore2_Vars3_10.in_normal_0.0_2023-05-30-042140
Runs_____________1
Max Samples/run__15000
Success_rate_____0.0
Hall of Fame (Top 5 of 100)____
    0: S=000 R=0.749930 <-- [x2*(-4.170098262055656*x1 + x2 - 3.6253649981588185*(x3 + 0.1149422987491075)/x1)]
    1: S=000 R=0.718556 <-- [(x2 - (x1 - x3)*(3.918209364751141*x1 - 3.918209364751141*x2) - 3.379091854871598)/x1]
    2: S=000 R=0.711915 <-- [-2*x1 + x3 - x3/(x1*(-0.9911196844340353 + (0.9942771171257819*x2 + 0.26011924828168487)/x2))]
    3: S=000 R=0.706910 <-- [-21.37511997174924 + 3.5008037258933684*x3*(x1 - x2)/x1]
    4: S=000 R=0.700226 <-- [-x2*(-x3 + (4.00609141937915*x3*(1.9447619530879134 - x2)/(x1 + 9.954584295674444*x2) + 4.00609141937915*x3)/x1) + x3]
  Saving Hall of Fame plot to ./log/regression_config_regression_PQT.json_Livermore2_Vars3_10.in_normal_0.0_2023-05-30-042140/dso_regression_config_regression_PQT.json_Livermore2_Vars3_10.in_normal_0.0_plot_hof.png
Pareto Front (5 of 5)____
    0: S=000 R=0.749930 C=16.00 <-- [x2*(-4.170098262055656*x1 + x2 - 3.6253649981588185*(x3 + 0.1149422987491075)/x1)]
    1: S=000 R=0.696281 C=14.00 <-- [-x2 + x3 - 3.5181125863517337*x2*x3/x1]
    2: S=000 R=0.695164 C=9.00 <-- [-3.5187175869844025*x2*x3/x1]
    3: S=000 R=0.541670 C=6.00 <-- [-7.842602467062148*x3/x1]
    4: S=000 R=0.507938 C=5.00 <-- [-x2*x3 - 43.99622760791973]
  Saving Pareto Front plot to ./log/regression_config_regression_PQT.json_Livermore2_Vars3_10.in_normal_0.0_2023-05-30-042140/dso_regression_config_regression_PQT.json_Livermore2_Vars3_10.in_normal_0.0_plot_pf.png
-- ANALYZING LOG END ----------------
== POST-PROCESS END ===================
