['mul', 'X_0', 'mul', 'pow', 'X_1', -1, 'mul', 'pow', 'X_3', -1, 'mul', 'pow', 'add', 'X_2', 'mul', 129.28, 'mul', 'pow', 'X_0', 2, 'pow', 'X_1', 2, -1, 'pow', 'add', 'mul', -1, 'X_4', 'log', 'mul', 'pow', 'X_5', 2, 'pow', 'cos', 'add', 'pow', 'X_2', 2, 'add', 'mul', -1, 'X_3', 'mul', 2, 'X_1', 2, -1]
--------------------
eq_name 	 Livermore2_Vars6_17
num_vars 	 6
vars_range_and_types 	 [{"name": "LogUniform", "range": [0.1, 10], "only_positive": true}, {"name": "LogUniform", "range": [0.1, 10], "only_positive": true}, {"name": "LogUniform", "range": [0.1, 10], "only_positive": true}, {"name": "LogUniform", "range": [0.1, 10], "only_positive": true}, {"name": "LogUniform", "range": [0.1, 10], "only_positive": true}, {"name": "LogUniform", "range": [0.1, 10], "only_positive": true}]
function_set 	 ['add', 'sub', 'mul', 'div', 'sqrt', 'n2', 'log', 'exp', 'sin', 'cos', 'const']
eq_expression 	 mul,X_0,mul,pow,X_1,-1,mul,pow,X_3,-1,mul,pow,add,X_2,mul,129.28,mul,pow,X_0,2,pow,X_1,2,-1,pow,add,mul,-1,X_4,log,mul,pow,X_5,2,pow,cos,add,pow,X_2,2,add,mul,-1,X_3,mul,2,X_1,2,-1
expr 	 X_0/(X_1*X_3*(-X_4 + log(X_5**2*cos(2*X_1 + X_2**2 - X_3)**2))*(129.28*X_0**2*X_1**2 + X_2))
--------------------

== EXPERIMENT SETUP START ===========
Task type            : regression
Starting seed        : 0
Runs                 : 1
== EXPERIMENT SETUP END =============

== TRAINING SEED 0 START ============
self.dataX <dso.symbolic_data_generator.DataX object at 0x2ad2cb4a8b70>, self.data_query_oracle: <dso.symbolic_equation_evaluator_public.Equation_evaluator object at 0x2ad2b5d42d68>
generate dataset!
-- BUILDING PRIOR START -------------
WARNING: Skipping invalid 'RelationalConstraint' with arguments {'targets': [], 'effectors': [], 'relationship': None}. Reason: Prior disabled.
WARNING: Skipping invalid 'TrigConstraint' with arguments {}. Reason: There are no target Tokens.
WARNING: Skipping invalid 'UniformArityPrior' with arguments {}. Reason: Prior disabled.
WARNING: Skipping invalid 'LanguageModelPrior' with arguments {'weight': None}. Reason: Prior disabled.
LengthConstraint: Sequences have minimum length 4.
                  Sequences have maximum length 256.
RepeatConstraint: [const] cannot occur more than 10 times.
RelationalConstraint: [inv] cannot be a child of [inv].
ConstConstraint: [const] cannot be the only unique child of [inv, add, sub, mul, div].
NoInputsConstraint: Sequences contain at least one input variable Token.
SoftLengthPrior: No description available.
-- BUILDING PRIOR END ---------------

-- RUNNING EPOCHS START -------------
[00:00:00:03.22] Training epoch 1/14, current best R: 0.5002

	** New best
	Reward: 0.5002256573632131
	Count Off-policy: False
	Count On-policy: True
	Originally on Policy: True
	Invalid: False
	Traversal: div,-0.6017866382007794,mul,x4,add,x2,x5
	Expression:
	  -0.6017866382007794 
	  ────────────────────
	      x₄⋅(x₂ + x₅)    

[00:00:00:07.60] Training epoch 3/14, current best R: 0.5003

	** New best
	Reward: 0.5002661999466321
	Count Off-policy: False
	Count On-policy: True
	Originally on Policy: True
	Invalid: False
	Traversal: inv,sub,x4,mul,x4,add,add,add,1.2181154469539888,mul,add,div,sub,x6,0.4028868961052058,inv,x1,x1,x1,x4,x5
	Expression:
	                                         1                                      
	  ──────────────────────────────────────────────────────────────────────────────
	  -x₄⋅(x₁⋅(x₁⋅(x₆ - 0.4028868961052058) + x₁) + x₄ + x₅ + 1.2181154469539888) + 

  
	  ──
	  x₄

[00:00:00:11.56] Training epoch 5/14, current best R: 0.5003

	** New best
	Reward: 0.5002767208739255
	Count Off-policy: False
	Count On-policy: True
	Originally on Policy: True
	Invalid: False
	Traversal: div,-15.317613038781191,add,x5,mul,x2,mul,x4,42.806687017962545
	Expression:
	       -15.317613038781191     
	  ─────────────────────────────
	  42.806687017962545⋅x₂⋅x₄ + x₅

[00:00:00:15.05] Training epoch 7/14, current best R: 0.7211

	** New best
	Reward: 0.7211436675453401
	Count Off-policy: False
	Count On-policy: True
	Originally on Policy: True
	Invalid: False
	Traversal: inv,mul,1.0033643875028597,add,x1,sub,1.7100416537103311,add,x3,add,add,x6,0.2807015280639398,x4
	Expression:
	                                                          1                     
	  ──────────────────────────────────────────────────────────────────────────────
	  1.0033643875028597⋅x₁ - 1.0033643875028597⋅x₃ - 1.0033643875028597⋅x₄ - 1.0033

                                    
	  ────────────────────────────────────
	  643875028597⋅x₆ + 1.4341489797024519

[00:00:00:20.86] Training epoch 10/14, current best R: 0.7211
[00:00:00:28.42] Ending training after epoch 14/14, current best R: 0.7211
-- RUNNING EPOCHS END ---------------

-- EVALUATION START ----------------
Saving Hall of Fame to ./log/regression_config_regression_DSR.json_Livermore2_Vars6_17.in_normal_0.0_2023-05-30-034615/dso_regression_config_regression_DSR.json_Livermore2_Vars6_17.in_normal_0.0_0_hof.csv
Saving Pareto Front to ./log/regression_config_regression_DSR.json_Livermore2_Vars6_17.in_normal_0.0_2023-05-30-034615/dso_regression_config_regression_DSR.json_Livermore2_Vars6_17.in_normal_0.0_0_pf.csv
Invalid expressions: 173 of 14336 (1.2%).
Error type counts:
  reciprocal: 76 (43.9%)
  true_divide: 97 (56.1%)
Error node counts:
  divide: 173 (100.0%)
-- EVALUATION END ------------------
== TRAINING SEED 0 END ==============
INFO: Completed run 1 of 1 in 30 s

== POST-PROCESS START =================
-- LOADING LOGS START ----------------
Successfully loaded summary data
Successfully loaded Hall of Fame data
Successfully loaded Pareto Front data
-- LOADING LOGS END ------------------

-- ANALYZING LOG START --------------
Task_____________regression
Source path______./log/regression_config_regression_DSR.json_Livermore2_Vars6_17.in_normal_0.0_2023-05-30-034615
Runs_____________1
Max Samples/run__15000
Success_rate_____0.0
Hall of Fame (Top 5 of 100)____
    0: S=000 R=0.721144 <-- [1/(1.0033643875028597*x1 - 1.0033643875028597*x3 - 1.0033643875028597*x4 - 1.0033643875028597*x6 + 1.4341489797024519)]
    1: S=000 R=0.500378 <-- [-0.13169915206003116/(x1*x4*(x2 + 0.20129145222674508*x5))]
    2: S=000 R=0.500323 <-- [(-x4 - 0.10415782655354466/(x4*(x1 + x2)))/x4]
    3: S=000 R=0.500314 <-- [0.37355597836130194 - 1/(x2 + 0.03846349608387421*x3 + x4 - 0.19650947525797488)]
    4: S=000 R=0.500283 <-- [1/(x2*x4*(-9.84411616115644*x1 - 1/x6))]
  Saving Hall of Fame plot to ./log/regression_config_regression_DSR.json_Livermore2_Vars6_17.in_normal_0.0_2023-05-30-034615/dso_regression_config_regression_DSR.json_Livermore2_Vars6_17.in_normal_0.0_plot_hof.png
Pareto Front (5 of 7)____
    0: S=000 R=0.721144 C=15.00 <-- [1/(1.0033643875028597*x1 - 1.0033643875028597*x3 - 1.0033643875028597*x4 - 1.0033643875028597*x6 + 1.4341489797024519)]
    1: S=000 R=0.500323 C=13.00 <-- [(-x4 - 0.10415782655354466/(x4*(x1 + x2)))/x4]
    2: S=000 R=0.500277 C=10.00 <-- [-15.317613038781191/(42.806687017962545*x2*x4 + x5)]
    3: S=000 R=0.500226 C=8.00 <-- [-0.6017866382007794/(x4*(x2 + x5))]
    4: S=000 R=0.500048 C=7.00 <-- [-0.08846009498192473/(x1*x4)]
  Saving Pareto Front plot to ./log/regression_config_regression_DSR.json_Livermore2_Vars6_17.in_normal_0.0_2023-05-30-034615/dso_regression_config_regression_DSR.json_Livermore2_Vars6_17.in_normal_0.0_plot_pf.png
-- ANALYZING LOG END ----------------
== POST-PROCESS END ===================
