['add', 'X_0', 'add', 'mul', -3.03, 'pow', 'X_2', 0.5, 'mul', 'X_1', 'X_2']
--------------------
eq_name 	 Livermore2_Vars3_18
num_vars 	 3
vars_range_and_types 	 [{"name": "LogUniform", "range": [0.1, 10], "only_positive": true}, {"name": "LogUniform", "range": [0.1, 10], "only_positive": true}, {"name": "LogUniform", "range": [0.1, 10], "only_positive": true}]
function_set 	 ['add', 'sub', 'mul', 'div', 'sqrt', 'const']
eq_expression 	 add,X_0,add,mul,-3.03,pow,X_2,0.5,mul,X_1,X_2
expr 	 X_0 + X_1*X_2 - 3.03*sqrt(X_2)
--------------------

== EXPERIMENT SETUP START ===========
Task type            : regression
Starting seed        : 0
Runs                 : 1
== EXPERIMENT SETUP END =============

== TRAINING SEED 0 START ============
self.dataX <dso.symbolic_data_generator.DataX object at 0x2ae6dc3a6080>, self.data_query_oracle: <dso.symbolic_equation_evaluator_public.Equation_evaluator object at 0x2ae6fb447d68>
generate dataset!
-- BUILDING PRIOR START -------------
WARNING: Skipping invalid 'RelationalConstraint' with arguments {'targets': [], 'effectors': [], 'relationship': None}. Reason: Prior disabled.
WARNING: Skipping invalid 'TrigConstraint' with arguments {}. Reason: There are no target Tokens.
WARNING: Skipping invalid 'UniformArityPrior' with arguments {}. Reason: Prior disabled.
WARNING: Skipping invalid 'LanguageModelPrior' with arguments {'weight': None}. Reason: Prior disabled.
LengthConstraint: Sequences have minimum length 4.
                  Sequences have maximum length 256.
RepeatConstraint: [const] cannot occur more than 10 times.
RelationalConstraint: [inv] cannot be a child of [inv].
ConstConstraint: [const] cannot be the only unique child of [inv, add, sub, mul, div].
NoInputsConstraint: Sequences contain at least one input variable Token.
SoftLengthPrior: No description available.
-- BUILDING PRIOR END ---------------

-- RUNNING EPOCHS START -------------
[00:00:00:07.62] Training epoch 1/14, current best R: 0.7892

	** New best
	Reward: 0.7891964612742158
	Count Off-policy: False
	Count On-policy: True
	Originally on Policy: True
	Invalid: False
	Traversal: sub,div,x2,inv,x3,mul,add,add,inv,add,add,x2,add,x1,sub,x1,x1,x2,x3,-0.9501117094097948,0.9714618916855432
	Expression:
	                                                       0.9714618916855432
	  x₂⋅x₃ - 0.9714618916855432⋅x₃ + 0.9229973185358244 - ──────────────────
	                                                           x₁ + 2⋅x₂     

[00:00:00:29.83] Training epoch 4/14, current best R: 0.8185

	** New best
	Reward: 0.8184796279343559
	Count Off-policy: False
	Count On-policy: True
	Originally on Policy: True
	Invalid: False
	Traversal: add,x3,mul,sub,x2,add,div,inv,mul,add,113.85770829880394,x1,0.019185727850782725,0.01914529542608132,-21.628504695677826,x3
	Expression:
	     ⎛                                        52.2321530039028              ⎞   
	  x₃⋅⎜x₂ + 21.628504695677826 - ────────────────────────────────────────────⎟ + 
	     ⎝                          0.019185727850782725⋅x₁ + 2.1844430051346581⎠   

  
	  x₃
  

[00:00:00:37.62] Training epoch 5/14, current best R: 0.9428

	** New best
	Reward: 0.942821490534685
	Count Off-policy: False
	Count On-policy: True
	Originally on Policy: True
	Invalid: False
	Traversal: mul,x3,sub,x2,add,0.9302733753580031,sub,inv,x3,div,add,mul,1.000838731490417,x1,-0.7455287211749071,x3
	Expression:
	     ⎛                          1.000838731490417⋅x₁ - 0.7455287211749071   1 ⎞
	  x₃⋅⎜x₂ - 0.9302733753580031 + ───────────────────────────────────────── - ──⎟
	     ⎝                                              x₃                      x₃⎠

[00:00:01:15.38] Training epoch 10/14, current best R: 0.9428
[00:00:01:41.56] Ending training after epoch 14/14, current best R: 0.9428
-- RUNNING EPOCHS END ---------------

-- EVALUATION START ----------------
Saving Hall of Fame to ./log/regression_config_regression_VPG.json_Livermore2_Vars3_18.in_normal_0.0_2023-05-30-031607/dso_regression_config_regression_VPG.json_Livermore2_Vars3_18.in_normal_0.0_0_hof.csv
Saving Pareto Front to ./log/regression_config_regression_VPG.json_Livermore2_Vars3_18.in_normal_0.0_2023-05-30-031607/dso_regression_config_regression_VPG.json_Livermore2_Vars3_18.in_normal_0.0_0_pf.csv
Invalid expressions: 315 of 14336 (2.2%).
Error type counts:
  reciprocal: 187 (59.4%)
  true_divide: 128 (40.6%)
Error node counts:
  divide: 314 (99.7%)
  invalid: 1 (0.3%)
-- EVALUATION END ------------------
== TRAINING SEED 0 END ==============
INFO: Completed run 1 of 1 in 103 s

== POST-PROCESS START =================
-- LOADING LOGS START ----------------
Successfully loaded summary data
Successfully loaded Hall of Fame data
Successfully loaded Pareto Front data
-- LOADING LOGS END ------------------

-- ANALYZING LOG START --------------
Task_____________regression
Source path______./log/regression_config_regression_VPG.json_Livermore2_Vars3_18.in_normal_0.0_2023-05-30-031607
Runs_____________1
Max Samples/run__15000
Success_rate_____0.0
Hall of Fame (Top 5 of 100)____
    0: S=000 R=0.942821 <-- [x3*(x2 - 0.9302733753580031 + (1.000838731490417*x1 - 0.7455287211749071)/x3 - 1/x3)]
    1: S=000 R=0.870376 <-- [x1 + 18054.795580038382*x2/(x3 + 17320.68811807937/(x3 - 0.38350890767597573)) - x3]
    2: S=000 R=0.867896 <-- [x1 + x3*(0.02851599868801303*x1 + 0.9985816923055584*x2 - 1.440916693404355 + 0.007543243885489351*x3/x1)]
    3: S=000 R=0.854058 <-- [0.9320374954891067*x1 + 0.9320374954891067*x2*x3 - 0.9320374954891067*x3]
    4: S=000 R=0.830977 <-- [x1 + 0.8143118793796362*x2*(x3 + 0.48619041215866277) - 3.7447904415079116]
  Saving Hall of Fame plot to ./log/regression_config_regression_VPG.json_Livermore2_Vars3_18.in_normal_0.0_2023-05-30-031607/dso_regression_config_regression_VPG.json_Livermore2_Vars3_18.in_normal_0.0_plot_hof.png
Pareto Front (5 of 5)____
    0: S=000 R=0.942821 C=18.00 <-- [x3*(x2 - 0.9302733753580031 + (1.000838731490417*x1 - 0.7455287211749071)/x3 - 1/x3)]
    1: S=000 R=0.870376 C=17.00 <-- [x1 + 18054.795580038382*x2/(x3 + 17320.68811807937/(x3 - 0.38350890767597573)) - x3]
    2: S=000 R=0.817369 C=16.00 <-- [0.99566668397001177*x1 + 0.86969038293829436*x2*x3 - 3.1294141337247804]
    3: S=000 R=0.791149 C=9.00 <-- [x1 + x2*x3 - 3.7439640638857586]
    4: S=000 R=0.777914 C=5.00 <-- [x3*(x2 - 0.8454822347681789)]
  Saving Pareto Front plot to ./log/regression_config_regression_VPG.json_Livermore2_Vars3_18.in_normal_0.0_2023-05-30-031607/dso_regression_config_regression_VPG.json_Livermore2_Vars3_18.in_normal_0.0_plot_pf.png
-- ANALYZING LOG END ----------------
== POST-PROCESS END ===================
