['mul', 'X_0', 'add', 'X_2', 'mul', 'pow', 'add', 'X_4', 'mul', 'X_1', 'X_3', -1, 'add', 'X_0', 'X_1']
--------------------
eq_name 	 Livermore2_Vars5_9
num_vars 	 5
vars_range_and_types 	 [{"name": "LogUniform", "range": [0.1, 10], "only_positive": true}, {"name": "LogUniform", "range": [0.1, 10], "only_positive": true}, {"name": "LogUniform", "range": [0.1, 10], "only_positive": true}, {"name": "LogUniform", "range": [0.1, 10], "only_positive": true}, {"name": "LogUniform", "range": [0.1, 10], "only_positive": true}]
function_set 	 ['add', 'sub', 'mul', 'div', 'const']
eq_expression 	 mul,X_0,add,X_2,mul,pow,add,X_4,mul,X_1,X_3,-1,add,X_0,X_1
expr 	 X_0*(X_2 + (X_0 + X_1)/(X_1*X_3 + X_4))
--------------------

== EXPERIMENT SETUP START ===========
Task type            : regression
Starting seed        : 0
Runs                 : 1
== EXPERIMENT SETUP END =============

== TRAINING SEED 0 START ============
self.dataX <dso.symbolic_data_generator.DataX object at 0x2aff06a95160>, self.data_query_oracle: <dso.symbolic_equation_evaluator_public.Equation_evaluator object at 0x2afeed2c1d68>
generate dataset!
-- BUILDING PRIOR START -------------
WARNING: Skipping invalid 'RelationalConstraint' with arguments {'targets': [], 'effectors': [], 'relationship': None}. Reason: Prior disabled.
WARNING: Skipping invalid 'TrigConstraint' with arguments {}. Reason: There are no target Tokens.
WARNING: Skipping invalid 'UniformArityPrior' with arguments {}. Reason: Prior disabled.
WARNING: Skipping invalid 'LanguageModelPrior' with arguments {'weight': None}. Reason: Prior disabled.
LengthConstraint: Sequences have minimum length 4.
                  Sequences have maximum length 256.
RepeatConstraint: [const] cannot occur more than 10 times.
RelationalConstraint: [inv] cannot be a child of [inv].
ConstConstraint: [const] cannot be the only unique child of [inv, add, sub, mul, div].
NoInputsConstraint: Sequences contain at least one input variable Token.
SoftLengthPrior: No description available.
-- BUILDING PRIOR END ---------------

-- RUNNING EPOCHS START -------------
[00:00:00:04.75] Training epoch 1/14, current best R: 0.6062

	** New best
	Reward: 0.6061652331870835
	Count Off-policy: False
	Count On-policy: True
	Originally on Policy: True
	Invalid: False
	Traversal: div,x1,inv,mul,div,0.11032914693092939,x4,mul,mul,x1,inv,x5,add,0.8291557854534979,x5
	Expression:
	                        2                          
	  0.11032914693092939⋅x₁ ⋅(x₅ + 0.8291557854534979)
	  ─────────────────────────────────────────────────
	                        x₄⋅x₅                      

[00:00:00:17.04] Training epoch 5/14, current best R: 0.6539

	** New best
	Reward: 0.6539401478014525
	Count Off-policy: False
	Count On-policy: True
	Originally on Policy: True
	Invalid: False
	Traversal: mul,add,add,x5,x1,x5,mul,1.0842428281514236,div,add,0.6822794905498379,x1,mul,add,x4,x5,0.9166291793246081
	Expression:
	  1.0842428281514236⋅(x₁ + 0.6822794905498379)⋅(x₁ + 2⋅x₅)
	  ────────────────────────────────────────────────────────
	       0.9166291793246081⋅x₄ + 0.9166291793246081⋅x₅      

[00:00:00:32.44] Training epoch 10/14, current best R: 0.6539
[00:00:00:45.83] Ending training after epoch 14/14, current best R: 0.6539
-- RUNNING EPOCHS END ---------------

-- EVALUATION START ----------------
Saving Hall of Fame to ./log/regression_config_regression_PQT.json_Livermore2_Vars5_9.in_normal_0.0_2023-05-30-030256/dso_regression_config_regression_PQT.json_Livermore2_Vars5_9.in_normal_0.0_0_hof.csv
Saving Pareto Front to ./log/regression_config_regression_PQT.json_Livermore2_Vars5_9.in_normal_0.0_2023-05-30-030256/dso_regression_config_regression_PQT.json_Livermore2_Vars5_9.in_normal_0.0_0_pf.csv
Invalid expressions: 242 of 14336 (1.7%).
Error type counts:
  reciprocal: 128 (52.9%)
  true_divide: 114 (47.1%)
Error node counts:
  divide: 242 (100.0%)

Priority queue entry 0:
	Reward: 0.6539401478014525
	Count Off-policy: False
	Count On-policy: True
	Originally on Policy: True
	Invalid: False
	Traversal: mul,add,add,x5,x1,x5,mul,1.0842428281514236,div,add,0.6822794905498379,x1,mul,add,x4,x5,0.9166291793246081
	Expression:
	  1.0842428281514236⋅(x₁ + 0.6822794905498379)⋅(x₁ + 2⋅x₅)
	  ────────────────────────────────────────────────────────
	       0.9166291793246081⋅x₄ + 0.9166291793246081⋅x₅      


Priority queue entry 1:
	Reward: 0.6096994602456259
	Count Off-policy: False
	Count On-policy: True
	Originally on Policy: True
	Invalid: False
	Traversal: mul,x1,sub,x3,inv,mul,x5,inv,add,x5,div,sub,inv,add,x1,x5,0.8214380723014568,x2
	Expression:
	     ⎛                                   1   ⎞
	     ⎜          -0.8214380723014568 + ───────⎟
	     ⎜                                x₁ + x₅⎟
	     ⎜     x₅ + ─────────────────────────────⎟
	     ⎜                        x₂             ⎟
	  x₁⋅⎜x₃ - ──────────────────────────────────⎟
	     ⎝                     x₅                ⎠


Priority queue entry 2:
	Reward: 0.6061652331870835
	Count Off-policy: False
	Count On-policy: True
	Originally on Policy: True
	Invalid: False
	Traversal: div,x1,inv,mul,div,0.11032914693092939,x4,mul,mul,x1,inv,x5,add,0.8291557854534979,x5
	Expression:
	                        2                          
	  0.11032914693092939⋅x₁ ⋅(x₅ + 0.8291557854534979)
	  ─────────────────────────────────────────────────
	                        x₄⋅x₅                      


Priority queue entry 3:
	Reward: 0.6049144139962197
	Count Off-policy: False
	Count On-policy: True
	Originally on Policy: True
	Invalid: False
	Traversal: mul,div,x1,8029.139704890458,sub,x4,add,x1,mul,x1,inv,div,add,x5,x2,-7293.845805861427
	Expression:
	                           ⎛                               x₁                   
	  0.0001245463445343853⋅x₁⋅⎜-x₁ - ──────────────────────────────────────────────
	                           ⎝      -0.0001371018837821314⋅x₂ - 0.0001371018837821

	             ⎞
	  ────── + x₄⎟
	  314⋅x₅     ⎠


Priority queue entry 4:
	Reward: 0.6018975754820691
	Count Off-policy: False
	Count On-policy: True
	Originally on Policy: True
	Invalid: False
	Traversal: mul,mul,add,x3,inv,x5,x1,1.5314399899857711
	Expression:
	                        ⎛     1 ⎞
	  1.5314399899857711⋅x₁⋅⎜x₃ + ──⎟
	                        ⎝     x₅⎠


Priority queue entry 5:
	Reward: 0.6003563593758738
	Count Off-policy: False
	Count On-policy: True
	Originally on Policy: True
	Invalid: False
	Traversal: sub,x5,div,191.32911185827237,sub,mul,inv,div,x1,x5,-46.29441660253312,x2
	Expression:
	           191.32911185827237    
	  x₅ - ──────────────────────────
	             46.29441660253312⋅x₅
	       -x₂ - ────────────────────
	                      x₁         


Priority queue entry 6:
	Reward: 0.5958985188838991
	Count Off-policy: False
	Count On-policy: True
	Originally on Policy: True
	Invalid: False
	Traversal: mul,mul,inv,mul,mul,inv,x1,x4,x5,0.11439896166261558,x1
	Expression:
	                        2
	  0.11439896166261558⋅x₁ 
	  ───────────────────────
	           x₄⋅x₅         


Priority queue entry 7:
	Reward: 0.5943818848443965
	Count Off-policy: False
	Count On-policy: True
	Originally on Policy: True
	Invalid: False
	Traversal: mul,x1,sub,x3,div,add,-2.081725343594058,x5,x5
	Expression:
	     ⎛     x₅ - 2.081725343594058⎞
	  x₁⋅⎜x₃ - ──────────────────────⎟
	     ⎝               x₅          ⎠


Priority queue entry 8:
	Reward: 0.5905821455513679
	Count Off-policy: False
	Count On-policy: True
	Originally on Policy: True
	Invalid: False
	Traversal: mul,div,inv,x4,x5,mul,x1,sub,x5,-0.554029761862431
	Expression:
	  x₁⋅(x₅ + 0.554029761862431)
	  ───────────────────────────
	             x₄⋅x₅           


Priority queue entry 9:
	Reward: 0.5848783693191861
	Count Off-policy: False
	Count On-policy: True
	Originally on Policy: True
	Invalid: False
	Traversal: mul,add,inv,div,mul,x4,add,mul,78.44121965510023,add,0.19082899822959729,x2,x5,mul,x1,x1,x1,x1
	Expression:
	     ⎛                          2                             ⎞
	     ⎜                        x₁                              ⎟
	  x₁⋅⎜─────────────────────────────────────────────────── + x₁⎟
	     ⎝x₄⋅(78.44121965510023⋅x₂ + x₅ + 14.968859366690574)     ⎠

-- EVALUATION END ------------------
== TRAINING SEED 0 END ==============
INFO: Completed run 1 of 1 in 47 s

== POST-PROCESS START =================
-- LOADING LOGS START ----------------
Successfully loaded summary data
Successfully loaded Hall of Fame data
Successfully loaded Pareto Front data
-- LOADING LOGS END ------------------

-- ANALYZING LOG START --------------
Task_____________regression
Source path______./log/regression_config_regression_PQT.json_Livermore2_Vars5_9.in_normal_0.0_2023-05-30-030256
Runs_____________1
Max Samples/run__15000
Success_rate_____0.0
Hall of Fame (Top 5 of 100)____
    0: S=000 R=0.653940 <-- [1.0842428281514236*(x1 + 0.6822794905498379)*(x1 + 2*x5)/(0.9166291793246081*x4 + 0.9166291793246081*x5)]
    1: S=000 R=0.609699 <-- [x1*(x3 - (x5 + (-0.8214380723014568 + 1/(x1 + x5))/x2)/x5)]
    2: S=000 R=0.606165 <-- [0.11032914693092939*x1**2*(x5 + 0.8291557854534979)/(x4*x5)]
    3: S=000 R=0.604914 <-- [0.0001245463445343853*x1*(-x1 - x1/(-0.0001371018837821314*x2 - 0.0001371018837821314*x5) + x4)]
    4: S=000 R=0.601898 <-- [1.5314399899857711*x1*(x3 + 1/x5)]
  Saving Hall of Fame plot to ./log/regression_config_regression_PQT.json_Livermore2_Vars5_9.in_normal_0.0_2023-05-30-030256/dso_regression_config_regression_PQT.json_Livermore2_Vars5_9.in_normal_0.0_plot_hof.png
Pareto Front (5 of 6)____
    0: S=000 R=0.653940 C=18.00 <-- [1.0842428281514236*(x1 + 0.6822794905498379)*(x1 + 2*x5)/(0.9166291793246081*x4 + 0.9166291793246081*x5)]
    1: S=000 R=0.601898 C=9.00 <-- [1.5314399899857711*x1*(x3 + 1/x5)]
    2: S=000 R=0.576512 C=8.00 <-- [x1*(x3 + 1.6172675154713756/x4)]
    3: S=000 R=0.574193 C=7.00 <-- [x1*(x1 + x3 - 1.5866239382267875)]
    4: S=000 R=0.567580 C=6.00 <-- [2.3068693780831886*x1/x5]
  Saving Pareto Front plot to ./log/regression_config_regression_PQT.json_Livermore2_Vars5_9.in_normal_0.0_2023-05-30-030256/dso_regression_config_regression_PQT.json_Livermore2_Vars5_9.in_normal_0.0_plot_pf.png
-- ANALYZING LOG END ----------------
== POST-PROCESS END ===================
