['mul', 'X_3', 'add', 'X_0', 'mul', 'pow', 'add', 'X_1', 'add', 'mul', -1, 'X_5', 'add', 'mul', -1, 'pow', 'X_1', 2, 'add', 'mul', -1, 'log', 'X_2', 'mul', 'X_0', 'X_2', -1, 'exp', 'add', 'mul', -1, 'mul', 'pow', 'X_4', 2, 'log', 'pow', 'X_1', 4, 'mul', 13.28, 'mul', 'X_5', 'pow', 'X_2', 2]
--------------------
eq_name 	 Livermore2_Vars6_9
num_vars 	 6
vars_range_and_types 	 [{"name": "LogUniform", "range": [0.1, 10], "only_positive": true}, {"name": "LogUniform", "range": [0.1, 10], "only_positive": true}, {"name": "LogUniform", "range": [0.1, 10], "only_positive": true}, {"name": "LogUniform", "range": [0.1, 10], "only_positive": true}, {"name": "LogUniform", "range": [0.1, 10], "only_positive": true}, {"name": "LogUniform", "range": [0.1, 10], "only_positive": true}]
function_set 	 ['add', 'sub', 'mul', 'div', 'sqrt', 'n2', 'log', 'exp', 'sin', 'cos', 'const']
eq_expression 	 mul,X_3,add,X_0,mul,pow,add,X_1,add,mul,-1,X_5,add,mul,-1,pow,X_1,2,add,mul,-1,log,X_2,mul,X_0,X_2,-1,exp,add,mul,-1,mul,pow,X_4,2,log,pow,X_1,4,mul,13.28,mul,X_5,pow,X_2,2
expr 	 X_3*(X_0 + exp(13.28*X_2**2*X_5 - X_4**2*log(X_1**4))/(X_0*X_2 - X_1**2 + X_1 - X_5 - log(X_2)))
--------------------

== EXPERIMENT SETUP START ===========
Task type            : regression
Starting seed        : 0
Runs                 : 1
== EXPERIMENT SETUP END =============

== TRAINING SEED 0 START ============
self.dataX <dso.symbolic_data_generator.DataX object at 0x2ad9f8ecdb70>, self.data_query_oracle: <dso.symbolic_equation_evaluator_public.Equation_evaluator object at 0x2ad9df745d68>
generate dataset!
-- BUILDING PRIOR START -------------
WARNING: Skipping invalid 'RelationalConstraint' with arguments {'targets': [], 'effectors': [], 'relationship': None}. Reason: Prior disabled.
WARNING: Skipping invalid 'TrigConstraint' with arguments {}. Reason: There are no target Tokens.
WARNING: Skipping invalid 'UniformArityPrior' with arguments {}. Reason: Prior disabled.
WARNING: Skipping invalid 'LanguageModelPrior' with arguments {'weight': None}. Reason: Prior disabled.
LengthConstraint: Sequences have minimum length 4.
                  Sequences have maximum length 256.
RepeatConstraint: [const] cannot occur more than 10 times.
RelationalConstraint: [inv] cannot be a child of [inv].
ConstConstraint: [const] cannot be the only unique child of [inv, add, sub, mul, div].
NoInputsConstraint: Sequences contain at least one input variable Token.
SoftLengthPrior: No description available.
-- BUILDING PRIOR END ---------------

-- RUNNING EPOCHS START -------------
[00:00:00:01.94] Training epoch 1/14, current best R: 0.5000

	** New best
	Reward: 0.49999383855880813
	Count Off-policy: False
	Count On-policy: True
	Originally on Policy: True
	Invalid: False
	Traversal: inv,sub,add,inv,mul,x6,inv,sub,mul,x6,x3,x3,add,x4,x6,x1
	Expression:
	              1             
	  ──────────────────────────
	                  x₃⋅x₆ - x₃
	  -x₁ + x₄ + x₆ + ──────────
	                      x₆    

[00:00:00:10.75] Training epoch 10/14, current best R: 0.5000
[00:00:00:14.69] Ending training after epoch 14/14, current best R: 0.5000
-- RUNNING EPOCHS END ---------------

-- EVALUATION START ----------------
Saving Hall of Fame to ./log/regression_config_regression_DSR.json_Livermore2_Vars6_9.in_normal_0.0_2023-05-30-031249/dso_regression_config_regression_DSR.json_Livermore2_Vars6_9.in_normal_0.0_0_hof.csv
Saving Pareto Front to ./log/regression_config_regression_DSR.json_Livermore2_Vars6_9.in_normal_0.0_2023-05-30-031249/dso_regression_config_regression_DSR.json_Livermore2_Vars6_9.in_normal_0.0_0_pf.csv
Invalid expressions: 202 of 14336 (1.4%).
Error type counts:
  reciprocal: 102 (50.5%)
  true_divide: 100 (49.5%)
Error node counts:
  divide: 202 (100.0%)
-- EVALUATION END ------------------
== TRAINING SEED 0 END ==============
INFO: Completed run 1 of 1 in 16 s

== POST-PROCESS START =================
-- LOADING LOGS START ----------------
Successfully loaded summary data
Successfully loaded Hall of Fame data
Successfully loaded Pareto Front data
-- LOADING LOGS END ------------------

-- ANALYZING LOG START --------------
Task_____________regression
Source path______./log/regression_config_regression_DSR.json_Livermore2_Vars6_9.in_normal_0.0_2023-05-30-031249
Runs_____________1
Max Samples/run__15000
Success_rate_____0.0
Hall of Fame (Top 5 of 100)____
    0: S=000 R=0.499994 <-- [x3*x6*(x3 - x4 - x6)]
    1: S=000 R=0.499994 <-- [x3*x6/(x4*x5)]
    2: S=000 R=0.499994 <-- [1/(x1*x3*x6 + x3)]
    3: S=000 R=0.499994 <-- [x5*(x1 - 1.0*x6)]
    4: S=000 R=0.499994 <-- [x5 + 1/(x4*x6) + 1/x2]
  Saving Hall of Fame plot to ./log/regression_config_regression_DSR.json_Livermore2_Vars6_9.in_normal_0.0_2023-05-30-031249/dso_regression_config_regression_DSR.json_Livermore2_Vars6_9.in_normal_0.0_plot_hof.png
Pareto Front (1 of 1)____
    0: S=000 R=0.499994 C=5.00 <-- [-x3 - x4 + x6]
  Saving Pareto Front plot to ./log/regression_config_regression_DSR.json_Livermore2_Vars6_9.in_normal_0.0_2023-05-30-031249/dso_regression_config_regression_DSR.json_Livermore2_Vars6_9.in_normal_0.0_plot_pf.png
-- ANALYZING LOG END ----------------
== POST-PROCESS END ===================
