['add', 'mul', -1, 'exp', 'add', 'X_0', 'X_4', 'mul', 'X_1', 'mul', 'pow', 'add', 'mul', 0.21, 'X_4', 'add', 'mul', -0.21, 'exp', 'X_4', 'mul', -0.21, 'log', 'add', 'X_2', 'X_3', -1, 'sin', 'add', -4.81, 'X_0']
--------------------
eq_name 	 Livermore2_Vars5_20
num_vars 	 5
vars_range_and_types 	 [{"name": "LogUniform", "range": [0.1, 10], "only_positive": true}, {"name": "LogUniform", "range": [0.1, 10], "only_positive": true}, {"name": "LogUniform", "range": [0.1, 10], "only_positive": true}, {"name": "LogUniform", "range": [0.1, 10], "only_positive": true}, {"name": "LogUniform", "range": [0.1, 10], "only_positive": true}]
function_set 	 ['add', 'sub', 'mul', 'div', 'log', 'exp', 'sin', 'cos', 'const']
eq_expression 	 add,mul,-1,exp,add,X_0,X_4,mul,X_1,mul,pow,add,mul,0.21,X_4,add,mul,-0.21,exp,X_4,mul,-0.21,log,add,X_2,X_3,-1,sin,add,-4.81,X_0
expr 	 X_1*sin(X_0 - 4.81)/(0.21*X_4 - 0.21*exp(X_4) - 0.21*log(X_2 + X_3)) - exp(X_0 + X_4)
--------------------

== EXPERIMENT SETUP START ===========
Task type            : regression
Starting seed        : 0
Runs                 : 1
== EXPERIMENT SETUP END =============

== TRAINING SEED 0 START ============
self.dataX <dso.symbolic_data_generator.DataX object at 0x2aece7d7feb8>, self.data_query_oracle: <dso.symbolic_equation_evaluator_public.Equation_evaluator object at 0x2aecd2608cf8>
generate dataset!
-- BUILDING PRIOR START -------------
WARNING: Skipping invalid 'RelationalConstraint' with arguments {'targets': [], 'effectors': [], 'relationship': None}. Reason: Prior disabled.
WARNING: Skipping invalid 'TrigConstraint' with arguments {}. Reason: There are no target Tokens.
WARNING: Skipping invalid 'UniformArityPrior' with arguments {}. Reason: Prior disabled.
WARNING: Skipping invalid 'LanguageModelPrior' with arguments {'weight': None}. Reason: Prior disabled.
LengthConstraint: Sequences have minimum length 4.
                  Sequences have maximum length 256.
RepeatConstraint: [const] cannot occur more than 10 times.
RelationalConstraint: [inv] cannot be a child of [inv].
ConstConstraint: [const] cannot be the only unique child of [inv, add, sub, mul, div].
NoInputsConstraint: Sequences contain at least one input variable Token.
SoftLengthPrior: No description available.
-- BUILDING PRIOR END ---------------

-- RUNNING EPOCHS START -------------
[00:00:00:02.15] Training epoch 1/14, current best R: 0.4998

	** New best
	Reward: 0.499807167933801
	Count Off-policy: False
	Count On-policy: True
	Originally on Policy: True
	Invalid: False
	Traversal: mul,x5,sub,add,x4,x3,mul,mul,mul,div,x4,inv,x5,x4,x4,x1
	Expression:
	     ⎛       3             ⎞
	  x₅⋅⎝- x₁⋅x₄ ⋅x₅ + x₃ + x₄⎠

[00:00:00:04.15] Training epoch 3/14, current best R: 0.5130

	** New best
	Reward: 0.5129878945521723
	Count Off-policy: False
	Count On-policy: True
	Originally on Policy: True
	Invalid: False
	Traversal: mul,-1165.3847953306304,add,mul,add,mul,mul,x5,mul,mul,inv,x4,add,div,x3,x4,x4,x4,x1,x1,x5,x3
	Expression:
	                                                 ⎛      ⎛x₃     ⎞     ⎞
	  -1165.3847953306304⋅x₃ - 1165.3847953306304⋅x₅⋅⎜x₁⋅x₅⋅⎜── + x₄⎟ + x₁⎟
	                                                 ⎝      ⎝x₄     ⎠     ⎠

[00:00:00:06.84] Training epoch 6/14, current best R: 0.5165

	** New best
	Reward: 0.5165489349833952
	Count Off-policy: False
	Count On-policy: True
	Originally on Policy: True
	Invalid: False
	Traversal: div,x5,div,x4,mul,x1,div,add,div,x1,inv,sub,-995.6534784697994,x4,x3,x4
	Expression:
	  x₁⋅x₅⋅(x₁⋅(-x₄ - 995.6534784697994) + x₃)
	  ─────────────────────────────────────────
	                       2                   
	                     x₄                    

[00:00:00:09.53] Training epoch 9/14, current best R: 0.5565

	** New best
	Reward: 0.5565336951995457
	Count Off-policy: False
	Count On-policy: True
	Originally on Policy: True
	Invalid: False
	Traversal: mul,mul,add,-5.520477336732204,x5,mul,x5,-13424.015496511789,mul,x1,x5
	Expression:
	                           2                         
	  -13424.015496511789⋅x₁⋅x₅ ⋅(x₅ - 5.520477336732204)

[00:00:00:10.64] Training epoch 10/14, current best R: 0.5565
[00:00:00:14.37] Ending training after epoch 14/14, current best R: 0.5565
-- RUNNING EPOCHS END ---------------

-- EVALUATION START ----------------
Saving Hall of Fame to ./log/regression_config_regression_PQT.json_Livermore2_Vars5_20.in_normal_0.0_2023-05-30-035456/dso_regression_config_regression_PQT.json_Livermore2_Vars5_20.in_normal_0.0_0_hof.csv
Saving Pareto Front to ./log/regression_config_regression_PQT.json_Livermore2_Vars5_20.in_normal_0.0_2023-05-30-035456/dso_regression_config_regression_PQT.json_Livermore2_Vars5_20.in_normal_0.0_0_pf.csv
Invalid expressions: 207 of 14336 (1.4%).
Error type counts:
  true_divide: 86 (41.5%)
  reciprocal: 121 (58.5%)
Error node counts:
  divide: 207 (100.0%)

Priority queue entry 0:
	Reward: 0.5565336951995457
	Count Off-policy: False
	Count On-policy: True
	Originally on Policy: True
	Invalid: False
	Traversal: mul,mul,add,-5.520477336732204,x5,mul,x5,-13424.015496511789,mul,x1,x5
	Expression:
	                           2                         
	  -13424.015496511789⋅x₁⋅x₅ ⋅(x₅ - 5.520477336732204)


Priority queue entry 1:
	Reward: 0.5560026333640118
	Count Off-policy: False
	Count On-policy: True
	Originally on Policy: True
	Invalid: False
	Traversal: mul,x5,add,x5,mul,x5,mul,x5,mul,mul,566.7286616654278,sub,mul,x4,inv,x5,x1,x5
	Expression:
	     ⎛  3 ⎛                        566.7286616654278⋅x₄⎞     ⎞
	  x₅⋅⎜x₅ ⋅⎜-566.7286616654278⋅x₁ + ────────────────────⎟ + x₅⎟
	     ⎝    ⎝                                 x₅         ⎠     ⎠


Priority queue entry 2:
	Reward: 0.5165489349833952
	Count Off-policy: False
	Count On-policy: True
	Originally on Policy: True
	Invalid: False
	Traversal: div,x5,div,x4,mul,x1,div,add,div,x1,inv,sub,-995.6534784697994,x4,x3,x4
	Expression:
	  x₁⋅x₅⋅(x₁⋅(-x₄ - 995.6534784697994) + x₃)
	  ─────────────────────────────────────────
	                       2                   
	                     x₄                    


Priority queue entry 3:
	Reward: 0.5129878945521723
	Count Off-policy: False
	Count On-policy: True
	Originally on Policy: True
	Invalid: False
	Traversal: mul,-1165.3847953306304,add,mul,add,mul,mul,x5,mul,mul,inv,x4,add,div,x3,x4,x4,x4,x1,x1,x5,x3
	Expression:
	                                                 ⎛      ⎛x₃     ⎞     ⎞
	  -1165.3847953306304⋅x₃ - 1165.3847953306304⋅x₅⋅⎜x₁⋅x₅⋅⎜── + x₄⎟ + x₁⎟
	                                                 ⎝      ⎝x₄     ⎠     ⎠


Priority queue entry 4:
	Reward: 0.508716529081626
	Count Off-policy: False
	Count On-policy: True
	Originally on Policy: True
	Invalid: False
	Traversal: sub,x1,inv,div,mul,0.000673309431653113,div,x4,mul,x5,x1,mul,x3,x5
	Expression:
	                             2     
	    1485.20123584901⋅x₁⋅x₃⋅x₅      
	  - ────────────────────────── + x₁
	                x₄                 


Priority queue entry 5:
	Reward: 0.5087152269512999
	Count Off-policy: False
	Count On-policy: True
	Originally on Policy: True
	Invalid: False
	Traversal: mul,x5,div,mul,x5,sub,mul,sub,x3,div,x3,mul,inv,x3,mul,0.0006732950536877391,x4,x1,1.0277328130038712,x3
	Expression:
	      ⎛   ⎛                      2     ⎞                     ⎞
	    2 ⎜   ⎜  1485.232951768839⋅x₃      ⎟                     ⎟
	  x₅ ⋅⎜x₁⋅⎜- ───────────────────── + x₃⎟ - 1.0277328130038712⎟
	      ⎝   ⎝            x₄              ⎠                     ⎠
	  ────────────────────────────────────────────────────────────
	                               x₃                             


Priority queue entry 6:
	Reward: 0.506932852167836
	Count Off-policy: False
	Count On-policy: True
	Originally on Policy: True
	Invalid: False
	Traversal: div,x1,div,0.0015314511198744052,div,sub,inv,x3,mul,mul,div,2.013733530169467,x4,x5,add,x1,x4,x3
	Expression:
	                        ⎛  2.013733530169467⋅x₅⋅(x₁ + x₄)   1 ⎞
	  652.97546034770625⋅x₁⋅⎜- ────────────────────────────── + ──⎟
	                        ⎝                x₄                 x₃⎠
	  ─────────────────────────────────────────────────────────────
	                                x₃                             


Priority queue entry 7:
	Reward: 0.5047484680481436
	Count Off-policy: False
	Count On-policy: True
	Originally on Policy: True
	Invalid: False
	Traversal: mul,mul,mul,inv,div,div,mul,inv,mul,x5,-0.7076458430676711,div,inv,x4,x4,x1,x1,x1,x4,x4
	Expression:
	                        3   4   
	  -0.7076458430676711⋅x₁ ⋅x₄ ⋅x₅


Priority queue entry 8:
	Reward: 0.5035262623699179
	Count Off-policy: False
	Count On-policy: True
	Originally on Policy: True
	Invalid: False
	Traversal: mul,div,div,sub,x2,x1,x4,div,x3,mul,mul,add,div,x1,x3,x4,19.554959758678,x5,x5
	Expression:
	    2            ⎛19.554959758678⋅x₁                     ⎞
	  x₅ ⋅(-x₁ + x₂)⋅⎜────────────────── + 19.554959758678⋅x₄⎟
	                 ⎝        x₃                             ⎠
	  ────────────────────────────────────────────────────────
	                           x₃⋅x₄                          


Priority queue entry 9:
	Reward: 0.5020906181054524
	Count Off-policy: False
	Count On-policy: True
	Originally on Policy: True
	Invalid: False
	Traversal: mul,x4,sub,x5,mul,mul,mul,mul,mul,inv,div,x2,x5,x4,x1,12.3207997049917,x1,x5
	Expression:
	     ⎛                     2      2     ⎞
	     ⎜  12.3207997049917⋅x₁ ⋅x₄⋅x₅      ⎟
	  x₄⋅⎜- ─────────────────────────── + x₅⎟
	     ⎝               x₂                 ⎠

-- EVALUATION END ------------------
== TRAINING SEED 0 END ==============
INFO: Completed run 1 of 1 in 16 s

== POST-PROCESS START =================
-- LOADING LOGS START ----------------
Successfully loaded summary data
Successfully loaded Hall of Fame data
Successfully loaded Pareto Front data
-- LOADING LOGS END ------------------

-- ANALYZING LOG START --------------
Task_____________regression
Source path______./log/regression_config_regression_PQT.json_Livermore2_Vars5_20.in_normal_0.0_2023-05-30-035456
Runs_____________1
Max Samples/run__15000
Success_rate_____0.0
Hall of Fame (Top 5 of 100)____
    0: S=000 R=0.556534 <-- [-13424.015496511789*x1*x5**2*(x5 - 5.520477336732204)]
    1: S=000 R=0.556003 <-- [x5*(x5**3*(-566.7286616654278*x1 + 566.7286616654278*x4/x5) + x5)]
    2: S=000 R=0.516549 <-- [x1*x5*(x1*(-x4 - 995.6534784697994) + x3)/x4**2]
    3: S=000 R=0.512988 <-- [-1165.3847953306304*x3 - 1165.3847953306304*x5*(x1*x5*(x3/x4 + x4) + x1)]
    4: S=000 R=0.508717 <-- [-1485.20123584901*x1*x3*x5**2/x4 + x1]
  Saving Hall of Fame plot to ./log/regression_config_regression_PQT.json_Livermore2_Vars5_20.in_normal_0.0_2023-05-30-035456/dso_regression_config_regression_PQT.json_Livermore2_Vars5_20.in_normal_0.0_plot_hof.png
Pareto Front (5 of 5)____
    0: S=000 R=0.556534 C=11.00 <-- [-13424.015496511789*x1*x5**2*(x5 - 5.520477336732204)]
    1: S=000 R=0.499623 C=9.00 <-- [-x3*x5**3 + x4]
    2: S=000 R=0.499620 C=7.00 <-- [x1*x5*(1.0 - x1)]
    3: S=000 R=0.499619 C=6.00 <-- [x5/(x1 - x5)]
    4: S=000 R=0.499619 C=5.00 <-- [-x3*x5 + 1.0]
  Saving Pareto Front plot to ./log/regression_config_regression_PQT.json_Livermore2_Vars5_20.in_normal_0.0_2023-05-30-035456/dso_regression_config_regression_PQT.json_Livermore2_Vars5_20.in_normal_0.0_plot_pf.png
-- ANALYZING LOG END ----------------
== POST-PROCESS END ===================
