['add', 'X_0', 'add', 'pow', 'X_0', 2, 'add', 'pow', 'X_0', 3, 'add', 'sin', 'X_0', 'sin', 'pow', 'X_1', 2]
--------------------
eq_name 	 Livermore_14
num_vars 	 2
vars_range_and_types 	 [{"name": "LogUniform", "range": [0.1, 10], "only_positive": true}, {"name": "LogUniform", "range": [0.1, 10], "only_positive": true}]
function_set 	 ['add', 'sub', 'mul', 'div', 'n2', 'n3', 'sin', 'cos', 'const']
eq_expression 	 add,X_0,add,pow,X_0,2,add,pow,X_0,3,add,sin,X_0,sin,pow,X_1,2
expr 	 X_0**3 + X_0**2 + X_0 + sin(X_0) + sin(X_1**2)
--------------------

== EXPERIMENT SETUP START ===========
Task type            : regression
Starting seed        : 0
Runs                 : 1
== EXPERIMENT SETUP END =============

== TRAINING SEED 0 START ============
self.dataX <dso.symbolic_data_generator.DataX object at 0x2b88f1667b70>, self.data_query_oracle: <dso.symbolic_equation_evaluator_public.Equation_evaluator object at 0x2b88d7ebada0>
generate dataset!
-- BUILDING PRIOR START -------------
WARNING: Skipping invalid 'RelationalConstraint' with arguments {'targets': [], 'effectors': [], 'relationship': None}. Reason: Prior disabled.
WARNING: Skipping invalid 'TrigConstraint' with arguments {}. Reason: There are no target Tokens.
WARNING: Skipping invalid 'UniformArityPrior' with arguments {}. Reason: Prior disabled.
WARNING: Skipping invalid 'LanguageModelPrior' with arguments {'weight': None}. Reason: Prior disabled.
LengthConstraint: Sequences have minimum length 4.
                  Sequences have maximum length 256.
RepeatConstraint: [const] cannot occur more than 10 times.
RelationalConstraint: [inv] cannot be a child of [inv].
ConstConstraint: [const] cannot be the only unique child of [inv, add, sub, mul, div].
NoInputsConstraint: Sequences contain at least one input variable Token.
SoftLengthPrior: No description available.
-- BUILDING PRIOR END ---------------

-- RUNNING EPOCHS START -------------
[00:00:00:09.49] Training epoch 1/14, current best R: 0.9933

	** New best
	Reward: 0.9932933609651095
	Count Off-policy: False
	Count On-policy: True
	Originally on Policy: True
	Invalid: False
	Traversal: sub,mul,x1,add,4.794900752771763,div,mul,div,4390.045443533731,div,mul,0.3890359075124472,inv,div,x2,add,10455.395603812623,x2,x1,x1,x2,x1
	Expression:
	     ⎛                     2                     ⎞     
	     ⎜ 11284.42223136761⋅x₁                      ⎟     
	  x₁⋅⎜─────────────────────── + 4.794900752771763⎟ - x₁
	     ⎝x₂ + 10455.395603812623                    ⎠     

[00:00:00:20.80] Training epoch 2/14, current best R: 0.9952

	** New best
	Reward: 0.9951999942325374
	Count Off-policy: False
	Count On-policy: True
	Originally on Policy: True
	Invalid: False
	Traversal: sub,1.4234212281184238,mul,mul,sub,mul,inv,x2,div,x1,div,26546.79380322959,sub,x1,x2,x1,add,1.117428001017362,x1,x1
	Expression:
	       ⎛      x₁⋅(3.766933240270784e-5⋅x₁ - 3.766933240270784e-5⋅x₂)⎞           
	  - x₁⋅⎜-x₁ + ──────────────────────────────────────────────────────⎟⋅(x₁ + 1.11
	       ⎝                                x₂                          ⎠           

                                   
	  7428001017362) + 1.4234212281184238
                                   

[00:00:00:38.91] Training epoch 4/14, current best R: 0.9962

	** New best
	Reward: 0.9962306490440228
	Count Off-policy: False
	Count On-policy: True
	Originally on Policy: True
	Invalid: False
	Traversal: mul,mul,sub,inv,div,5.322631202437373,add,1.063504813984962,mul,x1,sub,add,mul,x2,0.0008151269683295693,-0.7031666377822864,x1,0.5463989114698939,-5.437582428123191,x1
	Expression:
	  x₁⋅(-1.021596691807837⋅x₁⋅(-x₁ + 0.0008151269683295693⋅x₂ - 0.7031666377822864
	  ) + 1.884616120065588)

[00:00:00:50.14] Training epoch 5/14, current best R: 0.9964

	** New best
	Reward: 0.9964397269363452
	Count Off-policy: False
	Count On-policy: True
	Originally on Policy: True
	Invalid: False
	Traversal: sub,sub,x1,0.7507246199348536,sub,mul,mul,sub,mul,div,x1,inv,x1,-1.1836980760908122,add,x1,0.3725132385908044,0.8553078611526296,x1,1.2480477757208432
	Expression:
	       ⎛                       2                                             ⎞  
	  - x₁⋅⎝- 1.0124262697117152⋅x₁  - 0.8553078611526296⋅x₁ - 0.3186135013501401⎠ +

                         
	   x₁ + 0.49732315578598961

[00:00:01:30.67] Training epoch 9/14, current best R: 0.9964

	** New best
	Reward: 0.996439728297052
	Count Off-policy: False
	Count On-policy: True
	Originally on Policy: True
	Invalid: False
	Traversal: sub,mul,0.6582376855184354,add,add,mul,x1,mul,mul,mul,sub,x1,-0.8454932805934612,add,x1,x1,0.8769323621540779,0.8769275554256859,x1,x1,-0.4983233250050981
	Expression:
	                      2                                                         
	  1.012377660096691⋅x₁ ⋅(x₁ + 0.8454932805934612) + 1.316475371036871⋅x₁ + 0.498

             
	  3233250050981

[00:00:01:42.99] Training epoch 10/14, current best R: 0.9964
[00:00:01:52.83] Training epoch 11/14, current best R: 0.9972

	** New best
	Reward: 0.9971858140726408
	Count Off-policy: False
	Count On-policy: True
	Originally on Policy: True
	Invalid: False
	Traversal: mul,mul,48.809096821062646,add,mul,mul,inv,sub,add,mul,add,div,2105.0905917674177,x1,x1,x1,x1,x1,x1,-2102.4836801874503,x1,48.80909681160177
	Expression:
	                             5008805.5979395735  
	  2382.3279320260909⋅x₁ - ───────────────────────
	                               2105.0905917674177
	                          x₁ + ──────────────────
	                                       x₁        

[00:00:02:22.93] Ending training after epoch 14/14, current best R: 0.9972
-- RUNNING EPOCHS END ---------------

-- EVALUATION START ----------------
Saving Hall of Fame to ./log/regression_config_regression_DSR.json_Livermore_14.in_normal_0.0_2023-05-30-031941/dso_regression_config_regression_DSR.json_Livermore_14.in_normal_0.0_0_hof.csv
Saving Pareto Front to ./log/regression_config_regression_DSR.json_Livermore_14.in_normal_0.0_2023-05-30-031941/dso_regression_config_regression_DSR.json_Livermore_14.in_normal_0.0_0_pf.csv
Invalid expressions: 385 of 14336 (2.7%).
Error type counts:
  reciprocal: 243 (63.1%)
  true_divide: 142 (36.9%)
Error node counts:
  divide: 383 (99.5%)
  invalid: 2 (0.5%)
-- EVALUATION END ------------------
== TRAINING SEED 0 END ==============
INFO: Completed run 1 of 1 in 144 s

== POST-PROCESS START =================
-- LOADING LOGS START ----------------
Successfully loaded summary data
Successfully loaded Hall of Fame data
Successfully loaded Pareto Front data
-- LOADING LOGS END ------------------

-- ANALYZING LOG START --------------
Task_____________regression
Source path______./log/regression_config_regression_DSR.json_Livermore_14.in_normal_0.0_2023-05-30-031941
Runs_____________1
Max Samples/run__15000
Success_rate_____0.0
Hall of Fame (Top 5 of 100)____
    0: S=000 R=0.997186 <-- [2382.3279320260909*x1 - 5008805.5979395735/(x1 + 2105.0905917674177/x1)]
    1: S=000 R=0.997175 <-- [x1*(0.001215111053389037*x1**2*(-0.46930399848803234*x1**2 + x1 + 924.4610291607366) + 2.985154433475136)]
    2: S=000 R=0.997131 <-- [x1*(1.167823675034487*x1*(-0.007408111826627027*x1**2 + x1) + 2.807004076171993)]
    3: S=000 R=0.997113 <-- [6.0444016869103807/(0.00019029417551616394 + 1/(x1*(0.18484161789383666*x1**2 + 0.5052826395891509)))]
    4: S=000 R=0.996671 <-- [1/(2.71306487019396e-6*x1 - 1.2055232704081499/(x1*(-1.337998636283597*x1**2 - 0.03263495087165999*x2 - 3.6917928438255208)))]
  Saving Hall of Fame plot to ./log/regression_config_regression_DSR.json_Livermore_14.in_normal_0.0_2023-05-30-031941/dso_regression_config_regression_DSR.json_Livermore_14.in_normal_0.0_plot_hof.png
Pareto Front (5 of 7)____
    0: S=000 R=0.997186 C=24.00 <-- [2382.3279320260909*x1 - 5008805.5979395735/(x1 + 2105.0905917674177/x1)]
    1: S=000 R=0.997113 C=21.00 <-- [6.0444016869103807/(0.00019029417551616394 + 1/(x1*(0.18484161789383666*x1**2 + 0.5052826395891509)))]
    2: S=000 R=0.996440 C=19.00 <-- [1.0123852861774232*x1**2*(x1 + 0.8453801858340357) + 1.3169095844038157*x1 + 0.4979704197061727]
    3: S=000 R=0.995758 C=18.00 <-- [0.00937699433121734*x1**2*(105.1089088022335*x1 + 131.51093290627117) - 0.00937699433121734*x1 + 1.1351812278694504]
    4: S=000 R=0.993604 C=9.00 <-- [0.9744094592427484*x1**2*(x1 + 1.3798795732659357)]
  Saving Pareto Front plot to ./log/regression_config_regression_DSR.json_Livermore_14.in_normal_0.0_2023-05-30-031941/dso_regression_config_regression_DSR.json_Livermore_14.in_normal_0.0_plot_pf.png
-- ANALYZING LOG END ----------------
== POST-PROCESS END ===================
