['add', 'X_0', 'pow', 'mul', 'X_0', 'add', 'X_3', 'mul', 'pow', 'X_2', -1, 'add', 'pow', 'X_1', 0.5, 'mul', -1, 'sin', 'X_2', 0.25]
--------------------
eq_name 	 Livermore2_Vars4_10
num_vars 	 4
vars_range_and_types 	 [{"name": "LogUniform", "range": [0.1, 10], "only_positive": true}, {"name": "LogUniform", "range": [0.1, 10], "only_positive": true}, {"name": "LogUniform", "range": [0.1, 10], "only_positive": true}, {"name": "LogUniform", "range": [0.1, 10], "only_positive": true}]
function_set 	 ['add', 'sub', 'mul', 'div', 'sqrt', 'n2', 'const', 'sin', 'cos', 'pow']
eq_expression 	 add,X_0,pow,mul,X_0,add,X_3,mul,pow,X_2,-1,add,pow,X_1,0.5,mul,-1,sin,X_2,0.25
expr 	 X_0 + (X_0*(X_3 + (sqrt(X_1) - sin(X_2))/X_2))**0.25
--------------------

== EXPERIMENT SETUP START ===========
Task type            : regression
Starting seed        : 0
Runs                 : 1
== EXPERIMENT SETUP END =============

== TRAINING SEED 0 START ============
self.dataX <dso.symbolic_data_generator.DataX object at 0x2b438e1ec7f0>, self.data_query_oracle: <dso.symbolic_equation_evaluator_public.Equation_evaluator object at 0x2b4374a78d68>
generate dataset!
-- BUILDING PRIOR START -------------
WARNING: Skipping invalid 'RelationalConstraint' with arguments {'targets': [], 'effectors': [], 'relationship': None}. Reason: Prior disabled.
WARNING: Skipping invalid 'TrigConstraint' with arguments {}. Reason: There are no target Tokens.
WARNING: Skipping invalid 'UniformArityPrior' with arguments {}. Reason: Prior disabled.
WARNING: Skipping invalid 'LanguageModelPrior' with arguments {'weight': None}. Reason: Prior disabled.
LengthConstraint: Sequences have minimum length 4.
                  Sequences have maximum length 256.
RepeatConstraint: [const] cannot occur more than 10 times.
RelationalConstraint: [inv] cannot be a child of [inv].
ConstConstraint: [const] cannot be the only unique child of [inv, add, sub, mul, div].
NoInputsConstraint: Sequences contain at least one input variable Token.
SoftLengthPrior: No description available.
-- BUILDING PRIOR END ---------------

-- RUNNING EPOCHS START -------------
gen	iter	pop_size	nevals	uncached_size	best_val	timer  
0  	0   	1024    	1024  	1024         	(nan,)  	1.71824
1  	1   	1024    	768   	686          	(-0.0,) 	0.296184
2  	2   	1024    	777   	689          	(nan,)  	0.289085
3  	3   	1024    	752   	665          	(nan,)  	0.276358
4  	4   	1024    	751   	657          	(nan,)  	0.265985
5  	5   	1024    	781   	666          	(nan,)  	0.421258
6  	6   	1024    	774   	677          	(nan,)  	0.283708
7  	7   	1024    	786   	670          	(nan,)  	0.289971
8  	8   	1024    	776   	659          	(nan,)  	0.292624
9  	9   	1024    	760   	671          	(nan,)  	0.292142

--------------------------------------------------
GP Time: 4.67258

Unique expressions evaluated: 8045
Total expression evaluations: 7949
--------------------------------------------------

GP -> best program this epoch:

	Reward: nan
	Count Off-policy: 1
	Count On-policy: 0
	Originally on Policy: False
	Invalid: False
	Traversal: add,x3,inv,sub,x2,inv,div,div,inv,mul,x3,x1,x3,x1
	Expression:
	             1       
	  x₃ + ──────────────
	           2   2     
	       - x₁ ⋅x₃  + x₂

None

--------------------------------------------------

