['add', -3.26, 'add', 'X_1', 'add', 'mul', -1, 'X_0', 'add', 'mul', -1, 'X_3', 'add', 'mul', -1, 'X_4', 'add', 'mul', -1, 'pow', 'X_0', 0.5, 'mul', -1, 'pow', 'mul', 'X_5', 'pow', 'X_2', -1, 0.5]
--------------------
eq_name 	 Livermore2_Vars6_16
num_vars 	 6
vars_range_and_types 	 [{"name": "LogUniform", "range": [0.1, 10], "only_positive": true}, {"name": "LogUniform", "range": [0.1, 10], "only_positive": true}, {"name": "LogUniform", "range": [0.1, 10], "only_positive": true}, {"name": "LogUniform", "range": [0.1, 10], "only_positive": true}, {"name": "LogUniform", "range": [0.1, 10], "only_positive": true}, {"name": "LogUniform", "range": [0.1, 10], "only_positive": true}]
function_set 	 ['add', 'sub', 'mul', 'div', 'sqrt', 'const']
eq_expression 	 add,-3.26,add,X_1,add,mul,-1,X_0,add,mul,-1,X_3,add,mul,-1,X_4,add,mul,-1,pow,X_0,0.5,mul,-1,pow,mul,X_5,pow,X_2,-1,0.5
expr 	 -sqrt(X_0) - X_0 + X_1 - X_3 - X_4 - sqrt(X_5/X_2) - 3.26
--------------------

== EXPERIMENT SETUP START ===========
Task type            : regression
Starting seed        : 0
Runs                 : 1
== EXPERIMENT SETUP END =============

== TRAINING SEED 0 START ============
self.dataX <dso.symbolic_data_generator.DataX object at 0x2b334aa00828>, self.data_query_oracle: <dso.symbolic_equation_evaluator_public.Equation_evaluator object at 0x2b3331280d68>
generate dataset!
-- BUILDING PRIOR START -------------
WARNING: Skipping invalid 'RelationalConstraint' with arguments {'targets': [], 'effectors': [], 'relationship': None}. Reason: Prior disabled.
WARNING: Skipping invalid 'TrigConstraint' with arguments {}. Reason: There are no target Tokens.
WARNING: Skipping invalid 'UniformArityPrior' with arguments {}. Reason: Prior disabled.
WARNING: Skipping invalid 'LanguageModelPrior' with arguments {'weight': None}. Reason: Prior disabled.
LengthConstraint: Sequences have minimum length 4.
                  Sequences have maximum length 256.
RepeatConstraint: [const] cannot occur more than 10 times.
RelationalConstraint: [inv] cannot be a child of [inv].
ConstConstraint: [const] cannot be the only unique child of [inv, add, sub, mul, div].
NoInputsConstraint: Sequences contain at least one input variable Token.
SoftLengthPrior: No description available.
-- BUILDING PRIOR END ---------------

-- RUNNING EPOCHS START -------------
[00:00:00:02.97] Training epoch 1/14, current best R: 0.5617

	** New best
	Reward: 0.5617270480816485
	Count Off-policy: False
	Count On-policy: True
	Originally on Policy: True
	Invalid: False
	Traversal: sub,x2,add,x4,add,mul,0.010350115957695421,sub,inv,div,mul,mul,div,x3,x2,x5,x2,x6,x2,10.242719597129744
	Expression:
	                                                    0.010350115957695421⋅x₆
	  1.0103501159576954⋅x₂ - x₄ - 10.242719597129744 - ───────────────────────
	                                                             x₃⋅x₅         

[00:00:00:05.40] Training epoch 2/14, current best R: 0.5902

	** New best
	Reward: 0.5901979842286799
	Count Off-policy: False
	Count On-policy: True
	Originally on Policy: True
	Invalid: False
	Traversal: sub,-5.987265926952283,add,x1,div,x2,div,x2,x5
	Expression:
	  -x₁ - x₅ - 5.987265926952283

[00:00:00:07.82] Training epoch 3/14, current best R: 0.6154

	** New best
	Reward: 0.6154224532445268
	Count Off-policy: False
	Count On-policy: True
	Originally on Policy: True
	Invalid: False
	Traversal: add,sub,mul,x3,0.29332923511018305,x4,sub,sub,x2,sub,sub,x5,-8.800305054707366,x3,x3
	Expression:
	  x₂ + 0.29332923511018305⋅x₃ - x₄ - x₅ - 8.800305054707366

[00:00:00:17.31] Training epoch 7/14, current best R: 0.6528

	** New best
	Reward: 0.6527764434684219
	Count Off-policy: False
	Count On-policy: True
	Originally on Policy: True
	Invalid: False
	Traversal: add,x2,sub,-8.149904690921762,add,x5,x1
	Expression:
	  -x₁ + x₂ - x₅ - 8.149904690921762

[00:00:00:25.82] Training epoch 10/14, current best R: 0.6528
[00:00:00:38.55] Ending training after epoch 14/14, current best R: 0.6528
-- RUNNING EPOCHS END ---------------

-- EVALUATION START ----------------
Saving Hall of Fame to ./log/regression_config_regression_DSR.json_Livermore2_Vars6_16.in_normal_0.0_2023-05-30-033907/dso_regression_config_regression_DSR.json_Livermore2_Vars6_16.in_normal_0.0_0_hof.csv
Saving Pareto Front to ./log/regression_config_regression_DSR.json_Livermore2_Vars6_16.in_normal_0.0_2023-05-30-033907/dso_regression_config_regression_DSR.json_Livermore2_Vars6_16.in_normal_0.0_0_pf.csv
Invalid expressions: 173 of 14336 (1.2%).
Error type counts:
  true_divide: 75 (43.4%)
  reciprocal: 98 (56.6%)
Error node counts:
  divide: 172 (99.4%)
  invalid: 1 (0.6%)
-- EVALUATION END ------------------
== TRAINING SEED 0 END ==============
INFO: Completed run 1 of 1 in 40 s

== POST-PROCESS START =================
-- LOADING LOGS START ----------------
Successfully loaded summary data
Successfully loaded Hall of Fame data
Successfully loaded Pareto Front data
-- LOADING LOGS END ------------------

-- ANALYZING LOG START --------------
Task_____________regression
Source path______./log/regression_config_regression_DSR.json_Livermore2_Vars6_16.in_normal_0.0_2023-05-30-033907
Runs_____________1
Max Samples/run__15000
Success_rate_____0.0
Hall of Fame (Top 5 of 100)____
    0: S=000 R=0.652776 <-- [-x1 + x2 - x5 - 8.149904690921762]
    1: S=000 R=0.636630 <-- [-x1 + x2 - x5 - x6 - 5.9809903745903075]
    2: S=000 R=0.634024 <-- [-x1 - x4 - x5 - x6 - 1.6991260756199837]
    3: S=000 R=0.615422 <-- [x2 + 0.29332923511018305*x3 - x4 - x5 - 8.800305054707366]
    4: S=000 R=0.611111 <-- [-0.7102724973625968*x1 + x2 + 0.7102724973625968*x3 - 0.7102724973625968*x4 - 12.498362376051439 + 0.7102724973625968/x6]
  Saving Hall of Fame plot to ./log/regression_config_regression_DSR.json_Livermore2_Vars6_16.in_normal_0.0_2023-05-30-033907/dso_regression_config_regression_DSR.json_Livermore2_Vars6_16.in_normal_0.0_plot_hof.png
Pareto Front (2 of 2)____
    0: S=000 R=0.652776 C=7.00 <-- [-x1 + x2 - x5 - 8.149904690921762]
    1: S=000 R=0.527747 C=5.00 <-- [1.0025858492017667*x2 - 12.451399504082309]
  Saving Pareto Front plot to ./log/regression_config_regression_DSR.json_Livermore2_Vars6_16.in_normal_0.0_2023-05-30-033907/dso_regression_config_regression_DSR.json_Livermore2_Vars6_16.in_normal_0.0_plot_pf.png
-- ANALYZING LOG END ----------------
== POST-PROCESS END ===================
