['mul', 'X_0', 'pow', 'add', 'pow', 'X_2', 2, 'add', 'mul', -1, 'X_1', 'add', 'mul', -1, 'X_2', 'add', 'mul', -1, 'X_4', 'add', 'mul', -1, 'X_5', 'add', 'mul', -1, 'cos', 'X_3', 'add', 'mul', -1, 'sin', 'X_3', 'mul', 'X_1', 'add', 'X_0', 'pow', 'X_0', 2, 2]
--------------------
eq_name 	 Livermore2_Vars6_4
num_vars 	 6
vars_range_and_types 	 [{"name": "LogUniform", "range": [0.1, 10], "only_positive": true}, {"name": "LogUniform", "range": [0.1, 10], "only_positive": true}, {"name": "LogUniform", "range": [0.1, 10], "only_positive": true}, {"name": "LogUniform", "range": [0.1, 10], "only_positive": true}, {"name": "LogUniform", "range": [0.1, 10], "only_positive": true}, {"name": "LogUniform", "range": [0.1, 10], "only_positive": true}]
function_set 	 ['add', 'sub', 'mul', 'div', 'sin', 'cos', 'const']
eq_expression 	 mul,X_0,pow,add,pow,X_2,2,add,mul,-1,X_1,add,mul,-1,X_2,add,mul,-1,X_4,add,mul,-1,X_5,add,mul,-1,cos,X_3,add,mul,-1,sin,X_3,mul,X_1,add,X_0,pow,X_0,2,2
expr 	 X_0*(X_1*(X_0**2 + X_0) - X_1 + X_2**2 - X_2 - X_4 - X_5 - sin(X_3) - cos(X_3))**2
--------------------

== EXPERIMENT SETUP START ===========
Task type            : regression
Starting seed        : 0
Runs                 : 1
== EXPERIMENT SETUP END =============

== TRAINING SEED 0 START ============
self.dataX <dso.symbolic_data_generator.DataX object at 0x2abdab51cb00>, self.data_query_oracle: <dso.symbolic_equation_evaluator_public.Equation_evaluator object at 0x2abd95db7cf8>
generate dataset!
-- BUILDING PRIOR START -------------
WARNING: Skipping invalid 'RelationalConstraint' with arguments {'targets': [], 'effectors': [], 'relationship': None}. Reason: Prior disabled.
WARNING: Skipping invalid 'TrigConstraint' with arguments {}. Reason: There are no target Tokens.
WARNING: Skipping invalid 'UniformArityPrior' with arguments {}. Reason: Prior disabled.
WARNING: Skipping invalid 'LanguageModelPrior' with arguments {'weight': None}. Reason: Prior disabled.
LengthConstraint: Sequences have minimum length 4.
                  Sequences have maximum length 256.
RepeatConstraint: [const] cannot occur more than 10 times.
RelationalConstraint: [inv] cannot be a child of [inv].
ConstConstraint: [const] cannot be the only unique child of [inv, add, sub, mul, div].
NoInputsConstraint: Sequences contain at least one input variable Token.
SoftLengthPrior: No description available.
-- BUILDING PRIOR END ---------------

-- RUNNING EPOCHS START -------------
[00:00:00:02.02] Training epoch 1/14, current best R: 0.6569

	** New best
	Reward: 0.6569443717957125
	Count Off-policy: False
	Count On-policy: True
	Originally on Policy: True
	Invalid: False
	Traversal: mul,x2,div,x1,inv,mul,add,x1,x1,sub,mul,-12.013201090087819,x4,add,-2346.164444141241,x2
	Expression:
	      2                                                     
	  2⋅x₁ ⋅x₂⋅(-x₂ - 12.013201090087819⋅x₄ + 2346.164444141241)

[00:00:00:05.70] Training epoch 4/14, current best R: 0.6644

	** New best
	Reward: 0.6644390189828385
	Count Off-policy: False
	Count On-policy: True
	Originally on Policy: True
	Invalid: False
	Traversal: mul,4667.932611250283,add,mul,x1,mul,x1,x2,add,-13.201158900466545,x4
	Expression:
	                      2                                               
	  4667.932611250283⋅x₁ ⋅x₂ + 4667.932611250283⋅x₄ - 61622.120137784714

[00:00:00:12.64] Training epoch 10/14, current best R: 0.6644
[00:00:00:15.96] Training epoch 13/14, current best R: 0.7005

	** New best
	Reward: 0.7004669436303039
	Count Off-policy: False
	Count On-policy: True
	Originally on Policy: True
	Invalid: False
	Traversal: sub,1.186977279406776,div,-668.4194345496602,div,inv,mul,x2,mul,x1,x1,x2
	Expression:
	                      2   2                    
	  668.4194345496602⋅x₁ ⋅x₂  + 1.186977279406776

[00:00:00:17.27] Ending training after epoch 14/14, current best R: 0.7005
-- RUNNING EPOCHS END ---------------

-- EVALUATION START ----------------
Saving Hall of Fame to ./log/regression_config_regression_VPG.json_Livermore2_Vars6_4.in_normal_0.0_2023-05-30-042537/dso_regression_config_regression_VPG.json_Livermore2_Vars6_4.in_normal_0.0_0_hof.csv
Saving Pareto Front to ./log/regression_config_regression_VPG.json_Livermore2_Vars6_4.in_normal_0.0_2023-05-30-042537/dso_regression_config_regression_VPG.json_Livermore2_Vars6_4.in_normal_0.0_0_pf.csv
Invalid expressions: 160 of 14336 (1.1%).
Error type counts:
  reciprocal: 81 (50.6%)
  true_divide: 79 (49.4%)
Error node counts:
  divide: 160 (100.0%)
-- EVALUATION END ------------------
== TRAINING SEED 0 END ==============
INFO: Completed run 1 of 1 in 18 s

== POST-PROCESS START =================
-- LOADING LOGS START ----------------
Successfully loaded summary data
Successfully loaded Hall of Fame data
Successfully loaded Pareto Front data
-- LOADING LOGS END ------------------

-- ANALYZING LOG START --------------
Task_____________regression
Source path______./log/regression_config_regression_VPG.json_Livermore2_Vars6_4.in_normal_0.0_2023-05-30-042537
Runs_____________1
Max Samples/run__15000
Success_rate_____0.0
Hall of Fame (Top 5 of 100)____
    0: S=000 R=0.700467 <-- [668.4194345496602*x1**2*x2**2 + 1.186977279406776]
    1: S=000 R=0.664439 <-- [4667.932611250283*x1**2*x2 + 4667.932611250283*x4 - 61622.120137784714]
    2: S=000 R=0.657690 <-- [x1*(x1*x2*(x1 + 4373.585842337088) + x6 + 78.91877819446486)]
    3: S=000 R=0.656944 <-- [2*x1**2*x2*(-x2 - 12.013201090087819*x4 + 2346.164444141241)]
    4: S=000 R=0.643879 <-- [x1*(3756.3261760551354*x2*(x1 + x3) - 28066.849096262142)]
  Saving Hall of Fame plot to ./log/regression_config_regression_VPG.json_Livermore2_Vars6_4.in_normal_0.0_2023-05-30-042537/dso_regression_config_regression_VPG.json_Livermore2_Vars6_4.in_normal_0.0_plot_hof.png
Pareto Front (5 of 5)____
    0: S=000 R=0.700467 C=15.00 <-- [668.4194345496602*x1**2*x2**2 + 1.186977279406776]
    1: S=000 R=0.664439 C=11.00 <-- [4667.932611250283*x1**2*x2 + 4667.932611250283*x4 - 61622.120137784714]
    2: S=000 R=0.597402 C=9.00 <-- [3789.368028227836*x1*x2**2 + x6]
    3: S=000 R=0.507977 C=7.00 <-- [1073.5996747854713*x1**2*x5]
    4: S=000 R=0.497349 C=5.00 <-- [x2*x4**2]
  Saving Pareto Front plot to ./log/regression_config_regression_VPG.json_Livermore2_Vars6_4.in_normal_0.0_2023-05-30-042537/dso_regression_config_regression_VPG.json_Livermore2_Vars6_4.in_normal_0.0_plot_pf.png
-- ANALYZING LOG END ----------------
== POST-PROCESS END ===================
