['add', 'mul', 4.73, 'X_0', 'cos', 'mul', 'X_5', 'mul', 'pow', 'mul', 'X_2', 'mul', 'pow', 'X_4', -1, 'pow', 'add', 'X_1', 'X_6', -1, 0.5, 'mul', 'X_1', 'add', 'X_3', 'X_5']
--------------------
eq_name 	 Livermore2_Vars7_8
num_vars 	 7
vars_range_and_types 	 [{"name": "LogUniform", "range": [0.1, 10], "only_positive": true}, {"name": "LogUniform", "range": [0.1, 10], "only_positive": true}, {"name": "LogUniform", "range": [0.1, 10], "only_positive": true}, {"name": "LogUniform", "range": [0.1, 10], "only_positive": true}, {"name": "LogUniform", "range": [0.1, 10], "only_positive": true}, {"name": "LogUniform", "range": [0.1, 10], "only_positive": true}, {"name": "LogUniform", "range": [0.1, 10], "only_positive": true}]
function_set 	 ['add', 'sub', 'mul', 'div', 'sqrt', 'n2', 'sin', 'cos', 'const']
eq_expression 	 add,mul,4.73,X_0,cos,mul,X_5,mul,pow,mul,X_2,mul,pow,X_4,-1,pow,add,X_1,X_6,-1,0.5,mul,X_1,add,X_3,X_5
expr 	 4.73*X_0 + cos(X_5*sqrt(X_2/(X_4*(X_1 + X_6)))*Abs(X_1)*Abs(X_3 + X_5))
--------------------

== EXPERIMENT SETUP START ===========
Task type            : regression
Starting seed        : 0
Runs                 : 1
== EXPERIMENT SETUP END =============

== TRAINING SEED 0 START ============
self.dataX <dso.symbolic_data_generator.DataX object at 0x2b9a99a3f898>, self.data_query_oracle: <dso.symbolic_equation_evaluator_public.Equation_evaluator object at 0x2b9a802c0d68>
generate dataset!
-- BUILDING PRIOR START -------------
WARNING: Skipping invalid 'RelationalConstraint' with arguments {'targets': [], 'effectors': [], 'relationship': None}. Reason: Prior disabled.
WARNING: Skipping invalid 'TrigConstraint' with arguments {}. Reason: There are no target Tokens.
WARNING: Skipping invalid 'UniformArityPrior' with arguments {}. Reason: Prior disabled.
WARNING: Skipping invalid 'LanguageModelPrior' with arguments {'weight': None}. Reason: Prior disabled.
LengthConstraint: Sequences have minimum length 4.
                  Sequences have maximum length 256.
RepeatConstraint: [const] cannot occur more than 10 times.
RelationalConstraint: [inv] cannot be a child of [inv].
ConstConstraint: [const] cannot be the only unique child of [inv, add, sub, mul, div].
NoInputsConstraint: Sequences contain at least one input variable Token.
SoftLengthPrior: No description available.
-- BUILDING PRIOR END ---------------

-- RUNNING EPOCHS START -------------
[00:00:00:02.91] Training epoch 1/14, current best R: 0.6528

	** New best
	Reward: 0.6527937484325551
	Count Off-policy: False
	Count On-policy: True
	Originally on Policy: True
	Invalid: False
	Traversal: add,x1,add,x1,inv,div,add,0.16206890012241543,inv,x4,add,sub,x3,x3,x1
	Expression:
	                    x₁           
	  2⋅x₁ + ────────────────────────
	                               1 
	         0.16206890012241543 + ──
	                               x₄

[00:00:00:05.18] Training epoch 2/14, current best R: 0.9416

	** New best
	Reward: 0.9415565452103322
	Count Off-policy: False
	Count On-policy: True
	Originally on Policy: True
	Invalid: False
	Traversal: mul,sub,mul,-0.012305644128198972,x7,x1,-4.7712709204433
	Expression:
	  4.7712709204433⋅x₁ + 0.058713561986199595⋅x₇

[00:00:00:08.95] Training epoch 4/14, current best R: 0.9432

	** New best
	Reward: 0.943168915078949
	Count Off-policy: False
	Count On-policy: True
	Originally on Policy: True
	Invalid: False
	Traversal: sub,mul,x1,4.7305673803262716,mul,-0.3305406020100968,mul,x2,inv,x2
	Expression:
	  4.7305673803262716⋅x₁ + 0.3305406020100968

[00:00:00:21.41] Training epoch 10/14, current best R: 0.9432
[00:00:00:25.90] Training epoch 12/14, current best R: 0.9462

	** New best
	Reward: 0.9462008615463765
	Count Off-policy: False
	Count On-policy: True
	Originally on Policy: True
	Invalid: False
	Traversal: div,sub,x1,sub,0.8864269576998565,add,sub,1.1135730575522242,mul,x6,0.040102491936802834,x1,0.4228246910225764
	Expression:
	  4.730092736928676⋅x₁ - 0.094844252921505931⋅x₆ + 0.5372110585666801

[00:00:00:31.61] Ending training after epoch 14/14, current best R: 0.9462
-- RUNNING EPOCHS END ---------------

-- EVALUATION START ----------------
Saving Hall of Fame to ./log/regression_config_regression_DSR.json_Livermore2_Vars7_8.in_normal_0.0_2023-05-30-031751/dso_regression_config_regression_DSR.json_Livermore2_Vars7_8.in_normal_0.0_0_hof.csv
Saving Pareto Front to ./log/regression_config_regression_DSR.json_Livermore2_Vars7_8.in_normal_0.0_2023-05-30-031751/dso_regression_config_regression_DSR.json_Livermore2_Vars7_8.in_normal_0.0_0_pf.csv
Invalid expressions: 164 of 14336 (1.1%).
Error type counts:
  reciprocal: 82 (50.0%)
  true_divide: 82 (50.0%)
Error node counts:
  divide: 164 (100.0%)
-- EVALUATION END ------------------
== TRAINING SEED 0 END ==============
INFO: Completed run 1 of 1 in 33 s

== POST-PROCESS START =================
-- LOADING LOGS START ----------------
Successfully loaded summary data
Successfully loaded Hall of Fame data
Successfully loaded Pareto Front data
-- LOADING LOGS END ------------------

-- ANALYZING LOG START --------------
Task_____________regression
Source path______./log/regression_config_regression_DSR.json_Livermore2_Vars7_8.in_normal_0.0_2023-05-30-031751
Runs_____________1
Max Samples/run__15000
Success_rate_____0.0
Hall of Fame (Top 5 of 100)____
    0: S=000 R=0.946201 <-- [4.730092736928676*x1 - 0.094844252921505931*x6 + 0.5372110585666801]
    1: S=000 R=0.944271 <-- [4.7305445438365409*x1 + 0.26300692552920146 + 0.014739805327100998/(x6*x7)]
    2: S=000 R=0.943897 <-- [4.7310912244723748*x1 - 0.047231250234902974*x2 + 0.43069115231416216]
    3: S=000 R=0.943169 <-- [4.7305749819206655*x1 + 0.3305176874634191]
    4: S=000 R=0.943169 <-- [4.7305673803262716*x1 + 0.3305406020100968]
  Saving Hall of Fame plot to ./log/regression_config_regression_DSR.json_Livermore2_Vars7_8.in_normal_0.0_2023-05-30-031751/dso_regression_config_regression_DSR.json_Livermore2_Vars7_8.in_normal_0.0_plot_hof.png
Pareto Front (3 of 3)____
    0: S=000 R=0.946201 C=14.00 <-- [4.730092736928676*x1 - 0.094844252921505931*x6 + 0.5372110585666801]
    1: S=000 R=0.943897 C=12.00 <-- [4.7310912244723748*x1 - 0.047231250234902974*x2 + 0.43069115231416216]
    2: S=000 R=0.943169 C=5.00 <-- [4.7305749819206655*x1 + 0.3305176874634191]
  Saving Pareto Front plot to ./log/regression_config_regression_DSR.json_Livermore2_Vars7_8.in_normal_0.0_2023-05-30-031751/dso_regression_config_regression_DSR.json_Livermore2_Vars7_8.in_normal_0.0_plot_pf.png
-- ANALYZING LOG END ----------------
== POST-PROCESS END ===================
