['add', 'X_0', 'add', 'mul', 2, 'pow', 'X_0', 2, 'add', 'mul', 3, 'pow', 'X_0', 3, 'mul', 4, 'pow', 'X_0', 4]
--------------------
eq_name 	 Livermore_6
num_vars 	 1
vars_range_and_types 	 [{"name": "LogUniform", "range": [0.1, 10], "only_positive": true}]
function_set 	 ['add', 'sub', 'mul', 'div', 'sin', 'cos', 'exp', 'log', 'const']
eq_expression 	 add,X_0,add,mul,2,pow,X_0,2,add,mul,3,pow,X_0,3,mul,4,pow,X_0,4
expr 	 4*X_0**4 + 3*X_0**3 + 2*X_0**2 + X_0
--------------------

== EXPERIMENT SETUP START ===========
Task type            : regression
Starting seed        : 0
Runs                 : 1
== EXPERIMENT SETUP END =============

== TRAINING SEED 0 START ============
self.dataX <dso.symbolic_data_generator.DataX object at 0x2adc76675cf8>, self.data_query_oracle: <dso.symbolic_equation_evaluator_public.Equation_evaluator object at 0x2adc5ce40da0>
generate dataset!
-- BUILDING PRIOR START -------------
WARNING: Skipping invalid 'RelationalConstraint' with arguments {'targets': [], 'effectors': [], 'relationship': None}. Reason: Prior disabled.
WARNING: Skipping invalid 'TrigConstraint' with arguments {}. Reason: There are no target Tokens.
WARNING: Skipping invalid 'UniformArityPrior' with arguments {}. Reason: Prior disabled.
WARNING: Skipping invalid 'LanguageModelPrior' with arguments {'weight': None}. Reason: Prior disabled.
LengthConstraint: Sequences have minimum length 4.
                  Sequences have maximum length 256.
RepeatConstraint: [const] cannot occur more than 10 times.
RelationalConstraint: [inv] cannot be a child of [inv].
ConstConstraint: [const] cannot be the only unique child of [inv, add, sub, mul, div].
NoInputsConstraint: Sequences contain at least one input variable Token.
SoftLengthPrior: No description available.
-- BUILDING PRIOR END ---------------

-- RUNNING EPOCHS START -------------
[00:00:00:15.83] Training epoch 1/14, current best R: 0.9997

	** New best
	Reward: 0.9997166651474325
	Count Off-policy: False
	Count On-policy: True
	Originally on Policy: True
	Invalid: False
	Traversal: mul,add,1.0803122684738706,x1,div,div,x1,inv,x1,inv,mul,inv,add,add,-0.0010818311029915906,inv,x1,-0.0010818311029979774,3.8160538254382588
	Expression:
	            2                                  
	          x₁ ⋅(x₁ + 1.0803122684738706)        
	  ─────────────────────────────────────────────
	                            0.26205081105876538
	  -0.00056698943593676378 + ───────────────────
	                                     x₁        

[00:00:00:31.56] Training epoch 2/14, current best R: 1.0000

	** New best
	Reward: 0.9999990413883572
	Count Off-policy: False
	Count On-policy: True
	Originally on Policy: True
	Invalid: False
	Traversal: mul,sub,mul,add,div,inv,div,inv,sub,mul,add,3.9975656769555963,inv,div,0.24999124477403184,x1,x1,x1,x1,x1,2.0124130013475185,x1,-0.9830625104560512,x1
	Expression:
	  x₁⋅(x₁⋅(x₁⋅(4.0001400885215172⋅x₁ + 3.9975656769555963) - x₁ + 2.0124130013475
	  185) + 0.9830625104560512)

[00:00:00:31.58] Early stopping criteria met; breaking early.
-- RUNNING EPOCHS END ---------------

-- EVALUATION START ----------------
Saving Hall of Fame to ./log/regression_config_regression_PQT.json_Livermore_6.in_normal_0.0_2023-05-30-034655/dso_regression_config_regression_PQT.json_Livermore_6.in_normal_0.0_0_hof.csv
Saving Pareto Front to ./log/regression_config_regression_PQT.json_Livermore_6.in_normal_0.0_2023-05-30-034655/dso_regression_config_regression_PQT.json_Livermore_6.in_normal_0.0_0_pf.csv
Invalid expressions: 72 of 2048 (3.5%).
Error type counts:
  reciprocal: 53 (73.6%)
  true_divide: 19 (26.4%)
Error node counts:
  divide: 72 (100.0%)

Priority queue entry 0:
	Reward: 0.9999990413883572
	Count Off-policy: False
	Count On-policy: True
	Originally on Policy: True
	Invalid: False
	Traversal: mul,sub,mul,add,div,inv,div,inv,sub,mul,add,3.9975656769555963,inv,div,0.24999124477403184,x1,x1,x1,x1,x1,2.0124130013475185,x1,-0.9830625104560512,x1
	Expression:
	  x₁⋅(x₁⋅(x₁⋅(4.0001400885215172⋅x₁ + 3.9975656769555963) - x₁ + 2.0124130013475
	  185) + 0.9830625104560512)


Priority queue entry 1:
	Reward: 0.9997166651474325
	Count Off-policy: False
	Count On-policy: True
	Originally on Policy: True
	Invalid: False
	Traversal: mul,add,1.0803122684738706,x1,div,div,x1,inv,x1,inv,mul,inv,add,add,-0.0010818311029915906,inv,x1,-0.0010818311029979774,3.8160538254382588
	Expression:
	            2                                  
	          x₁ ⋅(x₁ + 1.0803122684738706)        
	  ─────────────────────────────────────────────
	                            0.26205081105876538
	  -0.00056698943593676378 + ───────────────────
	                                     x₁        

-- EVALUATION END ------------------
== TRAINING SEED 0 END ==============
INFO: Completed run 1 of 1 in 33 s

== POST-PROCESS START =================
-- LOADING LOGS START ----------------
Successfully loaded summary data
Successfully loaded Hall of Fame data
Successfully loaded Pareto Front data
-- LOADING LOGS END ------------------

-- ANALYZING LOG START --------------
Task_____________regression
Source path______./log/regression_config_regression_PQT.json_Livermore_6.in_normal_0.0_2023-05-30-034655
Runs_____________1
Max Samples/run__15000
Success_rate_____1.0
Hall of Fame (Top 5 of 100)____
    0: S=000 R=0.999999 <-- [x1*(x1*(x1*(4.0001400885215172*x1 + 3.9975656769555963) - x1 + 2.0124130013475185) + 0.9830625104560512)]
    1: S=000 R=0.999953 <-- [x1*(4.0055648367295435*x1**2*(x1 + 0.722882816324497*(x1 + 1.148656121673361)/x1) - 0.7279182369555959*x1)]
    2: S=000 R=0.999953 <-- [1.525793486891497*x1*(x1*(2.6251905471508956*x1*(x1 + 0.34219712650256073) + x1 + 0.7009565866230311) + x1)]
    3: S=000 R=0.999953 <-- [x1**2*(4.005837213054678*x1**2 + 2.891586409821371*x1 + 2.611675270019434)]
    4: S=000 R=0.999857 <-- [1.515191582604052*x1*(1.3181449396423026*x1**2*(1.9999487375844534*x1 + 1.5338299747607904) + 1.3181449396423026*x1)]
  Saving Hall of Fame plot to ./log/regression_config_regression_PQT.json_Livermore_6.in_normal_0.0_2023-05-30-034655/dso_regression_config_regression_PQT.json_Livermore_6.in_normal_0.0_plot_hof.png
Pareto Front (5 of 11)____
    0: S=000 R=0.999999 C=30.00 <-- [x1*(x1*(x1*(4.0001400885215172*x1 + 3.9975656769555963) - x1 + 2.0124130013475185) + 0.9830625104560512)]
    1: S=000 R=0.999953 C=26.00 <-- [x1*(4.0055648367295435*x1**2*(x1 + 0.722882816324497*(x1 + 1.148656121673361)/x1) - 0.7279182369555959*x1)]
    2: S=000 R=0.999953 C=25.00 <-- [x1**2*(4.005837213054678*x1**2 + 2.891586409821371*x1 + 2.611675270019434)]
    3: S=000 R=0.999508 C=21.00 <-- [2.001585723946156*x1**2*(x1 + 0.740689554619566)*(2*x1 + 1/x1) + 1/x1]
    4: S=000 R=0.999415 C=20.00 <-- [3.9571484064496637*x1**3*(x1 + 0.9152984083683434)]
  Saving Pareto Front plot to ./log/regression_config_regression_PQT.json_Livermore_6.in_normal_0.0_2023-05-30-034655/dso_regression_config_regression_PQT.json_Livermore_6.in_normal_0.0_plot_pf.png
-- ANALYZING LOG END ----------------
== POST-PROCESS END ===================
