['add', 'X_4', 'add', 'mul', -1, 'sin', 'add', 'X_3', 'add', 'mul', -1, 'X_0', 'mul', 'X_0', 'log', 'X_1', 'mul', 2, 'mul', 'X_0', 'mul', 'X_1', 'X_2']
--------------------
eq_name 	 Livermore2_Vars5_3
num_vars 	 5
vars_range_and_types 	 [{"name": "LogUniform", "range": [0.1, 10], "only_positive": true}, {"name": "LogUniform", "range": [0.1, 10], "only_positive": true}, {"name": "LogUniform", "range": [0.1, 10], "only_positive": true}, {"name": "LogUniform", "range": [0.1, 10], "only_positive": true}, {"name": "LogUniform", "range": [0.1, 10], "only_positive": true}]
function_set 	 ['add', 'sub', 'mul', 'div', 'const', 'log', 'sin', 'cos']
eq_expression 	 add,X_4,add,mul,-1,sin,add,X_3,add,mul,-1,X_0,mul,X_0,log,X_1,mul,2,mul,X_0,mul,X_1,X_2
expr 	 2*X_0*X_1*X_2 + X_4 - sin(X_0*log(X_1) - X_0 + X_3)
--------------------

== EXPERIMENT SETUP START ===========
Task type            : regression
Starting seed        : 0
Runs                 : 1
== EXPERIMENT SETUP END =============

== TRAINING SEED 0 START ============
self.dataX <dso.symbolic_data_generator.DataX object at 0x2acb3d926860>, self.data_query_oracle: <dso.symbolic_equation_evaluator_public.Equation_evaluator object at 0x2acb24179d68>
generate dataset!
-- BUILDING PRIOR START -------------
WARNING: Skipping invalid 'RelationalConstraint' with arguments {'targets': [], 'effectors': [], 'relationship': None}. Reason: Prior disabled.
WARNING: Skipping invalid 'TrigConstraint' with arguments {}. Reason: There are no target Tokens.
WARNING: Skipping invalid 'UniformArityPrior' with arguments {}. Reason: Prior disabled.
WARNING: Skipping invalid 'LanguageModelPrior' with arguments {'weight': None}. Reason: Prior disabled.
LengthConstraint: Sequences have minimum length 4.
                  Sequences have maximum length 256.
RepeatConstraint: [const] cannot occur more than 10 times.
RelationalConstraint: [inv] cannot be a child of [inv].
ConstConstraint: [const] cannot be the only unique child of [inv, add, sub, mul, div].
NoInputsConstraint: Sequences contain at least one input variable Token.
SoftLengthPrior: No description available.
-- BUILDING PRIOR END ---------------

-- RUNNING EPOCHS START -------------
[00:00:00:03.68] Training epoch 1/14, current best R: 0.9563

	** New best
	Reward: 0.9563081060811022
	Count Off-policy: False
	Count On-policy: True
	Originally on Policy: True
	Invalid: False
	Traversal: div,mul,x3,x1,inv,mul,-1.9993032443002008,sub,-0.041198605353131086,x2
	Expression:
	  x₁⋅x₃⋅(1.9993032443002008⋅x₂ + 0.0823685053431586)

[00:00:00:24.73] Training epoch 10/14, current best R: 0.9563
[00:00:00:31.84] Training epoch 13/14, current best R: 0.9904

	** New best
	Reward: 0.9904470712706167
	Count Off-policy: False
	Count On-policy: True
	Originally on Policy: True
	Invalid: False
	Traversal: add,x5,div,x3,div,0.5001344695559106,mul,x2,x1
	Expression:
	  1.999462266393956⋅x₁⋅x₂⋅x₃ + x₅

[00:00:00:34.36] Ending training after epoch 14/14, current best R: 0.9904
-- RUNNING EPOCHS END ---------------

-- EVALUATION START ----------------
Saving Hall of Fame to ./log/regression_config_regression_VPG.json_Livermore2_Vars5_3.in_normal_0.0_2023-05-30-042008/dso_regression_config_regression_VPG.json_Livermore2_Vars5_3.in_normal_0.0_0_hof.csv
Saving Pareto Front to ./log/regression_config_regression_VPG.json_Livermore2_Vars5_3.in_normal_0.0_2023-05-30-042008/dso_regression_config_regression_VPG.json_Livermore2_Vars5_3.in_normal_0.0_0_pf.csv
Invalid expressions: 204 of 14336 (1.4%).
Error type counts:
  reciprocal: 90 (44.1%)
  true_divide: 114 (55.9%)
Error node counts:
  divide: 203 (99.5%)
  invalid: 1 (0.5%)
-- EVALUATION END ------------------
== TRAINING SEED 0 END ==============
INFO: Completed run 1 of 1 in 36 s

== POST-PROCESS START =================
-- LOADING LOGS START ----------------
Successfully loaded summary data
Successfully loaded Hall of Fame data
Successfully loaded Pareto Front data
-- LOADING LOGS END ------------------

-- ANALYZING LOG START --------------
Task_____________regression
Source path______./log/regression_config_regression_VPG.json_Livermore2_Vars5_3.in_normal_0.0_2023-05-30-042008
Runs_____________1
Max Samples/run__15000
Success_rate_____0.0
Hall of Fame (Top 5 of 100)____
    0: S=000 R=0.990447 <-- [1.999462266393956*x1*x2*x3 + x5]
    1: S=000 R=0.964227 <-- [2.0002573131153385*x1*x2*x3 + 2.054366427318366]
    2: S=000 R=0.956308 <-- [x1*x3*(1.9993032443002008*x2 + 0.0823685053431586)]
    3: S=000 R=0.955391 <-- [2.0157175477721303*x1*x2*x3]
    4: S=000 R=0.940135 <-- [x2*(2.0291970746495407*x1*x3 + 0.0947057388954593/x5) - x2 + x4]
  Saving Hall of Fame plot to ./log/regression_config_regression_VPG.json_Livermore2_Vars5_3.in_normal_0.0_2023-05-30-042008/dso_regression_config_regression_VPG.json_Livermore2_Vars5_3.in_normal_0.0_plot_hof.png
Pareto Front (5 of 5)____
    0: S=000 R=0.990447 C=11.00 <-- [1.999462266393956*x1*x2*x3 + x5]
    1: S=000 R=0.964227 C=9.00 <-- [2.0002573131153385*x1*x2*x3 + 2.054366427318366]
    2: S=000 R=0.602810 C=8.00 <-- [3.090892034347674*x3*(x1 + x2)]
    3: S=000 R=0.562287 C=7.00 <-- [4.440739650934588*x1*x3 + 1.2707132059124525]
    4: S=000 R=0.554846 C=5.00 <-- [4.314393603978917*x2*x3]
  Saving Pareto Front plot to ./log/regression_config_regression_VPG.json_Livermore2_Vars5_3.in_normal_0.0_2023-05-30-042008/dso_regression_config_regression_VPG.json_Livermore2_Vars5_3.in_normal_0.0_plot_pf.png
-- ANALYZING LOG END ----------------
== POST-PROCESS END ===================
