['mul', 4, 'mul', 'cos', 'X_1', 'sin', 'X_0']
--------------------
eq_name 	 Livermore_17
num_vars 	 2
vars_range_and_types 	 [{"name": "LogUniform", "range": [0.1, 10], "only_positive": true}, {"name": "LogUniform", "range": [0.1, 10], "only_positive": true}]
function_set 	 ['add', 'sub', 'mul', 'div', 'sin', 'cos', 'const']
eq_expression 	 mul,4,mul,cos,X_1,sin,X_0
expr 	 4*sin(X_0)*cos(X_1)
--------------------

== EXPERIMENT SETUP START ===========
Task type            : regression
Starting seed        : 0
Runs                 : 1
== EXPERIMENT SETUP END =============

== TRAINING SEED 0 START ============
self.dataX <dso.symbolic_data_generator.DataX object at 0x2b3cb7c9e048>, self.data_query_oracle: <dso.symbolic_equation_evaluator_public.Equation_evaluator object at 0x2b3cd6d3fda0>
generate dataset!
-- BUILDING PRIOR START -------------
WARNING: Skipping invalid 'RelationalConstraint' with arguments {'targets': [], 'effectors': [], 'relationship': None}. Reason: Prior disabled.
WARNING: Skipping invalid 'TrigConstraint' with arguments {}. Reason: There are no target Tokens.
WARNING: Skipping invalid 'UniformArityPrior' with arguments {}. Reason: Prior disabled.
WARNING: Skipping invalid 'LanguageModelPrior' with arguments {'weight': None}. Reason: Prior disabled.
LengthConstraint: Sequences have minimum length 4.
                  Sequences have maximum length 256.
RepeatConstraint: [const] cannot occur more than 10 times.
RelationalConstraint: [inv] cannot be a child of [inv].
ConstConstraint: [const] cannot be the only unique child of [inv, add, sub, mul, div].
NoInputsConstraint: Sequences contain at least one input variable Token.
SoftLengthPrior: No description available.
-- BUILDING PRIOR END ---------------

-- RUNNING EPOCHS START -------------
gen	iter	pop_size	nevals	uncached_size	best_val             	timer  
0  	0   	1024    	1024  	1024         	(-0.545619840910685,)	11.3286
1  	1   	1024    	788   	638          	(-0.5631502164675681,)	10.3986
2  	2   	1024    	770   	612          	(-0.5631502164675681,)	11.306 
3  	3   	1024    	759   	599          	(-0.563644354133357,) 	16.1945
4  	4   	1024    	767   	620          	(-0.5646688531813195,)	22.8434
5  	5   	1024    	768   	604          	(-0.5654544812789475,)	27.6338
6  	6   	1024    	787   	604          	(-0.5683627920425601,)	35.4592
7  	7   	1024    	750   	583          	(-0.5683627920425601,)	50.6982
8  	8   	1024    	772   	575          	(-0.5751557016333284,)	59.0831
9  	9   	1024    	789   	567          	(-0.5751557016333284,)	57.7159

--------------------------------------------------
GP Time: 302.906

Unique expressions evaluated: 7351
Total expression evaluations: 7974
--------------------------------------------------

GP -> best program this epoch:

	Reward: 0.5751557016333284
	Count Off-policy: 1
	Count On-policy: 0
	Originally on Policy: False
	Invalid: False
	Traversal: inv,add,add,x1,sub,x2,sub,sub,x1,-0.03314659085696413,mul,mul,-0.09635451411059666,mul,div,add,sub,-0.2168066481167475,x1,div,x1,1.1748908472614341,x1,add,add,mul,add,x2,x1,x1,3.1514717546548123,x1,div,div,x2,add,3.658286346757334,sub,add,mul,mul,add,-2.3209110444889105,x1,div,sub,x1,4.922466292008992,0.17889049434867693,0.07674743259196586,x2,x1,x2,div,x2,x1
	Expression:
                                                                              
	  ──────────────────────────────────────────────────────────────────────────────
	                             x₂              0.09635451411059666⋅(-0.14885710248
	  x₂ - 0.03314659085696413 + ── - ──────────────────────────────────────────────
	                             x₁   x₁⋅(-x₁ + x₂ + 0.07674743259196586⋅(x₁ - 2.320

	  1                                                                             
	  ──────────────────────────────────────────────────────────────────────────────
	  666⋅x₁ - 0.2168066481167475)⋅(x₁⋅(x₁ + x₂) + x₁ + 3.1514717546548123)         
	  ──────────────────────────────────────────────────────────────────────────────
	  9110444889105)⋅(5.5900119435686269⋅x₁ - 27.516645364144238) + 3.65828634675733

  
	  ──
  
	  ──
	  4)

None

--------------------------------------------------

[00:00:05:17.86] Training epoch 1/14, current best R: 0.5752

	** New best
	Reward: 0.5751557016333284
	Count Off-policy: 1
	Count On-policy: 0
	Originally on Policy: False
	Invalid: False
	Traversal: inv,add,add,x1,sub,x2,sub,sub,x1,-0.03314659085696413,mul,mul,-0.09635451411059666,mul,div,add,sub,-0.2168066481167475,x1,div,x1,1.1748908472614341,x1,add,add,mul,add,x2,x1,x1,3.1514717546548123,x1,div,div,x2,add,3.658286346757334,sub,add,mul,mul,add,-2.3209110444889105,x1,div,sub,x1,4.922466292008992,0.17889049434867693,0.07674743259196586,x2,x1,x2,div,x2,x1
	Expression:
                                                                              
	  ──────────────────────────────────────────────────────────────────────────────
	                             x₂              0.09635451411059666⋅(-0.14885710248
	  x₂ - 0.03314659085696413 + ── - ──────────────────────────────────────────────
	                             x₁   x₁⋅(-x₁ + x₂ + 0.07674743259196586⋅(x₁ - 2.320

	  1                                                                             
	  ──────────────────────────────────────────────────────────────────────────────
	  666⋅x₁ - 0.2168066481167475)⋅(x₁⋅(x₁ + x₂) + x₁ + 3.1514717546548123)         
	  ──────────────────────────────────────────────────────────────────────────────
	  9110444889105)⋅(5.5900119435686269⋅x₁ - 27.516645364144238) + 3.65828634675733

  
	  ──
  
	  ──
	  4)

10 	0   	1024    	1024  	1015         	(-0.5508247799087962,)	8.37498
11 	1   	1024    	751   	618          	(-0.5508247799087962,)	9.06891
12 	2   	1024    	762   	617          	(-0.5508247799087962,)	12.9317
13 	3   	1024    	790   	658          	(-0.5637371669584716,)	19.4145
14 	4   	1024    	763   	629          	(-0.5637371669584716,)	21.3624
15 	5   	1024    	768   	635          	(-0.5637371669584716,)	30.5811
16 	6   	1024    	806   	679          	(-0.5765022427421287,)	45.0857
17 	7   	1024    	760   	605          	(-0.5809245551797342,)	46.0973
18 	8   	1024    	759   	593          	(-0.5809245551797342,)	52.9833
19 	9   	1024    	752   	573          	(-0.586912309112532,) 	52.9666

--------------------------------------------------
GP Time: 299.114

Unique expressions evaluated: 14918
Total expression evaluations: 15909
--------------------------------------------------

GP -> best program this epoch:

	Reward: 0.586912309112532
	Count Off-policy: 1
	Count On-policy: 0
	Originally on Policy: False
	Invalid: False
	Traversal: mul,inv,add,mul,add,div,3.487681787652018,x1,add,-2.93665225858592,x1,0.1603116287332792,x2,mul,0.014671070036629973,add,mul,x1,mul,inv,sub,x1,div,add,x2,add,mul,add,div,1161.2593180960168,x1,add,-166.7862555624898,x1,x1,x2,add,div,1074.609716891688,x1,add,-134.8883237039037,mul,-2.121087506617414,x1,x1,117.49629107905575
	Expression:
	                                              2                                 
	                       0.014671070036629973⋅x₁                                  
	  ────────────────────────────────────────────────────────────────── + 1.7237963
	             ⎛                         1161.2593180960168⎞                      
	          x₁⋅⎜x₁ - 166.7862555624898 + ──────────────────⎟ + 2⋅x₂               
	             ⎝                                 x₁        ⎠                      
	  x₁ - ─────────────────────────────────────────────────────────────            
	                                                   1074.609716891688            
	       -2.121087506617414⋅x₁ - 134.8883237039037 + ─────────────────            
	                                                           x₁                   
	  ──────────────────────────────────────────────────────────────────────────────
	                                                              0.5591159478818898
	            0.1603116287332792⋅x₁ + x₂ - 0.4707795065971718 + ──────────────────
	                                                                      x₁        

         
         
	  154650884
         
         
         
         
         
         
         
	  ─────────
         
         
         

None

--------------------------------------------------

[00:00:10:30.28] Training epoch 2/14, current best R: 0.5869

	** New best
	Reward: 0.586912309112532
	Count Off-policy: 1
	Count On-policy: 0
	Originally on Policy: False
	Invalid: False
	Traversal: mul,inv,add,mul,add,div,3.487681787652018,x1,add,-2.93665225858592,x1,0.1603116287332792,x2,mul,0.014671070036629973,add,mul,x1,mul,inv,sub,x1,div,add,x2,add,mul,add,div,1161.2593180960168,x1,add,-166.7862555624898,x1,x1,x2,add,div,1074.609716891688,x1,add,-134.8883237039037,mul,-2.121087506617414,x1,x1,117.49629107905575
	Expression:
	                                              2                                 
	                       0.014671070036629973⋅x₁                                  
	  ────────────────────────────────────────────────────────────────── + 1.7237963
	             ⎛                         1161.2593180960168⎞                      
	          x₁⋅⎜x₁ - 166.7862555624898 + ──────────────────⎟ + 2⋅x₂               
	             ⎝                                 x₁        ⎠                      
	  x₁ - ─────────────────────────────────────────────────────────────            
	                                                   1074.609716891688            
	       -2.121087506617414⋅x₁ - 134.8883237039037 + ─────────────────            
	                                                           x₁                   
	  ──────────────────────────────────────────────────────────────────────────────
	                                                              0.5591159478818898
	            0.1603116287332792⋅x₁ + x₂ - 0.4707795065971718 + ──────────────────
	                                                                      x₁        

         
         
	  154650884
         
         
         
         
         
         
         
	  ─────────
         
         
         

-- RUNNING EPOCHS END ---------------

-- EVALUATION START ----------------
Saving Hall of Fame to ./log/regression_config_regression_GPMELD.json_Livermore_17.in_normal_0.0_2023-05-30-033756/dso_regression_config_regression_GPMELD.json_Livermore_17.in_normal_0.0_0_hof.csv
Saving Pareto Front to ./log/regression_config_regression_GPMELD.json_Livermore_17.in_normal_0.0_2023-05-30-033756/dso_regression_config_regression_GPMELD.json_Livermore_17.in_normal_0.0_0_pf.csv
Invalid expressions: 186 of 17957 (1.0%).
Error type counts:
  reciprocal: 105 (56.5%)
  true_divide: 81 (43.5%)
Error node counts:
  divide: 184 (98.9%)
  invalid: 2 (1.1%)
-- EVALUATION END ------------------
== TRAINING SEED 0 END ==============
INFO: Completed run 1 of 1 in 632 s

== POST-PROCESS START =================
-- LOADING LOGS START ----------------
Successfully loaded summary data
Successfully loaded Hall of Fame data
Successfully loaded Pareto Front data
-- LOADING LOGS END ------------------

-- ANALYZING LOG START --------------
Task_____________regression
Source path______./log/regression_config_regression_GPMELD.json_Livermore_17.in_normal_0.0_2023-05-30-033756
Runs_____________1
Max Samples/run__15000
Success_rate_____0.0
Hall of Fame (Top 5 of 100)____
    0: S=000 R=0.586912 <-- [(0.014671070036629973*x1**2/(x1 - (x1*(x1 - 166.7862555624898 + 1161.2593180960168/x1) + 2*x2)/(-2.121087506617414*x1 - 134.8883237039037 + 1074.609716891688/x1)) + 1.7237963154650884)/(0.1603116287332792*x1 + x2 - 0.4707795065971718 + 0.5591159478818898/x1)]
    1: S=000 R=0.586912 <-- [(0.014671070036629973*x1**2/(x1 - (x1*(x1 - 166.7862555624898 + 1161.2593180960168/x1) + 2*x2)/(-2.121087506617414*x1 - 134.8883237039037 + 1074.609716891688/x1)) + 1.7237963154650884)/(0.1603116287332792*x1 + x2 - 0.4707795065971718 + 0.5591159478818898/x1)]
    2: S=000 R=0.581818 <-- [(0.022710845645438932*x1**2/(-0.01833491194679637*x1*(6.714585161680045*x1 + 118.2135189255948/x1) + x1 - 0.03666982389359274*x2) + 1.1732617352647077)/(x2 + 0.00853632041967696*(x1 - 2.7384950125966787 + 5.660020912616905/x1)/x2)]
    3: S=000 R=0.581818 <-- [(0.022710845645438932*x1**2/(-0.01833491194679637*x1*(6.714585161680045*x1 + 118.2135189255948/x1) + x1 - 0.03666982389359274*x2) + 1.1732617352647077)/(x2 + 0.00853632041967696*(x1 - 2.7384950125966787 + 5.660020912616905/x1)/x2)]
    4: S=000 R=0.580925 <-- [(2.9421604850492145*x1/(-9.833551341287669*x1 - 0.5547893682538857*x2 + 76.56389676786483 - 164.15042454176813/x1) + 1.6137593806677793)/(0.022343568815441608*x1 + x2 - 0.014136217663254154 + 0.3260559854782354/x1)]
  Saving Hall of Fame plot to ./log/regression_config_regression_GPMELD.json_Livermore_17.in_normal_0.0_2023-05-30-033756/dso_regression_config_regression_GPMELD.json_Livermore_17.in_normal_0.0_plot_hof.png
Pareto Front (5 of 20)____
    0: S=000 R=0.586912 C=53.00 <-- [(0.014671070036629973*x1**2/(x1 - (x1*(x1 - 166.7862555624898 + 1161.2593180960168/x1) + 2*x2)/(-2.121087506617414*x1 - 134.8883237039037 + 1074.609716891688/x1)) + 1.7237963154650884)/(0.1603116287332792*x1 + x2 - 0.4707795065971718 + 0.5591159478818898/x1)]
    1: S=000 R=0.581818 C=47.00 <-- [(0.022710845645438932*x1**2/(-0.01833491194679637*x1*(6.714585161680045*x1 + 118.2135189255948/x1) + x1 - 0.03666982389359274*x2) + 1.1732617352647077)/(x2 + 0.00853632041967696*(x1 - 2.7384950125966787 + 5.660020912616905/x1)/x2)]
    2: S=000 R=0.580925 C=41.00 <-- [(2.9421604850492145*x1/(-9.833551341287669*x1 - 0.5547893682538857*x2 + 76.56389676786483 - 164.15042454176813/x1) + 1.6137593806677793)/(0.022343568815441608*x1 + x2 - 0.014136217663254154 + 0.3260559854782354/x1)]
    3: S=000 R=0.579947 C=40.00 <-- [(0.04137265082083428*x1**2/(-0.028185551730045989*x1*(4.610612623364734*x1 + 76.0246335270979/x1) + x1 - 0.028185551730045989*x2) + 1.613892123796385)/(x2 + 0.077030644007555881 + 0.27150942328849767/x1)]
    4: S=000 R=0.566274 C=31.00 <-- [(0.00028764829318151996*x1**2*(x1 + 593.237474202358 - 6062.239682630876/x1) + 3.6819840308100658)/(0.15725707635785383*x1 + x2 - 0.87917250668364064 + 1.2326976720225978/x1)]
  Saving Pareto Front plot to ./log/regression_config_regression_GPMELD.json_Livermore_17.in_normal_0.0_2023-05-30-033756/dso_regression_config_regression_GPMELD.json_Livermore_17.in_normal_0.0_plot_pf.png
-- ANALYZING LOG END ----------------
== POST-PROCESS END ===================
