['add', 'X_0', 'add', 'mul', -1, 'X_5', 'mul', 'pow', 'add', 'X_1', 'add', 'pow', 'X_0', 2, 'mul', -1, 'X_2', 0.5, 'add', 'X_0', 'add', 'X_3', 'X_4']
--------------------
eq_name 	 Livermore2_Vars6_1
num_vars 	 6
vars_range_and_types 	 [{"name": "LogUniform", "range": [0.1, 10], "only_positive": true}, {"name": "LogUniform", "range": [0.1, 10], "only_positive": true}, {"name": "LogUniform", "range": [0.1, 10], "only_positive": true}, {"name": "LogUniform", "range": [0.1, 10], "only_positive": true}, {"name": "LogUniform", "range": [0.1, 10], "only_positive": true}, {"name": "LogUniform", "range": [0.1, 10], "only_positive": true}]
function_set 	 ['add', 'sub', 'mul', 'div', 'sqrt', 'n2', 'const']
eq_expression 	 add,X_0,add,mul,-1,X_5,mul,pow,add,X_1,add,pow,X_0,2,mul,-1,X_2,0.5,add,X_0,add,X_3,X_4
expr 	 X_0 - X_5 + (X_0 + X_3 + X_4)*sqrt(X_0**2 + X_1 - X_2)
--------------------

== EXPERIMENT SETUP START ===========
Task type            : regression
Starting seed        : 0
Runs                 : 1
== EXPERIMENT SETUP END =============

== TRAINING SEED 0 START ============
self.dataX <dso.symbolic_data_generator.DataX object at 0x2ad2aeff91d0>, self.data_query_oracle: <dso.symbolic_equation_evaluator_public.Equation_evaluator object at 0x2ad299869cf8>
generate dataset!
-- BUILDING PRIOR START -------------
WARNING: Skipping invalid 'RelationalConstraint' with arguments {'targets': [], 'effectors': [], 'relationship': None}. Reason: Prior disabled.
WARNING: Skipping invalid 'TrigConstraint' with arguments {}. Reason: There are no target Tokens.
WARNING: Skipping invalid 'UniformArityPrior' with arguments {}. Reason: Prior disabled.
WARNING: Skipping invalid 'LanguageModelPrior' with arguments {'weight': None}. Reason: Prior disabled.
LengthConstraint: Sequences have minimum length 4.
                  Sequences have maximum length 256.
RepeatConstraint: [const] cannot occur more than 10 times.
RelationalConstraint: [inv] cannot be a child of [inv].
ConstConstraint: [const] cannot be the only unique child of [inv, add, sub, mul, div].
NoInputsConstraint: Sequences contain at least one input variable Token.
SoftLengthPrior: No description available.
-- BUILDING PRIOR END ---------------

-- RUNNING EPOCHS START -------------
gen	iter	pop_size	nevals	uncached_size	best_val	timer  
0  	0   	1024    	1024  	1024         	(nan,)  	1.55606
1  	1   	1024    	774   	698          	(nan,)  	0.25819
2  	2   	1024    	768   	700          	(nan,)  	0.251377
3  	3   	1024    	773   	695          	(nan,)  	0.254289
4  	4   	1024    	803   	714          	(nan,)  	0.267914
5  	5   	1024    	757   	672          	(nan,)  	0.253512
6  	6   	1024    	784   	696          	(nan,)  	0.402014
7  	7   	1024    	762   	665          	(nan,)  	0.252408
8  	8   	1024    	760   	654          	(nan,)  	0.259182
9  	9   	1024    	800   	713          	(nan,)  	0.280154

--------------------------------------------------
GP Time: 4.27331

Unique expressions evaluated: 8211
Total expression evaluations: 8005
--------------------------------------------------

GP -> best program this epoch:

	Reward: nan
	Count Off-policy: 1
	Count On-policy: 0
	Originally on Policy: False
	Invalid: False
	Traversal: mul,add,inv,x6,x6,x1
	Expression:
	     ⎛     1 ⎞
	  x₁⋅⎜x₆ + ──⎟
	     ⎝     x₆⎠

None

--------------------------------------------------

