['add', 'mul', 0.5, 'exp', 'X_0', 'mul', -0.5, 'exp', 'mul', -1, 'X_0']
--------------------
eq_name 	 Livermore_7a
num_vars 	 1
vars_range_and_types 	 [{"name": "LogUniform", "range": [0.1, 10], "only_positive": true}]
function_set 	 ['add', 'sub', 'mul', 'div', 'exp', 'log', 'const']
eq_expression 	 add,mul,0.5,exp,X_0,mul,-0.5,exp,mul,-1,X_0
expr 	 exp(X_0)/2 - exp(-X_0)/2
--------------------

== EXPERIMENT SETUP START ===========
Task type            : regression
Starting seed        : 0
Runs                 : 1
== EXPERIMENT SETUP END =============

== TRAINING SEED 0 START ============
self.dataX <dso.symbolic_data_generator.DataX object at 0x2ac842a251d0>, self.data_query_oracle: <dso.symbolic_equation_evaluator_public.Equation_evaluator object at 0x2ac861ac7dd8>
generate dataset!
-- BUILDING PRIOR START -------------
WARNING: Skipping invalid 'RelationalConstraint' with arguments {'targets': [], 'effectors': [], 'relationship': None}. Reason: Prior disabled.
WARNING: Skipping invalid 'TrigConstraint' with arguments {}. Reason: There are no target Tokens.
WARNING: Skipping invalid 'UniformArityPrior' with arguments {}. Reason: Prior disabled.
WARNING: Skipping invalid 'LanguageModelPrior' with arguments {'weight': None}. Reason: Prior disabled.
LengthConstraint: Sequences have minimum length 4.
                  Sequences have maximum length 256.
RepeatConstraint: [const] cannot occur more than 10 times.
RelationalConstraint: [inv] cannot be a child of [inv].
ConstConstraint: [const] cannot be the only unique child of [inv, add, sub, mul, div].
NoInputsConstraint: Sequences contain at least one input variable Token.
SoftLengthPrior: No description available.
-- BUILDING PRIOR END ---------------

-- RUNNING EPOCHS START -------------
gen	iter	pop_size	nevals	uncached_size	best_val              	timer  
0  	0   	1024    	1024  	1024         	(-0.9876032178686199,)	20.6611
1  	1   	1024    	767   	586          	(-0.9876033055510052,)	17.0553
2  	2   	1024    	775   	599          	(-0.997644983198817,) 	24.1502
3  	3   	1024    	754   	551          	(-0.9982189554270768,)	34.7975
4  	4   	1024    	765   	556          	(-0.9995932324269656,)	43.315 
5  	5   	1024    	746   	519          	(-0.9995932324269656,)	43.2132
6  	6   	1024    	774   	481          	(-0.9995932324269656,)	47.7198
7  	7   	1024    	771   	398          	(-0.9996232884133409,)	39.0238
8  	8   	1024    	801   	400          	(-0.9997956495044507,)	45.7127
9  	9   	1024    	748   	366          	(-0.9997956495044507,)	44.9733

--------------------------------------------------
GP Time: 360.898

Unique expressions evaluated: 6371
Total expression evaluations: 7925
--------------------------------------------------

GP -> best program this epoch:

	Reward: 0.9997956495044507
	Count Off-policy: 1
	Count On-policy: 0
	Originally on Policy: False
	Invalid: False
	Traversal: mul,add,add,sub,mul,x1,mul,2.9566435706458813,x1,x1,1.5636718755125913,mul,inv,mul,0.4428707003403289,inv,sub,sub,div,mul,inv,add,inv,mul,div,x1,add,mul,-7.737223298799529,x1,60.59064601669307,add,-4.358092634183491,x1,0.37215013117969653,x1,2.886352497008288,div,x1,29.70204350015158,x1,x1,x1
	Expression:
	     ⎛                     2      ⎛                                            0
	  x₁⋅⎜2.9566435706458813⋅x₁  + x₁⋅⎜-2.334016940786293⋅x₁ + ─────────────────────
	     ⎜                            ⎜                                             
	     ⎜                            ⎜                        0.37215013117969653 +
	     ⎝                            ⎝                                             

	  .7823006347768815⋅x₁                     ⎞                          ⎞
	  ─────────────────────────────────────────⎟ - x₁ + 1.5636718755125913⎟
	   60.59064601669307 - 7.737223298799529⋅x₁⎟                          ⎟
	   ────────────────────────────────────────⎟                          ⎟
	         x₁⋅(x₁ - 4.358092634183491)       ⎠                          ⎠

None

--------------------------------------------------

[00:00:06:28.42] Training epoch 1/14, current best R: 0.9998

	** New best
	Reward: 0.9997956495044507
	Count Off-policy: 1
	Count On-policy: 0
	Originally on Policy: False
	Invalid: False
	Traversal: mul,add,add,sub,mul,x1,mul,2.9566435706458813,x1,x1,1.5636718755125913,mul,inv,mul,0.4428707003403289,inv,sub,sub,div,mul,inv,add,inv,mul,div,x1,add,mul,-7.737223298799529,x1,60.59064601669307,add,-4.358092634183491,x1,0.37215013117969653,x1,2.886352497008288,div,x1,29.70204350015158,x1,x1,x1
	Expression:
	     ⎛                     2      ⎛                                            0
	  x₁⋅⎜2.9566435706458813⋅x₁  + x₁⋅⎜-2.334016940786293⋅x₁ + ─────────────────────
	     ⎜                            ⎜                                             
	     ⎜                            ⎜                        0.37215013117969653 +
	     ⎝                            ⎝                                             

	  .7823006347768815⋅x₁                     ⎞                          ⎞
	  ─────────────────────────────────────────⎟ - x₁ + 1.5636718755125913⎟
	   60.59064601669307 - 7.737223298799529⋅x₁⎟                          ⎟
	   ────────────────────────────────────────⎟                          ⎟
	         x₁⋅(x₁ - 4.358092634183491)       ⎠                          ⎠

10 	0   	1024    	1024  	1014         	(-0.9882056508622403,)	21.0052
11 	1   	1024    	743   	551          	(-0.992874128257435,) 	19.3353
12 	2   	1024    	794   	587          	(-0.993113361037403,) 	35.6499
13 	3   	1024    	784   	557          	(-0.9953668840904148,)	37.7128
14 	4   	1024    	761   	543          	(-0.9975119355371462,)	35.0197
15 	5   	1024    	779   	547          	(-0.9992353213408037,)	40.4609
16 	6   	1024    	792   	500          	(-0.9992353213408037,)	41.5882
17 	7   	1024    	776   	481          	(-0.9994877850157614,)	47.0138
18 	8   	1024    	747   	457          	(-0.9994877850157614,)	46.7924
19 	9   	1024    	753   	460          	(-0.9994877850157614,)	53.9502

--------------------------------------------------
GP Time: 378.81

Unique expressions evaluated: 12964
Total expression evaluations: 15878
--------------------------------------------------

GP -> best program this epoch:

	Reward: 0.9994877850157614
	Count Off-policy: 1
	Count On-policy: 0
	Originally on Policy: False
	Invalid: False
	Traversal: div,mul,x1,sub,-169.26048708679795,mul,sub,-5.4827042502662895,x1,add,sub,68.46195293276601,mul,sub,16.430551530723104,add,x1,x1,x1,x1,sub,add,inv,add,8.349563612140276,inv,x1,add,div,245.1602242062004,x1,mul,22.76546838310797,div,x1,14.189945152913237,39.22564279616411
	Expression:
	  x₁⋅(-(-x₁ - 5.4827042502662895)⋅(-x₁⋅(16.430551530723104 - 2⋅x₁) + x₁ + 68.461
	  ──────────────────────────────────────────────────────────────────────────────
	                                                                     1          
	               1.6043380110200182⋅x₁ - 39.22564279616411 + ─────────────────────
	                                                                               1
	                                                           8.349563612140276 + ─
	                                                                               x

	  95293276601) - 169.26048708679795)
	  ──────────────────────────────────
	      245.1602242062004             
	  ─ + ─────────────────             
	              x₁                    
	  ─                                 
	  ₁                                 

None

--------------------------------------------------

-- RUNNING EPOCHS END ---------------

-- EVALUATION START ----------------
Saving Hall of Fame to ./log/regression_config_regression_GPMELD.json_Livermore_7a.in_normal_0.0_2023-05-30-035230/dso_regression_config_regression_GPMELD.json_Livermore_7a.in_normal_0.0_0_hof.csv
Saving Pareto Front to ./log/regression_config_regression_GPMELD.json_Livermore_7a.in_normal_0.0_2023-05-30-035230/dso_regression_config_regression_GPMELD.json_Livermore_7a.in_normal_0.0_0_pf.csv
Invalid expressions: 259 of 17926 (1.4%).
Error type counts:
  reciprocal: 148 (57.1%)
  true_divide: 111 (42.9%)
Error node counts:
  divide: 259 (100.0%)
-- EVALUATION END ------------------
== TRAINING SEED 0 END ==============
INFO: Completed run 1 of 1 in 796 s

== POST-PROCESS START =================
-- LOADING LOGS START ----------------
Successfully loaded summary data
Successfully loaded Hall of Fame data
Successfully loaded Pareto Front data
-- LOADING LOGS END ------------------

-- ANALYZING LOG START --------------
Task_____________regression
Source path______./log/regression_config_regression_GPMELD.json_Livermore_7a.in_normal_0.0_2023-05-30-035230
Runs_____________1
Max Samples/run__15000
Success_rate_____0.0
Hall of Fame (Top 5 of 100)____
    0: S=000 R=0.999796 <-- [x1*(2.9566435706458813*x1**2 + x1*(-2.334016940786293*x1 + 0.7823006347768815*x1/(0.37215013117969653 + (60.59064601669307 - 7.737223298799529*x1)/(x1*(x1 - 4.358092634183491)))) - x1 + 1.5636718755125913)]
    1: S=000 R=0.999796 <-- [x1*(2.9566435706458813*x1**2 + x1*(-2.334016940786293*x1 + 0.7823006347768815*x1/(0.37215013117969653 + (60.59064601669307 - 7.737223298799529*x1)/(x1*(x1 - 4.358092634183491)))) - x1 + 1.5636718755125913)]
    2: S=000 R=0.999634 <-- [x1**2/(0.006919631991350908 + 8.6750852342462497/(x1**2*(0.1100967928304328 + 0.08199855646955284/(-0.20729942660260023 + 1/(0.11463116730404775*x1**2 - x1 + 2.904553817009755)))*(x1 + 0.2522653670050379))) + x1]
    3: S=000 R=0.999634 <-- [x1**2/(0.006919631991350908 + 8.6750852342462497/(x1**2*(0.1100967928304328 + 0.08199855646955284/(-0.20729942660260023 + 1/(0.11463116730404775*x1**2 - x1 + 2.904553817009755)))*(x1 + 0.2522653670050379))) + x1]
    4: S=000 R=0.999633 <-- [x1**2/(0.01690023082945427 + 26.091793909974206*(-0.17201853063556904 + 1/(0.13343601824139276*x1**2 - x1 + 3.694631701226946))/x1**2) + 0.58656001766034297*x1]
  Saving Hall of Fame plot to ./log/regression_config_regression_GPMELD.json_Livermore_7a.in_normal_0.0_2023-05-30-035230/dso_regression_config_regression_GPMELD.json_Livermore_7a.in_normal_0.0_plot_hof.png
Pareto Front (5 of 24)____
    0: S=000 R=0.999796 C=50.00 <-- [x1*(2.9566435706458813*x1**2 + x1*(-2.334016940786293*x1 + 0.7823006347768815*x1/(0.37215013117969653 + (60.59064601669307 - 7.737223298799529*x1)/(x1*(x1 - 4.358092634183491)))) - x1 + 1.5636718755125913)]
    1: S=000 R=0.999634 C=45.00 <-- [x1**2/(0.006919631991350908 + 8.6750852342462497/(x1**2*(0.1100967928304328 + 0.08199855646955284/(-0.20729942660260023 + 1/(0.11463116730404775*x1**2 - x1 + 2.904553817009755)))*(x1 + 0.2522653670050379))) + x1]
    2: S=000 R=0.999593 C=43.00 <-- [x1**2/(0.01874280665730988 + 15.72989115523577/(x1**2*(3.244025600437784 + 1.907456068024332/(-0.29816169458226666 + 1/(0.1459533354345372*x1**2 - x1 + 0.390509218099587))))) + x1]
    3: S=000 R=0.999557 C=40.00 <-- [x1**2/(0.017723665172663994 + 18.18398407393945/(x1**2*(2.5955411940917243 + 1.5948122385011343/(-0.24866825332873824 + 1/(0.14483969189870385*x1**2 - x1 + 1.0328658503019692))))) + x1]
    4: S=000 R=0.999525 C=38.00 <-- [x1**2/(0.0169418792461475 + 30.16597585433611*(-0.15173947332842214 + 1/(0.14250581473676222*x1**2 - x1 + 3.7042810879162715))/x1**2) + x1]
  Saving Pareto Front plot to ./log/regression_config_regression_GPMELD.json_Livermore_7a.in_normal_0.0_2023-05-30-035230/dso_regression_config_regression_GPMELD.json_Livermore_7a.in_normal_0.0_plot_pf.png
-- ANALYZING LOG END ----------------
== POST-PROCESS END ===================
