['mul', 'add', 'mul', 'X_0', 'pow', 'add', 'pow', 'log', 'cos', 'X_0', 2, 'mul', 'X_1', 'X_2', -1, 'add', 'mul', -1, 'mul', 'X_1', 'X_3', 'add', 'cos', 'X_2', 'sin', 'mul', 'pow', 'X_5', -1, 'add', 'X_4', 'mul', 'X_1', 'X_3', 'log', 'X_0']
--------------------
eq_name 	 Livermore2_Vars6_6
num_vars 	 6
vars_range_and_types 	 [{"name": "LogUniform", "range": [0.1, 10], "only_positive": true}, {"name": "LogUniform", "range": [0.1, 10], "only_positive": true}, {"name": "LogUniform", "range": [0.1, 10], "only_positive": true}, {"name": "LogUniform", "range": [0.1, 10], "only_positive": true}, {"name": "LogUniform", "range": [0.1, 10], "only_positive": true}, {"name": "LogUniform", "range": [0.1, 10], "only_positive": true}]
function_set 	 ['add', 'sub', 'mul', 'div', 'sqrt', 'n2', 'log', 'sin', 'cos', 'const']
eq_expression 	 mul,add,mul,X_0,pow,add,pow,log,cos,X_0,2,mul,X_1,X_2,-1,add,mul,-1,mul,X_1,X_3,add,cos,X_2,sin,mul,pow,X_5,-1,add,X_4,mul,X_1,X_3,log,X_0
expr 	 (X_0/(X_1*X_2 + log(cos(X_0))**2) - X_1*X_3 + sin((X_1*X_3 + X_4)/X_5) + cos(X_2))*log(X_0)
--------------------

== EXPERIMENT SETUP START ===========
Task type            : regression
Starting seed        : 0
Runs                 : 1
== EXPERIMENT SETUP END =============

== TRAINING SEED 0 START ============
self.dataX <dso.symbolic_data_generator.DataX object at 0x2b43cd7857f0>, self.data_query_oracle: <dso.symbolic_equation_evaluator_public.Equation_evaluator object at 0x2b43b400ed68>
generate dataset!
-- BUILDING PRIOR START -------------
WARNING: Skipping invalid 'RelationalConstraint' with arguments {'targets': [], 'effectors': [], 'relationship': None}. Reason: Prior disabled.
WARNING: Skipping invalid 'TrigConstraint' with arguments {}. Reason: There are no target Tokens.
WARNING: Skipping invalid 'UniformArityPrior' with arguments {}. Reason: Prior disabled.
WARNING: Skipping invalid 'LanguageModelPrior' with arguments {'weight': None}. Reason: Prior disabled.
LengthConstraint: Sequences have minimum length 4.
                  Sequences have maximum length 256.
RepeatConstraint: [const] cannot occur more than 10 times.
RelationalConstraint: [inv] cannot be a child of [inv].
ConstConstraint: [const] cannot be the only unique child of [inv, add, sub, mul, div].
NoInputsConstraint: Sequences contain at least one input variable Token.
SoftLengthPrior: No description available.
-- BUILDING PRIOR END ---------------

-- RUNNING EPOCHS START -------------
[00:00:00:03.54] Training epoch 1/14, current best R: 0.5815

	** New best
	Reward: 0.5815373146797777
	Count Off-policy: False
	Count On-policy: True
	Originally on Policy: True
	Invalid: False
	Traversal: add,x2,inv,div,x3,div,x1,x2
	Expression:
	    x₁      
	  ───── + x₂
	  x₂⋅x₃     

[00:00:00:06.10] Training epoch 2/14, current best R: 0.5830

	** New best
	Reward: 0.5829707206940831
	Count Off-policy: False
	Count On-policy: True
	Originally on Policy: True
	Invalid: False
	Traversal: add,x4,div,mul,0.7128934652975717,x1,add,-0.004764272219723681,mul,add,inv,div,26753.50133422036,x1,x3,x2
	Expression:
	                   0.7128934652975717⋅x₁                       
	  ──────────────────────────────────────────────────────── + x₄
	  x₂⋅(3.737828508902129e-5⋅x₁ + x₃) - 0.004764272219723681     

[00:00:00:14.94] Training epoch 6/14, current best R: 0.5831

	** New best
	Reward: 0.5830791471665341
	Count Off-policy: False
	Count On-policy: True
	Originally on Policy: True
	Invalid: False
	Traversal: add,div,div,x1,x3,x2,sub,div,0.44435890995948313,x5,inv,x5
	Expression:
	    x₁    0.55564109004051687
	  ───── - ───────────────────
	  x₂⋅x₃            x₅        

[00:00:00:21.44] Training epoch 9/14, current best R: 0.5861

	** New best
	Reward: 0.5860580968910882
	Count Off-policy: False
	Count On-policy: True
	Originally on Policy: True
	Invalid: False
	Traversal: inv,div,mul,add,-0.055234919318651154,x3,add,x2,x2,add,div,x4,inv,div,x1,21.20125914707283,x1
	Expression:
	   0.04716700989611109⋅x₁⋅x₄ + x₁ 
	  ────────────────────────────────
	  2⋅x₂⋅(x₃ - 0.055234919318651154)

[00:00:00:24.50] Training epoch 10/14, current best R: 0.5949

	** New best
	Reward: 0.5949348818680181
	Count Off-policy: False
	Count On-policy: True
	Originally on Policy: True
	Invalid: False
	Traversal: div,add,-1.0402411246511556,x1,div,x2,div,1.2058723624405783,x3
	Expression:
	  1.2058723624405783⋅(x₁ - 1.0402411246511556)
	  ────────────────────────────────────────────
	                     x₂⋅x₃                    

[00:00:00:24.51] Training epoch 10/14, current best R: 0.5949
[00:00:00:27.53] Training epoch 11/14, current best R: 0.6160

	** New best
	Reward: 0.6160257558933507
	Count Off-policy: False
	Count On-policy: True
	Originally on Policy: True
	Invalid: False
	Traversal: add,x2,div,x1,div,6.81242917874279,inv,mul,mul,inv,x1,x3,x2
	Expression:
	                      2     
	  0.146790516827736⋅x₁      
	  ───────────────────── + x₂
	          x₂⋅x₃             

[00:00:00:35.37] Ending training after epoch 14/14, current best R: 0.6160
-- RUNNING EPOCHS END ---------------

-- EVALUATION START ----------------
Saving Hall of Fame to ./log/regression_config_regression_DSR.json_Livermore2_Vars6_6.in_normal_0.0_2023-05-30-042908/dso_regression_config_regression_DSR.json_Livermore2_Vars6_6.in_normal_0.0_0_hof.csv
Saving Pareto Front to ./log/regression_config_regression_DSR.json_Livermore2_Vars6_6.in_normal_0.0_2023-05-30-042908/dso_regression_config_regression_DSR.json_Livermore2_Vars6_6.in_normal_0.0_0_pf.csv
Invalid expressions: 196 of 14336 (1.4%).
Error type counts:
  true_divide: 98 (50.0%)
  reciprocal: 98 (50.0%)
Error node counts:
  divide: 196 (100.0%)
-- EVALUATION END ------------------
== TRAINING SEED 0 END ==============
INFO: Completed run 1 of 1 in 37 s

== POST-PROCESS START =================
-- LOADING LOGS START ----------------
Successfully loaded summary data
Successfully loaded Hall of Fame data
Successfully loaded Pareto Front data
-- LOADING LOGS END ------------------

-- ANALYZING LOG START --------------
Task_____________regression
Source path______./log/regression_config_regression_DSR.json_Livermore2_Vars6_6.in_normal_0.0_2023-05-30-042908
Runs_____________1
Max Samples/run__15000
Success_rate_____0.0
Hall of Fame (Top 5 of 100)____
    0: S=000 R=0.616026 <-- [0.146790516827736*x1**2/(x2*x3) + x2]
    1: S=000 R=0.594935 <-- [1.2058723624405783*(x1 - 1.0402411246511556)/(x2*x3)]
    2: S=000 R=0.586058 <-- [(0.04716700989611109*x1*x4 + x1)/(2*x2*(x3 - 0.055234919318651154))]
    3: S=000 R=0.584696 <-- [0.04845611129530382*x1*(12.893086275263766 + 1/x3)/(x2*x3)]
    4: S=000 R=0.583079 <-- [x1/(x2*x3) - 0.55564109004051687/x5]
  Saving Hall of Fame plot to ./log/regression_config_regression_DSR.json_Livermore2_Vars6_6.in_normal_0.0_2023-05-30-042908/dso_regression_config_regression_DSR.json_Livermore2_Vars6_6.in_normal_0.0_plot_hof.png
Pareto Front (5 of 6)____
    0: S=000 R=0.616026 C=17.00 <-- [0.146790516827736*x1**2/(x2*x3) + x2]
    1: S=000 R=0.594935 C=12.00 <-- [1.2058723624405783*(x1 - 1.0402411246511556)/(x2*x3)]
    2: S=000 R=0.582978 C=8.00 <-- [0.9550296427417606*x1/(x2*x3)]
    3: S=000 R=0.524296 C=7.00 <-- [1.9542987283141353*x1/x2]
    4: S=000 R=0.509001 C=6.00 <-- [(x1 - x5)/x2]
  Saving Pareto Front plot to ./log/regression_config_regression_DSR.json_Livermore2_Vars6_6.in_normal_0.0_2023-05-30-042908/dso_regression_config_regression_DSR.json_Livermore2_Vars6_6.in_normal_0.0_plot_pf.png
-- ANALYZING LOG END ----------------
== POST-PROCESS END ===================
