['add', 'mul', 0.5, 'exp', 'X_0', 'mul', -0.5, 'exp', 'mul', -1, 'X_0']
--------------------
eq_name 	 Livermore_7a
num_vars 	 1
vars_range_and_types 	 [{"name": "LogUniform", "range": [0.1, 10], "only_positive": true}]
function_set 	 ['add', 'sub', 'mul', 'div', 'exp', 'log', 'const']
eq_expression 	 add,mul,0.5,exp,X_0,mul,-0.5,exp,mul,-1,X_0
expr 	 exp(X_0)/2 - exp(-X_0)/2
--------------------

== EXPERIMENT SETUP START ===========
Task type            : regression
Starting seed        : 0
Runs                 : 1
== EXPERIMENT SETUP END =============

== TRAINING SEED 0 START ============
self.dataX <dso.symbolic_data_generator.DataX object at 0x2b1035995358>, self.data_query_oracle: <dso.symbolic_equation_evaluator_public.Equation_evaluator object at 0x2b101c1e5da0>
generate dataset!
-- BUILDING PRIOR START -------------
WARNING: Skipping invalid 'RelationalConstraint' with arguments {'targets': [], 'effectors': [], 'relationship': None}. Reason: Prior disabled.
WARNING: Skipping invalid 'TrigConstraint' with arguments {}. Reason: There are no target Tokens.
WARNING: Skipping invalid 'UniformArityPrior' with arguments {}. Reason: Prior disabled.
WARNING: Skipping invalid 'LanguageModelPrior' with arguments {'weight': None}. Reason: Prior disabled.
LengthConstraint: Sequences have minimum length 4.
                  Sequences have maximum length 256.
RepeatConstraint: [const] cannot occur more than 10 times.
RelationalConstraint: [inv] cannot be a child of [inv].
ConstConstraint: [const] cannot be the only unique child of [inv, add, sub, mul, div].
NoInputsConstraint: Sequences contain at least one input variable Token.
SoftLengthPrior: No description available.
-- BUILDING PRIOR END ---------------

-- RUNNING EPOCHS START -------------
[00:00:00:16.94] Training epoch 1/14, current best R: 0.9893

	** New best
	Reward: 0.9892867702828511
	Count Off-policy: False
	Count On-policy: True
	Originally on Policy: True
	Invalid: False
	Traversal: mul,div,0.3289462791665782,add,add,inv,div,add,sub,0.2104907744144901,inv,sub,x1,1.0111989006551936,x1,x1,-0.4949358792665192,-0.494935879274446,x1
	Expression:
	                          0.3289462791665782⋅x₁                         
	  ──────────────────────────────────────────────────────────────────────
	                          x₁                                            
	  ───────────────────────────────────────────────── - 0.9898717585409652
	                                       1                                
	  x₁ + 0.2104907744144901 - ───────────────────────                     
	                            x₁ - 1.0111989006551936                     

[00:00:00:34.34] Training epoch 2/14, current best R: 0.9909

	** New best
	Reward: 0.9909276369919925
	Count Off-policy: False
	Count On-policy: True
	Originally on Policy: True
	Invalid: False
	Traversal: mul,x1,sub,mul,x1,div,304.59973056358217,add,add,118.80267470957355,mul,x1,sub,x1,22.62388306323503,x1,mul,x1,x1
	Expression:
	     ⎛    2                   304.59973056358217⋅x₁                ⎞
	  x₁⋅⎜- x₁  + ─────────────────────────────────────────────────────⎟
	     ⎝        x₁⋅(x₁ - 22.62388306323503) + x₁ + 118.80267470957355⎠

[00:00:01:08.96] Training epoch 4/14, current best R: 0.9963

	** New best
	Reward: 0.9963203615108622
	Count Off-policy: False
	Count On-policy: True
	Originally on Policy: True
	Invalid: False
	Traversal: add,add,sub,div,sub,add,mul,x1,add,inv,add,sub,x1,15.302617164428368,inv,div,sub,x1,7.1249159759011365,19.396039930393187,0.0602503047392913,x1,x1,0.0006867940010679754,1.4449434107384538,0.5550206034119872,x1
	Expression:
	                       ⎛                                                        
	  1456.040673688157⋅x₁⋅⎜0.0602503047392913 + ───────────────────────────────────
	                       ⎜                                                        
	                       ⎜                     x₁ - 15.302617164428368 + ─────────
	                       ⎝                                               0.0515569

	  1                                   ⎞                           
	  ────────────────────────────────────⎟ + x₁ - 0.88992280732646661
	               1                      ⎟                           
	  ────────────────────────────────────⎟                           
	  15926586695⋅x₁ - 0.36733869395352929⎠                           

[00:00:03:14.42] Training epoch 10/14, current best R: 0.9963
[00:00:04:55.50] Ending training after epoch 14/14, current best R: 0.9963
-- RUNNING EPOCHS END ---------------

-- EVALUATION START ----------------
Saving Hall of Fame to ./log/regression_config_regression_DSR.json_Livermore_7a.in_normal_0.0_2023-05-30-035226/dso_regression_config_regression_DSR.json_Livermore_7a.in_normal_0.0_0_hof.csv
Saving Pareto Front to ./log/regression_config_regression_DSR.json_Livermore_7a.in_normal_0.0_2023-05-30-035226/dso_regression_config_regression_DSR.json_Livermore_7a.in_normal_0.0_0_pf.csv
Invalid expressions: 407 of 14336 (2.8%).
Error type counts:
  true_divide: 123 (30.2%)
  reciprocal: 284 (69.8%)
Error node counts:
  divide: 406 (99.8%)
  invalid: 1 (0.2%)
-- EVALUATION END ------------------
== TRAINING SEED 0 END ==============
INFO: Completed run 1 of 1 in 297 s

== POST-PROCESS START =================
-- LOADING LOGS START ----------------
Successfully loaded summary data
Successfully loaded Hall of Fame data
Successfully loaded Pareto Front data
-- LOADING LOGS END ------------------

-- ANALYZING LOG START --------------
Task_____________regression
Source path______./log/regression_config_regression_DSR.json_Livermore_7a.in_normal_0.0_2023-05-30-035226
Runs_____________1
Max Samples/run__15000
Success_rate_____0.0
Hall of Fame (Top 5 of 100)____
    0: S=000 R=0.996320 <-- [1456.040673688157*x1*(0.0602503047392913 + 1/(x1 - 15.302617164428368 + 1/(0.051556915926586695*x1 - 0.36733869395352929))) + x1 - 0.88992280732646661]
    1: S=000 R=0.996165 <-- [0.3258013840297513*x1**3/(0.0670863027473967*x1 - 1.50682792268933 + 8.65672531637164/x1)]
    2: S=000 R=0.996138 <-- [x1*(7.278941709908227 + 1/(0.012583566173130257 + 0.1440706559352948*(-1.5780780664786613 + 2.655253518603767/(0.6113322263899063*x1 - 2.657520549270273))/x1))]
    3: S=000 R=0.996092 <-- [-x1 + 5.080225237184993*x1/(0.060667725367176475 - 1/(x1 + 1.1705067034222871 + 2.6117426170315077/(0.13231072548706707*x1 - 0.9317994678728878)))]
    4: S=000 R=0.996038 <-- [x1*(0.0095273069983903293*x1**2/(0.00732003890059961 + (-0.1816094825907648 + (1.0715846349677791 + 0.9865268921345423/x1)/x1)/x1) + 2.251300859370386)]
  Saving Hall of Fame plot to ./log/regression_config_regression_DSR.json_Livermore_7a.in_normal_0.0_2023-05-30-035226/dso_regression_config_regression_DSR.json_Livermore_7a.in_normal_0.0_plot_hof.png
Pareto Front (5 of 11)____
    0: S=000 R=0.996320 C=31.00 <-- [1456.040673688157*x1*(0.0602503047392913 + 1/(x1 - 15.302617164428368 + 1/(0.051556915926586695*x1 - 0.36733869395352929))) + x1 - 0.88992280732646661]
    1: S=000 R=0.996165 C=28.00 <-- [0.3258013840297513*x1**3/(0.0670863027473967*x1 - 1.50682792268933 + 8.65672531637164/x1)]
    2: S=000 R=0.996092 C=25.00 <-- [-x1 + 5.080225237184993*x1/(0.060667725367176475 - 1/(x1 + 1.1705067034222871 + 2.6117426170315077/(0.13231072548706707*x1 - 0.9317994678728878)))]
    3: S=000 R=0.990928 C=20.00 <-- [x1*(-x1**2 + 304.59973056358217*x1/(x1*(x1 - 22.62388306323503) + x1 + 118.80267470957355))]
    4: S=000 R=0.970388 C=19.00 <-- [x1*(49.02791793394028 + 6.80580479045841*(x1 - 6.4457839811591023)/(-0.17334068142212578 + 1.955954867495656/x1))]
  Saving Pareto Front plot to ./log/regression_config_regression_DSR.json_Livermore_7a.in_normal_0.0_2023-05-30-035226/dso_regression_config_regression_DSR.json_Livermore_7a.in_normal_0.0_plot_pf.png
-- ANALYZING LOG END ----------------
== POST-PROCESS END ===================
