['add', -4.21, 'add', 'X_0', 'mul', 0.71, 'pow', 'mul', 'pow', 'X_1', 0.5, 'pow', 'X_2', -0.5, 0.5]
--------------------
eq_name 	 Livermore2_Vars3_20
num_vars 	 3
vars_range_and_types 	 [{"name": "LogUniform", "range": [0.1, 10], "only_positive": true}, {"name": "LogUniform", "range": [0.1, 10], "only_positive": true}, {"name": "LogUniform", "range": [0.1, 10], "only_positive": true}]
function_set 	 ['add', 'sub', 'mul', 'div', 'sqrt', 'const']
eq_expression 	 add,-4.21,add,X_0,mul,0.71,pow,mul,pow,X_1,0.5,pow,X_2,-0.5,0.5
expr 	 X_0 + 0.71*sqrt(sqrt(X_1)/sqrt(X_2)) - 4.21
--------------------

== EXPERIMENT SETUP START ===========
Task type            : regression
Starting seed        : 0
Runs                 : 1
== EXPERIMENT SETUP END =============

== TRAINING SEED 0 START ============
self.dataX <dso.symbolic_data_generator.DataX object at 0x2ba75dcbe828>, self.data_query_oracle: <dso.symbolic_equation_evaluator_public.Equation_evaluator object at 0x2ba744528d68>
generate dataset!
-- BUILDING PRIOR START -------------
WARNING: Skipping invalid 'RelationalConstraint' with arguments {'targets': [], 'effectors': [], 'relationship': None}. Reason: Prior disabled.
WARNING: Skipping invalid 'TrigConstraint' with arguments {}. Reason: There are no target Tokens.
WARNING: Skipping invalid 'UniformArityPrior' with arguments {}. Reason: Prior disabled.
WARNING: Skipping invalid 'LanguageModelPrior' with arguments {'weight': None}. Reason: Prior disabled.
LengthConstraint: Sequences have minimum length 4.
                  Sequences have maximum length 256.
RepeatConstraint: [const] cannot occur more than 10 times.
RelationalConstraint: [inv] cannot be a child of [inv].
ConstConstraint: [const] cannot be the only unique child of [inv, add, sub, mul, div].
NoInputsConstraint: Sequences contain at least one input variable Token.
SoftLengthPrior: No description available.
-- BUILDING PRIOR END ---------------

-- RUNNING EPOCHS START -------------
gen	iter	pop_size	nevals	uncached_size	best_val              	timer  
0  	0   	1024    	1024  	1024         	(-0.8975153114304497,)	7.54767
1  	1   	1024    	772   	687          	(-0.8975153114304497,)	8.65855
2  	2   	1024    	783   	656          	(-0.9287546825203362,)	8.67344
3  	3   	1024    	767   	650          	(-0.9488296753379785,)	10.7624
4  	4   	1024    	761   	627          	(-0.9554437169320813,)	13.0298
5  	5   	1024    	783   	625          	(-0.973481544875355,) 	16.8642
6  	6   	1024    	755   	573          	(-0.9846215862405974,)	18.7874
7  	7   	1024    	763   	599          	(-0.9846215862405974,)	33.2943
8  	8   	1024    	756   	589          	(-0.9846215862405974,)	37.488 
9  	9   	1024    	728   	561          	(-0.9866339199985433,)	39.9794

--------------------------------------------------
GP Time: 195.343

Unique expressions evaluated: 7537
Total expression evaluations: 7892
--------------------------------------------------

GP -> best program this epoch:

	Reward: 0.9866339199985433
	Count Off-policy: 1
	Count On-policy: 0
	Originally on Policy: False
	Invalid: False
	Traversal: sub,sub,x1,mul,div,mul,inv,x3,add,x2,0.009730683003830589,inv,add,82.62325055992432,x3,-0.006349561322052587,add,3.8642018002162577,div,add,div,div,mul,x2,mul,19.979567649006885,x2,x3,1.206378509971205,-0.012900137077566428,add,mul,x2,32.35314075796793,mul,54.40233913454221,x3
	Expression:
	                                                 2                              
	                            16.561607724165923⋅x₂                               
	                            ────────────────────── - 0.012900137077566428       
	                                      x₃                                    0.00
	  x₁ - 3.8642018002162577 - ───────────────────────────────────────────── + ────
	                             32.35314075796793⋅x₂ + 54.40233913454221⋅x₃        

                                                                     
                                                                     
                                                                     
	  6349561322052587⋅(x₂ + 0.009730683003830589)⋅(x₃ + 82.62325055992432)
	  ─────────────────────────────────────────────────────────────────────
	                                  x₃                                   

None

--------------------------------------------------

[00:00:03:27.86] Training epoch 1/14, current best R: 0.9866

	** New best
	Reward: 0.9866339199985433
	Count Off-policy: 1
	Count On-policy: 0
	Originally on Policy: False
	Invalid: False
	Traversal: sub,sub,x1,mul,div,mul,inv,x3,add,x2,0.009730683003830589,inv,add,82.62325055992432,x3,-0.006349561322052587,add,3.8642018002162577,div,add,div,div,mul,x2,mul,19.979567649006885,x2,x3,1.206378509971205,-0.012900137077566428,add,mul,x2,32.35314075796793,mul,54.40233913454221,x3
	Expression:
	                                                 2                              
	                            16.561607724165923⋅x₂                               
	                            ────────────────────── - 0.012900137077566428       
	                                      x₃                                    0.00
	  x₁ - 3.8642018002162577 - ───────────────────────────────────────────── + ────
	                             32.35314075796793⋅x₂ + 54.40233913454221⋅x₃        

                                                                     
                                                                     
                                                                     
	  6349561322052587⋅(x₂ + 0.009730683003830589)⋅(x₃ + 82.62325055992432)
	  ─────────────────────────────────────────────────────────────────────
	                                  x₃                                   

10 	0   	1024    	1024  	1023         	(-0.8777948826986743,)	6.00333
11 	1   	1024    	755   	648          	(-0.8993812824442369,)	6.71498
12 	2   	1024    	770   	628          	(-0.9345470396814792,)	8.98914
13 	3   	1024    	740   	590          	(-0.9417370430120797,)	9.61604
14 	4   	1024    	779   	605          	(-0.9560279550450786,)	11.5364
15 	5   	1024    	754   	586          	(-0.9560279550450786,)	13.5092
16 	6   	1024    	753   	618          	(-0.9560279550450786,)	17.4041
17 	7   	1024    	767   	606          	(-0.9680329087166036,)	23.2322
18 	8   	1024    	748   	568          	(-0.9743369313709223,)	26.7646
19 	9   	1024    	775   	612          	(-0.9754392984991466,)	31.5114

--------------------------------------------------
GP Time: 155.558

Unique expressions evaluated: 14965
Total expression evaluations: 15757
--------------------------------------------------

GP -> best program this epoch:

	Reward: 0.9754392984991466
	Count Off-policy: 1
	Count On-policy: 0
	Originally on Policy: False
	Invalid: False
	Traversal: mul,-1.0498925087848052,add,inv,add,1.2561889522752825,x2,div,0.952265163623629,inv,sub,mul,inv,add,div,sub,add,1.4556141619663088,x1,x1,3.6254414799294215,x3,x3,add,add,mul,0.0011082512694483826,add,add,mul,div,x2,x3,x2,x3,1.203750083557768,x1,-2.3383006124992822
	Expression:
	                                                   2                            
	                           0.0011080030895045456⋅x₂                             
	  0.99977606166518488⋅x₁ + ───────────────────────── + 0.0011080030895045456⋅x₃ 
	                                       x₃                                       

                                                                         
	     0.99977606166518488⋅x₃                            1.0498925087848052  
	  - ──────────────────────── - 2.3364432185422486 - ───────────────────────
	    x₃ + 0.40149983664738289                        x₂ + 1.2561889522752825

None

--------------------------------------------------

-- RUNNING EPOCHS END ---------------

-- EVALUATION START ----------------
Saving Hall of Fame to ./log/regression_config_regression_GPMELD.json_Livermore2_Vars3_20.in_normal_0.0_2023-05-30-033252/dso_regression_config_regression_GPMELD.json_Livermore2_Vars3_20.in_normal_0.0_0_hof.csv
Saving Pareto Front to ./log/regression_config_regression_GPMELD.json_Livermore2_Vars3_20.in_normal_0.0_2023-05-30-033252/dso_regression_config_regression_GPMELD.json_Livermore2_Vars3_20.in_normal_0.0_0_pf.csv
Invalid expressions: 209 of 17805 (1.2%).
Error type counts:
  reciprocal: 120 (57.4%)
  true_divide: 89 (42.6%)
Error node counts:
  divide: 208 (99.5%)
  invalid: 1 (0.5%)
-- EVALUATION END ------------------
== TRAINING SEED 0 END ==============
INFO: Completed run 1 of 1 in 377 s

== POST-PROCESS START =================
-- LOADING LOGS START ----------------
Successfully loaded summary data
Successfully loaded Hall of Fame data
Successfully loaded Pareto Front data
-- LOADING LOGS END ------------------

-- ANALYZING LOG START --------------
Task_____________regression
Source path______./log/regression_config_regression_GPMELD.json_Livermore2_Vars3_20.in_normal_0.0_2023-05-30-033252
Runs_____________1
Max Samples/run__15000
Success_rate_____0.0
Hall of Fame (Top 5 of 100)____
    0: S=000 R=0.986634 <-- [x1 - 3.8642018002162577 - (16.561607724165923*x2**2/x3 - 0.012900137077566428)/(32.35314075796793*x2 + 54.40233913454221*x3) + 0.006349561322052587*(x2 + 0.009730683003830589)*(x3 + 82.62325055992432)/x3]
    1: S=000 R=0.986634 <-- [x1 - 3.8642018002162577 - (16.561607724165923*x2**2/x3 - 0.012900137077566428)/(32.35314075796793*x2 + 54.40233913454221*x3) + 0.006349561322052587*(x2 + 0.009730683003830589)*(x3 + 82.62325055992432)/x3]
    2: S=000 R=0.985706 <-- [1.000020388737303*x1 - 3.859280060795158 + 2.038873730255263e-5*(584.31721616136717*x2 - 0.29666923098871006*x3*(-1560.6186624182008*x2 - 1/x1))/x3 + 2.038873730255263e-5*(-99.43994613799597*x3*(x1 - 407.77366045293235*x2/(x2 + 1.7419067797594197*x3)) + 599.6368332026966)/x3]
    3: S=000 R=0.985706 <-- [1.000020388737303*x1 - 3.859280060795158 + 2.038873730255263e-5*(584.31721616136717*x2 - 0.29666923098871006*x3*(-1560.6186624182008*x2 - 1/x1))/x3 + 2.038873730255263e-5*(-99.43994613799597*x3*(x1 - 407.77366045293235*x2/(x2 + 1.7419067797594197*x3)) + 599.6368332026966)/x3]
    4: S=000 R=0.985249 <-- [x1 - 3.9983033234260897 - 0.7707408954509599*(-x2 + (0.7152184071481149*x2 - 0.33732852621216414*x3)*(x2/(x2 + x3) - 0.629925225661991 - (-0.00020106218822894288*x1*(-x3 + 2.2569722200202884 + 11.22710072265039/x1)/x2 - x2 + 0.012455609934899773)/x2))/x3]
  Saving Hall of Fame plot to ./log/regression_config_regression_GPMELD.json_Livermore2_Vars3_20.in_normal_0.0_2023-05-30-033252/dso_regression_config_regression_GPMELD.json_Livermore2_Vars3_20.in_normal_0.0_plot_hof.png
Pareto Front (5 of 12)____
    0: S=000 R=0.986634 C=43.00 <-- [x1 - 3.8642018002162577 - (16.561607724165923*x2**2/x3 - 0.012900137077566428)/(32.35314075796793*x2 + 54.40233913454221*x3) + 0.006349561322052587*(x2 + 0.009730683003830589)*(x3 + 82.62325055992432)/x3]
    1: S=000 R=0.980612 C=29.00 <-- [0.9997372621035777*x1 + 0.04005745244268072*x2 - 1.343023186852495*(-x2 - 0.014656528840232509)/(x2 - x3*(-x2 - 3.4076102346319512)) - 3.846613080207189]
    2: S=000 R=0.974336 C=28.00 <-- [x1 - 2.337913767612464 - 1.4603473860842162/(x2*(-0.0009982001258781819*x3 + 0.01832755617593724 + 0.16990080176899552/x3 + 1/x2))]
    3: S=000 R=0.974004 C=25.00 <-- [x1 + x2*(0.7281542886741881 + (0.7281542886742265*x3 + 0.016889072274050686)/x3)/(1.1105925984108482*x2 + 5.272585506450046*x3) - 3.794087912189409]
    4: S=000 R=0.973482 C=14.00 <-- [x1 + 0.26994810656825596*x2/(0.18983373373285192*x2 + x3) - 3.7903625767687017]
  Saving Pareto Front plot to ./log/regression_config_regression_GPMELD.json_Livermore2_Vars3_20.in_normal_0.0_2023-05-30-033252/dso_regression_config_regression_GPMELD.json_Livermore2_Vars3_20.in_normal_0.0_plot_pf.png
-- ANALYZING LOG END ----------------
== POST-PROCESS END ===================
