['add', 'mul', -1.16, 'mul', 'X_0', 'log', 'add', 'X_6', 'pow', 'X_3', 0.5, 'mul', -1, 'mul', 'X_2', 'mul', 'pow', 'add', 'mul', 'X_0', 'add', 0.95, 'X_5', 'mul', 'pow', 'X_2', 2, 'pow', 'add', 'X_1', 'X_5', 2, -1, 'cos', 'X_4']
--------------------
eq_name 	 Livermore2_Vars7_25
num_vars 	 7
vars_range_and_types 	 [{"name": "LogUniform", "range": [0.1, 10], "only_positive": true}, {"name": "LogUniform", "range": [0.1, 10], "only_positive": true}, {"name": "LogUniform", "range": [0.1, 10], "only_positive": true}, {"name": "LogUniform", "range": [0.1, 10], "only_positive": true}, {"name": "LogUniform", "range": [0.1, 10], "only_positive": true}, {"name": "LogUniform", "range": [0.1, 10], "only_positive": true}, {"name": "LogUniform", "range": [0.1, 10], "only_positive": true}]
function_set 	 ['add', 'sub', 'mul', 'div', 'sqrt', 'n2', 'log', 'sin', 'cos', 'const']
eq_expression 	 add,mul,-1.16,mul,X_0,log,add,X_6,pow,X_3,0.5,mul,-1,mul,X_2,mul,pow,add,mul,X_0,add,0.95,X_5,mul,pow,X_2,2,pow,add,X_1,X_5,2,-1,cos,X_4
expr 	 -1.16*X_0*log(sqrt(X_3) + X_6) - X_2*cos(X_4)/(X_0*(X_5 + 0.95) + X_2**2*(X_1 + X_5)**2)
--------------------

== EXPERIMENT SETUP START ===========
Task type            : regression
Starting seed        : 0
Runs                 : 1
== EXPERIMENT SETUP END =============

== TRAINING SEED 0 START ============
self.dataX <dso.symbolic_data_generator.DataX object at 0x2aecbcfda978>, self.data_query_oracle: <dso.symbolic_equation_evaluator_public.Equation_evaluator object at 0x2aeca3844cf8>
generate dataset!
-- BUILDING PRIOR START -------------
WARNING: Skipping invalid 'RelationalConstraint' with arguments {'targets': [], 'effectors': [], 'relationship': None}. Reason: Prior disabled.
WARNING: Skipping invalid 'TrigConstraint' with arguments {}. Reason: There are no target Tokens.
WARNING: Skipping invalid 'UniformArityPrior' with arguments {}. Reason: Prior disabled.
WARNING: Skipping invalid 'LanguageModelPrior' with arguments {'weight': None}. Reason: Prior disabled.
LengthConstraint: Sequences have minimum length 4.
                  Sequences have maximum length 256.
RepeatConstraint: [const] cannot occur more than 10 times.
RelationalConstraint: [inv] cannot be a child of [inv].
ConstConstraint: [const] cannot be the only unique child of [inv, add, sub, mul, div].
NoInputsConstraint: Sequences contain at least one input variable Token.
SoftLengthPrior: No description available.
-- BUILDING PRIOR END ---------------

-- RUNNING EPOCHS START -------------
[00:00:00:03.27] Training epoch 1/14, current best R: 0.6679

	** New best
	Reward: 0.667875480853011
	Count Off-policy: False
	Count On-policy: True
	Originally on Policy: True
	Invalid: False
	Traversal: div,sub,mul,x1,div,x2,9352.616642387322,0.39704645966440866,mul,inv,x1,inv,x7
	Expression:
	  x₁⋅x₇⋅(0.0001069219490370069⋅x₁⋅x₂ - 0.39704645966440866)

[00:00:00:17.27] Training epoch 7/14, current best R: 0.6798

	** New best
	Reward: 0.6797627811582564
	Count Off-policy: False
	Count On-policy: True
	Originally on Policy: True
	Invalid: False
	Traversal: sub,mul,mul,-0.36705306062844306,x1,x7,0.7022574537403234
	Expression:
	  -0.36705306062844306⋅x₁⋅x₇ - 0.7022574537403234

[00:00:00:24.36] Training epoch 10/14, current best R: 0.6798
[00:00:00:32.66] Training epoch 13/14, current best R: 0.6851

	** New best
	Reward: 0.6850706311921245
	Count Off-policy: False
	Count On-policy: True
	Originally on Policy: True
	Invalid: False
	Traversal: mul,-0.3540687698207155,add,1.5724501925918346,mul,x1,sub,x7,div,-0.12691982849571984,x3
	Expression:
	                          ⎛     0.12691982849571984⎞                      
	  - 0.3540687698207155⋅x₁⋅⎜x₇ + ───────────────────⎟ - 0.55675550529533804
	                          ⎝              x₃        ⎠                      

[00:00:00:35.06] Ending training after epoch 14/14, current best R: 0.6851
-- RUNNING EPOCHS END ---------------

-- EVALUATION START ----------------
Saving Hall of Fame to ./log/regression_config_regression_VPG.json_Livermore2_Vars7_25.in_normal_0.0_2023-05-30-042433/dso_regression_config_regression_VPG.json_Livermore2_Vars7_25.in_normal_0.0_0_hof.csv
Saving Pareto Front to ./log/regression_config_regression_VPG.json_Livermore2_Vars7_25.in_normal_0.0_2023-05-30-042433/dso_regression_config_regression_VPG.json_Livermore2_Vars7_25.in_normal_0.0_0_pf.csv
Invalid expressions: 151 of 14336 (1.1%).
Error type counts:
  reciprocal: 69 (45.7%)
  true_divide: 82 (54.3%)
Error node counts:
  divide: 151 (100.0%)
-- EVALUATION END ------------------
== TRAINING SEED 0 END ==============
INFO: Completed run 1 of 1 in 36 s

== POST-PROCESS START =================
-- LOADING LOGS START ----------------
Successfully loaded summary data
Successfully loaded Hall of Fame data
Successfully loaded Pareto Front data
-- LOADING LOGS END ------------------

-- ANALYZING LOG START --------------
Task_____________regression
Source path______./log/regression_config_regression_VPG.json_Livermore2_Vars7_25.in_normal_0.0_2023-05-30-042433
Runs_____________1
Max Samples/run__15000
Success_rate_____0.0
Hall of Fame (Top 5 of 100)____
    0: S=000 R=0.685071 <-- [-0.3540687698207155*x1*(x7 + 0.12691982849571984/x3) - 0.55675550529533804]
    1: S=000 R=0.679763 <-- [-0.36705306062844306*x1*x7 - 0.7022574537403234]
    2: S=000 R=0.667916 <-- [-0.3955406694322744*x1*x7]
    3: S=000 R=0.667906 <-- [-0.3955512255873582*x1*(-2.5436436702315929e-5*x1 + x7)]
    4: S=000 R=0.667875 <-- [x1*x7*(0.0001069219490370069*x1*x2 - 0.39704645966440866)]
  Saving Hall of Fame plot to ./log/regression_config_regression_VPG.json_Livermore2_Vars7_25.in_normal_0.0_2023-05-30-042433/dso_regression_config_regression_VPG.json_Livermore2_Vars7_25.in_normal_0.0_plot_hof.png
Pareto Front (3 of 3)____
    0: S=000 R=0.685071 C=12.00 <-- [-0.3540687698207155*x1*(x7 + 0.12691982849571984/x3) - 0.55675550529533804]
    1: S=000 R=0.679763 C=7.00 <-- [-0.36705306062844306*x1*x7 - 0.7022574537403234]
    2: S=000 R=0.667916 C=5.00 <-- [-0.3955406694322744*x1*x7]
  Saving Pareto Front plot to ./log/regression_config_regression_VPG.json_Livermore2_Vars7_25.in_normal_0.0_2023-05-30-042433/dso_regression_config_regression_VPG.json_Livermore2_Vars7_25.in_normal_0.0_plot_pf.png
-- ANALYZING LOG END ----------------
== POST-PROCESS END ===================
