['add', 'pow', 'add', 'X_0', 'add', 'mul', 'X_1', 'pow', 'X_2', -1, 'mul', 'X_1', 'add', 'mul', -1, 'X_0', 'add', 'mul', 'X_3', 'cos', 'add', 'X_2', 'pow', 'X_2', 0.5, 'mul', -1, 'mul', 'pow', 'X_4', -1, 'add', 'X_1', 'mul', 7.84, 'mul', 'X_4', 'pow', 'X_2', 2, 0.5, 'mul', -1, 'mul', 'X_1', 'X_4']
--------------------
eq_name 	 Livermore2_Vars5_24
num_vars 	 5
vars_range_and_types 	 [{"name": "LogUniform", "range": [0.1, 10], "only_positive": true}, {"name": "LogUniform", "range": [0.1, 10], "only_positive": true}, {"name": "LogUniform", "range": [0.1, 10], "only_positive": true}, {"name": "LogUniform", "range": [0.1, 10], "only_positive": true}, {"name": "LogUniform", "range": [0.1, 10], "only_positive": true}]
function_set 	 ['add', 'sub', 'mul', 'div', 'sqrt', 'n2', 'log', 'exp', 'sin', 'cos', 'const']
eq_expression 	 add,pow,add,X_0,add,mul,X_1,pow,X_2,-1,mul,X_1,add,mul,-1,X_0,add,mul,X_3,cos,add,X_2,pow,X_2,0.5,mul,-1,mul,pow,X_4,-1,add,X_1,mul,7.84,mul,X_4,pow,X_2,2,0.5,mul,-1,mul,X_1,X_4
expr 	 -X_1*X_4 + sqrt(X_0 + X_1*(-X_0 + X_3*cos(sqrt(X_2) + X_2) - (X_1 + 7.84*X_2**2*X_4)/X_4) + X_1/X_2)
--------------------

== EXPERIMENT SETUP START ===========
Task type            : regression
Starting seed        : 0
Runs                 : 1
== EXPERIMENT SETUP END =============

== TRAINING SEED 0 START ============
self.dataX <dso.symbolic_data_generator.DataX object at 0x2b6a4a92a630>, self.data_query_oracle: <dso.symbolic_equation_evaluator_public.Equation_evaluator object at 0x2b6a31189cf8>
generate dataset!
-- BUILDING PRIOR START -------------
WARNING: Skipping invalid 'RelationalConstraint' with arguments {'targets': [], 'effectors': [], 'relationship': None}. Reason: Prior disabled.
WARNING: Skipping invalid 'TrigConstraint' with arguments {}. Reason: There are no target Tokens.
WARNING: Skipping invalid 'UniformArityPrior' with arguments {}. Reason: Prior disabled.
WARNING: Skipping invalid 'LanguageModelPrior' with arguments {'weight': None}. Reason: Prior disabled.
LengthConstraint: Sequences have minimum length 4.
                  Sequences have maximum length 256.
RepeatConstraint: [const] cannot occur more than 10 times.
RelationalConstraint: [inv] cannot be a child of [inv].
ConstConstraint: [const] cannot be the only unique child of [inv, add, sub, mul, div].
NoInputsConstraint: Sequences contain at least one input variable Token.
SoftLengthPrior: No description available.
-- BUILDING PRIOR END ---------------

-- RUNNING EPOCHS START -------------
gen	iter	pop_size	nevals	uncached_size	best_val	timer 
0  	0   	1024    	1024  	1024         	(nan,)  	1.6388
1  	1   	1024    	756   	680          	(nan,)  	0.264495
2  	2   	1024    	766   	678          	(nan,)  	0.257608
3  	3   	1024    	786   	695          	(nan,)  	0.26238 
4  	4   	1024    	754   	656          	(nan,)  	0.249279
5  	5   	1024    	745   	659          	(nan,)  	0.251038
6  	6   	1024    	753   	656          	(nan,)  	0.407243
7  	7   	1024    	794   	706          	(nan,)  	0.271169
8  	8   	1024    	780   	679          	(nan,)  	0.269704
9  	9   	1024    	759   	655          	(nan,)  	0.263634

--------------------------------------------------
GP Time: 4.36907

Unique expressions evaluated: 8069
Total expression evaluations: 7917
--------------------------------------------------

GP -> best program this epoch:

	Reward: nan
	Count Off-policy: 1
	Count On-policy: 0
	Originally on Policy: False
	Invalid: False
	Traversal: mul,x1,mul,mul,x1,div,add,x1,mul,x1,x5,1.0,x5
	Expression:
	    2                        
	  x₁ ⋅x₅⋅(1.0⋅x₁⋅x₅ + 1.0⋅x₁)

None

--------------------------------------------------

