['pow', 'X_0', 0.666666666666667]
--------------------
eq_name 	 Livermore_16
num_vars 	 1
vars_range_and_types 	 [{"name": "LogUniform", "range": [0.1, 10], "only_positive": true}]
function_set 	 ['add', 'sub', 'mul', 'div', 'pow', 'const']
eq_expression 	 pow,X_0,0.666666666666667
expr 	 X_0**0.666666666666667
--------------------

== EXPERIMENT SETUP START ===========
Task type            : regression
Starting seed        : 0
Runs                 : 1
== EXPERIMENT SETUP END =============

== TRAINING SEED 0 START ============
self.dataX <dso.symbolic_data_generator.DataX object at 0x2b6626e42128>, self.data_query_oracle: <dso.symbolic_equation_evaluator_public.Equation_evaluator object at 0x2b6645ee3d30>
generate dataset!
-- BUILDING PRIOR START -------------
WARNING: Skipping invalid 'RelationalConstraint' with arguments {'targets': [], 'effectors': [], 'relationship': None}. Reason: Prior disabled.
WARNING: Skipping invalid 'TrigConstraint' with arguments {}. Reason: There are no target Tokens.
WARNING: Skipping invalid 'UniformArityPrior' with arguments {}. Reason: Prior disabled.
WARNING: Skipping invalid 'LanguageModelPrior' with arguments {'weight': None}. Reason: Prior disabled.
LengthConstraint: Sequences have minimum length 4.
                  Sequences have maximum length 256.
RepeatConstraint: [const] cannot occur more than 10 times.
RelationalConstraint: [inv] cannot be a child of [inv].
ConstConstraint: [const] cannot be the only unique child of [inv, add, sub, mul, div].
NoInputsConstraint: Sequences contain at least one input variable Token.
SoftLengthPrior: No description available.
-- BUILDING PRIOR END ---------------

-- RUNNING EPOCHS START -------------
gen	iter	pop_size	nevals	uncached_size	best_val             	timer  
0  	0   	1024    	1024  	1024         	(-0.998060077680643,)	32.5085
1  	1   	1024    	737   	556          	(-0.9992689349806311,)	19.5298
2  	2   	1024    	755   	545          	(-0.9998838672035983,)	32.5911
3  	3   	1024    	758   	525          	(-0.9999488746707982,)	35.5689
4  	4   	1024    	771   	465          	(-0.9999488746707982,)	39.9042
5  	5   	1024    	762   	440          	(-0.9999530025752297,)	52.3024
6  	6   	1024    	769   	442          	(-0.9999530025752297,)	58.0681
7  	7   	1024    	748   	425          	(-0.9999589315382901,)	57.4622
8  	8   	1024    	775   	401          	(-0.9999589315382901,)	57.9985
9  	9   	1024    	776   	323          	(-0.9999779773594737,)	46.118 

--------------------------------------------------
GP Time: 432.31

Unique expressions evaluated: 6023
Total expression evaluations: 7875
--------------------------------------------------

GP -> best program this epoch:

	Reward: 0.9999779773594737
	Count Off-policy: 1
	Count On-policy: 0
	Originally on Policy: False
	Invalid: False
	Traversal: add,add,mul,add,div,add,inv,x1,div,sub,inv,sub,add,add,div,add,div,x1,mul,x1,0.32780285304279155,-1.4473199687618428,x1,x1,0.2942280423307704,x1,1.5476892212353985,x1,add,add,add,div,0.15420620044615058,x1,x1,x1,1.0290760397290624,-0.002293085444124825,mul,x1,x1,mul,x1,add,inv,add,0.5164544644467622,x1,0.30948266939899405,0.039909424899787375
	Expression:
	      ⎛                                         1                               
	      ⎜-1.5476892212353985 + ───────────────────────────────────────            
	      ⎜                                           1.6032941144214402            
	      ⎜                      0.2942280423307704 + ──────────────────            
	      ⎜                                                   x₁           1        
	      ⎜───────────────────────────────────────────────────────────── + ──       
	    2 ⎜                              x₁                                x₁       
	  x₁ ⋅⎜────────────────────────────────────────────────────────────────── - 0.00
	      ⎜                                     0.15420620044615058                 
	      ⎜         2⋅x₁ + 1.0290760397290624 + ───────────────────                 
	      ⎝                                              x₁                         

	                  ⎞                                                             
	                  ⎟                                                             
	                  ⎟                                                             
	                  ⎟                                                             
	                  ⎟                                                             
	                  ⎟                                                             
	                  ⎟      ⎛                                 1           ⎞        
	  2293085444124825⎟ + x₁⋅⎜0.30948266939899405 + ───────────────────────⎟ + 0.039
	                  ⎟      ⎝                      x₁ + 0.5164544644467622⎠        
	                  ⎟                                                             
	                  ⎠                                                             

               
               
               
               
               
               
               
	  909424899787375
               
               
               

None

--------------------------------------------------

[00:00:07:44.22] Training epoch 1/14, current best R: 1.0000

	** New best
	Reward: 0.9999779773594737
	Count Off-policy: 1
	Count On-policy: 0
	Originally on Policy: False
	Invalid: False
	Traversal: add,add,mul,add,div,add,inv,x1,div,sub,inv,sub,add,add,div,add,div,x1,mul,x1,0.32780285304279155,-1.4473199687618428,x1,x1,0.2942280423307704,x1,1.5476892212353985,x1,add,add,add,div,0.15420620044615058,x1,x1,x1,1.0290760397290624,-0.002293085444124825,mul,x1,x1,mul,x1,add,inv,add,0.5164544644467622,x1,0.30948266939899405,0.039909424899787375
	Expression:
	      ⎛                                         1                               
	      ⎜-1.5476892212353985 + ───────────────────────────────────────            
	      ⎜                                           1.6032941144214402            
	      ⎜                      0.2942280423307704 + ──────────────────            
	      ⎜                                                   x₁           1        
	      ⎜───────────────────────────────────────────────────────────── + ──       
	    2 ⎜                              x₁                                x₁       
	  x₁ ⋅⎜────────────────────────────────────────────────────────────────── - 0.00
	      ⎜                                     0.15420620044615058                 
	      ⎜         2⋅x₁ + 1.0290760397290624 + ───────────────────                 
	      ⎝                                              x₁                         

	                  ⎞                                                             
	                  ⎟                                                             
	                  ⎟                                                             
	                  ⎟                                                             
	                  ⎟                                                             
	                  ⎟                                                             
	                  ⎟      ⎛                                 1           ⎞        
	  2293085444124825⎟ + x₁⋅⎜0.30948266939899405 + ───────────────────────⎟ + 0.039
	                  ⎟      ⎝                      x₁ + 0.5164544644467622⎠        
	                  ⎟                                                             
	                  ⎠                                                             

               
               
               
               
               
               
               
	  909424899787375
               
               
               

10 	0   	1024    	1024  	1017         	(-0.9978919855925078,)	27.5558
11 	1   	1024    	752   	545          	(-0.9994083480319602,)	18.9298
12 	2   	1024    	752   	542          	(-0.9996307989762817,)	27.0027
13 	3   	1024    	784   	541          	(-0.9999490123880578,)	36.1823
14 	4   	1024    	761   	500          	(-0.9999490123880578,)	37.618 
15 	5   	1024    	769   	535          	(-0.9999499336621331,)	55.872 
16 	6   	1024    	766   	498          	(-0.9999499336621331,)	46.1215
17 	7   	1024    	788   	504          	(-0.9999675184609511,)	53.8301
18 	8   	1024    	756   	491          	(-0.9999675184609511,)	54.0156
19 	9   	1024    	786   	471          	(-0.9999675184609511,)	55.0606

--------------------------------------------------
GP Time: 412.447

Unique expressions evaluated: 12539
Total expression evaluations: 15813
--------------------------------------------------

GP -> best program this epoch:

	Reward: 0.9999675184609511
	Count Off-policy: 1
	Count On-policy: 0
	Originally on Policy: False
	Invalid: False
	Traversal: mul,inv,sub,div,0.4084360772267539,add,sub,mul,inv,x1,add,0.6580644577121152,add,inv,add,0.33756913548402573,inv,mul,x1,1.7361652679565691,x1,0.9290970959525442,x1,add,x1,-0.004332162231214386,mul,inv,sub,-0.012434173808087395,inv,x1,add,mul,inv,add,0.36258682873358117,inv,x1,0.6607070496749066,mul,x1,0.3767469058333479
	Expression:
                                                                              
	                                                       0.3767469058333479⋅x₁ + ─
                                                                              
	                                                                               0
                                                                              
	  ──────────────────────────────────────────────────────────────────────────────
	  ⎛                        1 ⎞ ⎛                                                
	  ⎜-0.012434173808087395 - ──⎟⋅⎜-x₁ + 0.004332162231214386 + ───────────────────
	  ⎝                        x₁⎠ ⎜                                                
	                               ⎜                                                
	                               ⎜                                                
	                               ⎜                                                
	                               ⎜                                                
	                               ⎜                             x₁ - 0.929097095952
	                               ⎝                                                

	    0.6607070496749066                                                       
	  ───────────────────────                                                    
	                       1                                                     
	  .36258682873358117 + ──                                                    
	                       x₁                                                    
	  ───────────────────────────────────────────────────────────────────────────
	                     0.4084360772267539                                     ⎞
	  ──────────────────────────────────────────────────────────────────────────⎟
	                                                       1                    ⎟
	         x₁ + 0.6580644577121152 + ─────────────────────────────────────────⎟
	                                                         0.57598203261892198⎟
	                                   0.33756913548402573 + ───────────────────⎟
	                                                                  x₁        ⎟
	  5442 + ───────────────────────────────────────────────────────────────────⎟
	                                          x₁                                ⎠

None

--------------------------------------------------

-- RUNNING EPOCHS END ---------------

-- EVALUATION START ----------------
Saving Hall of Fame to ./log/regression_config_regression_GPMELD.json_Livermore_16.in_normal_0.0_2023-05-30-033055/dso_regression_config_regression_GPMELD.json_Livermore_16.in_normal_0.0_0_hof.csv
Saving Pareto Front to ./log/regression_config_regression_GPMELD.json_Livermore_16.in_normal_0.0_2023-05-30-033055/dso_regression_config_regression_GPMELD.json_Livermore_16.in_normal_0.0_0_pf.csv
Invalid expressions: 254 of 17861 (1.4%).
Error type counts:
  true_divide: 76 (29.9%)
  reciprocal: 178 (70.1%)
Error node counts:
  divide: 253 (99.6%)
  invalid: 1 (0.4%)
-- EVALUATION END ------------------
== TRAINING SEED 0 END ==============
INFO: Completed run 1 of 1 in 910 s

== POST-PROCESS START =================
-- LOADING LOGS START ----------------
Successfully loaded summary data
Successfully loaded Hall of Fame data
Successfully loaded Pareto Front data
-- LOADING LOGS END ------------------

-- ANALYZING LOG START --------------
Task_____________regression
Source path______./log/regression_config_regression_GPMELD.json_Livermore_16.in_normal_0.0_2023-05-30-033055
Runs_____________1
Max Samples/run__15000
Success_rate_____0.0
Hall of Fame (Top 5 of 100)____
    0: S=000 R=0.999978 <-- [x1**2*(((-1.5476892212353985 + 1/(0.2942280423307704 + 1.6032941144214402/x1))/x1 + 1/x1)/(2*x1 + 1.0290760397290624 + 0.15420620044615058/x1) - 0.002293085444124825) + x1*(0.30948266939899405 + 1/(x1 + 0.5164544644467622)) + 0.039909424899787375]
    1: S=000 R=0.999978 <-- [x1**2*(((-1.5476892212353985 + 1/(0.2942280423307704 + 1.6032941144214402/x1))/x1 + 1/x1)/(2*x1 + 1.0290760397290624 + 0.15420620044615058/x1) - 0.002293085444124825) + x1*(0.30948266939899405 + 1/(x1 + 0.5164544644467622)) + 0.039909424899787375]
    2: S=000 R=0.999978 <-- [x1**2*(((-1.5515575876954955 + 1/(0.2947692881243562 + 1.600011922513943/x1))/x1 + 1/x1)/(2*x1 + 1.0249814875138394 + 0.15140709475341935/x1) - 0.0023010754627870284) + x1*(0.30978765760395105 + 1/(x1 + 0.5141854901142132)) + 0.039616748161774365]
    3: S=000 R=0.999978 <-- [x1**2*(((-1.5515575876954955 + 1/(0.2947692881243562 + 1.600011922513943/x1))/x1 + 1/x1)/(2*x1 + 1.0249814875138394 + 0.15140709475341935/x1) - 0.0023010754627870284) + x1*(0.30978765760395105 + 1/(x1 + 0.5141854901142132)) + 0.039616748161774365]
    4: S=000 R=0.999977 <-- [x1**2*(((-1.5422603401732047 + 1/(0.12286740988335436 + (0.1764442750464547*x1 + 1.6129399233941442)/x1))/x1 + 1/x1)/(2*x1 + 1.05572191733809 + 0.16120031282208766/x1) - 0.002347454272395003) + x1*(0.3112026955191875 + 1/(x1 + 0.5237978808273687)) + 0.04091324543908536]
  Saving Hall of Fame plot to ./log/regression_config_regression_GPMELD.json_Livermore_16.in_normal_0.0_2023-05-30-033055/dso_regression_config_regression_GPMELD.json_Livermore_16.in_normal_0.0_plot_hof.png
Pareto Front (5 of 23)____
    0: S=000 R=0.999978 C=58.00 <-- [x1**2*(((-1.5476892212353985 + 1/(0.2942280423307704 + 1.6032941144214402/x1))/x1 + 1/x1)/(2*x1 + 1.0290760397290624 + 0.15420620044615058/x1) - 0.002293085444124825) + x1*(0.30948266939899405 + 1/(x1 + 0.5164544644467622)) + 0.039909424899787375]
    1: S=000 R=0.999968 C=52.00 <-- [(0.3767469058333479*x1 + 0.6607070496749066/(0.36258682873358117 + 1/x1))/((-0.012434173808087395 - 1/x1)*(-x1 + 0.004332162231214386 + 0.4084360772267539/(x1 - 0.9290970959525442 + (x1 + 0.6580644577121152 + 1/(0.33756913548402573 + 0.57598203261892198/x1))/x1)))]
    2: S=000 R=0.999958 C=43.00 <-- [x1*(0.7843378188019919 + 1.6681392155759278/(x1*(2.400480596202992 - 1/(-x1 - 0.17933401481303934)) + x1 + 0.4733676790717502))/(x1*(0.025222507343564043 - 1/(-x1 - 8.98316435587728) + 1/x1) + 0.012226964700152061)]
    3: S=000 R=0.999950 C=39.00 <-- [x1*(1.2651468629497917 + 0.6323237539062692/(x1 + 0.5127761676729153))/(x1*(0.04188169966924263 + 1/(0.617646407296216*x1 + 5.218205260922389) - 1/(-x1 - 0.11110507538086974)) + 0.5699811053764124)]
    4: S=000 R=0.999921 C=36.00 <-- [0.65902878585902969*x1*(0.32004186105321114 + 1/(x1 + 1.2096642721171371)) - 11.184131902506612*(7.6203505768887165 + 1/x1)/(2*x1 + 23.142913963955362 + 2.866550734470934/x1) + 3.93302781690763]
  Saving Pareto Front plot to ./log/regression_config_regression_GPMELD.json_Livermore_16.in_normal_0.0_2023-05-30-033055/dso_regression_config_regression_GPMELD.json_Livermore_16.in_normal_0.0_plot_pf.png
-- ANALYZING LOG END ----------------
== POST-PROCESS END ===================
