['add', 'X_0', 'mul', 'add', 'X_3', 'mul', -1, 'mul', 'cos', 'X_5', 'sin', 'add', 0.22, 'add', 'mul', 0.22, 'X_2', 'mul', -0.22, 'X_3', 'cos', 'add', 'X_1', 'mul', 2.27, 'X_4']
--------------------
eq_name 	 Livermore2_Vars6_22
num_vars 	 6
vars_range_and_types 	 [{"name": "LogUniform", "range": [0.1, 10], "only_positive": true}, {"name": "LogUniform", "range": [0.1, 10], "only_positive": true}, {"name": "LogUniform", "range": [0.1, 10], "only_positive": true}, {"name": "LogUniform", "range": [0.1, 10], "only_positive": true}, {"name": "LogUniform", "range": [0.1, 10], "only_positive": true}, {"name": "LogUniform", "range": [0.1, 10], "only_positive": true}]
function_set 	 ['add', 'sub', 'mul', 'div', 'sqrt', 'n2', 'log', 'exp', 'sin', 'cos', 'const']
eq_expression 	 add,X_0,mul,add,X_3,mul,-1,mul,cos,X_5,sin,add,0.22,add,mul,0.22,X_2,mul,-0.22,X_3,cos,add,X_1,mul,2.27,X_4
expr 	 X_0 + (X_3 - sin(0.22*X_2 - 0.22*X_3 + 0.22)*cos(X_5))*cos(X_1 + 2.27*X_4)
--------------------

== EXPERIMENT SETUP START ===========
Task type            : regression
Starting seed        : 0
Runs                 : 1
== EXPERIMENT SETUP END =============

== TRAINING SEED 0 START ============
self.dataX <dso.symbolic_data_generator.DataX object at 0x2b4dcdd68630>, self.data_query_oracle: <dso.symbolic_equation_evaluator_public.Equation_evaluator object at 0x2b4db45d2cf8>
generate dataset!
-- BUILDING PRIOR START -------------
WARNING: Skipping invalid 'RelationalConstraint' with arguments {'targets': [], 'effectors': [], 'relationship': None}. Reason: Prior disabled.
WARNING: Skipping invalid 'TrigConstraint' with arguments {}. Reason: There are no target Tokens.
WARNING: Skipping invalid 'UniformArityPrior' with arguments {}. Reason: Prior disabled.
WARNING: Skipping invalid 'LanguageModelPrior' with arguments {'weight': None}. Reason: Prior disabled.
LengthConstraint: Sequences have minimum length 4.
                  Sequences have maximum length 256.
RepeatConstraint: [const] cannot occur more than 10 times.
RelationalConstraint: [inv] cannot be a child of [inv].
ConstConstraint: [const] cannot be the only unique child of [inv, add, sub, mul, div].
NoInputsConstraint: Sequences contain at least one input variable Token.
SoftLengthPrior: No description available.
-- BUILDING PRIOR END ---------------

-- RUNNING EPOCHS START -------------
[00:00:00:03.54] Training epoch 1/14, current best R: 0.5921

	** New best
	Reward: 0.5920610012712219
	Count Off-policy: False
	Count On-policy: True
	Originally on Policy: True
	Invalid: False
	Traversal: sub,x1,mul,x5,mul,sub,1.0098186870910253,div,x5,x5,x4
	Expression:
	  x₁ - 0.0098186870910252997⋅x₄⋅x₅

[00:00:00:09.08] Training epoch 3/14, current best R: 0.5935

	** New best
	Reward: 0.5935203808391802
	Count Off-policy: False
	Count On-policy: True
	Originally on Policy: True
	Invalid: False
	Traversal: add,x1,inv,div,inv,x3,mul,0.015139667428671183,inv,mul,div,1.985041476554243,inv,x5,x2
	Expression:
	       0.0076268771244777958⋅x₃
	  x₁ + ────────────────────────
	                x₂⋅x₅          

[00:00:00:14.55] Training epoch 5/14, current best R: 0.5958

	** New best
	Reward: 0.5957584947967742
	Count Off-policy: False
	Count On-policy: True
	Originally on Policy: True
	Invalid: False
	Traversal: add,x1,div,0.02874933048674823,mul,x2,sub,x5,0.03955143028144088
	Expression:
	            0.02874933048674823     
	  x₁ + ─────────────────────────────
	       x₂⋅(x₅ - 0.03955143028144088)

[00:00:00:29.97] Training epoch 10/14, current best R: 0.5958
[00:00:00:43.34] Ending training after epoch 14/14, current best R: 0.5958
-- RUNNING EPOCHS END ---------------

-- EVALUATION START ----------------
Saving Hall of Fame to ./log/regression_config_regression_DSR.json_Livermore2_Vars6_22.in_normal_0.0_2023-05-30-041110/dso_regression_config_regression_DSR.json_Livermore2_Vars6_22.in_normal_0.0_0_hof.csv
Saving Pareto Front to ./log/regression_config_regression_DSR.json_Livermore2_Vars6_22.in_normal_0.0_2023-05-30-041110/dso_regression_config_regression_DSR.json_Livermore2_Vars6_22.in_normal_0.0_0_pf.csv
Invalid expressions: 145 of 14336 (1.0%).
Error type counts:
  reciprocal: 70 (48.3%)
  true_divide: 75 (51.7%)
Error node counts:
  divide: 145 (100.0%)
-- EVALUATION END ------------------
== TRAINING SEED 0 END ==============
INFO: Completed run 1 of 1 in 45 s

== POST-PROCESS START =================
-- LOADING LOGS START ----------------
Successfully loaded summary data
Successfully loaded Hall of Fame data
Successfully loaded Pareto Front data
-- LOADING LOGS END ------------------

-- ANALYZING LOG START --------------
Task_____________regression
Source path______./log/regression_config_regression_DSR.json_Livermore2_Vars6_22.in_normal_0.0_2023-05-30-041110
Runs_____________1
Max Samples/run__15000
Success_rate_____0.0
Hall of Fame (Top 5 of 100)____
    0: S=000 R=0.595758 <-- [x1 + 0.02874933048674823/(x2*(x5 - 0.03955143028144088))]
    1: S=000 R=0.593520 <-- [x1 + 0.0076268771244777958*x3/(x2*x5)]
    2: S=000 R=0.593185 <-- [x1 - 0.00011401415172993722*x2*(67.377929921717798*x4 - x6 - 24.660744185551366*x5/x1)/x5]
    3: S=000 R=0.592755 <-- [x1 - (0.0080997726557625487 - 0.020738587095578215*x4)/x2]
    4: S=000 R=0.592620 <-- [-0.037041767163185406*x4 + (-0.9495098388686596 - 0.01913272673372826/x5)*(-x1 - 0.04131904114878729)]
  Saving Hall of Fame plot to ./log/regression_config_regression_DSR.json_Livermore2_Vars6_22.in_normal_0.0_2023-05-30-041110/dso_regression_config_regression_DSR.json_Livermore2_Vars6_22.in_normal_0.0_plot_hof.png
Pareto Front (4 of 4)____
    0: S=000 R=0.595758 C=10.00 <-- [x1 + 0.02874933048674823/(x2*(x5 - 0.03955143028144088))]
    1: S=000 R=0.592590 C=7.00 <-- [x1 - 0.017165193434088438*x2*x4]
    2: S=000 R=0.591808 C=6.00 <-- [x1 - 0.0017149813383628225/x4]
    3: S=000 R=0.509410 C=5.00 <-- [4.221445753219761 - 1/x1]
  Saving Pareto Front plot to ./log/regression_config_regression_DSR.json_Livermore2_Vars6_22.in_normal_0.0_2023-05-30-041110/dso_regression_config_regression_DSR.json_Livermore2_Vars6_22.in_normal_0.0_plot_pf.png
-- ANALYZING LOG END ----------------
== POST-PROCESS END ===================
