['add', 'X_0', 'mul', -1, 'exp', 'mul', 'X_3', 'pow', 'add', 'X_2', 'add', 'mul', 'X_3', 'add', 'X_4', 'add', 'X_6', 'mul', 'pow', 'add', 'X_2', 'X_5', -0.5, 'exp', 'X_5', 'mul', 3.42, 'mul', 'pow', 'mul', -1, 'X_4', 0.5, 'X_1', -1]
--------------------
eq_name 	 Livermore2_Vars7_20
num_vars 	 7
vars_range_and_types 	 [{"name": "LogUniform", "range": [0.1, 10], "only_positive": true}, {"name": "LogUniform", "range": [0.1, 10], "only_positive": true}, {"name": "LogUniform", "range": [0.1, 10], "only_positive": true}, {"name": "LogUniform", "range": [0.1, 10], "only_positive": true}, {"name": "LogUniform", "range": [0.1, 10], "only_positive": true}, {"name": "LogUniform", "range": [0.1, 10], "only_positive": true}, {"name": "LogUniform", "range": [0.1, 10], "only_positive": true}]
function_set 	 ['add', 'sub', 'mul', 'div', 'sqrt', 'n2', 'exp', 'sin', 'cos', 'const']
eq_expression 	 add,X_0,mul,-1,exp,mul,X_3,pow,add,X_2,add,mul,X_3,add,X_4,add,X_6,mul,pow,add,X_2,X_5,-0.5,exp,X_5,mul,3.42,mul,pow,mul,-1,X_4,0.5,X_1,-1
expr 	 X_0 - exp(X_3/(X_2 + X_3*(X_4 + X_6 + exp(X_5)/sqrt(X_2 + X_5)) + 3.42*sqrt(-X_4)*Abs(X_1)))
--------------------

== EXPERIMENT SETUP START ===========
Task type            : regression
Starting seed        : 0
Runs                 : 1
== EXPERIMENT SETUP END =============

== TRAINING SEED 0 START ============
self.dataX <dso.symbolic_data_generator.DataX object at 0x2ab2863fa940>, self.data_query_oracle: <dso.symbolic_equation_evaluator_public.Equation_evaluator object at 0x2ab26cb9eda0>
generate dataset!
-- BUILDING PRIOR START -------------
WARNING: Skipping invalid 'RelationalConstraint' with arguments {'targets': [], 'effectors': [], 'relationship': None}. Reason: Prior disabled.
WARNING: Skipping invalid 'TrigConstraint' with arguments {}. Reason: There are no target Tokens.
WARNING: Skipping invalid 'UniformArityPrior' with arguments {}. Reason: Prior disabled.
WARNING: Skipping invalid 'LanguageModelPrior' with arguments {'weight': None}. Reason: Prior disabled.
LengthConstraint: Sequences have minimum length 4.
                  Sequences have maximum length 256.
RepeatConstraint: [const] cannot occur more than 10 times.
RelationalConstraint: [inv] cannot be a child of [inv].
ConstConstraint: [const] cannot be the only unique child of [inv, add, sub, mul, div].
NoInputsConstraint: Sequences contain at least one input variable Token.
SoftLengthPrior: No description available.
-- BUILDING PRIOR END ---------------

-- RUNNING EPOCHS START -------------
[00:00:00:03.34] Training epoch 1/14, current best R: 1.0000

	** New best
	Reward: 0.9999999994336188
	Count Off-policy: False
	Count On-policy: True
	Originally on Policy: True
	Invalid: False
	Traversal: add,mul,div,add,mul,x5,-1.5572988978245301e-10,-1.0935960754919173e-09,3.4509931426810048,x1,x1
	Expression:
	  x₁⋅(-4.5126108150267055e-11⋅x₅ - 3.168931464877746e-10) + x₁

[00:00:00:03.66] Early stopping criteria met; breaking early.
-- RUNNING EPOCHS END ---------------

-- EVALUATION START ----------------
Saving Hall of Fame to ./log/regression_config_regression_VPG.json_Livermore2_Vars7_20.in_normal_0.0_2023-05-30-041137/dso_regression_config_regression_VPG.json_Livermore2_Vars7_20.in_normal_0.0_0_hof.csv
Saving Pareto Front to ./log/regression_config_regression_VPG.json_Livermore2_Vars7_20.in_normal_0.0_2023-05-30-041137/dso_regression_config_regression_VPG.json_Livermore2_Vars7_20.in_normal_0.0_0_pf.csv
Invalid expressions: 14 of 1024 (1.4%).
Error type counts:
  true_divide: 8 (57.1%)
  reciprocal: 6 (42.9%)
Error node counts:
  divide: 14 (100.0%)
-- EVALUATION END ------------------
== TRAINING SEED 0 END ==============
INFO: Completed run 1 of 1 in 5 s

== POST-PROCESS START =================
-- LOADING LOGS START ----------------
Successfully loaded summary data
Successfully loaded Hall of Fame data
Successfully loaded Pareto Front data
-- LOADING LOGS END ------------------

-- ANALYZING LOG START --------------
Task_____________regression
Source path______./log/regression_config_regression_VPG.json_Livermore2_Vars7_20.in_normal_0.0_2023-05-30-041137
Runs_____________1
Max Samples/run__15000
Success_rate_____1.0
Hall of Fame (Top 5 of 100)____
    0: S=000 R=1.000000 <-- [x1*(-4.5126108150267055e-11*x5 - 3.168931464877746e-10) + x1]
    1: S=000 R=1.000000 <-- [x1 - 7.450580596923828e-9/(x5 + x7 + 1.4765326297984704 + x6/(x4*(x6 + 1/x1)))]
    2: S=000 R=1.000000 <-- [1.000000003419389*x1 - 8.359787981614689e-9*x6]
    3: S=000 R=1.000000 <-- [x1 + (1.551127313372561e-8 - 3.0017003140238263e-9*x3)*(1.3455615452387337 - x4)/x7]
    4: S=000 R=0.993821 <-- [x1 + 0.001399113111221727*x7/x1]
  Saving Hall of Fame plot to ./log/regression_config_regression_VPG.json_Livermore2_Vars7_20.in_normal_0.0_2023-05-30-041137/dso_regression_config_regression_VPG.json_Livermore2_Vars7_20.in_normal_0.0_plot_hof.png
Pareto Front (5 of 5)____
    0: S=000 R=1.000000 C=12.00 <-- [x1*(-4.5126108150267055e-11*x5 - 3.168931464877746e-10) + x1]
    1: S=000 R=1.000000 C=10.00 <-- [1.000000003419389*x1 - 8.359787981614689e-9*x6]
    2: S=000 R=0.993821 C=9.00 <-- [x1 + 0.001399113111221727*x7/x1]
    3: S=000 R=0.713992 C=6.00 <-- [x1 - 1]
    4: S=000 R=0.501303 C=5.00 <-- [x1 + x7 - 2.143325457638185]
  Saving Pareto Front plot to ./log/regression_config_regression_VPG.json_Livermore2_Vars7_20.in_normal_0.0_2023-05-30-041137/dso_regression_config_regression_VPG.json_Livermore2_Vars7_20.in_normal_0.0_plot_pf.png
-- ANALYZING LOG END ----------------
== POST-PROCESS END ===================
