['add', 0.78, 'add', 'X_0', 'add', 'mul', -1, 'cos', 'add', 'X_4', 'add', 'pow', 'X_3', 0.5, 'mul', -1, 'X_1', 'add', 'mul', -1, 'sin', 'X_1', 'sin', 'X_2']
--------------------
eq_name 	 Livermore2_Vars5_17
num_vars 	 5
vars_range_and_types 	 [{"name": "LogUniform", "range": [0.1, 10], "only_positive": true}, {"name": "LogUniform", "range": [0.1, 10], "only_positive": true}, {"name": "LogUniform", "range": [0.1, 10], "only_positive": true}, {"name": "LogUniform", "range": [0.1, 10], "only_positive": true}, {"name": "LogUniform", "range": [0.1, 10], "only_positive": true}]
function_set 	 ['add', 'sub', 'mul', 'div', 'sqrt', 'n2', 'log', 'exp', 'sin', 'cos', 'const']
eq_expression 	 add,0.78,add,X_0,add,mul,-1,cos,add,X_4,add,pow,X_3,0.5,mul,-1,X_1,add,mul,-1,sin,X_1,sin,X_2
expr 	 X_0 - sin(X_1) + sin(X_2) - cos(-X_1 + sqrt(X_3) + X_4) + 0.78
--------------------

== EXPERIMENT SETUP START ===========
Task type            : regression
Starting seed        : 0
Runs                 : 1
== EXPERIMENT SETUP END =============

== TRAINING SEED 0 START ============
self.dataX <dso.symbolic_data_generator.DataX object at 0x2b215480ab70>, self.data_query_oracle: <dso.symbolic_equation_evaluator_public.Equation_evaluator object at 0x2b213b071d68>
generate dataset!
-- BUILDING PRIOR START -------------
WARNING: Skipping invalid 'RelationalConstraint' with arguments {'targets': [], 'effectors': [], 'relationship': None}. Reason: Prior disabled.
WARNING: Skipping invalid 'TrigConstraint' with arguments {}. Reason: There are no target Tokens.
WARNING: Skipping invalid 'UniformArityPrior' with arguments {}. Reason: Prior disabled.
WARNING: Skipping invalid 'LanguageModelPrior' with arguments {'weight': None}. Reason: Prior disabled.
LengthConstraint: Sequences have minimum length 4.
                  Sequences have maximum length 256.
RepeatConstraint: [const] cannot occur more than 10 times.
RelationalConstraint: [inv] cannot be a child of [inv].
ConstConstraint: [const] cannot be the only unique child of [inv, add, sub, mul, div].
NoInputsConstraint: Sequences contain at least one input variable Token.
SoftLengthPrior: No description available.
-- BUILDING PRIOR END ---------------

-- RUNNING EPOCHS START -------------
[00:00:00:03.48] Training epoch 1/14, current best R: 0.7147

	** New best
	Reward: 0.714658122990008
	Count Off-policy: False
	Count On-policy: True
	Originally on Policy: True
	Invalid: False
	Traversal: mul,mul,add,x3,1949.4158175262132,0.0005140243105597721,sub,add,x1,inv,div,1097.6428367029046,x2,-0.6998430011105286
	Expression:
	  (0.0005140243105597721⋅x₃ + 1.0020471215982262)⋅(x₁ + 0.00091104316136549136⋅x
	  ₂ + 0.6998430011105286)

[00:00:00:06.51] Training epoch 2/14, current best R: 0.7167

	** New best
	Reward: 0.7167489975514935
	Count Off-policy: False
	Count On-policy: True
	Originally on Policy: True
	Invalid: False
	Traversal: sub,x1,sub,x1,sub,add,0.8474252957423014,x1,div,0.06300300314511774,x5
	Expression:
	                            0.06300300314511774
	  x₁ + 0.8474252957423014 - ───────────────────
	                                     x₅        

[00:00:00:15.30] Training epoch 5/14, current best R: 0.7170

	** New best
	Reward: 0.7170098050140062
	Count Off-policy: False
	Count On-policy: True
	Originally on Policy: True
	Invalid: False
	Traversal: add,x5,div,sub,mul,0.04384080785300306,x5,sub,sub,div,x2,1.0536313477088235,add,x1,0.5041597321058513,sub,x2,x5,0.9970369589953488
	Expression:
	  1.002971846708307⋅x₁ + 0.051052706404327111⋅x₂ + 0.04099924930520311⋅x₅ + 0.50
	  56580175461712

[00:00:00:18.52] Training epoch 6/14, current best R: 0.7176

	** New best
	Reward: 0.7176445401979374
	Count Off-policy: False
	Count On-policy: True
	Originally on Policy: True
	Invalid: False
	Traversal: sub,x1,sub,0.0794469623315666,mul,add,x5,sub,x3,21.21397575187591,sub,-0.1189406170423622,inv,sub,sub,-11.197301581746919,x5,x5
	Expression:
	       ⎛                                  1             ⎞                       
	  x₁ + ⎜-0.1189406170423622 - ──────────────────────────⎟⋅(x₃ + x₅ - 21.21397575
	       ⎝                      -2⋅x₅ - 11.197301581746919⎠                       

                            
	  187591) - 0.0794469623315666
                            

[00:00:00:28.71] Training epoch 9/14, current best R: 0.7189

	** New best
	Reward: 0.7189183050716519
	Count Off-policy: False
	Count On-policy: True
	Originally on Policy: True
	Invalid: False
	Traversal: add,inv,mul,3.5670686007896917,sub,0.18589276458178708,inv,sub,sub,div,inv,sub,-0.4957754689537584,x1,x2,x2,x2,x1
	Expression:
	                                   1                             
	  x₁ + ──────────────────────────────────────────────────────────
	                                      3.5670686007896917         
	       0.6630922436536828 - ─────────────────────────────────────
	                                                  1              
	                            -2⋅x₂ + ─────────────────────────────
	                                    x₂⋅(-x₁ - 0.4957754689537584)

[00:00:00:32.33] Training epoch 10/14, current best R: 0.7189
[00:00:00:47.58] Ending training after epoch 14/14, current best R: 0.7189
-- RUNNING EPOCHS END ---------------

-- EVALUATION START ----------------
Saving Hall of Fame to ./log/regression_config_regression_DSR.json_Livermore2_Vars5_17.in_normal_0.0_2023-05-30-033435/dso_regression_config_regression_DSR.json_Livermore2_Vars5_17.in_normal_0.0_0_hof.csv
Saving Pareto Front to ./log/regression_config_regression_DSR.json_Livermore2_Vars5_17.in_normal_0.0_2023-05-30-033435/dso_regression_config_regression_DSR.json_Livermore2_Vars5_17.in_normal_0.0_0_pf.csv
Invalid expressions: 219 of 14336 (1.5%).
Error type counts:
  reciprocal: 123 (56.2%)
  true_divide: 96 (43.8%)
Error node counts:
  divide: 218 (99.5%)
  invalid: 1 (0.5%)
-- EVALUATION END ------------------
== TRAINING SEED 0 END ==============
INFO: Completed run 1 of 1 in 49 s

== POST-PROCESS START =================
-- LOADING LOGS START ----------------
Successfully loaded summary data
Successfully loaded Hall of Fame data
Successfully loaded Pareto Front data
-- LOADING LOGS END ------------------

-- ANALYZING LOG START --------------
Task_____________regression
Source path______./log/regression_config_regression_DSR.json_Livermore2_Vars5_17.in_normal_0.0_2023-05-30-033435
Runs_____________1
Max Samples/run__15000
Success_rate_____0.0
Hall of Fame (Top 5 of 100)____
    0: S=000 R=0.718918 <-- [x1 + 1/(0.6630922436536828 - 3.5670686007896917/(-2*x2 + 1/(x2*(-x1 - 0.4957754689537584))))]
    1: S=000 R=0.718056 <-- [x1 + 0.051296323859153259*x2 + 0.060858594596954659*x4 + 0.4698871614576835]
    2: S=000 R=0.717645 <-- [x1 + (-0.1189406170423622 - 1/(-2*x5 - 11.197301581746919))*(x3 + x5 - 21.21397575187591) - 0.0794469623315666]
    3: S=000 R=0.717010 <-- [1.002971846708307*x1 + 0.051052706404327111*x2 + 0.04099924930520311*x5 + 0.5056580175461712]
    4: S=000 R=0.716757 <-- [1.0039051060989226*x1 + 0.83914347116736101 - 0.063069267215400679/x5]
  Saving Hall of Fame plot to ./log/regression_config_regression_DSR.json_Livermore2_Vars5_17.in_normal_0.0_2023-05-30-033435/dso_regression_config_regression_DSR.json_Livermore2_Vars5_17.in_normal_0.0_plot_hof.png
Pareto Front (5 of 5)____
    0: S=000 R=0.718918 C=22.00 <-- [x1 + 1/(0.6630922436536828 - 3.5670686007896917/(-2*x2 + 1/(x2*(-x1 - 0.4957754689537584))))]
    1: S=000 R=0.718056 C=13.00 <-- [x1 + 0.051296323859153259*x2 + 0.060858594596954659*x4 + 0.4698871614576835]
    2: S=000 R=0.716749 C=12.00 <-- [x1 + 0.8474252957423014 - 0.06300300314511774/x5]
    3: S=000 R=0.716100 C=7.00 <-- [x1 + 0.05126514219747181*x2 + 0.5998859603588239]
    4: S=000 R=0.714680 C=5.00 <-- [1.0028745689878837*x1 + 0.7055824410659669]
  Saving Pareto Front plot to ./log/regression_config_regression_DSR.json_Livermore2_Vars5_17.in_normal_0.0_2023-05-30-033435/dso_regression_config_regression_DSR.json_Livermore2_Vars5_17.in_normal_0.0_plot_pf.png
-- ANALYZING LOG END ----------------
== POST-PROCESS END ===================
