['add', 'X_0', 'add', 'pow', 'X_0', 2, 'add', 'pow', 'X_0', 4, 'pow', 'X_0', 5]
--------------------
eq_name 	 Livermore_20
num_vars 	 1
vars_range_and_types 	 [{"name": "LogUniform", "range": [0.1, 10], "only_positive": true}]
function_set 	 ['add', 'sub', 'mul', 'div', 'n2', 'n4', 'pow', 'const']
eq_expression 	 add,X_0,add,pow,X_0,2,add,pow,X_0,4,pow,X_0,5
expr 	 X_0**5 + X_0**4 + X_0**2 + X_0
--------------------

== EXPERIMENT SETUP START ===========
Task type            : regression
Starting seed        : 0
Runs                 : 1
== EXPERIMENT SETUP END =============

== TRAINING SEED 0 START ============
self.dataX <dso.symbolic_data_generator.DataX object at 0x2b24dcd9e0f0>, self.data_query_oracle: <dso.symbolic_equation_evaluator_public.Equation_evaluator object at 0x2b24fbe40da0>
generate dataset!
-- BUILDING PRIOR START -------------
WARNING: Skipping invalid 'RelationalConstraint' with arguments {'targets': [], 'effectors': [], 'relationship': None}. Reason: Prior disabled.
WARNING: Skipping invalid 'TrigConstraint' with arguments {}. Reason: There are no target Tokens.
WARNING: Skipping invalid 'UniformArityPrior' with arguments {}. Reason: Prior disabled.
WARNING: Skipping invalid 'LanguageModelPrior' with arguments {'weight': None}. Reason: Prior disabled.
LengthConstraint: Sequences have minimum length 4.
                  Sequences have maximum length 256.
RepeatConstraint: [const] cannot occur more than 10 times.
RelationalConstraint: [inv] cannot be a child of [inv].
ConstConstraint: [const] cannot be the only unique child of [inv, add, sub, mul, div].
NoInputsConstraint: Sequences contain at least one input variable Token.
SoftLengthPrior: No description available.
-- BUILDING PRIOR END ---------------

-- RUNNING EPOCHS START -------------
gen	iter	pop_size	nevals	uncached_size	best_val              	timer  
0  	0   	1024    	1024  	1024         	(-0.9966358799649566,)	10.4958
1  	1   	1024    	775   	572          	(-0.9999582577060407,)	12.8605
2  	2   	1024    	763   	564          	(-0.9999851028389819,)	19.429 
3  	3   	1024    	753   	544          	(-0.9999991934928999,)	29.0478
4  	4   	1024    	771   	538          	(-0.9999999999999998,)	39.8109
5  	5   	1024    	776   	523          	(-0.9999999999999998,)	43.9985
6  	6   	1024    	776   	487          	(-0.9999999999999998,)	41.4133
7  	7   	1024    	774   	450          	(-0.9999999999999998,)	32.3971
8  	8   	1024    	796   	495          	(-0.9999999999999998,)	46.3676
9  	9   	1024    	794   	503          	(-0.9999999999999998,)	43.2102

--------------------------------------------------
GP Time: 319.325

Unique expressions evaluated: 6602
Total expression evaluations: 8002
--------------------------------------------------

GP -> best program this epoch:

	Reward: 0.9999999999999998
	Count Off-policy: 1
	Count On-policy: 0
	Originally on Policy: False
	Invalid: False
	Traversal: mul,x1,mul,sub,add,mul,add,add,1.0,mul,add,x1,div,x1,inv,x1,x1,1.0,x1,1.0,x1,1.0
	Expression:
	     ⎛       ⎛   ⎛  2     ⎞      ⎞           ⎞
	  x₁⋅⎝1.0⋅x₁⋅⎝x₁⋅⎝x₁  + x₁⎠ + 2.0⎠ - x₁ + 1.0⎠

None

--------------------------------------------------

[00:00:05:31.69] Training epoch 1/14, current best R: 1.0000

	** New best
	Reward: 0.9999999999999998
	Count Off-policy: 1
	Count On-policy: 0
	Originally on Policy: False
	Invalid: False
	Traversal: mul,x1,mul,sub,add,mul,add,add,1.0,mul,add,x1,div,x1,inv,x1,x1,1.0,x1,1.0,x1,1.0
	Expression:
	     ⎛       ⎛   ⎛  2     ⎞      ⎞           ⎞
	  x₁⋅⎝1.0⋅x₁⋅⎝x₁⋅⎝x₁  + x₁⎠ + 2.0⎠ - x₁ + 1.0⎠

[00:00:05:31.69] Early stopping criteria met; breaking early.
-- RUNNING EPOCHS END ---------------

-- EVALUATION START ----------------
Saving Hall of Fame to ./log/regression_config_regression_GPMELD.json_Livermore_20.in_normal_0.0_2023-05-30-035755/dso_regression_config_regression_GPMELD.json_Livermore_20.in_normal_0.0_0_hof.csv
Saving Pareto Front to ./log/regression_config_regression_GPMELD.json_Livermore_20.in_normal_0.0_2023-05-30-035755/dso_regression_config_regression_GPMELD.json_Livermore_20.in_normal_0.0_0_pf.csv
Invalid expressions: 128 of 9026 (1.4%).
Error type counts:
  reciprocal: 75 (58.6%)
  true_divide: 53 (41.4%)
Error node counts:
  divide: 128 (100.0%)
-- EVALUATION END ------------------
== TRAINING SEED 0 END ==============
INFO: Completed run 1 of 1 in 333 s

== POST-PROCESS START =================
-- LOADING LOGS START ----------------
Successfully loaded summary data
Successfully loaded Hall of Fame data
Successfully loaded Pareto Front data
-- LOADING LOGS END ------------------

-- ANALYZING LOG START --------------
Task_____________regression
Source path______./log/regression_config_regression_GPMELD.json_Livermore_20.in_normal_0.0_2023-05-30-035755
Runs_____________1
Max Samples/run__15000
Success_rate_____1.0
Hall of Fame (Top 5 of 100)____
    0: S=000 R=1.000000 <-- [x1*(1.0*x1*(x1*(x1**2 + x1) + 2.0) - 1.0*x1 + 1.0)]
    1: S=000 R=1.000000 <-- [-x1 + (x1 + 1.0)*(1.0*x1*(x1**3 - 1.0) + 2.0*x1 + 1.0 - 1.0/(x1 + 1.0))]
    2: S=000 R=1.000000 <-- [x1*(1.0*x1*(x1*(1.0*x1**2 + 1.0*x1) + 1.0) + 1.0)]
    3: S=000 R=1.000000 <-- [x1*(1.0*x1*(x1*(1.0*x1**2 + 1.0*x1) + 1.0) + 1.0)]
    4: S=000 R=1.000000 <-- [-x1 + (x1 + 1.0)*(1.0*x1*(1.0*x1**3 - 1.0) + 2.0*x1 + 1.0 - 1.0/(x1 + 1.0))]
  Saving Hall of Fame plot to ./log/regression_config_regression_GPMELD.json_Livermore_20.in_normal_0.0_2023-05-30-035755/dso_regression_config_regression_GPMELD.json_Livermore_20.in_normal_0.0_plot_hof.png
Pareto Front (5 of 10)____
    0: S=000 R=1.000000 C=22.00 <-- [x1*(1.0*x1*(x1*(1.0*x1**2 + 1.0*x1) + 1.0) + 1.0)]
    1: S=000 R=1.000000 C=21.00 <-- [-x1*(x1 + 0.9999718566397603)*(-1.0000018658652605*x1**3 - 1.0008093111667644) - 0.0017729711109144997*x1]
    2: S=000 R=1.000000 C=17.00 <-- [-x1*(x1 + 0.9999572605871138)*(-1.000003429002744*x1**3 - 1.00061100440831) - 0.0005937335124628321]
    3: S=000 R=0.999764 C=15.00 <-- [0.9953572489714598*x1**4*(x1 + 1.0605037819028005) + 2.9758104307487727]
    4: S=000 R=0.989046 C=13.00 <-- [20.99403022185679*x1**2*(x1*(x1 - 5.950931049717016) + 11.380522468925932)]
  Saving Pareto Front plot to ./log/regression_config_regression_GPMELD.json_Livermore_20.in_normal_0.0_2023-05-30-035755/dso_regression_config_regression_GPMELD.json_Livermore_20.in_normal_0.0_plot_pf.png
-- ANALYZING LOG END ----------------
== POST-PROCESS END ===================
