['add', 'mul', 'X_0', 'cos', 'X_0', 'add', 'mul', -1, 'mul', 'X_3', 'mul', 'pow', 'X_2', 0.5, 'pow', 'add', 'X_2', 'add', 'X_4', 'add', 'pow', 'add', 'X_6', 'mul', -1, 'X_5', 2, 'add', 'mul', 13.78, 'mul', 'X_1', 'X_5', 'add', 'mul', 13.04, 'mul', 'X_3', 'mul', 'X_5', 'X_6', 'mul', -14.13, 'mul', 'X_1', 'mul', 'X_2', 'X_4', -1, 'cos', 'X_1']
--------------------
eq_name 	 Livermore2_Vars7_23
num_vars 	 7
vars_range_and_types 	 [{"name": "LogUniform", "range": [0.1, 10], "only_positive": true}, {"name": "LogUniform", "range": [0.1, 10], "only_positive": true}, {"name": "LogUniform", "range": [0.1, 10], "only_positive": true}, {"name": "LogUniform", "range": [0.1, 10], "only_positive": true}, {"name": "LogUniform", "range": [0.1, 10], "only_positive": true}, {"name": "LogUniform", "range": [0.1, 10], "only_positive": true}, {"name": "LogUniform", "range": [0.1, 10], "only_positive": true}]
function_set 	 ['add', 'sub', 'mul', 'div', 'sqrt', 'sin', 'cos', 'const']
eq_expression 	 add,mul,X_0,cos,X_0,add,mul,-1,mul,X_3,mul,pow,X_2,0.5,pow,add,X_2,add,X_4,add,pow,add,X_6,mul,-1,X_5,2,add,mul,13.78,mul,X_1,X_5,add,mul,13.04,mul,X_3,mul,X_5,X_6,mul,-14.13,mul,X_1,mul,X_2,X_4,-1,cos,X_1
expr 	 X_0*cos(X_0) - sqrt(X_2)*X_3/(-14.13*X_1*X_2*X_4 + 13.78*X_1*X_5 + X_2 + 13.04*X_3*X_5*X_6 + X_4 + (-X_5 + X_6)**2) + cos(X_1)
--------------------

== EXPERIMENT SETUP START ===========
Task type            : regression
Starting seed        : 0
Runs                 : 1
== EXPERIMENT SETUP END =============

== TRAINING SEED 0 START ============
self.dataX <dso.symbolic_data_generator.DataX object at 0x2b40615e5048>, self.data_query_oracle: <dso.symbolic_equation_evaluator_public.Equation_evaluator object at 0x2b4080686d68>
generate dataset!
-- BUILDING PRIOR START -------------
WARNING: Skipping invalid 'RelationalConstraint' with arguments {'targets': [], 'effectors': [], 'relationship': None}. Reason: Prior disabled.
WARNING: Skipping invalid 'TrigConstraint' with arguments {}. Reason: There are no target Tokens.
WARNING: Skipping invalid 'UniformArityPrior' with arguments {}. Reason: Prior disabled.
WARNING: Skipping invalid 'LanguageModelPrior' with arguments {'weight': None}. Reason: Prior disabled.
LengthConstraint: Sequences have minimum length 4.
                  Sequences have maximum length 256.
RepeatConstraint: [const] cannot occur more than 10 times.
RelationalConstraint: [inv] cannot be a child of [inv].
ConstConstraint: [const] cannot be the only unique child of [inv, add, sub, mul, div].
NoInputsConstraint: Sequences contain at least one input variable Token.
SoftLengthPrior: No description available.
-- BUILDING PRIOR END ---------------

-- RUNNING EPOCHS START -------------
[00:00:00:02.88] Training epoch 1/14, current best R: 0.5007

	** New best
	Reward: 0.5007015789834672
	Count Off-policy: False
	Count On-policy: True
	Originally on Policy: True
	Invalid: False
	Traversal: mul,0.04166555424842165,mul,sub,add,sub,1.0871723749767408,x2,x2,x1,x2
	Expression:
	  0.04166555424842165⋅x₂⋅(1.0871723749767408 - x₁)

[00:00:00:05.32] Training epoch 2/14, current best R: 0.5008

	** New best
	Reward: 0.5007584018863024
	Count Off-policy: False
	Count On-policy: True
	Originally on Policy: True
	Invalid: False
	Traversal: sub,x3,sub,x3,inv,add,add,x1,x4,x2
	Expression:
	       1      
	  ────────────
	  x₁ + x₂ + x₄

[00:00:00:07.38] Training epoch 3/14, current best R: 0.5023

	** New best
	Reward: 0.5022553620358269
	Count Off-policy: False
	Count On-policy: True
	Originally on Policy: True
	Invalid: False
	Traversal: sub,0.4625875925578401,mul,div,x1,mul,inv,mul,x4,add,0.02052763212619598,inv,x4,34.89220286038908,x1
	Expression:
	                          2    ⎛                      1 ⎞                     
	  - 0.02865969809934921⋅x₁ ⋅x₄⋅⎜0.02052763212619598 + ──⎟ + 0.4625875925578401
	                               ⎝                      x₄⎠                     

[00:00:00:09.30] Training epoch 4/14, current best R: 0.5028

	** New best
	Reward: 0.5028427119212162
	Count Off-policy: False
	Count On-policy: True
	Originally on Policy: True
	Invalid: False
	Traversal: div,sub,x1,add,x6,x2,sub,sub,add,sub,mul,sub,x2,x1,-1.782729453276794,x1,x1,8.997468456321771,8.997468456321775
	Expression:
	                            x₁ - x₂ - x₆                         
	  ───────────────────────────────────────────────────────────────
	  1.782729453276794⋅x₁ - 1.782729453276794⋅x₂ - 17.99493691264355

[00:00:00:24.27] Training epoch 10/14, current best R: 0.5028
[00:00:00:28.94] Training epoch 12/14, current best R: 0.5252

	** New best
	Reward: 0.5252476153521034
	Count Off-policy: False
	Count On-policy: True
	Originally on Policy: True
	Invalid: False
	Traversal: mul,inv,add,mul,x6,45.64389489646148,div,81.28979891380469,sub,1.1061975275922393,mul,0.6047009338154372,sub,x3,x5,x2
	Expression:
	                                              x₂                                
	  ──────────────────────────────────────────────────────────────────────────────
	                                                  81.28979891380469             
	  45.64389489646148⋅x₆ + ───────────────────────────────────────────────────────
	                         -0.6047009338154372⋅x₃ + 0.6047009338154372⋅x₅ + 1.1061

            
	  ────────────
            
	  ────────────
	  975275922393

[00:00:00:34.58] Ending training after epoch 14/14, current best R: 0.5252
-- RUNNING EPOCHS END ---------------

-- EVALUATION START ----------------
Saving Hall of Fame to ./log/regression_config_regression_VPG.json_Livermore2_Vars7_23.in_normal_0.0_2023-05-30-042103/dso_regression_config_regression_VPG.json_Livermore2_Vars7_23.in_normal_0.0_0_hof.csv
Saving Pareto Front to ./log/regression_config_regression_VPG.json_Livermore2_Vars7_23.in_normal_0.0_2023-05-30-042103/dso_regression_config_regression_VPG.json_Livermore2_Vars7_23.in_normal_0.0_0_pf.csv
Invalid expressions: 158 of 14336 (1.1%).
Error type counts:
  true_divide: 79 (50.0%)
  reciprocal: 79 (50.0%)
Error node counts:
  divide: 158 (100.0%)
-- EVALUATION END ------------------
== TRAINING SEED 0 END ==============
INFO: Completed run 1 of 1 in 36 s

== POST-PROCESS START =================
-- LOADING LOGS START ----------------
Successfully loaded summary data
Successfully loaded Hall of Fame data
Successfully loaded Pareto Front data
-- LOADING LOGS END ------------------

-- ANALYZING LOG START --------------
Task_____________regression
Source path______./log/regression_config_regression_VPG.json_Livermore2_Vars7_23.in_normal_0.0_2023-05-30-042103
Runs_____________1
Max Samples/run__15000
Success_rate_____0.0
Hall of Fame (Top 5 of 100)____
    0: S=000 R=0.525248 <-- [x2/(45.64389489646148*x6 + 81.28979891380469/(-0.6047009338154372*x3 + 0.6047009338154372*x5 + 1.1061975275922393))]
    1: S=000 R=0.503024 <-- [-0.08691469587262879*x1*(x1 - 5.690885217740498 + 0.011780075478899426*(0.011780057246149823*x1 + 0.011780057246149823*x4 + 0.011780057246149823*x7)/(x1*x3))]
    2: S=000 R=0.502948 <-- [-0.07252077730818622*x1*(x1 - 5.084344923655647) + 0.07252077730818622*x6]
    3: S=000 R=0.502843 <-- [(x1 - x2 - x6)/(1.782729453276794*x1 - 1.782729453276794*x2 - 17.99493691264355)]
    4: S=000 R=0.502255 <-- [-0.02865969809934921*x1**2*x4*(0.02052763212619598 + 1/x4) + 0.4625875925578401]
  Saving Hall of Fame plot to ./log/regression_config_regression_VPG.json_Livermore2_Vars7_23.in_normal_0.0_2023-05-30-042103/dso_regression_config_regression_VPG.json_Livermore2_Vars7_23.in_normal_0.0_plot_hof.png
Pareto Front (4 of 4)____
    0: S=000 R=0.525248 C=18.00 <-- [x2/(45.64389489646148*x6 + 81.28979891380469/(-0.6047009338154372*x3 + 0.6047009338154372*x5 + 1.1061975275922393))]
    1: S=000 R=0.502948 C=9.00 <-- [-0.07252077730818622*x1*(x1 - 5.084344923655647) + 0.07252077730818622*x6]
    2: S=000 R=0.501326 C=7.00 <-- [x1*(-0.02677227215274131*x1 + 0.02677227215274131*x7)]
    3: S=000 R=0.500766 C=5.00 <-- [-0.1093807787747461*x1 + 0.1093807787747461*x5]
  Saving Pareto Front plot to ./log/regression_config_regression_VPG.json_Livermore2_Vars7_23.in_normal_0.0_2023-05-30-042103/dso_regression_config_regression_VPG.json_Livermore2_Vars7_23.in_normal_0.0_plot_pf.png
-- ANALYZING LOG END ----------------
== POST-PROCESS END ===================
