['add', 1, 'add', 'X_2', 'add', 'mul', 3.41, 'X_1', 'add', 'mul', -3.41, 'X_0', 'mul', 'X_0', 'mul', 'pow', 'X_1', 0.5, 'cos', 'X_0']
--------------------
eq_name 	 Livermore2_Vars3_25
num_vars 	 3
vars_range_and_types 	 [{"name": "LogUniform", "range": [0.1, 10], "only_positive": true}, {"name": "LogUniform", "range": [0.1, 10], "only_positive": true}, {"name": "LogUniform", "range": [0.1, 10], "only_positive": true}]
function_set 	 ['add', 'sub', 'mul', 'div', 'sqrt', 'const', 'sin', 'cos']
eq_expression 	 add,1,add,X_2,add,mul,3.41,X_1,add,mul,-3.41,X_0,mul,X_0,mul,pow,X_1,0.5,cos,X_0
expr 	 X_0*sqrt(X_1)*cos(X_0) - 3.41*X_0 + 3.41*X_1 + X_2 + 1
--------------------

== EXPERIMENT SETUP START ===========
Task type            : regression
Starting seed        : 0
Runs                 : 1
== EXPERIMENT SETUP END =============

== TRAINING SEED 0 START ============
self.dataX <dso.symbolic_data_generator.DataX object at 0x2ad1e0261128>, self.data_query_oracle: <dso.symbolic_equation_evaluator_public.Equation_evaluator object at 0x2ad1ff302cf8>
generate dataset!
-- BUILDING PRIOR START -------------
WARNING: Skipping invalid 'RelationalConstraint' with arguments {'targets': [], 'effectors': [], 'relationship': None}. Reason: Prior disabled.
WARNING: Skipping invalid 'TrigConstraint' with arguments {}. Reason: There are no target Tokens.
WARNING: Skipping invalid 'UniformArityPrior' with arguments {}. Reason: Prior disabled.
WARNING: Skipping invalid 'LanguageModelPrior' with arguments {'weight': None}. Reason: Prior disabled.
LengthConstraint: Sequences have minimum length 4.
                  Sequences have maximum length 256.
RepeatConstraint: [const] cannot occur more than 10 times.
RelationalConstraint: [inv] cannot be a child of [inv].
ConstConstraint: [const] cannot be the only unique child of [inv, add, sub, mul, div].
NoInputsConstraint: Sequences contain at least one input variable Token.
SoftLengthPrior: No description available.
-- BUILDING PRIOR END ---------------

-- RUNNING EPOCHS START -------------
gen	iter	pop_size	nevals	uncached_size	best_val              	timer  
0  	0   	1024    	1024  	1024         	(-0.6650619279824018,)	6.18414
1  	1   	1024    	773   	649          	(-0.7166689257490227,)	4.35329
2  	2   	1024    	777   	657          	(-0.7918522083042749,)	6.63969
3  	3   	1024    	786   	678          	(-0.7926344979404921,)	10.0766
4  	4   	1024    	764   	647          	(-0.7926344979404921,)	14.1052
5  	5   	1024    	767   	635          	(-0.7930266205675276,)	22.3609
6  	6   	1024    	782   	655          	(-0.7945068277041992,)	30.0275
7  	7   	1024    	743   	599          	(-0.8250282033899751,)	41.2647
8  	8   	1024    	757   	602          	(-0.8250282033899751,)	45.4905
9  	9   	1024    	800   	596          	(-0.8250282033899751,)	50.9289

--------------------------------------------------
GP Time: 231.675

Unique expressions evaluated: 7710
Total expression evaluations: 7973
--------------------------------------------------

GP -> best program this epoch:

	Reward: 0.8250282033899751
	Count Off-policy: 1
	Count On-policy: 0
	Originally on Policy: False
	Invalid: False
	Traversal: add,sub,-33.89886271909053,mul,-0.3507737055871359,add,mul,add,x2,add,div,mul,x1,mul,x1,x2,16.968150183191455,10.23246142394776,sub,9.785267018793682,x1,mul,0.02856174777313774,inv,x3,x3
	Expression:
	                                                   ⎛                       2    
	  x₃ + 0.3507737055871359⋅(9.785267018793682 - x₁)⋅⎝0.058933943252729684⋅x₁ ⋅x₂ 
                                                                              

	                          ⎞                       0.01001871010442865
	  + x₂ + 10.23246142394776⎠ - 33.89886271909053 + ───────────────────
	                                                           x₃        

None

--------------------------------------------------

[00:00:04:00.71] Training epoch 1/14, current best R: 0.8250

	** New best
	Reward: 0.8250282033899751
	Count Off-policy: 1
	Count On-policy: 0
	Originally on Policy: False
	Invalid: False
	Traversal: add,sub,-33.89886271909053,mul,-0.3507737055871359,add,mul,add,x2,add,div,mul,x1,mul,x1,x2,16.968150183191455,10.23246142394776,sub,9.785267018793682,x1,mul,0.02856174777313774,inv,x3,x3
	Expression:
	                                                   ⎛                       2    
	  x₃ + 0.3507737055871359⋅(9.785267018793682 - x₁)⋅⎝0.058933943252729684⋅x₁ ⋅x₂ 
                                                                              

	                          ⎞                       0.01001871010442865
	  + x₂ + 10.23246142394776⎠ - 33.89886271909053 + ───────────────────
	                                                           x₃        

10 	0   	1024    	1024  	1019         	(-0.6488279527794181,)	5.6161 
11 	1   	1024    	784   	673          	(-0.7907784032912336,)	6.08155
12 	2   	1024    	783   	647          	(-0.808591024194652,) 	8.8541 
13 	3   	1024    	818   	696          	(-0.808737010688001,) 	17.142 
14 	4   	1024    	777   	635          	(-0.8093468016370453,)	28.7647
15 	5   	1024    	761   	607          	(-0.8191258200184159,)	39.6015
16 	6   	1024    	812   	621          	(-0.8319789683001374,)	60.7141
17 	7   	1024    	784   	574          	(-0.8523596021571989,)	72.0761
18 	8   	1024    	777   	571          	(-0.8523596021571989,)	77.7425
19 	9   	1024    	764   	568          	(-0.862351253246424,) 	91.5247

--------------------------------------------------
GP Time: 408.371

Unique expressions evaluated: 15267
Total expression evaluations: 16057
--------------------------------------------------

GP -> best program this epoch:

	Reward: 0.862351253246424
	Count Off-policy: 1
	Count On-policy: 0
	Originally on Policy: False
	Invalid: False
	Traversal: add,mul,add,inv,add,inv,sub,mul,x1,2.239801953088915,add,inv,x1,8.999485376507817,sub,0.24646647173672936,inv,x1,sub,0.40678669918940413,x1,x1,sub,x3,mul,add,sub,mul,x2,5.5882963838480615,mul,-9.17853757712075e-05,add,x3,add,inv,sub,add,x3,1.000879196151162,add,inv,x2,x2,1.1304766456689652,mul,mul,inv,x1,x1,0.8981319004378951,-0.6002924538609564
	Expression:
	     ⎛                                                               1          
	  x₁⋅⎜-x₁ + 0.40678669918940413 + ──────────────────────────────────────────────
	     ⎜                                                                        1 
	     ⎜                            0.24646647173672936 + ────────────────────────
	     ⎜                                                                          
	     ⎜                                                  2.239801953088915⋅x₁ - 8
	     ⎝                                                                          

	                            ⎞                                                   
	  ──────────────────────────⎟ + 3.3546121491624619⋅x₂ + 1.00005509806845⋅x₃ + 0.
	                          1 ⎟                                                   
	  ───────────────────── - ──⎟                                                   
	                     1    x₁⎟                                                   
	  .999485376507817 - ──     ⎟                                                   
	                     x₁     ⎠                                                   

	                            5.509806845024812e-5      
	  5392040894842727 + ─────────────────────────────────
	                                                    1 
	                     -x₂ + x₃ + 1.000879196151162 - ──
	                                                    x₂
                                                    
                                                    

None

--------------------------------------------------

[00:00:11:01.21] Training epoch 2/14, current best R: 0.8624

	** New best
	Reward: 0.862351253246424
	Count Off-policy: 1
	Count On-policy: 0
	Originally on Policy: False
	Invalid: False
	Traversal: add,mul,add,inv,add,inv,sub,mul,x1,2.239801953088915,add,inv,x1,8.999485376507817,sub,0.24646647173672936,inv,x1,sub,0.40678669918940413,x1,x1,sub,x3,mul,add,sub,mul,x2,5.5882963838480615,mul,-9.17853757712075e-05,add,x3,add,inv,sub,add,x3,1.000879196151162,add,inv,x2,x2,1.1304766456689652,mul,mul,inv,x1,x1,0.8981319004378951,-0.6002924538609564
	Expression:
	     ⎛                                                               1          
	  x₁⋅⎜-x₁ + 0.40678669918940413 + ──────────────────────────────────────────────
	     ⎜                                                                        1 
	     ⎜                            0.24646647173672936 + ────────────────────────
	     ⎜                                                                          
	     ⎜                                                  2.239801953088915⋅x₁ - 8
	     ⎝                                                                          

	                            ⎞                                                   
	  ──────────────────────────⎟ + 3.3546121491624619⋅x₂ + 1.00005509806845⋅x₃ + 0.
	                          1 ⎟                                                   
	  ───────────────────── - ──⎟                                                   
	                     1    x₁⎟                                                   
	  .999485376507817 - ──     ⎟                                                   
	                     x₁     ⎠                                                   

	                            5.509806845024812e-5      
	  5392040894842727 + ─────────────────────────────────
	                                                    1 
	                     -x₂ + x₃ + 1.000879196151162 - ──
	                                                    x₂
                                                    
                                                    

-- RUNNING EPOCHS END ---------------

-- EVALUATION START ----------------
Saving Hall of Fame to ./log/regression_config_regression_GPMELD.json_Livermore2_Vars3_25.in_normal_0.0_2023-05-30-035833/dso_regression_config_regression_GPMELD.json_Livermore2_Vars3_25.in_normal_0.0_0_hof.csv
Saving Pareto Front to ./log/regression_config_regression_GPMELD.json_Livermore2_Vars3_25.in_normal_0.0_2023-05-30-035833/dso_regression_config_regression_GPMELD.json_Livermore2_Vars3_25.in_normal_0.0_0_pf.csv
Invalid expressions: 152 of 18105 (0.8%).
Error type counts:
  reciprocal: 77 (50.7%)
  true_divide: 75 (49.3%)
Error node counts:
  divide: 149 (98.0%)
  invalid: 3 (2.0%)
-- EVALUATION END ------------------
== TRAINING SEED 0 END ==============
INFO: Completed run 1 of 1 in 663 s

== POST-PROCESS START =================
-- LOADING LOGS START ----------------
Successfully loaded summary data
Successfully loaded Hall of Fame data
Successfully loaded Pareto Front data
-- LOADING LOGS END ------------------

-- ANALYZING LOG START --------------
Task_____________regression
Source path______./log/regression_config_regression_GPMELD.json_Livermore2_Vars3_25.in_normal_0.0_2023-05-30-035833
Runs_____________1
Max Samples/run__15000
Success_rate_____0.0
Hall of Fame (Top 5 of 100)____
    0: S=000 R=0.862351 <-- [x1*(-x1 + 0.40678669918940413 + 1/(0.24646647173672936 + 1/(2.239801953088915*x1 - 8.999485376507817 - 1/x1) - 1/x1)) + 3.3546121491624619*x2 + 1.00005509806845*x3 + 0.5392040894842727 + 5.509806845024812e-5/(-x2 + x3 + 1.000879196151162 - 1/x2)]
    1: S=000 R=0.862351 <-- [x1*(-x1 + 0.40678669918940413 + 1/(0.24646647173672936 + 1/(2.239801953088915*x1 - 8.999485376507817 - 1/x1) - 1/x1)) + 3.3546121491624619*x2 + 1.00005509806845*x3 + 0.5392040894842727 + 5.509806845024812e-5/(-x2 + x3 + 1.000879196151162 - 1/x2)]
    2: S=000 R=0.859879 <-- [-4.8284331973921635*x1 - 1.6544197208828414e-6*x1/x3 + 3.3215975652143942*x2 + 1.0019592977361359*x3 + 0.621660342508322 + 0.0019592977361358844/(-x2 + 1.000470495217009*x3 - 1/(x1*x2)) + 4.8284331973921635/(-x1 + 0.1192692406357939 + 1/(0.28930297062069472 - 0.021340361692811814*x1))]
    3: S=000 R=0.859879 <-- [-4.8284331973921635*x1 - 1.6544197208828414e-6*x1/x3 + 3.3215975652143942*x2 + 1.0019592977361359*x3 + 0.621660342508322 + 0.0019592977361358844/(-x2 + 1.000470495217009*x3 - 1/(x1*x2)) + 4.8284331973921635/(-x1 + 0.1192692406357939 + 1/(0.28930297062069472 - 0.021340361692811814*x1))]
    4: S=000 R=0.852360 <-- [0.0028518992623876878*x1*x3 - 3.7858987617641*x1 + 2.4665280628338588*x2 + x2/(-0.20378588550698512*x1 + 1.513405784596193 + 0.20378588550698512/(7.596730069898763 - 0.9349913273104773*x1)) + x3 + 1.6777302058129552 + 0.013682132558244388/x3]
  Saving Hall of Fame plot to ./log/regression_config_regression_GPMELD.json_Livermore2_Vars3_25.in_normal_0.0_2023-05-30-035833/dso_regression_config_regression_GPMELD.json_Livermore2_Vars3_25.in_normal_0.0_plot_hof.png
Pareto Front (5 of 19)____
    0: S=000 R=0.862351 C=59.00 <-- [x1*(-x1 + 0.40678669918940413 + 1/(0.24646647173672936 + 1/(2.239801953088915*x1 - 8.999485376507817 - 1/x1) - 1/x1)) + 3.3546121491624619*x2 + 1.00005509806845*x3 + 0.5392040894842727 + 5.509806845024812e-5/(-x2 + x3 + 1.000879196151162 - 1/x2)]
    1: S=000 R=0.852360 C=45.00 <-- [0.0028518992623876878*x1*x3 - 3.7858987617641*x1 + 2.4665280628338588*x2 + x2/(-0.20378588550698512*x1 + 1.513405784596193 + 0.20378588550698512/(7.596730069898763 - 0.9349913273104773*x1)) + x3 + 1.6777302058129552 + 0.013682132558244388/x3]
    2: S=000 R=0.852235 C=42.00 <-- [0.013266841366055453*x1*x3 - 3.8027767659860569*x1 + 2.476909378092202*x2 + x2/(-0.20455555249768204*x1 + 1.5249286801289612 + 0.20455555249768204/(7.8014916507399255 - 0.96037769107343936*x1)) + x3 + 1.6595293848139954 + 0.013266841366055453/x3]
    3: S=000 R=0.835377 C=40.00 <-- [x1*(x1 + 1/(0.011422346650996401*x1 - 0.17940082849368147)) + 3.352263343861017*x2 + x3 + 0.9143590274509045 - 0.9143590274509045/(-0.9029406421073594*x1 + 1.0530737139596822 - 0.5552480353386167/x1)]
    4: S=000 R=0.832048 C=35.00 <-- [1.1174540776000557*x1**2 - 0.9513716057076795*x1 + 3.3507836099630854*x2 + x3 + 84.641789379928771 + 0.9513716057076795/(0.00076458199843939915*x1 - 0.011592994098347652)]
  Saving Pareto Front plot to ./log/regression_config_regression_GPMELD.json_Livermore2_Vars3_25.in_normal_0.0_2023-05-30-035833/dso_regression_config_regression_GPMELD.json_Livermore2_Vars3_25.in_normal_0.0_plot_pf.png
-- ANALYZING LOG END ----------------
== POST-PROCESS END ===================
