['exp', 'mul', -0.5, 'pow', 'X_0', 2]
--------------------
eq_name 	 Livermore_23
num_vars 	 1
vars_range_and_types 	 [{"name": "LogUniform", "range": [0.1, 10], "only_positive": true}]
function_set 	 ['add', 'sub', 'mul', 'div', 'exp', 'const']
eq_expression 	 exp,mul,-0.5,pow,X_0,2
expr 	 exp(-0.5*X_0**2)
--------------------

== EXPERIMENT SETUP START ===========
Task type            : regression
Starting seed        : 0
Runs                 : 1
== EXPERIMENT SETUP END =============

== TRAINING SEED 0 START ============
self.dataX <dso.symbolic_data_generator.DataX object at 0x2b33d37db1d0>, self.data_query_oracle: <dso.symbolic_equation_evaluator_public.Equation_evaluator object at 0x2b33f287dd30>
generate dataset!
-- BUILDING PRIOR START -------------
WARNING: Skipping invalid 'RelationalConstraint' with arguments {'targets': [], 'effectors': [], 'relationship': None}. Reason: Prior disabled.
WARNING: Skipping invalid 'TrigConstraint' with arguments {}. Reason: There are no target Tokens.
WARNING: Skipping invalid 'UniformArityPrior' with arguments {}. Reason: Prior disabled.
WARNING: Skipping invalid 'LanguageModelPrior' with arguments {'weight': None}. Reason: Prior disabled.
LengthConstraint: Sequences have minimum length 4.
                  Sequences have maximum length 256.
RepeatConstraint: [const] cannot occur more than 10 times.
RelationalConstraint: [inv] cannot be a child of [inv].
ConstConstraint: [const] cannot be the only unique child of [inv, add, sub, mul, div].
NoInputsConstraint: Sequences contain at least one input variable Token.
SoftLengthPrior: No description available.
-- BUILDING PRIOR END ---------------

-- RUNNING EPOCHS START -------------
gen	iter	pop_size	nevals	uncached_size	best_val              	timer  
0  	0   	1024    	1024  	1024         	(-0.9880950076777378,)	34.2301
1  	1   	1024    	761   	580          	(-0.9880950076777378,)	21.972 
2  	2   	1024    	774   	546          	(-0.9907485011419378,)	31.683 
3  	3   	1024    	750   	550          	(-0.9947354868141401,)	39.0178
4  	4   	1024    	769   	529          	(-0.9988554345455561,)	36.9701
5  	5   	1024    	757   	511          	(-0.9988554345455561,)	43.349 
6  	6   	1024    	799   	520          	(-0.9993431260859005,)	47.8375
7  	7   	1024    	791   	521          	(-0.9994862086555729,)	50.6504
8  	8   	1024    	770   	510          	(-0.9994862086555729,)	47.062 
9  	9   	1024    	754   	494          	(-0.9997358450412234,)	56.5758

--------------------------------------------------
GP Time: 409.601

Unique expressions evaluated: 6699
Total expression evaluations: 7949
--------------------------------------------------

GP -> best program this epoch:

	Reward: 0.9997358450412234
	Count Off-policy: 1
	Count On-policy: 0
	Originally on Policy: False
	Invalid: False
	Traversal: inv,add,add,mul,add,div,x1,x1,inv,div,inv,add,x1,x1,mul,mul,x1,div,mul,x1,x1,inv,x1,div,x1,755.5522987590382,div,107.96616693937347,div,add,div,451.6512582308806,add,x1,x1,sub,add,-34.70444531091345,x1,inv,mul,add,add,mul,15.365954403822036,x1,div,59.15702631273434,x1,-37.30087176546605,0.0010686937776971021,x1,0.5001967218026792,0.5001967218008615
	Expression:
	                                                                    1           
	  ──────────────────────────────────────────────────────────────────────────────
	                                                       ⎛                       6
	                                 107.96616693937347⋅x₁⋅⎝0.002647070233635597⋅x₁ 
	  ──────────────────────────────────────────────────────────────────────────────
	                                                             1                  
	  x₁ - 34.70444531091345 - ─────────────────────────────────────────────────────
	                                                                            0.06
	                           0.016421499859741994⋅x₁ - 0.039863209558431088 + ────
                                                                              

                                                        
	  ────────────────────────────────────────────────────────
	      ⎞                                                   
	   + 1⎠                                                   
	  ──────────────────────────────────── + 1.000393443603541
	                     225.8256291154403                    
	  ──────────────── + ─────────────────                    
	  3220745927482932           x₁                           
	  ────────────────                                        
	       x₁                                                 

None

--------------------------------------------------

[00:00:07:22.89] Training epoch 1/14, current best R: 0.9997

	** New best
	Reward: 0.9997358450412234
	Count Off-policy: 1
	Count On-policy: 0
	Originally on Policy: False
	Invalid: False
	Traversal: inv,add,add,mul,add,div,x1,x1,inv,div,inv,add,x1,x1,mul,mul,x1,div,mul,x1,x1,inv,x1,div,x1,755.5522987590382,div,107.96616693937347,div,add,div,451.6512582308806,add,x1,x1,sub,add,-34.70444531091345,x1,inv,mul,add,add,mul,15.365954403822036,x1,div,59.15702631273434,x1,-37.30087176546605,0.0010686937776971021,x1,0.5001967218026792,0.5001967218008615
	Expression:
	                                                                    1           
	  ──────────────────────────────────────────────────────────────────────────────
	                                                       ⎛                       6
	                                 107.96616693937347⋅x₁⋅⎝0.002647070233635597⋅x₁ 
	  ──────────────────────────────────────────────────────────────────────────────
	                                                             1                  
	  x₁ - 34.70444531091345 - ─────────────────────────────────────────────────────
	                                                                            0.06
	                           0.016421499859741994⋅x₁ - 0.039863209558431088 + ────
                                                                              

                                                        
	  ────────────────────────────────────────────────────────
	      ⎞                                                   
	   + 1⎠                                                   
	  ──────────────────────────────────── + 1.000393443603541
	                     225.8256291154403                    
	  ──────────────── + ─────────────────                    
	  3220745927482932           x₁                           
	  ────────────────                                        
	       x₁                                                 

10 	0   	1024    	1024  	1016         	(-0.9856228930338832,)	25.2851
11 	1   	1024    	753   	552          	(-0.9908442627073583,)	23.7434
12 	2   	1024    	775   	578          	(-0.9933336231797879,)	30.0767
13 	3   	1024    	754   	529          	(-0.996507995906271,) 	39.61  
14 	4   	1024    	724   	467          	(-0.9974806226124929,)	41.445 
15 	5   	1024    	750   	448          	(-0.9989273741337541,)	51.1406
16 	6   	1024    	754   	429          	(-0.9989273741337541,)	62.8514
17 	7   	1024    	769   	436          	(-0.9989273741337541,)	77.302 
18 	8   	1024    	781   	448          	(-0.9991231780099159,)	69.1461
19 	9   	1024    	784   	450          	(-0.9991246359557121,)	76.8325

--------------------------------------------------
GP Time: 497.695

Unique expressions evaluated: 12932
Total expression evaluations: 15817
--------------------------------------------------

GP -> best program this epoch:

	Reward: 0.9991246359557121
	Count Off-policy: 1
	Count On-policy: 0
	Originally on Policy: False
	Invalid: False
	Traversal: inv,mul,0.03212204196796536,add,div,x1,add,sub,div,div,mul,sub,inv,x1,0.25865309396143044,div,x1,add,mul,x1,x1,add,2.763404351460098,x1,add,div,div,sub,-210.73490693234885,div,-23.86146165273349,x1,73.32715558126054,add,225.37146933748815,x1,add,mul,sub,x1,3.3918741522141667,x1,add,div,x1,x1,4.548460459557434,x1,x1,x1,31.139314102405013
	Expression:
                                                                              
	  ──────────────────────────────────────────────────────────────────────────────
	                                                        ⎛                       
	                                                        ⎜                       
	                         ⎛  2                         ⎞ ⎜                       
	  0.03212204196796536⋅x₁⋅⎝x₁  + x₁ + 2.763404351460098⎠⋅⎜x₁⋅(x₁ - 3.391874152214
	                                                        ⎝                       
	  ──────────────────────────────────────────────────────────────────────────────
                                                                              
	                                                               -0.25865309396143
                                                                              

	       1                                                                        
	  ──────────────────────────────────────────────────────────────────────────────
	                                0.3254109812876952                    ⎞         
	          -2.8738999250941105 + ──────────────────                    ⎟         
	                                        x₁                            ⎟         
	  1667) + ──────────────────────────────────────── + 5.548460459557434⎟         
	                  x₁ + 225.37146933748815                             ⎠         
	  ───────────────────────────────────────────────────────────────────── + 1.0002
	        1                                                                       
	  044 + ──                                                                      
	        x₁                                                                      

            
	  ────────────
            
            
            
            
            
	  583544511094
            
            
            

None

--------------------------------------------------

-- RUNNING EPOCHS END ---------------

-- EVALUATION START ----------------
Saving Hall of Fame to ./log/regression_config_regression_GPMELD.json_Livermore_23.in_normal_0.0_2023-05-30-041013/dso_regression_config_regression_GPMELD.json_Livermore_23.in_normal_0.0_0_hof.csv
Saving Pareto Front to ./log/regression_config_regression_GPMELD.json_Livermore_23.in_normal_0.0_2023-05-30-041013/dso_regression_config_regression_GPMELD.json_Livermore_23.in_normal_0.0_0_pf.csv
Invalid expressions: 291 of 17865 (1.6%).
Error type counts:
  true_divide: 107 (36.8%)
  reciprocal: 184 (63.2%)
Error node counts:
  divide: 291 (100.0%)
-- EVALUATION END ------------------
== TRAINING SEED 0 END ==============
INFO: Completed run 1 of 1 in 979 s

== POST-PROCESS START =================
-- LOADING LOGS START ----------------
Successfully loaded summary data
Successfully loaded Hall of Fame data
Successfully loaded Pareto Front data
-- LOADING LOGS END ------------------

-- ANALYZING LOG START --------------
Task_____________regression
Source path______./log/regression_config_regression_GPMELD.json_Livermore_23.in_normal_0.0_2023-05-30-041013
Runs_____________1
Max Samples/run__15000
Success_rate_____0.0
Hall of Fame (Top 5 of 100)____
    0: S=000 R=0.999736 <-- [1/(107.96616693937347*x1*(0.002647070233635597*x1**6 + 1)/(x1 - 34.70444531091345 - 1/(0.016421499859741994*x1 - 0.039863209558431088 + 0.063220745927482932/x1) + 225.8256291154403/x1) + 1.000393443603541)]
    1: S=000 R=0.999736 <-- [1/(107.96616693937347*x1*(0.002647070233635597*x1**6 + 1)/(x1 - 34.70444531091345 - 1/(0.016421499859741994*x1 - 0.039863209558431088 + 0.063220745927482932/x1) + 225.8256291154403/x1) + 1.000393443603541)]
    2: S=000 R=0.999486 <-- [-0.0008835162019606912 - 0.85569821352065687*(-0.02256798244648368*x1*(x1**2 - 2.83206016811034) + x1 - 2.9640103144654681)/(x1*(0.0242874703671292*x1**5 + x1 - 0.8427137825783335) + 2.528796470383471)]
    3: S=000 R=0.999486 <-- [-0.0008835162019606912 - 0.85569821352065687*(-0.02256798244648368*x1*(x1**2 - 2.83206016811034) + x1 - 2.9640103144654681)/(x1*(0.0242874703671292*x1**5 + x1 - 0.8427137825783335) + 2.528796470383471)]
    4: S=000 R=0.999463 <-- [1/(328.16491998647564*x1*(0.015494637443204396*x1**5 + 1)/(x1 - 164.87172732448147 - 1/(0.041925623901120396*x1 - 0.10655062583452921 + 0.10001994601664468/x1) + 706.69202728175095/x1) + 1.000675741775164)]
  Saving Hall of Fame plot to ./log/regression_config_regression_GPMELD.json_Livermore_23.in_normal_0.0_2023-05-30-041013/dso_regression_config_regression_GPMELD.json_Livermore_23.in_normal_0.0_plot_hof.png
Pareto Front (5 of 22)____
    0: S=000 R=0.999736 C=67.00 <-- [1/(107.96616693937347*x1*(0.002647070233635597*x1**6 + 1)/(x1 - 34.70444531091345 - 1/(0.016421499859741994*x1 - 0.039863209558431088 + 0.063220745927482932/x1) + 225.8256291154403/x1) + 1.000393443603541)]
    1: S=000 R=0.999486 C=61.00 <-- [-0.0008835162019606912 - 0.85569821352065687*(-0.02256798244648368*x1*(x1**2 - 2.83206016811034) + x1 - 2.9640103144654681)/(x1*(0.0242874703671292*x1**5 + x1 - 0.8427137825783335) + 2.528796470383471)]
    2: S=000 R=0.999365 C=47.00 <-- [1/(x1**2*(438.8944531226004*x1*(0.018815201818889772*x1**4 + 1)/(-1012.8698334073617 + 4112.894938821488/x1) + 0.5048229427601905) + 0.9996942156209192)]
    3: S=000 R=0.999343 C=46.00 <-- [0.9984244561074609 - 251.27243804030374/(x1 + 124.9819847588663*x1/(x1 + 19.36728828025175/x1**2) + 109.0253277391439 - 1/(-0.017828712881740259*x1 + 0.017899128195687821/(0.12391257510309401 + 1/x1)))]
    4: S=000 R=0.999158 C=39.00 <-- [-0.006128597290220775 - (-0.3530037234470511*x1*(x1 - 4.241534170754845) + x1 - 4.735697704941736)/(x1*(x1*(x1 - 2.9006218983758612) + 4.926054161822017)*(0.3878661315286983*x1 + 0.05365215175084098 + 0.95619471727855683/x1))]
  Saving Pareto Front plot to ./log/regression_config_regression_GPMELD.json_Livermore_23.in_normal_0.0_2023-05-30-041013/dso_regression_config_regression_GPMELD.json_Livermore_23.in_normal_0.0_plot_pf.png
-- ANALYZING LOG END ----------------
== POST-PROCESS END ===================
