['add', 'mul', 0.5, 'exp', 'X_0', 'mul', -0.5, 'exp', 'mul', -1, 'X_0']
--------------------
eq_name 	 Livermore_7a
num_vars 	 1
vars_range_and_types 	 [{"name": "LogUniform", "range": [0.1, 10], "only_positive": true}]
function_set 	 ['add', 'sub', 'mul', 'div', 'exp', 'log', 'const']
eq_expression 	 add,mul,0.5,exp,X_0,mul,-0.5,exp,mul,-1,X_0
expr 	 exp(X_0)/2 - exp(-X_0)/2
--------------------

== EXPERIMENT SETUP START ===========
Task type            : regression
Starting seed        : 0
Runs                 : 1
== EXPERIMENT SETUP END =============

== TRAINING SEED 0 START ============
self.dataX <dso.symbolic_data_generator.DataX object at 0x2b76b3526080>, self.data_query_oracle: <dso.symbolic_equation_evaluator_public.Equation_evaluator object at 0x2b76d25c7d30>
generate dataset!
-- BUILDING PRIOR START -------------
WARNING: Skipping invalid 'RelationalConstraint' with arguments {'targets': [], 'effectors': [], 'relationship': None}. Reason: Prior disabled.
WARNING: Skipping invalid 'TrigConstraint' with arguments {}. Reason: There are no target Tokens.
WARNING: Skipping invalid 'UniformArityPrior' with arguments {}. Reason: Prior disabled.
WARNING: Skipping invalid 'LanguageModelPrior' with arguments {'weight': None}. Reason: Prior disabled.
LengthConstraint: Sequences have minimum length 4.
                  Sequences have maximum length 256.
RepeatConstraint: [const] cannot occur more than 10 times.
RelationalConstraint: [inv] cannot be a child of [inv].
ConstConstraint: [const] cannot be the only unique child of [inv, add, sub, mul, div].
NoInputsConstraint: Sequences contain at least one input variable Token.
SoftLengthPrior: No description available.
-- BUILDING PRIOR END ---------------

-- RUNNING EPOCHS START -------------
[00:00:00:23.53] Training epoch 1/14, current best R: 0.9656

	** New best
	Reward: 0.9656494458397712
	Count Off-policy: False
	Count On-policy: True
	Originally on Policy: True
	Invalid: False
	Traversal: div,div,div,x1,3.366857827079485,div,div,add,div,7.904136440638436,add,mul,x1,add,x1,x1,x1,-0.029947110180486944,x1,x1,3.366857827079361
	Expression:
	                                 3         
	           0.08821662622556973⋅x₁          
	  ─────────────────────────────────────────
	                          7.904136440638436
	  -0.029947110180486944 + ─────────────────
	                                  2        
	                              2⋅x₁  + x₁   

[00:00:00:43.47] Training epoch 2/14, current best R: 0.9720

	** New best
	Reward: 0.9720139397857542
	Count Off-policy: False
	Count On-policy: True
	Originally on Policy: True
	Invalid: False
	Traversal: sub,x1,div,1.5534101866078716,add,div,inv,mul,inv,x1,add,sub,inv,x1,x1,-0.19124117840373767,0.8853612669143983,1.1191235229194885
	Expression:
	                        1.5534101866078716                
	  x₁ - ───────────────────────────────────────────────────
	            1.129482435441447⋅x₁                          
	       ────────────────────────────── + 1.1191235229194885
	                                   1                      
	       -x₁ - 0.19124117840373767 + ──                     
	                                   x₁                     

[00:00:01:05.35] Training epoch 3/14, current best R: 0.9963

	** New best
	Reward: 0.9962837929709873
	Count Off-policy: False
	Count On-policy: True
	Originally on Policy: True
	Invalid: False
	Traversal: mul,mul,div,0.5088692656478936,div,mul,div,add,div,add,inv,div,inv,div,3.1089366236538956,x1,3.1089374458187544,-1.681720940065551,x1,0.07484100547423252,x1,0.3615094921305998,x1,0.5088692656581889,0.5088669463398564
	Expression:
	                                           2                   
	                      0.3644995360494033⋅x₁                    
	  ─────────────────────────────────────────────────────────────
	                                             9.6654894859549243
	                        -1.681720940065551 + ──────────────────
	                                                     x₁        
	  0.07484100547423252 + ───────────────────────────────────────
	                                           x₁                  

[00:00:02:05.48] Training epoch 6/14, current best R: 0.9967

	** New best
	Reward: 0.9966784352080849
	Count Off-policy: False
	Count On-policy: True
	Originally on Policy: True
	Invalid: False
	Traversal: inv,div,div,add,div,div,div,sub,inv,div,sub,add,div,x1,5.360654521968318,x1,1.308197408159435,10.32144979612832,1.73221340090636,x1,0.7008601105214951,0.7007853827441338,0.16273360475632853,x1,x1
	Expression:
	                                                      2                         
	                                                    x₁                          
	  ──────────────────────────────────────────────────────────────────────────────
	                                          ⎛                                     
	                        2.036027420499249⋅⎜-1.73221340090636 + ─────────────────
	                                          ⎝                    0.114959081161147
	  0.16273360475632853 + ────────────────────────────────────────────────────────
	                                                                x₁              

                         
                         
	  ─────────────────────────
	     1                    ⎞
	  ────────────────────────⎟
	  ⋅x₁ - 0.1267455090127119⎠
	  ─────────────────────────
                         

[00:00:02:44.70] Training epoch 8/14, current best R: 0.9987

	** New best
	Reward: 0.998660908670286
	Count Off-policy: False
	Count On-policy: True
	Originally on Policy: True
	Invalid: False
	Traversal: mul,x1,add,mul,add,add,inv,div,add,div,div,sub,inv,mul,add,-7.353720687669888,x1,0.05107457495823006,x1,x1,x1,0.0602671065712596,3.0963450357142843,x1,x1,x1,-2.1145580829613873
	Expression:
	     ⎛   ⎛                                                     1                
	  x₁⋅⎜x₁⋅⎜2⋅x₁ + ───────────────────────────────────────────────────────────────
	     ⎜   ⎜                                                  ⎛                   
	     ⎜   ⎜                              0.32296142337680843⋅⎜-x₁ + ─────────────
	     ⎜   ⎜                                                  ⎝      0.05107457495
	     ⎜   ⎜       0.019463950521055806 + ────────────────────────────────────────
	     ⎜   ⎜                                                                  2   
	     ⎝   ⎝                                                                x₁    

	                                 ⎞                     ⎞
	  ───────────────────────────────⎟ - 2.1145580829613873⎟
	          1                     ⎞⎟                     ⎟
	  ──────────────────────────────⎟⎟                     ⎟
	  823006⋅x₁ - 0.3755881584842828⎠⎟                     ⎟
	  ───────────────────────────────⎟                     ⎟
	                                 ⎟                     ⎟
	                                 ⎠                     ⎠

[00:00:03:24.40] Training epoch 10/14, current best R: 0.9987
[00:00:04:50.68] Ending training after epoch 14/14, current best R: 0.9987
-- RUNNING EPOCHS END ---------------

-- EVALUATION START ----------------
Saving Hall of Fame to ./log/regression_config_regression_PQT.json_Livermore_7a.in_normal_0.0_2023-05-30-035227/dso_regression_config_regression_PQT.json_Livermore_7a.in_normal_0.0_0_hof.csv
Saving Pareto Front to ./log/regression_config_regression_PQT.json_Livermore_7a.in_normal_0.0_2023-05-30-035227/dso_regression_config_regression_PQT.json_Livermore_7a.in_normal_0.0_0_pf.csv
Invalid expressions: 560 of 14336 (3.9%).
Error type counts:
  true_divide: 208 (37.1%)
  reciprocal: 352 (62.9%)
Error node counts:
  divide: 558 (99.6%)
  invalid: 2 (0.4%)

Priority queue entry 0:
	Reward: 0.998660908670286
	Count Off-policy: False
	Count On-policy: True
	Originally on Policy: True
	Invalid: False
	Traversal: mul,x1,add,mul,add,add,inv,div,add,div,div,sub,inv,mul,add,-7.353720687669888,x1,0.05107457495823006,x1,x1,x1,0.0602671065712596,3.0963450357142843,x1,x1,x1,-2.1145580829613873
	Expression:
	     ⎛   ⎛                                                     1                
	  x₁⋅⎜x₁⋅⎜2⋅x₁ + ───────────────────────────────────────────────────────────────
	     ⎜   ⎜                                                  ⎛                   
	     ⎜   ⎜                              0.32296142337680843⋅⎜-x₁ + ─────────────
	     ⎜   ⎜                                                  ⎝      0.05107457495
	     ⎜   ⎜       0.019463950521055806 + ────────────────────────────────────────
	     ⎜   ⎜                                                                  2   
	     ⎝   ⎝                                                                x₁    

	                                 ⎞                     ⎞
	  ───────────────────────────────⎟ - 2.1145580829613873⎟
	          1                     ⎞⎟                     ⎟
	  ──────────────────────────────⎟⎟                     ⎟
	  823006⋅x₁ - 0.3755881584842828⎠⎟                     ⎟
	  ───────────────────────────────⎟                     ⎟
	                                 ⎟                     ⎟
	                                 ⎠                     ⎠


Priority queue entry 1:
	Reward: 0.9966784352080849
	Count Off-policy: False
	Count On-policy: True
	Originally on Policy: True
	Invalid: False
	Traversal: inv,div,div,add,div,div,div,sub,inv,div,sub,add,div,x1,5.360654521968318,x1,1.308197408159435,10.32144979612832,1.73221340090636,x1,0.7008601105214951,0.7007853827441338,0.16273360475632853,x1,x1
	Expression:
	                                                      2                         
	                                                    x₁                          
	  ──────────────────────────────────────────────────────────────────────────────
	                                          ⎛                                     
	                        2.036027420499249⋅⎜-1.73221340090636 + ─────────────────
	                                          ⎝                    0.114959081161147
	  0.16273360475632853 + ────────────────────────────────────────────────────────
	                                                                x₁              

                         
                         
	  ─────────────────────────
	     1                    ⎞
	  ────────────────────────⎟
	  ⋅x₁ - 0.1267455090127119⎠
	  ─────────────────────────
                         


Priority queue entry 2:
	Reward: 0.9962837929709873
	Count Off-policy: False
	Count On-policy: True
	Originally on Policy: True
	Invalid: False
	Traversal: mul,mul,div,0.5088692656478936,div,mul,div,add,div,add,inv,div,inv,div,3.1089366236538956,x1,3.1089374458187544,-1.681720940065551,x1,0.07484100547423252,x1,0.3615094921305998,x1,0.5088692656581889,0.5088669463398564
	Expression:
	                                           2                   
	                      0.3644995360494033⋅x₁                    
	  ─────────────────────────────────────────────────────────────
	                                             9.6654894859549243
	                        -1.681720940065551 + ──────────────────
	                                                     x₁        
	  0.07484100547423252 + ───────────────────────────────────────
	                                           x₁                  


Priority queue entry 3:
	Reward: 0.9958438306429915
	Count Off-policy: False
	Count On-policy: True
	Originally on Policy: True
	Invalid: False
	Traversal: mul,div,inv,div,div,add,-0.08646912329292482,add,add,add,mul,x1,add,div,inv,x1,x1,-1.992355470053928,-0.08646098003981498,x1,x1,x1,x1,25.88177034721135,x1
	Expression:
	                                         3                 
	                   0.03863723333391472⋅x₁                  
	  ─────────────────────────────────────────────────────────
	     ⎛                      1 ⎞                            
	  x₁⋅⎜-1.992355470053928 + ───⎟ + 2⋅x₁ - 0.1729301033327398
	     ⎜                       2⎟                            
	     ⎝                     x₁ ⎠                            


Priority queue entry 4:
	Reward: 0.9931393803705237
	Count Off-policy: False
	Count On-policy: True
	Originally on Policy: True
	Invalid: False
	Traversal: mul,inv,add,0.015465787335279061,div,0.29309825505477155,sub,div,mul,inv,sub,sub,div,div,1.0355243037198807,x1,0.5094254960064257,0.1509668248799098,0.15096682483269677,x1,x1,x1,x1
	Expression:
	                                    x₁                                  
	  ──────────────────────────────────────────────────────────────────────
	                                       0.29309825505477155              
	  0.015465787335279061 + ───────────────────────────────────────────────
	                                                   1                    
	                         -x₁ + ─────────────────────────────────────────
	                                                      2.0327296372830523
	                               -0.30193364971260657 + ──────────────────
	                                                              x₁        


Priority queue entry 5:
	Reward: 0.9926814844043583
	Count Off-policy: False
	Count On-policy: True
	Originally on Policy: True
	Invalid: False
	Traversal: div,x1,add,0.022698768957236052,inv,sub,div,x1,mul,sub,0.6811506159747523,inv,add,add,inv,x1,0.6536891077346312,0.6536891051691861,9.475921599284518,x1
	Expression:
	                                     x₁                                  
	  ───────────────────────────────────────────────────────────────────────
	                                                1                        
	  0.022698768957236052 + ────────────────────────────────────────────────
	                                                   x₁                    
	                         -x₁ + ──────────────────────────────────────────
	                                                     9.475921599284518   
	                               6.454529834281109 - ──────────────────────
	                                                                       1 
	                                                   1.307378212903817 + ──
	                                                                       x₁


Priority queue entry 6:
	Reward: 0.987584788956828
	Count Off-policy: False
	Count On-policy: True
	Originally on Policy: True
	Invalid: False
	Traversal: add,mul,inv,sub,0.02824253987962917,inv,add,add,div,sub,43.11531808572371,x1,add,-6.692577301240663,x1,add,x1,x1,6.8324533537426975,11.991182648572801,14.88906272659369
	Expression:
	                                                 11.991182648572801             
	  14.88906272659369 + ──────────────────────────────────────────────────────────
	                                                                    1           
	                      0.02824253987962917 - ────────────────────────────────────
	                                                   43.11531808572371 - x₁       
	                                            2⋅x₁ + ────────────────────── + 6.83
	                                                   x₁ - 6.692577301240663       

              
	  ──────────────
              
	  ──────────────
              
	  24533537426975
              


Priority queue entry 7:
	Reward: 0.9858943248237751
	Count Off-policy: False
	Count On-policy: True
	Originally on Policy: True
	Invalid: False
	Traversal: div,add,-3.597457233907761,x1,div,mul,add,5.621214884106485,div,x1,mul,inv,add,-3.258873607411213,mul,x1,0.15280743898708035,3.138902471450624,0.05499765145306508,x1
	Expression:
	                                 x₁⋅(x₁ - 3.597457233907761)                    
	  ──────────────────────────────────────────────────────────────────────────────
	  0.05499765145306508⋅x₁⋅(0.048681805305171318⋅x₁ - 1.038220727484134) + 0.30915

           
	  ───────────
	  36169388701


Priority queue entry 8:
	Reward: 0.9855240425484671
	Count Off-policy: False
	Count On-policy: True
	Originally on Policy: True
	Invalid: False
	Traversal: div,add,sub,mul,mul,mul,x1,inv,sub,sub,div,add,-57.62865952094164,sub,-57.62868212049524,inv,x1,x1,x1,-21.297945133095546,-104756.10024111187,x1,-13165.631126170734,13081.528862607573,4066.4992816199033
	Expression:
	                                       2                                   
	                  25.760757099994355⋅x₁                                    
	  - ────────────────────────────────────────────────── + 6.4544853376496024
	                                                    1                      
	                               -115.2573416414369 - ──                     
	                                                    x₁                     
	    -x₁ + 21.297945133095546 + ───────────────────────                     
	                                          x₁                               


Priority queue entry 9:
	Reward: 0.9842696776562483
	Count Off-policy: False
	Count On-policy: True
	Originally on Policy: True
	Invalid: False
	Traversal: add,div,inv,div,add,add,div,div,mul,add,div,inv,x1,x1,-0.012218010053692644,1.6218647301970162,x1,x1,3.074066851517621e-05,3.074144039654642e-05,x1,35.08715258626758,x1
	Expression:
	                             0.02850046031923891⋅x₁                     
	  x₁ + ─────────────────────────────────────────────────────────────────
	                                                      1.6218647301970162
	                              -0.019815959579276651 + ──────────────────
	                                                               2        
	                                                             x₁         
	       6.148210891172263e-5 + ──────────────────────────────────────────
	                                                   2                    
	                                                 x₁                     

-- EVALUATION END ------------------
== TRAINING SEED 0 END ==============
INFO: Completed run 1 of 1 in 293 s

== POST-PROCESS START =================
-- LOADING LOGS START ----------------
Successfully loaded summary data
Successfully loaded Hall of Fame data
Successfully loaded Pareto Front data
-- LOADING LOGS END ------------------

-- ANALYZING LOG START --------------
Task_____________regression
Source path______./log/regression_config_regression_PQT.json_Livermore_7a.in_normal_0.0_2023-05-30-035227
Runs_____________1
Max Samples/run__15000
Success_rate_____0.0
Hall of Fame (Top 5 of 100)____
    0: S=000 R=0.998661 <-- [x1*(x1*(2*x1 + 1/(0.019463950521055806 + 0.32296142337680843*(-x1 + 1/(0.05107457495823006*x1 - 0.3755881584842828))/x1**2)) - 2.1145580829613873)]
    1: S=000 R=0.996678 <-- [x1**2/(0.16273360475632853 + 2.036027420499249*(-1.73221340090636 + 1/(0.114959081161147*x1 - 0.1267455090127119))/x1)]
    2: S=000 R=0.996284 <-- [0.3644995360494033*x1**2/(0.07484100547423252 + (-1.681720940065551 + 9.6654894859549243/x1)/x1)]
    3: S=000 R=0.996212 <-- [0.094929949785504477*x1**3/(0.019920093721685*x1 - 0.44602480886090573 + 2.554912781515301/x1)]
    4: S=000 R=0.995844 <-- [0.03863723333391472*x1**3/(x1*(-1.992355470053928 + x1**(-2)) + 2*x1 - 0.1729301033327398)]
  Saving Hall of Fame plot to ./log/regression_config_regression_PQT.json_Livermore_7a.in_normal_0.0_2023-05-30-035227/dso_regression_config_regression_PQT.json_Livermore_7a.in_normal_0.0_plot_hof.png
Pareto Front (5 of 13)____
    0: S=000 R=0.998661 C=32.00 <-- [x1*(x1*(2*x1 + 1/(0.019463950521055806 + 0.32296142337680843*(-x1 + 1/(0.05107457495823006*x1 - 0.3755881584842828))/x1**2)) - 2.1145580829613873)]
    1: S=000 R=0.996212 C=26.00 <-- [0.094929949785504477*x1**3/(0.019920093721685*x1 - 0.44602480886090573 + 2.554912781515301/x1)]
    2: S=000 R=0.992681 C=25.00 <-- [x1/(0.022698768957236052 + 1/(-x1 + x1/(6.454529834281109 - 9.475921599284518/(1.307378212903817 + 1/x1))))]
    3: S=000 R=0.987585 C=24.00 <-- [14.88906272659369 + 11.991182648572801/(0.02824253987962917 - 1/(2*x1 + (43.11531808572371 - x1)/(x1 - 6.692577301240663) + 6.8324533537426975))]
    4: S=000 R=0.985904 C=22.00 <-- [734.6473302822199*x1/(2*x1 - 35.48199374074077 + 20.408132163052116/(0.19619481505148345*x1 - 0.69897366603483602))]
  Saving Pareto Front plot to ./log/regression_config_regression_PQT.json_Livermore_7a.in_normal_0.0_2023-05-30-035227/dso_regression_config_regression_PQT.json_Livermore_7a.in_normal_0.0_plot_pf.png
-- ANALYZING LOG END ----------------
== POST-PROCESS END ===================
