['add', 'mul', 'X_0', 'cos', 'X_0', 'add', 'mul', -1, 'mul', 'X_3', 'mul', 'pow', 'X_2', 0.5, 'pow', 'add', 'X_2', 'add', 'X_4', 'add', 'pow', 'add', 'X_6', 'mul', -1, 'X_5', 2, 'add', 'mul', 13.78, 'mul', 'X_1', 'X_5', 'add', 'mul', 13.04, 'mul', 'X_3', 'mul', 'X_5', 'X_6', 'mul', -14.13, 'mul', 'X_1', 'mul', 'X_2', 'X_4', -1, 'cos', 'X_1']
--------------------
eq_name 	 Livermore2_Vars7_23
num_vars 	 7
vars_range_and_types 	 [{"name": "LogUniform", "range": [0.1, 10], "only_positive": true}, {"name": "LogUniform", "range": [0.1, 10], "only_positive": true}, {"name": "LogUniform", "range": [0.1, 10], "only_positive": true}, {"name": "LogUniform", "range": [0.1, 10], "only_positive": true}, {"name": "LogUniform", "range": [0.1, 10], "only_positive": true}, {"name": "LogUniform", "range": [0.1, 10], "only_positive": true}, {"name": "LogUniform", "range": [0.1, 10], "only_positive": true}]
function_set 	 ['add', 'sub', 'mul', 'div', 'sqrt', 'sin', 'cos', 'const']
eq_expression 	 add,mul,X_0,cos,X_0,add,mul,-1,mul,X_3,mul,pow,X_2,0.5,pow,add,X_2,add,X_4,add,pow,add,X_6,mul,-1,X_5,2,add,mul,13.78,mul,X_1,X_5,add,mul,13.04,mul,X_3,mul,X_5,X_6,mul,-14.13,mul,X_1,mul,X_2,X_4,-1,cos,X_1
expr 	 X_0*cos(X_0) - sqrt(X_2)*X_3/(-14.13*X_1*X_2*X_4 + 13.78*X_1*X_5 + X_2 + 13.04*X_3*X_5*X_6 + X_4 + (-X_5 + X_6)**2) + cos(X_1)
--------------------

== EXPERIMENT SETUP START ===========
Task type            : regression
Starting seed        : 0
Runs                 : 1
== EXPERIMENT SETUP END =============

== TRAINING SEED 0 START ============
self.dataX <dso.symbolic_data_generator.DataX object at 0x2adf4ce0bb38>, self.data_query_oracle: <dso.symbolic_equation_evaluator_public.Equation_evaluator object at 0x2adf3368ed68>
generate dataset!
-- BUILDING PRIOR START -------------
WARNING: Skipping invalid 'RelationalConstraint' with arguments {'targets': [], 'effectors': [], 'relationship': None}. Reason: Prior disabled.
WARNING: Skipping invalid 'TrigConstraint' with arguments {}. Reason: There are no target Tokens.
WARNING: Skipping invalid 'UniformArityPrior' with arguments {}. Reason: Prior disabled.
WARNING: Skipping invalid 'LanguageModelPrior' with arguments {'weight': None}. Reason: Prior disabled.
LengthConstraint: Sequences have minimum length 4.
                  Sequences have maximum length 256.
RepeatConstraint: [const] cannot occur more than 10 times.
RelationalConstraint: [inv] cannot be a child of [inv].
ConstConstraint: [const] cannot be the only unique child of [inv, add, sub, mul, div].
NoInputsConstraint: Sequences contain at least one input variable Token.
SoftLengthPrior: No description available.
-- BUILDING PRIOR END ---------------

-- RUNNING EPOCHS START -------------
[00:00:00:02.51] Training epoch 1/14, current best R: 0.5026

	** New best
	Reward: 0.5025839092215917
	Count Off-policy: False
	Count On-policy: True
	Originally on Policy: True
	Invalid: False
	Traversal: mul,x6,add,-0.1419113287746964,div,1.307980709437535,add,add,x6,div,x2,inv,x1,mul,x3,-0.00837764853197002
	Expression:
	     ⎛                               1.307980709437535         ⎞
	  x₆⋅⎜-0.1419113287746964 + ───────────────────────────────────⎟
	     ⎝                      x₁⋅x₂ - 0.00837764853197002⋅x₃ + x₆⎠

[00:00:00:04.31] Training epoch 2/14, current best R: 0.5031

	** New best
	Reward: 0.5031237455954988
	Count Off-policy: False
	Count On-policy: True
	Originally on Policy: True
	Invalid: False
	Traversal: mul,sub,x1,x5,mul,add,x1,x1,-0.015967790013394666
	Expression:
	  -0.031935580026789332⋅x₁⋅(x₁ - x₅)

[00:00:00:07.69] Training epoch 4/14, current best R: 0.5046

	** New best
	Reward: 0.5046136862125284
	Count Off-policy: False
	Count On-policy: True
	Originally on Policy: True
	Invalid: False
	Traversal: mul,-0.002861729434625597,mul,x1,div,x1,inv,add,x3,x1
	Expression:
	                          2          
	  -0.002861729434625597⋅x₁ ⋅(x₁ + x₃)

[00:00:00:09.45] Training epoch 5/14, current best R: 0.5128

	** New best
	Reward: 0.5127787956133216
	Count Off-policy: False
	Count On-policy: True
	Originally on Policy: True
	Invalid: False
	Traversal: add,mul,0.10276090895018422,x4,div,-8.837421081145274e-05,add,-0.00016925933432802268,inv,mul,add,x7,sub,567.3780089265491,x5,x1
	Expression:
	                                               8.837421081145274e-5             
	  0.10276090895018422⋅x₄ - ─────────────────────────────────────────────────────
	                                                                     1          
	                           -0.00016925933432802268 + ───────────────────────────
	                                                     x₁⋅(-x₅ + x₇ + 567.37800892

      
	  ──────
      
	  ──────
	  65491)

[00:00:00:17.48] Training epoch 10/14, current best R: 0.5128
[00:00:00:24.74] Ending training after epoch 14/14, current best R: 0.5128
-- RUNNING EPOCHS END ---------------

-- EVALUATION START ----------------
Saving Hall of Fame to ./log/regression_config_regression_DSR.json_Livermore2_Vars7_23.in_normal_0.0_2023-05-30-042055/dso_regression_config_regression_DSR.json_Livermore2_Vars7_23.in_normal_0.0_0_hof.csv
Saving Pareto Front to ./log/regression_config_regression_DSR.json_Livermore2_Vars7_23.in_normal_0.0_2023-05-30-042055/dso_regression_config_regression_DSR.json_Livermore2_Vars7_23.in_normal_0.0_0_pf.csv
Invalid expressions: 143 of 14336 (1.0%).
Error type counts:
  true_divide: 80 (55.9%)
  reciprocal: 63 (44.1%)
Error node counts:
  divide: 143 (100.0%)
-- EVALUATION END ------------------
== TRAINING SEED 0 END ==============
INFO: Completed run 1 of 1 in 26 s

== POST-PROCESS START =================
-- LOADING LOGS START ----------------
Successfully loaded summary data
Successfully loaded Hall of Fame data
Successfully loaded Pareto Front data
-- LOADING LOGS END ------------------

-- ANALYZING LOG START --------------
Task_____________regression
Source path______./log/regression_config_regression_DSR.json_Livermore2_Vars7_23.in_normal_0.0_2023-05-30-042055
Runs_____________1
Max Samples/run__15000
Success_rate_____0.0
Hall of Fame (Top 5 of 100)____
    0: S=000 R=0.512779 <-- [0.10276090895018422*x4 - 8.837421081145274e-5/(-0.00016925933432802268 + 1/(x1*(-x5 + x7 + 567.3780089265491)))]
    1: S=000 R=0.506438 <-- [x5*(0.09467038549741276*x1*(5.541405153299735 - x1)/x5 + 0.030352810529016602)]
    2: S=000 R=0.504614 <-- [-0.002861729434625597*x1**2*(x1 + x3)]
    3: S=000 R=0.504116 <-- [0.3378002444074873*x1*(-0.5399557454593426 + 0.6041653971812446/(x1*x2))]
    4: S=000 R=0.503578 <-- [0.024846285048478792*x1*(6.646498566349866 - x1)/x2]
  Saving Hall of Fame plot to ./log/regression_config_regression_DSR.json_Livermore2_Vars7_23.in_normal_0.0_2023-05-30-042055/dso_regression_config_regression_DSR.json_Livermore2_Vars7_23.in_normal_0.0_plot_hof.png
Pareto Front (5 of 9)____
    0: S=000 R=0.512779 C=18.00 <-- [0.10276090895018422*x4 - 8.837421081145274e-5/(-0.00016925933432802268 + 1/(x1*(-x5 + x7 + 567.3780089265491)))]
    1: S=000 R=0.506438 C=17.00 <-- [x5*(0.09467038549741276*x1*(5.541405153299735 - x1)/x5 + 0.030352810529016602)]
    2: S=000 R=0.504614 C=12.00 <-- [-0.002861729434625597*x1**2*(x1 + x3)]
    3: S=000 R=0.503578 C=11.00 <-- [0.024846285048478792*x1*(6.646498566349866 - x1)/x2]
    4: S=000 R=0.503368 C=9.00 <-- [(x1 - 3.366811302989161)*(0.024030857817880953*x2 - 0.2684456432789916)]
  Saving Pareto Front plot to ./log/regression_config_regression_DSR.json_Livermore2_Vars7_23.in_normal_0.0_2023-05-30-042055/dso_regression_config_regression_DSR.json_Livermore2_Vars7_23.in_normal_0.0_plot_pf.png
-- ANALYZING LOG END ----------------
== POST-PROCESS END ===================
