['mul', 'add', 'X_1', 'mul', -0.12, 'mul', 'X_0', 'mul', 'pow', 'X_2', -1, 'mul', 'pow', 'X_4', -2.5, 'mul', 'pow', 'X_5', -1, 'pow', 'add', 'mul', -1, 'X_1', 'add', 'mul', 'X_2', 'X_3', 'cos', 'mul', 2, 'X_0', -1, 'exp', 'add', 'X_6', 'mul', -1, 'X_5']
--------------------
eq_name 	 Livermore2_Vars7_5
num_vars 	 7
vars_range_and_types 	 [{"name": "LogUniform", "range": [0.1, 10], "only_positive": true}, {"name": "LogUniform", "range": [0.1, 10], "only_positive": true}, {"name": "LogUniform", "range": [0.1, 10], "only_positive": true}, {"name": "LogUniform", "range": [0.1, 10], "only_positive": true}, {"name": "LogUniform", "range": [0.1, 10], "only_positive": true}, {"name": "LogUniform", "range": [0.1, 10], "only_positive": true}, {"name": "LogUniform", "range": [0.1, 10], "only_positive": true}]
function_set 	 ['add', 'sub', 'mul', 'div', 'sqrt', 'n2', 'const', 'exp', 'sin', 'cos', 'const']
eq_expression 	 mul,add,X_1,mul,-0.12,mul,X_0,mul,pow,X_2,-1,mul,pow,X_4,-2.5,mul,pow,X_5,-1,pow,add,mul,-1,X_1,add,mul,X_2,X_3,cos,mul,2,X_0,-1,exp,add,X_6,mul,-1,X_5
expr 	 (-0.12*X_0/(X_2*X_4**2.5*X_5*(-X_1 + X_2*X_3 + cos(2*X_0))) + X_1)*exp(-X_5 + X_6)
--------------------

== EXPERIMENT SETUP START ===========
Task type            : regression
Starting seed        : 0
Runs                 : 1
== EXPERIMENT SETUP END =============

== TRAINING SEED 0 START ============
self.dataX <dso.symbolic_data_generator.DataX object at 0x2ba365e92390>, self.data_query_oracle: <dso.symbolic_equation_evaluator_public.Equation_evaluator object at 0x2ba34c6c3d68>
generate dataset!
-- BUILDING PRIOR START -------------
WARNING: Skipping invalid 'RelationalConstraint' with arguments {'targets': [], 'effectors': [], 'relationship': None}. Reason: Prior disabled.
WARNING: Skipping invalid 'TrigConstraint' with arguments {}. Reason: There are no target Tokens.
WARNING: Skipping invalid 'UniformArityPrior' with arguments {}. Reason: Prior disabled.
WARNING: Skipping invalid 'LanguageModelPrior' with arguments {'weight': None}. Reason: Prior disabled.
LengthConstraint: Sequences have minimum length 4.
                  Sequences have maximum length 256.
RepeatConstraint: [const] cannot occur more than 10 times.
RelationalConstraint: [inv] cannot be a child of [inv].
ConstConstraint: [const] cannot be the only unique child of [inv, add, sub, mul, div].
NoInputsConstraint: Sequences contain at least one input variable Token.
SoftLengthPrior: No description available.
-- BUILDING PRIOR END ---------------

-- RUNNING EPOCHS START -------------
[00:00:00:01.95] Training epoch 1/14, current best R: 0.5000

	** New best
	Reward: 0.5000164997947598
	Count Off-policy: False
	Count On-policy: True
	Originally on Policy: True
	Invalid: False
	Traversal: inv,mul,inv,x7,mul,div,mul,x6,x5,inv,x6,x3
	Expression:
	      x₇   
	  ─────────
	          2
	  x₃⋅x₅⋅x₆ 

[00:00:00:02.92] Training epoch 2/14, current best R: 0.5000

	** New best
	Reward: 0.5000169838008232
	Count Off-policy: False
	Count On-policy: True
	Originally on Policy: True
	Invalid: False
	Traversal: sub,inv,x4,mul,x6,div,x7,div,sub,x1,add,x3,x2,div,x1,x6
	Expression:
	       x₁⋅x₇       1 
	  - ──────────── + ──
	    x₁ - x₂ - x₃   x₄

[00:00:00:06.30] Training epoch 6/14, current best R: 0.5005

	** New best
	Reward: 0.5005149072475432
	Count Off-policy: False
	Count On-policy: True
	Originally on Policy: True
	Invalid: False
	Traversal: div,mul,sub,mul,add,div,x7,x6,x7,div,mul,x1,add,x2,x7,x5,x6,x1,x6
	Expression:
	     ⎛             ⎛     x₇⎞     ⎞
	     ⎜x₁⋅(x₂ + x₇)⋅⎜x₇ + ──⎟     ⎟
	     ⎜             ⎝     x₆⎠     ⎟
	  x₁⋅⎜────────────────────── - x₆⎟
	     ⎝          x₅               ⎠
	  ────────────────────────────────
	                 x₆               

[00:00:00:09.65] Training epoch 10/14, current best R: 0.5005
[00:00:00:13.11] Ending training after epoch 14/14, current best R: 0.5005
-- RUNNING EPOCHS END ---------------

-- EVALUATION START ----------------
Saving Hall of Fame to ./log/regression_config_regression_PQT.json_Livermore2_Vars7_5.in_normal_0.0_2023-05-30-030316/dso_regression_config_regression_PQT.json_Livermore2_Vars7_5.in_normal_0.0_0_hof.csv
Saving Pareto Front to ./log/regression_config_regression_PQT.json_Livermore2_Vars7_5.in_normal_0.0_2023-05-30-030316/dso_regression_config_regression_PQT.json_Livermore2_Vars7_5.in_normal_0.0_0_pf.csv
Invalid expressions: 163 of 14336 (1.1%).
Error type counts:
  true_divide: 73 (44.8%)
  reciprocal: 90 (55.2%)
Error node counts:
  divide: 163 (100.0%)

Priority queue entry 0:
	Reward: 0.5005149072475432
	Count Off-policy: False
	Count On-policy: True
	Originally on Policy: True
	Invalid: False
	Traversal: div,mul,sub,mul,add,div,x7,x6,x7,div,mul,x1,add,x2,x7,x5,x6,x1,x6
	Expression:
	     ⎛             ⎛     x₇⎞     ⎞
	     ⎜x₁⋅(x₂ + x₇)⋅⎜x₇ + ──⎟     ⎟
	     ⎜             ⎝     x₆⎠     ⎟
	  x₁⋅⎜────────────────────── - x₆⎟
	     ⎝          x₅               ⎠
	  ────────────────────────────────
	                 x₆               


Priority queue entry 1:
	Reward: 0.5000535193999055
	Count Off-policy: False
	Count On-policy: True
	Originally on Policy: True
	Invalid: False
	Traversal: mul,mul,inv,x6,inv,mul,inv,x7,mul,x6,x6,x7
	Expression:
	    2
	  x₇ 
	  ───
	    3
	  x₆ 


Priority queue entry 2:
	Reward: 0.5000268972092788
	Count Off-policy: False
	Count On-policy: True
	Originally on Policy: True
	Invalid: False
	Traversal: div,div,x1,x2,inv,div,div,inv,div,sub,x6,add,x3,x2,x2,x5,x3
	Expression:
	            x₁         
	  ─────────────────────
	  x₃⋅x₅⋅(-x₂ - x₃ + x₆)


Priority queue entry 3:
	Reward: 0.5000169838008232
	Count Off-policy: False
	Count On-policy: True
	Originally on Policy: True
	Invalid: False
	Traversal: sub,inv,x4,mul,x6,div,x7,div,sub,x1,add,x3,x2,div,x1,x6
	Expression:
	       x₁⋅x₇       1 
	  - ──────────── + ──
	    x₁ - x₂ - x₃   x₄


Priority queue entry 4:
	Reward: 0.5000164997947598
	Count Off-policy: False
	Count On-policy: True
	Originally on Policy: True
	Invalid: False
	Traversal: inv,mul,inv,x7,mul,div,mul,x6,x5,inv,x6,x3
	Expression:
	      x₇   
	  ─────────
	          2
	  x₃⋅x₅⋅x₆ 


Priority queue entry 5:
	Reward: 0.5000022125395692
	Count Off-policy: False
	Count On-policy: True
	Originally on Policy: True
	Invalid: False
	Traversal: mul,sub,div,x3,x2,div,inv,div,x5,add,div,add,x7,x7,x1,x6,x5,x4
	Expression:
	     ⎛       2⋅x₇     ⎞
	     ⎜  x₆ + ────     ⎟
	     ⎜        x₁    x₃⎟
	  x₄⋅⎜- ───────── + ──⎟
	     ⎜       2      x₂⎟
	     ⎝     x₅         ⎠


Priority queue entry 6:
	Reward: 0.5000018965980356
	Count Off-policy: False
	Count On-policy: True
	Originally on Policy: True
	Invalid: False
	Traversal: div,div,div,x7,mul,1.0,x6,div,x3,x7,inv,x1
	Expression:
	           2
	  1.0⋅x₁⋅x₇ 
	  ──────────
	    x₃⋅x₆   


Priority queue entry 7:
	Reward: 0.500000924091601
	Count Off-policy: False
	Count On-policy: True
	Originally on Policy: True
	Invalid: False
	Traversal: sub,sub,add,div,div,div,sub,add,mul,x1,add,x6,x7,x7,1.0,x2,x5,x5,x1,x6,x1
	Expression:
	        x₁⋅(x₆ + x₇) + x₇ - 1.0
	  -x₆ + ───────────────────────
	                      2        
	                 x₂⋅x₅         


Priority queue entry 8:
	Reward: 0.49999999999999933
	Count Off-policy: False
	Count On-policy: True
	Originally on Policy: True
	Invalid: False
	Traversal: inv,div,inv,x5,inv,sub,mul,x5,1.0000955580622843,x5
	Expression:
	  10464.841752701568


Priority queue entry 9:
	Reward: 0.4999986641329916
	Count Off-policy: False
	Count On-policy: True
	Originally on Policy: True
	Invalid: False
	Traversal: inv,div,inv,sub,x1,1.0,mul,x1,mul,x1,mul,sub,x7,x1,x7
	Expression:
	    2                         
	  x₁ ⋅x₇⋅(-x₁ + x₇)⋅(x₁ - 1.0)

-- EVALUATION END ------------------
== TRAINING SEED 0 END ==============
INFO: Completed run 1 of 1 in 15 s

== POST-PROCESS START =================
-- LOADING LOGS START ----------------
Successfully loaded summary data
Successfully loaded Hall of Fame data
Successfully loaded Pareto Front data
-- LOADING LOGS END ------------------

-- ANALYZING LOG START --------------
Task_____________regression
Source path______./log/regression_config_regression_PQT.json_Livermore2_Vars7_5.in_normal_0.0_2023-05-30-030316
Runs_____________1
Max Samples/run__15000
Success_rate_____0.0
Hall of Fame (Top 5 of 100)____
    0: S=000 R=0.500515 <-- [x1*(x1*(x2 + x7)*(x7 + x7/x6)/x5 - x6)/x6]
    1: S=000 R=0.500054 <-- [x7**2/x6**3]
    2: S=000 R=0.500027 <-- [x1/(x3*x5*(-x2 - x3 + x6))]
    3: S=000 R=0.500025 <-- [x1*x7/(x3*(x3 + 1/(2*x6 - x7)))]
    4: S=000 R=0.500017 <-- [-x1*x7/(x1 - x2 - x3) + 1/x4]
  Saving Hall of Fame plot to ./log/regression_config_regression_PQT.json_Livermore2_Vars7_5.in_normal_0.0_2023-05-30-030316/dso_regression_config_regression_PQT.json_Livermore2_Vars7_5.in_normal_0.0_plot_hof.png
Pareto Front (5 of 8)____
    0: S=000 R=0.500515 C=22.00 <-- [x1*(x1*(x2 + x7)*(x7 + x7/x6)/x5 - x6)/x6]
    1: S=000 R=0.500054 C=15.00 <-- [x7**2/x6**3]
    2: S=000 R=0.500000 C=14.00 <-- [x1 - x4/(x5*(x3 - x5)) + x5 - x6]
    3: S=000 R=0.499997 C=11.00 <-- [x1 - 1/(x6 - 1/(x1*x4))]
    4: S=000 R=0.499997 C=8.00 <-- [x7**2/(x3*x6)]
  Saving Pareto Front plot to ./log/regression_config_regression_PQT.json_Livermore2_Vars7_5.in_normal_0.0_2023-05-30-030316/dso_regression_config_regression_PQT.json_Livermore2_Vars7_5.in_normal_0.0_plot_pf.png
-- ANALYZING LOG END ----------------
== POST-PROCESS END ===================
