['mul', 'pow', 'X_2', -1, 'add', 'X_3', 'add', 'mul', -2.86, 'X_0', 'mul', 'X_1', 'pow', 'X_0', 3]
--------------------
eq_name 	 Livermore2_Vars4_19
num_vars 	 4
vars_range_and_types 	 [{"name": "LogUniform", "range": [0.1, 10], "only_positive": true}, {"name": "LogUniform", "range": [0.1, 10], "only_positive": true}, {"name": "LogUniform", "range": [0.1, 10], "only_positive": true}, {"name": "LogUniform", "range": [0.1, 10], "only_positive": true}]
function_set 	 ['add', 'sub', 'mul', 'div', 'sqrt', 'n2', 'pow', 'const']
eq_expression 	 mul,pow,X_2,-1,add,X_3,add,mul,-2.86,X_0,mul,X_1,pow,X_0,3
expr 	 (X_0**3*X_1 - 2.86*X_0 + X_3)/X_2
--------------------

== EXPERIMENT SETUP START ===========
Task type            : regression
Starting seed        : 0
Runs                 : 1
== EXPERIMENT SETUP END =============

== TRAINING SEED 0 START ============
self.dataX <dso.symbolic_data_generator.DataX object at 0x2b54ab451b38>, self.data_query_oracle: <dso.symbolic_equation_evaluator_public.Equation_evaluator object at 0x2b5495cebd68>
generate dataset!
-- BUILDING PRIOR START -------------
WARNING: Skipping invalid 'RelationalConstraint' with arguments {'targets': [], 'effectors': [], 'relationship': None}. Reason: Prior disabled.
WARNING: Skipping invalid 'TrigConstraint' with arguments {}. Reason: There are no target Tokens.
WARNING: Skipping invalid 'UniformArityPrior' with arguments {}. Reason: Prior disabled.
WARNING: Skipping invalid 'LanguageModelPrior' with arguments {'weight': None}. Reason: Prior disabled.
LengthConstraint: Sequences have minimum length 4.
                  Sequences have maximum length 256.
RepeatConstraint: [const] cannot occur more than 10 times.
RelationalConstraint: [inv] cannot be a child of [inv].
ConstConstraint: [const] cannot be the only unique child of [inv, add, sub, mul, div].
NoInputsConstraint: Sequences contain at least one input variable Token.
SoftLengthPrior: No description available.
-- BUILDING PRIOR END ---------------

-- RUNNING EPOCHS START -------------
gen	iter	pop_size	nevals	uncached_size	best_val              	timer  
0  	0   	1024    	1024  	1024         	(-0.6558831263796536,)	3.28108
1  	1   	1024    	774   	674          	(-0.6845803131667632,)	2.90673
2  	2   	1024    	734   	653          	(-0.8176830705573741,)	4.11197
3  	3   	1024    	796   	698          	(-0.8460574351028085,)	5.0015 
4  	4   	1024    	762   	673          	(-0.9656207985491265,)	5.86976
5  	5   	1024    	731   	648          	(-0.9891612937235154,)	6.48198
6  	6   	1024    	738   	658          	(-0.9942613213944484,)	11.6847
7  	7   	1024    	766   	688          	(-0.9944928021116719,)	18.3779
8  	8   	1024    	767   	687          	(-0.9944928021116719,)	26.2834
9  	9   	1024    	780   	677          	(-0.9948806654447042,)	37.032 

--------------------------------------------------
GP Time: 121.271

Unique expressions evaluated: 8030
Total expression evaluations: 7872
--------------------------------------------------

GP -> best program this epoch:

	Reward: 0.9948806654447042
	Count Off-policy: 1
	Count On-policy: 0
	Originally on Policy: False
	Invalid: False
	Traversal: div,2.38654326713171,inv,mul,x1,sub,add,mul,x1,mul,x2,mul,x1,div,0.418686093424661,x3,mul,0.026081203851606834,x2,inv,x3
	Expression:
	                      ⎛                    2                                  ⎞
	                      ⎜0.418686093424661⋅x₁ ⋅x₂                             1 ⎟
	  2.38654326713171⋅x₁⋅⎜──────────────────────── + 0.026081203851606834⋅x₂ - ──⎟
	                      ⎝           x₃                                        x₃⎠

None

--------------------------------------------------

[00:00:02:16.32] Training epoch 1/14, current best R: 0.9949

	** New best
	Reward: 0.9948806654447042
	Count Off-policy: 1
	Count On-policy: 0
	Originally on Policy: False
	Invalid: False
	Traversal: div,2.38654326713171,inv,mul,x1,sub,add,mul,x1,mul,x2,mul,x1,div,0.418686093424661,x3,mul,0.026081203851606834,x2,inv,x3
	Expression:
	                      ⎛                    2                                  ⎞
	                      ⎜0.418686093424661⋅x₁ ⋅x₂                             1 ⎟
	  2.38654326713171⋅x₁⋅⎜──────────────────────── + 0.026081203851606834⋅x₂ - ──⎟
	                      ⎝           x₃                                        x₃⎠

10 	0   	1024    	1024  	1019         	(-0.6556728096328422,)	2.69253
11 	1   	1024    	774   	683          	(-0.6580513671625524,)	2.48877
12 	2   	1024    	781   	674          	(-0.7301414650043572,)	3.49633
13 	3   	1024    	777   	667          	(-0.9877132994076405,)	5.02717
14 	4   	1024    	770   	667          	(-0.9877132994076405,)	7.20346
15 	5   	1024    	764   	677          	(-0.9877132994076405,)	9.60692
16 	6   	1024    	749   	660          	(-0.9945659334156817,)	11.0515
17 	7   	1024    	806   	694          	(-0.9945659334156817,)	16.258 
18 	8   	1024    	768   	653          	(-0.9945659334156817,)	19.3369
19 	9   	1024    	765   	649          	(-0.9950465096044072,)	22.9294

--------------------------------------------------
GP Time: 100.331

Unique expressions evaluated: 16026
Total expression evaluations: 15850
--------------------------------------------------

GP -> best program this epoch:

	Reward: 0.9950465096044072
	Count Off-policy: 1
	Count On-policy: 0
	Originally on Policy: False
	Invalid: False
	Traversal: div,add,-1.9502480196440057,mul,add,mul,x1,x2,mul,x1,-0.009305181283675452,x1,mul,add,inv,add,0.4606459871265923,x1,0.00038776204199598383,mul,add,inv,add,x1,x1,0.9915488497524849,x3
	Expression:
	              x₁⋅(x₁⋅x₂ - 0.009305181283675452⋅x₁) - 1.9502480196440057         
	  ──────────────────────────────────────────────────────────────────────────────
	     ⎛                                    1           ⎞ ⎛                      1
	  x₃⋅⎜0.00038776204199598383 + ───────────────────────⎟⋅⎜0.9915488497524849 + ──
	     ⎝                         x₁ + 0.4606459871265923⎠ ⎝                     2⋅

   
	  ───
	    ⎞
	  ──⎟
	  x₁⎠

None

--------------------------------------------------

[00:00:04:00.90] Training epoch 2/14, current best R: 0.9950

	** New best
	Reward: 0.9950465096044072
	Count Off-policy: 1
	Count On-policy: 0
	Originally on Policy: False
	Invalid: False
	Traversal: div,add,-1.9502480196440057,mul,add,mul,x1,x2,mul,x1,-0.009305181283675452,x1,mul,add,inv,add,0.4606459871265923,x1,0.00038776204199598383,mul,add,inv,add,x1,x1,0.9915488497524849,x3
	Expression:
	              x₁⋅(x₁⋅x₂ - 0.009305181283675452⋅x₁) - 1.9502480196440057         
	  ──────────────────────────────────────────────────────────────────────────────
	     ⎛                                    1           ⎞ ⎛                      1
	  x₃⋅⎜0.00038776204199598383 + ───────────────────────⎟⋅⎜0.9915488497524849 + ──
	     ⎝                         x₁ + 0.4606459871265923⎠ ⎝                     2⋅

   
	  ───
	    ⎞
	  ──⎟
	  x₁⎠

-- RUNNING EPOCHS END ---------------

-- EVALUATION START ----------------
Saving Hall of Fame to ./log/regression_config_regression_GPMELD.json_Livermore2_Vars4_19.in_normal_0.0_2023-05-30-033435/dso_regression_config_regression_GPMELD.json_Livermore2_Vars4_19.in_normal_0.0_0_hof.csv
Saving Pareto Front to ./log/regression_config_regression_GPMELD.json_Livermore2_Vars4_19.in_normal_0.0_2023-05-30-033435/dso_regression_config_regression_GPMELD.json_Livermore2_Vars4_19.in_normal_0.0_0_pf.csv
Invalid expressions: 161 of 17898 (0.9%).
Error type counts:
  reciprocal: 69 (42.9%)
  true_divide: 92 (57.1%)
Error node counts:
  divide: 161 (100.0%)
-- EVALUATION END ------------------
== TRAINING SEED 0 END ==============
INFO: Completed run 1 of 1 in 242 s

== POST-PROCESS START =================
-- LOADING LOGS START ----------------
Successfully loaded summary data
Successfully loaded Hall of Fame data
Successfully loaded Pareto Front data
-- LOADING LOGS END ------------------

-- ANALYZING LOG START --------------
Task_____________regression
Source path______./log/regression_config_regression_GPMELD.json_Livermore2_Vars4_19.in_normal_0.0_2023-05-30-033435
Runs_____________1
Max Samples/run__15000
Success_rate_____0.0
Hall of Fame (Top 5 of 100)____
    0: S=000 R=0.995047 <-- [(x1*(x1*x2 - 0.009305181283675452*x1) - 1.9502480196440057)/(x3*(0.00038776204199598383 + 1/(x1 + 0.4606459871265923))*(0.9915488497524849 + 1/(2*x1)))]
    1: S=000 R=0.995047 <-- [(x1*(x1*x2 - 0.009305181283675452*x1) - 1.9502480196440057)/(x3*(0.00038776204199598383 + 1/(x1 + 0.4606459871265923))*(0.9915488497524849 + 1/(2*x1)))]
    2: S=000 R=0.994881 <-- [2.38654326713171*x1*(0.418686093424661*x1**2*x2/x3 + 0.026081203851606834*x2 - 1/x3)]
    3: S=000 R=0.994881 <-- [2.38654326713171*x1*(0.418686093424661*x1**2*x2/x3 + 0.026081203851606834*x2 - 1/x3)]
    4: S=000 R=0.994856 <-- [0.2373742352772121*x2*(x1 - 0.08082010212298464)*(x1 + (-0.41433302822545089*x1**2*(-1371.8375339899742*x1 - 398525.62593824585)/(x1 + (x1 + 41076.77781519312)/x2) - 10.667623907044193)/x2)/x3]
  Saving Hall of Fame plot to ./log/regression_config_regression_GPMELD.json_Livermore2_Vars4_19.in_normal_0.0_2023-05-30-033435/dso_regression_config_regression_GPMELD.json_Livermore2_Vars4_19.in_normal_0.0_plot_hof.png
Pareto Front (5 of 13)____
    0: S=000 R=0.995047 C=30.00 <-- [(x1*(x1*x2 - 0.009305181283675452*x1) - 1.9502480196440057)/(x3*(0.00038776204199598383 + 1/(x1 + 0.4606459871265923))*(0.9915488497524849 + 1/(2*x1)))]
    1: S=000 R=0.994881 C=25.00 <-- [2.38654326713171*x1*(0.418686093424661*x1**2*x2/x3 + 0.026081203851606834*x2 - 1/x3)]
    2: S=000 R=0.994566 C=22.00 <-- [(1.0326744106884305*x1*(x1*x2 - 1.3071239746693817) + x1)/(x3*(0.001602664161540775 + 1/(x1 - 0.14985561776144277)))]
    3: S=000 R=0.988150 C=20.00 <-- [0.0469964685204985*x1*x2*(21.142486583300492*x1**2 + x1 - 10.748355757247069)/x3]
    4: S=000 R=0.988082 C=14.00 <-- [x1**2*x2*(0.07748206388636947 - x1)/(0.00010665808472123931 - x3)]
  Saving Pareto Front plot to ./log/regression_config_regression_GPMELD.json_Livermore2_Vars4_19.in_normal_0.0_2023-05-30-033435/dso_regression_config_regression_GPMELD.json_Livermore2_Vars4_19.in_normal_0.0_plot_pf.png
-- ANALYZING LOG END ----------------
== POST-PROCESS END ===================
