['mul', 'pow', 'X_0', 5, 'pow', 'X_1', -3]
--------------------
eq_name 	 Livermore_12
num_vars 	 2
vars_range_and_types 	 [{"name": "LogUniform", "range": [0.1, 10], "only_positive": true}, {"name": "LogUniform", "range": [0.1, 10], "only_positive": true}]
function_set 	 ['add', 'sub', 'mul', 'div', 'const', 'pow']
eq_expression 	 mul,pow,X_0,5,pow,X_1,-3
expr 	 X_0**5/X_1**3
--------------------

== EXPERIMENT SETUP START ===========
Task type            : regression
Starting seed        : 0
Runs                 : 1
== EXPERIMENT SETUP END =============

== TRAINING SEED 0 START ============
self.dataX <dso.symbolic_data_generator.DataX object at 0x2af3262ca160>, self.data_query_oracle: <dso.symbolic_equation_evaluator_public.Equation_evaluator object at 0x2af34536bda0>
generate dataset!
-- BUILDING PRIOR START -------------
WARNING: Skipping invalid 'RelationalConstraint' with arguments {'targets': [], 'effectors': [], 'relationship': None}. Reason: Prior disabled.
WARNING: Skipping invalid 'TrigConstraint' with arguments {}. Reason: There are no target Tokens.
WARNING: Skipping invalid 'UniformArityPrior' with arguments {}. Reason: Prior disabled.
WARNING: Skipping invalid 'LanguageModelPrior' with arguments {'weight': None}. Reason: Prior disabled.
LengthConstraint: Sequences have minimum length 4.
                  Sequences have maximum length 256.
RepeatConstraint: [const] cannot occur more than 10 times.
RelationalConstraint: [inv] cannot be a child of [inv].
ConstConstraint: [const] cannot be the only unique child of [inv, add, sub, mul, div].
NoInputsConstraint: Sequences contain at least one input variable Token.
SoftLengthPrior: No description available.
-- BUILDING PRIOR END ---------------

-- RUNNING EPOCHS START -------------
[00:00:00:02.82] Training epoch 1/14, current best R: 0.6972

	** New best
	Reward: 0.6971694164834848
	Count Off-policy: False
	Count On-policy: True
	Originally on Policy: True
	Invalid: False
	Traversal: mul,div,sub,div,4.058185557364574,mul,0.0177558720185425,div,mul,x2,0.017756087473383364,mul,add,inv,x2,sub,x1,9.843635797802866,4.03786095164795,x1,1.1240434533706785,x1
	Expression:
	     ⎛                                             ⎛                            
	     ⎜                          11451.424615309399⋅⎜4.03786095164795⋅x₁ - 39.747
	     ⎜                                             ⎝                            
	  x₁⋅⎜-0.88964532198581082⋅x₁ + ────────────────────────────────────────────────
	     ⎝                                                                 x₂       

	                4.03786095164795⎞⎞
	  23261019211 + ────────────────⎟⎟
	                       x₂       ⎠⎟
	  ───────────────────────────────⎟
	                                 ⎠

[00:00:00:06.08] Training epoch 3/14, current best R: 0.7637

	** New best
	Reward: 0.7636837248536251
	Count Off-policy: False
	Count On-policy: True
	Originally on Policy: True
	Invalid: False
	Traversal: sub,x2,sub,0.9103593731513252,div,mul,1167.6284417466775,x1,div,div,add,x2,x2,div,x1,x2,x1
	Expression:
	                       3                          
	  583.81422087333875⋅x₁                           
	  ────────────────────── + x₂ - 0.9103593731513252
	             2                                    
	           x₂                                     

[00:00:00:10.83] Training epoch 6/14, current best R: 0.7644

	** New best
	Reward: 0.7644006779560601
	Count Off-policy: False
	Count On-policy: True
	Originally on Policy: True
	Invalid: False
	Traversal: div,x1,mul,div,x2,inv,div,x2,mul,div,x1,x2,mul,sub,div,x2,0.00021500314456354697,-7.203422165148211,x1,8.061436882889177
	Expression:
	                       3                                            
	  0.1240473645737465⋅x₁ ⋅(4651.0947643579093⋅x₂ + 7.203422165148211)
	  ──────────────────────────────────────────────────────────────────
	                                   3                                
	                                 x₂                                 

[00:00:00:16.64] Training epoch 10/14, current best R: 0.7644
[00:00:00:19.69] Training epoch 12/14, current best R: 0.7692

	** New best
	Reward: 0.7691691370964479
	Count Off-policy: False
	Count On-policy: True
	Originally on Policy: True
	Invalid: False
	Traversal: sub,x2,div,mul,24.598464065672676,mul,sub,mul,mul,div,sub,x2,x1,x2,sub,x1,x2,x1,x2,24.598464065672676,x2
	Expression:
	       605.08443439018992⋅x₁⋅(-x₁ + x₂)⋅(x₁ - x₂)                        
	       ────────────────────────────────────────── - 605.08443439018992⋅x₂
	                           x₂                                            
	  x₂ - ──────────────────────────────────────────────────────────────────
	                                       x₂                                

[00:00:00:21.72] Training epoch 13/14, current best R: 0.7714

	** New best
	Reward: 0.7714478441262931
	Count Off-policy: False
	Count On-policy: True
	Originally on Policy: True
	Invalid: False
	Traversal: mul,mul,inv,mul,x2,5.215770701772016e-05,sub,div,div,mul,add,x1,-4.007730616591315,inv,add,16.766595507387127,x2,x2,x2,-0.5727129528573065,x1
	Expression:
	                       ⎛                         x₁ - 4.007730616591315   ⎞
	  19172.62198010848⋅x₁⋅⎜0.5727129528573065 + ─────────────────────────────⎟
	                       ⎜                       2                          ⎟
	                       ⎝                     x₂ ⋅(x₂ + 16.766595507387127)⎠
	  ─────────────────────────────────────────────────────────────────────────
	                                      x₂                                   

[00:00:00:23.43] Ending training after epoch 14/14, current best R: 0.7714
-- RUNNING EPOCHS END ---------------

-- EVALUATION START ----------------
Saving Hall of Fame to ./log/regression_config_regression_DSR.json_Livermore_12.in_normal_0.0_2023-05-30-031020/dso_regression_config_regression_DSR.json_Livermore_12.in_normal_0.0_0_hof.csv
Saving Pareto Front to ./log/regression_config_regression_DSR.json_Livermore_12.in_normal_0.0_2023-05-30-031020/dso_regression_config_regression_DSR.json_Livermore_12.in_normal_0.0_0_pf.csv
Invalid expressions: 419 of 14336 (2.9%).
Error type counts:
  reciprocal: 227 (54.2%)
  true_divide: 192 (45.8%)
Error node counts:
  divide: 415 (99.0%)
  invalid: 4 (1.0%)
-- EVALUATION END ------------------
== TRAINING SEED 0 END ==============
INFO: Completed run 1 of 1 in 25 s

== POST-PROCESS START =================
-- LOADING LOGS START ----------------
Successfully loaded summary data
Successfully loaded Hall of Fame data
Successfully loaded Pareto Front data
-- LOADING LOGS END ------------------

-- ANALYZING LOG START --------------
Task_____________regression
Source path______./log/regression_config_regression_DSR.json_Livermore_12.in_normal_0.0_2023-05-30-031020
Runs_____________1
Max Samples/run__15000
Success_rate_____0.0
Hall of Fame (Top 5 of 100)____
    0: S=000 R=0.771448 <-- [19172.62198010848*x1*(0.5727129528573065 + (x1 - 4.007730616591315)/(x2**2*(x2 + 16.766595507387127)))/x2]
    1: S=000 R=0.771189 <-- [x1**2*(1198.731014577191*x1 - 1198.731014577191*x2 + 1198.731014577191/(x2*(x1 - 18.77287415085672*(x1 - 4.80441821193271)/x1)))/x2]
    2: S=000 R=0.771056 <-- [x1*(x1 - 55.02910198020328 - (x1*(x2 - 1134.6622090827957) + 4383.800521948535)/x2**2)/x2]
    3: S=000 R=0.769169 <-- [x2 - (605.08443439018992*x1*(-x1 + x2)*(x1 - x2)/x2 - 605.08443439018992*x2)/x2]
    4: S=000 R=0.764741 <-- [10431.749696700525*x1*(x1 - 4.65904379170404 + 0.2959960682004403/(x1*x2))/x2**2]
  Saving Hall of Fame plot to ./log/regression_config_regression_DSR.json_Livermore_12.in_normal_0.0_2023-05-30-031020/dso_regression_config_regression_DSR.json_Livermore_12.in_normal_0.0_plot_hof.png
Pareto Front (5 of 13)____
    0: S=000 R=0.771448 C=25.00 <-- [19172.62198010848*x1*(0.5727129528573065 + (x1 - 4.007730616591315)/(x2**2*(x2 + 16.766595507387127)))/x2]
    1: S=000 R=0.771056 C=23.00 <-- [x1*(x1 - 55.02910198020328 - (x1*(x2 - 1134.6622090827957) + 4383.800521948535)/x2**2)/x2]
    2: S=000 R=0.763684 C=22.00 <-- [584.0768783640391*x1**3/x2**2]
    3: S=000 R=0.763684 C=21.00 <-- [583.81422087333875*x1**3/x2**2 + x2 - 0.9103593731513252]
    4: S=000 R=0.748745 C=16.00 <-- [9005.746667450972*x1*(x1 - 3.802795189420789)/x2**2]
  Saving Pareto Front plot to ./log/regression_config_regression_DSR.json_Livermore_12.in_normal_0.0_2023-05-30-031020/dso_regression_config_regression_DSR.json_Livermore_12.in_normal_0.0_plot_pf.png
-- ANALYZING LOG END ----------------
== POST-PROCESS END ===================
