['mul', 'pow', 'X_0', -1, 'mul', 'add', 4.0755, 'mul', -2.85, 'X_0', 'mul', 'add', 'X_0', 'X_1', 'add', 'X_0', 'mul', -1, 'X_2']
--------------------
eq_name 	 Livermore2_Vars3_10
num_vars 	 3
vars_range_and_types 	 [{"name": "LogUniform", "range": [0.1, 10], "only_positive": true}, {"name": "LogUniform", "range": [0.1, 10], "only_positive": true}, {"name": "LogUniform", "range": [0.1, 10], "only_positive": true}]
function_set 	 ['add', 'sub', 'mul', 'div', 'const']
eq_expression 	 mul,pow,X_0,-1,mul,add,4.0755,mul,-2.85,X_0,mul,add,X_0,X_1,add,X_0,mul,-1,X_2
expr 	 (4.0755 - 2.85*X_0)*(X_0 + X_1)*(X_0 - X_2)/X_0
--------------------

== EXPERIMENT SETUP START ===========
Task type            : regression
Starting seed        : 0
Runs                 : 1
== EXPERIMENT SETUP END =============

== TRAINING SEED 0 START ============
self.dataX <dso.symbolic_data_generator.DataX object at 0x2abbf70ec4e0>, self.data_query_oracle: <dso.symbolic_equation_evaluator_public.Equation_evaluator object at 0x2abbe195ccf8>
generate dataset!
-- BUILDING PRIOR START -------------
WARNING: Skipping invalid 'RelationalConstraint' with arguments {'targets': [], 'effectors': [], 'relationship': None}. Reason: Prior disabled.
WARNING: Skipping invalid 'TrigConstraint' with arguments {}. Reason: There are no target Tokens.
WARNING: Skipping invalid 'UniformArityPrior' with arguments {}. Reason: Prior disabled.
WARNING: Skipping invalid 'LanguageModelPrior' with arguments {'weight': None}. Reason: Prior disabled.
LengthConstraint: Sequences have minimum length 4.
                  Sequences have maximum length 256.
RepeatConstraint: [const] cannot occur more than 10 times.
RelationalConstraint: [inv] cannot be a child of [inv].
ConstConstraint: [const] cannot be the only unique child of [inv, add, sub, mul, div].
NoInputsConstraint: Sequences contain at least one input variable Token.
SoftLengthPrior: No description available.
-- BUILDING PRIOR END ---------------

-- RUNNING EPOCHS START -------------
gen	iter	pop_size	nevals	uncached_size	best_val             	timer  
0  	0   	1024    	1024  	1024         	(-0.686403383154743,)	6.45251
1  	1   	1024    	760   	667          	(-0.6883894159166002,)	4.66104
2  	2   	1024    	788   	680          	(-0.7375384418659463,)	6.35415
3  	3   	1024    	789   	699          	(-0.7582611484089108,)	7.52749
4  	4   	1024    	766   	669          	(-0.7630652747148899,)	10.2591
5  	5   	1024    	781   	664          	(-0.8822101540603015,)	13.6127
6  	6   	1024    	748   	641          	(-0.8822101540603015,)	16.1622
7  	7   	1024    	735   	594          	(-0.8848175683854981,)	23.8363
8  	8   	1024    	757   	625          	(-0.9559928338261228,)	37.4802
9  	9   	1024    	765   	636          	(-0.9559928338261228,)	45.0794

--------------------------------------------------
GP Time: 171.665

Unique expressions evaluated: 7832
Total expression evaluations: 7913
--------------------------------------------------

GP -> best program this epoch:

	Reward: 0.9559928338261228
	Count Off-policy: 1
	Count On-policy: 0
	Originally on Policy: False
	Invalid: False
	Traversal: mul,sub,div,-0.5601137727710256,add,x1,inv,x3,sub,sub,1.5735659605551682,add,inv,mul,inv,x2,inv,div,div,x3,1.875722921892546,x1,mul,0.4175986891796584,add,inv,x1,add,mul,div,-6868.268022946353,add,5456.796152253882,mul,x1,x1,x2,sub,div,x2,x2,add,x1,x3,x3,add,div,x1,x1,mul,add,13073.683963101703,x2,add,mul,x1,0.000395631990183022,-0.0006562281944537873
	Expression:
                                                                              
	  ((0.000395631990183022⋅x₁ - 0.0006562281944537873)⋅(x₂ + 13073.683963101703) +
                                                                              
                                                                              
                                                                              

	      ⎛                           2868.179723316961⋅x₂                          
	   1)⋅⎜-0.4175986891796584⋅x₁ - ─────────────────────── + 0.5824013108203416⋅x₃ 
	      ⎜                           2                                             
	      ⎜                         x₁  + 5456.796152253882                         
	      ⎝                                                                         

	                         0.5601137727710256   0.5331277814694673⋅x₂⋅x₃   0.41759
	  - 1.1559672713755098 - ────────────────── + ──────────────────────── + ───────
	                                   1                     x₁                     
	                              x₁ + ──                                           
	                                   x₃                                           

	  86891796584⎞
	  ───────────⎟
	   x₁        ⎟
	             ⎟
	             ⎠

None

--------------------------------------------------

[00:00:03:09.10] Training epoch 1/14, current best R: 0.9560

	** New best
	Reward: 0.9559928338261228
	Count Off-policy: 1
	Count On-policy: 0
	Originally on Policy: False
	Invalid: False
	Traversal: mul,sub,div,-0.5601137727710256,add,x1,inv,x3,sub,sub,1.5735659605551682,add,inv,mul,inv,x2,inv,div,div,x3,1.875722921892546,x1,mul,0.4175986891796584,add,inv,x1,add,mul,div,-6868.268022946353,add,5456.796152253882,mul,x1,x1,x2,sub,div,x2,x2,add,x1,x3,x3,add,div,x1,x1,mul,add,13073.683963101703,x2,add,mul,x1,0.000395631990183022,-0.0006562281944537873
	Expression:
                                                                              
	  ((0.000395631990183022⋅x₁ - 0.0006562281944537873)⋅(x₂ + 13073.683963101703) +
                                                                              
                                                                              
                                                                              

	      ⎛                           2868.179723316961⋅x₂                          
	   1)⋅⎜-0.4175986891796584⋅x₁ - ─────────────────────── + 0.5824013108203416⋅x₃ 
	      ⎜                           2                                             
	      ⎜                         x₁  + 5456.796152253882                         
	      ⎝                                                                         

	                         0.5601137727710256   0.5331277814694673⋅x₂⋅x₃   0.41759
	  - 1.1559672713755098 - ────────────────── + ──────────────────────── + ───────
	                                   1                     x₁                     
	                              x₁ + ──                                           
	                                   x₃                                           

	  86891796584⎞
	  ───────────⎟
	   x₁        ⎟
	             ⎟
	             ⎠

10 	0   	1024    	1024  	1019         	(-0.6919156545619153,)	7.05636
11 	1   	1024    	781   	675          	(-0.7244153928951576,)	7.05325
12 	2   	1024    	775   	651          	(-0.7402029701623667,)	11.8963
13 	3   	1024    	758   	652          	(-0.7764189544384829,)	10.4438
14 	4   	1024    	766   	651          	(-0.8209768066402692,)	10.9088
15 	5   	1024    	773   	642          	(-0.8798611334529823,)	10.4287
16 	6   	1024    	781   	670          	(-0.8798611334529823,)	9.83076
17 	7   	1024    	767   	633          	(-0.8798611334529823,)	11.9496
18 	8   	1024    	754   	628          	(-0.8844978285644598,)	18.1447
19 	9   	1024    	765   	633          	(-0.999999980363509,) 	26.1155

--------------------------------------------------
GP Time: 124.074

Unique expressions evaluated: 15635
Total expression evaluations: 15857
--------------------------------------------------

GP -> best program this epoch:

	Reward: 0.999999980363509
	Count Off-policy: 1
	Count On-policy: 0
	Originally on Policy: False
	Invalid: False
	Traversal: div,-2.8500001265846624,div,inv,sub,div,x3,div,0.699300611574486,sub,3.306649804422968e-08,inv,x3,sub,x3,add,div,mul,1.4299999344835286,x3,x1,x1,sub,add,x1,x2,-1.8866662983426078e-08
	Expression:
	                                                        ⎛        ⎛              
	  -2.8500001265846624⋅(x₁ + x₂ + 1.8866662983426078e-8)⋅⎜x₁ + x₃⋅⎜4.728509813509
	                                                        ⎝        ⎝              

	           1.43000017939136⎞        1.4299999344835286⋅x₃⎞
	  237e-8 - ────────────────⎟ - x₃ + ─────────────────────⎟
	                  x₃       ⎠                  x₁         ⎠

None

--------------------------------------------------

[00:00:05:23.24] Training epoch 2/14, current best R: 1.0000

	** New best
	Reward: 0.999999980363509
	Count Off-policy: 1
	Count On-policy: 0
	Originally on Policy: False
	Invalid: False
	Traversal: div,-2.8500001265846624,div,inv,sub,div,x3,div,0.699300611574486,sub,3.306649804422968e-08,inv,x3,sub,x3,add,div,mul,1.4299999344835286,x3,x1,x1,sub,add,x1,x2,-1.8866662983426078e-08
	Expression:
	                                                        ⎛        ⎛              
	  -2.8500001265846624⋅(x₁ + x₂ + 1.8866662983426078e-8)⋅⎜x₁ + x₃⋅⎜4.728509813509
	                                                        ⎝        ⎝              

	           1.43000017939136⎞        1.4299999344835286⋅x₃⎞
	  237e-8 - ────────────────⎟ - x₃ + ─────────────────────⎟
	                  x₃       ⎠                  x₁         ⎠

[00:00:05:23.24] Early stopping criteria met; breaking early.
-- RUNNING EPOCHS END ---------------

-- EVALUATION START ----------------
Saving Hall of Fame to ./log/regression_config_regression_GPMELD.json_Livermore2_Vars3_10.in_normal_0.0_2023-05-30-042140/dso_regression_config_regression_GPMELD.json_Livermore2_Vars3_10.in_normal_0.0_0_hof.csv
Saving Pareto Front to ./log/regression_config_regression_GPMELD.json_Livermore2_Vars3_10.in_normal_0.0_2023-05-30-042140/dso_regression_config_regression_GPMELD.json_Livermore2_Vars3_10.in_normal_0.0_0_pf.csv
Invalid expressions: 174 of 17905 (1.0%).
Error type counts:
  reciprocal: 90 (51.7%)
  true_divide: 84 (48.3%)
Error node counts:
  divide: 172 (98.9%)
  invalid: 2 (1.1%)
-- EVALUATION END ------------------
== TRAINING SEED 0 END ==============
INFO: Completed run 1 of 1 in 325 s

== POST-PROCESS START =================
-- LOADING LOGS START ----------------
Successfully loaded summary data
Successfully loaded Hall of Fame data
Successfully loaded Pareto Front data
-- LOADING LOGS END ------------------

-- ANALYZING LOG START --------------
Task_____________regression
Source path______./log/regression_config_regression_GPMELD.json_Livermore2_Vars3_10.in_normal_0.0_2023-05-30-042140
Runs_____________1
Max Samples/run__15000
Success_rate_____1.0
Hall of Fame (Top 5 of 100)____
    0: S=000 R=1.000000 <-- [-2.8500001265846624*(x1 + x2 + 1.8866662983426078e-8)*(x1 + x3*(4.728509813509237e-8 - 1.43000017939136/x3) - x3 + 1.4299999344835286*x3/x1)]
    1: S=000 R=1.000000 <-- [-2.8500001265846624*(x1 + x2 + 1.8866662983426078e-8)*(x1 + x3*(4.728509813509237e-8 - 1.43000017939136/x3) - x3 + 1.4299999344835286*x3/x1)]
    2: S=000 R=0.999998 <-- [-2.8499878905791163*(x1 - 1.4299980496954185)*(x1 + x2 - x3 + 2.0448698913858416e-7/x3**2 - 1.000006429659358*x2*x3/x1)]
    3: S=000 R=0.999998 <-- [-2.8499878905791163*(x1 - 1.4299980496954185)*(x1 + x2 - x3 + 2.0448698913858416e-7/x3**2 - 1.000006429659358*x2*x3/x1)]
    4: S=000 R=0.999504 <-- [2.848434129329049*(x1 + x2 - 0.0003478112156670734)*(-x1 + x3*(0.0002910759201964798*x2 + 1.4272385988808618/x3) + x3 - 1.4309929994672945*x3/x1)]
  Saving Hall of Fame plot to ./log/regression_config_regression_GPMELD.json_Livermore2_Vars3_10.in_normal_0.0_2023-05-30-042140/dso_regression_config_regression_GPMELD.json_Livermore2_Vars3_10.in_normal_0.0_plot_hof.png
Pareto Front (5 of 15)____
    0: S=000 R=1.000000 C=34.00 <-- [-2.8500001265846624*(x1 + x2 + 1.8866662983426078e-8)*(x1 + x3*(4.728509813509237e-8 - 1.43000017939136/x3) - x3 + 1.4299999344835286*x3/x1)]
    1: S=000 R=0.879861 C=33.00 <-- [2.278558435295519*(x1 + x2 + 0.07127028174979547)*(-x1 + x3 - 0.0074367153575299292*x2*x3/x1 - 1.5779815506626385*x3/x1)]
    2: S=000 R=0.879588 C=32.00 <-- [-2.2889022859329096*(x1 + x2 + 0.03209598732546642)*(x1 + 0.0002087236001066366*x2*(-x1 + x3) - x3 + 1.6292197471657397*x3/x1)]
    3: S=000 R=0.879551 C=30.00 <-- [-2.28708278464624*(x1 + x2 + 0.03203473358435325)*(x1 + 5.4095431737889642e-5*x2*x3 - x3 + 1.6305323444587325*x3/x1)]
    4: S=000 R=0.838448 C=28.00 <-- [x2*(-2.8806740794998247*x1**2/(x2 + 1/x1) + 3.2648983560296054*x3 - 4.1490401501161193*x3/x1)]
  Saving Pareto Front plot to ./log/regression_config_regression_GPMELD.json_Livermore2_Vars3_10.in_normal_0.0_2023-05-30-042140/dso_regression_config_regression_GPMELD.json_Livermore2_Vars3_10.in_normal_0.0_plot_pf.png
-- ANALYZING LOG END ----------------
== POST-PROCESS END ===================
