['add', 'X_0', 'log', 'add', 'X_0', 'mul', 0.75, 'pow', 'add', 0.41, 'add', 'X_0', 'X_1', -1]
--------------------
eq_name 	 Livermore2_Vars2_21
num_vars 	 2
vars_range_and_types 	 [{"name": "LogUniform", "range": [0.1, 10], "only_positive": true}, {"name": "LogUniform", "range": [0.1, 10], "only_positive": true}]
function_set 	 ['add', 'sub', 'mul', 'div', 'log', 'const']
eq_expression 	 add,X_0,log,add,X_0,mul,0.75,pow,add,0.41,add,X_0,X_1,-1
expr 	 X_0 + log(X_0 + 0.75/(X_0 + X_1 + 0.41))
--------------------

== EXPERIMENT SETUP START ===========
Task type            : regression
Starting seed        : 0
Runs                 : 1
== EXPERIMENT SETUP END =============

== TRAINING SEED 0 START ============
self.dataX <dso.symbolic_data_generator.DataX object at 0x2ac8944bc240>, self.data_query_oracle: <dso.symbolic_equation_evaluator_public.Equation_evaluator object at 0x2ac87ac7dd68>
generate dataset!
-- BUILDING PRIOR START -------------
WARNING: Skipping invalid 'RelationalConstraint' with arguments {'targets': [], 'effectors': [], 'relationship': None}. Reason: Prior disabled.
WARNING: Skipping invalid 'TrigConstraint' with arguments {}. Reason: There are no target Tokens.
WARNING: Skipping invalid 'UniformArityPrior' with arguments {}. Reason: Prior disabled.
WARNING: Skipping invalid 'LanguageModelPrior' with arguments {'weight': None}. Reason: Prior disabled.
LengthConstraint: Sequences have minimum length 4.
                  Sequences have maximum length 256.
RepeatConstraint: [const] cannot occur more than 10 times.
RelationalConstraint: [inv] cannot be a child of [inv].
ConstConstraint: [const] cannot be the only unique child of [inv, add, sub, mul, div].
NoInputsConstraint: Sequences contain at least one input variable Token.
SoftLengthPrior: No description available.
-- BUILDING PRIOR END ---------------

-- RUNNING EPOCHS START -------------
[00:00:00:11.16] Training epoch 1/14, current best R: 0.9353

	** New best
	Reward: 0.9353254963346025
	Count Off-policy: False
	Count On-policy: True
	Originally on Policy: True
	Invalid: False
	Traversal: inv,mul,inv,add,mul,sub,mul,inv,x1,x2,inv,div,add,0.13312458859807,x1,-1.2444060878842504,-0.023362685624177915,x1,0.772374142208146
	Expression:
	                                    0.030247886804426366              0.03024788
	  1.29470931942529⋅x₁ + ─────────────────────────────────────────── - ──────────
	                        -0.80359619720296317⋅x₁ - 0.106978413151618             

	  6804426366⋅x₂
	  ─────────────
	   x₁          

[00:00:00:22.85] Training epoch 2/14, current best R: 0.9366

	** New best
	Reward: 0.9365833862404235
	Count Off-policy: False
	Count On-policy: True
	Originally on Policy: True
	Invalid: False
	Traversal: div,sub,x1,div,div,div,inv,div,inv,sub,div,inv,add,add,mul,-1.0088191970076434,x1,0.08958109544596002,x1,x1,x2,x2,7.243942291504663,7.2439412596320505,7.243941259622277,0.7733215376631747
	Expression:
	                                                  ⎛                             
	  1.293123172311744⋅x₁ - 0.0034018493124891827⋅x₂⋅⎜-x₂ + ───────────────────────
	                                                  ⎝      x₁⋅(0.08958109544596002

	    1                         ⎞
	  ────────────────────────────⎟
	   - 0.0088191970076434006⋅x₁)⎠

[00:00:00:47.27] Training epoch 4/14, current best R: 0.9562

	** New best
	Reward: 0.9562240525491339
	Count Off-policy: False
	Count On-policy: True
	Originally on Policy: True
	Invalid: False
	Traversal: mul,sub,1.514097934042443,div,add,div,mul,sub,inv,sub,div,x2,sub,-9.44074279207736,x2,x1,0.5569433745244197,x1,3.904198014499176,1.266289813539588,0.6915240456872743,6.034972238413635
	Expression:
	                         ⎛                                   1              ⎞   
	  - 2.235301730700045⋅x₁⋅⎜-0.5569433745244197 + ────────────────────────────⎟ - 
	                         ⎜                                      x₂          ⎟   
	                         ⎜                      -x₁ + ──────────────────────⎟   
	                         ⎝                            -x₂ - 9.44074279207736⎠   

                 
	  1.913448914898961
                 
                 
                 

[00:00:02:07.12] Training epoch 10/14, current best R: 0.9562
[00:00:03:23.16] Training epoch 14/14, current best R: 0.9583

	** New best
	Reward: 0.9582638352833259
	Count Off-policy: False
	Count On-policy: True
	Originally on Policy: True
	Invalid: False
	Traversal: add,div,div,inv,mul,inv,mul,sub,sub,mul,x1,mul,inv,sub,sub,inv,add,x2,3.064340455851616,0.3244342242481415,x1,2.2629127490765844,x1,-0.785185116855712,-0.0056475286936181245,0.16577369598618732,0.16577372110829164,0.1654898663169012,-1.5099159486370144
	Expression:
	                                        2.8101114449195652⋅x₁                   
	  1.2418116633380025⋅x₁ - ───────────────────────────────────────────────── - 2.
	                                                               1                
	                          -x₁ - 0.3244342242481415 + ──────────────────────     
	                                                     x₂ + 3.064340455851616     

              
	  48496798462785
              
              
              

[00:00:03:23.20] Ending training after epoch 14/14, current best R: 0.9583
-- RUNNING EPOCHS END ---------------

-- EVALUATION START ----------------
Saving Hall of Fame to ./log/regression_config_regression_PQT.json_Livermore2_Vars2_21.in_normal_0.0_2023-05-30-032456/dso_regression_config_regression_PQT.json_Livermore2_Vars2_21.in_normal_0.0_0_hof.csv
Saving Pareto Front to ./log/regression_config_regression_PQT.json_Livermore2_Vars2_21.in_normal_0.0_2023-05-30-032456/dso_regression_config_regression_PQT.json_Livermore2_Vars2_21.in_normal_0.0_0_pf.csv
Invalid expressions: 346 of 14336 (2.4%).
Error type counts:
  reciprocal: 215 (62.1%)
  true_divide: 131 (37.9%)
Error node counts:
  divide: 344 (99.4%)
  invalid: 2 (0.6%)

Priority queue entry 0:
	Reward: 0.9582638352833259
	Count Off-policy: False
	Count On-policy: True
	Originally on Policy: True
	Invalid: False
	Traversal: add,div,div,inv,mul,inv,mul,sub,sub,mul,x1,mul,inv,sub,sub,inv,add,x2,3.064340455851616,0.3244342242481415,x1,2.2629127490765844,x1,-0.785185116855712,-0.0056475286936181245,0.16577369598618732,0.16577372110829164,0.1654898663169012,-1.5099159486370144
	Expression:
	                                        2.8101114449195652⋅x₁                   
	  1.2418116633380025⋅x₁ - ───────────────────────────────────────────────── - 2.
	                                                               1                
	                          -x₁ - 0.3244342242481415 + ──────────────────────     
	                                                     x₂ + 3.064340455851616     

              
	  48496798462785
              
              
              


Priority queue entry 1:
	Reward: 0.9562240525491339
	Count Off-policy: False
	Count On-policy: True
	Originally on Policy: True
	Invalid: False
	Traversal: mul,sub,1.514097934042443,div,add,div,mul,sub,inv,sub,div,x2,sub,-9.44074279207736,x2,x1,0.5569433745244197,x1,3.904198014499176,1.266289813539588,0.6915240456872743,6.034972238413635
	Expression:
	                         ⎛                                   1              ⎞   
	  - 2.235301730700045⋅x₁⋅⎜-0.5569433745244197 + ────────────────────────────⎟ - 
	                         ⎜                                      x₂          ⎟   
	                         ⎜                      -x₁ + ──────────────────────⎟   
	                         ⎝                            -x₂ - 9.44074279207736⎠   

                 
	  1.913448914898961
                 
                 
                 


Priority queue entry 2:
	Reward: 0.9489083056038078
	Count Off-policy: False
	Count On-policy: True
	Originally on Policy: True
	Invalid: False
	Traversal: mul,add,div,add,x1,-114.30453859527414,mul,inv,sub,div,sub,add,x2,10.395923740751316,inv,x1,x1,16.57491590440657,4643.720924841979,x1,1.2194364214444957
	Expression:
	                                             ⎛                                  
	                                             ⎜                        0.00021534
	                                             ⎜                                  
	  1.2194364214444957⋅x₁ + 1.2194364214444957⋅⎜-0.003569317832115546 + ──────────
	                                             ⎝                                  

	              ⎛                          1 ⎞⎞                          
	  45515320301⋅⎜x₂ + 10.395923740751316 - ──⎟⎟                          
	              ⎝                          x₁⎠⎟                          
	  ──────────────────────────────────────────⎟⋅(x₁ - 114.30453859527414)
	                 x₁                         ⎠                          


Priority queue entry 3:
	Reward: 0.9452932176971641
	Count Off-policy: False
	Count On-policy: True
	Originally on Policy: True
	Invalid: False
	Traversal: mul,add,div,sub,div,8.315438934199165e-05,div,mul,1.030191120644033,div,sub,inv,add,x2,add,71.07510647365955,x1,0.014264236703869265,0.56104974009045,x2,-0.046284701928100955,x1,x1,1.290541237369282
	Expression:
	                                           ⎛              8.315438934199165e-5⋅x
	                         1.290541237369282⋅⎜────────────────────────────────────
	                                           ⎜                             1.83618
	                                           ⎜-0.026191777564537822 + ────────────
	                                           ⎝                        x₁ + x₂ + 71
	  1.290541237369282⋅x₁ + ───────────────────────────────────────────────────────
	                                                                       x₁       

	  ₂                                     ⎞
	  ─────────────── + 0.046284701928100955⎟
	  5006480798                            ⎟
	  ───────────────                       ⎟
	  .07510647365955                       ⎠
	  ───────────────────────────────────────
                                       


Priority queue entry 4:
	Reward: 0.9421202021088722
	Count Off-policy: False
	Count On-policy: True
	Originally on Policy: True
	Invalid: False
	Traversal: div,div,mul,sub,mul,x2,mul,inv,mul,x1,2.3329887591221885,inv,div,add,3.8395724218921736,x2,0.6179110827937366,x1,-18.189619837505127,3.7485523016986364,3.748552301698183
	Expression:
	                                      0.55486052275560616⋅x₂           
	  1.2944833624694904⋅x₁ - ─────────────────────────────────────────────
	                          x₁⋅(1.618355824722774⋅x₂ + 6.213794393414128)


Priority queue entry 5:
	Reward: 0.9392351275491736
	Count Off-policy: False
	Count On-policy: True
	Originally on Policy: True
	Invalid: False
	Traversal: sub,x2,mul,add,mul,mul,x1,add,div,div,0.6248688495111296,mul,div,add,x1,0.2291637457258274,x2,x1,1.6076410524915585,-4.616677517671949,0.29289234421905963,x2,0.9459482676222046
	Expression:
	                           ⎛                        0.38868679581346452⋅x₂   ⎞  
	  - 0.27706100561382589⋅x₁⋅⎜-4.616677517671949 + ────────────────────────────⎟ +
	                           ⎝                     x₁⋅(x₁ + 0.2291637457258274)⎠  

                      
	   0.0540517323777954⋅x₂
                      


Priority queue entry 6:
	Reward: 0.9373562398047846
	Count Off-policy: False
	Count On-policy: True
	Originally on Policy: True
	Invalid: False
	Traversal: div,add,add,inv,div,x1,add,mul,-0.021705153401158455,mul,x2,add,div,-0.11696069347880914,x1,2.10115281380142,x1,-0.9506271837611845,x1,0.7791714551873576
	Expression:
	                                                               ⎛                
	                                             1.283414572418522⋅⎜x₁ - 0.021705153
	                                                               ⎝                
	  1.283414572418522⋅x₁ - 1.220048780576284 + ───────────────────────────────────
                                                                              

	               ⎛                   0.11696069347880914⎞⎞
	  401158455⋅x₂⋅⎜2.10115281380142 - ───────────────────⎟⎟
	               ⎝                            x₁        ⎠⎠
	  ──────────────────────────────────────────────────────
	           x₁                                           


Priority queue entry 7:
	Reward: 0.9373408530477219
	Count Off-policy: False
	Count On-policy: True
	Originally on Policy: True
	Invalid: False
	Traversal: mul,sub,div,mul,sub,mul,div,add,inv,x1,add,mul,mul,div,-0.835845304458717,x1,x2,-0.8358453044588442,-3.131649004585207,2.149392290651281,0.07104866438483814,x1,-1.3194008064075684,x1,0.050562917776511805,x1
	Expression:
	     ⎛                                                                      0.03
	     ⎜                        1.3194008064075684⋅x₁ + 0.13658092728064229 - ────
	     ⎜                                                                          
	  x₁⋅⎜-0.050562917776511805 + ──────────────────────────────────────────────────
	     ⎝                                                                     x₁   

	  0469742967874525⋅x₂   0.043613101941075512⎞
	  ─────────────────── - ────────────────────⎟
	         x₁                      x₁         ⎟
	  ──────────────────────────────────────────⎟
	                                            ⎠


Priority queue entry 8:
	Reward: 0.9365833862404235
	Count Off-policy: False
	Count On-policy: True
	Originally on Policy: True
	Invalid: False
	Traversal: div,sub,x1,div,div,div,inv,div,inv,sub,div,inv,add,add,mul,-1.0088191970076434,x1,0.08958109544596002,x1,x1,x2,x2,7.243942291504663,7.2439412596320505,7.243941259622277,0.7733215376631747
	Expression:
	                                                  ⎛                             
	  1.293123172311744⋅x₁ - 0.0034018493124891827⋅x₂⋅⎜-x₂ + ───────────────────────
	                                                  ⎝      x₁⋅(0.08958109544596002

	    1                         ⎞
	  ────────────────────────────⎟
	   - 0.0088191970076434006⋅x₁)⎠


Priority queue entry 9:
	Reward: 0.9356967415472954
	Count Off-policy: False
	Count On-policy: True
	Originally on Policy: True
	Invalid: False
	Traversal: div,div,1.8772882184082107,add,inv,sub,add,mul,-0.025834368537974307,sub,add,0.950359743841783,add,add,x1,x2,x2,1.0496403581866411,x1,0.1955749617624626,0.04212499275450695,1.0619059750903517
	Expression:
	                                       1.7678478720759459                       
	  ──────────────────────────────────────────────────────────────────────────────
	                                                          1                     
	  0.04212499275450695 + ────────────────────────────────────────────────────────
	                        0.97416563146202569⋅x₁ - 0.051668737075948614⋅x₂ - 0.193

              
	  ──────────────
              
	  ──────────────
	  01010978280104

-- EVALUATION END ------------------
== TRAINING SEED 0 END ==============
INFO: Completed run 1 of 1 in 205 s

== POST-PROCESS START =================
-- LOADING LOGS START ----------------
Successfully loaded summary data
Successfully loaded Hall of Fame data
Successfully loaded Pareto Front data
-- LOADING LOGS END ------------------

-- ANALYZING LOG START --------------
Task_____________regression
Source path______./log/regression_config_regression_PQT.json_Livermore2_Vars2_21.in_normal_0.0_2023-05-30-032456
Runs_____________1
Max Samples/run__15000
Success_rate_____0.0
Hall of Fame (Top 5 of 100)____
    0: S=000 R=0.958264 <-- [1.2418116633380025*x1 - 2.8101114449195652*x1/(-x1 - 0.3244342242481415 + 1/(x2 + 3.064340455851616)) - 2.48496798462785]
    1: S=000 R=0.956224 <-- [-2.235301730700045*x1*(-0.5569433745244197 + 1/(-x1 + x2/(-x2 - 9.44074279207736))) - 1.913448914898961]
    2: S=000 R=0.948908 <-- [1.2194364214444957*x1 + 1.2194364214444957*(-0.003569317832115546 + 0.0002153445515320301*(x2 + 10.395923740751316 - 1/x1)/x1)*(x1 - 114.30453859527414)]
    3: S=000 R=0.947413 <-- [1.293457280482142*x1 - 1.293457280482142/(138.69445536408136 - 1/(x1*(8.59011199766214e-6 + (x1*(-0.99894160408172 + 0.0024926924622146753/x2) + x1)/x2) + 0.007253819662101886))]
    4: S=000 R=0.945899 <-- [1.2897413198784466*x1 - 0.64487065993922329*x2*(0.449793207101383 - 1/(0.1847654453122568*x1 + 0.8972931663523385 + 1.3456295552846386/x1))]
  Saving Hall of Fame plot to ./log/regression_config_regression_PQT.json_Livermore2_Vars2_21.in_normal_0.0_2023-05-30-032456/dso_regression_config_regression_PQT.json_Livermore2_Vars2_21.in_normal_0.0_plot_hof.png
Pareto Front (5 of 12)____
    0: S=000 R=0.958264 C=35.00 <-- [1.2418116633380025*x1 - 2.8101114449195652*x1/(-x1 - 0.3244342242481415 + 1/(x2 + 3.064340455851616)) - 2.48496798462785]
    1: S=000 R=0.956224 C=26.00 <-- [-2.235301730700045*x1*(-0.5569433745244197 + 1/(-x1 + x2/(-x2 - 9.44074279207736))) - 1.913448914898961]
    2: S=000 R=0.948908 C=25.00 <-- [1.2194364214444957*x1 + 1.2194364214444957*(-0.003569317832115546 + 0.0002153445515320301*(x2 + 10.395923740751316 - 1/x1)/x1)*(x1 - 114.30453859527414)]
    3: S=000 R=0.942172 C=23.00 <-- [1.294203741946042*x1 - 0.004609660764610188*x2*(14.185430623456018 - x2)/x1]
    4: S=000 R=0.936544 C=21.00 <-- [-(-37.348299920147674 + 0.5564661782182955/x2)*(x1 - 5.067087358364275)/(x1 + 24.799795136189893) + 6.846049577495184]
  Saving Pareto Front plot to ./log/regression_config_regression_PQT.json_Livermore2_Vars2_21.in_normal_0.0_2023-05-30-032456/dso_regression_config_regression_PQT.json_Livermore2_Vars2_21.in_normal_0.0_plot_pf.png
-- ANALYZING LOG END ----------------
== POST-PROCESS END ===================
