['add', 'mul', 0.5, 'exp', 'X_0', 'mul', 0.5, 'exp', 'mul', -1, 'X_0']
--------------------
eq_name 	 Livermore_8a
num_vars 	 1
vars_range_and_types 	 [{"name": "LogUniform", "range": [0.1, 10], "only_positive": true}]
function_set 	 ['add', 'sub', 'mul', 'div', 'exp', 'const']
eq_expression 	 add,mul,0.5,exp,X_0,mul,0.5,exp,mul,-1,X_0
expr 	 exp(X_0)/2 + exp(-X_0)/2
--------------------

== EXPERIMENT SETUP START ===========
Task type            : regression
Starting seed        : 0
Runs                 : 1
== EXPERIMENT SETUP END =============

== TRAINING SEED 0 START ============
self.dataX <dso.symbolic_data_generator.DataX object at 0x2b5a3b784128>, self.data_query_oracle: <dso.symbolic_equation_evaluator_public.Equation_evaluator object at 0x2b5a5a826da0>
generate dataset!
-- BUILDING PRIOR START -------------
WARNING: Skipping invalid 'RelationalConstraint' with arguments {'targets': [], 'effectors': [], 'relationship': None}. Reason: Prior disabled.
WARNING: Skipping invalid 'TrigConstraint' with arguments {}. Reason: There are no target Tokens.
WARNING: Skipping invalid 'UniformArityPrior' with arguments {}. Reason: Prior disabled.
WARNING: Skipping invalid 'LanguageModelPrior' with arguments {'weight': None}. Reason: Prior disabled.
LengthConstraint: Sequences have minimum length 4.
                  Sequences have maximum length 256.
RepeatConstraint: [const] cannot occur more than 10 times.
RelationalConstraint: [inv] cannot be a child of [inv].
ConstConstraint: [const] cannot be the only unique child of [inv, add, sub, mul, div].
NoInputsConstraint: Sequences contain at least one input variable Token.
SoftLengthPrior: No description available.
-- BUILDING PRIOR END ---------------

-- RUNNING EPOCHS START -------------
[00:00:00:18.00] Training epoch 1/14, current best R: 0.9740

	** New best
	Reward: 0.9739670536164018
	Count Off-policy: False
	Count On-policy: True
	Originally on Policy: True
	Invalid: False
	Traversal: div,1.616109462946267,add,inv,div,x1,add,div,x1,sub,div,0.8315345707187344,x1,-2.0149856191489364,inv,x1,-0.48646239921619
	Expression:
	                         1.616109462946267                        
	  ────────────────────────────────────────────────────────────────
	                                         x₁                     1 
	                      ─────────────────────────────────────── + ──
	                                           0.8315345707187344   x₁
	                      2.0149856191489364 + ──────────────────     
	                                                   x₁             
	  -0.48646239921619 + ────────────────────────────────────────────
	                                           x₁                     

[00:00:00:35.97] Training epoch 2/14, current best R: 0.9877

	** New best
	Reward: 0.9877185359128875
	Count Off-policy: False
	Count On-policy: True
	Originally on Policy: True
	Invalid: False
	Traversal: mul,mul,x1,mul,div,div,inv,sub,inv,x1,sub,mul,sub,-0.18514451765932524,x1,-0.9914316765720022,x1,-0.7147534550661063,-0.7167534917598148,0.11860655042851394,x1
	Expression:
	                                     2              
	               0.23151684436669299⋅x₁               
	  ──────────────────────────────────────────────────
	                                                  1 
	  0.008568323427997807⋅x₁ - 0.18355813955109949 + ──
	                                                  x₁

[00:00:00:54.67] Training epoch 3/14, current best R: 0.9960

	** New best
	Reward: 0.9959913200569004
	Count Off-policy: False
	Count On-policy: True
	Originally on Policy: True
	Invalid: False
	Traversal: div,x1,div,mul,mul,add,sub,add,0.026352792791895077,div,div,mul,-0.9149369532548542,add,-2.341131124527073,div,13.373552770404515,x1,-0.5086801347599278,x1,-0.13589976746750745,0.02635279294486089,1.0640763350661944,1.0640763349215183,x1
	Expression:
	                                           2                                    
	                                         x₁                                     
	  ──────────────────────────────────────────────────────────────────────────────
	                                           ⎛                     24.054325675056
	                        1.1322584466939576⋅⎜-4.210872868577469 + ───────────────
	                                           ⎝                             x₁     
	  0.21355000425722454 + ────────────────────────────────────────────────────────
	                                                     x₁                         

    
    
	  ────
	  481⎞
	  ───⎟
	     ⎠
	  ────
    

[00:00:03:18.62] Training epoch 10/14, current best R: 0.9960
[00:00:04:30.79] Training epoch 13/14, current best R: 0.9965

	** New best
	Reward: 0.9965173578046413
	Count Off-policy: False
	Count On-policy: True
	Originally on Policy: True
	Invalid: False
	Traversal: add,1.362335859806695,inv,div,inv,x1,div,inv,div,add,div,add,mul,div,2.959334164469486,div,x1,2.95882961925056,2.960800083557271,-4.517103500514069,x1,0.20131564254259401,x1,1.0298688373321188
	Expression:
	                                          2                                     
	                    0.97099743554772062⋅x₁                                      
	  ──────────────────────────────────────────────────────────── + 1.3623358598066
	                                             25.92525577821815                  
	                        -4.517103500514069 + ─────────────────                  
	                                                     x₁                         
	  0.20131564254259401 + ──────────────────────────────────────                  
	                                          x₁                                    

  
  
	  95
  
  
  
  
  

[00:00:04:59.73] Ending training after epoch 14/14, current best R: 0.9965
-- RUNNING EPOCHS END ---------------

-- EVALUATION START ----------------
Saving Hall of Fame to ./log/regression_config_regression_DSR.json_Livermore_8a.in_normal_0.0_2023-05-30-040045/dso_regression_config_regression_DSR.json_Livermore_8a.in_normal_0.0_0_hof.csv
Saving Pareto Front to ./log/regression_config_regression_DSR.json_Livermore_8a.in_normal_0.0_2023-05-30-040045/dso_regression_config_regression_DSR.json_Livermore_8a.in_normal_0.0_0_pf.csv
Invalid expressions: 462 of 14336 (3.2%).
Error type counts:
  reciprocal: 314 (68.0%)
  true_divide: 148 (32.0%)
Error node counts:
  divide: 459 (99.4%)
  invalid: 3 (0.6%)
-- EVALUATION END ------------------
== TRAINING SEED 0 END ==============
INFO: Completed run 1 of 1 in 301 s

== POST-PROCESS START =================
-- LOADING LOGS START ----------------
Successfully loaded summary data
Successfully loaded Hall of Fame data
Successfully loaded Pareto Front data
-- LOADING LOGS END ------------------

-- ANALYZING LOG START --------------
Task_____________regression
Source path______./log/regression_config_regression_DSR.json_Livermore_8a.in_normal_0.0_2023-05-30-040045
Runs_____________1
Max Samples/run__15000
Success_rate_____0.0
Hall of Fame (Top 5 of 100)____
    0: S=000 R=0.996517 <-- [0.97099743554772062*x1**2/(0.20131564254259401 + (-4.517103500514069 + 25.92525577821815/x1)/x1) + 1.362335859806695]
    1: S=000 R=0.995991 <-- [x1**2/(0.21355000425722454 + 1.1322584466939576*(-4.210872868577469 + 24.054325675056481/x1)/x1)]
    2: S=000 R=0.993707 <-- [1/(0.00057996713371991636 + 0.306645120718687/(x1**2*(x1/(8.145611523277458 - x1) - 0.9819796237379287) + x1))]
    3: S=000 R=0.990491 <-- [9.888477080920331/(0.0079188355609008372 + 0.75093064224929761*(-2.4035934095262146 + 146.99581041777287/x1**2)/x1**2)]
    4: S=000 R=0.990352 <-- [x1*(8.8082710833614565*x1/(x1 - 6.488480252475377 + (35.617343677512935 - 0.6992805163658302*x1**2)/x1) - 4.938194794934768)]
  Saving Hall of Fame plot to ./log/regression_config_regression_DSR.json_Livermore_8a.in_normal_0.0_2023-05-30-040045/dso_regression_config_regression_DSR.json_Livermore_8a.in_normal_0.0_plot_hof.png
Pareto Front (5 of 13)____
    0: S=000 R=0.996517 C=33.00 <-- [0.97099743554772062*x1**2/(0.20131564254259401 + (-4.517103500514069 + 25.92525577821815/x1)/x1) + 1.362335859806695]
    1: S=000 R=0.995991 C=30.00 <-- [x1**2/(0.21355000425722454 + 1.1322584466939576*(-4.210872868577469 + 24.054325675056481/x1)/x1)]
    2: S=000 R=0.993707 C=27.00 <-- [1/(0.00057996713371991636 + 0.306645120718687/(x1**2*(x1/(8.145611523277458 - x1) - 0.9819796237379287) + x1))]
    3: S=000 R=0.990352 C=25.00 <-- [x1*(8.8082710833614565*x1/(x1 - 6.488480252475377 + (35.617343677512935 - 0.6992805163658302*x1**2)/x1) - 4.938194794934768)]
    4: S=000 R=0.988178 C=23.00 <-- [35.965950311444026*x1/(0.08529771859936102*x1 - x1/(3.9965858005913155 - x1) - 2.4855957119138764) + 12.079798968033343]
  Saving Pareto Front plot to ./log/regression_config_regression_DSR.json_Livermore_8a.in_normal_0.0_2023-05-30-040045/dso_regression_config_regression_DSR.json_Livermore_8a.in_normal_0.0_plot_pf.png
-- ANALYZING LOG END ----------------
== POST-PROCESS END ===================
