['add', 'X_0', 'add', 'X_4', 'mul', 0.21, 'pow', 'mul', 'X_0', 'mul', 'pow', 'X_1', -2, 'mul', 'pow', 'X_2', -2, 'mul', 'pow', 'X_5', -0.5, 'pow', 'add', 'X_2', 'add', 'pow', 'X_2', 0.5, 'add', 'mul', 2, 'X_5', 'mul', 'pow', 'X_4', -1, 'add', 'X_1', 'add', 'X_3', 'X_4', -1, 0.5]
--------------------
eq_name 	 Livermore2_Vars6_13
num_vars 	 6
vars_range_and_types 	 [{"name": "LogUniform", "range": [0.1, 10], "only_positive": true}, {"name": "LogUniform", "range": [0.1, 10], "only_positive": true}, {"name": "LogUniform", "range": [0.1, 10], "only_positive": true}, {"name": "LogUniform", "range": [0.1, 10], "only_positive": true}, {"name": "LogUniform", "range": [0.1, 10], "only_positive": true}, {"name": "LogUniform", "range": [0.1, 10], "only_positive": true}]
function_set 	 ['add', 'sub', 'mul', 'div', 'sqrt', 'n2', 'const']
eq_expression 	 add,X_0,add,X_4,mul,0.21,pow,mul,X_0,mul,pow,X_1,-2,mul,pow,X_2,-2,mul,pow,X_5,-0.5,pow,add,X_2,add,pow,X_2,0.5,add,mul,2,X_5,mul,pow,X_4,-1,add,X_1,add,X_3,X_4,-1,0.5
expr 	 X_0 + X_4 + 0.21*sqrt(X_0/(X_1**2*X_2**2*sqrt(X_5)*(sqrt(X_2) + X_2 + 2*X_5 + (X_1 + X_3 + X_4)/X_4)))
--------------------

== EXPERIMENT SETUP START ===========
Task type            : regression
Starting seed        : 0
Runs                 : 1
== EXPERIMENT SETUP END =============

== TRAINING SEED 0 START ============
self.dataX <dso.symbolic_data_generator.DataX object at 0x2b61ad45a1d0>, self.data_query_oracle: <dso.symbolic_equation_evaluator_public.Equation_evaluator object at 0x2b6193cb8cf8>
generate dataset!
-- BUILDING PRIOR START -------------
WARNING: Skipping invalid 'RelationalConstraint' with arguments {'targets': [], 'effectors': [], 'relationship': None}. Reason: Prior disabled.
WARNING: Skipping invalid 'TrigConstraint' with arguments {}. Reason: There are no target Tokens.
WARNING: Skipping invalid 'UniformArityPrior' with arguments {}. Reason: Prior disabled.
WARNING: Skipping invalid 'LanguageModelPrior' with arguments {'weight': None}. Reason: Prior disabled.
LengthConstraint: Sequences have minimum length 4.
                  Sequences have maximum length 256.
RepeatConstraint: [const] cannot occur more than 10 times.
RelationalConstraint: [inv] cannot be a child of [inv].
ConstConstraint: [const] cannot be the only unique child of [inv, add, sub, mul, div].
NoInputsConstraint: Sequences contain at least one input variable Token.
SoftLengthPrior: No description available.
-- BUILDING PRIOR END ---------------

-- RUNNING EPOCHS START -------------
gen	iter	pop_size	nevals	uncached_size	best_val              	timer  
0  	0   	1024    	1024  	1024         	(-0.5763496564022726,)	2.85818
1  	1   	1024    	799   	713          	(-0.7089829941594644,)	1.70613
2  	2   	1024    	791   	683          	(-0.7089829941594644,)	2.31356
3  	3   	1024    	769   	661          	(-0.7206860807591355,)	3.08047
4  	4   	1024    	774   	624          	(-0.7251343973467129,)	3.34205
5  	5   	1024    	793   	605          	(-0.7265832266428911,)	3.93845
6  	6   	1024    	772   	568          	(-0.7413404296099527,)	5.37783
7  	7   	1024    	749   	587          	(-0.7593667370030758,)	11.0012
8  	8   	1024    	770   	630          	(-0.7696708498350163,)	17.3876
9  	9   	1024    	760   	653          	(-0.8323251448306906,)	24.6379

--------------------------------------------------
GP Time: 75.8828

Unique expressions evaluated: 7693
Total expression evaluations: 8001
--------------------------------------------------

GP -> best program this epoch:

	Reward: 0.8323251448306906
	Count Off-policy: 1
	Count On-policy: 0
	Originally on Policy: False
	Invalid: False
	Traversal: sub,x1,mul,sub,mul,mul,-0.03790124440427212,sub,add,div,mul,add,x2,sub,x1,add,0.46279744480200874,sub,0.46279744480199997,add,div,x5,x1,div,sub,x1,sub,-14.521080583890154,add,x6,div,x1,x3,x3,-9.240499393790058,add,x2,x6,x5,x1,-0.03790124440401485,x5,1.0030249040937824
	Expression:
	                                                                        ⎛       
	                                                                        ⎜       
	                                                                        ⎜       
	                                                  0.0014408496152032536⋅⎜-9.2404
	                                                                        ⎝       
	  1.0014408496152033⋅x₁ + 1.0015840544785792⋅x₅ - ──────────────────────────────
                                                                              

                                                                              
	                                                               9.240499393790058
                                                                              
	  99393790058⋅x₁ - 9.240499393790058⋅x₂ + 8.5529590162810181 - ─────────────────
                                                                              
	  ──────────────────────────────────────────────────────────────────────────────
	                                                    x₂ + x₆                     

	   ⎛     x₁                          ⎞                       ⎞
	  ⋅⎜x₁ + ── + x₆ + 14.521080583890154⎟                       ⎟
	   ⎝     x₃                          ⎠   9.240499393790058⋅x₅⎟
	  ──────────────────────────────────── - ────────────────────⎟
	           x₃                                     x₁         ⎠
	  ────────────────────────────────────────────────────────────
                                                            

None

--------------------------------------------------

[00:00:01:20.82] Training epoch 1/14, current best R: 0.8323

	** New best
	Reward: 0.8323251448306906
	Count Off-policy: 1
	Count On-policy: 0
	Originally on Policy: False
	Invalid: False
	Traversal: sub,x1,mul,sub,mul,mul,-0.03790124440427212,sub,add,div,mul,add,x2,sub,x1,add,0.46279744480200874,sub,0.46279744480199997,add,div,x5,x1,div,sub,x1,sub,-14.521080583890154,add,x6,div,x1,x3,x3,-9.240499393790058,add,x2,x6,x5,x1,-0.03790124440401485,x5,1.0030249040937824
	Expression:
	                                                                        ⎛       
	                                                                        ⎜       
	                                                                        ⎜       
	                                                  0.0014408496152032536⋅⎜-9.2404
	                                                                        ⎝       
	  1.0014408496152033⋅x₁ + 1.0015840544785792⋅x₅ - ──────────────────────────────
                                                                              

                                                                              
	                                                               9.240499393790058
                                                                              
	  99393790058⋅x₁ - 9.240499393790058⋅x₂ + 8.5529590162810181 - ─────────────────
                                                                              
	  ──────────────────────────────────────────────────────────────────────────────
	                                                    x₂ + x₆                     

	   ⎛     x₁                          ⎞                       ⎞
	  ⋅⎜x₁ + ── + x₆ + 14.521080583890154⎟                       ⎟
	   ⎝     x₃                          ⎠   9.240499393790058⋅x₅⎟
	  ──────────────────────────────────── - ────────────────────⎟
	           x₃                                     x₁         ⎠
	  ────────────────────────────────────────────────────────────
                                                            

10 	0   	1024    	1024  	1023         	(-0.5700864902059526,)	1.60955
11 	1   	1024    	771   	675          	(-0.6260493213334237,)	2.02662
12 	2   	1024    	784   	657          	(-0.7255440955376129,)	4.08569
13 	3   	1024    	770   	633          	(-0.7255440955376129,)	4.03563
14 	4   	1024    	768   	613          	(-0.7518431651352551,)	5.50705
15 	5   	1024    	762   	599          	(-0.7991605880202596,)	6.31613
16 	6   	1024    	772   	583          	(-0.7991605880202596,)	5.14192
17 	7   	1024    	767   	577          	(-0.7992208083118143,)	6.03109
18 	8   	1024    	770   	637          	(-0.8181439135427317,)	8.30427
19 	9   	1024    	772   	646          	(-0.8181439135427317,)	12.914 

--------------------------------------------------
GP Time: 56.2145

Unique expressions evaluated: 15269
Total expression evaluations: 15961
--------------------------------------------------

GP -> best program this epoch:

	Reward: 0.8181439135427317
	Count Off-policy: 1
	Count On-policy: 0
	Originally on Policy: False
	Invalid: False
	Traversal: add,x5,mul,x1,sub,div,mul,-0.006719336082996067,sub,add,div,div,mul,4.573248475807008,add,sub,-8.535279545384254,x5,x2,x2,x3,add,x5,div,x5,x2,mul,sub,x1,7.62124738656975,add,x5,x5,add,add,x1,x2,add,x3,1.9404762936276216,-1.0085228854151893
	Expression:
	     ⎛                                                                          
	     ⎜                     0.01343867216599213⋅x₅⋅(x₁ - 7.62124738656975) - 0.00
	     ⎜                                                                          
	  x₁⋅⎜1.0085228854151893 + ─────────────────────────────────────────────────────
	     ⎝                                                                          

	                        0.006719336082996067⋅x₅   0.006719336082996067⋅(4.573248
	  6719336082996067⋅x₅ - ─────────────────────── - ──────────────────────────────
	                                   x₂                                           
	  ──────────────────────────────────────────────────────────────────────────────
	                          x₁ + x₂ + x₃ + 1.9404762936276216                     

	  475807008⋅x₂ - 4.573248475807008⋅x₅ - 39.03395417151527)⎞     
	  ────────────────────────────────────────────────────────⎟     
	            x₂⋅x₃                                         ⎟     
	  ────────────────────────────────────────────────────────⎟ + x₅
	                                                          ⎠     

None

--------------------------------------------------

-- RUNNING EPOCHS END ---------------

-- EVALUATION START ----------------
Saving Hall of Fame to ./log/regression_config_regression_GPMELD.json_Livermore2_Vars6_13.in_normal_0.0_2023-05-30-032149/dso_regression_config_regression_GPMELD.json_Livermore2_Vars6_13.in_normal_0.0_0_hof.csv
Saving Pareto Front to ./log/regression_config_regression_GPMELD.json_Livermore2_Vars6_13.in_normal_0.0_2023-05-30-032149/dso_regression_config_regression_GPMELD.json_Livermore2_Vars6_13.in_normal_0.0_0_pf.csv
Invalid expressions: 90 of 18009 (0.5%).
Error type counts:
  reciprocal: 43 (47.8%)
  true_divide: 47 (52.2%)
Error node counts:
  divide: 90 (100.0%)
-- EVALUATION END ------------------
== TRAINING SEED 0 END ==============
INFO: Completed run 1 of 1 in 142 s

== POST-PROCESS START =================
-- LOADING LOGS START ----------------
Successfully loaded summary data
Successfully loaded Hall of Fame data
Successfully loaded Pareto Front data
-- LOADING LOGS END ------------------

-- ANALYZING LOG START --------------
Task_____________regression
Source path______./log/regression_config_regression_GPMELD.json_Livermore2_Vars6_13.in_normal_0.0_2023-05-30-032149
Runs_____________1
Max Samples/run__15000
Success_rate_____0.0
Hall of Fame (Top 5 of 100)____
    0: S=000 R=0.832325 <-- [1.0014408496152033*x1 + 1.0015840544785792*x5 - 0.0014408496152032536*(-9.240499393790058*x1 - 9.240499393790058*x2 + 8.5529590162810181 - 9.240499393790058*(x1 + x1/x3 + x6 + 14.521080583890154)/x3 - 9.240499393790058*x5/x1)/(x2 + x6)]
    1: S=000 R=0.832325 <-- [1.0014408496152033*x1 + 1.0015840544785792*x5 - 0.0014408496152032536*(-9.240499393790058*x1 - 9.240499393790058*x2 + 8.5529590162810181 - 9.240499393790058*(x1 + x1/x3 + x6 + 14.521080583890154)/x3 - 9.240499393790058*x5/x1)/(x2 + x6)]
    2: S=000 R=0.818144 <-- [x1*(1.0085228854151893 + (0.01343867216599213*x5*(x1 - 7.62124738656975) - 0.006719336082996067*x5 - 0.006719336082996067*x5/x2 - 0.006719336082996067*(4.573248475807008*x2 - 4.573248475807008*x5 - 39.03395417151527)/(x2*x3))/(x1 + x2 + x3 + 1.9404762936276216)) + x5]
    3: S=000 R=0.818144 <-- [x1*(1.0085228854151893 + (0.01343867216599213*x5*(x1 - 7.62124738656975) - 0.006719336082996067*x5 - 0.006719336082996067*x5/x2 - 0.006719336082996067*(4.573248475807008*x2 - 4.573248475807008*x5 - 39.03395417151527)/(x2*x3))/(x1 + x2 + x3 + 1.9404762936276216)) + x5]
    4: S=000 R=0.811065 <-- [x1*(0.9643045568827482 + (-0.004424694585917247*x1*(x1 - 1.4694445748917613) + 0.004424694585917247*x5 + 0.48574154665431851 + 0.004424694585917247*x5/x2)/(x2 + 2*x3 - 0.22648351784687144)) + x5]
  Saving Hall of Fame plot to ./log/regression_config_regression_GPMELD.json_Livermore2_Vars6_13.in_normal_0.0_2023-05-30-032149/dso_regression_config_regression_GPMELD.json_Livermore2_Vars6_13.in_normal_0.0_plot_hof.png
Pareto Front (5 of 14)____
    0: S=000 R=0.832325 C=47.00 <-- [1.0014408496152033*x1 + 1.0015840544785792*x5 - 0.0014408496152032536*(-9.240499393790058*x1 - 9.240499393790058*x2 + 8.5529590162810181 - 9.240499393790058*(x1 + x1/x3 + x6 + 14.521080583890154)/x3 - 9.240499393790058*x5/x1)/(x2 + x6)]
    1: S=000 R=0.818144 C=45.00 <-- [x1*(1.0085228854151893 + (0.01343867216599213*x5*(x1 - 7.62124738656975) - 0.006719336082996067*x5 - 0.006719336082996067*x5/x2 - 0.006719336082996067*(4.573248475807008*x2 - 4.573248475807008*x5 - 39.03395417151527)/(x2*x3))/(x1 + x2 + x3 + 1.9404762936276216)) + x5]
    2: S=000 R=0.811065 C=33.00 <-- [x1*(0.9643045568827482 + (-0.004424694585917247*x1*(x1 - 1.4694445748917613) + 0.004424694585917247*x5 + 0.48574154665431851 + 0.004424694585917247*x5/x2)/(x2 + 2*x3 - 0.22648351784687144)) + x5]
    3: S=000 R=0.806006 C=25.00 <-- [x5 + (-0.9195388545276464 + (-0.003223028682912359*x5 - 0.03033372903538637)/(x2*x3))*(-x1 - 0.347869133401466)]
    4: S=000 R=0.800182 C=19.00 <-- [x1 + x5 + (-0.018356064809809634 + (0.006245836322685141*x1*x5 + 0.094257682491684337)/x2)/x3]
  Saving Pareto Front plot to ./log/regression_config_regression_GPMELD.json_Livermore2_Vars6_13.in_normal_0.0_2023-05-30-032149/dso_regression_config_regression_GPMELD.json_Livermore2_Vars6_13.in_normal_0.0_plot_pf.png
-- ANALYZING LOG END ----------------
== POST-PROCESS END ===================
