['pow', 'X_0', 0.333333333333333]
--------------------
eq_name 	 Livermore_13
num_vars 	 1
vars_range_and_types 	 [{"name": "LogUniform", "range": [0.1, 10], "only_positive": true}]
function_set 	 ['add', 'sub', 'mul', 'div', 'sin', 'cos', 'exp', 'log', 'const']
eq_expression 	 pow,X_0,0.333333333333333
expr 	 X_0**0.333333333333333
--------------------

== EXPERIMENT SETUP START ===========
Task type            : regression
Starting seed        : 0
Runs                 : 1
== EXPERIMENT SETUP END =============

== TRAINING SEED 0 START ============
self.dataX <dso.symbolic_data_generator.DataX object at 0x2ac2542c3278>, self.data_query_oracle: <dso.symbolic_equation_evaluator_public.Equation_evaluator object at 0x2ac273365da0>
generate dataset!
-- BUILDING PRIOR START -------------
WARNING: Skipping invalid 'RelationalConstraint' with arguments {'targets': [], 'effectors': [], 'relationship': None}. Reason: Prior disabled.
WARNING: Skipping invalid 'TrigConstraint' with arguments {}. Reason: There are no target Tokens.
WARNING: Skipping invalid 'UniformArityPrior' with arguments {}. Reason: Prior disabled.
WARNING: Skipping invalid 'LanguageModelPrior' with arguments {'weight': None}. Reason: Prior disabled.
LengthConstraint: Sequences have minimum length 4.
                  Sequences have maximum length 256.
RepeatConstraint: [const] cannot occur more than 10 times.
RelationalConstraint: [inv] cannot be a child of [inv].
ConstConstraint: [const] cannot be the only unique child of [inv, add, sub, mul, div].
NoInputsConstraint: Sequences contain at least one input variable Token.
SoftLengthPrior: No description available.
-- BUILDING PRIOR END ---------------

-- RUNNING EPOCHS START -------------
gen	iter	pop_size	nevals	uncached_size	best_val              	timer  
0  	0   	1024    	1024  	1024         	(-0.9985282679945888,)	27.8437
1  	1   	1024    	777   	610          	(-0.9985282679945888,)	23.4916
2  	2   	1024    	780   	562          	(-0.9988384761211387,)	38.6385
3  	3   	1024    	783   	539          	(-0.9988384761211387,)	34.1068
4  	4   	1024    	754   	489          	(-0.9995857234136412,)	34.5747
5  	5   	1024    	762   	507          	(-0.9996291654495169,)	46.9458
6  	6   	1024    	756   	459          	(-0.999794349469981,) 	52.3908
7  	7   	1024    	781   	453          	(-0.9998978966785101,)	50.1374
8  	8   	1024    	776   	453          	(-0.9998978966785101,)	52.9317
9  	9   	1024    	777   	436          	(-0.9998978966785101,)	54.8424

--------------------------------------------------
GP Time: 416.175

Unique expressions evaluated: 6426
Total expression evaluations: 7970
--------------------------------------------------

GP -> best program this epoch:

	Reward: 0.9998978966785101
	Count Off-policy: 1
	Count On-policy: 0
	Originally on Policy: False
	Invalid: False
	Traversal: sub,mul,mul,div,x1,add,0.1092675795987444,x1,0.033666039307899284,sub,add,x1,1.3903718724588143,inv,x1,sub,-1.045921373677564,mul,sub,x1,1.3633020473282156,inv,sub,add,mul,mul,div,x1,add,2.2148969090808177,x1,0.3379914832912478,sub,div,add,x1,3.5135772131666063,0.19683850663609284,inv,x1,2.8188934382496393,x1
	Expression:
	                          ⎛                          1 ⎞                        
	  0.033666039307899284⋅x₁⋅⎜x₁ + 1.3903718724588143 - ──⎟                        
	                          ⎝                          x₁⎠                        
	  ────────────────────────────────────────────────────── + ─────────────────────
	                 x₁ + 0.1092675795987444                                        
	                                                                 0.3379914832912
                                                                              
	                                                           -x₁ + ───────────────
                                                                              

                                                                              
                                                                              
	                  x₁ - 1.3633020473282156                                       
	  ──────────────────────────────────────────────────────────────────────────── +
	         ⎛                                            1 ⎞                       
	  478⋅x₁⋅⎜5.080306780871692⋅x₁ + 17.850050141166572 - ──⎟                       
	         ⎝                                            x₁⎠                       
	  ─────────────────────────────────────────────────────── + 2.8188934382496393  
	          x₁ + 2.2148969090808177                                               

                  
                  
                  
	   1.045921373677564
                  
                  
                  
                  
                  

None

--------------------------------------------------

[00:00:07:27.41] Training epoch 1/14, current best R: 0.9999

	** New best
	Reward: 0.9998978966785101
	Count Off-policy: 1
	Count On-policy: 0
	Originally on Policy: False
	Invalid: False
	Traversal: sub,mul,mul,div,x1,add,0.1092675795987444,x1,0.033666039307899284,sub,add,x1,1.3903718724588143,inv,x1,sub,-1.045921373677564,mul,sub,x1,1.3633020473282156,inv,sub,add,mul,mul,div,x1,add,2.2148969090808177,x1,0.3379914832912478,sub,div,add,x1,3.5135772131666063,0.19683850663609284,inv,x1,2.8188934382496393,x1
	Expression:
	                          ⎛                          1 ⎞                        
	  0.033666039307899284⋅x₁⋅⎜x₁ + 1.3903718724588143 - ──⎟                        
	                          ⎝                          x₁⎠                        
	  ────────────────────────────────────────────────────── + ─────────────────────
	                 x₁ + 0.1092675795987444                                        
	                                                                 0.3379914832912
                                                                              
	                                                           -x₁ + ───────────────
                                                                              

                                                                              
                                                                              
	                  x₁ - 1.3633020473282156                                       
	  ──────────────────────────────────────────────────────────────────────────── +
	         ⎛                                            1 ⎞                       
	  478⋅x₁⋅⎜5.080306780871692⋅x₁ + 17.850050141166572 - ──⎟                       
	         ⎝                                            x₁⎠                       
	  ─────────────────────────────────────────────────────── + 2.8188934382496393  
	          x₁ + 2.2148969090808177                                               

                  
                  
                  
	   1.045921373677564
                  
                  
                  
                  
                  

10 	0   	1024    	1024  	1019         	(-0.9985283086149812,)	28.5958
11 	1   	1024    	785   	574          	(-0.9985283086149812,)	25.1833
12 	2   	1024    	765   	565          	(-0.9994966532549067,)	30.2317
13 	3   	1024    	800   	547          	(-0.9994966532549067,)	38.3263
14 	4   	1024    	780   	459          	(-0.9996292122040181,)	36.5421
15 	5   	1024    	773   	422          	(-0.9996292128054377,)	39.5329
16 	6   	1024    	778   	357          	(-0.9996292128054377,)	40.9723
17 	7   	1024    	776   	397          	(-0.9996292128054377,)	48.2855
18 	8   	1024    	764   	361          	(-0.9997275681205701,)	43.1   
19 	9   	1024    	781   	380          	(-0.9997275681205701,)	52.2647

--------------------------------------------------
GP Time: 383.305

Unique expressions evaluated: 12388
Total expression evaluations: 15996
--------------------------------------------------

GP -> best program this epoch:

	Reward: 0.9997275681205701
	Count Off-policy: 1
	Count On-policy: 0
	Originally on Policy: False
	Invalid: False
	Traversal: mul,add,add,div,add,x1,sub,0.7445093650541436,x1,x1,4.2960491573597315,div,x1,5.33520811152547,mul,add,1.8060799604361053,x1,add,inv,div,add,mul,add,2.721234805361896,inv,sub,x1,-0.0028057106406966514,1.5258387849602637,x1,0.4872724284267088,-0.004842656636658109
	Expression:
	  ⎛                                                          1                  
	  ⎜-0.004842656636658109 + ─────────────────────────────────────────────────────
	  ⎜                                                                        3.131
	  ⎜                        2.052240064615951⋅x₁ + 8.5212406177204977 + ─────────
	  ⎝                                                                    x₁ + 0.00

	                   ⎞                           ⎛                                
	  ─────────────────⎟⋅(x₁ + 1.8060799604361053)⋅⎜0.187434112989845⋅x₁ + 4.2960491
	  387486640375     ⎟                           ⎝                                
	  ─────────────────⎟                                                            
	  28057106406966514⎠                                                            

	              0.7445093650541436⎞
	  573597315 + ──────────────────⎟
	                      x₁        ⎠
                               
                               

None

--------------------------------------------------

-- RUNNING EPOCHS END ---------------

-- EVALUATION START ----------------
Saving Hall of Fame to ./log/regression_config_regression_GPMELD.json_Livermore_13.in_normal_0.0_2023-05-30-031404/dso_regression_config_regression_GPMELD.json_Livermore_13.in_normal_0.0_0_hof.csv
Saving Pareto Front to ./log/regression_config_regression_GPMELD.json_Livermore_13.in_normal_0.0_2023-05-30-031404/dso_regression_config_regression_GPMELD.json_Livermore_13.in_normal_0.0_0_pf.csv
Invalid expressions: 243 of 18044 (1.3%).
Error type counts:
  true_divide: 103 (42.4%)
  reciprocal: 140 (57.6%)
Error node counts:
  divide: 241 (99.2%)
  invalid: 2 (0.8%)
-- EVALUATION END ------------------
== TRAINING SEED 0 END ==============
INFO: Completed run 1 of 1 in 862 s

== POST-PROCESS START =================
-- LOADING LOGS START ----------------
Successfully loaded summary data
Successfully loaded Hall of Fame data
Successfully loaded Pareto Front data
-- LOADING LOGS END ------------------

-- ANALYZING LOG START --------------
Task_____________regression
Source path______./log/regression_config_regression_GPMELD.json_Livermore_13.in_normal_0.0_2023-05-30-031404
Runs_____________1
Max Samples/run__15000
Success_rate_____0.0
Hall of Fame (Top 5 of 100)____
    0: S=000 R=0.999898 <-- [0.033666039307899284*x1*(x1 + 1.3903718724588143 - 1/x1)/(x1 + 0.1092675795987444) + (x1 - 1.3633020473282156)/(-x1 + 0.3379914832912478*x1*(5.080306780871692*x1 + 17.850050141166572 - 1/x1)/(x1 + 2.2148969090808177) + 2.8188934382496393) + 1.045921373677564]
    1: S=000 R=0.999898 <-- [0.033666039307899284*x1*(x1 + 1.3903718724588143 - 1/x1)/(x1 + 0.1092675795987444) + (x1 - 1.3633020473282156)/(-x1 + 0.3379914832912478*x1*(5.080306780871692*x1 + 17.850050141166572 - 1/x1)/(x1 + 2.2148969090808177) + 2.8188934382496393) + 1.045921373677564]
    2: S=000 R=0.999857 <-- [(x1*((0.10639177775395399 - 1/(x1 + 1.1667308005693282))*(x1 + 7.420464155868948) + 8.346242009810648) + x1)/(-x1 + 4.552679079801945*x1*(x1 + 8.235106961805911 - 1/x1)/(x1 + 4.209418885611119) + 2.1071930964452665) + 0.23461248112822264]
    3: S=000 R=0.999857 <-- [(x1*((0.10639177775395399 - 1/(x1 + 1.1667308005693282))*(x1 + 7.420464155868948) + 8.346242009810648) + x1)/(-x1 + 4.552679079801945*x1*(x1 + 8.235106961805911 - 1/x1)/(x1 + 4.209418885611119) + 2.1071930964452665) + 0.23461248112822264]
    4: S=000 R=0.999847 <-- [(4.5010549671020184*x1 + 33.755088170593974 - 3.5010549671020184*(3*x1 + 0.028789622194810106 - 0.0006090530861722094/x1)/(x1*(2*x1 + 18.1394372943398)*(0.014356946529528306*x1 + 0.036219965862218643 - 0.014356946529528306/(2*x1 + 1.2568037100995975))))/(x1 + 25.85360830020857)]
  Saving Hall of Fame plot to ./log/regression_config_regression_GPMELD.json_Livermore_13.in_normal_0.0_2023-05-30-031404/dso_regression_config_regression_GPMELD.json_Livermore_13.in_normal_0.0_plot_hof.png
Pareto Front (5 of 23)____
    0: S=000 R=0.999898 C=48.00 <-- [0.033666039307899284*x1*(x1 + 1.3903718724588143 - 1/x1)/(x1 + 0.1092675795987444) + (x1 - 1.3633020473282156)/(-x1 + 0.3379914832912478*x1*(5.080306780871692*x1 + 17.850050141166572 - 1/x1)/(x1 + 2.2148969090808177) + 2.8188934382496393) + 1.045921373677564]
    1: S=000 R=0.999857 C=44.00 <-- [(x1*((0.10639177775395399 - 1/(x1 + 1.1667308005693282))*(x1 + 7.420464155868948) + 8.346242009810648) + x1)/(-x1 + 4.552679079801945*x1*(x1 + 8.235106961805911 - 1/x1)/(x1 + 4.209418885611119) + 2.1071930964452665) + 0.23461248112822264]
    2: S=000 R=0.999794 C=41.00 <-- [0.2956122611591692 + 1/(0.085545565616204642 - 0.57335249427127463/(1.3572059907345206 + 1/(0.084924960774117796*x1 - 0.046201672668879282/x1)) + 0.57335249427127463*(x1 + 1.920978668194625 - 1/(x1 + 0.79556983852814835))/x1)]
    3: S=000 R=0.999793 C=39.00 <-- [0.29467190735470905 + 1/(0.099111670971473033 - 0.56230498636592142/(1.3253950235009515 + 1/(0.087865159107203546*x1 - 0.046923013297251263/x1)) + 0.56230498636592142*(x1 + 1.944160388288833 - 1/(x1 + 0.7862403944892347))/x1)]
    4: S=000 R=0.999728 C=38.00 <-- [(-0.004842656636658109 + 1/(2.052240064615951*x1 + 8.5212406177204977 + 3.131387486640375/(x1 + 0.0028057106406966514)))*(x1 + 1.8060799604361053)*(0.187434112989845*x1 + 4.2960491573597315 + 0.7445093650541436/x1)]
  Saving Pareto Front plot to ./log/regression_config_regression_GPMELD.json_Livermore_13.in_normal_0.0_2023-05-30-031404/dso_regression_config_regression_GPMELD.json_Livermore_13.in_normal_0.0_plot_pf.png
-- ANALYZING LOG END ----------------
== POST-PROCESS END ===================
