['pow', 'X_0', 0.2]
--------------------
eq_name 	 Livermore_15
num_vars 	 1
vars_range_and_types 	 [{"name": "LogUniform", "range": [0.1, 10], "only_positive": true}]
function_set 	 ['add', 'sub', 'mul', 'div', 'pow', 'const']
eq_expression 	 pow,X_0,0.2
expr 	 X_0**0.2
--------------------

== EXPERIMENT SETUP START ===========
Task type            : regression
Starting seed        : 0
Runs                 : 1
== EXPERIMENT SETUP END =============

== TRAINING SEED 0 START ============
self.dataX <dso.symbolic_data_generator.DataX object at 0x2b6c79a7c1d0>, self.data_query_oracle: <dso.symbolic_equation_evaluator_public.Equation_evaluator object at 0x2b6c98b1dd30>
generate dataset!
-- BUILDING PRIOR START -------------
WARNING: Skipping invalid 'RelationalConstraint' with arguments {'targets': [], 'effectors': [], 'relationship': None}. Reason: Prior disabled.
WARNING: Skipping invalid 'TrigConstraint' with arguments {}. Reason: There are no target Tokens.
WARNING: Skipping invalid 'UniformArityPrior' with arguments {}. Reason: Prior disabled.
WARNING: Skipping invalid 'LanguageModelPrior' with arguments {'weight': None}. Reason: Prior disabled.
LengthConstraint: Sequences have minimum length 4.
                  Sequences have maximum length 256.
RepeatConstraint: [const] cannot occur more than 10 times.
RelationalConstraint: [inv] cannot be a child of [inv].
ConstConstraint: [const] cannot be the only unique child of [inv, add, sub, mul, div].
NoInputsConstraint: Sequences contain at least one input variable Token.
SoftLengthPrior: No description available.
-- BUILDING PRIOR END ---------------

-- RUNNING EPOCHS START -------------
gen	iter	pop_size	nevals	uncached_size	best_val              	timer  
0  	0   	1024    	1024  	1024         	(-0.9939432134398598,)	23.8586
1  	1   	1024    	769   	556          	(-0.9939432146849392,)	18.7183
2  	2   	1024    	738   	511          	(-0.9946516247933324,)	23.8904
3  	3   	1024    	753   	504          	(-0.9993890449022128,)	24.3787
4  	4   	1024    	798   	527          	(-0.9993890449022128,)	35.7612
5  	5   	1024    	776   	451          	(-0.9998380234348866,)	39.6152
6  	6   	1024    	768   	439          	(-0.9998380234348866,)	35.1199
7  	7   	1024    	784   	466          	(-0.9998380234348866,)	45.5495
8  	8   	1024    	778   	411          	(-0.9998380234348866,)	44.8736
9  	9   	1024    	788   	378          	(-0.9998380234348866,)	48.3351

--------------------------------------------------
GP Time: 340.354

Unique expressions evaluated: 6138
Total expression evaluations: 7976
--------------------------------------------------

GP -> best program this epoch:

	Reward: 0.9998380234348866
	Count Off-policy: 1
	Count On-policy: 0
	Originally on Policy: False
	Invalid: False
	Traversal: add,div,-0.005851987970451395,x1,sub,div,x1,div,0.48900173942104264,mul,add,0.013930637166762776,inv,add,x1,5.950831951067943,add,0.5065248585374929,inv,add,mul,sub,mul,0.1371041173088762,div,0.1371041166633129,mul,x1,x1,-1.770363578635244,0.3523173598835271,x1,-0.64451813799701
	Expression:
	                        ⎛                                 1           ⎞ ⎛       
	  2.0449825008474564⋅x₁⋅⎜0.013930637166762776 + ──────────────────────⎟⋅⎜0.50652
	                        ⎝                       x₁ + 5.950831951067943⎠ ⎜       
	                                                                        ⎜       
	                                                                        ⎜       
	                                                                        ⎝       

	                                      1                       ⎞                 
	  48585374929 + ──────────────────────────────────────────────⎟ + 0.644518137997
	                                          0.006622699275631085⎟                 
	                x₁ + 0.6237298220587222 + ────────────────────⎟                 
	                                                    2         ⎟                 
	                                                  x₁          ⎠                 

	       0.005851987970451395
	  01 - ────────────────────
	                x₁         
                         
                         
                         

None

--------------------------------------------------

[00:00:06:08.43] Training epoch 1/14, current best R: 0.9998

	** New best
	Reward: 0.9998380234348866
	Count Off-policy: 1
	Count On-policy: 0
	Originally on Policy: False
	Invalid: False
	Traversal: add,div,-0.005851987970451395,x1,sub,div,x1,div,0.48900173942104264,mul,add,0.013930637166762776,inv,add,x1,5.950831951067943,add,0.5065248585374929,inv,add,mul,sub,mul,0.1371041173088762,div,0.1371041166633129,mul,x1,x1,-1.770363578635244,0.3523173598835271,x1,-0.64451813799701
	Expression:
	                        ⎛                                 1           ⎞ ⎛       
	  2.0449825008474564⋅x₁⋅⎜0.013930637166762776 + ──────────────────────⎟⋅⎜0.50652
	                        ⎝                       x₁ + 5.950831951067943⎠ ⎜       
	                                                                        ⎜       
	                                                                        ⎜       
	                                                                        ⎝       

	                                      1                       ⎞                 
	  48585374929 + ──────────────────────────────────────────────⎟ + 0.644518137997
	                                          0.006622699275631085⎟                 
	                x₁ + 0.6237298220587222 + ────────────────────⎟                 
	                                                    2         ⎟                 
	                                                  x₁          ⎠                 

	       0.005851987970451395
	  01 - ────────────────────
	                x₁         
                         
                         
                         

10 	0   	1024    	1024  	1015         	(-0.9832475020260926,)	23.86  
11 	1   	1024    	752   	552          	(-0.9939432007959071,)	21.9868
12 	2   	1024    	756   	539          	(-0.9969622961294103,)	29.062 
13 	3   	1024    	758   	526          	(-0.9986345616930928,)	41.7024
14 	4   	1024    	753   	509          	(-0.999769245044582,) 	42.8926
15 	5   	1024    	759   	459          	(-0.9998520321780775,)	43.9682
16 	6   	1024    	788   	477          	(-0.9998520321780775,)	62.9855
17 	7   	1024    	782   	472          	(-0.9998520321780775,)	58.2494
18 	8   	1024    	778   	431          	(-0.9999257427443118,)	66.8552
19 	9   	1024    	786   	421          	(-0.9999485625316242,)	63.3142

--------------------------------------------------
GP Time: 455.135

Unique expressions evaluated: 12453
Total expression evaluations: 15912
--------------------------------------------------

GP -> best program this epoch:

	Reward: 0.9999485625316242
	Count Off-policy: 1
	Count On-policy: 0
	Originally on Policy: False
	Invalid: False
	Traversal: sub,div,x1,12.002006028113883,mul,0.26092597458678557,add,div,add,sub,inv,sub,0.7155362414027643,sub,0.641411867076123,x1,add,inv,x1,-2.413795858017167,x1,sub,inv,sub,div,2.021213315940379,x1,inv,sub,x1,5.906840676564906,add,add,1.860701831513134,inv,x1,x1,-2.5327477502725673
	Expression:
	                                                                      ⎛         
	                                                  0.26092597458678557⋅⎜x₁ + 2.41
	                                                                      ⎝         
	  0.083319404910943054⋅x₁ + 0.66085967512235822 - ──────────────────────────────
                                                                              
	                                                  -x₁ - 1.860701831513134 + ────
                                                                              
	                                                                            - ──
	                                                                              x₁

	                             1               1 ⎞
	  3795858017167 + ──────────────────────── - ──⎟
	                  x₁ + 0.07412437432664133   x₁⎠
	  ──────────────────────────────────────────────
	                   1                         1  
	  ──────────────────────────────────────── - ── 
	          1              2.021213315940379   x₁ 
	  ──────────────────── + ─────────────────      
	   - 5.906840676564906           x₁             

None

--------------------------------------------------

[00:00:14:17.14] Training epoch 2/14, current best R: 0.9999

	** New best
	Reward: 0.9999485625316242
	Count Off-policy: 1
	Count On-policy: 0
	Originally on Policy: False
	Invalid: False
	Traversal: sub,div,x1,12.002006028113883,mul,0.26092597458678557,add,div,add,sub,inv,sub,0.7155362414027643,sub,0.641411867076123,x1,add,inv,x1,-2.413795858017167,x1,sub,inv,sub,div,2.021213315940379,x1,inv,sub,x1,5.906840676564906,add,add,1.860701831513134,inv,x1,x1,-2.5327477502725673
	Expression:
	                                                                      ⎛         
	                                                  0.26092597458678557⋅⎜x₁ + 2.41
	                                                                      ⎝         
	  0.083319404910943054⋅x₁ + 0.66085967512235822 - ──────────────────────────────
                                                                              
	                                                  -x₁ - 1.860701831513134 + ────
                                                                              
	                                                                            - ──
	                                                                              x₁

	                             1               1 ⎞
	  3795858017167 + ──────────────────────── - ──⎟
	                  x₁ + 0.07412437432664133   x₁⎠
	  ──────────────────────────────────────────────
	                   1                         1  
	  ──────────────────────────────────────── - ── 
	          1              2.021213315940379   x₁ 
	  ──────────────────── + ─────────────────      
	   - 5.906840676564906           x₁             

-- RUNNING EPOCHS END ---------------

-- EVALUATION START ----------------
Saving Hall of Fame to ./log/regression_config_regression_GPMELD.json_Livermore_15.in_normal_0.0_2023-05-30-032438/dso_regression_config_regression_GPMELD.json_Livermore_15.in_normal_0.0_0_hof.csv
Saving Pareto Front to ./log/regression_config_regression_GPMELD.json_Livermore_15.in_normal_0.0_2023-05-30-032438/dso_regression_config_regression_GPMELD.json_Livermore_15.in_normal_0.0_0_pf.csv
Invalid expressions: 248 of 17960 (1.4%).
Error type counts:
  true_divide: 89 (35.9%)
  reciprocal: 159 (64.1%)
Error node counts:
  divide: 248 (100.0%)
-- EVALUATION END ------------------
== TRAINING SEED 0 END ==============
INFO: Completed run 1 of 1 in 859 s

== POST-PROCESS START =================
-- LOADING LOGS START ----------------
Successfully loaded summary data
Successfully loaded Hall of Fame data
Successfully loaded Pareto Front data
-- LOADING LOGS END ------------------

-- ANALYZING LOG START --------------
Task_____________regression
Source path______./log/regression_config_regression_GPMELD.json_Livermore_15.in_normal_0.0_2023-05-30-032438
Runs_____________1
Max Samples/run__15000
Success_rate_____0.0
Hall of Fame (Top 5 of 100)____
    0: S=000 R=0.999949 <-- [0.083319404910943054*x1 + 0.66085967512235822 - 0.26092597458678557*(x1 + 2.413795858017167 + 1/(x1 + 0.07412437432664133) - 1/x1)/(-x1 - 1.860701831513134 + 1/(-1/(x1 - 5.906840676564906) + 2.021213315940379/x1) - 1/x1)]
    1: S=000 R=0.999949 <-- [0.083319404910943054*x1 + 0.66085967512235822 - 0.26092597458678557*(x1 + 2.413795858017167 + 1/(x1 + 0.07412437432664133) - 1/x1)/(-x1 - 1.860701831513134 + 1/(-1/(x1 - 5.906840676564906) + 2.021213315940379/x1) - 1/x1)]
    2: S=000 R=0.999926 <-- [0.1417382352727798*x1 - 0.26576372954816674*(x1 + 3.6678993486355926 + 1/(x1 + 0.0817665567990743))/(-x1 - 1.7236940910525447 + 1/(-1/(x1 - 3.883320669788052) + 2.0044409312667533/x1) - 1/x1) + 0.40769030301102816]
    3: S=000 R=0.999926 <-- [0.1417382352727798*x1 - 0.26576372954816674*(x1 + 3.6678993486355926 + 1/(x1 + 0.0817665567990743))/(-x1 - 1.7236940910525447 + 1/(-1/(x1 - 3.883320669788052) + 2.0044409312667533/x1) - 1/x1) + 0.40769030301102816]
    4: S=000 R=0.999873 <-- [0.0133134084498412*x1 + 1.7457717224203204 - 0.9866865915501588/(1.9990565433727876*x1 - 15.806432755434523*x1/(8.827147981753152 + 1/x1) + 1.1114650921243445 + 1/(-2.3243829537621647*x1 + 0.28419179575649976*x1/(x1 + 3.238898754357355) - 2.6889663239103526))]
  Saving Hall of Fame plot to ./log/regression_config_regression_GPMELD.json_Livermore_15.in_normal_0.0_2023-05-30-032438/dso_regression_config_regression_GPMELD.json_Livermore_15.in_normal_0.0_plot_hof.png
Pareto Front (5 of 19)____
    0: S=000 R=0.999949 C=46.00 <-- [0.083319404910943054*x1 + 0.66085967512235822 - 0.26092597458678557*(x1 + 2.413795858017167 + 1/(x1 + 0.07412437432664133) - 1/x1)/(-x1 - 1.860701831513134 + 1/(-1/(x1 - 5.906840676564906) + 2.021213315940379/x1) - 1/x1)]
    1: S=000 R=0.999926 C=42.00 <-- [0.1417382352727798*x1 - 0.26576372954816674*(x1 + 3.6678993486355926 + 1/(x1 + 0.0817665567990743))/(-x1 - 1.7236940910525447 + 1/(-1/(x1 - 3.883320669788052) + 2.0044409312667533/x1) - 1/x1) + 0.40769030301102816]
    2: S=000 R=0.999838 C=39.00 <-- [2.0449825008474564*x1*(0.013930637166762776 + 1/(x1 + 5.950831951067943))*(0.5065248585374929 + 1/(x1 + 0.6237298220587222 + 0.006622699275631085/x1**2)) + 0.64451813799701 - 0.005851987970451395/x1]
    3: S=000 R=0.999568 C=36.00 <-- [1.940841103756632*x1/(x1 + 1.187545306266655 + (x1*(10.793250563201827 + 1/(0.09525392688431086*x1 + 0.06149875494497468)) - x1 - 4.85316904883567)/(x1 + 8.087460477661143)) + 0.4346079277679868]
    4: S=000 R=0.999568 C=34.00 <-- [2.3754789916699104 + 1/(-0.04691578134696202*x1 - 0.2897291171060996 - 0.02345789067348101*(x1*(24.014062602266115 + 1/(0.12643915466200933*x1 + 0.018749696009245847)) - x1 + 18.148740728448562)/(x1 + 1.8876585963032007))]
  Saving Pareto Front plot to ./log/regression_config_regression_GPMELD.json_Livermore_15.in_normal_0.0_2023-05-30-032438/dso_regression_config_regression_GPMELD.json_Livermore_15.in_normal_0.0_plot_pf.png
-- ANALYZING LOG END ----------------
== POST-PROCESS END ===================
