['add', 'mul', 'pow', 'X_2', 4, 'pow', 'add', 'mul', -1, 'X_1', 'mul', 'X_1', 'pow', 'X_0', -1, 4, 'mul', -2.24, 'mul', 'X_2', 'pow', 'X_0', 3]
--------------------
eq_name 	 Livermore2_Vars3_5
num_vars 	 3
vars_range_and_types 	 [{"name": "LogUniform", "range": [0.1, 10], "only_positive": true}, {"name": "LogUniform", "range": [0.1, 10], "only_positive": true}, {"name": "LogUniform", "range": [0.1, 10], "only_positive": true}]
function_set 	 ['add', 'sub', 'mul', 'div', 'n2', 'n3', 'n4', 'const']
eq_expression 	 add,mul,pow,X_2,4,pow,add,mul,-1,X_1,mul,X_1,pow,X_0,-1,4,mul,-2.24,mul,X_2,pow,X_0,3
expr 	 -2.24*X_0**3*X_2 + X_2**4*(-X_1 + X_1/X_0)**4
--------------------

== EXPERIMENT SETUP START ===========
Task type            : regression
Starting seed        : 0
Runs                 : 1
== EXPERIMENT SETUP END =============

== TRAINING SEED 0 START ============
self.dataX <dso.symbolic_data_generator.DataX object at 0x2ba723a0bb38>, self.data_query_oracle: <dso.symbolic_equation_evaluator_public.Equation_evaluator object at 0x2ba70e2a6d68>
generate dataset!
-- BUILDING PRIOR START -------------
WARNING: Skipping invalid 'RelationalConstraint' with arguments {'targets': [], 'effectors': [], 'relationship': None}. Reason: Prior disabled.
WARNING: Skipping invalid 'TrigConstraint' with arguments {}. Reason: There are no target Tokens.
WARNING: Skipping invalid 'UniformArityPrior' with arguments {}. Reason: Prior disabled.
WARNING: Skipping invalid 'LanguageModelPrior' with arguments {'weight': None}. Reason: Prior disabled.
LengthConstraint: Sequences have minimum length 4.
                  Sequences have maximum length 256.
RepeatConstraint: [const] cannot occur more than 10 times.
RelationalConstraint: [inv] cannot be a child of [inv].
ConstConstraint: [const] cannot be the only unique child of [inv, add, sub, mul, div].
NoInputsConstraint: Sequences contain at least one input variable Token.
SoftLengthPrior: No description available.
-- BUILDING PRIOR END ---------------

-- RUNNING EPOCHS START -------------
[00:00:00:02.07] Training epoch 1/14, current best R: 0.5023

	** New best
	Reward: 0.5023086561472899
	Count Off-policy: False
	Count On-policy: True
	Originally on Policy: True
	Invalid: False
	Traversal: sub,mul,mul,mul,x2,x2,x2,add,div,add,mul,mul,add,27.08333294466138,sub,mul,240.33332976698875,x2,x3,x2,x2,x2,x1,x1,x3
	Expression:
	      ⎛       2                                                      ⎞     
	    3 ⎜     x₂ ⋅(240.33332976698875⋅x₂ - x₃ + 27.08333294466138) + x₂⎟     
	  x₂ ⋅⎜x₁ + ─────────────────────────────────────────────────────────⎟ - x₃
	      ⎝                                 x₁                           ⎠     

[00:00:00:08.39] Training epoch 7/14, current best R: 0.6610

	** New best
	Reward: 0.6610060412080858
	Count Off-policy: False
	Count On-policy: True
	Originally on Policy: True
	Invalid: False
	Traversal: mul,add,x2,x3,mul,mul,inv,mul,div,x1,mul,x2,div,add,x3,x2,x1,0.00018230931503824762,x3,x3
	Expression:
	                          2          2
	  5485.1832436000585⋅x₂⋅x₃ ⋅(x₂ + x₃) 
	  ────────────────────────────────────
	                    2                 
	                  x₁                  

[00:00:00:11.33] Training epoch 10/14, current best R: 0.6610
[00:00:00:15.29] Ending training after epoch 14/14, current best R: 0.6610
-- RUNNING EPOCHS END ---------------

-- EVALUATION START ----------------
Saving Hall of Fame to ./log/regression_config_regression_DSR.json_Livermore2_Vars3_5.in_normal_0.0_2023-05-30-041408/dso_regression_config_regression_DSR.json_Livermore2_Vars3_5.in_normal_0.0_0_hof.csv
Saving Pareto Front to ./log/regression_config_regression_DSR.json_Livermore2_Vars3_5.in_normal_0.0_2023-05-30-041408/dso_regression_config_regression_DSR.json_Livermore2_Vars3_5.in_normal_0.0_0_pf.csv
Invalid expressions: 325 of 14336 (2.3%).
Error type counts:
  reciprocal: 187 (57.5%)
  true_divide: 138 (42.5%)
Error node counts:
  divide: 325 (100.0%)
-- EVALUATION END ------------------
== TRAINING SEED 0 END ==============
INFO: Completed run 1 of 1 in 17 s

== POST-PROCESS START =================
-- LOADING LOGS START ----------------
Successfully loaded summary data
Successfully loaded Hall of Fame data
Successfully loaded Pareto Front data
-- LOADING LOGS END ------------------

-- ANALYZING LOG START --------------
Task_____________regression
Source path______./log/regression_config_regression_DSR.json_Livermore2_Vars3_5.in_normal_0.0_2023-05-30-041408
Runs_____________1
Max Samples/run__15000
Success_rate_____0.0
Hall of Fame (Top 5 of 100)____
    0: S=000 R=0.661006 <-- [5485.1832436000585*x2*x3**2*(x2 + x3)**2/x1**2]
    1: S=000 R=0.502309 <-- [x2**3*(x1 + (x2**2*(240.33332976698875*x2 - x3 + 27.08333294466138) + x2)/x1) - x3]
    2: S=000 R=0.500751 <-- [x1 + 74535511.22812317*x2]
    3: S=000 R=0.500444 <-- [-x1 + 30963185.128129216*x2 + 25572.417968233451 + 25570.391734557696/x2]
    4: S=000 R=0.499957 <-- [4292477.5083722197*x3 + 1.0]
  Saving Hall of Fame plot to ./log/regression_config_regression_DSR.json_Livermore2_Vars3_5.in_normal_0.0_2023-05-30-041408/dso_regression_config_regression_DSR.json_Livermore2_Vars3_5.in_normal_0.0_plot_hof.png
Pareto Front (5 of 7)____
    0: S=000 R=0.661006 C=23.00 <-- [5485.1832436000585*x2*x3**2*(x2 + x3)**2/x1**2]
    1: S=000 R=0.500751 C=17.00 <-- [x1 + 74535511.22812317*x2]
    2: S=000 R=0.499924 C=15.00 <-- [x3 - 1014.5598340940071*(x3 - 2870.181792971249)/x1]
    3: S=000 R=0.499859 C=11.00 <-- [x2 + 19509.88043146059*x3/x1]
    4: S=000 R=0.499855 C=9.00 <-- [x2**2*x3*(x2 + 1.0)]
  Saving Pareto Front plot to ./log/regression_config_regression_DSR.json_Livermore2_Vars3_5.in_normal_0.0_2023-05-30-041408/dso_regression_config_regression_DSR.json_Livermore2_Vars3_5.in_normal_0.0_plot_pf.png
-- ANALYZING LOG END ----------------
== POST-PROCESS END ===================
