['add', 'mul', -1, 'X_0', 'mul', 'X_0', 'add', 'X_0', 'add', 'X_3', 'sin', 'mul', 'pow', 'add', 'mul', 5.27, 'pow', 'X_2', 2, 'add', 'mul', 8.31, 'pow', 'X_2', 3, 'mul', -4.47, 'mul', 'X_2', 'pow', 'X_0', 2, -1, 'add', 'X_1', 'mul', -1, 'mul', 'X_0', 'exp', 'exp', 'X_2']
--------------------
eq_name 	 Livermore2_Vars4_8
num_vars 	 4
vars_range_and_types 	 [{"name": "LogUniform", "range": [0.1, 10], "only_positive": true}, {"name": "LogUniform", "range": [0.1, 10], "only_positive": true}, {"name": "LogUniform", "range": [0.1, 10], "only_positive": true}, {"name": "LogUniform", "range": [0.1, 10], "only_positive": true}]
function_set 	 ['add', 'sub', 'mul', 'div', 'sqrt', 'n2', 'log', 'exp', 'sin', 'cos', 'const']
eq_expression 	 add,mul,-1,X_0,mul,X_0,add,X_0,add,X_3,sin,mul,pow,add,mul,5.27,pow,X_2,2,add,mul,8.31,pow,X_2,3,mul,-4.47,mul,X_2,pow,X_0,2,-1,add,X_1,mul,-1,mul,X_0,exp,exp,X_2
expr 	 X_0*(X_0 + X_3 + sin((-X_0*exp(exp(X_2)) + X_1)/(-4.47*X_0**2*X_2 + 8.31*X_2**3 + 5.27*X_2**2))) - X_0
--------------------

== EXPERIMENT SETUP START ===========
Task type            : regression
Starting seed        : 0
Runs                 : 1
== EXPERIMENT SETUP END =============

== TRAINING SEED 0 START ============
self.dataX <dso.symbolic_data_generator.DataX object at 0x2ad85a7c1b70>, self.data_query_oracle: <dso.symbolic_equation_evaluator_public.Equation_evaluator object at 0x2ad84101dd68>
generate dataset!
-- BUILDING PRIOR START -------------
WARNING: Skipping invalid 'RelationalConstraint' with arguments {'targets': [], 'effectors': [], 'relationship': None}. Reason: Prior disabled.
WARNING: Skipping invalid 'TrigConstraint' with arguments {}. Reason: There are no target Tokens.
WARNING: Skipping invalid 'UniformArityPrior' with arguments {}. Reason: Prior disabled.
WARNING: Skipping invalid 'LanguageModelPrior' with arguments {'weight': None}. Reason: Prior disabled.
LengthConstraint: Sequences have minimum length 4.
                  Sequences have maximum length 256.
RepeatConstraint: [const] cannot occur more than 10 times.
RelationalConstraint: [inv] cannot be a child of [inv].
ConstConstraint: [const] cannot be the only unique child of [inv, add, sub, mul, div].
NoInputsConstraint: Sequences contain at least one input variable Token.
SoftLengthPrior: No description available.
-- BUILDING PRIOR END ---------------

-- RUNNING EPOCHS START -------------
[00:00:00:04.86] Training epoch 1/14, current best R: 0.7552

	** New best
	Reward: 0.7552048603917192
	Count Off-policy: False
	Count On-policy: True
	Originally on Policy: True
	Invalid: False
	Traversal: sub,1.208721336020262,mul,x1,mul,-1.16219910815147,mul,div,x2,x2,x1
	Expression:
	                     2                    
	  1.16219910815147⋅x₁  + 1.208721336020262

[00:00:00:08.59] Training epoch 2/14, current best R: 0.9368

	** New best
	Reward: 0.9367864158766018
	Count Off-policy: False
	Count On-policy: True
	Originally on Policy: True
	Invalid: False
	Traversal: div,add,x1,x4,inv,div,x1,1.0761576974273435
	Expression:
	  0.92923184249910059⋅x₁⋅(x₁ + x₄)

[00:00:00:43.56] Training epoch 10/14, current best R: 0.9368
[00:00:00:54.51] Training epoch 12/14, current best R: 0.9434

	** New best
	Reward: 0.9434046202925459
	Count Off-policy: False
	Count On-policy: True
	Originally on Policy: True
	Invalid: False
	Traversal: mul,x1,sub,x1,sub,0.3512008782160387,sub,x4,add,0.3512008782160387,mul,x4,mul,x2,0.0019279717136764384
	Expression:
	  x₁⋅(x₁ - 0.0019279717136764384⋅x₂⋅x₄ + x₄ - 0.7024017564320774)

[00:00:01:07.37] Ending training after epoch 14/14, current best R: 0.9434
-- RUNNING EPOCHS END ---------------

-- EVALUATION START ----------------
Saving Hall of Fame to ./log/regression_config_regression_DSR.json_Livermore2_Vars4_8.in_normal_0.0_2023-05-30-042520/dso_regression_config_regression_DSR.json_Livermore2_Vars4_8.in_normal_0.0_0_hof.csv
Saving Pareto Front to ./log/regression_config_regression_DSR.json_Livermore2_Vars4_8.in_normal_0.0_2023-05-30-042520/dso_regression_config_regression_DSR.json_Livermore2_Vars4_8.in_normal_0.0_0_pf.csv
Invalid expressions: 264 of 14336 (1.8%).
Error type counts:
  reciprocal: 149 (56.4%)
  true_divide: 115 (43.6%)
Error node counts:
  divide: 264 (100.0%)
-- EVALUATION END ------------------
== TRAINING SEED 0 END ==============
INFO: Completed run 1 of 1 in 69 s

== POST-PROCESS START =================
-- LOADING LOGS START ----------------
Successfully loaded summary data
Successfully loaded Hall of Fame data
Successfully loaded Pareto Front data
-- LOADING LOGS END ------------------

-- ANALYZING LOG START --------------
Task_____________regression
Source path______./log/regression_config_regression_DSR.json_Livermore2_Vars4_8.in_normal_0.0_2023-05-30-042520
Runs_____________1
Max Samples/run__15000
Success_rate_____0.0
Hall of Fame (Top 5 of 100)____
    0: S=000 R=0.943405 <-- [x1*(x1 - 0.0019279717136764384*x2*x4 + x4 - 0.7024017564320774)]
    1: S=000 R=0.943337 <-- [x1*(x1 - 0.0002808736002251024*x2 + 0.0002808736002251024*x3 + x4 - 0.7109672274027282 + 0.0002808736002251024*x2/x1)]
    2: S=000 R=0.936808 <-- [0.0011254153961989858*x1*(825.6363096087497*x1 + 825.6363096087497*x4) - 0.0011254153961989858*x1 + 0.00079398166041327515 - 0.0011254153961989858*(-x2 + 1/x1)/x1]
    3: S=000 R=0.936786 <-- [0.92923184249910059*x1*(x1 + x4)]
    4: S=000 R=0.917315 <-- [x1*(x1 + x4 + 1/(762.2434612586283*x1 + 95.61843939033146 + 116222.30683168928/x3)) - 1.590150352942256]
  Saving Hall of Fame plot to ./log/regression_config_regression_DSR.json_Livermore2_Vars4_8.in_normal_0.0_2023-05-30-042520/dso_regression_config_regression_DSR.json_Livermore2_Vars4_8.in_normal_0.0_plot_hof.png
Pareto Front (5 of 6)____
    0: S=000 R=0.943405 C=15.00 <-- [x1*(x1 - 0.0019279717136764384*x2*x4 + x4 - 0.7024017564320774)]
    1: S=000 R=0.936786 C=11.00 <-- [0.92923184249910059*x1*(x1 + x4)]
    2: S=000 R=0.880845 C=9.00 <-- [x1*(x1 + 0.6552967086789636*x4) + x4]
    3: S=000 R=0.751172 C=8.00 <-- [4.304704872793239/(-0.06471783757999905 + 1/x1)]
    4: S=000 R=0.734823 C=7.00 <-- [9.339719801043644*x1 + x4 - 8.31649095376754]
  Saving Pareto Front plot to ./log/regression_config_regression_DSR.json_Livermore2_Vars4_8.in_normal_0.0_2023-05-30-042520/dso_regression_config_regression_DSR.json_Livermore2_Vars4_8.in_normal_0.0_plot_pf.png
-- ANALYZING LOG END ----------------
== POST-PROCESS END ===================
