['mul', 'X_0', 'pow', 'add', 'X_0', 'add', 'mul', -1, 'pow', 'X_5', 2, 'sin', 'mul', 'pow', 'add', 'X_1', 'X_4', -1, 'add', 'mul', 'X_0', 'exp', 'mul', -1, 'X_1', 'mul', -1, 'mul', 'X_3', 'add', 'X_1', 'pow', 'X_2', 2, 0.5]
--------------------
eq_name 	 Livermore2_Vars6_7
num_vars 	 6
vars_range_and_types 	 [{"name": "LogUniform", "range": [0.1, 10], "only_positive": true}, {"name": "LogUniform", "range": [0.1, 10], "only_positive": true}, {"name": "LogUniform", "range": [0.1, 10], "only_positive": true}, {"name": "LogUniform", "range": [0.1, 10], "only_positive": true}, {"name": "LogUniform", "range": [0.1, 10], "only_positive": true}, {"name": "LogUniform", "range": [0.1, 10], "only_positive": true}]
function_set 	 ['add', 'sub', 'mul', 'div', 'sqrt', 'n2', 'exp', 'sin', 'cos', 'const']
eq_expression 	 mul,X_0,pow,add,X_0,add,mul,-1,pow,X_5,2,sin,mul,pow,add,X_1,X_4,-1,add,mul,X_0,exp,mul,-1,X_1,mul,-1,mul,X_3,add,X_1,pow,X_2,2,0.5
expr 	 X_0*sqrt(X_0 - X_5**2 + sin((X_0*exp(-X_1) - X_3*(X_1 + X_2**2))/(X_1 + X_4)))
--------------------

== EXPERIMENT SETUP START ===========
Task type            : regression
Starting seed        : 0
Runs                 : 1
== EXPERIMENT SETUP END =============

== TRAINING SEED 0 START ============
self.dataX <dso.symbolic_data_generator.DataX object at 0x2ab1ea32c7f0>, self.data_query_oracle: <dso.symbolic_equation_evaluator_public.Equation_evaluator object at 0x2ab1d0b99da0>
generate dataset!
-- BUILDING PRIOR START -------------
WARNING: Skipping invalid 'RelationalConstraint' with arguments {'targets': [], 'effectors': [], 'relationship': None}. Reason: Prior disabled.
WARNING: Skipping invalid 'TrigConstraint' with arguments {}. Reason: There are no target Tokens.
WARNING: Skipping invalid 'UniformArityPrior' with arguments {}. Reason: Prior disabled.
WARNING: Skipping invalid 'LanguageModelPrior' with arguments {'weight': None}. Reason: Prior disabled.
LengthConstraint: Sequences have minimum length 4.
                  Sequences have maximum length 256.
RepeatConstraint: [const] cannot occur more than 10 times.
RelationalConstraint: [inv] cannot be a child of [inv].
ConstConstraint: [const] cannot be the only unique child of [inv, add, sub, mul, div].
NoInputsConstraint: Sequences contain at least one input variable Token.
SoftLengthPrior: No description available.
-- BUILDING PRIOR END ---------------

-- RUNNING EPOCHS START -------------
gen	iter	pop_size	nevals	uncached_size	best_val	timer  
0  	0   	1024    	1024  	1024         	(nan,)  	1.63818
1  	1   	1024    	786   	689          	(nan,)  	0.255575
2  	2   	1024    	785   	699          	(nan,)  	0.258773
3  	3   	1024    	740   	666          	(nan,)  	0.251125
4  	4   	1024    	734   	646          	(nan,)  	0.245711
5  	5   	1024    	740   	648          	(nan,)  	0.251407
6  	6   	1024    	753   	668          	(nan,)  	0.432288
7  	7   	1024    	765   	683          	(nan,)  	0.267802
8  	8   	1024    	788   	696          	(nan,)  	0.270043
9  	9   	1024    	750   	653          	(nan,)  	0.260377

--------------------------------------------------
GP Time: 4.36623

Unique expressions evaluated: 8058
Total expression evaluations: 7865
--------------------------------------------------

GP -> best program this epoch:

	Reward: nan
	Count Off-policy: 1
	Count On-policy: 0
	Originally on Policy: False
	Invalid: False
	Traversal: sub,add,1.0,x5,inv,mul,x4,x3
	Expression:
	               1  
	  x₅ + 1.0 - ─────
	             x₃⋅x₄

None

--------------------------------------------------

