['add', 'X_1', 'add', 'mul', -2.23, 'pow', 'X_3', 0.5, 'add', 'mul', -1, 'mul', 'X_0', 'pow', 'X_1', -1, 'add', 'mul', -2.23, 'mul', 'X_1', 'X_2', 'add', 'mul', -2.23, 'mul', 'X_2', 'pow', 'X_3', -0.5, 'log', 'X_0']
--------------------
eq_name 	 Livermore2_Vars4_23
num_vars 	 4
vars_range_and_types 	 [{"name": "LogUniform", "range": [0.1, 10], "only_positive": true}, {"name": "LogUniform", "range": [0.1, 10], "only_positive": true}, {"name": "LogUniform", "range": [0.1, 10], "only_positive": true}, {"name": "LogUniform", "range": [0.1, 10], "only_positive": true}]
function_set 	 ['add', 'sub', 'mul', 'div', 'sqrt', 'n2', 'log', 'const']
eq_expression 	 add,X_1,add,mul,-2.23,pow,X_3,0.5,add,mul,-1,mul,X_0,pow,X_1,-1,add,mul,-2.23,mul,X_1,X_2,add,mul,-2.23,mul,X_2,pow,X_3,-0.5,log,X_0
expr 	 -X_0/X_1 - 2.23*X_1*X_2 + X_1 - 2.23*X_2/sqrt(X_3) - 2.23*sqrt(X_3) + log(X_0)
--------------------

== EXPERIMENT SETUP START ===========
Task type            : regression
Starting seed        : 0
Runs                 : 1
== EXPERIMENT SETUP END =============

== TRAINING SEED 0 START ============
self.dataX <dso.symbolic_data_generator.DataX object at 0x2ae54b053ef0>, self.data_query_oracle: <dso.symbolic_equation_evaluator_public.Equation_evaluator object at 0x2ae535819cf8>
generate dataset!
-- BUILDING PRIOR START -------------
WARNING: Skipping invalid 'RelationalConstraint' with arguments {'targets': [], 'effectors': [], 'relationship': None}. Reason: Prior disabled.
WARNING: Skipping invalid 'TrigConstraint' with arguments {}. Reason: There are no target Tokens.
WARNING: Skipping invalid 'UniformArityPrior' with arguments {}. Reason: Prior disabled.
WARNING: Skipping invalid 'LanguageModelPrior' with arguments {'weight': None}. Reason: Prior disabled.
LengthConstraint: Sequences have minimum length 4.
                  Sequences have maximum length 256.
RepeatConstraint: [const] cannot occur more than 10 times.
RelationalConstraint: [inv] cannot be a child of [inv].
ConstConstraint: [const] cannot be the only unique child of [inv, add, sub, mul, div].
NoInputsConstraint: Sequences contain at least one input variable Token.
SoftLengthPrior: No description available.
-- BUILDING PRIOR END ---------------

-- RUNNING EPOCHS START -------------
gen	iter	pop_size	nevals	uncached_size	best_val              	timer  
0  	0   	1024    	1024  	1024         	(-0.6147720562460427,)	4.29258
1  	1   	1024    	780   	687          	(-0.622141710968596,) 	3.2462 
2  	2   	1024    	783   	675          	(-0.7084644307429643,)	4.49194
3  	3   	1024    	739   	618          	(-0.733162008391377,) 	4.70188
4  	4   	1024    	784   	640          	(-0.733162008391377,) 	6.01418
5  	5   	1024    	787   	640          	(-0.7411499175667129,)	9.20098
6  	6   	1024    	763   	656          	(-0.7501810823687569,)	11.9549
7  	7   	1024    	777   	686          	(-0.7777993419113198,)	15.2058
8  	8   	1024    	790   	687          	(-0.7882044521119254,)	21.9947
9  	9   	1024    	778   	664          	(-0.8255289020452369,)	22.9421

--------------------------------------------------
GP Time: 104.289

Unique expressions evaluated: 7910
Total expression evaluations: 8005
--------------------------------------------------

GP -> best program this epoch:

	Reward: 0.8255289020452369
	Count Off-policy: 1
	Count On-policy: 0
	Originally on Policy: False
	Invalid: False
	Traversal: sub,sub,sub,x4,x3,div,add,mul,x3,x4,add,4152.442710788521,mul,x1,div,1559.4248798146698,x2,mul,0.8436765078965524,add,1867.4270073889554,x3,mul,add,sub,div,add,x2,add,15.639941481974503,x2,0.6603883351514818,x2,-21.461220176580376,x3
	Expression:
	                                                              1559.4248798146698
	                                                              ──────────────────
	                                                                        x₂      
	  -x₃⋅(2.028521089097121⋅x₂ + 2.2217261286219524) - x₃ + x₄ - ──────────────────
	                                                                  0.843676507896

	  ⋅x₁                            
	  ─── + x₃⋅x₄ + 4152.442710788521
                               
	  ───────────────────────────────
	  5524⋅x₃ + 1575.5042963456232   

None

--------------------------------------------------

[00:00:01:51.51] Training epoch 1/14, current best R: 0.8255

	** New best
	Reward: 0.8255289020452369
	Count Off-policy: 1
	Count On-policy: 0
	Originally on Policy: False
	Invalid: False
	Traversal: sub,sub,sub,x4,x3,div,add,mul,x3,x4,add,4152.442710788521,mul,x1,div,1559.4248798146698,x2,mul,0.8436765078965524,add,1867.4270073889554,x3,mul,add,sub,div,add,x2,add,15.639941481974503,x2,0.6603883351514818,x2,-21.461220176580376,x3
	Expression:
	                                                              1559.4248798146698
	                                                              ──────────────────
	                                                                        x₂      
	  -x₃⋅(2.028521089097121⋅x₂ + 2.2217261286219524) - x₃ + x₄ - ──────────────────
	                                                                  0.843676507896

	  ⋅x₁                            
	  ─── + x₃⋅x₄ + 4152.442710788521
                               
	  ───────────────────────────────
	  5524⋅x₃ + 1575.5042963456232   

10 	0   	1024    	1024  	1022         	(-0.6147174262881675,)	3.44128
11 	1   	1024    	790   	700          	(-0.6464039693510827,)	4.78553
12 	2   	1024    	779   	685          	(-0.7388798491817967,)	4.93505
13 	3   	1024    	760   	654          	(-0.7388798491817967,)	7.68185
14 	4   	1024    	762   	641          	(-0.7393807033938173,)	8.00933
15 	5   	1024    	746   	635          	(-0.7393962378768101,)	10.5025
16 	6   	1024    	782   	672          	(-0.7876508424974269,)	13.4362
17 	7   	1024    	771   	635          	(-0.7994455392603207,)	21.281 
18 	8   	1024    	760   	614          	(-0.7994455392603207,)	20.8017
19 	9   	1024    	785   	626          	(-0.7994455392603207,)	23.7947

--------------------------------------------------
GP Time: 118.926

Unique expressions evaluated: 15729
Total expression evaluations: 15964
--------------------------------------------------

GP -> best program this epoch:

	Reward: 0.7994455392603207
	Count Off-policy: 1
	Count On-policy: 0
	Originally on Policy: False
	Invalid: False
	Traversal: mul,1.9897670297190473,mul,x3,sub,sub,-1.9752107258733234,div,sub,0.6752590640047719,x2,mul,div,x3,x1,x2,x2
	Expression:
	                        ⎛  x₁⋅(0.6752590640047719 - x₂)                         
	  1.9897670297190473⋅x₃⋅⎜- ──────────────────────────── - x₂ - 1.975210725873323
	                        ⎝             x₂⋅x₃                                     

	   ⎞
	  4⎟
	   ⎠

None

--------------------------------------------------

-- RUNNING EPOCHS END ---------------

-- EVALUATION START ----------------
Saving Hall of Fame to ./log/regression_config_regression_GPMELD.json_Livermore2_Vars4_23.in_normal_0.0_2023-05-30-035939/dso_regression_config_regression_GPMELD.json_Livermore2_Vars4_23.in_normal_0.0_0_hof.csv
Saving Pareto Front to ./log/regression_config_regression_GPMELD.json_Livermore2_Vars4_23.in_normal_0.0_2023-05-30-035939/dso_regression_config_regression_GPMELD.json_Livermore2_Vars4_23.in_normal_0.0_0_pf.csv
Invalid expressions: 138 of 18012 (0.8%).
Error type counts:
  true_divide: 77 (55.8%)
  reciprocal: 61 (44.2%)
Error node counts:
  divide: 137 (99.3%)
  invalid: 1 (0.7%)
-- EVALUATION END ------------------
== TRAINING SEED 0 END ==============
INFO: Completed run 1 of 1 in 238 s

== POST-PROCESS START =================
-- LOADING LOGS START ----------------
Successfully loaded summary data
Successfully loaded Hall of Fame data
Successfully loaded Pareto Front data
-- LOADING LOGS END ------------------

-- ANALYZING LOG START --------------
Task_____________regression
Source path______./log/regression_config_regression_GPMELD.json_Livermore2_Vars4_23.in_normal_0.0_2023-05-30-035939
Runs_____________1
Max Samples/run__15000
Success_rate_____0.0
Hall of Fame (Top 5 of 100)____
    0: S=000 R=0.825529 <-- [-x3*(2.028521089097121*x2 + 2.2217261286219524) - x3 + x4 - (1559.4248798146698*x1/x2 + x3*x4 + 4152.442710788521)/(0.8436765078965524*x3 + 1575.5042963456232)]
    1: S=000 R=0.825529 <-- [-x3*(2.028521089097121*x2 + 2.2217261286219524) - x3 + x4 - (1559.4248798146698*x1/x2 + x3*x4 + 4152.442710788521)/(0.8436765078965524*x3 + 1575.5042963456232)]
    2: S=000 R=0.799446 <-- [1.9897670297190473*x3*(-x1*(0.6752590640047719 - x2)/(x2*x3) - x2 - 1.9752107258733234)]
    3: S=000 R=0.799446 <-- [1.9897670297190473*x3*(-x1*(0.6752590640047719 - x2)/(x2*x3) - x2 - 1.9752107258733234)]
    4: S=000 R=0.790502 <-- [x2 - x3 + x4 - (x1 + x3*(2.313612804256169*x2*x3 + 14.368395784143376))/(0.889648320665393*x3 + 0.7760988269628508) - 0.456203017644969*(x1 + x4)/x2]
  Saving Hall of Fame plot to ./log/regression_config_regression_GPMELD.json_Livermore2_Vars4_23.in_normal_0.0_2023-05-30-035939/dso_regression_config_regression_GPMELD.json_Livermore2_Vars4_23.in_normal_0.0_plot_hof.png
Pareto Front (5 of 12)____
    0: S=000 R=0.825529 C=38.00 <-- [-x3*(2.028521089097121*x2 + 2.2217261286219524) - x3 + x4 - (1559.4248798146698*x1/x2 + x3*x4 + 4152.442710788521)/(0.8436765078965524*x3 + 1575.5042963456232)]
    1: S=000 R=0.799446 C=19.00 <-- [1.9897670297190473*x3*(-x1*(0.6752590640047719 - x2)/(x2*x3) - x2 - 1.9752107258733234)]
    2: S=000 R=0.740746 C=16.00 <-- [2.0978578657494467*x3*(-x2 - 1.5665643443788697 - (1.3413419669889435 - x2)/(x2*x3))]
    3: S=000 R=0.739161 C=15.00 <-- [(-153.53064204567266 - 9805.4726710746/(-x2 - 64.87364853563838))*(x3 + 1/x2)]
    4: S=000 R=0.725316 C=14.00 <-- [2.2313763279221486*x3*(-x2 - 1.2322630407940314 - (4.496742137259525 - x2)/x3)]
  Saving Pareto Front plot to ./log/regression_config_regression_GPMELD.json_Livermore2_Vars4_23.in_normal_0.0_2023-05-30-035939/dso_regression_config_regression_GPMELD.json_Livermore2_Vars4_23.in_normal_0.0_plot_pf.png
-- ANALYZING LOG END ----------------
== POST-PROCESS END ===================
