['add', 'mul', -1, 'X_3', 'add', 'mul', -1, 'cos', 'add', 'X_1', 'add', 'X_4', 'pow', 'mul', 'X_1', 'X_4', 0.5, 'log', 'add', 'X_2', 'mul', 'X_0', 'pow', 'log', 'mul', 11.06, 'mul', 'X_1', 'pow', 'X_4', 2, -1]
--------------------
eq_name 	 Livermore2_Vars5_15
num_vars 	 5
vars_range_and_types 	 [{"name": "LogUniform", "range": [0.1, 10], "only_positive": true}, {"name": "LogUniform", "range": [0.1, 10], "only_positive": true}, {"name": "LogUniform", "range": [0.1, 10], "only_positive": true}, {"name": "LogUniform", "range": [0.1, 10], "only_positive": true}, {"name": "LogUniform", "range": [0.1, 10], "only_positive": true}]
function_set 	 ['add', 'sub', 'mul', 'div', 'sqrt', 'n2', 'log', 'const', 'sin', 'cos', 'const']
eq_expression 	 add,mul,-1,X_3,add,mul,-1,cos,add,X_1,add,X_4,pow,mul,X_1,X_4,0.5,log,add,X_2,mul,X_0,pow,log,mul,11.06,mul,X_1,pow,X_4,2,-1
expr 	 -X_3 + log(X_0/log(11.06*X_1*X_4**2) + X_2) - cos(X_1 + X_4 + sqrt(X_1*X_4))
--------------------

== EXPERIMENT SETUP START ===========
Task type            : regression
Starting seed        : 0
Runs                 : 1
== EXPERIMENT SETUP END =============

== TRAINING SEED 0 START ============
self.dataX <dso.symbolic_data_generator.DataX object at 0x2b6d1cc09b70>, self.data_query_oracle: <dso.symbolic_equation_evaluator_public.Equation_evaluator object at 0x2b6d03474d68>
generate dataset!
-- BUILDING PRIOR START -------------
WARNING: Skipping invalid 'RelationalConstraint' with arguments {'targets': [], 'effectors': [], 'relationship': None}. Reason: Prior disabled.
WARNING: Skipping invalid 'TrigConstraint' with arguments {}. Reason: There are no target Tokens.
WARNING: Skipping invalid 'UniformArityPrior' with arguments {}. Reason: Prior disabled.
WARNING: Skipping invalid 'LanguageModelPrior' with arguments {'weight': None}. Reason: Prior disabled.
LengthConstraint: Sequences have minimum length 4.
                  Sequences have maximum length 256.
RepeatConstraint: [const] cannot occur more than 10 times.
RelationalConstraint: [inv] cannot be a child of [inv].
ConstConstraint: [const] cannot be the only unique child of [inv, add, sub, mul, div].
NoInputsConstraint: Sequences contain at least one input variable Token.
SoftLengthPrior: No description available.
-- BUILDING PRIOR END ---------------

-- RUNNING EPOCHS START -------------
gen	iter	pop_size	nevals	uncached_size	best_val              	timer  
0  	0   	1024    	1024  	1024         	(-0.6505879551684433,)	4.20172
1  	1   	1024    	758   	654          	(-0.6505879551684433,)	3.20826
2  	2   	1024    	780   	667          	(-0.6807356081099789,)	4.95517
3  	3   	1024    	783   	659          	(-0.6807988598891773,)	5.93779
4  	4   	1024    	757   	619          	(-0.683387602939827,) 	6.94212
5  	5   	1024    	743   	596          	(-0.6905295782031229,)	11.4768
6  	6   	1024    	765   	609          	(-0.6943678639857191,)	15.1102
7  	7   	1024    	756   	626          	(-0.694406546611901,) 	23.2927
8  	8   	1024    	749   	631          	(-0.6964251917666175,)	24.2464
9  	9   	1024    	741   	633          	(-0.6971388156147822,)	34.2094

--------------------------------------------------
GP Time: 133.834

Unique expressions evaluated: 7637
Total expression evaluations: 7856
--------------------------------------------------

GP -> best program this epoch:

	Reward: 0.6971388156147822
	Count Off-policy: 1
	Count On-policy: 0
	Originally on Policy: False
	Invalid: False
	Traversal: sub,mul,-0.9943949161339569,x4,mul,inv,sub,0.9183883132048554,add,add,add,1.0811422239634048,inv,x5,x3,x5,add,mul,x3,3.1630727324827,div,div,x2,mul,inv,sub,-3.3651913238657034,add,add,x5,x3,x5,add,mul,x3,7.655467653909477,div,div,x2,add,div,46.39055019666885,x2,x4,div,x1,6.8125755719699885,div,x1,0.34178122115674064
	Expression:
	                                                0.34178122115674064⋅x₂⋅(-x₃ - 2⋅
	                           3.1630727324827⋅x₃ + ────────────────────────────────
	                                                   ⎛                          6.
	                                                x₁⋅⎜7.655467653909477⋅x₃ + ─────
	                                                   ⎜                          ⎛ 
	                                                   ⎜                       x₁⋅⎜x
	                                                   ⎝                          ⎝ 
	  -0.9943949161339569⋅x₄ - ─────────────────────────────────────────────────────
                                                                              
	                                                -x₃ - x₅ - 0.16275391075854941 -
                                                                              

	  x₅ - 3.3651913238657034)
	  ────────────────────────
	  8125755719699885⋅x₂   ⎞ 
	  ──────────────────────⎟ 
	      46.39055019666885⎞⎟ 
	  ₄ + ─────────────────⎟⎟ 
	              x₂       ⎠⎠ 
	  ────────────────────────
	   1                      
	   ──                     
	   x₅                     

None

--------------------------------------------------

[00:00:02:20.90] Training epoch 1/14, current best R: 0.6971

	** New best
	Reward: 0.6971388156147822
	Count Off-policy: 1
	Count On-policy: 0
	Originally on Policy: False
	Invalid: False
	Traversal: sub,mul,-0.9943949161339569,x4,mul,inv,sub,0.9183883132048554,add,add,add,1.0811422239634048,inv,x5,x3,x5,add,mul,x3,3.1630727324827,div,div,x2,mul,inv,sub,-3.3651913238657034,add,add,x5,x3,x5,add,mul,x3,7.655467653909477,div,div,x2,add,div,46.39055019666885,x2,x4,div,x1,6.8125755719699885,div,x1,0.34178122115674064
	Expression:
	                                                0.34178122115674064⋅x₂⋅(-x₃ - 2⋅
	                           3.1630727324827⋅x₃ + ────────────────────────────────
	                                                   ⎛                          6.
	                                                x₁⋅⎜7.655467653909477⋅x₃ + ─────
	                                                   ⎜                          ⎛ 
	                                                   ⎜                       x₁⋅⎜x
	                                                   ⎝                          ⎝ 
	  -0.9943949161339569⋅x₄ - ─────────────────────────────────────────────────────
                                                                              
	                                                -x₃ - x₅ - 0.16275391075854941 -
                                                                              

	  x₅ - 3.3651913238657034)
	  ────────────────────────
	  8125755719699885⋅x₂   ⎞ 
	  ──────────────────────⎟ 
	      46.39055019666885⎞⎟ 
	  ₄ + ─────────────────⎟⎟ 
	              x₂       ⎠⎠ 
	  ────────────────────────
	   1                      
	   ──                     
	   x₅                     

10 	0   	1024    	1024  	1020         	(-0.6549806730874423,)	2.75247
11 	1   	1024    	744   	633          	(-0.6807944643914488,)	3.80422
12 	2   	1024    	780   	671          	(-0.6807944643914488,)	5.48079
13 	3   	1024    	770   	632          	(-0.682231500426038,) 	5.0662 
14 	4   	1024    	767   	597          	(-0.682231500426038,) 	7.60559
15 	5   	1024    	751   	595          	(-0.701244523773088,) 	7.22722
16 	6   	1024    	738   	587          	(-0.7082535527975087,)	7.55699
17 	7   	1024    	754   	604          	(-0.7088377119790914,)	8.53281
18 	8   	1024    	769   	612          	(-0.7088377119790914,)	14.8948
19 	9   	1024    	775   	635          	(-0.7164667637196712,)	19.7133

--------------------------------------------------
GP Time: 82.9043

Unique expressions evaluated: 15180
Total expression evaluations: 15728
--------------------------------------------------

GP -> best program this epoch:

	Reward: 0.7164667637196712
	Count Off-policy: 1
	Count On-policy: 0
	Originally on Policy: False
	Invalid: False
	Traversal: sub,mul,add,sub,inv,div,add,x3,x1,-4.866165222523549,sub,363.99288958713305,x3,div,div,add,mul,inv,div,add,mul,mul,x4,132.58614162985126,inv,x4,inv,add,x2,x5,x5,add,x4,8709.657865515668,x5,0.1804550892810745,x5,0.19646091264335075,x4
	Expression:
                                                                              
                                                                              
                                                                              
                                                                              
	                                                                  0.196460912643
	  0.19646091264335075⋅x₃ - x₄ - 71.510375283978561 + ───────────────────────────
	                                                     -0.2055006261134325⋅x₁ - 0.

	                                            ⎛                       5.5415450125
	                        0.19646091264335075⋅⎜5.541545012578797⋅x₅ + ────────────
	                                            ⎜                                   
	                                            ⎜                                132
	  35075                                     ⎝                                   
	  ─────────────────── + ────────────────────────────────────────────────────────
	  2055006261134325⋅x₃                                               x₅          

	  78797⋅x₅⋅(x₄ + 8709.657865515668)⎞
	  ─────────────────────────────────⎟
	                       1           ⎟
	  .58614162985126 + ───────        ⎟
	                    x₂ + x₅        ⎠
	  ──────────────────────────────────
                                  

None

--------------------------------------------------

[00:00:03:49.30] Training epoch 2/14, current best R: 0.7165

	** New best
	Reward: 0.7164667637196712
	Count Off-policy: 1
	Count On-policy: 0
	Originally on Policy: False
	Invalid: False
	Traversal: sub,mul,add,sub,inv,div,add,x3,x1,-4.866165222523549,sub,363.99288958713305,x3,div,div,add,mul,inv,div,add,mul,mul,x4,132.58614162985126,inv,x4,inv,add,x2,x5,x5,add,x4,8709.657865515668,x5,0.1804550892810745,x5,0.19646091264335075,x4
	Expression:
                                                                              
                                                                              
                                                                              
                                                                              
	                                                                  0.196460912643
	  0.19646091264335075⋅x₃ - x₄ - 71.510375283978561 + ───────────────────────────
	                                                     -0.2055006261134325⋅x₁ - 0.

	                                            ⎛                       5.5415450125
	                        0.19646091264335075⋅⎜5.541545012578797⋅x₅ + ────────────
	                                            ⎜                                   
	                                            ⎜                                132
	  35075                                     ⎝                                   
	  ─────────────────── + ────────────────────────────────────────────────────────
	  2055006261134325⋅x₃                                               x₅          

	  78797⋅x₅⋅(x₄ + 8709.657865515668)⎞
	  ─────────────────────────────────⎟
	                       1           ⎟
	  .58614162985126 + ───────        ⎟
	                    x₂ + x₅        ⎠
	  ──────────────────────────────────
                                  

-- RUNNING EPOCHS END ---------------

-- EVALUATION START ----------------
Saving Hall of Fame to ./log/regression_config_regression_GPMELD.json_Livermore2_Vars5_15.in_normal_0.0_2023-05-30-032138/dso_regression_config_regression_GPMELD.json_Livermore2_Vars5_15.in_normal_0.0_0_hof.csv
Saving Pareto Front to ./log/regression_config_regression_GPMELD.json_Livermore2_Vars5_15.in_normal_0.0_2023-05-30-032138/dso_regression_config_regression_GPMELD.json_Livermore2_Vars5_15.in_normal_0.0_0_pf.csv
Invalid expressions: 125 of 17776 (0.7%).
Error type counts:
  true_divide: 68 (54.4%)
  reciprocal: 57 (45.6%)
Error node counts:
  divide: 125 (100.0%)
-- EVALUATION END ------------------
== TRAINING SEED 0 END ==============
INFO: Completed run 1 of 1 in 231 s

== POST-PROCESS START =================
-- LOADING LOGS START ----------------
Successfully loaded summary data
Successfully loaded Hall of Fame data
Successfully loaded Pareto Front data
-- LOADING LOGS END ------------------

-- ANALYZING LOG START --------------
Task_____________regression
Source path______./log/regression_config_regression_GPMELD.json_Livermore2_Vars5_15.in_normal_0.0_2023-05-30-032138
Runs_____________1
Max Samples/run__15000
Success_rate_____0.0
Hall of Fame (Top 5 of 100)____
    0: S=000 R=0.716467 <-- [0.19646091264335075*x3 - x4 - 71.510375283978561 + 0.19646091264335075/(-0.2055006261134325*x1 - 0.2055006261134325*x3) + 0.19646091264335075*(5.541545012578797*x5 + 5.541545012578797*x5*(x4 + 8709.657865515668)/(132.58614162985126 + 1/(x2 + x5)))/x5]
    1: S=000 R=0.716467 <-- [0.19646091264335075*x3 - x4 - 71.510375283978561 + 0.19646091264335075/(-0.2055006261134325*x1 - 0.2055006261134325*x3) + 0.19646091264335075*(5.541545012578797*x5 + 5.541545012578797*x5*(x4 + 8709.657865515668)/(132.58614162985126 + 1/(x2 + x5)))/x5]
    2: S=000 R=0.713398 <-- [0.045192873359565722*x3 - x4 + 2.3091924199058796 - 10.399298259243462/(x1 + 1.8248041226726304*x3 + 2.2580231243804287)]
    3: S=000 R=0.713398 <-- [0.045192873359565722*x3 - x4 + 2.3091924199058796 - 10.399298259243462/(x1 + 1.8248041226726304*x3 + 2.2580231243804287)]
    4: S=000 R=0.709571 <-- [-x4 - 2.2690680858148915 + (0.6374528383921861*x1 + 4.835137915877703*x3 + 1.341182708665722)/(x3 + 1.7078071840049214)]
  Saving Hall of Fame plot to ./log/regression_config_regression_GPMELD.json_Livermore2_Vars5_15.in_normal_0.0_2023-05-30-032138/dso_regression_config_regression_GPMELD.json_Livermore2_Vars5_15.in_normal_0.0_plot_hof.png
Pareto Front (5 of 9)____
    0: S=000 R=0.716467 C=47.00 <-- [0.19646091264335075*x3 - x4 - 71.510375283978561 + 0.19646091264335075/(-0.2055006261134325*x1 - 0.2055006261134325*x3) + 0.19646091264335075*(5.541545012578797*x5 + 5.541545012578797*x5*(x4 + 8709.657865515668)/(132.58614162985126 + 1/(x2 + x5)))/x5]
    1: S=000 R=0.713398 C=24.00 <-- [0.045192873359565722*x3 - x4 + 2.3091924199058796 - 10.399298259243462/(x1 + 1.8248041226726304*x3 + 2.2580231243804287)]
    2: S=000 R=0.709333 C=20.00 <-- [-x4 - 1.6205291979460243 + (x1 + 7.9559057289150905*x3 - 0.0029427003038585446*x4)/(2*x3 + 2.594709301260388)]
    3: S=000 R=0.708838 C=18.00 <-- [-x4 - 1.2503868864191645 + (x1 + 4.326830466312187*x3 - 0.0075709908929768015*x4)/(x3 + 2.8646792839004576)]
    4: S=000 R=0.696827 C=14.00 <-- [0.2046576544890509*x1 + 0.31446294191756659*x3 - 1.0025556423594633*x4 - 0.47436660932678054]
  Saving Pareto Front plot to ./log/regression_config_regression_GPMELD.json_Livermore2_Vars5_15.in_normal_0.0_2023-05-30-032138/dso_regression_config_regression_GPMELD.json_Livermore2_Vars5_15.in_normal_0.0_plot_pf.png
-- ANALYZING LOG END ----------------
== POST-PROCESS END ===================
