['add', 1, 'add', 'X_2', 'add', 'mul', 3.41, 'X_1', 'add', 'mul', -3.41, 'X_0', 'mul', 'X_0', 'mul', 'pow', 'X_1', 0.5, 'cos', 'X_0']
--------------------
eq_name 	 Livermore2_Vars3_25
num_vars 	 3
vars_range_and_types 	 [{"name": "LogUniform", "range": [0.1, 10], "only_positive": true}, {"name": "LogUniform", "range": [0.1, 10], "only_positive": true}, {"name": "LogUniform", "range": [0.1, 10], "only_positive": true}]
function_set 	 ['add', 'sub', 'mul', 'div', 'sqrt', 'const', 'sin', 'cos']
eq_expression 	 add,1,add,X_2,add,mul,3.41,X_1,add,mul,-3.41,X_0,mul,X_0,mul,pow,X_1,0.5,cos,X_0
expr 	 X_0*sqrt(X_1)*cos(X_0) - 3.41*X_0 + 3.41*X_1 + X_2 + 1
--------------------

== EXPERIMENT SETUP START ===========
Task type            : regression
Starting seed        : 0
Runs                 : 1
== EXPERIMENT SETUP END =============

== TRAINING SEED 0 START ============
self.dataX <dso.symbolic_data_generator.DataX object at 0x2ac55884bb38>, self.data_query_oracle: <dso.symbolic_equation_evaluator_public.Equation_evaluator object at 0x2ac53f0c2d68>
generate dataset!
-- BUILDING PRIOR START -------------
WARNING: Skipping invalid 'RelationalConstraint' with arguments {'targets': [], 'effectors': [], 'relationship': None}. Reason: Prior disabled.
WARNING: Skipping invalid 'TrigConstraint' with arguments {}. Reason: There are no target Tokens.
WARNING: Skipping invalid 'UniformArityPrior' with arguments {}. Reason: Prior disabled.
WARNING: Skipping invalid 'LanguageModelPrior' with arguments {'weight': None}. Reason: Prior disabled.
LengthConstraint: Sequences have minimum length 4.
                  Sequences have maximum length 256.
RepeatConstraint: [const] cannot occur more than 10 times.
RelationalConstraint: [inv] cannot be a child of [inv].
ConstConstraint: [const] cannot be the only unique child of [inv, add, sub, mul, div].
NoInputsConstraint: Sequences contain at least one input variable Token.
SoftLengthPrior: No description available.
-- BUILDING PRIOR END ---------------

-- RUNNING EPOCHS START -------------
[00:00:00:06.84] Training epoch 1/14, current best R: 0.7883

	** New best
	Reward: 0.7883174817451938
	Count Off-policy: False
	Count On-policy: True
	Originally on Policy: True
	Invalid: False
	Traversal: div,sub,x3,sub,add,div,mul,div,sub,add,sub,div,x3,0.21464913670727956,x1,x2,1.2658011949420505,6.065488097969119,x2,x2,x1,x2,0.23737645513999317
	Expression:
	  -3.5181787763839519⋅x₁ + 3.5181787763839519⋅x₂ + 0.97702361016589567⋅x₃ + 0.87
	  91482307404913

[00:00:01:02.46] Training epoch 9/14, current best R: 0.7885

	** New best
	Reward: 0.788519355597242
	Count Off-policy: False
	Count On-policy: True
	Originally on Policy: True
	Invalid: False
	Traversal: sub,x3,mul,sub,inv,mul,43.606102623030836,x1,add,sub,x1,x2,-0.18802708840147708,-3.4949585891041592
	Expression:
	                                                                              0.
	  -3.4949585891041592⋅x₁ + 3.4949585891041592⋅x₂ + x₃ + 0.65714688759298935 + ──
                                                                              

	  080148382425222174
	  ──────────────────
	         x₁         

[00:00:01:11.30] Training epoch 10/14, current best R: 0.7885
[00:00:01:42.06] Training epoch 13/14, current best R: 0.7898

	** New best
	Reward: 0.7898458177915956
	Count Off-policy: False
	Count On-policy: True
	Originally on Policy: True
	Invalid: False
	Traversal: add,x3,sub,mul,3.3823091350516825,x2,mul,-339.28657694378467,inv,div,add,92.6501526553786,inv,x1,sub,sub,1.1939909485075204,x1,0.8053486937981583
	Expression:
	                               339.28657694378467⋅(0.38864225470936211 - x₁)
	  3.3823091350516825⋅x₂ + x₃ + ─────────────────────────────────────────────
	                                                              1             
	                                           92.6501526553786 + ──            
	                                                              x₁            

[00:00:01:55.25] Ending training after epoch 14/14, current best R: 0.7898
-- RUNNING EPOCHS END ---------------

-- EVALUATION START ----------------
Saving Hall of Fame to ./log/regression_config_regression_DSR.json_Livermore2_Vars3_25.in_normal_0.0_2023-05-30-035827/dso_regression_config_regression_DSR.json_Livermore2_Vars3_25.in_normal_0.0_0_hof.csv
Saving Pareto Front to ./log/regression_config_regression_DSR.json_Livermore2_Vars3_25.in_normal_0.0_2023-05-30-035827/dso_regression_config_regression_DSR.json_Livermore2_Vars3_25.in_normal_0.0_0_pf.csv
Invalid expressions: 322 of 14336 (2.2%).
Error type counts:
  reciprocal: 188 (58.4%)
  true_divide: 134 (41.6%)
Error node counts:
  divide: 322 (100.0%)
-- EVALUATION END ------------------
== TRAINING SEED 0 END ==============
INFO: Completed run 1 of 1 in 117 s

== POST-PROCESS START =================
-- LOADING LOGS START ----------------
Successfully loaded summary data
Successfully loaded Hall of Fame data
Successfully loaded Pareto Front data
-- LOADING LOGS END ------------------

-- ANALYZING LOG START --------------
Task_____________regression
Source path______./log/regression_config_regression_DSR.json_Livermore2_Vars3_25.in_normal_0.0_2023-05-30-035827
Runs_____________1
Max Samples/run__15000
Success_rate_____0.0
Hall of Fame (Top 5 of 100)____
    0: S=000 R=0.789846 <-- [3.3823091350516825*x2 + x3 + 339.28657694378467*(0.38864225470936211 - x1)/(92.6501526553786 + 1/x1)]
    1: S=000 R=0.788577 <-- [x1*(-3.593034222871684 + 0.001288582413396158*(2738.3245683832524*x2 + x3 + 613.3348142234964)/x1) + x3]
    2: S=000 R=0.788519 <-- [-3.4949585891041592*x1 + 3.4949585891041592*x2 + x3 + 0.65714688759298935 + 0.080148382425222174/x1]
    3: S=000 R=0.788317 <-- [-3.5181787763839519*x1 + 3.5181787763839519*x2 + 0.97702361016589567*x3 + 0.8791482307404913]
    4: S=000 R=0.788317 <-- [-3.518179137966168*x1 + 3.518179137966168*x2 + 0.9770110872256686*x3 + 0.87915993077997663]
  Saving Hall of Fame plot to ./log/regression_config_regression_DSR.json_Livermore2_Vars3_25.in_normal_0.0_2023-05-30-035827/dso_regression_config_regression_DSR.json_Livermore2_Vars3_25.in_normal_0.0_plot_hof.png
Pareto Front (5 of 8)____
    0: S=000 R=0.789846 C=22.00 <-- [3.3823091350516825*x2 + x3 + 339.28657694378467*(0.38864225470936211 - x1)/(92.6501526553786 + 1/x1)]
    1: S=000 R=0.788519 C=15.00 <-- [-3.4949585891041592*x1 + 3.4949585891041592*x2 + x3 + 0.65714688759298935 + 0.080148382425222174/x1]
    2: S=000 R=0.788317 C=14.00 <-- [-3.518179137966168*x1 + 3.518179137966168*x2 + 0.9770110872256686*x3 + 0.87915993077997663]
    3: S=000 R=0.731963 C=11.00 <-- [-3.012248419783946*x1 + 4.012248419783946*x2 + 0.83101812202705638]
    4: S=000 R=0.731616 C=8.00 <-- [-3.152209692280396*x1 + 3.871223888536063*x2]
  Saving Pareto Front plot to ./log/regression_config_regression_DSR.json_Livermore2_Vars3_25.in_normal_0.0_2023-05-30-035827/dso_regression_config_regression_DSR.json_Livermore2_Vars3_25.in_normal_0.0_plot_pf.png
-- ANALYZING LOG END ----------------
== POST-PROCESS END ===================
