['add', 'X_2', 'sin', 'add', 2.39, 'add', 'mul', -1, 'X_1', 'add', 'mul', -1, 'X_2', 'mul', 'X_0', 'X_1']
--------------------
eq_name 	 Livermore2_Vars3_22
num_vars 	 3
vars_range_and_types 	 [{"name": "LogUniform", "range": [0.1, 10], "only_positive": true}, {"name": "LogUniform", "range": [0.1, 10], "only_positive": true}, {"name": "LogUniform", "range": [0.1, 10], "only_positive": true}]
function_set 	 ['add', 'sub', 'mul', 'div', 'const', 'sin', 'cos']
eq_expression 	 add,X_2,sin,add,2.39,add,mul,-1,X_1,add,mul,-1,X_2,mul,X_0,X_1
expr 	 X_2 + sin(X_0*X_1 - X_1 - X_2 + 2.39)
--------------------

== EXPERIMENT SETUP START ===========
Task type            : regression
Starting seed        : 0
Runs                 : 1
== EXPERIMENT SETUP END =============

== TRAINING SEED 0 START ============
self.dataX <dso.symbolic_data_generator.DataX object at 0x2af4078dc9e8>, self.data_query_oracle: <dso.symbolic_equation_evaluator_public.Equation_evaluator object at 0x2af3f2176d68>
generate dataset!
-- BUILDING PRIOR START -------------
WARNING: Skipping invalid 'RelationalConstraint' with arguments {'targets': [], 'effectors': [], 'relationship': None}. Reason: Prior disabled.
WARNING: Skipping invalid 'TrigConstraint' with arguments {}. Reason: There are no target Tokens.
WARNING: Skipping invalid 'UniformArityPrior' with arguments {}. Reason: Prior disabled.
WARNING: Skipping invalid 'LanguageModelPrior' with arguments {'weight': None}. Reason: Prior disabled.
LengthConstraint: Sequences have minimum length 4.
                  Sequences have maximum length 256.
RepeatConstraint: [const] cannot occur more than 10 times.
RelationalConstraint: [inv] cannot be a child of [inv].
ConstConstraint: [const] cannot be the only unique child of [inv, add, sub, mul, div].
NoInputsConstraint: Sequences contain at least one input variable Token.
SoftLengthPrior: No description available.
-- BUILDING PRIOR END ---------------

-- RUNNING EPOCHS START -------------
[00:00:00:07.46] Training epoch 1/14, current best R: 0.7913

	** New best
	Reward: 0.7913105944755259
	Count Off-policy: False
	Count On-policy: True
	Originally on Policy: True
	Invalid: False
	Traversal: add,inv,add,x3,add,x1,add,add,x2,inv,div,inv,mul,x1,x1,0.03589404248346112,x3,x3
	Expression:
	                          1                    
	  x₃ + ────────────────────────────────────────
	                             2                 
	       0.03589404248346112⋅x₁  + x₁ + x₂ + 2⋅x₃

[00:00:01:04.59] Training epoch 9/14, current best R: 0.7917

	** New best
	Reward: 0.7917348912678251
	Count Off-policy: False
	Count On-policy: True
	Originally on Policy: True
	Invalid: False
	Traversal: mul,x3,sub,div,div,div,4.0841051621114275,add,5.624894044545563,div,add,x2,x1,x3,x3,add,x3,x2,-0.9819379567849129
	Expression:
	     ⎛                                 4.0841051621114275            ⎞
	  x₃⋅⎜0.9819379567849129 + ──────────────────────────────────────────⎟
	     ⎜                        ⎛                    x₁ + x₂⎞          ⎟
	     ⎜                     x₃⋅⎜5.624894044545563 + ───────⎟⋅(x₂ + x₃)⎟
	     ⎝                        ⎝                       x₃  ⎠          ⎠

[00:00:01:12.38] Training epoch 10/14, current best R: 0.7934

	** New best
	Reward: 0.7934204736625509
	Count Off-policy: False
	Count On-policy: True
	Originally on Policy: True
	Invalid: False
	Traversal: add,x3,inv,mul,add,add,0.07636738405743199,add,mul,x3,x2,div,x1,6.2333887326544355,0.07636738405744548,3.8758497595184904
	Expression:
	                                          1                                   
	  x₃ + ───────────────────────────────────────────────────────────────────────
	       0.62178855286440523⋅x₁ + 3.8758497595184904⋅x₂⋅x₃ + 0.59197701426816023

[00:00:01:12.39] Training epoch 10/14, current best R: 0.7934
[00:00:01:56.50] Ending training after epoch 14/14, current best R: 0.7934
-- RUNNING EPOCHS END ---------------

-- EVALUATION START ----------------
Saving Hall of Fame to ./log/regression_config_regression_DSR.json_Livermore2_Vars3_22.in_normal_0.0_2023-05-30-034432/dso_regression_config_regression_DSR.json_Livermore2_Vars3_22.in_normal_0.0_0_hof.csv
Saving Pareto Front to ./log/regression_config_regression_DSR.json_Livermore2_Vars3_22.in_normal_0.0_2023-05-30-034432/dso_regression_config_regression_DSR.json_Livermore2_Vars3_22.in_normal_0.0_0_pf.csv
Invalid expressions: 245 of 14336 (1.7%).
Error type counts:
  reciprocal: 158 (64.5%)
  true_divide: 87 (35.5%)
Error node counts:
  divide: 245 (100.0%)
-- EVALUATION END ------------------
== TRAINING SEED 0 END ==============
INFO: Completed run 1 of 1 in 118 s

== POST-PROCESS START =================
-- LOADING LOGS START ----------------
Successfully loaded summary data
Successfully loaded Hall of Fame data
Successfully loaded Pareto Front data
-- LOADING LOGS END ------------------

-- ANALYZING LOG START --------------
Task_____________regression
Source path______./log/regression_config_regression_DSR.json_Livermore2_Vars3_22.in_normal_0.0_2023-05-30-034432
Runs_____________1
Max Samples/run__15000
Success_rate_____0.0
Hall of Fame (Top 5 of 100)____
    0: S=000 R=0.793420 <-- [x3 + 1/(0.62178855286440523*x1 + 3.8758497595184904*x2*x3 + 0.59197701426816023)]
    1: S=000 R=0.791735 <-- [x3*(0.9819379567849129 + 4.0841051621114275/(x3*(5.624894044545563 + (x1 + x2)/x3)*(x2 + x3)))]
    2: S=000 R=0.791311 <-- [x3 + 1/(0.03589404248346112*x1**2 + x1 + x2 + 2*x3)]
    3: S=000 R=0.789700 <-- [x3 + 1/(x2*(x1 + 1.861741552291396*x3*(-0.6642644285039826 + 1/x2) + x3 + 2.3485379135425215))]
    4: S=000 R=0.788145 <-- [x3 - 0.13820746620655341 + 1/(x2 + x3 + 0.7117197483662142)]
  Saving Hall of Fame plot to ./log/regression_config_regression_DSR.json_Livermore2_Vars3_22.in_normal_0.0_2023-05-30-034432/dso_regression_config_regression_DSR.json_Livermore2_Vars3_22.in_normal_0.0_plot_hof.png
Pareto Front (5 of 6)____
    0: S=000 R=0.793420 C=18.00 <-- [x3 + 1/(0.62178855286440523*x1 + 3.8758497595184904*x2*x3 + 0.59197701426816023)]
    1: S=000 R=0.788145 C=11.00 <-- [x3 - 0.13820746620655341 + 1/(x2 + x3 + 0.7117197483662142)]
    2: S=000 R=0.781773 C=10.00 <-- [x3 + 0.7093468421295521/(x1 + x2 + 0.8133754438566475)]
    3: S=000 R=0.779668 C=9.00 <-- [x3 + 1/(x1*x2 + 2.5025267573410823)]
    4: S=000 R=0.779042 C=6.00 <-- [x3 + 0.07663059852006192/x2]
  Saving Pareto Front plot to ./log/regression_config_regression_DSR.json_Livermore2_Vars3_22.in_normal_0.0_2023-05-30-034432/dso_regression_config_regression_DSR.json_Livermore2_Vars3_22.in_normal_0.0_plot_pf.png
-- ANALYZING LOG END ----------------
== POST-PROCESS END ===================
