['mul', 'pow', 'X_5', -1, 'add', 'mul', -0.8378, 'pow', 'add', 'mul', 0.24, 'X_1', 'mul', 'pow', 'X_2', 0.5, 'mul', 'pow', 'X_5', -1, 'pow', 'add', 'X_4', 'mul', -1, 'X_3', -0.5, 0.25, 'mul', -0.59, 'sin', 'X_0']
--------------------
eq_name 	 Livermore2_Vars6_24
num_vars 	 6
vars_range_and_types 	 [{"name": "LogUniform", "range": [0.1, 10], "only_positive": true}, {"name": "LogUniform", "range": [0.1, 10], "only_positive": true}, {"name": "LogUniform", "range": [0.1, 10], "only_positive": true}, {"name": "LogUniform", "range": [0.1, 10], "only_positive": true}, {"name": "LogUniform", "range": [0.1, 10], "only_positive": true}, {"name": "LogUniform", "range": [0.1, 10], "only_positive": true}]
function_set 	 ['add', 'sub', 'mul', 'div', 'sqrt', 'n2', 'log', 'exp', 'sin', 'cos', 'const']
eq_expression 	 mul,pow,X_5,-1,add,mul,-0.8378,pow,add,mul,0.24,X_1,mul,pow,X_2,0.5,mul,pow,X_5,-1,pow,add,X_4,mul,-1,X_3,-0.5,0.25,mul,-0.59,sin,X_0
expr 	 (-0.8378*(0.24*X_1 + sqrt(X_2)/(X_5*sqrt(-X_3 + X_4)))**0.25 - 0.59*sin(X_0))/X_5
--------------------

== EXPERIMENT SETUP START ===========
Task type            : regression
Starting seed        : 0
Runs                 : 1
== EXPERIMENT SETUP END =============

== TRAINING SEED 0 START ============
self.dataX <dso.symbolic_data_generator.DataX object at 0x2b811d192358>, self.data_query_oracle: <dso.symbolic_equation_evaluator_public.Equation_evaluator object at 0x2b810393cd68>
generate dataset!
-- BUILDING PRIOR START -------------
WARNING: Skipping invalid 'RelationalConstraint' with arguments {'targets': [], 'effectors': [], 'relationship': None}. Reason: Prior disabled.
WARNING: Skipping invalid 'TrigConstraint' with arguments {}. Reason: There are no target Tokens.
WARNING: Skipping invalid 'UniformArityPrior' with arguments {}. Reason: Prior disabled.
WARNING: Skipping invalid 'LanguageModelPrior' with arguments {'weight': None}. Reason: Prior disabled.
LengthConstraint: Sequences have minimum length 4.
                  Sequences have maximum length 256.
RepeatConstraint: [const] cannot occur more than 10 times.
RelationalConstraint: [inv] cannot be a child of [inv].
ConstConstraint: [const] cannot be the only unique child of [inv, add, sub, mul, div].
NoInputsConstraint: Sequences contain at least one input variable Token.
SoftLengthPrior: No description available.
-- BUILDING PRIOR END ---------------

-- RUNNING EPOCHS START -------------
gen	iter	pop_size	nevals	uncached_size	best_val	timer  
0  	0   	1024    	1024  	1024         	(nan,)  	1.56175
1  	1   	1024    	749   	680          	(nan,)  	0.251374
2  	2   	1024    	774   	695          	(nan,)  	0.250868
3  	3   	1024    	761   	683          	(nan,)  	0.249717
4  	4   	1024    	748   	663          	(nan,)  	0.247849
5  	5   	1024    	739   	659          	(nan,)  	0.255262
6  	6   	1024    	743   	655          	(nan,)  	0.249239
7  	7   	1024    	799   	699          	(nan,)  	0.421896
8  	8   	1024    	783   	681          	(nan,)  	0.269579
9  	9   	1024    	768   	679          	(nan,)  	0.263189

--------------------------------------------------
GP Time: 4.25612

Unique expressions evaluated: 8112
Total expression evaluations: 7888
--------------------------------------------------

GP -> best program this epoch:

	Reward: nan
	Count Off-policy: 1
	Count On-policy: 0
	Originally on Policy: False
	Invalid: False
	Traversal: div,x6,div,x5,add,x2,x4
	Expression:
	  x₆⋅(x₂ + x₄)
	  ────────────
	       x₅     

None

--------------------------------------------------

