['mul', 'pow', 'X_2', -1, 'add', 'mul', -1, 'X_0', 'mul', -0.54, 'exp', 'mul', 'X_0', 'mul', 'pow', 'add', 'X_3', 'cos', 'X_1', 0.5, 'exp', 'mul', -2, 'X_0']
--------------------
eq_name 	 Livermore2_Vars4_6
num_vars 	 4
vars_range_and_types 	 [{"name": "LogUniform", "range": [0.1, 10], "only_positive": true}, {"name": "LogUniform", "range": [0.1, 10], "only_positive": true}, {"name": "LogUniform", "range": [0.1, 10], "only_positive": true}, {"name": "LogUniform", "range": [0.1, 10], "only_positive": true}]
function_set 	 ['add', 'sub', 'mul', 'div', 'sqrt', 'n2', 'const', 'exp', 'sin', 'cos']
eq_expression 	 mul,pow,X_2,-1,add,mul,-1,X_0,mul,-0.54,exp,mul,X_0,mul,pow,add,X_3,cos,X_1,0.5,exp,mul,-2,X_0
expr 	 (-X_0 - 0.54*exp(X_0*sqrt(X_3 + cos(X_1))*exp(-2*X_0)))/X_2
--------------------

== EXPERIMENT SETUP START ===========
Task type            : regression
Starting seed        : 0
Runs                 : 1
== EXPERIMENT SETUP END =============

== TRAINING SEED 0 START ============
self.dataX <dso.symbolic_data_generator.DataX object at 0x2b9496e35048>, self.data_query_oracle: <dso.symbolic_equation_evaluator_public.Equation_evaluator object at 0x2b94b5ed6d68>
generate dataset!
-- BUILDING PRIOR START -------------
WARNING: Skipping invalid 'RelationalConstraint' with arguments {'targets': [], 'effectors': [], 'relationship': None}. Reason: Prior disabled.
WARNING: Skipping invalid 'TrigConstraint' with arguments {}. Reason: There are no target Tokens.
WARNING: Skipping invalid 'UniformArityPrior' with arguments {}. Reason: Prior disabled.
WARNING: Skipping invalid 'LanguageModelPrior' with arguments {'weight': None}. Reason: Prior disabled.
LengthConstraint: Sequences have minimum length 4.
                  Sequences have maximum length 256.
RepeatConstraint: [const] cannot occur more than 10 times.
RelationalConstraint: [inv] cannot be a child of [inv].
ConstConstraint: [const] cannot be the only unique child of [inv, add, sub, mul, div].
NoInputsConstraint: Sequences contain at least one input variable Token.
SoftLengthPrior: No description available.
-- BUILDING PRIOR END ---------------

-- RUNNING EPOCHS START -------------
[00:00:00:04.54] Training epoch 1/14, current best R: 0.8707

	** New best
	Reward: 0.8706956644727643
	Count Off-policy: False
	Count On-policy: True
	Originally on Policy: True
	Invalid: False
	Traversal: inv,div,x3,sub,mul,-1.2056753782033869,x3,x1
	Expression:
	  -x₁ - 1.2056753782033869⋅x₃
	  ───────────────────────────
	               x₃            

[00:00:00:11.43] Training epoch 3/14, current best R: 0.8809

	** New best
	Reward: 0.8809339401396316
	Count Off-policy: False
	Count On-policy: True
	Originally on Policy: True
	Invalid: False
	Traversal: sub,div,inv,mul,169.17297945962156,x1,inv,add,x3,x4,div,div,add,x3,x1,x3,0.9432319902768261
	Expression:
	    1.060184567856433⋅(x₁ + x₃)   0.0059111094643733066⋅(x₃ + x₄)
	  - ─────────────────────────── + ───────────────────────────────
	                 x₃                              x₁              

[00:00:00:14.42] Training epoch 4/14, current best R: 0.8812

	** New best
	Reward: 0.8811962781216082
	Count Off-policy: False
	Count On-policy: True
	Originally on Policy: True
	Invalid: False
	Traversal: sub,-0.8971189279125252,inv,div,div,div,mul,x3,x4,1.067058833190478,x1,x4
	Expression:
	    1.067058833190478⋅x₁                     
	  - ──────────────────── - 0.8971189279125252
	             x₃                              

[00:00:00:17.42] Training epoch 5/14, current best R: 0.9380

	** New best
	Reward: 0.9379969868715955
	Count Off-policy: False
	Count On-policy: True
	Originally on Policy: True
	Invalid: False
	Traversal: inv,div,x3,sub,mul,-0.0002598413361947035,add,x2,add,mul,x4,x3,2149.148195049088,x1
	Expression:
	  -x₁ - 0.0002598413361947035⋅x₂ - 0.0002598413361947035⋅x₃⋅x₄ - 0.5584375386819
	  ──────────────────────────────────────────────────────────────────────────────
	                                          x₃                                    

	  903
	  ───
   

[00:00:00:23.55] Training epoch 7/14, current best R: 0.9395

	** New best
	Reward: 0.9395127022493266
	Count Off-policy: False
	Count On-policy: True
	Originally on Policy: True
	Invalid: False
	Traversal: mul,x1,inv,div,div,x3,sub,div,x4,mul,x4,x1,inv,mul,add,266.0196562582266,x2,-0.002247050283758575,-0.5928543354241923
	Expression:
	                         ⎛                        1                         1 ⎞ 
	  -0.5928543354241923⋅x₁⋅⎜- ───────────────────────────────────────────── + ──⎟ 
	                         ⎝  -0.002247050283758575⋅x₂ - 0.5977595440804067   x₁⎠ 
	  ──────────────────────────────────────────────────────────────────────────────
	                                        x₃                                      

[00:00:00:33.04] Training epoch 10/14, current best R: 0.9395
[00:00:00:46.34] Ending training after epoch 14/14, current best R: 0.9395
-- RUNNING EPOCHS END ---------------

-- EVALUATION START ----------------
Saving Hall of Fame to ./log/regression_config_regression_PQT.json_Livermore2_Vars4_6.in_normal_0.0_2023-05-30-042152/dso_regression_config_regression_PQT.json_Livermore2_Vars4_6.in_normal_0.0_0_hof.csv
Saving Pareto Front to ./log/regression_config_regression_PQT.json_Livermore2_Vars4_6.in_normal_0.0_2023-05-30-042152/dso_regression_config_regression_PQT.json_Livermore2_Vars4_6.in_normal_0.0_0_pf.csv
Invalid expressions: 261 of 14336 (1.8%).
Error type counts:
  reciprocal: 130 (49.8%)
  true_divide: 131 (50.2%)
Error node counts:
  divide: 259 (99.2%)
  invalid: 2 (0.8%)

Priority queue entry 0:
	Reward: 0.9395127022493266
	Count Off-policy: False
	Count On-policy: True
	Originally on Policy: True
	Invalid: False
	Traversal: mul,x1,inv,div,div,x3,sub,div,x4,mul,x4,x1,inv,mul,add,266.0196562582266,x2,-0.002247050283758575,-0.5928543354241923
	Expression:
	                         ⎛                        1                         1 ⎞ 
	  -0.5928543354241923⋅x₁⋅⎜- ───────────────────────────────────────────── + ──⎟ 
	                         ⎝  -0.002247050283758575⋅x₂ - 0.5977595440804067   x₁⎠ 
	  ──────────────────────────────────────────────────────────────────────────────
	                                        x₃                                      


Priority queue entry 1:
	Reward: 0.9379969868715955
	Count Off-policy: False
	Count On-policy: True
	Originally on Policy: True
	Invalid: False
	Traversal: inv,div,x3,sub,mul,-0.0002598413361947035,add,x2,add,mul,x4,x3,2149.148195049088,x1
	Expression:
	  -x₁ - 0.0002598413361947035⋅x₂ - 0.0002598413361947035⋅x₃⋅x₄ - 0.5584375386819
	  ──────────────────────────────────────────────────────────────────────────────
	                                          x₃                                    

	  903
	  ───
   


Priority queue entry 2:
	Reward: 0.8832416433212534
	Count Off-policy: False
	Count On-policy: True
	Originally on Policy: True
	Invalid: False
	Traversal: add,-0.980948997046496,div,x1,sub,0.009139103083957108,x3
	Expression:
	              x₁                               
	  ───────────────────────── - 0.980948997046496
	  0.009139103083957108 - x₃                    


Priority queue entry 3:
	Reward: 0.8811962781216082
	Count Off-policy: False
	Count On-policy: True
	Originally on Policy: True
	Invalid: False
	Traversal: sub,-0.8971189279125252,inv,div,div,div,mul,x3,x4,1.067058833190478,x1,x4
	Expression:
	    1.067058833190478⋅x₁                     
	  - ──────────────────── - 0.8971189279125252
	             x₃                              


Priority queue entry 4:
	Reward: 0.8809339401396316
	Count Off-policy: False
	Count On-policy: True
	Originally on Policy: True
	Invalid: False
	Traversal: sub,div,inv,mul,169.17297945962156,x1,inv,add,x3,x4,div,div,add,x3,x1,x3,0.9432319902768261
	Expression:
	    1.060184567856433⋅(x₁ + x₃)   0.0059111094643733066⋅(x₃ + x₄)
	  - ─────────────────────────── + ───────────────────────────────
	                 x₃                              x₁              


Priority queue entry 5:
	Reward: 0.874590748601233
	Count Off-policy: False
	Count On-policy: True
	Originally on Policy: True
	Invalid: False
	Traversal: mul,x4,sub,div,div,-2.1653081294723617,add,x4,add,-0.0018655464210775735,x4,div,x3,x1,0.19936388918386908
	Expression:
	     ⎛        2.1653081294723617⋅x₁                            ⎞
	  x₄⋅⎜- ───────────────────────────────── - 0.19936388918386908⎟
	     ⎝  x₃⋅(2⋅x₄ - 0.0018655464210775735)                      ⎠


Priority queue entry 6:
	Reward: 0.8745719355014588
	Count Off-policy: False
	Count On-policy: True
	Originally on Policy: True
	Invalid: False
	Traversal: mul,-1.0849589904716122,add,div,x4,5.490257718841551,div,x1,x3
	Expression:
	    1.0849589904716122⋅x₁                         
	  - ───────────────────── - 0.19761531170899924⋅x₄
	              x₃                                  


Priority queue entry 7:
	Reward: 0.8706956644727643
	Count Off-policy: False
	Count On-policy: True
	Originally on Policy: True
	Invalid: False
	Traversal: inv,div,x3,sub,mul,-1.2056753782033869,x3,x1
	Expression:
	  -x₁ - 1.2056753782033869⋅x₃
	  ───────────────────────────
	               x₃            


Priority queue entry 8:
	Reward: 0.8658836064733422
	Count Off-policy: False
	Count On-policy: True
	Originally on Policy: True
	Invalid: False
	Traversal: mul,-0.01641709619825709,sub,add,sub,inv,x2,x2,sub,inv,x2,inv,div,mul,x3,-0.014890694863108808,x1,x2
	Expression:
	    1.1025070588834568⋅x₁                            0.03283419239651418
	  - ───────────────────── + 0.03283419239651418⋅x₂ - ───────────────────
	              x₃                                              x₂        


Priority queue entry 9:
	Reward: 0.8654154783629292
	Count Off-policy: False
	Count On-policy: True
	Originally on Policy: True
	Invalid: False
	Traversal: mul,-1.1027944388896664,inv,mul,inv,x1,x3
	Expression:
	  -1.1027944388896664⋅x₁ 
	  ───────────────────────
	             x₃          

-- EVALUATION END ------------------
== TRAINING SEED 0 END ==============
INFO: Completed run 1 of 1 in 48 s

== POST-PROCESS START =================
-- LOADING LOGS START ----------------
Successfully loaded summary data
Successfully loaded Hall of Fame data
Successfully loaded Pareto Front data
-- LOADING LOGS END ------------------

-- ANALYZING LOG START --------------
Task_____________regression
Source path______./log/regression_config_regression_PQT.json_Livermore2_Vars4_6.in_normal_0.0_2023-05-30-042152
Runs_____________1
Max Samples/run__15000
Success_rate_____0.0
Hall of Fame (Top 5 of 100)____
    0: S=000 R=0.939513 <-- [-0.5928543354241923*x1*(-1/(-0.002247050283758575*x2 - 0.5977595440804067) + 1/x1)/x3]
    1: S=000 R=0.937997 <-- [(-x1 - 0.0002598413361947035*x2 - 0.0002598413361947035*x3*x4 - 0.5584375386819903)/x3]
    2: S=000 R=0.885186 <-- [1749.4866282343098*x1/(x3*(-x4 - 1798.4054806035656 + 1197.9495458409042/(x1 + 1/x1)))]
    3: S=000 R=0.883242 <-- [x1/(0.009139103083957108 - x3) - 0.980948997046496]
    4: S=000 R=0.881196 <-- [-1.067058833190478*x1/x3 - 0.8971189279125252]
  Saving Hall of Fame plot to ./log/regression_config_regression_PQT.json_Livermore2_Vars4_6.in_normal_0.0_2023-05-30-042152/dso_regression_config_regression_PQT.json_Livermore2_Vars4_6.in_normal_0.0_plot_hof.png
Pareto Front (5 of 5)____
    0: S=000 R=0.939513 C=24.00 <-- [-0.5928543354241923*x1*(-1/(-0.002247050283758575*x2 - 0.5977595440804067) + 1/x1)/x3]
    1: S=000 R=0.937997 C=16.00 <-- [(-x1 - 0.0002598413361947035*x2 - 0.0002598413361947035*x3*x4 - 0.5584375386819903)/x3]
    2: S=000 R=0.883242 C=8.00 <-- [x1/(0.009139103083957108 - x3) - 0.980948997046496]
    3: S=000 R=0.865415 C=6.00 <-- [-1.1027944388896664*x1/x3]
    4: S=000 R=0.565205 C=5.00 <-- [-2.6888564016924925/x3]
  Saving Pareto Front plot to ./log/regression_config_regression_PQT.json_Livermore2_Vars4_6.in_normal_0.0_2023-05-30-042152/dso_regression_config_regression_PQT.json_Livermore2_Vars4_6.in_normal_0.0_plot_pf.png
-- ANALYZING LOG END ----------------
== POST-PROCESS END ===================
