['add', 'X_0', 'add', 'mul', 61.36, 'pow', 'X_1', 6, 'mul', 'X_1', 'mul', 'pow', 'X_0', -1, 'mul', 'pow', 'X_2', -1, 'pow', 'add', 'X_3', 'mul', -1, 'cos', 'mul', 'X_3', 'add', 'X_4', 'mul', 2, 'mul', 'X_0', 'mul', 'X_1', 'mul', 'X_5', 'pow', 'X_4', -1, -1]
--------------------
eq_name 	 Livermore2_Vars6_10
num_vars 	 6
vars_range_and_types 	 [{"name": "LogUniform", "range": [0.1, 10], "only_positive": true}, {"name": "LogUniform", "range": [0.1, 10], "only_positive": true}, {"name": "LogUniform", "range": [0.1, 10], "only_positive": true}, {"name": "LogUniform", "range": [0.1, 10], "only_positive": true}, {"name": "LogUniform", "range": [0.1, 10], "only_positive": true}, {"name": "LogUniform", "range": [0.1, 10], "only_positive": true}]
function_set 	 ['add', 'sub', 'mul', 'div', 'n2', 'pow', 'sin', 'cos', 'const']
eq_expression 	 add,X_0,add,mul,61.36,pow,X_1,6,mul,X_1,mul,pow,X_0,-1,mul,pow,X_2,-1,pow,add,X_3,mul,-1,cos,mul,X_3,add,X_4,mul,2,mul,X_0,mul,X_1,mul,X_5,pow,X_4,-1,-1
expr 	 X_0 + 61.36*X_1**6 + X_1/(X_0*X_2*(X_3 - cos(X_3*(2*X_0*X_1*X_5/X_4 + X_4))))
--------------------

== EXPERIMENT SETUP START ===========
Task type            : regression
Starting seed        : 0
Runs                 : 1
== EXPERIMENT SETUP END =============

== TRAINING SEED 0 START ============
self.dataX <dso.symbolic_data_generator.DataX object at 0x2b38201d7c50>, self.data_query_oracle: <dso.symbolic_equation_evaluator_public.Equation_evaluator object at 0x2b3806a43d68>
generate dataset!
-- BUILDING PRIOR START -------------
WARNING: Skipping invalid 'RelationalConstraint' with arguments {'targets': [], 'effectors': [], 'relationship': None}. Reason: Prior disabled.
WARNING: Skipping invalid 'TrigConstraint' with arguments {}. Reason: There are no target Tokens.
WARNING: Skipping invalid 'UniformArityPrior' with arguments {}. Reason: Prior disabled.
WARNING: Skipping invalid 'LanguageModelPrior' with arguments {'weight': None}. Reason: Prior disabled.
LengthConstraint: Sequences have minimum length 4.
                  Sequences have maximum length 256.
RepeatConstraint: [const] cannot occur more than 10 times.
RelationalConstraint: [inv] cannot be a child of [inv].
ConstConstraint: [const] cannot be the only unique child of [inv, add, sub, mul, div].
NoInputsConstraint: Sequences contain at least one input variable Token.
SoftLengthPrior: No description available.
-- BUILDING PRIOR END ---------------

-- RUNNING EPOCHS START -------------
[00:00:00:01.90] Training epoch 1/14, current best R: 0.5123

	** New best
	Reward: 0.5122631349771568
	Count Off-policy: False
	Count On-policy: True
	Originally on Policy: True
	Invalid: False
	Traversal: sub,mul,mul,mul,sub,x5,div,-2027.1639953968022,x5,x2,div,x2,x6,x2,x5
	Expression:
	    3 ⎛     2027.1639953968022⎞     
	  x₂ ⋅⎜x₅ + ──────────────────⎟     
	      ⎝             x₅        ⎠     
	  ───────────────────────────── - x₅
	                x₆                  

[00:00:00:05.21] Training epoch 4/14, current best R: 0.5409

	** New best
	Reward: 0.5409384609238996
	Count Off-policy: False
	Count On-policy: True
	Originally on Policy: True
	Invalid: False
	Traversal: add,mul,mul,sub,-0.40387187282103176,add,x2,add,x6,x3,mul,mul,x2,mul,div,x2,x5,x4,-4810.739248660409,x5,x6
	Expression:
	                        2                                              
	  - 4810.739248660409⋅x₂ ⋅x₄⋅(-x₂ - x₃ - x₆ - 0.40387187282103176) + x₆

[00:00:00:11.67] Training epoch 10/14, current best R: 0.5409
[00:00:00:16.11] Training epoch 14/14, current best R: 0.5493

	** New best
	Reward: 0.5493413647854822
	Count Off-policy: False
	Count On-policy: True
	Originally on Policy: True
	Invalid: False
	Traversal: add,div,div,sub,mul,x2,sub,x3,sub,x6,mul,mul,add,x2,x2,x6,x2,x5,0.01589452618239451,0.01589452618239451,x5
	Expression:
	                       ⎛    2             ⎞                       
	  3958.264650272519⋅x₂⋅⎝2⋅x₂ ⋅x₆ + x₃ - x₆⎠ - 3957.264650272519⋅x₅

[00:00:00:16.12] Ending training after epoch 14/14, current best R: 0.5493
-- RUNNING EPOCHS END ---------------

-- EVALUATION START ----------------
Saving Hall of Fame to ./log/regression_config_regression_VPG.json_Livermore2_Vars6_10.in_normal_0.0_2023-05-30-030801/dso_regression_config_regression_VPG.json_Livermore2_Vars6_10.in_normal_0.0_0_hof.csv
Saving Pareto Front to ./log/regression_config_regression_VPG.json_Livermore2_Vars6_10.in_normal_0.0_2023-05-30-030801/dso_regression_config_regression_VPG.json_Livermore2_Vars6_10.in_normal_0.0_0_pf.csv
Invalid expressions: 175 of 14336 (1.2%).
Error type counts:
  true_divide: 90 (51.4%)
  reciprocal: 85 (48.6%)
Error node counts:
  divide: 175 (100.0%)
-- EVALUATION END ------------------
== TRAINING SEED 0 END ==============
INFO: Completed run 1 of 1 in 17 s

== POST-PROCESS START =================
-- LOADING LOGS START ----------------
Successfully loaded summary data
Successfully loaded Hall of Fame data
Successfully loaded Pareto Front data
-- LOADING LOGS END ------------------

-- ANALYZING LOG START --------------
Task_____________regression
Source path______./log/regression_config_regression_VPG.json_Livermore2_Vars6_10.in_normal_0.0_2023-05-30-030801
Runs_____________1
Max Samples/run__15000
Success_rate_____0.0
Hall of Fame (Top 5 of 100)____
    0: S=000 R=0.549341 <-- [3958.264650272519*x2*(2*x2**2*x6 + x3 - x6) - 3957.264650272519*x5]
    1: S=000 R=0.540938 <-- [-4810.739248660409*x2**2*x4*(-x2 - x3 - x6 - 0.40387187282103176) + x6]
    2: S=000 R=0.535839 <-- [x2**2*x4*(218.80223050444926*x4*x6 + 57222.957687887294)]
    3: S=000 R=0.532938 <-- [4176.999996110797*x2**3/x3 + x2]
    4: S=000 R=0.516341 <-- [x1*(-x1*x4 + 603.3730607052939*x2)*(x1**2*x4 + 465.26059419138136)]
  Saving Hall of Fame plot to ./log/regression_config_regression_VPG.json_Livermore2_Vars6_10.in_normal_0.0_2023-05-30-030801/dso_regression_config_regression_VPG.json_Livermore2_Vars6_10.in_normal_0.0_plot_hof.png
Pareto Front (5 of 11)____
    0: S=000 R=0.549341 C=23.00 <-- [3958.264650272519*x2*(2*x2**2*x6 + x3 - x6) - 3957.264650272519*x5]
    1: S=000 R=0.540938 C=22.00 <-- [-4810.739248660409*x2**2*x4*(-x2 - x3 - x6 - 0.40387187282103176) + x6]
    2: S=000 R=0.535839 C=20.00 <-- [x2**2*x4*(218.80223050444926*x4*x6 + 57222.957687887294)]
    3: S=000 R=0.532938 C=19.00 <-- [4176.999996110797*x2**3/x3 + x2]
    4: S=000 R=0.516341 C=17.00 <-- [x1*(-x1*x4 + 603.3730607052939*x2)*(x1**2*x4 + 465.26059419138136)]
  Saving Pareto Front plot to ./log/regression_config_regression_VPG.json_Livermore2_Vars6_10.in_normal_0.0_2023-05-30-030801/dso_regression_config_regression_VPG.json_Livermore2_Vars6_10.in_normal_0.0_plot_pf.png
-- ANALYZING LOG END ----------------
== POST-PROCESS END ===================
