['add', 'pow', 'X_2', 0.25, 'add', 'mul', -1, 'pow', 'log', 'X_5', 2, 'add', 'mul', 'X_0', 'pow', 'add', 'X_2', 'add', 'mul', 'X_5', 'sin', 'mul', 'X_6', 'pow', 'X_4', -1, 'mul', 97.02, 'mul', 'pow', 'X_1', 2, 'pow', 'X_5', 4, -1, 'mul', -1, 'mul', 'X_3', 'X_6']
--------------------
eq_name 	 Livermore2_Vars7_7
num_vars 	 7
vars_range_and_types 	 [{"name": "LogUniform", "range": [0.1, 10], "only_positive": true}, {"name": "LogUniform", "range": [0.1, 10], "only_positive": true}, {"name": "LogUniform", "range": [0.1, 10], "only_positive": true}, {"name": "LogUniform", "range": [0.1, 10], "only_positive": true}, {"name": "LogUniform", "range": [0.1, 10], "only_positive": true}, {"name": "LogUniform", "range": [0.1, 10], "only_positive": true}, {"name": "LogUniform", "range": [0.1, 10], "only_positive": true}]
function_set 	 ['add', 'sub', 'mul', 'div', 'sqrt', 'n2', 'log', 'sin', 'cos', 'const']
eq_expression 	 add,pow,X_2,0.25,add,mul,-1,pow,log,X_5,2,add,mul,X_0,pow,add,X_2,add,mul,X_5,sin,mul,X_6,pow,X_4,-1,mul,97.02,mul,pow,X_1,2,pow,X_5,4,-1,mul,-1,mul,X_3,X_6
expr 	 X_0/(97.02*X_1**2*X_5**4 + X_2 + X_5*sin(X_6/X_4)) + X_2**0.25 - X_3*X_6 - log(X_5)**2
--------------------

== EXPERIMENT SETUP START ===========
Task type            : regression
Starting seed        : 0
Runs                 : 1
== EXPERIMENT SETUP END =============

== TRAINING SEED 0 START ============
self.dataX <dso.symbolic_data_generator.DataX object at 0x2b1648ce1a90>, self.data_query_oracle: <dso.symbolic_equation_evaluator_public.Equation_evaluator object at 0x2b162f472d68>
generate dataset!
-- BUILDING PRIOR START -------------
WARNING: Skipping invalid 'RelationalConstraint' with arguments {'targets': [], 'effectors': [], 'relationship': None}. Reason: Prior disabled.
WARNING: Skipping invalid 'TrigConstraint' with arguments {}. Reason: There are no target Tokens.
WARNING: Skipping invalid 'UniformArityPrior' with arguments {}. Reason: Prior disabled.
WARNING: Skipping invalid 'LanguageModelPrior' with arguments {'weight': None}. Reason: Prior disabled.
LengthConstraint: Sequences have minimum length 4.
                  Sequences have maximum length 256.
RepeatConstraint: [const] cannot occur more than 10 times.
RelationalConstraint: [inv] cannot be a child of [inv].
ConstConstraint: [const] cannot be the only unique child of [inv, add, sub, mul, div].
NoInputsConstraint: Sequences contain at least one input variable Token.
SoftLengthPrior: No description available.
-- BUILDING PRIOR END ---------------

-- RUNNING EPOCHS START -------------
[00:00:00:03.03] Training epoch 1/14, current best R: 0.5081

	** New best
	Reward: 0.5081496351195125
	Count Off-policy: False
	Count On-policy: True
	Originally on Policy: True
	Invalid: False
	Traversal: sub,inv,x7,add,add,x6,x7,x4
	Expression:
	                  1 
	  -x₄ - x₆ - x₇ + ──
	                  x₇

[00:00:00:05.21] Training epoch 2/14, current best R: 0.5156

	** New best
	Reward: 0.5155985045818446
	Count Off-policy: False
	Count On-policy: True
	Originally on Policy: True
	Invalid: False
	Traversal: add,x6,mul,x4,mul,x7,-1.1018090978247754
	Expression:
	  -1.1018090978247754⋅x₄⋅x₇ + x₆

[00:00:00:09.31] Training epoch 4/14, current best R: 0.5167

	** New best
	Reward: 0.5167065789006502
	Count Off-policy: False
	Count On-policy: True
	Originally on Policy: True
	Invalid: False
	Traversal: add,x3,inv,div,inv,mul,x7,-1.1044207782195954,x4
	Expression:
	  x₃ - 1.1044207782195954⋅x₄⋅x₇

[00:00:00:11.38] Training epoch 5/14, current best R: 0.5183

	** New best
	Reward: 0.5183334533973006
	Count Off-policy: False
	Count On-policy: True
	Originally on Policy: True
	Invalid: False
	Traversal: add,-2.146953064343426,sub,x1,mul,x4,x7
	Expression:
	  x₁ - x₄⋅x₇ - 2.146953064343426

[00:00:00:13.15] Training epoch 6/14, current best R: 0.5188

	** New best
	Reward: 0.5187526091288104
	Count Off-policy: False
	Count On-policy: True
	Originally on Policy: True
	Invalid: False
	Traversal: div,x7,inv,div,-4.9405048562377445,inv,add,inv,div,4.897713135011508,x4,0.007832573469946121
	Expression:
	  x₇⋅(-1.0087370819904371⋅x₄ - 0.038696867265107733)

[00:00:00:21.87] Training epoch 10/14, current best R: 0.5188
[00:00:00:31.17] Ending training after epoch 14/14, current best R: 0.5188
-- RUNNING EPOCHS END ---------------

-- EVALUATION START ----------------
Saving Hall of Fame to ./log/regression_config_regression_VPG.json_Livermore2_Vars7_7.in_normal_0.0_2023-05-30-031315/dso_regression_config_regression_VPG.json_Livermore2_Vars7_7.in_normal_0.0_0_hof.csv
Saving Pareto Front to ./log/regression_config_regression_VPG.json_Livermore2_Vars7_7.in_normal_0.0_2023-05-30-031315/dso_regression_config_regression_VPG.json_Livermore2_Vars7_7.in_normal_0.0_0_pf.csv
Invalid expressions: 162 of 14336 (1.1%).
Error type counts:
  true_divide: 80 (49.4%)
  reciprocal: 82 (50.6%)
Error node counts:
  divide: 162 (100.0%)
-- EVALUATION END ------------------
== TRAINING SEED 0 END ==============
INFO: Completed run 1 of 1 in 32 s

== POST-PROCESS START =================
-- LOADING LOGS START ----------------
Successfully loaded summary data
Successfully loaded Hall of Fame data
Successfully loaded Pareto Front data
-- LOADING LOGS END ------------------

-- ANALYZING LOG START --------------
Task_____________regression
Source path______./log/regression_config_regression_VPG.json_Livermore2_Vars7_7.in_normal_0.0_2023-05-30-031315
Runs_____________1
Max Samples/run__15000
Success_rate_____0.0
Hall of Fame (Top 5 of 100)____
    0: S=000 R=0.518753 <-- [x7*(-1.0087370819904371*x4 - 0.038696867265107733)]
    1: S=000 R=0.518752 <-- [x7*(-x4 - 0.0081685563014528995*x7)]
    2: S=000 R=0.518751 <-- [x4*(0.004541912668330145 - 1.0174552117877227*x7)]
    3: S=000 R=0.518653 <-- [x4*x7*(x7 - 289.5162962029996)/(x7 + 289.57933461517507)]
    4: S=000 R=0.518427 <-- [-390.1360657546639*x4*x7/(x6*(x2 + x6) + 350.26115857857826)]
  Saving Hall of Fame plot to ./log/regression_config_regression_VPG.json_Livermore2_Vars7_7.in_normal_0.0_2023-05-30-031315/dso_regression_config_regression_VPG.json_Livermore2_Vars7_7.in_normal_0.0_plot_hof.png
Pareto Front (5 of 5)____
    0: S=000 R=0.518753 C=18.00 <-- [x7*(-1.0087370819904371*x4 - 0.038696867265107733)]
    1: S=000 R=0.518752 C=9.00 <-- [x7*(-x4 - 0.0081685563014528995*x7)]
    2: S=000 R=0.518751 C=7.00 <-- [x4*(0.004541912668330145 - 1.0174552117877227*x7)]
    3: S=000 R=0.505629 C=6.00 <-- [-2.215707237767369*x7]
    4: S=000 R=0.503761 C=5.00 <-- [-x4 - 2.5363512088227576]
  Saving Pareto Front plot to ./log/regression_config_regression_VPG.json_Livermore2_Vars7_7.in_normal_0.0_2023-05-30-031315/dso_regression_config_regression_VPG.json_Livermore2_Vars7_7.in_normal_0.0_plot_pf.png
-- ANALYZING LOG END ----------------
== POST-PROCESS END ===================
