['add', -5, 'mul', 'cos', 'X_0', 'sin', 'pow', 'X_0', 2]
--------------------
eq_name 	 Livermore_18
num_vars 	 1
vars_range_and_types 	 [{"name": "LogUniform", "range": [0.1, 10], "only_positive": true}]
function_set 	 ['add', 'sub', 'mul', 'div', 'sin', 'cos', 'pow', 'const']
eq_expression 	 add,-5,mul,cos,X_0,sin,pow,X_0,2
expr 	 sin(X_0**2)*cos(X_0) - 5
--------------------

== EXPERIMENT SETUP START ===========
Task type            : regression
Starting seed        : 0
Runs                 : 1
== EXPERIMENT SETUP END =============

== TRAINING SEED 0 START ============
self.dataX <dso.symbolic_data_generator.DataX object at 0x2ade25ebc080>, self.data_query_oracle: <dso.symbolic_equation_evaluator_public.Equation_evaluator object at 0x2ade44f5eda0>
generate dataset!
-- BUILDING PRIOR START -------------
WARNING: Skipping invalid 'RelationalConstraint' with arguments {'targets': [], 'effectors': [], 'relationship': None}. Reason: Prior disabled.
WARNING: Skipping invalid 'TrigConstraint' with arguments {}. Reason: There are no target Tokens.
WARNING: Skipping invalid 'UniformArityPrior' with arguments {}. Reason: Prior disabled.
WARNING: Skipping invalid 'LanguageModelPrior' with arguments {'weight': None}. Reason: Prior disabled.
LengthConstraint: Sequences have minimum length 4.
                  Sequences have maximum length 256.
RepeatConstraint: [const] cannot occur more than 10 times.
RelationalConstraint: [inv] cannot be a child of [inv].
ConstConstraint: [const] cannot be the only unique child of [inv, add, sub, mul, div].
NoInputsConstraint: Sequences contain at least one input variable Token.
SoftLengthPrior: No description available.
-- BUILDING PRIOR END ---------------

-- RUNNING EPOCHS START -------------
[00:00:00:29.26] Training epoch 1/14, current best R: 0.5223

	** New best
	Reward: 0.5223369350167784
	Count Off-policy: False
	Count On-policy: True
	Originally on Policy: True
	Invalid: False
	Traversal: add,mul,add,mul,sub,inv,add,sub,inv,div,x1,0.00912742881838296,sub,0.9813776762715201,mul,0.11176896719700848,mul,0.1117803016818289,x1,0.9626294797051916,x1,8.166206748161303,x1,0.00015025072132726728,-5.013114588451549
	Expression:
	                                                                         0.00122
	  -0.0010767277330915662⋅x₁ - 5.013114588451549 + ──────────────────────────────
                                                                              
	                                                  0.012493568871948046⋅x₁ - 0.01
                                                                              

	  69784544188335                       
	  ─────────────────────────────────────
	                    0.00912742881838296
	  874819656632851 + ───────────────────
	                             x₁        

[00:00:00:54.51] Training epoch 2/14, current best R: 0.5228

	** New best
	Reward: 0.5227697632386811
	Count Off-policy: False
	Count On-policy: True
	Originally on Policy: True
	Invalid: False
	Traversal: add,mul,div,0.416712053262622,mul,x1,add,div,mul,add,x1,add,add,0.8589681392856947,div,div,0.8863755113146727,x1,-0.5785072259936853,x1,-0.4629062301276092,x1,x1,0.4167114731503268,-5.010980302525004
	Expression:
	                                                   0.1736486935945647           
	  -5.010980302525004 + ─────────────────────────────────────────────────────────
	                          ⎛                                                   0.
	                          ⎜     -0.9258124602552184⋅x₁ - 0.3976217031564681 + ──
	                          ⎜                                                     
	                       x₁⋅⎜x₁ + ────────────────────────────────────────────────
	                          ⎝                                    x₁               

                 
	  ─────────────────
	  7092543152167746⎞
	  ────────────────⎟
	        x₁        ⎟
	  ────────────────⎟
	                  ⎠

[00:00:01:53.76] Training epoch 4/14, current best R: 0.5261

	** New best
	Reward: 0.5261063920160794
	Count Off-policy: False
	Count On-policy: True
	Originally on Policy: True
	Invalid: False
	Traversal: add,mul,mul,x1,div,inv,add,mul,div,3.8711759668734063,x1,div,add,sub,div,sub,x1,1.4522660024745246,-0.14324762508013125,-0.9723987687368195,x1,x1,x1,10.381510353713333,-0.07842300265014154,-4.843617487841186
	Expression:
	                          0.0075541033990387187⋅x₁                              
	  - ──────────────────────────────────────────────────────────────────── - 4.843
	         3.8711759668734063⋅(11.110549412854947 - 5.9809185279030649⋅x₁)        
	    x₁ + ───────────────────────────────────────────────────────────────        
	                                         2                                      
	                                       x₁                                       

            
	  617487841186
            
            
            
            

[00:00:03:40.55] Training epoch 7/14, current best R: 0.5364

	** New best
	Reward: 0.536387156377622
	Count Off-policy: False
	Count On-policy: True
	Originally on Policy: True
	Invalid: False
	Traversal: div,sub,mul,add,sub,inv,mul,add,2.767710526253334,sub,div,div,x1,sub,2.5212361230103757,x1,68.61667783081872,x1,11.908584071736554,x1,-3.3704195805561366,4.832691677356457,-16.115042731489808,x1
	Expression:
	                                                                        4.832691
	  -4.832691677356457⋅x₁ - 0.173155924663074 + ──────────────────────────────────
	                                                                        0.173552
	                                              -11.908584071736554⋅x₁ + ─────────
	                                                                       2.5212361
	  ──────────────────────────────────────────────────────────────────────────────
	                                                          x₁                    

	  677356457                          
	  ───────────────────────────────────
	  32646352187⋅x₁                     
	  ────────────── + 32.959513488118049
	  230103757 - x₁                     
	  ───────────────────────────────────
                                   

[00:00:05:48.75] Training epoch 10/14, current best R: 0.5364
[00:00:08:57.04] Ending training after epoch 14/14, current best R: 0.5364
-- RUNNING EPOCHS END ---------------

-- EVALUATION START ----------------
Saving Hall of Fame to ./log/regression_config_regression_DSR.json_Livermore_18.in_normal_0.0_2023-05-30-034259/dso_regression_config_regression_DSR.json_Livermore_18.in_normal_0.0_0_hof.csv
Saving Pareto Front to ./log/regression_config_regression_DSR.json_Livermore_18.in_normal_0.0_2023-05-30-034259/dso_regression_config_regression_DSR.json_Livermore_18.in_normal_0.0_0_pf.csv
Invalid expressions: 313 of 14336 (2.2%).
Error type counts:
  true_divide: 111 (35.5%)
  reciprocal: 202 (64.5%)
Error node counts:
  divide: 312 (99.7%)
  invalid: 1 (0.3%)
-- EVALUATION END ------------------
== TRAINING SEED 0 END ==============
INFO: Completed run 1 of 1 in 538 s

== POST-PROCESS START =================
-- LOADING LOGS START ----------------
Successfully loaded summary data
Successfully loaded Hall of Fame data
Successfully loaded Pareto Front data
-- LOADING LOGS END ------------------

-- ANALYZING LOG START --------------
Task_____________regression
Source path______./log/regression_config_regression_DSR.json_Livermore_18.in_normal_0.0_2023-05-30-034259
Runs_____________1
Max Samples/run__15000
Success_rate_____0.0
Hall of Fame (Top 5 of 100)____
    0: S=000 R=0.536387 <-- [(-4.832691677356457*x1 - 0.173155924663074 + 4.832691677356457/(-11.908584071736554*x1 + 0.17355232646352187*x1/(2.5212361230103757 - x1) + 32.959513488118049))/x1]
    1: S=000 R=0.535329 <-- [-0.042249770845655453*x1 - 4.6923298624178204 + 0.042249770845655453/(x1*(x1 + 1/(-0.5558101542381012 + 1/(-3.6567271767192913 + 24.226080795841774/x1))))]
    2: S=000 R=0.530871 <-- [-4.8925840658045916 - 0.13263681906416833/(x1 - 2.907522897805306 + 1/(5.8372326366672445 - 1.0263852478952582/(x1 - 2.3486065057000856)))]
    3: S=000 R=0.530871 <-- [-4.892585823777459 + 1/(x1/(-0.13263662903153335 + 0.0015824526608097933/(x1 - 2.512519382189874)) + 20.719183066187946)]
    4: S=000 R=0.526128 <-- [-0.038456584049599332*x1/(24.87595072599199 + 1/(-0.02698642175043124*x1 + 0.1101662194399214 - 0.20983804507252346/x1)) - 4.842892999163994]
  Saving Hall of Fame plot to ./log/regression_config_regression_DSR.json_Livermore_18.in_normal_0.0_2023-05-30-034259/dso_regression_config_regression_DSR.json_Livermore_18.in_normal_0.0_plot_hof.png
Pareto Front (5 of 13)____
    0: S=000 R=0.536387 C=28.00 <-- [(-4.832691677356457*x1 - 0.173155924663074 + 4.832691677356457/(-11.908584071736554*x1 + 0.17355232646352187*x1/(2.5212361230103757 - x1) + 32.959513488118049))/x1]
    1: S=000 R=0.526128 C=27.00 <-- [-0.038456584049599332*x1/(24.87595072599199 + 1/(-0.02698642175043124*x1 + 0.1101662194399214 - 0.20983804507252346/x1)) - 4.842892999163994]
    2: S=000 R=0.525705 C=24.00 <-- [-0.0022813674768614872*x1/(x1 - 5.5811437973258868 + 7.8012921461165096/x1) - 4.8461405632842346]
    3: S=000 R=0.522661 C=22.00 <-- [-5.025959183482821 + 0.0700497452489273/(x1 - 2.0158024611417034 + 1/(0.6180212719064383*x1 + 0.23797160969076156))]
    4: S=000 R=0.522332 C=21.00 <-- [x1/(-9.85399445858899*x1*(1.6938188229126758 - x1) + 2*x1 + 7.1646869894232781) - 5.0177247171689485]
  Saving Pareto Front plot to ./log/regression_config_regression_DSR.json_Livermore_18.in_normal_0.0_2023-05-30-034259/dso_regression_config_regression_DSR.json_Livermore_18.in_normal_0.0_plot_pf.png
-- ANALYZING LOG END ----------------
== POST-PROCESS END ===================
