['mul', 'X_1', 'mul', 'pow', 'X_0', 2, 'pow', 'add', 'X_0', 'X_2', -0.25]
--------------------
eq_name 	 Livermore2_Vars3_23
num_vars 	 3
vars_range_and_types 	 [{"name": "LogUniform", "range": [0.1, 10], "only_positive": true}, {"name": "LogUniform", "range": [0.1, 10], "only_positive": true}, {"name": "LogUniform", "range": [0.1, 10], "only_positive": true}]
function_set 	 ['add', 'sub', 'mul', 'div', 'pow', 'n2', 'const']
eq_expression 	 mul,X_1,mul,pow,X_0,2,pow,add,X_0,X_2,-0.25
expr 	 X_0**2*X_1/(X_0 + X_2)**0.25
--------------------

== EXPERIMENT SETUP START ===========
Task type            : regression
Starting seed        : 0
Runs                 : 1
== EXPERIMENT SETUP END =============

== TRAINING SEED 0 START ============
self.dataX <dso.symbolic_data_generator.DataX object at 0x2b5d477339e8>, self.data_query_oracle: <dso.symbolic_equation_evaluator_public.Equation_evaluator object at 0x2b5d31fccd68>
generate dataset!
-- BUILDING PRIOR START -------------
WARNING: Skipping invalid 'RelationalConstraint' with arguments {'targets': [], 'effectors': [], 'relationship': None}. Reason: Prior disabled.
WARNING: Skipping invalid 'TrigConstraint' with arguments {}. Reason: There are no target Tokens.
WARNING: Skipping invalid 'UniformArityPrior' with arguments {}. Reason: Prior disabled.
WARNING: Skipping invalid 'LanguageModelPrior' with arguments {'weight': None}. Reason: Prior disabled.
LengthConstraint: Sequences have minimum length 4.
                  Sequences have maximum length 256.
RepeatConstraint: [const] cannot occur more than 10 times.
RelationalConstraint: [inv] cannot be a child of [inv].
ConstConstraint: [const] cannot be the only unique child of [inv, add, sub, mul, div].
NoInputsConstraint: Sequences contain at least one input variable Token.
SoftLengthPrior: No description available.
-- BUILDING PRIOR END ---------------

-- RUNNING EPOCHS START -------------
[00:00:00:06.12] Training epoch 1/14, current best R: 0.9433

	** New best
	Reward: 0.9433024041182128
	Count Off-policy: False
	Count On-policy: True
	Originally on Policy: True
	Invalid: False
	Traversal: sub,sub,x1,mul,mul,x1,0.5884414390406821,sub,div,x1,inv,mul,mul,div,-0.8354189026311315,x2,x2,x2,x2,x1
	Expression:
	  -0.5884414390406821⋅x₁⋅(-0.8354189026311315⋅x₁⋅x₂ - x₂)

[00:00:00:17.07] Training epoch 3/14, current best R: 0.9433

	** New best
	Reward: 0.9433024041197345
	Count Off-policy: False
	Count On-policy: True
	Originally on Policy: True
	Invalid: False
	Traversal: div,x1,inv,div,x2,inv,add,div,x1,2.0341974081456797,sub,1.5884469903072078,div,x1,x1
	Expression:
	  x₁⋅x₂⋅(0.4915943732872875⋅x₁ + 0.5884469903072078)

[00:00:00:21.76] Training epoch 4/14, current best R: 0.9450

	** New best
	Reward: 0.9450355519645188
	Count Off-policy: False
	Count On-policy: True
	Originally on Policy: True
	Invalid: False
	Traversal: mul,19.208617031331872,mul,add,0.9994838687052271,div,sub,mul,mul,div,x3,sub,x1,-25.768274341700973,x2,x1,x3,x3,x1
	Expression:
	                        ⎛                             x₁⋅x₂⋅x₃            ⎞
	                        ⎜                     ─────────────────────── - x₃⎟
	                        ⎜                     x₁ + 25.768274341700973     ⎟
	  19.208617031331872⋅x₁⋅⎜0.9994838687052271 + ────────────────────────────⎟
	                        ⎝                                  x₃             ⎠

[00:00:00:53.72] Training epoch 9/14, current best R: 0.9800

	** New best
	Reward: 0.9800185448122222
	Count Off-policy: False
	Count On-policy: True
	Originally on Policy: True
	Invalid: False
	Traversal: mul,div,x1,sub,x1,-37.17513509676889,mul,add,mul,div,inv,div,add,x3,38.218089204718666,92.09869236038877,0.09262351783107484,x1,x2,x2
	Expression:
	        ⎛            10.79639408453243⋅x₁                 ⎞
	  x₁⋅x₂⋅⎜──────────────────────────────────────────── + x₂⎟
	        ⎝0.01085791746192148⋅x₃ + 0.41496885813718777     ⎠
	  ─────────────────────────────────────────────────────────
	                    x₁ + 37.17513509676889                 

[00:00:01:00.81] Training epoch 10/14, current best R: 0.9800
[00:00:01:38.55] Ending training after epoch 14/14, current best R: 0.9800
-- RUNNING EPOCHS END ---------------

-- EVALUATION START ----------------
Saving Hall of Fame to ./log/regression_config_regression_DSR.json_Livermore2_Vars3_23.in_normal_0.0_2023-05-30-035037/dso_regression_config_regression_DSR.json_Livermore2_Vars3_23.in_normal_0.0_0_hof.csv
Saving Pareto Front to ./log/regression_config_regression_DSR.json_Livermore2_Vars3_23.in_normal_0.0_2023-05-30-035037/dso_regression_config_regression_DSR.json_Livermore2_Vars3_23.in_normal_0.0_0_pf.csv
Invalid expressions: 271 of 14336 (1.9%).
Error type counts:
  true_divide: 110 (40.6%)
  reciprocal: 161 (59.4%)
Error node counts:
  divide: 270 (99.6%)
  invalid: 1 (0.4%)
-- EVALUATION END ------------------
== TRAINING SEED 0 END ==============
INFO: Completed run 1 of 1 in 100 s

== POST-PROCESS START =================
-- LOADING LOGS START ----------------
Successfully loaded summary data
Successfully loaded Hall of Fame data
Successfully loaded Pareto Front data
-- LOADING LOGS END ------------------

-- ANALYZING LOG START --------------
Task_____________regression
Source path______./log/regression_config_regression_DSR.json_Livermore2_Vars3_23.in_normal_0.0_2023-05-30-035037
Runs_____________1
Max Samples/run__15000
Success_rate_____0.0
Hall of Fame (Top 5 of 100)____
    0: S=000 R=0.980019 <-- [x1*x2*(10.79639408453243*x1/(0.01085791746192148*x3 + 0.41496885813718777) + x2)/(x1 + 37.17513509676889)]
    1: S=000 R=0.973126 <-- [0.47379325021954072*x1*x2*(x1 - 0.19376294229962457*x3 + 1.7777730316248224) + 0.47379325021954072*x1 - 1.1063739023983257]
    2: S=000 R=0.959160 <-- [x1*(0.0002812933078451268*x1 - 0.006619118989858413*x2*(-x1 - 3.948997380461735))*(2*x1 - x3 + 42.39790979099467)]
    3: S=000 R=0.948867 <-- [-0.3601117512280581*x1*(-54.7399069050016*x1*x2 + x1)/(x1 + 26.58894973846484) - 0.3601117512280581*x3 + 0.9548363867216111]
    4: S=000 R=0.945399 <-- [-0.5944249130067558*x1*x2*(0.02082266850273994*x1*x3 - x1)]
  Saving Hall of Fame plot to ./log/regression_config_regression_DSR.json_Livermore2_Vars3_23.in_normal_0.0_2023-05-30-035037/dso_regression_config_regression_DSR.json_Livermore2_Vars3_23.in_normal_0.0_plot_hof.png
Pareto Front (5 of 10)____
    0: S=000 R=0.980019 C=24.00 <-- [x1*x2*(10.79639408453243*x1/(0.01085791746192148*x3 + 0.41496885813718777) + x2)/(x1 + 37.17513509676889)]
    1: S=000 R=0.973126 C=20.00 <-- [0.47379325021954072*x1*x2*(x1 - 0.19376294229962457*x3 + 1.7777730316248224) + 0.47379325021954072*x1 - 1.1063739023983257]
    2: S=000 R=0.945399 C=18.00 <-- [-0.5944249130067558*x1*x2*(0.02082266850273994*x1*x3 - x1)]
    3: S=000 R=0.892111 C=16.00 <-- [-x2*(1206.1547912473618*x1**2/(-x2 - 1757.076833679758) + x1) + x2]
    4: S=000 R=0.841744 C=14.00 <-- [x1*x2*(0.6802798910370336*x1 - 0.3197201089629664*x3)]
  Saving Pareto Front plot to ./log/regression_config_regression_DSR.json_Livermore2_Vars3_23.in_normal_0.0_2023-05-30-035037/dso_regression_config_regression_DSR.json_Livermore2_Vars3_23.in_normal_0.0_plot_pf.png
-- ANALYZING LOG END ----------------
== POST-PROCESS END ===================
