['add', 'X_0', 'add', 'mul', -1, 'X_3', 'mul', -1, 'mul', 'pow', 'X_0', -8, 'mul', 'pow', 'X_1', -2, 'mul', 'pow', 'X_2', -2, 'pow', 'add', 'mul', -1, 'X_0', 'sin', 'X_0', 4]
--------------------
eq_name 	 Livermore2_Vars4_4
num_vars 	 4
vars_range_and_types 	 [{"name": "LogUniform", "range": [0.1, 10], "only_positive": true}, {"name": "LogUniform", "range": [0.1, 10], "only_positive": true}, {"name": "LogUniform", "range": [0.1, 10], "only_positive": true}, {"name": "LogUniform", "range": [0.1, 10], "only_positive": true}]
function_set 	 ['add', 'sub', 'mul', 'div', 'const', 'pow', 'sin', 'cos']
eq_expression 	 add,X_0,add,mul,-1,X_3,mul,-1,mul,pow,X_0,-8,mul,pow,X_1,-2,mul,pow,X_2,-2,pow,add,mul,-1,X_0,sin,X_0,4
expr 	 X_0 - X_3 - (-X_0 + sin(X_0))**4/(X_0**8*X_1**2*X_2**2)
--------------------

== EXPERIMENT SETUP START ===========
Task type            : regression
Starting seed        : 0
Runs                 : 1
== EXPERIMENT SETUP END =============

== TRAINING SEED 0 START ============
self.dataX <dso.symbolic_data_generator.DataX object at 0x2b5bbb124080>, self.data_query_oracle: <dso.symbolic_equation_evaluator_public.Equation_evaluator object at 0x2b5ba59aecf8>
generate dataset!
-- BUILDING PRIOR START -------------
WARNING: Skipping invalid 'RelationalConstraint' with arguments {'targets': [], 'effectors': [], 'relationship': None}. Reason: Prior disabled.
WARNING: Skipping invalid 'TrigConstraint' with arguments {}. Reason: There are no target Tokens.
WARNING: Skipping invalid 'UniformArityPrior' with arguments {}. Reason: Prior disabled.
WARNING: Skipping invalid 'LanguageModelPrior' with arguments {'weight': None}. Reason: Prior disabled.
LengthConstraint: Sequences have minimum length 4.
                  Sequences have maximum length 256.
RepeatConstraint: [const] cannot occur more than 10 times.
RelationalConstraint: [inv] cannot be a child of [inv].
ConstConstraint: [const] cannot be the only unique child of [inv, add, sub, mul, div].
NoInputsConstraint: Sequences contain at least one input variable Token.
SoftLengthPrior: No description available.
-- BUILDING PRIOR END ---------------

-- RUNNING EPOCHS START -------------
[00:00:00:05.08] Training epoch 1/14, current best R: 0.5736

	** New best
	Reward: 0.5736086883704287
	Count Off-policy: False
	Count On-policy: True
	Originally on Policy: True
	Invalid: False
	Traversal: sub,x1,inv,div,add,inv,x2,0.6746149040833885,x4
	Expression:
	                  x₄          
	  x₁ - ───────────────────────
	                            1 
	       0.6746149040833885 + ──
	                            x₂

[00:00:00:08.31] Training epoch 2/14, current best R: 0.6404

	** New best
	Reward: 0.6404443767671456
	Count Off-policy: False
	Count On-policy: True
	Originally on Policy: True
	Invalid: False
	Traversal: div,sub,x1,mul,x4,add,1.107997375789409,mul,div,x2,x3,-0.0018297243034102201,1.0758371870187093
	Expression:
	                                                  ⎛  0.0018297243034102201⋅x₂   
	  0.92950867665314263⋅x₁ - 0.92950867665314263⋅x₄⋅⎜- ──────────────────────── + 
	                                                  ⎝             x₃              

	                   ⎞
	  1.107997375789409⎟
	                   ⎠

[00:00:00:13.74] Training epoch 4/14, current best R: 0.6434

	** New best
	Reward: 0.6434347958291777
	Count Off-policy: False
	Count On-policy: True
	Originally on Policy: True
	Invalid: False
	Traversal: sub,x1,add,x4,mul,inv,div,x2,mul,div,inv,x4,add,x2,-0.07936475932157554,x2,0.015877780022463574
	Expression:
	                 0.015877780022463574    
	  x₁ - x₄ - ─────────────────────────────
	            x₄⋅(x₂ - 0.07936475932157554)

[00:00:00:19.65] Training epoch 6/14, current best R: 0.6462

	** New best
	Reward: 0.6461555208047981
	Count Off-policy: False
	Count On-policy: True
	Originally on Policy: True
	Invalid: False
	Traversal: add,add,sub,mul,add,inv,x2,x2,mul,0.0008134440825729849,x2,x4,div,-0.1791719718151143,x2,x1
	Expression:
	                                ⎛     1 ⎞        0.1791719718151143
	  x₁ + 0.0008134440825729849⋅x₂⋅⎜x₂ + ──⎟ - x₄ - ──────────────────
	                                ⎝     x₂⎠                x₂        

[00:00:00:32.26] Training epoch 10/14, current best R: 0.6462
[00:00:00:46.58] Ending training after epoch 14/14, current best R: 0.6462
-- RUNNING EPOCHS END ---------------

-- EVALUATION START ----------------
Saving Hall of Fame to ./log/regression_config_regression_PQT.json_Livermore2_Vars4_4.in_normal_0.0_2023-05-30-041725/dso_regression_config_regression_PQT.json_Livermore2_Vars4_4.in_normal_0.0_0_hof.csv
Saving Pareto Front to ./log/regression_config_regression_PQT.json_Livermore2_Vars4_4.in_normal_0.0_2023-05-30-041725/dso_regression_config_regression_PQT.json_Livermore2_Vars4_4.in_normal_0.0_0_pf.csv
Invalid expressions: 268 of 14336 (1.9%).
Error type counts:
  reciprocal: 158 (59.0%)
  true_divide: 110 (41.0%)
Error node counts:
  divide: 267 (99.6%)
  invalid: 1 (0.4%)

Priority queue entry 0:
	Reward: 0.6461555208047981
	Count Off-policy: False
	Count On-policy: True
	Originally on Policy: True
	Invalid: False
	Traversal: add,add,sub,mul,add,inv,x2,x2,mul,0.0008134440825729849,x2,x4,div,-0.1791719718151143,x2,x1
	Expression:
	                                ⎛     1 ⎞        0.1791719718151143
	  x₁ + 0.0008134440825729849⋅x₂⋅⎜x₂ + ──⎟ - x₄ - ──────────────────
	                                ⎝     x₂⎠                x₂        


Priority queue entry 1:
	Reward: 0.6461474335684767
	Count Off-policy: False
	Count On-policy: True
	Originally on Policy: True
	Invalid: False
	Traversal: sub,x1,add,div,inv,x2,div,inv,div,0.17884399826142583,x2,x2,x4
	Expression:
	            0.17884399826142583
	  x₁ - x₄ - ───────────────────
	                     x₂        


Priority queue entry 2:
	Reward: 0.6440315599022414
	Count Off-policy: False
	Count On-policy: True
	Originally on Policy: True
	Invalid: False
	Traversal: sub,mul,-1.0023207130162968,x4,sub,div,inv,add,add,6.736256489825992,x2,inv,mul,add,x3,x1,x3,x2,x1
	Expression:
	                                                   1                     
	  x₁ - 1.0023207130162968⋅x₄ - ──────────────────────────────────────────
	                                  ⎛                              1      ⎞
	                               x₂⋅⎜x₂ + 6.736256489825992 + ────────────⎟
	                                  ⎝                         x₃⋅(x₁ + x₃)⎠


Priority queue entry 3:
	Reward: 0.6434347958291777
	Count Off-policy: False
	Count On-policy: True
	Originally on Policy: True
	Invalid: False
	Traversal: sub,x1,add,x4,mul,inv,div,x2,mul,div,inv,x4,add,x2,-0.07936475932157554,x2,0.015877780022463574
	Expression:
	                 0.015877780022463574    
	  x₁ - x₄ - ─────────────────────────────
	            x₄⋅(x₂ - 0.07936475932157554)


Priority queue entry 4:
	Reward: 0.6416220112685121
	Count Off-policy: False
	Count On-policy: True
	Originally on Policy: True
	Invalid: False
	Traversal: add,sub,add,sub,x1,x1,div,x3,11.075815492789642,add,x4,0.4831249152415268,x1
	Expression:
	  x₁ + 0.090286805576618732⋅x₃ - x₄ - 0.4831249152415268


Priority queue entry 5:
	Reward: 0.6415989937577384
	Count Off-policy: False
	Count On-policy: True
	Originally on Policy: True
	Invalid: False
	Traversal: sub,sub,add,mul,add,div,sub,x3,sub,inv,mul,mul,sub,div,inv,x1,x2,2.0099874096949404,x4,x4,x4,18253.720714712035,0.08877839324256494,x3,x1,x4,0.4794445030683498
	Expression:
	          ⎛                                                                     
	  x₁ + x₃⋅⎜5.4783351604258162e-5⋅x₃ + 5.4783351604258162e-5⋅x₄ + 0.0887783932425
	          ⎜                                                                     
	          ⎜                                                                     
	          ⎝                                                                     

	               5.4783351604258162e-5      ⎞                          
	  6494 - ─────────────────────────────────⎟ - x₄ - 0.4794445030683498
	           2 ⎛                        1  ⎞⎟                          
	         x₄ ⋅⎜-2.0099874096949404 + ─────⎟⎟                          
	             ⎝                      x₁⋅x₂⎠⎠                          


Priority queue entry 6:
	Reward: 0.6413776656722442
	Count Off-policy: False
	Count On-policy: True
	Originally on Policy: True
	Invalid: False
	Traversal: sub,x1,add,x4,div,0.01873388459268589,inv,add,div,add,x1,x2,x2,div,x3,x2
	Expression:
	            0.01873388459268589⋅x₃   0.01873388459268589⋅(x₁ + x₂)
	  x₁ - x₄ - ────────────────────── - ─────────────────────────────
	                      x₂                           x₂             


Priority queue entry 7:
	Reward: 0.6404443767671456
	Count Off-policy: False
	Count On-policy: True
	Originally on Policy: True
	Invalid: False
	Traversal: div,sub,x1,mul,x4,add,1.107997375789409,mul,div,x2,x3,-0.0018297243034102201,1.0758371870187093
	Expression:
	                                                  ⎛  0.0018297243034102201⋅x₂   
	  0.92950867665314263⋅x₁ - 0.92950867665314263⋅x₄⋅⎜- ──────────────────────── + 
	                                                  ⎝             x₃              

	                   ⎞
	  1.107997375789409⎟
	                   ⎠


Priority queue entry 8:
	Reward: 0.6404343407637507
	Count Off-policy: False
	Count On-policy: True
	Originally on Policy: True
	Invalid: False
	Traversal: mul,-0.005747544278547649,mul,add,x2,159.6503543139084,sub,mul,x4,2.0985022079762525,add,x1,x4
	Expression:
	  -0.005747544278547649⋅(-x₁ + 1.0985022079762525⋅x₄)⋅(x₂ + 159.6503543139084)


Priority queue entry 9:
	Reward: 0.6403766073167683
	Count Off-policy: False
	Count On-policy: True
	Originally on Policy: True
	Invalid: False
	Traversal: mul,x1,add,0.9296035462106395,div,-1.0221230707989695,mul,x1,inv,x4
	Expression:
	     ⎛                     1.0221230707989695⋅x₄⎞
	  x₁⋅⎜0.9296035462106395 - ─────────────────────⎟
	     ⎝                               x₁         ⎠

-- EVALUATION END ------------------
== TRAINING SEED 0 END ==============
INFO: Completed run 1 of 1 in 48 s

== POST-PROCESS START =================
-- LOADING LOGS START ----------------
Successfully loaded summary data
Successfully loaded Hall of Fame data
Successfully loaded Pareto Front data
-- LOADING LOGS END ------------------

-- ANALYZING LOG START --------------
Task_____________regression
Source path______./log/regression_config_regression_PQT.json_Livermore2_Vars4_4.in_normal_0.0_2023-05-30-041725
Runs_____________1
Max Samples/run__15000
Success_rate_____0.0
Hall of Fame (Top 5 of 100)____
    0: S=000 R=0.646156 <-- [x1 + 0.0008134440825729849*x2*(x2 + 1/x2) - x4 - 0.1791719718151143/x2]
    1: S=000 R=0.646147 <-- [x1 - x4 - 0.17884399826142583/x2]
    2: S=000 R=0.644032 <-- [x1 - 1.0023207130162968*x4 - 1/(x2*(x2 + 6.736256489825992 + 1/(x3*(x1 + x3))))]
    3: S=000 R=0.643435 <-- [x1 - x4 - 0.015877780022463574/(x4*(x2 - 0.07936475932157554))]
    4: S=000 R=0.641622 <-- [x1 + 0.090286805576618732*x3 - x4 - 0.4831249152415268]
  Saving Hall of Fame plot to ./log/regression_config_regression_PQT.json_Livermore2_Vars4_4.in_normal_0.0_2023-05-30-041725/dso_regression_config_regression_PQT.json_Livermore2_Vars4_4.in_normal_0.0_plot_hof.png
Pareto Front (5 of 8)____
    0: S=000 R=0.646156 C=18.00 <-- [x1 + 0.0008134440825729849*x2*(x2 + 1/x2) - x4 - 0.1791719718151143/x2]
    1: S=000 R=0.641622 C=14.00 <-- [x1 + 0.090286805576618732*x3 - x4 - 0.4831249152415268]
    2: S=000 R=0.640434 C=13.00 <-- [-0.005747544278547649*(-x1 + 1.0985022079762525*x4)*(x2 + 159.6503543139084)]
    3: S=000 R=0.640377 C=12.00 <-- [x1*(0.9296035462106395 - 1.0221230707989695*x4/x1)]
    4: S=000 R=0.639856 C=9.00 <-- [x1 + x4*(0.016570936267330163*x2 - 1.0872515606331865)]
  Saving Pareto Front plot to ./log/regression_config_regression_PQT.json_Livermore2_Vars4_4.in_normal_0.0_2023-05-30-041725/dso_regression_config_regression_PQT.json_Livermore2_Vars4_4.in_normal_0.0_plot_pf.png
-- ANALYZING LOG END ----------------
== POST-PROCESS END ===================
