['add', 'X_1', 'add', 'mul', -2.23, 'pow', 'X_3', 0.5, 'add', 'mul', -1, 'mul', 'X_0', 'pow', 'X_1', -1, 'add', 'mul', -2.23, 'mul', 'X_1', 'X_2', 'add', 'mul', -2.23, 'mul', 'X_2', 'pow', 'X_3', -0.5, 'log', 'X_0']
--------------------
eq_name 	 Livermore2_Vars4_23
num_vars 	 4
vars_range_and_types 	 [{"name": "LogUniform", "range": [0.1, 10], "only_positive": true}, {"name": "LogUniform", "range": [0.1, 10], "only_positive": true}, {"name": "LogUniform", "range": [0.1, 10], "only_positive": true}, {"name": "LogUniform", "range": [0.1, 10], "only_positive": true}]
function_set 	 ['add', 'sub', 'mul', 'div', 'sqrt', 'n2', 'log', 'const']
eq_expression 	 add,X_1,add,mul,-2.23,pow,X_3,0.5,add,mul,-1,mul,X_0,pow,X_1,-1,add,mul,-2.23,mul,X_1,X_2,add,mul,-2.23,mul,X_2,pow,X_3,-0.5,log,X_0
expr 	 -X_0/X_1 - 2.23*X_1*X_2 + X_1 - 2.23*X_2/sqrt(X_3) - 2.23*sqrt(X_3) + log(X_0)
--------------------

== EXPERIMENT SETUP START ===========
Task type            : regression
Starting seed        : 0
Runs                 : 1
== EXPERIMENT SETUP END =============

== TRAINING SEED 0 START ============
self.dataX <dso.symbolic_data_generator.DataX object at 0x2b637afb1b38>, self.data_query_oracle: <dso.symbolic_equation_evaluator_public.Equation_evaluator object at 0x2b636584bd68>
generate dataset!
-- BUILDING PRIOR START -------------
WARNING: Skipping invalid 'RelationalConstraint' with arguments {'targets': [], 'effectors': [], 'relationship': None}. Reason: Prior disabled.
WARNING: Skipping invalid 'TrigConstraint' with arguments {}. Reason: There are no target Tokens.
WARNING: Skipping invalid 'UniformArityPrior' with arguments {}. Reason: Prior disabled.
WARNING: Skipping invalid 'LanguageModelPrior' with arguments {'weight': None}. Reason: Prior disabled.
LengthConstraint: Sequences have minimum length 4.
                  Sequences have maximum length 256.
RepeatConstraint: [const] cannot occur more than 10 times.
RelationalConstraint: [inv] cannot be a child of [inv].
ConstConstraint: [const] cannot be the only unique child of [inv, add, sub, mul, div].
NoInputsConstraint: Sequences contain at least one input variable Token.
SoftLengthPrior: No description available.
-- BUILDING PRIOR END ---------------

-- RUNNING EPOCHS START -------------
[00:00:00:04.25] Training epoch 1/14, current best R: 0.6613

	** New best
	Reward: 0.6613172839834526
	Count Off-policy: False
	Count On-policy: True
	Originally on Policy: True
	Invalid: False
	Traversal: sub,-10.740053393286233,mul,sub,add,mul,x3,3.2992905293671346,sub,x1,x3,x1,x2
	Expression:
	  -2.2992905293671346⋅x₂⋅x₃ - 10.740053393286233

[00:00:00:07.85] Training epoch 2/14, current best R: 0.6732

	** New best
	Reward: 0.6731722267985767
	Count Off-policy: False
	Count On-policy: True
	Originally on Policy: True
	Invalid: False
	Traversal: add,x1,add,div,-11.306552471649415,add,x4,x2,sub,mul,-527.1832602625584,inv,div,200.84999319842868,mul,x3,x2,x1
	Expression:
	                              11.306552471649415
	  -2.6247611556637222⋅x₂⋅x₃ - ──────────────────
	                                   x₂ + x₄      

[00:00:00:14.81] Training epoch 4/14, current best R: 0.7017

	** New best
	Reward: 0.7016780290738128
	Count Off-policy: False
	Count On-policy: True
	Originally on Policy: True
	Invalid: False
	Traversal: sub,-10.71974619899076,mul,1.2566793874068267,mul,1.2566794185663384,add,sub,mul,add,1.9953336211094925,x2,x3,add,x4,inv,x3,x1
	Expression:
                                                                              
	  -1.5792431218907133⋅x₁ - 1.5792431218907133⋅x₃⋅(x₂ + 1.9953336211094925) + 1.5
                                                                              

	                                           1.5792431218907133
	  792431218907133⋅x₄ - 10.71974619899076 + ──────────────────
	                                                   x₃        

[00:00:00:26.27] Training epoch 7/14, current best R: 0.7043

	** New best
	Reward: 0.7043481932941371
	Count Off-policy: False
	Count On-policy: True
	Originally on Policy: True
	Invalid: False
	Traversal: add,-5.280312267463046,mul,x3,mul,-1.7893809582100857,add,sub,mul,sub,x1,x1,add,x4,x1,-2.0230482660626206,x2
	Expression:
	  x₃⋅(-1.7893809582100857⋅x₂ - 3.6200040448323845) - 5.280312267463046

[00:00:00:30.80] Training epoch 8/14, current best R: 0.7125

	** New best
	Reward: 0.7125384918165747
	Count Off-policy: False
	Count On-policy: True
	Originally on Policy: True
	Invalid: False
	Traversal: sub,mul,1.7916830264733457,mul,sub,-1.079445587141322,add,mul,x2,div,2.1003854586916297,add,div,x2,1.5712259459986049,x2,x2,x3,x1
	Expression:
	  -x₁ + 1.7916830264733457⋅x₃⋅(-x₂ - 2.3629501093441561)

[00:00:00:39.77] Training epoch 10/14, current best R: 0.7125
[00:00:01:03.52] Ending training after epoch 14/14, current best R: 0.7125
-- RUNNING EPOCHS END ---------------

-- EVALUATION START ----------------
Saving Hall of Fame to ./log/regression_config_regression_DSR.json_Livermore2_Vars4_23.in_normal_0.0_2023-05-30-035837/dso_regression_config_regression_DSR.json_Livermore2_Vars4_23.in_normal_0.0_0_hof.csv
Saving Pareto Front to ./log/regression_config_regression_DSR.json_Livermore2_Vars4_23.in_normal_0.0_2023-05-30-035837/dso_regression_config_regression_DSR.json_Livermore2_Vars4_23.in_normal_0.0_0_pf.csv
Invalid expressions: 221 of 14336 (1.5%).
Error type counts:
  reciprocal: 127 (57.5%)
  true_divide: 94 (42.5%)
Error node counts:
  divide: 220 (99.5%)
  invalid: 1 (0.5%)
-- EVALUATION END ------------------
== TRAINING SEED 0 END ==============
INFO: Completed run 1 of 1 in 65 s

== POST-PROCESS START =================
-- LOADING LOGS START ----------------
Successfully loaded summary data
Successfully loaded Hall of Fame data
Successfully loaded Pareto Front data
-- LOADING LOGS END ------------------

-- ANALYZING LOG START --------------
Task_____________regression
Source path______./log/regression_config_regression_DSR.json_Livermore2_Vars4_23.in_normal_0.0_2023-05-30-035837
Runs_____________1
Max Samples/run__15000
Success_rate_____0.0
Hall of Fame (Top 5 of 100)____
    0: S=000 R=0.712538 <-- [-x1 + 1.7916830264733457*x3*(-x2 - 2.3629501093441561)]
    1: S=000 R=0.704348 <-- [x3*(-1.7893809582100857*x2 - 3.6200040448323845) - 5.280312267463046]
    2: S=000 R=0.701678 <-- [-1.5792431218907133*x1 - 1.5792431218907133*x3*(x2 + 1.9953336211094925) + 1.5792431218907133*x4 - 10.71974619899076 + 1.5792431218907133/x3]
    3: S=000 R=0.697802 <-- [x3 + (1.660462913008733*x2 + 5.5408192846000395)*(-x3 - 0.055820617778861686 - 0.0907102666363157/x4)]
    4: S=000 R=0.697533 <-- [x2*(-x3*(2.8631945634278609 - 1.4714305917696036/(x3 + 7.943203897943054)) + 3.289498319072127) - 15.751669096950823]
  Saving Hall of Fame plot to ./log/regression_config_regression_DSR.json_Livermore2_Vars4_23.in_normal_0.0_2023-05-30-035837/dso_regression_config_regression_DSR.json_Livermore2_Vars4_23.in_normal_0.0_plot_hof.png
Pareto Front (5 of 6)____
    0: S=000 R=0.712538 C=21.00 <-- [-x1 + 1.7916830264733457*x3*(-x2 - 2.3629501093441561)]
    1: S=000 R=0.704348 C=17.00 <-- [x3*(-1.7893809582100857*x2 - 3.6200040448323845) - 5.280312267463046]
    2: S=000 R=0.697802 C=16.00 <-- [x3 + (1.660462913008733*x2 + 5.5408192846000395)*(-x3 - 0.055820617778861686 - 0.0907102666363157/x4)]
    3: S=000 R=0.692946 C=11.00 <-- [(-1.6794404520877604*x2 - 4.5625840537969668)*(x3 + 0.2334873402736381)]
    4: S=000 R=0.672685 C=7.00 <-- [(x2 + 5.384674576256115)*(-x3 - 0.6473196458864588)]
  Saving Pareto Front plot to ./log/regression_config_regression_DSR.json_Livermore2_Vars4_23.in_normal_0.0_2023-05-30-035837/dso_regression_config_regression_DSR.json_Livermore2_Vars4_23.in_normal_0.0_plot_pf.png
-- ANALYZING LOG END ----------------
== POST-PROCESS END ===================
