['add', 'mul', -1, 'X_3', 'add', 'mul', -1, 'cos', 'add', 'X_1', 'add', 'X_4', 'pow', 'mul', 'X_1', 'X_4', 0.5, 'log', 'add', 'X_2', 'mul', 'X_0', 'pow', 'log', 'mul', 11.06, 'mul', 'X_1', 'pow', 'X_4', 2, -1]
--------------------
eq_name 	 Livermore2_Vars5_15
num_vars 	 5
vars_range_and_types 	 [{"name": "LogUniform", "range": [0.1, 10], "only_positive": true}, {"name": "LogUniform", "range": [0.1, 10], "only_positive": true}, {"name": "LogUniform", "range": [0.1, 10], "only_positive": true}, {"name": "LogUniform", "range": [0.1, 10], "only_positive": true}, {"name": "LogUniform", "range": [0.1, 10], "only_positive": true}]
function_set 	 ['add', 'sub', 'mul', 'div', 'sqrt', 'n2', 'log', 'const', 'sin', 'cos', 'const']
eq_expression 	 add,mul,-1,X_3,add,mul,-1,cos,add,X_1,add,X_4,pow,mul,X_1,X_4,0.5,log,add,X_2,mul,X_0,pow,log,mul,11.06,mul,X_1,pow,X_4,2,-1
expr 	 -X_3 + log(X_0/log(11.06*X_1*X_4**2) + X_2) - cos(X_1 + X_4 + sqrt(X_1*X_4))
--------------------

== EXPERIMENT SETUP START ===========
Task type            : regression
Starting seed        : 0
Runs                 : 1
== EXPERIMENT SETUP END =============

== TRAINING SEED 0 START ============
self.dataX <dso.symbolic_data_generator.DataX object at 0x2b6aad8da390>, self.data_query_oracle: <dso.symbolic_equation_evaluator_public.Equation_evaluator object at 0x2b6a940fbd68>
generate dataset!
-- BUILDING PRIOR START -------------
WARNING: Skipping invalid 'RelationalConstraint' with arguments {'targets': [], 'effectors': [], 'relationship': None}. Reason: Prior disabled.
WARNING: Skipping invalid 'TrigConstraint' with arguments {}. Reason: There are no target Tokens.
WARNING: Skipping invalid 'UniformArityPrior' with arguments {}. Reason: Prior disabled.
WARNING: Skipping invalid 'LanguageModelPrior' with arguments {'weight': None}. Reason: Prior disabled.
LengthConstraint: Sequences have minimum length 4.
                  Sequences have maximum length 256.
RepeatConstraint: [const] cannot occur more than 10 times.
RelationalConstraint: [inv] cannot be a child of [inv].
ConstConstraint: [const] cannot be the only unique child of [inv, add, sub, mul, div].
NoInputsConstraint: Sequences contain at least one input variable Token.
SoftLengthPrior: No description available.
-- BUILDING PRIOR END ---------------

-- RUNNING EPOCHS START -------------
[00:00:00:04.10] Training epoch 1/14, current best R: 0.6528

	** New best
	Reward: 0.6528012819197828
	Count Off-policy: False
	Count On-policy: True
	Originally on Policy: True
	Invalid: False
	Traversal: add,0.5345412397371719,sub,div,add,add,inv,x4,mul,x4,x5,add,sub,x3,x4,x5,119.7377408685247,x4
	Expression:
                                                                              
	  0.008351585663354274⋅x₃ + 0.008351585663354274⋅x₄⋅x₅ - 1.008351585663354⋅x₄ + 
                                                                              

	                                                 0.008351585663354274
	  0.008351585663354274⋅x₅ + 0.5345412397371719 + ────────────────────
	                                                          x₄         

[00:00:00:06.90] Training epoch 2/14, current best R: 0.6640

	** New best
	Reward: 0.6639660216779054
	Count Off-policy: False
	Count On-policy: True
	Originally on Policy: True
	Invalid: False
	Traversal: add,x4,sub,sub,x4,inv,add,sub,inv,div,x4,0.3430464803334229,1.0003003960949155,0.9993768281832563,mul,-0.21575944392204008,x1
	Expression:
	                                                       1                     
	  0.21575944392204008⋅x₁ + 2⋅x₄ - ───────────────────────────────────────────
	                                                           0.3430464803334229
	                                  -0.0009235679116592066 + ──────────────────
	                                                                   x₄        

[00:00:00:13.22] Training epoch 4/14, current best R: 0.6832

	** New best
	Reward: 0.6832355375616923
	Count Off-policy: False
	Count On-policy: True
	Originally on Policy: True
	Invalid: False
	Traversal: sub,-1820.4572919499296,add,sub,div,add,4872.758429701168,x3,add,div,6736.563690206036,add,x2,-2166.2493746673886,0.43277806608409447,x2,x4
	Expression:
	                                             x₃ + 4872.758429701168           
	  x₂ - x₄ - 1820.4572919499296 - ─────────────────────────────────────────────
	                                                          6736.563690206036   
	                                 0.43277806608409447 + ───────────────────────
	                                                       x₂ - 2166.2493746673886

[00:00:00:16.21] Training epoch 5/14, current best R: 0.6841

	** New best
	Reward: 0.6840789592091262
	Count Off-policy: False
	Count On-policy: True
	Originally on Policy: True
	Invalid: False
	Traversal: mul,-0.29299791867722025,sub,sub,x4,div,x4,div,add,-603.5093960023468,inv,sub,sub,x4,x4,x4,1464.279093580653,x3
	Expression:
	                                                               0.292997918677220
	  0.29299791867722025⋅x₃ - 0.29299791867722025⋅x₄ + ────────────────────────────
	                                                                          0.0006
	                                                    -0.4121546217849523 - ──────
                                                                              

	  25⋅x₄          
	  ───────────────
	  829299171066254
	  ───────────────
	      x₄         

[00:00:00:31.42] Training epoch 10/14, current best R: 0.6841
[00:00:00:45.71] Training epoch 14/14, current best R: 0.6850

	** New best
	Reward: 0.6849794271495153
	Count Off-policy: False
	Count On-policy: True
	Originally on Policy: True
	Invalid: False
	Traversal: sub,mul,x3,add,0.3357178985366675,mul,inv,x5,-0.01436313365457204,x4
	Expression:
	     ⎛                     0.01436313365457204⎞     
	  x₃⋅⎜0.3357178985366675 - ───────────────────⎟ - x₄
	     ⎝                              x₅        ⎠     

[00:00:00:45.72] Ending training after epoch 14/14, current best R: 0.6850
-- RUNNING EPOCHS END ---------------

-- EVALUATION START ----------------
Saving Hall of Fame to ./log/regression_config_regression_PQT.json_Livermore2_Vars5_15.in_normal_0.0_2023-05-30-032045/dso_regression_config_regression_PQT.json_Livermore2_Vars5_15.in_normal_0.0_0_hof.csv
Saving Pareto Front to ./log/regression_config_regression_PQT.json_Livermore2_Vars5_15.in_normal_0.0_2023-05-30-032045/dso_regression_config_regression_PQT.json_Livermore2_Vars5_15.in_normal_0.0_0_pf.csv
Invalid expressions: 227 of 14336 (1.6%).
Error type counts:
  reciprocal: 121 (53.3%)
  true_divide: 106 (46.7%)
Error node counts:
  divide: 227 (100.0%)

Priority queue entry 0:
	Reward: 0.6849794271495153
	Count Off-policy: False
	Count On-policy: True
	Originally on Policy: True
	Invalid: False
	Traversal: sub,mul,x3,add,0.3357178985366675,mul,inv,x5,-0.01436313365457204,x4
	Expression:
	     ⎛                     0.01436313365457204⎞     
	  x₃⋅⎜0.3357178985366675 - ───────────────────⎟ - x₄
	     ⎝                              x₅        ⎠     


Priority queue entry 1:
	Reward: 0.6840789592091262
	Count Off-policy: False
	Count On-policy: True
	Originally on Policy: True
	Invalid: False
	Traversal: mul,-0.29299791867722025,sub,sub,x4,div,x4,div,add,-603.5093960023468,inv,sub,sub,x4,x4,x4,1464.279093580653,x3
	Expression:
	                                                               0.292997918677220
	  0.29299791867722025⋅x₃ - 0.29299791867722025⋅x₄ + ────────────────────────────
	                                                                          0.0006
	                                                    -0.4121546217849523 - ──────
                                                                              

	  25⋅x₄          
	  ───────────────
	  829299171066254
	  ───────────────
	      x₄         


Priority queue entry 2:
	Reward: 0.6832355375616923
	Count Off-policy: False
	Count On-policy: True
	Originally on Policy: True
	Invalid: False
	Traversal: sub,-1820.4572919499296,add,sub,div,add,4872.758429701168,x3,add,div,6736.563690206036,add,x2,-2166.2493746673886,0.43277806608409447,x2,x4
	Expression:
	                                             x₃ + 4872.758429701168           
	  x₂ - x₄ - 1820.4572919499296 - ─────────────────────────────────────────────
	                                                          6736.563690206036   
	                                 0.43277806608409447 + ───────────────────────
	                                                       x₂ - 2166.2493746673886


Priority queue entry 3:
	Reward: 0.676092124709316
	Count Off-policy: False
	Count On-policy: True
	Originally on Policy: True
	Invalid: False
	Traversal: add,div,x3,add,x2,2.848985048313777,mul,-0.976437184531892,x4
	Expression:
	            x₃                                 
	  ────────────────────── - 0.976437184531892⋅x₄
	  x₂ + 2.848985048313777                       


Priority queue entry 4:
	Reward: 0.670260022422815
	Count Off-policy: False
	Count On-policy: True
	Originally on Policy: True
	Invalid: False
	Traversal: add,0.1806637761586324,add,sub,mul,add,x4,x1,div,sub,div,x3,6.690453714844896,4.192926795844057,4.307455272650885,sub,x1,x1,x1
	Expression:
	  x₁ + (x₁ + x₄)⋅(0.03469953483447989⋅x₃ - 0.9734115691150648) + 0.1806637761586
	  324


Priority queue entry 5:
	Reward: 0.6648775813656008
	Count Off-policy: False
	Count On-policy: True
	Originally on Policy: True
	Invalid: False
	Traversal: mul,div,x4,add,x3,x4,sub,-0.48377183208554947,x4
	Expression:
	  x₄⋅(-x₄ - 0.48377183208554947)
	  ──────────────────────────────
	             x₃ + x₄            


Priority queue entry 6:
	Reward: 0.6644613588817695
	Count Off-policy: False
	Count On-policy: True
	Originally on Policy: True
	Invalid: False
	Traversal: sub,0.18786960757445928,add,x5,add,x4,sub,add,x1,mul,-1.1978578129254114,x1,x5
	Expression:
	  0.1978578129254114⋅x₁ - x₄ + 0.18786960757445928


Priority queue entry 7:
	Reward: 0.6639660216779054
	Count Off-policy: False
	Count On-policy: True
	Originally on Policy: True
	Invalid: False
	Traversal: add,x4,sub,sub,x4,inv,add,sub,inv,div,x4,0.3430464803334229,1.0003003960949155,0.9993768281832563,mul,-0.21575944392204008,x1
	Expression:
	                                                       1                     
	  0.21575944392204008⋅x₁ + 2⋅x₄ - ───────────────────────────────────────────
	                                                           0.3430464803334229
	                                  -0.0009235679116592066 + ──────────────────
	                                                                   x₄        


Priority queue entry 8:
	Reward: 0.6634161159174866
	Count Off-policy: False
	Count On-policy: True
	Originally on Policy: True
	Invalid: False
	Traversal: sub,sub,x1,mul,x1,0.7651502245278557,x4
	Expression:
	  0.2348497754721443⋅x₁ - x₄


Priority queue entry 9:
	Reward: 0.6616952308591518
	Count Off-policy: False
	Count On-policy: True
	Originally on Policy: True
	Invalid: False
	Traversal: sub,div,x1,sub,x1,add,sub,sub,inv,sub,mul,sub,x4,mul,x4,1.0488427470205133,x1,x3,x1,x2,x1,x4
	Expression:
	                     x₁                        
	  ──────────────────────────────────────── - x₄
	                          1                    
	  x₁ + x₂ - ──────────────────────────────     
	            -0.0488427470205133⋅x₁⋅x₄ - x₃     

-- EVALUATION END ------------------
== TRAINING SEED 0 END ==============
INFO: Completed run 1 of 1 in 47 s

== POST-PROCESS START =================
-- LOADING LOGS START ----------------
Successfully loaded summary data
Successfully loaded Hall of Fame data
Successfully loaded Pareto Front data
-- LOADING LOGS END ------------------

-- ANALYZING LOG START --------------
Task_____________regression
Source path______./log/regression_config_regression_PQT.json_Livermore2_Vars5_15.in_normal_0.0_2023-05-30-032045
Runs_____________1
Max Samples/run__15000
Success_rate_____0.0
Hall of Fame (Top 5 of 100)____
    0: S=000 R=0.684979 <-- [x3*(0.3357178985366675 - 0.01436313365457204/x5) - x4]
    1: S=000 R=0.684079 <-- [0.29299791867722025*x3 - 0.29299791867722025*x4 + 0.29299791867722025*x4/(-0.4121546217849523 - 0.0006829299171066254/x4)]
    2: S=000 R=0.683236 <-- [x2 - x4 - 1820.4572919499296 - (x3 + 4872.758429701168)/(0.43277806608409447 + 6736.563690206036/(x2 - 2166.2493746673886))]
    3: S=000 R=0.682358 <-- [0.86864750362647573*x3/(x5 + 1/(x5 + 0.015524653863261793/x5)) - x4]
    4: S=000 R=0.676092 <-- [x3/(x2 + 2.848985048313777) - 0.976437184531892*x4]
  Saving Hall of Fame plot to ./log/regression_config_regression_PQT.json_Livermore2_Vars5_15.in_normal_0.0_2023-05-30-032045/dso_regression_config_regression_PQT.json_Livermore2_Vars5_15.in_normal_0.0_plot_hof.png
Pareto Front (4 of 4)____
    0: S=000 R=0.684979 C=11.00 <-- [x3*(0.3357178985366675 - 0.01436313365457204/x5) - x4]
    1: S=000 R=0.676092 C=10.00 <-- [x3/(x2 + 2.848985048313777) - 0.976437184531892*x4]
    2: S=000 R=0.663416 C=7.00 <-- [0.2348497754721443*x1 - x4]
    3: S=000 R=0.546183 C=5.00 <-- [x3 - 1.3000852770501046*x4]
  Saving Pareto Front plot to ./log/regression_config_regression_PQT.json_Livermore2_Vars5_15.in_normal_0.0_2023-05-30-032045/dso_regression_config_regression_PQT.json_Livermore2_Vars5_15.in_normal_0.0_plot_pf.png
-- ANALYZING LOG END ----------------
== POST-PROCESS END ===================
