['mul', 'X_5', 'mul', 'X_6', 'add', 'X_2', 'cos', 'add', 'X_4', 'add', 'mul', -4, 'pow', 'X_0', 2, 'mul', 'X_1', 'mul', 'X_2', 'X_3']
--------------------
eq_name 	 Livermore2_Vars7_1
num_vars 	 7
vars_range_and_types 	 [{"name": "LogUniform", "range": [0.1, 10], "only_positive": true}, {"name": "LogUniform", "range": [0.1, 10], "only_positive": true}, {"name": "LogUniform", "range": [0.1, 10], "only_positive": true}, {"name": "LogUniform", "range": [0.1, 10], "only_positive": true}, {"name": "LogUniform", "range": [0.1, 10], "only_positive": true}, {"name": "LogUniform", "range": [0.1, 10], "only_positive": true}, {"name": "LogUniform", "range": [0.1, 10], "only_positive": true}]
function_set 	 ['add', 'sub', 'mul', 'div', 'sqrt', 'n2', 'sin', 'cos', 'const']
eq_expression 	 mul,X_5,mul,X_6,add,X_2,cos,add,X_4,add,mul,-4,pow,X_0,2,mul,X_1,mul,X_2,X_3
expr 	 X_5*X_6*(X_2 + cos(-4*X_0**2 + X_1*X_2*X_3 + X_4))
--------------------

== EXPERIMENT SETUP START ===========
Task type            : regression
Starting seed        : 0
Runs                 : 1
== EXPERIMENT SETUP END =============

== TRAINING SEED 0 START ============
self.dataX <dso.symbolic_data_generator.DataX object at 0x2b1761bbf898>, self.data_query_oracle: <dso.symbolic_equation_evaluator_public.Equation_evaluator object at 0x2b1748441d68>
generate dataset!
-- BUILDING PRIOR START -------------
WARNING: Skipping invalid 'RelationalConstraint' with arguments {'targets': [], 'effectors': [], 'relationship': None}. Reason: Prior disabled.
WARNING: Skipping invalid 'TrigConstraint' with arguments {}. Reason: There are no target Tokens.
WARNING: Skipping invalid 'UniformArityPrior' with arguments {}. Reason: Prior disabled.
WARNING: Skipping invalid 'LanguageModelPrior' with arguments {'weight': None}. Reason: Prior disabled.
LengthConstraint: Sequences have minimum length 4.
                  Sequences have maximum length 256.
RepeatConstraint: [const] cannot occur more than 10 times.
RelationalConstraint: [inv] cannot be a child of [inv].
ConstConstraint: [const] cannot be the only unique child of [inv, add, sub, mul, div].
NoInputsConstraint: Sequences contain at least one input variable Token.
SoftLengthPrior: No description available.
-- BUILDING PRIOR END ---------------

-- RUNNING EPOCHS START -------------
[00:00:00:02.82] Training epoch 1/14, current best R: 0.5571

	** New best
	Reward: 0.557090604480279
	Count Off-policy: False
	Count On-policy: True
	Originally on Policy: True
	Invalid: False
	Traversal: div,x3,inv,add,x7,add,div,x5,mul,x3,x3,x6
	Expression:
	     ⎛           x₅⎞
	  x₃⋅⎜x₆ + x₇ + ───⎟
	     ⎜            2⎟
	     ⎝          x₃ ⎠

[00:00:00:04.77] Training epoch 2/14, current best R: 0.5929

	** New best
	Reward: 0.5928868986992787
	Count Off-policy: False
	Count On-policy: True
	Originally on Policy: True
	Invalid: False
	Traversal: div,x3,div,add,inv,x7,inv,div,x6,x5,6.799299587928025
	Expression:
	                     x₃                   
	  ────────────────────────────────────────
	  0.147073972409669⋅x₅   0.147073972409669
	  ──────────────────── + ─────────────────
	           x₆                    x₇       

[00:00:00:10.15] Training epoch 5/14, current best R: 0.8092

	** New best
	Reward: 0.8091712067735964
	Count Off-policy: False
	Count On-policy: True
	Originally on Policy: True
	Invalid: False
	Traversal: div,x3,add,-6.124575818149507e-05,inv,mul,x6,sub,x7,-0.004197839042553854
	Expression:
	                            x₃                          
	  ──────────────────────────────────────────────────────
	                                        1               
	  -6.124575818149507e-5 + ──────────────────────────────
	                          x₆⋅(x₇ + 0.004197839042553854)

[00:00:00:19.52] Training epoch 10/14, current best R: 0.8092
[00:00:00:27.77] Ending training after epoch 14/14, current best R: 0.8092
-- RUNNING EPOCHS END ---------------

-- EVALUATION START ----------------
Saving Hall of Fame to ./log/regression_config_regression_DSR.json_Livermore2_Vars7_1.in_normal_0.0_2023-05-30-040852/dso_regression_config_regression_DSR.json_Livermore2_Vars7_1.in_normal_0.0_0_hof.csv
Saving Pareto Front to ./log/regression_config_regression_DSR.json_Livermore2_Vars7_1.in_normal_0.0_2023-05-30-040852/dso_regression_config_regression_DSR.json_Livermore2_Vars7_1.in_normal_0.0_0_pf.csv
Invalid expressions: 164 of 14336 (1.1%).
Error type counts:
  reciprocal: 86 (52.4%)
  true_divide: 78 (47.6%)
Error node counts:
  divide: 164 (100.0%)
-- EVALUATION END ------------------
== TRAINING SEED 0 END ==============
INFO: Completed run 1 of 1 in 29 s

== POST-PROCESS START =================
-- LOADING LOGS START ----------------
Successfully loaded summary data
Successfully loaded Hall of Fame data
Successfully loaded Pareto Front data
-- LOADING LOGS END ------------------

-- ANALYZING LOG START --------------
Task_____________regression
Source path______./log/regression_config_regression_DSR.json_Livermore2_Vars7_1.in_normal_0.0_2023-05-30-040852
Runs_____________1
Max Samples/run__15000
Success_rate_____0.0
Hall of Fame (Top 5 of 100)____
    0: S=000 R=0.809171 <-- [x3/(-6.124575818149507e-5 + 1/(x6*(x7 + 0.004197839042553854)))]
    1: S=000 R=0.809164 <-- [1.00275380497744*x3*x6*x7]
    2: S=000 R=0.797006 <-- [-x1/(x2 + x4) + x3*x6*x7]
    3: S=000 R=0.602010 <-- [x6*(0.05999024821845779*x3**2*(x4 + x7) - 0.05999024821845779*x3 + 1.9507786561705079)]
    4: S=000 R=0.598617 <-- [1.5457744653455547*x7*(x3 + x6) - 4.5565296651092762]
  Saving Hall of Fame plot to ./log/regression_config_regression_DSR.json_Livermore2_Vars7_1.in_normal_0.0_2023-05-30-040852/dso_regression_config_regression_DSR.json_Livermore2_Vars7_1.in_normal_0.0_plot_hof.png
Pareto Front (3 of 3)____
    0: S=000 R=0.809171 C=12.00 <-- [x3/(-6.124575818149507e-5 + 1/(x6*(x7 + 0.004197839042553854)))]
    1: S=000 R=0.809164 C=7.00 <-- [1.00275380497744*x3*x6*x7]
    2: S=000 R=0.545267 C=5.00 <-- [x3*x7 + x6]
  Saving Pareto Front plot to ./log/regression_config_regression_DSR.json_Livermore2_Vars7_1.in_normal_0.0_2023-05-30-040852/dso_regression_config_regression_DSR.json_Livermore2_Vars7_1.in_normal_0.0_plot_pf.png
-- ANALYZING LOG END ----------------
== POST-PROCESS END ===================
