['mul', 'pow', 'X_0', -1, 'mul', 'pow', 'add', 'X_1', 'pow', 'X_1', 0.5, -1, 'add', 'X_0', 'mul', 20.08, 'mul', 'X_0', 'pow', 'X_1', 2]
--------------------
eq_name 	 Livermore2_Vars2_18
num_vars 	 2
vars_range_and_types 	 [{"name": "LogUniform", "range": [0.1, 10], "only_positive": true}, {"name": "LogUniform", "range": [0.1, 10], "only_positive": true}]
function_set 	 ['add', 'sub', 'mul', 'div', 'sqrt', 'n2', 'const']
eq_expression 	 mul,pow,X_0,-1,mul,pow,add,X_1,pow,X_1,0.5,-1,add,X_0,mul,20.08,mul,X_0,pow,X_1,2
expr 	 (20.08*X_0*X_1**2 + X_0)/(X_0*(sqrt(X_1) + X_1))
--------------------

== EXPERIMENT SETUP START ===========
Task type            : regression
Starting seed        : 0
Runs                 : 1
== EXPERIMENT SETUP END =============

== TRAINING SEED 0 START ============
self.dataX <dso.symbolic_data_generator.DataX object at 0x2b25c99049e8>, self.data_query_oracle: <dso.symbolic_equation_evaluator_public.Equation_evaluator object at 0x2b25b0167d68>
generate dataset!
-- BUILDING PRIOR START -------------
WARNING: Skipping invalid 'RelationalConstraint' with arguments {'targets': [], 'effectors': [], 'relationship': None}. Reason: Prior disabled.
WARNING: Skipping invalid 'TrigConstraint' with arguments {}. Reason: There are no target Tokens.
WARNING: Skipping invalid 'UniformArityPrior' with arguments {}. Reason: Prior disabled.
WARNING: Skipping invalid 'LanguageModelPrior' with arguments {'weight': None}. Reason: Prior disabled.
LengthConstraint: Sequences have minimum length 4.
                  Sequences have maximum length 256.
RepeatConstraint: [const] cannot occur more than 10 times.
RelationalConstraint: [inv] cannot be a child of [inv].
ConstConstraint: [const] cannot be the only unique child of [inv, add, sub, mul, div].
NoInputsConstraint: Sequences contain at least one input variable Token.
SoftLengthPrior: No description available.
-- BUILDING PRIOR END ---------------

-- RUNNING EPOCHS START -------------
[00:00:00:13.16] Training epoch 1/14, current best R: 0.9808

	** New best
	Reward: 0.980801311659741
	Count Off-policy: False
	Count On-policy: True
	Originally on Policy: True
	Invalid: False
	Traversal: inv,div,add,0.0978924379836764,inv,x2,add,div,mul,add,10.48738384203615,add,add,mul,x1,-0.9996888320582987,x1,x2,x1,x1,x2
	Expression:
	  0.0003111679417013014⋅x₁ + 2⋅x₂ + 10.48738384203615
	  ───────────────────────────────────────────────────
	                                     1               
	                0.0978924379836764 + ──              
	                                     x₂              

[00:00:00:24.37] Training epoch 2/14, current best R: 0.9877

	** New best
	Reward: 0.9876832151128275
	Count Off-policy: False
	Count On-policy: True
	Originally on Policy: True
	Invalid: False
	Traversal: add,inv,div,inv,add,div,0.04358999081435996,x2,x2,add,div,mul,inv,x1,mul,x1,add,x2,15.390469132289903,3.793978150489472,9.02706261718422,-3.1018872557267545
	Expression:
	                                               ⎛     0.04358999081435996⎞       
	  (0.2635755822344383⋅x₂ + 13.083614479588681)⋅⎜x₂ + ───────────────────⎟ - 3.10
	                                               ⎝              x₂        ⎠       

              
	  18872557267545
              

[00:00:00:36.13] Training epoch 3/14, current best R: 0.9971

	** New best
	Reward: 0.9970821114686574
	Count Off-policy: False
	Count On-policy: True
	Originally on Policy: True
	Invalid: False
	Traversal: add,inv,mul,add,mul,mul,add,x2,0.8986125837159288,inv,sub,mul,add,mul,x1,x2,div,0.9999521312051669,x2,x2,0.9999063080093175,x1,-0.006491197747941392,0.06482082440071228,2.3072299750778464
	Expression:
	                                                            1                   
	  2.3072299750778464 + ─────────────────────────────────────────────────────────
	                         0.06482082440071228⋅x₁⋅(x₂ + 0.8986125837159288)       
	                       ──────────────────────────────────────────────────── - 0.
	                          ⎛        0.9999521312051669⎞                          
	                       x₂⋅⎜x₁⋅x₂ + ──────────────────⎟ - 0.9999063080093175     
	                          ⎝                x₂        ⎠                          

                  
	  ──────────────────
                  
	  000420764789369608
                  
                  
                  

[00:00:01:50.24] Training epoch 8/14, current best R: 0.9976

	** New best
	Reward: 0.9976200500619002
	Count Off-policy: False
	Count On-policy: True
	Originally on Policy: True
	Invalid: False
	Traversal: add,div,sub,0.3230643357944928,div,add,mul,mul,-9.169427371441857,x2,x2,x2,add,inv,sub,x2,-2.0521298970052073,0.5537900195086337,x2,x2
	Expression:
	                                                          2             
	                                    - 9.169427371441857⋅x₂  + x₂        
	       0.3230643357944928 - ────────────────────────────────────────────
	                                                            1           
	                            0.5537900195086337 + ───────────────────────
	                                                 x₂ + 2.0521298970052073
	  x₂ + ─────────────────────────────────────────────────────────────────
	                                       x₂                               

[00:00:02:24.67] Training epoch 10/14, current best R: 0.9976
[00:00:04:03.94] Training epoch 14/14, current best R: 0.9983

	** New best
	Reward: 0.998271181306619
	Count Off-policy: False
	Count On-policy: True
	Originally on Policy: True
	Invalid: False
	Traversal: div,x2,add,mul,div,0.30657644811811596,add,add,x2,1.5062837644127773,div,inv,mul,26.900734397102436,add,-0.15842589009121344,x2,x2,0.3065764481181173,0.05744302678892876
	Expression:
	                                                 x₂                             
	  ──────────────────────────────────────────────────────────────────────────────
	                                                   0.093989118540720258         
	  0.05744302678892876 + ────────────────────────────────────────────────────────
	                                                                         1      
	                        x₂ + 1.5062837644127773 + ──────────────────────────────
	                                                  x₂⋅(26.900734397102436⋅x₂ - 4.

                 
	  ─────────────────
                 
	  ─────────────────
                 
	  ─────────────────
	  2617727909682754)

[00:00:04:03.96] Ending training after epoch 14/14, current best R: 0.9983
-- RUNNING EPOCHS END ---------------

-- EVALUATION START ----------------
Saving Hall of Fame to ./log/regression_config_regression_DSR.json_Livermore2_Vars2_18.in_normal_0.0_2023-05-30-030556/dso_regression_config_regression_DSR.json_Livermore2_Vars2_18.in_normal_0.0_0_hof.csv
Saving Pareto Front to ./log/regression_config_regression_DSR.json_Livermore2_Vars2_18.in_normal_0.0_2023-05-30-030556/dso_regression_config_regression_DSR.json_Livermore2_Vars2_18.in_normal_0.0_0_pf.csv
Invalid expressions: 323 of 14336 (2.3%).
Error type counts:
  true_divide: 126 (39.0%)
  reciprocal: 197 (61.0%)
Error node counts:
  divide: 323 (100.0%)
-- EVALUATION END ------------------
== TRAINING SEED 0 END ==============
INFO: Completed run 1 of 1 in 245 s

== POST-PROCESS START =================
-- LOADING LOGS START ----------------
Successfully loaded summary data
Successfully loaded Hall of Fame data
Successfully loaded Pareto Front data
-- LOADING LOGS END ------------------

-- ANALYZING LOG START --------------
Task_____________regression
Source path______./log/regression_config_regression_DSR.json_Livermore2_Vars2_18.in_normal_0.0_2023-05-30-030556
Runs_____________1
Max Samples/run__15000
Success_rate_____0.0
Hall of Fame (Top 5 of 100)____
    0: S=000 R=0.998271 <-- [x2/(0.05744302678892876 + 0.093989118540720258/(x2 + 1.5062837644127773 + 1/(x2*(26.900734397102436*x2 - 4.2617727909682754))))]
    1: S=000 R=0.997620 <-- [x2 + (0.3230643357944928 - (-9.169427371441857*x2**2 + x2)/(0.5537900195086337 + 1/(x2 + 2.0521298970052073)))/x2]
    2: S=000 R=0.997491 <-- [0.13201755395401501*x2*(x2 + 135.00140493695253*x2/(x2 + 0.6781595249888319) - 22.612122914245404) + 2.667813441147479]
    3: S=000 R=0.997491 <-- [1.015620396011147*x2*(2.4762270973359075*x2*(0.052502483290284355 + 1/(0.14106817265197397*x2 + 0.09563117856505059)) - 2.9445675065868557) + 2.668451955582351]
    4: S=000 R=0.997375 <-- [1/(-0.0004976767696946925 + 1/(-2.4800136553912547*x2 + 21.78508869083125*x2/(1.2368675179466022 + 0.8903225519356758/x2) + 2.6144853279438789))]
  Saving Hall of Fame plot to ./log/regression_config_regression_DSR.json_Livermore2_Vars2_18.in_normal_0.0_2023-05-30-030556/dso_regression_config_regression_DSR.json_Livermore2_Vars2_18.in_normal_0.0_plot_hof.png
Pareto Front (5 of 11)____
    0: S=000 R=0.998271 C=24.00 <-- [x2/(0.05744302678892876 + 0.093989118540720258/(x2 + 1.5062837644127773 + 1/(x2*(26.900734397102436*x2 - 4.2617727909682754))))]
    1: S=000 R=0.997620 C=23.00 <-- [x2 + (0.3230643357944928 - (-9.169427371441857*x2**2 + x2)/(0.5537900195086337 + 1/(x2 + 2.0521298970052073)))/x2]
    2: S=000 R=0.997368 C=22.00 <-- [x2 + x2/(-0.0005627021005846059*x2 + 0.07044255994808808 + 0.06337425532814914/(x2 - 0.1754962174093147)) + 2.6147222522653073]
    3: S=000 R=0.994139 C=20.00 <-- [16.946453786932686*x2 - 20.783793557763951 + 3.8223534267151478/(0.09797959595757622*x2 + 0.16907696387869389)]
    4: S=000 R=0.993120 C=17.00 <-- [(9.280335068878028*x2 + 3.948649280992336)/(0.5392450864305277 + 1/(x2 + 0.42540952623017814))]
  Saving Pareto Front plot to ./log/regression_config_regression_DSR.json_Livermore2_Vars2_18.in_normal_0.0_2023-05-30-030556/dso_regression_config_regression_DSR.json_Livermore2_Vars2_18.in_normal_0.0_plot_pf.png
-- ANALYZING LOG END ----------------
== POST-PROCESS END ===================
