['add', -10.82, 'add', 'mul', 3.04, 'X_0', 'mul', 3.04, 'pow', 'add', 'X_0', 'mul', -1, 'pow', 'X_1', 2, 2]
--------------------
eq_name 	 Livermore2_Vars2_24
num_vars 	 2
vars_range_and_types 	 [{"name": "LogUniform", "range": [0.1, 10], "only_positive": true}, {"name": "LogUniform", "range": [0.1, 10], "only_positive": true}]
function_set 	 ['add', 'sub', 'mul', 'div', 'n2', 'const']
eq_expression 	 add,-10.82,add,mul,3.04,X_0,mul,3.04,pow,add,X_0,mul,-1,pow,X_1,2,2
expr 	 3.04*X_0 + 3.04*(X_0 - X_1**2)**2 - 10.82
--------------------

== EXPERIMENT SETUP START ===========
Task type            : regression
Starting seed        : 0
Runs                 : 1
== EXPERIMENT SETUP END =============

== TRAINING SEED 0 START ============
self.dataX <dso.symbolic_data_generator.DataX object at 0x2aad580b7828>, self.data_query_oracle: <dso.symbolic_equation_evaluator_public.Equation_evaluator object at 0x2aad3e924d68>
generate dataset!
-- BUILDING PRIOR START -------------
WARNING: Skipping invalid 'RelationalConstraint' with arguments {'targets': [], 'effectors': [], 'relationship': None}. Reason: Prior disabled.
WARNING: Skipping invalid 'TrigConstraint' with arguments {}. Reason: There are no target Tokens.
WARNING: Skipping invalid 'UniformArityPrior' with arguments {}. Reason: Prior disabled.
WARNING: Skipping invalid 'LanguageModelPrior' with arguments {'weight': None}. Reason: Prior disabled.
LengthConstraint: Sequences have minimum length 4.
                  Sequences have maximum length 256.
RepeatConstraint: [const] cannot occur more than 10 times.
RelationalConstraint: [inv] cannot be a child of [inv].
ConstConstraint: [const] cannot be the only unique child of [inv, add, sub, mul, div].
NoInputsConstraint: Sequences contain at least one input variable Token.
SoftLengthPrior: No description available.
-- BUILDING PRIOR END ---------------

-- RUNNING EPOCHS START -------------
[00:00:00:09.64] Training epoch 1/14, current best R: 0.9713

	** New best
	Reward: 0.9712924495831936
	Count Off-policy: False
	Count On-policy: True
	Originally on Policy: True
	Invalid: False
	Traversal: mul,x2,mul,x2,mul,sub,add,-9.692774393075544,mul,sub,div,add,inv,add,mul,0.0009318116550108075,x2,-0.020465081695396594,x1,0.00423030716291037,10.794737163980509,-0.002471110565467846,11.692772033960903,x2
	Expression:
	    3 ⎛                                                             0.5841444770
	  x₂ ⋅⎜-0.5841444770567841⋅x₁ - 21.358871437979086 - ───────────────────────────
	      ⎝                                              0.0009318116550108075⋅x₂ - 

	  567841              ⎞
	  ────────────────────⎟
	  0.020465081695396594⎠

[00:00:00:36.24] Training epoch 4/14, current best R: 0.9799

	** New best
	Reward: 0.9798994271819087
	Count Off-policy: False
	Count On-policy: True
	Originally on Policy: True
	Invalid: False
	Traversal: mul,mul,mul,x2,add,inv,div,inv,add,x1,div,x2,-0.22917436140946984,mul,-57.46061021435328,x2,x2,x2,0.01212314396928001
	Expression:
	                        2                                                       
	  0.01212314396928001⋅x₂ ⋅(-57.46061021435328⋅x₂⋅(x₁ - 4.3634898504780057⋅x₂) + 

   
	  x₂)

[00:00:01:08.45] Training epoch 8/14, current best R: 0.9802

	** New best
	Reward: 0.9801821819510174
	Count Off-policy: False
	Count On-policy: True
	Originally on Policy: True
	Invalid: False
	Traversal: sub,-1.6657998602940316,sub,x2,add,-1.6657998602940207,mul,sub,mul,mul,mul,x2,x2,sub,mul,x2,4.375487307479481,x1,x2,2.856166910699197,0.6956414997005617
	Expression:
	                       3                                                      
	  0.6956414997005617⋅x₂ ⋅(-x₁ + 4.375487307479481⋅x₂) - x₂ - 5.318467953741962

[00:00:01:28.13] Training epoch 10/14, current best R: 0.9802
[00:00:01:55.93] Training epoch 13/14, current best R: 0.9828

	** New best
	Reward: 0.9827771168700107
	Count Off-policy: False
	Count On-policy: True
	Originally on Policy: True
	Invalid: False
	Traversal: mul,inv,div,div,1.4593267353632913,mul,sub,mul,mul,inv,div,24.19705120379214,sub,-97.97646173209529,x2,x2,-1.0045247799119905,x1,x2,x2,x2
	Expression:
	                      3                                                         
	  0.685247501993483⋅x₂ ⋅(-x₁ - 1.0045247799119905⋅x₂⋅(-0.04132734983192005⋅x₂ - 

                  
	  4.04910750929603))

[00:00:02:05.43] Ending training after epoch 14/14, current best R: 0.9828
-- RUNNING EPOCHS END ---------------

-- EVALUATION START ----------------
Saving Hall of Fame to ./log/regression_config_regression_DSR.json_Livermore2_Vars2_24.in_normal_0.0_2023-05-30-034326/dso_regression_config_regression_DSR.json_Livermore2_Vars2_24.in_normal_0.0_0_hof.csv
Saving Pareto Front to ./log/regression_config_regression_DSR.json_Livermore2_Vars2_24.in_normal_0.0_2023-05-30-034326/dso_regression_config_regression_DSR.json_Livermore2_Vars2_24.in_normal_0.0_0_pf.csv
Invalid expressions: 350 of 14336 (2.4%).
Error type counts:
  true_divide: 151 (43.1%)
  reciprocal: 199 (56.9%)
Error node counts:
  divide: 348 (99.4%)
  invalid: 2 (0.6%)
-- EVALUATION END ------------------
== TRAINING SEED 0 END ==============
INFO: Completed run 1 of 1 in 127 s

== POST-PROCESS START =================
-- LOADING LOGS START ----------------
Successfully loaded summary data
Successfully loaded Hall of Fame data
Successfully loaded Pareto Front data
-- LOADING LOGS END ------------------

-- ANALYZING LOG START --------------
Task_____________regression
Source path______./log/regression_config_regression_DSR.json_Livermore2_Vars2_24.in_normal_0.0_2023-05-30-034326
Runs_____________1
Max Samples/run__15000
Success_rate_____0.0
Hall of Fame (Top 5 of 100)____
    0: S=000 R=0.982777 <-- [0.685247501993483*x2**3*(-x1 - 1.0045247799119905*x2*(-0.04132734983192005*x2 - 4.04910750929603))]
    1: S=000 R=0.980182 <-- [0.6956414997005617*x2**3*(-x1 + 4.375487307479481*x2) - x2 - 5.318467953741962]
    2: S=000 R=0.979899 <-- [0.01212314396928001*x2**2*(-57.46061021435328*x2*(x1 - 4.3634898504780057*x2) + x2)]
    3: S=000 R=0.979503 <-- [x2*(-x1 + 3.0277419583633565*x2**2*(-0.225418058805395*x1 + x2) + x2)]
    4: S=000 R=0.971292 <-- [x2**3*(-0.5841444770567841*x1 - 21.358871437979086 - 0.5841444770567841/(0.0009318116550108075*x2 - 0.020465081695396594))]
  Saving Hall of Fame plot to ./log/regression_config_regression_DSR.json_Livermore2_Vars2_24.in_normal_0.0_2023-05-30-034326/dso_regression_config_regression_DSR.json_Livermore2_Vars2_24.in_normal_0.0_plot_hof.png
Pareto Front (5 of 7)____
    0: S=000 R=0.982777 C=26.00 <-- [0.685247501993483*x2**3*(-x1 - 1.0045247799119905*x2*(-0.04132734983192005*x2 - 4.04910750929603))]
    1: S=000 R=0.980182 C=21.00 <-- [0.6956414997005617*x2**3*(-x1 + 4.375487307479481*x2) - x2 - 5.318467953741962]
    2: S=000 R=0.935524 C=15.00 <-- [x2*(3.561432949935888 - x2)*(2*x2*(x1 - 28.365273881217608) + 83.49713687263377)]
    3: S=000 R=0.915270 C=12.00 <-- [42.88822574967479*x2**2*(x2 - 3.570053823120572)]
    4: S=000 R=0.839945 C=11.00 <-- [24.31399200616649*x2**3]
  Saving Pareto Front plot to ./log/regression_config_regression_DSR.json_Livermore2_Vars2_24.in_normal_0.0_2023-05-30-034326/dso_regression_config_regression_DSR.json_Livermore2_Vars2_24.in_normal_0.0_plot_pf.png
-- ANALYZING LOG END ----------------
== POST-PROCESS END ===================
