['mul', -4.81, 'log', 'pow', 'mul', 'X_0', 'pow', 'log', 'mul', 'X_0', 'add', 'X_0', 'add', 'X_3', 'add', 'mul', 'X_0', 'X_1', 'log', 'X_2', 0.5, 0.5]
--------------------
eq_name 	 Livermore2_Vars4_24
num_vars 	 4
vars_range_and_types 	 [{"name": "LogUniform", "range": [0.1, 10], "only_positive": true}, {"name": "LogUniform", "range": [0.1, 10], "only_positive": true}, {"name": "LogUniform", "range": [0.1, 10], "only_positive": true}, {"name": "LogUniform", "range": [0.1, 10], "only_positive": true}]
function_set 	 ['add', 'sub', 'mul', 'div', 'sqrt', 'n2', 'log', 'const']
eq_expression 	 mul,-4.81,log,pow,mul,X_0,pow,log,mul,X_0,add,X_0,add,X_3,add,mul,X_0,X_1,log,X_2,0.5,0.5
expr 	 -4.81*log(sqrt(X_0*sqrt(log(X_0*(X_0*X_1 + X_0 + X_3 + log(X_2))))))
--------------------

== EXPERIMENT SETUP START ===========
Task type            : regression
Starting seed        : 0
Runs                 : 1
== EXPERIMENT SETUP END =============

== TRAINING SEED 0 START ============
self.dataX <dso.symbolic_data_generator.DataX object at 0x2b42af2d2860>, self.data_query_oracle: <dso.symbolic_equation_evaluator_public.Equation_evaluator object at 0x2b4299b4cd68>
generate dataset!
-- BUILDING PRIOR START -------------
WARNING: Skipping invalid 'RelationalConstraint' with arguments {'targets': [], 'effectors': [], 'relationship': None}. Reason: Prior disabled.
WARNING: Skipping invalid 'TrigConstraint' with arguments {}. Reason: There are no target Tokens.
WARNING: Skipping invalid 'UniformArityPrior' with arguments {}. Reason: Prior disabled.
WARNING: Skipping invalid 'LanguageModelPrior' with arguments {'weight': None}. Reason: Prior disabled.
LengthConstraint: Sequences have minimum length 4.
                  Sequences have maximum length 256.
RepeatConstraint: [const] cannot occur more than 10 times.
RelationalConstraint: [inv] cannot be a child of [inv].
ConstConstraint: [const] cannot be the only unique child of [inv, add, sub, mul, div].
NoInputsConstraint: Sequences contain at least one input variable Token.
SoftLengthPrior: No description available.
-- BUILDING PRIOR END ---------------

-- RUNNING EPOCHS START -------------
[00:00:00:04.45] Training epoch 1/14, current best R: 0.6950

	** New best
	Reward: 0.6949537819377124
	Count Off-policy: False
	Count On-policy: True
	Originally on Policy: True
	Invalid: False
	Traversal: sub,2.022582938019169,inv,add,0.0717161888610526,mul,25749.258319913544,inv,mul,add,x3,add,mul,x4,5736.426184627472,72622.10545932571,x1
	Expression:
	                                                         1                      
	  2.022582938019169 - ──────────────────────────────────────────────────────────
	                                                           25749.258319913544   
	                      0.0717161888610526 + ─────────────────────────────────────
	                                           x₁⋅(x₃ + 5736.426184627472⋅x₄ + 72622

             
	  ─────────────
             
	  ─────────────
	  .10545932571)

[00:00:00:12.46] Training epoch 3/14, current best R: 0.7075

	** New best
	Reward: 0.7075048930195487
	Count Off-policy: False
	Count On-policy: True
	Originally on Policy: True
	Invalid: False
	Traversal: add,x1,add,mul,add,add,div,div,mul,inv,div,x1,x1,-91.86386002084933,add,x1,10.97250921220307,0.18740943005831406,x4,42.84618729151302,-0.8983966035133655,x4
	Expression:
	                                                     440.37367704857918  
	  x₁ + 0.1016033964866345⋅x₄ - 38.49286913619282 + ──────────────────────
	                                                   x₁ + 10.97250921220307

[00:00:00:41.12] Training epoch 10/14, current best R: 0.7075
[00:00:01:01.83] Ending training after epoch 14/14, current best R: 0.7075
-- RUNNING EPOCHS END ---------------

-- EVALUATION START ----------------
Saving Hall of Fame to ./log/regression_config_regression_VPG.json_Livermore2_Vars4_24.in_normal_0.0_2023-05-30-040334/dso_regression_config_regression_VPG.json_Livermore2_Vars4_24.in_normal_0.0_0_hof.csv
Saving Pareto Front to ./log/regression_config_regression_VPG.json_Livermore2_Vars4_24.in_normal_0.0_2023-05-30-040334/dso_regression_config_regression_VPG.json_Livermore2_Vars4_24.in_normal_0.0_0_pf.csv
Invalid expressions: 254 of 14336 (1.8%).
Error type counts:
  reciprocal: 146 (57.5%)
  true_divide: 108 (42.5%)
Error node counts:
  divide: 253 (99.6%)
  invalid: 1 (0.4%)
-- EVALUATION END ------------------
== TRAINING SEED 0 END ==============
INFO: Completed run 1 of 1 in 63 s

== POST-PROCESS START =================
-- LOADING LOGS START ----------------
Successfully loaded summary data
Successfully loaded Hall of Fame data
Successfully loaded Pareto Front data
-- LOADING LOGS END ------------------

-- ANALYZING LOG START --------------
Task_____________regression
Source path______./log/regression_config_regression_VPG.json_Livermore2_Vars4_24.in_normal_0.0_2023-05-30-040334
Runs_____________1
Max Samples/run__15000
Success_rate_____0.0
Hall of Fame (Top 5 of 100)____
    0: S=000 R=0.707505 <-- [x1 + 0.1016033964866345*x4 - 38.49286913619282 + 440.37367704857918/(x1 + 10.97250921220307)]
    1: S=000 R=0.702298 <-- [1/(x1/(0.0026148486560877006*x1*(x1 + x4) - 1.69655117078404*x1 + 1.2645005565546016) + 0.5217599094346723)]
    2: S=000 R=0.694954 <-- [2.022582938019169 - 1/(0.0717161888610526 + 25749.258319913544/(x1*(x3 + 5736.426184627472*x4 + 72622.10545932571)))]
    3: S=000 R=0.688589 <-- [1/(-0.01700149800901556*x1 - 0.008500749004507778/(0.005528137061597073*x1**2 - 0.007107768328283491))]
    4: S=000 R=0.681659 <-- [-x1 + 0.041032858064109196*x1/(x2 + x3) + 0.07927117967185852*x4/x1]
  Saving Hall of Fame plot to ./log/regression_config_regression_VPG.json_Livermore2_Vars4_24.in_normal_0.0_2023-05-30-040334/dso_regression_config_regression_VPG.json_Livermore2_Vars4_24.in_normal_0.0_plot_hof.png
Pareto Front (5 of 8)____
    0: S=000 R=0.707505 C=26.00 <-- [x1 + 0.1016033964866345*x4 - 38.49286913619282 + 440.37367704857918/(x1 + 10.97250921220307)]
    1: S=000 R=0.702298 C=23.00 <-- [1/(x1/(0.0026148486560877006*x1*(x1 + x4) - 1.69655117078404*x1 + 1.2645005565546016) + 0.5217599094346723)]
    2: S=000 R=0.694954 C=19.00 <-- [2.022582938019169 - 1/(0.0717161888610526 + 25749.258319913544/(x1*(x3 + 5736.426184627472*x4 + 72622.10545932571)))]
    3: S=000 R=0.681659 C=17.00 <-- [-x1 + 0.041032858064109196*x1/(x2 + x3) + 0.07927117967185852*x4/x1]
    4: S=000 R=0.676559 C=14.00 <-- [-x1 + 0.01063720365082716*x4**2/x1]
  Saving Pareto Front plot to ./log/regression_config_regression_VPG.json_Livermore2_Vars4_24.in_normal_0.0_2023-05-30-040334/dso_regression_config_regression_VPG.json_Livermore2_Vars4_24.in_normal_0.0_plot_pf.png
-- ANALYZING LOG END ----------------
== POST-PROCESS END ===================
