['mul', 9.28, 'mul', 'pow', 'add', 1, 'mul', 0.34, 'pow', 'X_1', 2, -2, 'mul', 'pow', 'add', 0.91, 'mul', -1, 'X_2', 2, 'pow', 'add', 'mul', -1, 'X_1', 'mul', -0.5, 'X_0', 2]
--------------------
eq_name 	 Livermore2_Vars3_2
num_vars 	 3
vars_range_and_types 	 [{"name": "LogUniform", "range": [0.1, 10], "only_positive": true}, {"name": "LogUniform", "range": [0.1, 10], "only_positive": true}, {"name": "LogUniform", "range": [0.1, 10], "only_positive": true}]
function_set 	 ['add', 'sub', 'mul', 'div', 'n2', 'const']
eq_expression 	 mul,9.28,mul,pow,add,1,mul,0.34,pow,X_1,2,-2,mul,pow,add,0.91,mul,-1,X_2,2,pow,add,mul,-1,X_1,mul,-0.5,X_0,2
expr 	 9.28*(0.91 - X_2)**2*(-0.5*X_0 - X_1)**2/(0.34*X_1**2 + 1)**2
--------------------

== EXPERIMENT SETUP START ===========
Task type            : regression
Starting seed        : 0
Runs                 : 1
== EXPERIMENT SETUP END =============

== TRAINING SEED 0 START ============
self.dataX <dso.symbolic_data_generator.DataX object at 0x2ad068f4c828>, self.data_query_oracle: <dso.symbolic_equation_evaluator_public.Equation_evaluator object at 0x2ad04f7d1d68>
generate dataset!
-- BUILDING PRIOR START -------------
WARNING: Skipping invalid 'RelationalConstraint' with arguments {'targets': [], 'effectors': [], 'relationship': None}. Reason: Prior disabled.
WARNING: Skipping invalid 'TrigConstraint' with arguments {}. Reason: There are no target Tokens.
WARNING: Skipping invalid 'UniformArityPrior' with arguments {}. Reason: Prior disabled.
WARNING: Skipping invalid 'LanguageModelPrior' with arguments {'weight': None}. Reason: Prior disabled.
LengthConstraint: Sequences have minimum length 4.
                  Sequences have maximum length 256.
RepeatConstraint: [const] cannot occur more than 10 times.
RelationalConstraint: [inv] cannot be a child of [inv].
ConstConstraint: [const] cannot be the only unique child of [inv, add, sub, mul, div].
NoInputsConstraint: Sequences contain at least one input variable Token.
SoftLengthPrior: No description available.
-- BUILDING PRIOR END ---------------

-- RUNNING EPOCHS START -------------
[00:00:00:04.91] Training epoch 1/14, current best R: 0.7049

	** New best
	Reward: 0.7049097269075034
	Count Off-policy: False
	Count On-policy: True
	Originally on Policy: True
	Invalid: False
	Traversal: mul,10.869657449698504,mul,mul,sub,x2,x3,sub,mul,sub,x3,x3,mul,x1,x3,x3,x1
	Expression:
	  -10.869657449698504⋅x₁⋅x₃⋅(x₂ - x₃)

[00:00:00:09.28] Training epoch 2/14, current best R: 0.7076

	** New best
	Reward: 0.707628259157737
	Count Off-policy: False
	Count On-policy: True
	Originally on Policy: True
	Invalid: False
	Traversal: mul,sub,sub,add,mul,sub,mul,sub,inv,mul,inv,div,x3,0.09752561885470702,x2,x3,x1,x3,x3,13.139008446935087,x2,x2,x2
	Expression:
	     ⎛           ⎛   ⎛      10.25371601578651⋅x₃⎞     ⎞                     ⎞
	  x₂⋅⎜-2⋅x₂ + x₃⋅⎜x₁⋅⎜-x₃ + ────────────────────⎟ - x₃⎟ + 13.139008446935087⎟
	     ⎝           ⎝   ⎝               x₂         ⎠     ⎠                     ⎠

[00:00:00:22.84] Training epoch 5/14, current best R: 0.7234

	** New best
	Reward: 0.7233737643414886
	Count Off-policy: False
	Count On-policy: True
	Originally on Policy: True
	Invalid: False
	Traversal: sub,mul,mul,x3,add,mul,sub,x1,sub,mul,div,1.7471888544793956,div,x3,x2,x1,4.299883962971182,x3,x2,x1,x3
	Expression:
	        ⎛        ⎛  1.7471888544793956⋅x₁⋅x₂                         ⎞⎞     
	  x₁⋅x₃⋅⎜x₂ + x₃⋅⎜- ──────────────────────── + x₁ + 4.299883962971182⎟⎟ - x₃
	        ⎝        ⎝             x₃                                    ⎠⎠     

[00:00:00:33.04] Training epoch 7/14, current best R: 0.7601

	** New best
	Reward: 0.7600874184258322
	Count Off-policy: False
	Count On-policy: True
	Originally on Policy: True
	Invalid: False
	Traversal: div,div,x3,inv,x3,div,add,1.2176874623744913,x2,inv,div,0.048331588879077986,sub,x1,0.454743600360057
	Expression:
	    2                                             
	  x₃ ⋅(20.690401933648924⋅x₁ - 9.4088278682041972)
	  ────────────────────────────────────────────────
	              x₂ + 1.2176874623744913             

[00:00:00:49.49] Training epoch 10/14, current best R: 0.7800

	** New best
	Reward: 0.7800306770523674
	Count Off-policy: False
	Count On-policy: True
	Originally on Policy: True
	Invalid: False
	Traversal: mul,x1,add,add,mul,div,add,x1,x3,add,x2,div,div,77.26627450439766,x3,x3,83.04211041149416,x3,x2
	Expression:
	     ⎛          83.04211041149416⋅(x₁ + x₃)⎞
	  x₁⋅⎜x₂ + x₃ + ───────────────────────────⎟
	     ⎜                  77.26627450439766  ⎟
	     ⎜             x₂ + ─────────────────  ⎟
	     ⎜                           2         ⎟
	     ⎝                         x₃          ⎠

[00:00:00:49.50] Training epoch 10/14, current best R: 0.7800
[00:00:01:20.30] Ending training after epoch 14/14, current best R: 0.7800
-- RUNNING EPOCHS END ---------------

-- EVALUATION START ----------------
Saving Hall of Fame to ./log/regression_config_regression_DSR.json_Livermore2_Vars3_2.in_normal_0.0_2023-05-30-040251/dso_regression_config_regression_DSR.json_Livermore2_Vars3_2.in_normal_0.0_0_hof.csv
Saving Pareto Front to ./log/regression_config_regression_DSR.json_Livermore2_Vars3_2.in_normal_0.0_2023-05-30-040251/dso_regression_config_regression_DSR.json_Livermore2_Vars3_2.in_normal_0.0_0_pf.csv
Invalid expressions: 306 of 14336 (2.1%).
Error type counts:
  true_divide: 143 (46.7%)
  reciprocal: 163 (53.3%)
Error node counts:
  divide: 305 (99.7%)
  invalid: 1 (0.3%)
-- EVALUATION END ------------------
== TRAINING SEED 0 END ==============
INFO: Completed run 1 of 1 in 82 s

== POST-PROCESS START =================
-- LOADING LOGS START ----------------
Successfully loaded summary data
Successfully loaded Hall of Fame data
Successfully loaded Pareto Front data
-- LOADING LOGS END ------------------

-- ANALYZING LOG START --------------
Task_____________regression
Source path______./log/regression_config_regression_DSR.json_Livermore2_Vars3_2.in_normal_0.0_2023-05-30-040251
Runs_____________1
Max Samples/run__15000
Success_rate_____0.0
Hall of Fame (Top 5 of 100)____
    0: S=000 R=0.780031 <-- [x1*(x2 + x3 + 83.04211041149416*(x1 + x3)/(x2 + 77.26627450439766/x3**2))]
    1: S=000 R=0.770182 <-- [-x3*(0.8867759367660223 - x3)*(-x1 - 6.87618559002509)*(0.1529808003261645*x1*x2 - x1) + 6.173703391138371]
    2: S=000 R=0.760087 <-- [x3**2*(20.690401933648924*x1 - 9.4088278682041972)/(x2 + 1.2176874623744913)]
    3: S=000 R=0.756902 <-- [x1*(0.34535577515823357*x1*x3*(1.5827899563326377 - x3)*(x2 - 6.334596490149997) + 11.511478108635671)]
    4: S=000 R=0.739578 <-- [163.0322890616836*x1*x3**2/(x2*x3 + 11.035106199865329) - x1 - 2*x3]
  Saving Hall of Fame plot to ./log/regression_config_regression_DSR.json_Livermore2_Vars3_2.in_normal_0.0_2023-05-30-040251/dso_regression_config_regression_DSR.json_Livermore2_Vars3_2.in_normal_0.0_plot_hof.png
Pareto Front (5 of 8)____
    0: S=000 R=0.780031 C=22.00 <-- [x1*(x2 + x3 + 83.04211041149416*(x1 + x3)/(x2 + 77.26627450439766/x3**2))]
    1: S=000 R=0.760087 C=21.00 <-- [x3**2*(20.690401933648924*x1 - 9.4088278682041972)/(x2 + 1.2176874623744913)]
    2: S=000 R=0.756902 C=17.00 <-- [x1*(0.34535577515823357*x1*x3*(1.5827899563326377 - x3)*(x2 - 6.334596490149997) + 11.511478108635671)]
    3: S=000 R=0.706285 C=14.00 <-- [10.24402552840972*x1*x3*(-x2 + x3 + 0.41591125875037377) + x1]
    4: S=000 R=0.695161 C=13.00 <-- [x1*x3*(-x2*x3 + x3**2 + 14.502193707424384)]
  Saving Pareto Front plot to ./log/regression_config_regression_DSR.json_Livermore2_Vars3_2.in_normal_0.0_2023-05-30-040251/dso_regression_config_regression_DSR.json_Livermore2_Vars3_2.in_normal_0.0_plot_pf.png
-- ANALYZING LOG END ----------------
== POST-PROCESS END ===================
