['add', 'mul', -1, 'X_0', 'add', 'mul', -1, 'X_2', 'add', 'mul', -1, 'log', 'X_0', 'add', 'mul', -1, 'mul', 'X_0', 'add', 'mul', -1, 'pow', 'X_2', 2, 'mul', 'pow', 'X_0', 0.5, 'mul', 'pow', 'X_1', -1, 'pow', 'add', 'mul', 3.51, 'pow', 'X_1', 3, 'mul', 1.15, 'mul', 'X_1', 'X_2', -1, 'add', 'exp', 'X_0', 'log', 'pow', 'X_2', 0.5]
--------------------
eq_name 	 Livermore2_Vars3_3
num_vars 	 3
vars_range_and_types 	 [{"name": "LogUniform", "range": [0.1, 10], "only_positive": true}, {"name": "LogUniform", "range": [0.1, 10], "only_positive": true}, {"name": "LogUniform", "range": [0.1, 10], "only_positive": true}]
function_set 	 ['add', 'sub', 'mul', 'div', 'sqrt', 'n2', 'n3', 'log', 'exp', 'const']
eq_expression 	 add,mul,-1,X_0,add,mul,-1,X_2,add,mul,-1,log,X_0,add,mul,-1,mul,X_0,add,mul,-1,pow,X_2,2,mul,pow,X_0,0.5,mul,pow,X_1,-1,pow,add,mul,3.51,pow,X_1,3,mul,1.15,mul,X_1,X_2,-1,add,exp,X_0,log,pow,X_2,0.5
expr 	 -X_0*(sqrt(X_0)/(X_1*(3.51*X_1**3 + 1.15*X_1*X_2)) - X_2**2) - X_0 - X_2 + exp(X_0) - log(X_0) + log(sqrt(X_2))
--------------------

== EXPERIMENT SETUP START ===========
Task type            : regression
Starting seed        : 0
Runs                 : 1
== EXPERIMENT SETUP END =============

== TRAINING SEED 0 START ============
self.dataX <dso.symbolic_data_generator.DataX object at 0x2b25f70417f0>, self.data_query_oracle: <dso.symbolic_equation_evaluator_public.Equation_evaluator object at 0x2b25e1780d68>
generate dataset!
-- BUILDING PRIOR START -------------
WARNING: Skipping invalid 'RelationalConstraint' with arguments {'targets': [], 'effectors': [], 'relationship': None}. Reason: Prior disabled.
WARNING: Skipping invalid 'TrigConstraint' with arguments {}. Reason: There are no target Tokens.
WARNING: Skipping invalid 'UniformArityPrior' with arguments {}. Reason: Prior disabled.
WARNING: Skipping invalid 'LanguageModelPrior' with arguments {'weight': None}. Reason: Prior disabled.
LengthConstraint: Sequences have minimum length 4.
                  Sequences have maximum length 256.
RepeatConstraint: [const] cannot occur more than 10 times.
RelationalConstraint: [inv] cannot be a child of [inv].
ConstConstraint: [const] cannot be the only unique child of [inv, add, sub, mul, div].
NoInputsConstraint: Sequences contain at least one input variable Token.
SoftLengthPrior: No description available.
-- BUILDING PRIOR END ---------------

-- RUNNING EPOCHS START -------------
gen	iter	pop_size	nevals	uncached_size	best_val            	timer  
0  	0   	1024    	1024  	1024         	(-0.72543702887454,)	4.28196
1  	1   	1024    	792   	694          	(-0.72543702887454,)	3.53862
2  	2   	1024    	800   	682          	(-0.8438808889942289,)	5.10608
3  	3   	1024    	763   	648          	(-0.8569473334753771,)	8.63154
4  	4   	1024    	778   	652          	(-0.859824582479454,) 	12.1446
5  	5   	1024    	794   	658          	(-0.8934194258690159,)	25.1989
6  	6   	1024    	763   	623          	(-0.8934194258690159,)	37.0724
7  	7   	1024    	752   	607          	(-0.9054875665244543,)	50.7665
8  	8   	1024    	765   	618          	(-0.9054875665244543,)	54.3339
9  	9   	1024    	776   	618          	(-0.9206928455773928,)	56.7484

--------------------------------------------------
GP Time: 258.058

Unique expressions evaluated: 7746
Total expression evaluations: 8007
--------------------------------------------------

GP -> best program this epoch:

	Reward: 0.9206928455773928
	Count Off-policy: 1
	Count On-policy: 0
	Originally on Policy: False
	Invalid: False
	Traversal: mul,inv,div,inv,x1,add,-781.0915479949666,mul,sub,x1,mul,mul,-0.4572529304324523,add,add,x1,sub,mul,add,mul,x1,mul,x1,x1,div,1091.6662869443967,mul,x3,x2,-1.5550631430277808,770.6284607245927,div,1700.925753519305,mul,x3,x2,-0.05351834002295541,add,div,sub,x1,15.30873581594737,div,21.338825468403805,mul,x1,x1,39.90977235043334,x1
	Expression:
	    2 ⎛⎛                      2                                             ⎞ ⎛ 
	  x₁ ⋅⎜⎝0.04686293542635186⋅x₁ ⋅(x₁ - 15.30873581594737) + 39.90977235043334⎠⋅⎜0
	      ⎝                                                                       ⎝ 

	                        3                                               0.081141
	  .038054599889885305⋅x₁  + 0.9755285821926232⋅x₁ + 18.85837103664714 - ────────
	                                                                               x

	  010752311844⎞                    ⎞
	  ────────────⎟ - 781.0915479949666⎟
	  ₂⋅x₃        ⎠                    ⎠

None

--------------------------------------------------

[00:00:04:35.44] Training epoch 1/14, current best R: 0.9207

	** New best
	Reward: 0.9206928455773928
	Count Off-policy: 1
	Count On-policy: 0
	Originally on Policy: False
	Invalid: False
	Traversal: mul,inv,div,inv,x1,add,-781.0915479949666,mul,sub,x1,mul,mul,-0.4572529304324523,add,add,x1,sub,mul,add,mul,x1,mul,x1,x1,div,1091.6662869443967,mul,x3,x2,-1.5550631430277808,770.6284607245927,div,1700.925753519305,mul,x3,x2,-0.05351834002295541,add,div,sub,x1,15.30873581594737,div,21.338825468403805,mul,x1,x1,39.90977235043334,x1
	Expression:
	    2 ⎛⎛                      2                                             ⎞ ⎛ 
	  x₁ ⋅⎜⎝0.04686293542635186⋅x₁ ⋅(x₁ - 15.30873581594737) + 39.90977235043334⎠⋅⎜0
	      ⎝                                                                       ⎝ 

	                        3                                               0.081141
	  .038054599889885305⋅x₁  + 0.9755285821926232⋅x₁ + 18.85837103664714 - ────────
	                                                                               x

	  010752311844⎞                    ⎞
	  ────────────⎟ - 781.0915479949666⎟
	  ₂⋅x₃        ⎠                    ⎠

10 	0   	1024    	1024  	1019         	(-0.8330977100927875,)	4.7881 
11 	1   	1024    	759   	652          	(-0.8330977100927875,)	4.51352
12 	2   	1024    	768   	639          	(-0.8330977100927875,)	5.05263
13 	3   	1024    	771   	654          	(-0.8330977100927875,)	5.95962
14 	4   	1024    	780   	617          	(-0.847062147972365,) 	7.81975
15 	5   	1024    	773   	583          	(-0.847062147972365,) 	11.7526
16 	6   	1024    	780   	558          	(-0.850603014140935,) 	13.7228
17 	7   	1024    	752   	499          	(-0.856347686613779,) 	19.4122
18 	8   	1024    	754   	530          	(-0.8742145770356625,)	26.5462
19 	9   	1024    	742   	535          	(-0.8848620330880339,)	43.7387

--------------------------------------------------
GP Time: 143.549

Unique expressions evaluated: 14960
Total expression evaluations: 15910
--------------------------------------------------

GP -> best program this epoch:

	Reward: 0.8848620330880339
	Count Off-policy: 1
	Count On-policy: 0
	Originally on Policy: False
	Invalid: False
	Traversal: mul,sub,-3.143181664629563,mul,0.20728740226673475,x1,mul,sub,mul,div,add,add,x1,mul,mul,add,add,mul,x1,mul,sub,sub,div,x2,sub,x1,sub,inv,add,x3,div,x2,1.0075751161749442,x3,-5.276812892121233,x1,x1,div,5.871784339397882,mul,x3,x2,x3,x1,x1,div,-277.9286731038246,x3,add,1112.260619035991,x1,x1,x1,x1
	Expression:
	     ⎛         ⎛  2 ⎛  2 ⎛                        x₂                            
	     ⎜      x₁⋅⎜x₁ ⋅⎜x₁ ⋅⎜-x₁ + ───────────────────────────────────── + 5.276812
	     ⎜         ⎜    ⎜    ⎜                             1                        
	     ⎜         ⎜    ⎜    ⎜      x₁ + x₃ - ───────────────────────────           
	     ⎜         ⎝    ⎝    ⎝                0.99248183479986921⋅x₂ + x₃           
	  x₁⋅⎜-x₁ + ────────────────────────────────────────────────────────────────────
	     ⎝                                                            x₁ + 1112.2606

	           ⎞        5.871784339397882⎞        277.9286731038246⎞⎞               
	  892121233⎟ + x₃ + ─────────────────⎟ + x₁ - ─────────────────⎟⎟               
	           ⎟              x₂⋅x₃      ⎟                x₃       ⎟⎟               
	           ⎟                         ⎟                         ⎟⎟               
	           ⎠                         ⎠                         ⎠⎟               
	  ──────────────────────────────────────────────────────────────⎟⋅(-0.2072874022
	  19035991                                                      ⎠               

                               
                               
                               
                               
                               
	  6673475⋅x₁ - 3.143181664629563)
                               

None

--------------------------------------------------

-- RUNNING EPOCHS END ---------------

-- EVALUATION START ----------------
Saving Hall of Fame to ./log/regression_config_regression_GPMELD.json_Livermore2_Vars3_3.in_normal_0.0_2023-05-30-040751/dso_regression_config_regression_GPMELD.json_Livermore2_Vars3_3.in_normal_0.0_0_hof.csv
Saving Pareto Front to ./log/regression_config_regression_GPMELD.json_Livermore2_Vars3_3.in_normal_0.0_2023-05-30-040751/dso_regression_config_regression_GPMELD.json_Livermore2_Vars3_3.in_normal_0.0_0_pf.csv
Invalid expressions: 169 of 17958 (0.9%).
Error type counts:
  true_divide: 75 (44.4%)
  reciprocal: 94 (55.6%)
Error node counts:
  divide: 168 (99.4%)
  invalid: 1 (0.6%)
-- EVALUATION END ------------------
== TRAINING SEED 0 END ==============
INFO: Completed run 1 of 1 in 433 s

== POST-PROCESS START =================
-- LOADING LOGS START ----------------
Successfully loaded summary data
Successfully loaded Hall of Fame data
Successfully loaded Pareto Front data
-- LOADING LOGS END ------------------

-- ANALYZING LOG START --------------
Task_____________regression
Source path______./log/regression_config_regression_GPMELD.json_Livermore2_Vars3_3.in_normal_0.0_2023-05-30-040751
Runs_____________1
Max Samples/run__15000
Success_rate_____0.0
Hall of Fame (Top 5 of 100)____
    0: S=000 R=0.920693 <-- [x1**2*((0.04686293542635186*x1**2*(x1 - 15.30873581594737) + 39.90977235043334)*(0.038054599889885305*x1**3 + 0.9755285821926232*x1 + 18.85837103664714 - 0.081141010752311844/(x2*x3)) - 781.0915479949666)]
    1: S=000 R=0.920693 <-- [x1**2*((0.04686293542635186*x1**2*(x1 - 15.30873581594737) + 39.90977235043334)*(0.038054599889885305*x1**3 + 0.9755285821926232*x1 + 18.85837103664714 - 0.081141010752311844/(x2*x3)) - 781.0915479949666)]
    2: S=000 R=0.905488 <-- [x1**2*((0.96445632532613492*x1 - 0.060008942848421084/(x2*x3))*(0.1499293104719776*x1**2*(x1 - 11.032008176391145) + 50.74037041680932) - 120.2952016636754)]
    3: S=000 R=0.905488 <-- [x1**2*((0.96445632532613492*x1 - 0.060008942848421084/(x2*x3))*(0.1499293104719776*x1**2*(x1 - 11.032008176391145) + 50.74037041680932) - 120.2952016636754)]
    4: S=000 R=0.904272 <-- [x1**2*((0.9973383043603565*x1 - 0.04350529610511171/(x2*x3))*(1.857002148183224*x1*(x1 - 15.217696922700211) + 138.30641796206368) - 200.26865189495584)]
  Saving Hall of Fame plot to ./log/regression_config_regression_GPMELD.json_Livermore2_Vars3_3.in_normal_0.0_2023-05-30-040751/dso_regression_config_regression_GPMELD.json_Livermore2_Vars3_3.in_normal_0.0_plot_hof.png
Pareto Front (5 of 19)____
    0: S=000 R=0.920693 C=56.00 <-- [x1**2*((0.04686293542635186*x1**2*(x1 - 15.30873581594737) + 39.90977235043334)*(0.038054599889885305*x1**3 + 0.9755285821926232*x1 + 18.85837103664714 - 0.081141010752311844/(x2*x3)) - 781.0915479949666)]
    1: S=000 R=0.905488 C=41.00 <-- [x1**2*((0.96445632532613492*x1 - 0.060008942848421084/(x2*x3))*(0.1499293104719776*x1**2*(x1 - 11.032008176391145) + 50.74037041680932) - 120.2952016636754)]
    2: S=000 R=0.893455 C=37.00 <-- [x1**2*((x1 - 0.0065101689029266805*x1/(x2*x3))*(0.1513241057170101*x1**2*(x1 - 11.220453092466402) + 55.104381862946134) - 144.99907973286923)]
    3: S=000 R=0.871303 C=36.00 <-- [0.039291883848132826*x1**2*(x1 - 3.2545496827932787)*(x1**2*(2*x1 - 12.025203656343827 - 0.08253722915657624/(x2*x3)) + x2) + x1]
    4: S=000 R=0.864433 C=35.00 <-- [(5.569229566906558*x1*(0.051922360011878572*x1**2 - 0.0002104067158360343/x2) - 4.569229566906558*x1 + 5.569229566906558*x3 - 6.8937573370770492/x2)/(-0.08940735834069564 + 1/x1)]
  Saving Pareto Front plot to ./log/regression_config_regression_GPMELD.json_Livermore2_Vars3_3.in_normal_0.0_2023-05-30-040751/dso_regression_config_regression_GPMELD.json_Livermore2_Vars3_3.in_normal_0.0_plot_pf.png
-- ANALYZING LOG END ----------------
== POST-PROCESS END ===================
