['add', 'mul', -1, 'mul', 'X_0', 'mul', 'pow', 'X_1', -1, 'pow', 'X_4', -1, 'cos', 'mul', 'X_0', 'mul', 'X_2', 'mul', 'X_3', 'exp', 'mul', -1, 'X_1']
--------------------
eq_name 	 Livermore2_Vars5_14
num_vars 	 5
vars_range_and_types 	 [{"name": "LogUniform", "range": [0.1, 10], "only_positive": true}, {"name": "LogUniform", "range": [0.1, 10], "only_positive": true}, {"name": "LogUniform", "range": [0.1, 10], "only_positive": true}, {"name": "LogUniform", "range": [0.1, 10], "only_positive": true}, {"name": "LogUniform", "range": [0.1, 10], "only_positive": true}]
function_set 	 ['add', 'sub', 'mul', 'div', 'const', 'exp', 'sin', 'cos']
eq_expression 	 add,mul,-1,mul,X_0,mul,pow,X_1,-1,pow,X_4,-1,cos,mul,X_0,mul,X_2,mul,X_3,exp,mul,-1,X_1
expr 	 -X_0/(X_1*X_4) + cos(X_0*X_2*X_3*exp(-X_1))
--------------------

== EXPERIMENT SETUP START ===========
Task type            : regression
Starting seed        : 0
Runs                 : 1
== EXPERIMENT SETUP END =============

== TRAINING SEED 0 START ============
self.dataX <dso.symbolic_data_generator.DataX object at 0x2ae3b1470b38>, self.data_query_oracle: <dso.symbolic_equation_evaluator_public.Equation_evaluator object at 0x2ae397cddd68>
generate dataset!
-- BUILDING PRIOR START -------------
WARNING: Skipping invalid 'RelationalConstraint' with arguments {'targets': [], 'effectors': [], 'relationship': None}. Reason: Prior disabled.
WARNING: Skipping invalid 'TrigConstraint' with arguments {}. Reason: There are no target Tokens.
WARNING: Skipping invalid 'UniformArityPrior' with arguments {}. Reason: Prior disabled.
WARNING: Skipping invalid 'LanguageModelPrior' with arguments {'weight': None}. Reason: Prior disabled.
LengthConstraint: Sequences have minimum length 4.
                  Sequences have maximum length 256.
RepeatConstraint: [const] cannot occur more than 10 times.
RelationalConstraint: [inv] cannot be a child of [inv].
ConstConstraint: [const] cannot be the only unique child of [inv, add, sub, mul, div].
NoInputsConstraint: Sequences contain at least one input variable Token.
SoftLengthPrior: No description available.
-- BUILDING PRIOR END ---------------

-- RUNNING EPOCHS START -------------
[00:00:00:04.54] Training epoch 1/14, current best R: 0.9197

	** New best
	Reward: 0.9197003628295862
	Count Off-policy: False
	Count On-policy: True
	Originally on Policy: True
	Invalid: False
	Traversal: div,sub,div,x2,x1,div,mul,1.0022045452088404,x3,div,mul,x3,x5,x1,x2
	Expression:
	    1.0022045452088404⋅x₁   x₂
	  - ───────────────────── + ──
	              x₅            x₁
	  ────────────────────────────
	               x₂             

[00:00:00:07.71] Training epoch 2/14, current best R: 0.9731

	** New best
	Reward: 0.9731269535710859
	Count Off-policy: False
	Count On-policy: True
	Originally on Policy: True
	Invalid: False
	Traversal: div,-0.0007550749644271619,div,x5,mul,x1,add,div,1320.6888871739943,x2,div,x4,mul,div,x3,x1,x1
	Expression:
	                            ⎛x₄   1320.6888871739943⎞ 
	  -0.0007550749644271619⋅x₁⋅⎜── + ──────────────────⎟ 
	                            ⎝x₃           x₂        ⎠ 
	  ────────────────────────────────────────────────────
	                           x₅                         

[00:00:00:16.61] Training epoch 5/14, current best R: 0.9734

	** New best
	Reward: 0.973385827113757
	Count Off-policy: False
	Count On-policy: True
	Originally on Policy: True
	Invalid: False
	Traversal: mul,mul,-0.9980197813392837,inv,x5,div,add,x1,div,x4,4117.341076017445,x2
	Expression:
	  -0.9980197813392837⋅(x₁ + 0.0002428751909393098⋅x₄) 
	  ────────────────────────────────────────────────────
	                         x₂⋅x₅                        

[00:00:00:32.13] Training epoch 10/14, current best R: 0.9734
[00:00:00:44.94] Ending training after epoch 14/14, current best R: 0.9734
-- RUNNING EPOCHS END ---------------

-- EVALUATION START ----------------
Saving Hall of Fame to ./log/regression_config_regression_DSR.json_Livermore2_Vars5_14.in_normal_0.0_2023-05-30-031634/dso_regression_config_regression_DSR.json_Livermore2_Vars5_14.in_normal_0.0_0_hof.csv
Saving Pareto Front to ./log/regression_config_regression_DSR.json_Livermore2_Vars5_14.in_normal_0.0_2023-05-30-031634/dso_regression_config_regression_DSR.json_Livermore2_Vars5_14.in_normal_0.0_0_pf.csv
Invalid expressions: 215 of 14336 (1.5%).
Error type counts:
  reciprocal: 113 (52.6%)
  true_divide: 102 (47.4%)
Error node counts:
  divide: 212 (98.6%)
  invalid: 3 (1.4%)
-- EVALUATION END ------------------
== TRAINING SEED 0 END ==============
INFO: Completed run 1 of 1 in 46 s

== POST-PROCESS START =================
-- LOADING LOGS START ----------------
Successfully loaded summary data
Successfully loaded Hall of Fame data
Successfully loaded Pareto Front data
-- LOADING LOGS END ------------------

-- ANALYZING LOG START --------------
Task_____________regression
Source path______./log/regression_config_regression_DSR.json_Livermore2_Vars5_14.in_normal_0.0_2023-05-30-031634
Runs_____________1
Max Samples/run__15000
Success_rate_____0.0
Hall of Fame (Top 5 of 100)____
    0: S=000 R=0.973386 <-- [-0.9980197813392837*(x1 + 0.0002428751909393098*x4)/(x2*x5)]
    1: S=000 R=0.973127 <-- [-0.0007550749644271619*x1*(x4/x3 + 1320.6888871739943/x2)/x5]
    2: S=000 R=0.920121 <-- [x2 + (-x1 + 0.0089077174329704509*x4)/(x2*x5)]
    3: S=000 R=0.919700 <-- [(-1.0022045452088404*x1/x5 + x2/x1)/x2]
    4: S=000 R=0.919700 <-- [-1.002204244435758*x1/(x2*x5) + 1/x1]
  Saving Hall of Fame plot to ./log/regression_config_regression_DSR.json_Livermore2_Vars5_14.in_normal_0.0_2023-05-30-031634/dso_regression_config_regression_DSR.json_Livermore2_Vars5_14.in_normal_0.0_plot_hof.png
Pareto Front (5 of 7)____
    0: S=000 R=0.973386 C=15.00 <-- [-0.9980197813392837*(x1 + 0.0002428751909393098*x4)/(x2*x5)]
    1: S=000 R=0.918054 C=12.00 <-- [1.034891239561181*(-x1 + x5)/(x2*x5)]
    2: S=000 R=0.722069 C=9.00 <-- [-10.21389298422876*x1/(x2 + x5)]
    3: S=000 R=0.558075 C=8.00 <-- [-2.0558858908682875*x1/x5]
    4: S=000 R=0.555676 C=7.00 <-- [-1.9654571286220723/(x2*x5)]
  Saving Pareto Front plot to ./log/regression_config_regression_DSR.json_Livermore2_Vars5_14.in_normal_0.0_2023-05-30-031634/dso_regression_config_regression_DSR.json_Livermore2_Vars5_14.in_normal_0.0_plot_pf.png
-- ANALYZING LOG END ----------------
== POST-PROCESS END ===================
