['add', 'X_0', 'log', 'mul', 'X_0', 'add', 'X_0', 'add', 'X_1', 'add', 'mul', 'X_2', 'log', 'add', 'X_2', 'mul', -1, 'mul', 'X_0', 'mul', 'X_3', 'mul', 'pow', 'X_4', -1, 'sin', 'X_2', 'mul', -3.57, 'mul', 'X_1', 'pow', 'X_0', 2]
--------------------
eq_name 	 Livermore2_Vars5_25
num_vars 	 5
vars_range_and_types 	 [{"name": "LogUniform", "range": [0.1, 10], "only_positive": true}, {"name": "LogUniform", "range": [0.1, 10], "only_positive": true}, {"name": "LogUniform", "range": [0.1, 10], "only_positive": true}, {"name": "LogUniform", "range": [0.1, 10], "only_positive": true}, {"name": "LogUniform", "range": [0.1, 10], "only_positive": true}]
function_set 	 ['add', 'sub', 'mul', 'div', 'n2', 'log', 'sin', 'cos', 'const']
eq_expression 	 add,X_0,log,mul,X_0,add,X_0,add,X_1,add,mul,X_2,log,add,X_2,mul,-1,mul,X_0,mul,X_3,mul,pow,X_4,-1,sin,X_2,mul,-3.57,mul,X_1,pow,X_0,2
expr 	 X_0 + log(X_0*(-3.57*X_0**2*X_1 + X_0 + X_1 + X_2*log(-X_0*X_3*sin(X_2)/X_4 + X_2)))
--------------------

== EXPERIMENT SETUP START ===========
Task type            : regression
Starting seed        : 0
Runs                 : 1
== EXPERIMENT SETUP END =============

== TRAINING SEED 0 START ============
self.dataX <dso.symbolic_data_generator.DataX object at 0x2ba9b68df278>, self.data_query_oracle: <dso.symbolic_equation_evaluator_public.Equation_evaluator object at 0x2ba9d5980cf8>
generate dataset!
-- BUILDING PRIOR START -------------
WARNING: Skipping invalid 'RelationalConstraint' with arguments {'targets': [], 'effectors': [], 'relationship': None}. Reason: Prior disabled.
WARNING: Skipping invalid 'TrigConstraint' with arguments {}. Reason: There are no target Tokens.
WARNING: Skipping invalid 'UniformArityPrior' with arguments {}. Reason: Prior disabled.
WARNING: Skipping invalid 'LanguageModelPrior' with arguments {'weight': None}. Reason: Prior disabled.
LengthConstraint: Sequences have minimum length 4.
                  Sequences have maximum length 256.
RepeatConstraint: [const] cannot occur more than 10 times.
RelationalConstraint: [inv] cannot be a child of [inv].
ConstConstraint: [const] cannot be the only unique child of [inv, add, sub, mul, div].
NoInputsConstraint: Sequences contain at least one input variable Token.
SoftLengthPrior: No description available.
-- BUILDING PRIOR END ---------------

-- RUNNING EPOCHS START -------------
[00:00:00:04.13] Training epoch 1/14, current best R: 0.7491

	** New best
	Reward: 0.7491384133343475
	Count Off-policy: False
	Count On-policy: True
	Originally on Policy: True
	Invalid: False
	Traversal: sub,-0.5030828579704387,div,-24056.444435807334,add,x2,div,div,inv,div,x1,x1,8.81100081951395e-05,x1
	Expression:
	                          24056.444435807334 
	  -0.5030828579704387 + ─────────────────────
	                             11349.4484960809
	                        x₂ + ────────────────
	                                    x₁       

[00:00:00:06.86] Training epoch 2/14, current best R: 0.7548

	** New best
	Reward: 0.7548303784369707
	Count Off-policy: False
	Count On-policy: True
	Originally on Policy: True
	Invalid: False
	Traversal: sub,add,x1,x1,mul,0.10962841427240222,mul,x5,inv,mul,x2,1.9915989985817963
	Expression:
	         0.055045425484983597⋅x₅
	  2⋅x₁ - ───────────────────────
	                    x₂          

[00:00:00:09.54] Training epoch 3/14, current best R: 0.7632

	** New best
	Reward: 0.7631670640226441
	Count Off-policy: False
	Count On-policy: True
	Originally on Policy: True
	Invalid: False
	Traversal: mul,x1,add,2.0366614634687426,mul,inv,div,x1,div,-0.07432378478287861,x3,inv,x1
	Expression:
	     ⎛                     0.07432378478287861⎞
	  x₁⋅⎜2.0366614634687426 - ───────────────────⎟
	     ⎜                              2         ⎟
	     ⎝                            x₁ ⋅x₃      ⎠

[00:00:00:20.27] Training epoch 7/14, current best R: 0.7636

	** New best
	Reward: 0.763550082891293
	Count Off-policy: False
	Count On-policy: True
	Originally on Policy: True
	Invalid: False
	Traversal: mul,add,x2,mul,-0.9998767436123712,add,x2,-0.002235265204060095,mul,sub,inv,x4,-807.3937301709802,x1
	Expression:
	     ⎛                    1 ⎞                                                 
	  x₁⋅⎜807.3937301709802 + ──⎟⋅(0.0001232563876288062⋅x₂ + 0.00223498969334565)
	     ⎝                    x₄⎠                                                 

[00:00:00:29.11] Training epoch 10/14, current best R: 0.7660

	** New best
	Reward: 0.7660184946386173
	Count Off-policy: False
	Count On-policy: True
	Originally on Policy: True
	Invalid: False
	Traversal: div,x2,div,sub,0.033836363352653005,inv,div,-2.2944607650897053,add,inv,div,x5,-0.0005236925922345258,x2,x1
	Expression:
	                                  x₁⋅x₂                                 
	  ──────────────────────────────────────────────────────────────────────
	                                                  0.00022824212128728698
	  0.43583225096503384⋅x₂ + 0.033836363352653005 - ──────────────────────
	                                                            x₅          

[00:00:00:29.13] Training epoch 10/14, current best R: 0.7660
[00:00:00:41.21] Training epoch 14/14, current best R: 0.7695

	** New best
	Reward: 0.7694881361110034
	Count Off-policy: False
	Count On-policy: True
	Originally on Policy: True
	Invalid: False
	Traversal: div,x1,inv,add,2.532984922316297,inv,mul,x5,inv,mul,inv,sub,-0.9566481644782889,x2,x5
	Expression:
	     ⎛                               1            ⎞
	  x₁⋅⎜2.532984922316297 + ────────────────────────⎟
	     ⎝                    -x₂ - 0.9566481644782889⎠

[00:00:00:41.22] Ending training after epoch 14/14, current best R: 0.7695
-- RUNNING EPOCHS END ---------------

-- EVALUATION START ----------------
Saving Hall of Fame to ./log/regression_config_regression_PQT.json_Livermore2_Vars5_25.in_normal_0.0_2023-05-30-041508/dso_regression_config_regression_PQT.json_Livermore2_Vars5_25.in_normal_0.0_0_hof.csv
Saving Pareto Front to ./log/regression_config_regression_PQT.json_Livermore2_Vars5_25.in_normal_0.0_2023-05-30-041508/dso_regression_config_regression_PQT.json_Livermore2_Vars5_25.in_normal_0.0_0_pf.csv
Invalid expressions: 213 of 14336 (1.5%).
Error type counts:
  true_divide: 102 (47.9%)
  reciprocal: 111 (52.1%)
Error node counts:
  divide: 213 (100.0%)

Priority queue entry 0:
	Reward: 0.7694881361110034
	Count Off-policy: False
	Count On-policy: True
	Originally on Policy: True
	Invalid: False
	Traversal: div,x1,inv,add,2.532984922316297,inv,mul,x5,inv,mul,inv,sub,-0.9566481644782889,x2,x5
	Expression:
	     ⎛                               1            ⎞
	  x₁⋅⎜2.532984922316297 + ────────────────────────⎟
	     ⎝                    -x₂ - 0.9566481644782889⎠


Priority queue entry 1:
	Reward: 0.7660184946386173
	Count Off-policy: False
	Count On-policy: True
	Originally on Policy: True
	Invalid: False
	Traversal: div,x2,div,sub,0.033836363352653005,inv,div,-2.2944607650897053,add,inv,div,x5,-0.0005236925922345258,x2,x1
	Expression:
	                                  x₁⋅x₂                                 
	  ──────────────────────────────────────────────────────────────────────
	                                                  0.00022824212128728698
	  0.43583225096503384⋅x₂ + 0.033836363352653005 - ──────────────────────
	                                                            x₅          


Priority queue entry 2:
	Reward: 0.763550082891293
	Count Off-policy: False
	Count On-policy: True
	Originally on Policy: True
	Invalid: False
	Traversal: mul,add,x2,mul,-0.9998767436123712,add,x2,-0.002235265204060095,mul,sub,inv,x4,-807.3937301709802,x1
	Expression:
	     ⎛                    1 ⎞                                                 
	  x₁⋅⎜807.3937301709802 + ──⎟⋅(0.0001232563876288062⋅x₂ + 0.00223498969334565)
	     ⎝                    x₄⎠                                                 


Priority queue entry 3:
	Reward: 0.7631670640226441
	Count Off-policy: False
	Count On-policy: True
	Originally on Policy: True
	Invalid: False
	Traversal: mul,x1,add,2.0366614634687426,mul,inv,div,x1,div,-0.07432378478287861,x3,inv,x1
	Expression:
	     ⎛                     0.07432378478287861⎞
	  x₁⋅⎜2.0366614634687426 - ───────────────────⎟
	     ⎜                              2         ⎟
	     ⎝                            x₁ ⋅x₃      ⎠


Priority queue entry 4:
	Reward: 0.7604144409582902
	Count Off-policy: False
	Count On-policy: True
	Originally on Policy: True
	Invalid: False
	Traversal: mul,-0.6772927043520228,add,2.155846794968863,sub,x2,add,-0.1558471576938775,add,add,add,add,-0.1558471576938775,add,x1,add,-0.15584715769387744,x1,x2,x1,x2
	Expression:
	  2.031878113056068⋅x₁ + 0.6772927043520228⋅x₂ - 1.7768017346332893


Priority queue entry 5:
	Reward: 0.7565228060740542
	Count Off-policy: False
	Count On-policy: True
	Originally on Policy: True
	Invalid: False
	Traversal: sub,mul,2.077649902238451,x1,inv,div,inv,mul,x5,inv,x2,0.06161747112112336
	Expression:
	                         0.06161747112112336⋅x₅
	  2.077649902238451⋅x₁ - ──────────────────────
	                                   x₂          


Priority queue entry 6:
	Reward: 0.7555761238130623
	Count Off-policy: False
	Count On-policy: True
	Originally on Policy: True
	Invalid: False
	Traversal: mul,div,div,-2.0748971658337068,x3,div,x1,x1,mul,sub,mul,0.02836782658266163,inv,mul,x2,x4,x1,x3
	Expression:
	                          0.058860322977226704
	  2.0748971658337068⋅x₁ - ────────────────────
	                                 x₂⋅x₄        


Priority queue entry 7:
	Reward: 0.755336454548367
	Count Off-policy: False
	Count On-policy: True
	Originally on Policy: True
	Invalid: False
	Traversal: mul,x1,div,add,div,add,mul,x2,add,51.66635662351255,mul,div,x1,x1,x5,x1,x1,499.8797774228856,258.8695078883243
	Expression:
	     ⎛                    0.003862950133282587⋅(x₁ + x₂⋅(x₅ + 51.66635662351255)
	  x₁⋅⎜1.931010652821006 + ──────────────────────────────────────────────────────
	     ⎝                                               x₁                         

	  )⎞
	  ─⎟
	   ⎠


Priority queue entry 8:
	Reward: 0.7548303784369707
	Count Off-policy: False
	Count On-policy: True
	Originally on Policy: True
	Invalid: False
	Traversal: sub,add,x1,x1,mul,0.10962841427240222,mul,x5,inv,mul,x2,1.9915989985817963
	Expression:
	         0.055045425484983597⋅x₅
	  2⋅x₁ - ───────────────────────
	                    x₂          


Priority queue entry 9:
	Reward: 0.7542165563171092
	Count Off-policy: False
	Count On-policy: True
	Originally on Policy: True
	Invalid: False
	Traversal: mul,mul,x1,-0.04912026719516871,sub,x5,add,41.18890380535893,x2
	Expression:
	  -0.04912026719516871⋅x₁⋅(-x₂ + x₅ - 41.18890380535893)

-- EVALUATION END ------------------
== TRAINING SEED 0 END ==============
INFO: Completed run 1 of 1 in 43 s

== POST-PROCESS START =================
-- LOADING LOGS START ----------------
Successfully loaded summary data
Successfully loaded Hall of Fame data
Successfully loaded Pareto Front data
-- LOADING LOGS END ------------------

-- ANALYZING LOG START --------------
Task_____________regression
Source path______./log/regression_config_regression_PQT.json_Livermore2_Vars5_25.in_normal_0.0_2023-05-30-041508
Runs_____________1
Max Samples/run__15000
Success_rate_____0.0
Hall of Fame (Top 5 of 100)____
    0: S=000 R=0.769488 <-- [x1*(2.532984922316297 + 1/(-x2 - 0.9566481644782889))]
    1: S=000 R=0.766018 <-- [x1*x2/(0.43583225096503384*x2 + 0.033836363352653005 - 0.00022824212128728698/x5)]
    2: S=000 R=0.763550 <-- [x1*(807.3937301709802 + 1/x4)*(0.0001232563876288062*x2 + 0.00223498969334565)]
    3: S=000 R=0.763167 <-- [x1*(2.0366614634687426 - 0.07432378478287861/(x1**2*x3))]
    4: S=000 R=0.760414 <-- [2.031878113056068*x1 + 0.6772927043520228*x2 - 1.7768017346332893]
  Saving Hall of Fame plot to ./log/regression_config_regression_PQT.json_Livermore2_Vars5_25.in_normal_0.0_2023-05-30-041508/dso_regression_config_regression_PQT.json_Livermore2_Vars5_25.in_normal_0.0_plot_hof.png
Pareto Front (5 of 8)____
    0: S=000 R=0.769488 C=20.00 <-- [x1*(2.532984922316297 + 1/(-x2 - 0.9566481644782889))]
    1: S=000 R=0.763550 C=15.00 <-- [x1*(807.3937301709802 + 1/x4)*(0.0001232563876288062*x2 + 0.00223498969334565)]
    2: S=000 R=0.756523 C=12.00 <-- [2.0776542807731355*x1 - 0.06161931061213521*x5/x2]
    3: S=000 R=0.754217 C=9.00 <-- [-0.04912026719516871*x1*(-x2 + x5 - 41.18890380535893)]
    4: S=000 R=0.749371 C=8.00 <-- [2.1212505853415118*x1 - 0.50333371704179414]
  Saving Pareto Front plot to ./log/regression_config_regression_PQT.json_Livermore2_Vars5_25.in_normal_0.0_2023-05-30-041508/dso_regression_config_regression_PQT.json_Livermore2_Vars5_25.in_normal_0.0_plot_pf.png
-- ANALYZING LOG END ----------------
== POST-PROCESS END ===================
