['add', 'mul', 'X_2', 'pow', 'X_1', 2, 'add', 'mul', 'X_2', 'pow', 'mul', 'X_0', 'add', 'X_0', 'mul', -1, 'X_1', 0.5, 'mul', 7.14, 'mul', 'X_0', 'pow', 'X_1', 2]
--------------------
eq_name 	 Livermore2_Vars3_19
num_vars 	 3
vars_range_and_types 	 [{"name": "LogUniform", "range": [0.1, 10], "only_positive": true}, {"name": "LogUniform", "range": [0.1, 10], "only_positive": true}, {"name": "LogUniform", "range": [0.1, 10], "only_positive": true}]
function_set 	 ['add', 'sub', 'mul', 'div', 'sqrt', 'n2', 'const']
eq_expression 	 add,mul,X_2,pow,X_1,2,add,mul,X_2,pow,mul,X_0,add,X_0,mul,-1,X_1,0.5,mul,7.14,mul,X_0,pow,X_1,2
expr 	 7.14*X_0*X_1**2 + X_1**2*X_2 + X_2*sqrt(X_0*(X_0 - X_1))
--------------------

== EXPERIMENT SETUP START ===========
Task type            : regression
Starting seed        : 0
Runs                 : 1
== EXPERIMENT SETUP END =============

== TRAINING SEED 0 START ============
self.dataX <dso.symbolic_data_generator.DataX object at 0x2ae76e257080>, self.data_query_oracle: <dso.symbolic_equation_evaluator_public.Equation_evaluator object at 0x2ae78d2f8cf8>
generate dataset!
-- BUILDING PRIOR START -------------
WARNING: Skipping invalid 'RelationalConstraint' with arguments {'targets': [], 'effectors': [], 'relationship': None}. Reason: Prior disabled.
WARNING: Skipping invalid 'TrigConstraint' with arguments {}. Reason: There are no target Tokens.
WARNING: Skipping invalid 'UniformArityPrior' with arguments {}. Reason: Prior disabled.
WARNING: Skipping invalid 'LanguageModelPrior' with arguments {'weight': None}. Reason: Prior disabled.
LengthConstraint: Sequences have minimum length 4.
                  Sequences have maximum length 256.
RepeatConstraint: [const] cannot occur more than 10 times.
RelationalConstraint: [inv] cannot be a child of [inv].
ConstConstraint: [const] cannot be the only unique child of [inv, add, sub, mul, div].
NoInputsConstraint: Sequences contain at least one input variable Token.
SoftLengthPrior: No description available.
-- BUILDING PRIOR END ---------------

-- RUNNING EPOCHS START -------------
gen	iter	pop_size	nevals	uncached_size	best_val	timer  
0  	0   	1024    	1024  	1024         	(nan,)  	1.69936
1  	1   	1024    	768   	673          	(nan,)  	0.31179
2  	2   	1024    	776   	657          	(nan,)  	0.299686
3  	3   	1024    	764   	645          	(nan,)  	0.308079
4  	4   	1024    	754   	640          	(nan,)  	0.299612
5  	5   	1024    	745   	654          	(nan,)  	0.433014
6  	6   	1024    	797   	667          	(nan,)  	0.317692
7  	7   	1024    	763   	633          	(nan,)  	0.301152
8  	8   	1024    	769   	663          	(nan,)  	0.312681
9  	9   	1024    	784   	643          	(nan,)  	0.312347

--------------------------------------------------
GP Time: 4.84796

Unique expressions evaluated: 7872
Total expression evaluations: 7944
--------------------------------------------------

GP -> best program this epoch:

	Reward: nan
	Count Off-policy: 1
	Count On-policy: 0
	Originally on Policy: False
	Invalid: False
	Traversal: mul,x3,div,sub,x2,mul,x2,x1,sub,sub,x2,1.0,div,x3,mul,x1,x3
	Expression:
	  x₃⋅(-x₁⋅x₂ + x₂)
	  ────────────────
	              1   
	   x₂ - 1.0 - ──  
	              x₁  

None

--------------------------------------------------

