['add', 'log', 'add', 'X_0', 'pow', 'X_0', 2, 'log', 'add', 'X_0', 'pow', 'X_0', 3]
--------------------
eq_name 	 Livermore_19
num_vars 	 1
vars_range_and_types 	 [{"name": "LogUniform", "range": [0.1, 10], "only_positive": true}]
function_set 	 ['add', 'sub', 'mul', 'div', 'const', 'n2', 'n3', 'log']
eq_expression 	 add,log,add,X_0,pow,X_0,2,log,add,X_0,pow,X_0,3
expr 	 log(X_0**2 + X_0) + log(X_0**3 + X_0)
--------------------

== EXPERIMENT SETUP START ===========
Task type            : regression
Starting seed        : 0
Runs                 : 1
== EXPERIMENT SETUP END =============

== TRAINING SEED 0 START ============
self.dataX <dso.symbolic_data_generator.DataX object at 0x2b02dfd15630>, self.data_query_oracle: <dso.symbolic_equation_evaluator_public.Equation_evaluator object at 0x2b02ca561d30>
generate dataset!
-- BUILDING PRIOR START -------------
WARNING: Skipping invalid 'RelationalConstraint' with arguments {'targets': [], 'effectors': [], 'relationship': None}. Reason: Prior disabled.
WARNING: Skipping invalid 'TrigConstraint' with arguments {}. Reason: There are no target Tokens.
WARNING: Skipping invalid 'UniformArityPrior' with arguments {}. Reason: Prior disabled.
WARNING: Skipping invalid 'LanguageModelPrior' with arguments {'weight': None}. Reason: Prior disabled.
LengthConstraint: Sequences have minimum length 4.
                  Sequences have maximum length 256.
RepeatConstraint: [const] cannot occur more than 10 times.
RelationalConstraint: [inv] cannot be a child of [inv].
ConstConstraint: [const] cannot be the only unique child of [inv, add, sub, mul, div].
NoInputsConstraint: Sequences contain at least one input variable Token.
SoftLengthPrior: No description available.
-- BUILDING PRIOR END ---------------

-- RUNNING EPOCHS START -------------
[00:00:00:36.71] Training epoch 1/14, current best R: 0.9944

	** New best
	Reward: 0.9943542551384552
	Count Off-policy: False
	Count On-policy: True
	Originally on Policy: True
	Invalid: False
	Traversal: mul,sub,div,sub,mul,add,x1,inv,div,div,mul,sub,add,0.46720790469338974,x1,mul,0.7883953956375664,x1,0.3947601472486915,3.576040841545475,x1,x1,0.6415924922898251,x1,9.520562579956211,0.3293189036347918
	Expression:
	                                          ⎛   ⎛                           x₁    
	                       0.3293189036347918⋅⎜x₁⋅⎜x₁ + ────────────────────────────
	                                          ⎝   ⎝     0.02335909137450301⋅x₁ + 0.0
	  -3.135301230817604 + ─────────────────────────────────────────────────────────
	                                                                       x₁       

	                   ⎞                     ⎞
	  ─────────────────⎟ - 0.6415924922898251⎟
	  51575211085342906⎠                     ⎠
	  ────────────────────────────────────────
                                        

[00:00:01:30.25] Training epoch 3/14, current best R: 0.9991

	** New best
	Reward: 0.9991409089398058
	Count Off-policy: False
	Count On-policy: True
	Originally on Policy: True
	Invalid: False
	Traversal: mul,mul,add,sub,div,-137.43741557730007,add,add,inv,add,add,inv,add,add,x1,-0.08446238374286853,-0.08446238374154313,x1,3.502482165730831,2.2354146155287564,x1,-44.446106873537666,x1,0.5185948329139187,0.5185948329342862
	Expression:
	                                                                          36.962
	  0.2689406007355777⋅x₁ + 11.95336268292691 - ──────────────────────────────────
                                                                              
	                                              x₁ + 2.2354146155287564 + ────────
                                                                              
	                                                                        x₁ + 3.5
                                                                              

	  501108904329                            
	  ────────────────────────────────────────
	                 1                        
	  ────────────────────────────────────────
	                              1           
	  02482165730831 + ───────────────────────
	                   x₁ - 0.1689247674844117

[00:00:05:09.11] Training epoch 10/14, current best R: 0.9991
[00:00:07:48.97] Ending training after epoch 14/14, current best R: 0.9991
-- RUNNING EPOCHS END ---------------

-- EVALUATION START ----------------
Saving Hall of Fame to ./log/regression_config_regression_VPG.json_Livermore_19.in_normal_0.0_2023-05-30-034918/dso_regression_config_regression_VPG.json_Livermore_19.in_normal_0.0_0_hof.csv
Saving Pareto Front to ./log/regression_config_regression_VPG.json_Livermore_19.in_normal_0.0_2023-05-30-034918/dso_regression_config_regression_VPG.json_Livermore_19.in_normal_0.0_0_pf.csv
Invalid expressions: 360 of 14336 (2.5%).
Error type counts:
  true_divide: 109 (30.3%)
  reciprocal: 251 (69.7%)
Error node counts:
  divide: 358 (99.4%)
  invalid: 2 (0.6%)
-- EVALUATION END ------------------
== TRAINING SEED 0 END ==============
INFO: Completed run 1 of 1 in 470 s

== POST-PROCESS START =================
-- LOADING LOGS START ----------------
Successfully loaded summary data
Successfully loaded Hall of Fame data
Successfully loaded Pareto Front data
-- LOADING LOGS END ------------------

-- ANALYZING LOG START --------------
Task_____________regression
Source path______./log/regression_config_regression_VPG.json_Livermore_19.in_normal_0.0_2023-05-30-034918
Runs_____________1
Max Samples/run__15000
Success_rate_____0.0
Hall of Fame (Top 5 of 100)____
    0: S=000 R=0.999141 <-- [0.2689406007355777*x1 + 11.95336268292691 - 36.962501108904329/(x1 + 2.2354146155287564 + 1/(x1 + 3.502482165730831 + 1/(x1 - 0.1689247674844117)))]
    1: S=000 R=0.998091 <-- [1/(-0.001058628209499424*x1 + 0.1943292626080524*x1/(x1 - 1.2964400013832489 + 1/(x1 + 0.8994172091242582)) - 0.12457319505743782)]
    2: S=000 R=0.996111 <-- [1/(0.05433745581056815 - 0.32072757783967027/(-x1 + ((x1 + 0.10955661213013004)/(x1 + 0.7599974665251923) - 0.1171487384931968)/x1))]
    3: S=000 R=0.995638 <-- [0.1240918037995994*x1 + 15.046547856758158 - 65.55220879778621/(x1 + x1/(x1 + 0.2041124781469198) + 2.928628038688882)]
    4: S=000 R=0.995381 <-- [18.15335730593225 - 95.97681768844329/(x1 + 366.31219746647514/(x1 + 70.78381122501295 + 1/(x1*(2.40535908885546 - 94.22825919352958/(41.290509913290684 + 1/x1)))))]
  Saving Hall of Fame plot to ./log/regression_config_regression_VPG.json_Livermore_19.in_normal_0.0_2023-05-30-034918/dso_regression_config_regression_VPG.json_Livermore_19.in_normal_0.0_plot_hof.png
Pareto Front (5 of 12)____
    0: S=000 R=0.999141 C=28.00 <-- [0.2689406007355777*x1 + 11.95336268292691 - 36.962501108904329/(x1 + 2.2354146155287564 + 1/(x1 + 3.502482165730831 + 1/(x1 - 0.1689247674844117)))]
    1: S=000 R=0.994354 C=27.00 <-- [0.32932852378736745*x1 + 10.23554320909273 + 0.32932852378736745*(-0.6415676679003374 + (x1 - 40.6003878524854)/(0.45292046895845061 + 1/x1))/x1]
    2: S=000 R=0.994354 C=24.00 <-- [0.32933830791768415*x1 + 3.8609738637634292/(0.3521974683422778 + 1/(x1 - 0.6314596022826773)) - 0.21128444030229121/x1]
    3: S=000 R=0.994354 C=22.00 <-- [0.32937131608146636*x1 - 0.46644473673177722*(67.17727047376964 + 1/x1)/(x1 + 2.207719372213324) + 10.962038322452402]
    4: S=000 R=0.981741 C=19.00 <-- [0.5292165494161687 + 3.5395396132946177*(1.26085325446839 - 1/x1)/(0.2809266303765544 + 1/(x1 + 0.07886008649550132))]
  Saving Pareto Front plot to ./log/regression_config_regression_VPG.json_Livermore_19.in_normal_0.0_2023-05-30-034918/dso_regression_config_regression_VPG.json_Livermore_19.in_normal_0.0_plot_pf.png
-- ANALYZING LOG END ----------------
== POST-PROCESS END ===================
