['add', 'mul', -3.69, 'pow', 'add', -1.99, 'add', 'mul', 'X_1', 'X_4', 'add', 'mul', 'X_5', 'pow', 'X_0', -0.5, 'mul', -1, 'mul', 'X_0', 'exp', 'mul', -4, 'X_6', -1, 'add', 'mul', 'X_2', 'X_3', 'log', 'mul', 'X_0', 'X_1']
--------------------
eq_name 	 Livermore2_Vars7_15
num_vars 	 7
vars_range_and_types 	 [{"name": "LogUniform", "range": [0.1, 10], "only_positive": true}, {"name": "LogUniform", "range": [0.1, 10], "only_positive": true}, {"name": "LogUniform", "range": [0.1, 10], "only_positive": true}, {"name": "LogUniform", "range": [0.1, 10], "only_positive": true}, {"name": "LogUniform", "range": [0.1, 10], "only_positive": true}, {"name": "LogUniform", "range": [0.1, 10], "only_positive": true}, {"name": "LogUniform", "range": [0.1, 10], "only_positive": true}]
function_set 	 ['add', 'sub', 'mul', 'div', 'sqrt', 'log', 'exp', 'const']
eq_expression 	 add,mul,-3.69,pow,add,-1.99,add,mul,X_1,X_4,add,mul,X_5,pow,X_0,-0.5,mul,-1,mul,X_0,exp,mul,-4,X_6,-1,add,mul,X_2,X_3,log,mul,X_0,X_1
expr 	 X_2*X_3 + log(X_0*X_1) - 3.69/(-X_0*exp(-4*X_6) + X_1*X_4 - 1.99 + X_5/sqrt(X_0))
--------------------

== EXPERIMENT SETUP START ===========
Task type            : regression
Starting seed        : 0
Runs                 : 1
== EXPERIMENT SETUP END =============

== TRAINING SEED 0 START ============
self.dataX <dso.symbolic_data_generator.DataX object at 0x2afbc4114160>, self.data_query_oracle: <dso.symbolic_equation_evaluator_public.Equation_evaluator object at 0x2afbe31b5cf8>
generate dataset!
-- BUILDING PRIOR START -------------
WARNING: Skipping invalid 'RelationalConstraint' with arguments {'targets': [], 'effectors': [], 'relationship': None}. Reason: Prior disabled.
WARNING: Skipping invalid 'TrigConstraint' with arguments {}. Reason: There are no target Tokens.
WARNING: Skipping invalid 'UniformArityPrior' with arguments {}. Reason: Prior disabled.
WARNING: Skipping invalid 'LanguageModelPrior' with arguments {'weight': None}. Reason: Prior disabled.
LengthConstraint: Sequences have minimum length 4.
                  Sequences have maximum length 256.
RepeatConstraint: [const] cannot occur more than 10 times.
RelationalConstraint: [inv] cannot be a child of [inv].
ConstConstraint: [const] cannot be the only unique child of [inv, add, sub, mul, div].
NoInputsConstraint: Sequences contain at least one input variable Token.
SoftLengthPrior: No description available.
-- BUILDING PRIOR END ---------------

-- RUNNING EPOCHS START -------------
[00:00:00:02.84] Training epoch 1/14, current best R: 0.5004

	** New best
	Reward: 0.5003947801480895
	Count Off-policy: False
	Count On-policy: True
	Originally on Policy: True
	Invalid: False
	Traversal: add,x2,sub,mul,x3,x4,x4
	Expression:
	  x₂ + x₃⋅x₄ - x₄

[00:00:00:04.63] Training epoch 2/14, current best R: 0.5033

	** New best
	Reward: 0.5033104349823616
	Count Off-policy: False
	Count On-policy: True
	Originally on Policy: True
	Invalid: False
	Traversal: sub,x2,inv,sub,1.1557617773717677,add,div,x3,1.1345234831780682,sub,x3,sub,inv,add,mul,x4,x3,0.8600839608925877,x6
	Expression:
	                                             1                                  
	  x₂ - ─────────────────────────────────────────────────────────────────────────
	                                                                      1         
	       -1.8814273259454832⋅x₃ - x₆ + 1.1557617773717677 + ──────────────────────
	                                                          x₃⋅x₄ + 0.860083960892

    
	  ────
    
	  ────
	  5877

[00:00:00:11.05] Training epoch 6/14, current best R: 0.5038

	** New best
	Reward: 0.5038221407777957
	Count Off-policy: False
	Count On-policy: True
	Originally on Policy: True
	Invalid: False
	Traversal: div,mul,x7,0.02093970709877023,sub,1.0225096017563002,x7
	Expression:
	   0.02093970709877023⋅x₇
	  ───────────────────────
	  1.0225096017563002 - x₇

[00:00:00:17.10] Training epoch 10/14, current best R: 0.5038
[00:00:00:24.18] Ending training after epoch 14/14, current best R: 0.5038
-- RUNNING EPOCHS END ---------------

-- EVALUATION START ----------------
Saving Hall of Fame to ./log/regression_config_regression_PQT.json_Livermore2_Vars7_15.in_normal_0.0_2023-05-30-034640/dso_regression_config_regression_PQT.json_Livermore2_Vars7_15.in_normal_0.0_0_hof.csv
Saving Pareto Front to ./log/regression_config_regression_PQT.json_Livermore2_Vars7_15.in_normal_0.0_2023-05-30-034640/dso_regression_config_regression_PQT.json_Livermore2_Vars7_15.in_normal_0.0_0_pf.csv
Invalid expressions: 163 of 14336 (1.1%).
Error type counts:
  reciprocal: 84 (51.5%)
  true_divide: 79 (48.5%)
Error node counts:
  divide: 163 (100.0%)

Priority queue entry 0:
	Reward: 0.5038221407777957
	Count Off-policy: False
	Count On-policy: True
	Originally on Policy: True
	Invalid: False
	Traversal: div,mul,x7,0.02093970709877023,sub,1.0225096017563002,x7
	Expression:
	   0.02093970709877023⋅x₇
	  ───────────────────────
	  1.0225096017563002 - x₇


Priority queue entry 1:
	Reward: 0.5033104349823616
	Count Off-policy: False
	Count On-policy: True
	Originally on Policy: True
	Invalid: False
	Traversal: sub,x2,inv,sub,1.1557617773717677,add,div,x3,1.1345234831780682,sub,x3,sub,inv,add,mul,x4,x3,0.8600839608925877,x6
	Expression:
	                                             1                                  
	  x₂ - ─────────────────────────────────────────────────────────────────────────
	                                                                      1         
	       -1.8814273259454832⋅x₃ - x₆ + 1.1557617773717677 + ──────────────────────
	                                                          x₃⋅x₄ + 0.860083960892

    
	  ────
    
	  ────
	  5877


Priority queue entry 2:
	Reward: 0.5023175780703735
	Count Off-policy: False
	Count On-policy: True
	Originally on Policy: True
	Invalid: False
	Traversal: mul,x3,div,x1,add,mul,sub,x1,sub,inv,sub,x4,mul,mul,x2,2.0239227795974815,x7,x7,x6,x4
	Expression:
	                        x₁⋅x₃                       
	  ──────────────────────────────────────────────────
	          ⎛                        1               ⎞
	  x₄ + x₆⋅⎜x₁ + x₇ - ──────────────────────────────⎟
	          ⎝          -2.0239227795974815⋅x₂⋅x₇ + x₄⎠


Priority queue entry 3:
	Reward: 0.5011675334730138
	Count Off-policy: False
	Count On-policy: True
	Originally on Policy: True
	Invalid: False
	Traversal: div,sub,div,x3,x2,1.004014100024335,sub,sub,x1,inv,x6,add,div,x3,x4,2.01326442616271
	Expression:
	                           x₃    
	      -1.004014100024335 + ──    
	                           x₂    
	  ───────────────────────────────
	       x₃                      1 
	  x₁ - ── - 2.01326442616271 - ──
	       x₄                      x₆


Priority queue entry 4:
	Reward: 0.5004274786215364
	Count Off-policy: False
	Count On-policy: True
	Originally on Policy: True
	Invalid: False
	Traversal: mul,x3,add,x4,inv,add,mul,mul,add,mul,x4,1.0,x1,x3,x7,x3
	Expression:
	     ⎛                1            ⎞
	  x₃⋅⎜x₄ + ────────────────────────⎟
	     ⎝     x₃⋅x₇⋅(x₁ + 1.0⋅x₄) + x₃⎠


Priority queue entry 5:
	Reward: 0.5004263426521246
	Count Off-policy: False
	Count On-policy: True
	Originally on Policy: True
	Invalid: False
	Traversal: div,x3,inv,add,0.07989588290880262,x4
	Expression:
	  x₃⋅(x₄ + 0.07989588290880262)


Priority queue entry 6:
	Reward: 0.5004259436333026
	Count Off-policy: False
	Count On-policy: True
	Originally on Policy: True
	Invalid: False
	Traversal: div,x4,mul,x1,inv,mul,x1,x3
	Expression:
	  x₃⋅x₄


Priority queue entry 7:
	Reward: 0.5004227178998502
	Count Off-policy: False
	Count On-policy: True
	Originally on Policy: True
	Invalid: False
	Traversal: add,x7,add,0.7574906796216965,div,x3,inv,x4
	Expression:
	  x₃⋅x₄ + x₇ + 0.7574906796216965


Priority queue entry 8:
	Reward: 0.5004165500506826
	Count Off-policy: False
	Count On-policy: True
	Originally on Policy: True
	Invalid: False
	Traversal: mul,0.053132831397752454,div,x6,add,div,sub,sub,sub,x4,x6,0.9800806513309914,x2,x4,0.9898609121185505
	Expression:
	                  0.053132831397752454⋅x₆                
	  ───────────────────────────────────────────────────────
	                       -x₂ + x₄ - x₆ - 0.9800806513309914
	  0.9898609121185505 + ──────────────────────────────────
	                                       x₄                


Priority queue entry 9:
	Reward: 0.5003947801480895
	Count Off-policy: False
	Count On-policy: True
	Originally on Policy: True
	Invalid: False
	Traversal: add,x2,sub,mul,x3,x4,x4
	Expression:
	  x₂ + x₃⋅x₄ - x₄

-- EVALUATION END ------------------
== TRAINING SEED 0 END ==============
INFO: Completed run 1 of 1 in 26 s

== POST-PROCESS START =================
-- LOADING LOGS START ----------------
Successfully loaded summary data
Successfully loaded Hall of Fame data
Successfully loaded Pareto Front data
-- LOADING LOGS END ------------------

-- ANALYZING LOG START --------------
Task_____________regression
Source path______./log/regression_config_regression_PQT.json_Livermore2_Vars7_15.in_normal_0.0_2023-05-30-034640
Runs_____________1
Max Samples/run__15000
Success_rate_____0.0
Hall of Fame (Top 5 of 100)____
    0: S=000 R=0.503822 <-- [0.02093970709877023*x7/(1.0225096017563002 - x7)]
    1: S=000 R=0.503310 <-- [x2 - 1/(-1.8814273259454832*x3 - x6 + 1.1557617773717677 + 1/(x3*x4 + 0.8600839608925877))]
    2: S=000 R=0.502318 <-- [x1*x3/(x4 + x6*(x1 + x7 - 1/(-2.0239227795974815*x2*x7 + x4)))]
    3: S=000 R=0.501168 <-- [(-1.004014100024335 + x3/x2)/(x1 - x3/x4 - 2.01326442616271 - 1/x6)]
    4: S=000 R=0.500751 <-- [7.362890577016231 - 1/(-x5 + x6 + 0.8325530892002705)]
  Saving Hall of Fame plot to ./log/regression_config_regression_PQT.json_Livermore2_Vars7_15.in_normal_0.0_2023-05-30-034640/dso_regression_config_regression_PQT.json_Livermore2_Vars7_15.in_normal_0.0_plot_hof.png
Pareto Front (2 of 2)____
    0: S=000 R=0.503822 C=8.00 <-- [0.02093970709877023*x7/(1.0225096017563002 - x7)]
    1: S=000 R=0.500532 C=5.00 <-- [x1 + x3*x4]
  Saving Pareto Front plot to ./log/regression_config_regression_PQT.json_Livermore2_Vars7_15.in_normal_0.0_2023-05-30-034640/dso_regression_config_regression_PQT.json_Livermore2_Vars7_15.in_normal_0.0_plot_pf.png
-- ANALYZING LOG END ----------------
== POST-PROCESS END ===================
