['add', 'mul', -1, 'cos', 'mul', 'X_6', 'add', 'X_6', 'mul', 'pow', 'X_0', -1, 'add', 'X_5', 'mul', 'pow', 'X_1', 2, 'mul', 'pow', 'X_4', 2, 'mul', 'pow', 'X_5', 2, 'pow', 'add', 'X_0', 'mul', 'X_2', 'mul', 'X_3', 'X_5', 2, 'add', 'mul', 1.31, 'X_5', 'mul', 4.63, 'mul', 'X_5', 'pow', 'X_0', 2]
--------------------
eq_name 	 Livermore2_Vars7_14
num_vars 	 7
vars_range_and_types 	 [{"name": "LogUniform", "range": [0.1, 10], "only_positive": true}, {"name": "LogUniform", "range": [0.1, 10], "only_positive": true}, {"name": "LogUniform", "range": [0.1, 10], "only_positive": true}, {"name": "LogUniform", "range": [0.1, 10], "only_positive": true}, {"name": "LogUniform", "range": [0.1, 10], "only_positive": true}, {"name": "LogUniform", "range": [0.1, 10], "only_positive": true}, {"name": "LogUniform", "range": [0.1, 10], "only_positive": true}]
function_set 	 ['add', 'sub', 'mul', 'div', 'sin', 'cos', 'const']
eq_expression 	 add,mul,-1,cos,mul,X_6,add,X_6,mul,pow,X_0,-1,add,X_5,mul,pow,X_1,2,mul,pow,X_4,2,mul,pow,X_5,2,pow,add,X_0,mul,X_2,mul,X_3,X_5,2,add,mul,1.31,X_5,mul,4.63,mul,X_5,pow,X_0,2
expr 	 4.63*X_0**2*X_5 + 1.31*X_5 - cos(X_6*(X_6 + (X_1**2*X_4**2*X_5**2*(X_0 + X_2*X_3*X_5)**2 + X_5)/X_0))
--------------------

== EXPERIMENT SETUP START ===========
Task type            : regression
Starting seed        : 0
Runs                 : 1
== EXPERIMENT SETUP END =============

== TRAINING SEED 0 START ============
self.dataX <dso.symbolic_data_generator.DataX object at 0x2b39557160f0>, self.data_query_oracle: <dso.symbolic_equation_evaluator_public.Equation_evaluator object at 0x2b393bf70cf8>
generate dataset!
-- BUILDING PRIOR START -------------
WARNING: Skipping invalid 'RelationalConstraint' with arguments {'targets': [], 'effectors': [], 'relationship': None}. Reason: Prior disabled.
WARNING: Skipping invalid 'TrigConstraint' with arguments {}. Reason: There are no target Tokens.
WARNING: Skipping invalid 'UniformArityPrior' with arguments {}. Reason: Prior disabled.
WARNING: Skipping invalid 'LanguageModelPrior' with arguments {'weight': None}. Reason: Prior disabled.
LengthConstraint: Sequences have minimum length 4.
                  Sequences have maximum length 256.
RepeatConstraint: [const] cannot occur more than 10 times.
RelationalConstraint: [inv] cannot be a child of [inv].
ConstConstraint: [const] cannot be the only unique child of [inv, add, sub, mul, div].
NoInputsConstraint: Sequences contain at least one input variable Token.
SoftLengthPrior: No description available.
-- BUILDING PRIOR END ---------------

-- RUNNING EPOCHS START -------------
[00:00:00:03.19] Training epoch 1/14, current best R: 0.7411

	** New best
	Reward: 0.7411224178257362
	Count Off-policy: False
	Count On-policy: True
	Originally on Policy: True
	Invalid: False
	Traversal: mul,x6,add,x7,sub,mul,30.36216524345296,x1,inv,div,x6,x5
	Expression:
	     ⎛                       x₅     ⎞
	  x₆⋅⎜30.36216524345296⋅x₁ - ── + x₇⎟
	     ⎝                       x₆     ⎠

[00:00:00:05.12] Training epoch 2/14, current best R: 0.7465

	** New best
	Reward: 0.7465020933256312
	Count Off-policy: False
	Count On-policy: True
	Originally on Policy: True
	Invalid: False
	Traversal: inv,div,0.03251329618578447,div,x6,inv,sub,x1,inv,mul,8.708381747349911,mul,x1,x6
	Expression:
	                       ⎛     0.1148318974767401⎞
	  30.75664781220251⋅x₆⋅⎜x₁ - ──────────────────⎟
	                       ⎝           x₁⋅x₆       ⎠

[00:00:00:09.07] Training epoch 4/14, current best R: 0.7479

	** New best
	Reward: 0.7478843186690864
	Count Off-policy: False
	Count On-policy: True
	Originally on Policy: True
	Invalid: False
	Traversal: mul,2.0692910923160523,mul,x6,mul,mul,x7,div,add,div,-0.11066797741588899,add,x1,x1,x1,0.06708351507978956,inv,x7
	Expression:
	                        ⎛                      0.8248522553138412⎞
	  2.0692910923160523⋅x₆⋅⎜14.9067919117028⋅x₁ - ──────────────────⎟
	                        ⎝                              x₁        ⎠

[00:00:00:21.47] Training epoch 10/14, current best R: 0.7815

	** New best
	Reward: 0.7815479074877681
	Count Off-policy: False
	Count On-policy: True
	Originally on Policy: True
	Invalid: False
	Traversal: div,add,x3,add,add,div,x4,x4,mul,3563.1517629088203,mul,x6,sub,x1,0.7478773874149834,add,x2,x3,98.86758221634152
	Expression:
	  0.01011453883651979⋅x₂ + 0.02022907767303959⋅x₃ + 36.039636886355231⋅x₆⋅(x₁ - 
	  0.7478773874149834) + 0.01011453883651979

[00:00:00:21.48] Training epoch 10/14, current best R: 0.7815
[00:00:00:26.23] Training epoch 12/14, current best R: 0.9888

	** New best
	Reward: 0.988764796955911
	Count Off-policy: False
	Count On-policy: True
	Originally on Policy: True
	Invalid: False
	Traversal: mul,x1,mul,div,x6,0.21474035548591766,x1
	Expression:
	                      2   
	  4.656786553869603⋅x₁ ⋅x₆

[00:00:00:30.20] Ending training after epoch 14/14, current best R: 0.9888
-- RUNNING EPOCHS END ---------------

-- EVALUATION START ----------------
Saving Hall of Fame to ./log/regression_config_regression_PQT.json_Livermore2_Vars7_14.in_normal_0.0_2023-05-30-034000/dso_regression_config_regression_PQT.json_Livermore2_Vars7_14.in_normal_0.0_0_hof.csv
Saving Pareto Front to ./log/regression_config_regression_PQT.json_Livermore2_Vars7_14.in_normal_0.0_2023-05-30-034000/dso_regression_config_regression_PQT.json_Livermore2_Vars7_14.in_normal_0.0_0_pf.csv
Invalid expressions: 147 of 14336 (1.0%).
Error type counts:
  reciprocal: 76 (51.7%)
  true_divide: 71 (48.3%)
Error node counts:
  divide: 147 (100.0%)

Priority queue entry 0:
	Reward: 0.988764796955911
	Count Off-policy: False
	Count On-policy: True
	Originally on Policy: True
	Invalid: False
	Traversal: mul,x1,mul,div,x6,0.21474035548591766,x1
	Expression:
	                      2   
	  4.656786553869603⋅x₁ ⋅x₆


Priority queue entry 1:
	Reward: 0.7815479074877681
	Count Off-policy: False
	Count On-policy: True
	Originally on Policy: True
	Invalid: False
	Traversal: div,add,x3,add,add,div,x4,x4,mul,3563.1517629088203,mul,x6,sub,x1,0.7478773874149834,add,x2,x3,98.86758221634152
	Expression:
	  0.01011453883651979⋅x₂ + 0.02022907767303959⋅x₃ + 36.039636886355231⋅x₆⋅(x₁ - 
	  0.7478773874149834) + 0.01011453883651979


Priority queue entry 2:
	Reward: 0.7724339783298905
	Count Off-policy: False
	Count On-policy: True
	Originally on Policy: True
	Invalid: False
	Traversal: mul,sub,mul,x6,add,add,32.58519464306762,x4,inv,x2,x6,add,-0.7641742687339098,x1
	Expression:
	                            ⎛   ⎛                         1 ⎞     ⎞
	  (x₁ - 0.7641742687339098)⋅⎜x₆⋅⎜x₄ + 32.58519464306762 + ──⎟ - x₆⎟
	                            ⎝   ⎝                         x₂⎠     ⎠


Priority queue entry 3:
	Reward: 0.7478843186690864
	Count Off-policy: False
	Count On-policy: True
	Originally on Policy: True
	Invalid: False
	Traversal: mul,2.0692910923160523,mul,x6,mul,mul,x7,div,add,div,-0.11066797741588899,add,x1,x1,x1,0.06708351507978956,inv,x7
	Expression:
	                        ⎛                      0.8248522553138412⎞
	  2.0692910923160523⋅x₆⋅⎜14.9067919117028⋅x₁ - ──────────────────⎟
	                        ⎝                              x₁        ⎠


Priority queue entry 4:
	Reward: 0.7465020933256312
	Count Off-policy: False
	Count On-policy: True
	Originally on Policy: True
	Invalid: False
	Traversal: inv,div,0.03251329618578447,div,x6,inv,sub,x1,inv,mul,8.708381747349911,mul,x1,x6
	Expression:
	                       ⎛     0.1148318974767401⎞
	  30.75664781220251⋅x₆⋅⎜x₁ - ──────────────────⎟
	                       ⎝           x₁⋅x₆       ⎠


Priority queue entry 5:
	Reward: 0.745535498735073
	Count Off-policy: False
	Count On-policy: True
	Originally on Policy: True
	Invalid: False
	Traversal: div,x6,inv,mul,15.347248675770635,add,x1,x1
	Expression:
	  30.69449735154127⋅x₁⋅x₆


Priority queue entry 6:
	Reward: 0.7454210825069337
	Count Off-policy: False
	Count On-policy: True
	Originally on Policy: True
	Invalid: False
	Traversal: mul,2.371633507752916e-05,add,sub,104.976488469217,x6,mul,731.37918785991,mul,mul,x1,x6,sub,sub,x6,div,x4,x5,-1762.9176594777985
	Expression:
	                            ⎛  x₄                          ⎞                    
	  0.01734563388801677⋅x₁⋅x₆⋅⎜- ── + x₆ + 1762.9176594777985⎟ - 2.371633507752916
	                            ⎝  x₅                          ⎠                    

                             
	  e-5⋅x₆ + 0.002489657575798327
                             


Priority queue entry 7:
	Reward: 0.7445066586525788
	Count Off-policy: False
	Count On-policy: True
	Originally on Policy: True
	Invalid: False
	Traversal: sub,x7,mul,x6,div,mul,x3,div,-30.61035977719342,x3,div,x6,mul,x6,x1
	Expression:
	  30.61035977719342⋅x₁⋅x₆ + x₇


Priority queue entry 8:
	Reward: 0.7444972983896305
	Count Off-policy: False
	Count On-policy: True
	Originally on Policy: True
	Invalid: False
	Traversal: add,x1,add,x7,mul,x6,div,x1,0.03288245388508987
	Expression:
	  30.41135565777946⋅x₁⋅x₆ + x₁ + x₇


Priority queue entry 9:
	Reward: 0.7411224178257362
	Count Off-policy: False
	Count On-policy: True
	Originally on Policy: True
	Invalid: False
	Traversal: mul,x6,add,x7,sub,mul,30.36216524345296,x1,inv,div,x6,x5
	Expression:
	     ⎛                       x₅     ⎞
	  x₆⋅⎜30.36216524345296⋅x₁ - ── + x₇⎟
	     ⎝                       x₆     ⎠

-- EVALUATION END ------------------
== TRAINING SEED 0 END ==============
INFO: Completed run 1 of 1 in 32 s

== POST-PROCESS START =================
-- LOADING LOGS START ----------------
Successfully loaded summary data
Successfully loaded Hall of Fame data
Successfully loaded Pareto Front data
-- LOADING LOGS END ------------------

-- ANALYZING LOG START --------------
Task_____________regression
Source path______./log/regression_config_regression_PQT.json_Livermore2_Vars7_14.in_normal_0.0_2023-05-30-034000
Runs_____________1
Max Samples/run__15000
Success_rate_____0.0
Hall of Fame (Top 5 of 100)____
    0: S=000 R=0.988765 <-- [4.656786553869603*x1**2*x6]
    1: S=000 R=0.781548 <-- [0.01011453883651979*x2 + 0.02022907767303959*x3 + 36.039636886355231*x6*(x1 - 0.7478773874149834) + 0.01011453883651979]
    2: S=000 R=0.772434 <-- [(x1 - 0.7641742687339098)*(x6*(x4 + 32.58519464306762 + 1/x2) - x6)]
    3: S=000 R=0.752084 <-- [x1*(x1 + 29.375524235825236*x6)]
    4: S=000 R=0.747884 <-- [2.0692910923160523*x6*(14.9067919117028*x1 - 0.8248522553138412/x1)]
  Saving Hall of Fame plot to ./log/regression_config_regression_PQT.json_Livermore2_Vars7_14.in_normal_0.0_2023-05-30-034000/dso_regression_config_regression_PQT.json_Livermore2_Vars7_14.in_normal_0.0_plot_hof.png
Pareto Front (4 of 4)____
    0: S=000 R=0.988765 C=8.00 <-- [4.656786553869603*x1**2*x6]
    1: S=000 R=0.562116 C=7.00 <-- [7.707816866155202*x6*(x1 + x6)]
    2: S=000 R=0.550168 C=6.00 <-- [76.80353238073188*x1 - 55.149504431107076]
    3: S=000 R=0.550168 C=5.00 <-- [76.80429311788447*x1 - 55.15139907116105]
  Saving Pareto Front plot to ./log/regression_config_regression_PQT.json_Livermore2_Vars7_14.in_normal_0.0_2023-05-30-034000/dso_regression_config_regression_PQT.json_Livermore2_Vars7_14.in_normal_0.0_plot_pf.png
-- ANALYZING LOG END ----------------
== POST-PROCESS END ===================
