['add', 'X_0', 'mul', 'add', 'X_3', 'mul', -1, 'mul', 'cos', 'X_5', 'sin', 'add', 0.22, 'add', 'mul', 0.22, 'X_2', 'mul', -0.22, 'X_3', 'cos', 'add', 'X_1', 'mul', 2.27, 'X_4']
--------------------
eq_name 	 Livermore2_Vars6_22
num_vars 	 6
vars_range_and_types 	 [{"name": "LogUniform", "range": [0.1, 10], "only_positive": true}, {"name": "LogUniform", "range": [0.1, 10], "only_positive": true}, {"name": "LogUniform", "range": [0.1, 10], "only_positive": true}, {"name": "LogUniform", "range": [0.1, 10], "only_positive": true}, {"name": "LogUniform", "range": [0.1, 10], "only_positive": true}, {"name": "LogUniform", "range": [0.1, 10], "only_positive": true}]
function_set 	 ['add', 'sub', 'mul', 'div', 'sqrt', 'n2', 'log', 'exp', 'sin', 'cos', 'const']
eq_expression 	 add,X_0,mul,add,X_3,mul,-1,mul,cos,X_5,sin,add,0.22,add,mul,0.22,X_2,mul,-0.22,X_3,cos,add,X_1,mul,2.27,X_4
expr 	 X_0 + (X_3 - sin(0.22*X_2 - 0.22*X_3 + 0.22)*cos(X_5))*cos(X_1 + 2.27*X_4)
--------------------

== EXPERIMENT SETUP START ===========
Task type            : regression
Starting seed        : 0
Runs                 : 1
== EXPERIMENT SETUP END =============

== TRAINING SEED 0 START ============
self.dataX <dso.symbolic_data_generator.DataX object at 0x2b2ea2e8e390>, self.data_query_oracle: <dso.symbolic_equation_evaluator_public.Equation_evaluator object at 0x2b2e8d6d3d68>
generate dataset!
-- BUILDING PRIOR START -------------
WARNING: Skipping invalid 'RelationalConstraint' with arguments {'targets': [], 'effectors': [], 'relationship': None}. Reason: Prior disabled.
WARNING: Skipping invalid 'TrigConstraint' with arguments {}. Reason: There are no target Tokens.
WARNING: Skipping invalid 'UniformArityPrior' with arguments {}. Reason: Prior disabled.
WARNING: Skipping invalid 'LanguageModelPrior' with arguments {'weight': None}. Reason: Prior disabled.
LengthConstraint: Sequences have minimum length 4.
                  Sequences have maximum length 256.
RepeatConstraint: [const] cannot occur more than 10 times.
RelationalConstraint: [inv] cannot be a child of [inv].
ConstConstraint: [const] cannot be the only unique child of [inv, add, sub, mul, div].
NoInputsConstraint: Sequences contain at least one input variable Token.
SoftLengthPrior: No description available.
-- BUILDING PRIOR END ---------------

-- RUNNING EPOCHS START -------------
[00:00:00:03.56] Training epoch 1/14, current best R: 0.5940

	** New best
	Reward: 0.5940284940095417
	Count Off-policy: False
	Count On-policy: True
	Originally on Policy: True
	Invalid: False
	Traversal: add,mul,1.005961364267911,x1,inv,mul,x4,inv,mul,-0.10608469147253641,x4
	Expression:
	  1.005961364267911⋅x₁ - 0.10608469147253641

[00:00:00:05.83] Training epoch 2/14, current best R: 0.5954

	** New best
	Reward: 0.5954081397250441
	Count Off-policy: False
	Count On-policy: True
	Originally on Policy: True
	Invalid: False
	Traversal: add,div,sub,div,0.029282957949026838,x5,0.153333057798716,x5,x1
	Expression:
	                            0.029282957949026838
	       -0.153333057798716 + ────────────────────
	                                     x₅         
	  x₁ + ─────────────────────────────────────────
	                           x₅                   

[00:00:00:11.58] Training epoch 5/14, current best R: 0.5959

	** New best
	Reward: 0.5959370996331211
	Count Off-policy: False
	Count On-policy: True
	Originally on Policy: True
	Invalid: False
	Traversal: add,x1,div,0.021388878412262172,inv,div,x4,inv,sub,add,div,div,inv,x2,add,x4,x6,x5,x3,x2
	Expression:
	                               ⎛                  1       ⎞
	  x₁ + 0.021388878412262172⋅x₄⋅⎜-x₂ + x₃ + ───────────────⎟
	                               ⎝           x₂⋅x₅⋅(x₄ + x₆)⎠

[00:00:00:13.99] Training epoch 6/14, current best R: 0.5980

	** New best
	Reward: 0.5980205027018245
	Count Off-policy: False
	Count On-policy: True
	Originally on Policy: True
	Invalid: False
	Traversal: sub,x1,div,-0.02696694450107761,mul,x2,add,x5,-0.044407851544594854
	Expression:
	            0.02696694450107761      
	  x₁ + ──────────────────────────────
	       x₂⋅(x₅ - 0.044407851544594854)

[00:00:00:22.54] Training epoch 10/14, current best R: 0.5980
[00:00:00:33.89] Ending training after epoch 14/14, current best R: 0.5980
-- RUNNING EPOCHS END ---------------

-- EVALUATION START ----------------
Saving Hall of Fame to ./log/regression_config_regression_PQT.json_Livermore2_Vars6_22.in_normal_0.0_2023-05-30-041113/dso_regression_config_regression_PQT.json_Livermore2_Vars6_22.in_normal_0.0_0_hof.csv
Saving Pareto Front to ./log/regression_config_regression_PQT.json_Livermore2_Vars6_22.in_normal_0.0_2023-05-30-041113/dso_regression_config_regression_PQT.json_Livermore2_Vars6_22.in_normal_0.0_0_pf.csv
Invalid expressions: 165 of 14336 (1.2%).
Error type counts:
  reciprocal: 92 (55.8%)
  true_divide: 73 (44.2%)
Error node counts:
  divide: 165 (100.0%)

Priority queue entry 0:
	Reward: 0.5980205027018245
	Count Off-policy: False
	Count On-policy: True
	Originally on Policy: True
	Invalid: False
	Traversal: sub,x1,div,-0.02696694450107761,mul,x2,add,x5,-0.044407851544594854
	Expression:
	            0.02696694450107761      
	  x₁ + ──────────────────────────────
	       x₂⋅(x₅ - 0.044407851544594854)


Priority queue entry 1:
	Reward: 0.5959370996331211
	Count Off-policy: False
	Count On-policy: True
	Originally on Policy: True
	Invalid: False
	Traversal: add,x1,div,0.021388878412262172,inv,div,x4,inv,sub,add,div,div,inv,x2,add,x4,x6,x5,x3,x2
	Expression:
	                               ⎛                  1       ⎞
	  x₁ + 0.021388878412262172⋅x₄⋅⎜-x₂ + x₃ + ───────────────⎟
	                               ⎝           x₂⋅x₅⋅(x₄ + x₆)⎠


Priority queue entry 2:
	Reward: 0.5954081397250441
	Count Off-policy: False
	Count On-policy: True
	Originally on Policy: True
	Invalid: False
	Traversal: add,div,sub,div,0.029282957949026838,x5,0.153333057798716,x5,x1
	Expression:
	                            0.029282957949026838
	       -0.153333057798716 + ────────────────────
	                                     x₅         
	  x₁ + ─────────────────────────────────────────
	                           x₅                   


Priority queue entry 3:
	Reward: 0.5949722390980847
	Count Off-policy: False
	Count On-policy: True
	Originally on Policy: True
	Invalid: False
	Traversal: add,sub,-0.2796966858767286,div,-0.08259615835241874,x2,div,x1,0.9958017608843751
	Expression:
	                                              0.08259615835241874
	  1.004215938634108⋅x₁ - 0.2796966858767286 + ───────────────────
	                                                       x₂        


Priority queue entry 4:
	Reward: 0.5944514487150129
	Count Off-policy: False
	Count On-policy: True
	Originally on Policy: True
	Invalid: False
	Traversal: add,x1,div,div,div,mul,x6,0.001541730943708367,x3,x2,x5
	Expression:
	       0.001541730943708367⋅x₆
	  x₁ + ───────────────────────
	               x₂⋅x₃⋅x₅       


Priority queue entry 5:
	Reward: 0.5943762444132207
	Count Off-policy: False
	Count On-policy: True
	Originally on Policy: True
	Invalid: False
	Traversal: add,x1,sub,mul,-0.037984923266921274,x2,mul,-0.03255716506086016,inv,x2
	Expression:
	                                 0.03255716506086016
	  x₁ - 0.037984923266921274⋅x₂ + ───────────────────
	                                          x₂        


Priority queue entry 6:
	Reward: 0.5942767213712418
	Count Off-policy: False
	Count On-policy: True
	Originally on Policy: True
	Invalid: False
	Traversal: sub,x1,inv,mul,inv,x5,add,inv,mul,x4,0.014902804533661817,x6
	Expression:
	                  x₅          
	  x₁ - ───────────────────────
	            67.101463871531214
	       x₆ + ──────────────────
	                    x₄        


Priority queue entry 7:
	Reward: 0.5942222109829934
	Count Off-policy: False
	Count On-policy: True
	Originally on Policy: True
	Invalid: False
	Traversal: sub,add,0.975652765938253,x1,add,x2,add,1.0243467946229325,sub,inv,div,mul,x5,104.02164878056605,x2,x2
	Expression:
	       0.0096133834804859007⋅x₂                       
	  x₁ - ──────────────────────── - 0.048694028684679492
	                  x₅                                  


Priority queue entry 8:
	Reward: 0.5941674358533695
	Count Off-policy: False
	Count On-policy: True
	Originally on Policy: True
	Invalid: False
	Traversal: sub,x1,mul,0.2089785911692593,div,x4,add,x1,x4
	Expression:
	       0.2089785911692593⋅x₄
	  x₁ - ─────────────────────
	              x₁ + x₄       


Priority queue entry 9:
	Reward: 0.5941511951120059
	Count Off-policy: False
	Count On-policy: True
	Originally on Policy: True
	Invalid: False
	Traversal: add,div,x1,1.0110355286974337,div,-0.08307230590001367,add,x1,div,div,x3,x2,1.485990657994309
	Expression:
	                              0.08307230590001367    
	  0.98908492492677156⋅x₁ - ──────────────────────────
	                                0.6729517407261047⋅x₃
	                           x₁ + ─────────────────────
	                                          x₂         

-- EVALUATION END ------------------
== TRAINING SEED 0 END ==============
INFO: Completed run 1 of 1 in 35 s

== POST-PROCESS START =================
-- LOADING LOGS START ----------------
Successfully loaded summary data
Successfully loaded Hall of Fame data
Successfully loaded Pareto Front data
-- LOADING LOGS END ------------------

-- ANALYZING LOG START --------------
Task_____________regression
Source path______./log/regression_config_regression_PQT.json_Livermore2_Vars6_22.in_normal_0.0_2023-05-30-041113
Runs_____________1
Max Samples/run__15000
Success_rate_____0.0
Hall of Fame (Top 5 of 100)____
    0: S=000 R=0.598021 <-- [x1 + 0.02696694450107761/(x2*(x5 - 0.044407851544594854))]
    1: S=000 R=0.595937 <-- [x1 + 0.021388878412262172*x4*(-x2 + x3 + 1/(x2*x5*(x4 + x6)))]
    2: S=000 R=0.595408 <-- [x1 + (-0.153333057798716 + 0.029282957949026838/x5)/x5]
    3: S=000 R=0.595138 <-- [x1 + (1 + 1/x5)/(x4 + 11.359449084649576) - 0.33121798125769236]
    4: S=000 R=0.594972 <-- [1.004215938634108*x1 - 0.2796966858767286 + 0.08259615835241874/x2]
  Saving Hall of Fame plot to ./log/regression_config_regression_PQT.json_Livermore2_Vars6_22.in_normal_0.0_2023-05-30-041113/dso_regression_config_regression_PQT.json_Livermore2_Vars6_22.in_normal_0.0_plot_hof.png
Pareto Front (4 of 4)____
    0: S=000 R=0.598021 C=10.00 <-- [x1 + 0.02696694450107761/(x2*(x5 - 0.044407851544594854))]
    1: S=000 R=0.594322 C=7.00 <-- [x1 - 0.04602685072046269*x4 + 0.0066413200322636215]
    2: S=000 R=0.594034 C=6.00 <-- [x1 + 0.029057257838944545/x2]
    3: S=000 R=0.513165 C=5.00 <-- [4.1982808430938885 - 1/x1]
  Saving Pareto Front plot to ./log/regression_config_regression_PQT.json_Livermore2_Vars6_22.in_normal_0.0_2023-05-30-041113/dso_regression_config_regression_PQT.json_Livermore2_Vars6_22.in_normal_0.0_plot_pf.png
-- ANALYZING LOG END ----------------
== POST-PROCESS END ===================
