['pow', 'X_0', 0.666666666666667]
--------------------
eq_name 	 Livermore_16
num_vars 	 1
vars_range_and_types 	 [{"name": "LogUniform", "range": [0.1, 10], "only_positive": true}]
function_set 	 ['add', 'sub', 'mul', 'div', 'pow', 'const']
eq_expression 	 pow,X_0,0.666666666666667
expr 	 X_0**0.666666666666667
--------------------

== EXPERIMENT SETUP START ===========
Task type            : regression
Starting seed        : 0
Runs                 : 1
== EXPERIMENT SETUP END =============

== TRAINING SEED 0 START ============
self.dataX <dso.symbolic_data_generator.DataX object at 0x2b0384e1c080>, self.data_query_oracle: <dso.symbolic_equation_evaluator_public.Equation_evaluator object at 0x2b03a3ebdda0>
generate dataset!
-- BUILDING PRIOR START -------------
WARNING: Skipping invalid 'RelationalConstraint' with arguments {'targets': [], 'effectors': [], 'relationship': None}. Reason: Prior disabled.
WARNING: Skipping invalid 'TrigConstraint' with arguments {}. Reason: There are no target Tokens.
WARNING: Skipping invalid 'UniformArityPrior' with arguments {}. Reason: Prior disabled.
WARNING: Skipping invalid 'LanguageModelPrior' with arguments {'weight': None}. Reason: Prior disabled.
LengthConstraint: Sequences have minimum length 4.
                  Sequences have maximum length 256.
RepeatConstraint: [const] cannot occur more than 10 times.
RelationalConstraint: [inv] cannot be a child of [inv].
ConstConstraint: [const] cannot be the only unique child of [inv, add, sub, mul, div].
NoInputsConstraint: Sequences contain at least one input variable Token.
SoftLengthPrior: No description available.
-- BUILDING PRIOR END ---------------

-- RUNNING EPOCHS START -------------
[00:00:00:22.59] Training epoch 1/14, current best R: 0.9976

	** New best
	Reward: 0.9975535455247496
	Count Off-policy: False
	Count On-policy: True
	Originally on Policy: True
	Invalid: False
	Traversal: div,0.5493922440759297,sub,inv,add,inv,mul,div,add,add,65.8752961652703,add,65.87529616625524,div,110.22803613872034,add,0.09265535701207699,x1,x1,39.21694721995541,0.17920662126317813,x1,-0.031167774461309698
	Expression:
	                                            0.5493922440759297                  
	  ──────────────────────────────────────────────────────────────────────────────
	                                                               1                
	  0.031167774461309698 + ───────────────────────────────────────────────────────
	                                                                  1             
	                         x₁ + ──────────────────────────────────────────────────
                                                                              
	                              0.0045696219100906827⋅x₁ + 0.60205039338556459 + ─
	                                                                               x

                       
	  ───────────────────────
                       
	  ───────────────────────
                       
	  ───────────────────────
	   0.50370044904576405   
	  ───────────────────────
	  ₁ + 0.09265535701207699

[00:00:01:40.24] Training epoch 4/14, current best R: 0.9979

	** New best
	Reward: 0.997891682306863
	Count Off-policy: False
	Count On-policy: True
	Originally on Policy: True
	Invalid: False
	Traversal: mul,add,0.26827146587917894,mul,div,1.9604650110185853,mul,mul,sub,x1,mul,sub,inv,add,sub,x1,0.6454627556577551,1.3233381920210159,2.008014508450721,1.8992037666395276,x1,0.7306111050375568,x1,x1
	Expression:
	     ⎛                                      2.6833222182104778               ⎞
	  x₁⋅⎜0.26827146587917894 + ─────────────────────────────────────────────────⎟
	     ⎜                                                   1.8992037666395276  ⎟
	     ⎜                      x₁ + 3.8136287179164288 - ───────────────────────⎟
	     ⎝                                                x₁ + 0.6778754363632608⎠

[00:00:02:38.35] Training epoch 6/14, current best R: 0.9990

	** New best
	Reward: 0.9990348015632072
	Count Off-policy: False
	Count On-policy: True
	Originally on Policy: True
	Invalid: False
	Traversal: sub,3.5891880138946624,inv,add,mul,sub,div,0.3775088784811972,sub,sub,2.9995769426475913,x1,mul,div,-4.632973275505854,add,1.485725871688402,x1,x1,-0.004176441932080856,x1,0.2844452262991057
	Expression:
	                                                                       1        
	  3.5891880138946624 - ─────────────────────────────────────────────────────────
	                          ⎛                                       0.377508878481
	                       x₁⋅⎜0.004176441932080856 + ──────────────────────────────
	                          ⎜                              4.632973275505854⋅x₁   
	                          ⎜                       -x₁ + ────────────────────── +
	                          ⎝                             x₁ + 1.485725871688402  

                                         
	  ─────────────────────────────────────────
	  1972               ⎞                     
	  ───────────────────⎟ + 0.2844452262991057
	                     ⎟                     
	   2.9995769426475913⎟                     
	                     ⎠                     

[00:00:03:37.12] Training epoch 8/14, current best R: 0.9994

	** New best
	Reward: 0.9993591107142291
	Count Off-policy: False
	Count On-policy: True
	Originally on Policy: True
	Invalid: False
	Traversal: add,mul,sub,sub,sub,inv,add,0.4847303484875857,x1,add,div,-30.267050467989584,add,mul,0.5780286445673564,mul,0.5780286445708158,x1,2.407100760059685,x1,3.039703853377425,3.039703853379414,-0.23726473137208723,2.1002675077925472
	Expression:
	                                                  0.23726473137208723           
	  0.23726473137208723⋅x₁ + 3.5426965442376055 - ─────────────────────── - ──────
	                                                x₁ + 0.4847303484875857   0.3341

	        7.1813035987129557           
	  ───────────────────────────────────
	  171139423749⋅x₁ + 2.407100760059685

[00:00:04:10.19] Training epoch 9/14, current best R: 0.9994

	** New best
	Reward: 0.999400586665178
	Count Off-policy: False
	Count On-policy: True
	Originally on Policy: True
	Invalid: False
	Traversal: mul,sub,sub,x1,div,-1.3691803441001202,add,2.2551248668788713,inv,x1,-0.09156217307163625,add,inv,div,add,x1,6.659341139963868,3.2064821112986683,0.24267934754337464
	Expression:
	  ⎛                                           1                     ⎞ ⎛         
	  ⎜0.24267934754337464 + ───────────────────────────────────────────⎟⋅⎜x₁ + 0.09
	  ⎝                      0.31186826100676001⋅x₁ + 2.0768371407713064⎠ ⎜         
	                                                                      ⎜         
	                                                                      ⎝         

	                       1.3691803441001202  ⎞
	  156217307163625 + ───────────────────────⎟
	                                         1 ⎟
	                    2.2551248668788713 + ──⎟
	                                         x₁⎠

[00:00:04:44.05] Training epoch 10/14, current best R: 0.9994

	** New best
	Reward: 0.999408111383505
	Count Off-policy: False
	Count On-policy: True
	Originally on Policy: True
	Invalid: False
	Traversal: div,x1,add,mul,sub,add,mul,inv,add,sub,sub,sub,sub,inv,add,0.42208270197689657,x1,add,2.7165651351526723,x1,x1,2.716565135084351,2.716565135129549,-0.7176962012684914,12.410400951019124,2.2212475702067818,x1,0.9554587954556877,x1
	Expression:
	                                                  x₁                            
	  ──────────────────────────────────────────────────────────────────────────────
	                                                                 11.857626743782
	  0.0445412045443123⋅x₁ + 2.1223105278386448 + ─────────────────────────────────
                                                                              
	                                               -2⋅x₁ - 8.8673916066350637 + ────
	                                                                            x₁ +

                    
	  ────────────────────
	  853                 
	  ────────────────────
	         1            
	  ────────────────────
	   0.42208270197689657

[00:00:04:44.07] Training epoch 10/14, current best R: 0.9994
[00:00:07:08.10] Ending training after epoch 14/14, current best R: 0.9994
-- RUNNING EPOCHS END ---------------

-- EVALUATION START ----------------
Saving Hall of Fame to ./log/regression_config_regression_PQT.json_Livermore_16.in_normal_0.0_2023-05-30-033021/dso_regression_config_regression_PQT.json_Livermore_16.in_normal_0.0_0_hof.csv
Saving Pareto Front to ./log/regression_config_regression_PQT.json_Livermore_16.in_normal_0.0_2023-05-30-033021/dso_regression_config_regression_PQT.json_Livermore_16.in_normal_0.0_0_pf.csv
Invalid expressions: 378 of 14336 (2.6%).
Error type counts:
  reciprocal: 261 (69.0%)
  true_divide: 117 (31.0%)
Error node counts:
  divide: 376 (99.5%)
  invalid: 2 (0.5%)

Priority queue entry 0:
	Reward: 0.999408111383505
	Count Off-policy: False
	Count On-policy: True
	Originally on Policy: True
	Invalid: False
	Traversal: div,x1,add,mul,sub,add,mul,inv,add,sub,sub,sub,sub,inv,add,0.42208270197689657,x1,add,2.7165651351526723,x1,x1,2.716565135084351,2.716565135129549,-0.7176962012684914,12.410400951019124,2.2212475702067818,x1,0.9554587954556877,x1
	Expression:
	                                                  x₁                            
	  ──────────────────────────────────────────────────────────────────────────────
	                                                                 11.857626743782
	  0.0445412045443123⋅x₁ + 2.1223105278386448 + ─────────────────────────────────
                                                                              
	                                               -2⋅x₁ - 8.8673916066350637 + ────
	                                                                            x₁ +

                    
	  ────────────────────
	  853                 
	  ────────────────────
	         1            
	  ────────────────────
	   0.42208270197689657


Priority queue entry 1:
	Reward: 0.999400586665178
	Count Off-policy: False
	Count On-policy: True
	Originally on Policy: True
	Invalid: False
	Traversal: mul,sub,sub,x1,div,-1.3691803441001202,add,2.2551248668788713,inv,x1,-0.09156217307163625,add,inv,div,add,x1,6.659341139963868,3.2064821112986683,0.24267934754337464
	Expression:
	  ⎛                                           1                     ⎞ ⎛         
	  ⎜0.24267934754337464 + ───────────────────────────────────────────⎟⋅⎜x₁ + 0.09
	  ⎝                      0.31186826100676001⋅x₁ + 2.0768371407713064⎠ ⎜         
	                                                                      ⎜         
	                                                                      ⎝         

	                       1.3691803441001202  ⎞
	  156217307163625 + ───────────────────────⎟
	                                         1 ⎟
	                    2.2551248668788713 + ──⎟
	                                         x₁⎠


Priority queue entry 2:
	Reward: 0.999390134707039
	Count Off-policy: False
	Count On-policy: True
	Originally on Policy: True
	Invalid: False
	Traversal: add,add,mul,-0.7547487472932309,x1,add,add,inv,div,mul,mul,sub,sub,inv,sub,-1.3077183955581042,div,0.6394955857824343,x1,x1,5.586199953426448,0.05533598750483269,x1,x1,x1,1.6499661949645783,1.6499662358291696
	Expression:
                                                                              
	  0.2452512527067691⋅x₁ + 3.2999324307937479 + ─────────────────────────────────
                                                                              
	                                               -0.05533598750483269⋅x₁ - 0.30911
                                                                              
                                                                              
                                                                              

	            1                                           
	  ──────────────────────────────────────────────────────
	                          0.05533598750483269           
	  78908223029 + ────────────────────────────────────────
	                                      0.6394955857824343
	                -1.3077183955581042 - ──────────────────
	                                              x₁        


Priority queue entry 3:
	Reward: 0.9993591107142291
	Count Off-policy: False
	Count On-policy: True
	Originally on Policy: True
	Invalid: False
	Traversal: add,mul,sub,sub,sub,inv,add,0.4847303484875857,x1,add,div,-30.267050467989584,add,mul,0.5780286445673564,mul,0.5780286445708158,x1,2.407100760059685,x1,3.039703853377425,3.039703853379414,-0.23726473137208723,2.1002675077925472
	Expression:
	                                                  0.23726473137208723           
	  0.23726473137208723⋅x₁ + 3.5426965442376055 - ─────────────────────── - ──────
	                                                x₁ + 0.4847303484875857   0.3341

	        7.1813035987129557           
	  ───────────────────────────────────
	  171139423749⋅x₁ + 2.407100760059685


Priority queue entry 4:
	Reward: 0.9990348015632072
	Count Off-policy: False
	Count On-policy: True
	Originally on Policy: True
	Invalid: False
	Traversal: sub,3.5891880138946624,inv,add,mul,sub,div,0.3775088784811972,sub,sub,2.9995769426475913,x1,mul,div,-4.632973275505854,add,1.485725871688402,x1,x1,-0.004176441932080856,x1,0.2844452262991057
	Expression:
	                                                                       1        
	  3.5891880138946624 - ─────────────────────────────────────────────────────────
	                          ⎛                                       0.377508878481
	                       x₁⋅⎜0.004176441932080856 + ──────────────────────────────
	                          ⎜                              4.632973275505854⋅x₁   
	                          ⎜                       -x₁ + ────────────────────── +
	                          ⎝                             x₁ + 1.485725871688402  

                                         
	  ─────────────────────────────────────────
	  1972               ⎞                     
	  ───────────────────⎟ + 0.2844452262991057
	                     ⎟                     
	   2.9995769426475913⎟                     
	                     ⎠                     


Priority queue entry 5:
	Reward: 0.9978916823140557
	Count Off-policy: False
	Count On-policy: True
	Originally on Policy: True
	Invalid: False
	Traversal: inv,div,sub,3.7275925021705305,inv,mul,div,add,div,x1,inv,add,inv,mul,add,0.6778882513861195,x1,1.4300058739326014,0.24959161461196408,2.7491070847531214,5.081826437797317,0.5460769721732912,x1
	Expression:
	                                                                   x₁           
	  ──────────────────────────────────────────────────────────────────────────────
	                                                                             1  
	  3.7275925021705305 - ─────────────────────────────────────────────────────────
	                                             ⎛                                  
	                       0.1074568324710406⋅x₁⋅⎜0.24959161461196408 + ────────────
	                                             ⎝                      1.4300058739

                                                     
	  ─────────────────────────────────────────────────────
                                                     
	  ─────────────────────────────────────────────────────
	          1                     ⎞                      
	  ──────────────────────────────⎟ + 0.29541033945126691
	  326014⋅x₁ + 0.9693841813520508⎠                      


Priority queue entry 6:
	Reward: 0.997891682306863
	Count Off-policy: False
	Count On-policy: True
	Originally on Policy: True
	Invalid: False
	Traversal: mul,add,0.26827146587917894,mul,div,1.9604650110185853,mul,mul,sub,x1,mul,sub,inv,add,sub,x1,0.6454627556577551,1.3233381920210159,2.008014508450721,1.8992037666395276,x1,0.7306111050375568,x1,x1
	Expression:
	     ⎛                                      2.6833222182104778               ⎞
	  x₁⋅⎜0.26827146587917894 + ─────────────────────────────────────────────────⎟
	     ⎜                                                   1.8992037666395276  ⎟
	     ⎜                      x₁ + 3.8136287179164288 - ───────────────────────⎟
	     ⎝                                                x₁ + 0.6778754363632608⎠


Priority queue entry 7:
	Reward: 0.9978916821256106
	Count Off-policy: False
	Count On-policy: True
	Originally on Policy: True
	Invalid: False
	Traversal: div,mul,add,mul,add,div,mul,5.9557045698960245,x1,add,add,inv,sub,0.4940710480525403,div,-1.384381637836423,add,0.6779339868407043,x1,x1,x1,-2.7877587558495103,-2.172723644042712,1.067582706688299,x1,2.439994234367261
	Expression:
	                       ⎛                 12.940100135946323⋅x₁                  
	  0.409837034004025⋅x₁⋅⎜- ─────────────────────────────────────────────────── + 
	                       ⎜                              1                         
	                       ⎜  2⋅x₁ + ────────────────────────────────────────────   
	                       ⎜                                 1.384381637836423      
	                       ⎜         0.4940710480525403 + ───────────────────────   
	                       ⎝                              x₁ + 0.6779339868407043   

	                    ⎞
	  7.1246120694096241⎟
	                    ⎟
	                    ⎟
	                    ⎟
	                    ⎟
	                    ⎠


Priority queue entry 8:
	Reward: 0.9978916800783291
	Count Off-policy: False
	Count On-policy: True
	Originally on Policy: True
	Invalid: False
	Traversal: inv,mul,div,inv,sub,x1,inv,mul,sub,add,0.8614057103888579,inv,sub,div,-1.2434848693523595,add,div,0.44909729543178833,x1,2.4962108527316875,x1,1.1235609951485224,0.3812872166002743,0.29040833740686955,1.0825880639683731
	Expression:
	                                                    0.26825377728841613         
	  0.26825377728841613⋅x₁ - ─────────────────────────────────────────────────────
	                                                                 0.3812872166002
	                           -0.099956458843064789 + ─────────────────────────────
	                                                                    1.2434848693
	                                                   -x₁ - ───────────────────────
	                                                                              0.
	                                                         2.4962108527316875 + ──
                                                                              

                 
	  ─────────────────
	  743              
	  ─────────────────
	  523595           
	  ─────────────────
	  44909729543178833
	  ─────────────────
	         x₁        


Priority queue entry 9:
	Reward: 0.997891621262758
	Count Off-policy: False
	Count On-policy: True
	Originally on Policy: True
	Invalid: False
	Traversal: mul,mul,0.059630784962201096,add,add,div,add,inv,div,sub,sub,div,inv,add,0.6790733508043194,x1,0.5250696925561156,3.817926531529132,x1,-14.660811177005193,1.0646667323747225,0.3256018140520636,0.6139609233068671,0.6139609233155237,x1
	Expression:
	     ⎛                                               0.18314021110664376        
	  x₁⋅⎜0.26820523371165594 + ────────────────────────────────────────────────────
	     ⎜                                                                       0.1
	     ⎜                      0.06820904982177616⋅x₁ + 0.26041714100495161 - ─────
	     ⎝                                                                     x₁ + 

	                    ⎞
	  ──────────────────⎟
	  2990475509969846  ⎟
	  ──────────────────⎟
	  0.6790733508043194⎠

-- EVALUATION END ------------------
== TRAINING SEED 0 END ==============
INFO: Completed run 1 of 1 in 430 s

== POST-PROCESS START =================
-- LOADING LOGS START ----------------
Successfully loaded summary data
Successfully loaded Hall of Fame data
Successfully loaded Pareto Front data
-- LOADING LOGS END ------------------

-- ANALYZING LOG START --------------
Task_____________regression
Source path______./log/regression_config_regression_PQT.json_Livermore_16.in_normal_0.0_2023-05-30-033021
Runs_____________1
Max Samples/run__15000
Success_rate_____0.0
Hall of Fame (Top 5 of 100)____
    0: S=000 R=0.999408 <-- [x1/(0.0445412045443123*x1 + 2.1223105278386448 + 11.857626743782853/(-2*x1 - 8.8673916066350637 + 1/(x1 + 0.42208270197689657)))]
    1: S=000 R=0.999401 <-- [(0.24267934754337464 + 1/(0.31186826100676001*x1 + 2.0768371407713064))*(x1 + 0.09156217307163625 + 1.3691803441001202/(2.2551248668788713 + 1/x1))]
    2: S=000 R=0.999390 <-- [0.2452512527067691*x1 + 3.2999324307937479 + 1/(-0.05533598750483269*x1 - 0.3091178908223029 + 0.05533598750483269/(-1.3077183955581042 - 0.6394955857824343/x1))]
    3: S=000 R=0.999359 <-- [0.23726473137208723*x1 + 3.5426965442376055 - 0.23726473137208723/(x1 + 0.4847303484875857) - 7.1813035987129557/(0.3341171139423749*x1 + 2.407100760059685)]
    4: S=000 R=0.999101 <-- [0.2216858214641767*x1 + 4.0449853689079225 + 0.7783141785358233/(-0.025871926495538542*x1 - 0.22297007266651828 + 0.017225905699613174/(x1 + 0.6391217540790431))]
  Saving Hall of Fame plot to ./log/regression_config_regression_PQT.json_Livermore_16.in_normal_0.0_2023-05-30-033021/dso_regression_config_regression_PQT.json_Livermore_16.in_normal_0.0_plot_hof.png
Pareto Front (5 of 10)____
    0: S=000 R=0.999408 C=32.00 <-- [x1/(0.0445412045443123*x1 + 2.1223105278386448 + 11.857626743782853/(-2*x1 - 8.8673916066350637 + 1/(x1 + 0.42208270197689657)))]
    1: S=000 R=0.999401 C=23.00 <-- [(0.24267934754337464 + 1/(0.31186826100676001*x1 + 2.0768371407713064))*(x1 + 0.09156217307163625 + 1.3691803441001202/(2.2551248668788713 + 1/x1))]
    2: S=000 R=0.997554 C=22.00 <-- [0.09051438217008514 + 1/(0.05686103282790157 + 1.1584935319103631/(x1 + 2.4719013410961117) + 0.7048599212173902/x1)]
    3: S=000 R=0.993007 C=21.00 <-- [1/(x1*(-0.00553251791900597 + 0.16332558591504856/(x1 - 6.684314153268476 + 46.67683992639339/(x1 + 6.985687303103385))))]
    4: S=000 R=0.991727 C=18.00 <-- [12.980323846336601/((x1 + 21.722085899022314)/(x1 + x1/(x1 + 0.34155755211347133)) - 0.07608935380465998)]
  Saving Pareto Front plot to ./log/regression_config_regression_PQT.json_Livermore_16.in_normal_0.0_2023-05-30-033021/dso_regression_config_regression_PQT.json_Livermore_16.in_normal_0.0_plot_pf.png
-- ANALYZING LOG END ----------------
== POST-PROCESS END ===================
