['add', 'mul', 'X_0', 'cos', 'X_0', 'add', 'mul', -1, 'mul', 'X_3', 'mul', 'pow', 'X_2', 0.5, 'pow', 'add', 'X_2', 'add', 'X_4', 'add', 'pow', 'add', 'X_6', 'mul', -1, 'X_5', 2, 'add', 'mul', 13.78, 'mul', 'X_1', 'X_5', 'add', 'mul', 13.04, 'mul', 'X_3', 'mul', 'X_5', 'X_6', 'mul', -14.13, 'mul', 'X_1', 'mul', 'X_2', 'X_4', -1, 'cos', 'X_1']
--------------------
eq_name 	 Livermore2_Vars7_23
num_vars 	 7
vars_range_and_types 	 [{"name": "LogUniform", "range": [0.1, 10], "only_positive": true}, {"name": "LogUniform", "range": [0.1, 10], "only_positive": true}, {"name": "LogUniform", "range": [0.1, 10], "only_positive": true}, {"name": "LogUniform", "range": [0.1, 10], "only_positive": true}, {"name": "LogUniform", "range": [0.1, 10], "only_positive": true}, {"name": "LogUniform", "range": [0.1, 10], "only_positive": true}, {"name": "LogUniform", "range": [0.1, 10], "only_positive": true}]
function_set 	 ['add', 'sub', 'mul', 'div', 'sqrt', 'sin', 'cos', 'const']
eq_expression 	 add,mul,X_0,cos,X_0,add,mul,-1,mul,X_3,mul,pow,X_2,0.5,pow,add,X_2,add,X_4,add,pow,add,X_6,mul,-1,X_5,2,add,mul,13.78,mul,X_1,X_5,add,mul,13.04,mul,X_3,mul,X_5,X_6,mul,-14.13,mul,X_1,mul,X_2,X_4,-1,cos,X_1
expr 	 X_0*cos(X_0) - sqrt(X_2)*X_3/(-14.13*X_1*X_2*X_4 + 13.78*X_1*X_5 + X_2 + 13.04*X_3*X_5*X_6 + X_4 + (-X_5 + X_6)**2) + cos(X_1)
--------------------

== EXPERIMENT SETUP START ===========
Task type            : regression
Starting seed        : 0
Runs                 : 1
== EXPERIMENT SETUP END =============

== TRAINING SEED 0 START ============
self.dataX <dso.symbolic_data_generator.DataX object at 0x2b49ae794d30>, self.data_query_oracle: <dso.symbolic_equation_evaluator_public.Equation_evaluator object at 0x2b4994f9dd68>
generate dataset!
-- BUILDING PRIOR START -------------
WARNING: Skipping invalid 'RelationalConstraint' with arguments {'targets': [], 'effectors': [], 'relationship': None}. Reason: Prior disabled.
WARNING: Skipping invalid 'TrigConstraint' with arguments {}. Reason: There are no target Tokens.
WARNING: Skipping invalid 'UniformArityPrior' with arguments {}. Reason: Prior disabled.
WARNING: Skipping invalid 'LanguageModelPrior' with arguments {'weight': None}. Reason: Prior disabled.
LengthConstraint: Sequences have minimum length 4.
                  Sequences have maximum length 256.
RepeatConstraint: [const] cannot occur more than 10 times.
RelationalConstraint: [inv] cannot be a child of [inv].
ConstConstraint: [const] cannot be the only unique child of [inv, add, sub, mul, div].
NoInputsConstraint: Sequences contain at least one input variable Token.
SoftLengthPrior: No description available.
-- BUILDING PRIOR END ---------------

-- RUNNING EPOCHS START -------------
[00:00:00:03.10] Training epoch 1/14, current best R: 0.5024

	** New best
	Reward: 0.5024383308236282
	Count Off-policy: False
	Count On-policy: True
	Originally on Policy: True
	Invalid: False
	Traversal: mul,sub,x1,mul,add,div,mul,x3,x7,x3,inv,div,inv,x7,x3,0.12141698527153108,-0.13544394811640287
	Expression:
	  -0.13544394811640287⋅x₁ + 0.016445195853567307⋅x₃⋅x₇ + 0.016445195853567307⋅x₇

[00:00:00:05.14] Training epoch 2/14, current best R: 0.5105

	** New best
	Reward: 0.5104654924478605
	Count Off-policy: False
	Count On-policy: True
	Originally on Policy: True
	Invalid: False
	Traversal: mul,-0.004326560717619721,mul,mul,x1,x1,x1
	Expression:
	                          3
	  -0.004326560717619721⋅x₁ 

[00:00:00:20.37] Training epoch 9/14, current best R: 0.5328

	** New best
	Reward: 0.532797017356319
	Count Off-policy: False
	Count On-policy: True
	Originally on Policy: True
	Invalid: False
	Traversal: div,-1.0624310624533302,inv,mul,x1,inv,add,div,x1,sub,x1,7.409501050936108,-3.0888924634903057
	Expression:
	            -1.0624310624533302⋅x₁           
	  ───────────────────────────────────────────
	            x₁                               
	  ────────────────────── - 3.0888924634903057
	  x₁ - 7.409501050936108                     

[00:00:00:22.45] Training epoch 10/14, current best R: 0.5328
[00:00:00:30.94] Ending training after epoch 14/14, current best R: 0.5328
-- RUNNING EPOCHS END ---------------

-- EVALUATION START ----------------
Saving Hall of Fame to ./log/regression_config_regression_PQT.json_Livermore2_Vars7_23.in_normal_0.0_2023-05-30-042102/dso_regression_config_regression_PQT.json_Livermore2_Vars7_23.in_normal_0.0_0_hof.csv
Saving Pareto Front to ./log/regression_config_regression_PQT.json_Livermore2_Vars7_23.in_normal_0.0_2023-05-30-042102/dso_regression_config_regression_PQT.json_Livermore2_Vars7_23.in_normal_0.0_0_pf.csv
Invalid expressions: 148 of 14336 (1.0%).
Error type counts:
  true_divide: 72 (48.6%)
  reciprocal: 76 (51.4%)
Error node counts:
  divide: 148 (100.0%)

Priority queue entry 0:
	Reward: 0.532797017356319
	Count Off-policy: False
	Count On-policy: True
	Originally on Policy: True
	Invalid: False
	Traversal: div,-1.0624310624533302,inv,mul,x1,inv,add,div,x1,sub,x1,7.409501050936108,-3.0888924634903057
	Expression:
	            -1.0624310624533302⋅x₁           
	  ───────────────────────────────────────────
	            x₁                               
	  ────────────────────── - 3.0888924634903057
	  x₁ - 7.409501050936108                     


Priority queue entry 1:
	Reward: 0.5135487308044976
	Count Off-policy: False
	Count On-policy: True
	Originally on Policy: True
	Invalid: False
	Traversal: add,mul,mul,x1,div,add,mul,x1,x1,x1,2.016460752332003,-0.009450558332729576,0.5203409888954674
	Expression:
	                            ⎛                     2                        ⎞    
	  - 0.009450558332729576⋅x₁⋅⎝0.4959184049793763⋅x₁  + 0.4959184049793763⋅x₁⎠ + 0

                 
	  .5203409888954674


Priority queue entry 2:
	Reward: 0.5113304900723825
	Count Off-policy: False
	Count On-policy: True
	Originally on Policy: True
	Invalid: False
	Traversal: inv,div,inv,x1,div,x4,sub,31.595443754932116,div,add,div,div,mul,inv,x7,x7,0.0002879616297843193,x1,x7,x1
	Expression:
	                     x₁⋅x₄                   
	  ───────────────────────────────────────────
	                            3472.684887736575
	                       x₇ + ─────────────────
	                                    x₁       
	  31.595443754932116 - ──────────────────────
	                                 x₁          


Priority queue entry 3:
	Reward: 0.5104654924478605
	Count Off-policy: False
	Count On-policy: True
	Originally on Policy: True
	Invalid: False
	Traversal: mul,-0.004326560717619721,mul,mul,x1,x1,x1
	Expression:
	                          3
	  -0.004326560717619721⋅x₁ 


Priority queue entry 4:
	Reward: 0.5081411660714734
	Count Off-policy: False
	Count On-policy: True
	Originally on Policy: True
	Invalid: False
	Traversal: sub,0.3036296179502411,inv,sub,x3,add,sub,2.271537046468694,add,div,21.952189464284572,x1,x4,x4
	Expression:
	                                            1                     
	  0.3036296179502411 - ───────────────────────────────────────────
	                                                21.952189464284572
	                       x₃ - 2.271537046468694 + ──────────────────
	                                                        x₁        


Priority queue entry 5:
	Reward: 0.5072835828894375
	Count Off-policy: False
	Count On-policy: True
	Originally on Policy: True
	Invalid: False
	Traversal: div,-0.02543869049587085,inv,add,-20.47813681321963,mul,x1,add,x7,x1
	Expression:
	  -0.02543869049587085⋅x₁⋅(x₁ + x₇) + 0.5209369843235932


Priority queue entry 6:
	Reward: 0.5054812906244496
	Count Off-policy: False
	Count On-policy: True
	Originally on Policy: True
	Invalid: False
	Traversal: mul,-0.032768249839812025,div,x1,div,x4,mul,sub,x1,x7,x4
	Expression:
	  -0.032768249839812025⋅x₁⋅(x₁ - x₇)


Priority queue entry 7:
	Reward: 0.5053998651799008
	Count Off-policy: False
	Count On-policy: True
	Originally on Policy: True
	Invalid: False
	Traversal: sub,0.6433488887159383,inv,div,1.4896037406542537,div,0.3583915141968658,inv,x1
	Expression:
	  0.6433488887159383 - 0.24059520288224807⋅x₁


Priority queue entry 8:
	Reward: 0.5053998651798955
	Count Off-policy: False
	Count On-policy: True
	Originally on Policy: True
	Invalid: False
	Traversal: sub,0.6433491476995756,div,mul,0.35839169028521656,x1,1.4896040739944556
	Expression:
	  0.6433491476995756 - 0.24059526725391496⋅x₁


Priority queue entry 9:
	Reward: 0.5053912089524344
	Count Off-policy: False
	Count On-policy: True
	Originally on Policy: True
	Invalid: False
	Traversal: sub,0.6429409423508363,div,x1,mul,0.0022530319584497453,add,add,1841.9257620078326,x3,x2
	Expression:
	                                       x₁                                       
	  - ──────────────────────────────────────────────────────────────────────── + 0
	    0.0022530319584497453⋅x₂ + 0.0022530319584497453⋅x₃ + 4.1499176068955465    

                 
	  .6429409423508363
                 

-- EVALUATION END ------------------
== TRAINING SEED 0 END ==============
INFO: Completed run 1 of 1 in 33 s

== POST-PROCESS START =================
-- LOADING LOGS START ----------------
Successfully loaded summary data
Successfully loaded Hall of Fame data
Successfully loaded Pareto Front data
-- LOADING LOGS END ------------------

-- ANALYZING LOG START --------------
Task_____________regression
Source path______./log/regression_config_regression_PQT.json_Livermore2_Vars7_23.in_normal_0.0_2023-05-30-042102
Runs_____________1
Max Samples/run__15000
Success_rate_____0.0
Hall of Fame (Top 5 of 100)____
    0: S=000 R=0.532797 <-- [-1.0624310624533302*x1/(x1/(x1 - 7.409501050936108) - 3.0888924634903057)]
    1: S=000 R=0.521409 <-- [x1/(2.1606806816009194*x1 - 22.33139696867025)]
    2: S=000 R=0.513549 <-- [-0.009450558332729576*x1*(0.4959184049793763*x1**2 + 0.4959184049793763*x1) + 0.5203409888954674]
    3: S=000 R=0.511330 <-- [x1*x4/(31.595443754932116 - (x7 + 3472.684887736575/x1)/x1)]
    4: S=000 R=0.510465 <-- [-0.004326560717619721*x1**3]
  Saving Hall of Fame plot to ./log/regression_config_regression_PQT.json_Livermore2_Vars7_23.in_normal_0.0_2023-05-30-042102/dso_regression_config_regression_PQT.json_Livermore2_Vars7_23.in_normal_0.0_plot_hof.png
Pareto Front (4 of 4)____
    0: S=000 R=0.532797 C=17.00 <-- [-1.0624310624533302*x1/(x1/(x1 - 7.409501050936108) - 3.0888924634903057)]
    1: S=000 R=0.521409 C=10.00 <-- [x1/(2.1606806816009194*x1 - 22.33139696867025)]
    2: S=000 R=0.510465 C=7.00 <-- [-0.004326560717619721*x1**3]
    3: S=000 R=0.501732 C=5.00 <-- [0.422377486832858 - 0.1376222056702649*x2]
  Saving Pareto Front plot to ./log/regression_config_regression_PQT.json_Livermore2_Vars7_23.in_normal_0.0_2023-05-30-042102/dso_regression_config_regression_PQT.json_Livermore2_Vars7_23.in_normal_0.0_plot_pf.png
-- ANALYZING LOG END ----------------
== POST-PROCESS END ===================
