['add', 0.38, 'mul', 'pow', 'X_1', -1, 'add', 'mul', 'pow', 'X_3', -1, 'cos', 'mul', 2, 'mul', 'X_0', 'mul', 'X_2', 'mul', 'pow', 'X_3', -1, 'pow', 'add', 'X_0', 'mul', 'X_1', 'X_2', -1, 'mul', -1, 'mul', 'X_0', 'pow', 'X_3', -1]
--------------------
eq_name 	 Livermore2_Vars4_25
num_vars 	 4
vars_range_and_types 	 [{"name": "LogUniform", "range": [0.1, 10], "only_positive": true}, {"name": "LogUniform", "range": [0.1, 10], "only_positive": true}, {"name": "LogUniform", "range": [0.1, 10], "only_positive": true}, {"name": "LogUniform", "range": [0.1, 10], "only_positive": true}]
function_set 	 ['add', 'sub', 'mul', 'div', 'const', 'sin', 'cos']
eq_expression 	 add,0.38,mul,pow,X_1,-1,add,mul,pow,X_3,-1,cos,mul,2,mul,X_0,mul,X_2,mul,pow,X_3,-1,pow,add,X_0,mul,X_1,X_2,-1,mul,-1,mul,X_0,pow,X_3,-1
expr 	 0.38 + (-X_0/X_3 + cos(2*X_0*X_2/(X_3*(X_0 + X_1*X_2)))/X_3)/X_1
--------------------

== EXPERIMENT SETUP START ===========
Task type            : regression
Starting seed        : 0
Runs                 : 1
== EXPERIMENT SETUP END =============

== TRAINING SEED 0 START ============
self.dataX <dso.symbolic_data_generator.DataX object at 0x2ae3e0b9a0f0>, self.data_query_oracle: <dso.symbolic_equation_evaluator_public.Equation_evaluator object at 0x2ae3c73e5cf8>
generate dataset!
-- BUILDING PRIOR START -------------
WARNING: Skipping invalid 'RelationalConstraint' with arguments {'targets': [], 'effectors': [], 'relationship': None}. Reason: Prior disabled.
WARNING: Skipping invalid 'TrigConstraint' with arguments {}. Reason: There are no target Tokens.
WARNING: Skipping invalid 'UniformArityPrior' with arguments {}. Reason: Prior disabled.
WARNING: Skipping invalid 'LanguageModelPrior' with arguments {'weight': None}. Reason: Prior disabled.
LengthConstraint: Sequences have minimum length 4.
                  Sequences have maximum length 256.
RepeatConstraint: [const] cannot occur more than 10 times.
RelationalConstraint: [inv] cannot be a child of [inv].
ConstConstraint: [const] cannot be the only unique child of [inv, add, sub, mul, div].
NoInputsConstraint: Sequences contain at least one input variable Token.
SoftLengthPrior: No description available.
-- BUILDING PRIOR END ---------------

-- RUNNING EPOCHS START -------------
[00:00:00:04.60] Training epoch 1/14, current best R: 0.5796

	** New best
	Reward: 0.5796343877778349
	Count Off-policy: False
	Count On-policy: True
	Originally on Policy: True
	Invalid: False
	Traversal: inv,div,div,14.009680784072167,sub,x2,5.587623964417321,inv,div,div,x4,add,mul,3.4965403334447913,x4,x1,x1
	Expression:
	  0.071379213803137913⋅x₁⋅(x₁ + 3.4965403334447913⋅x₄)⋅(x₂ - 5.587623964417321)
	  ─────────────────────────────────────────────────────────────────────────────
	                                        x₄                                     

[00:00:00:07.95] Training epoch 2/14, current best R: 0.5834

	** New best
	Reward: 0.5833790097936652
	Count Off-policy: False
	Count On-policy: True
	Originally on Policy: True
	Invalid: False
	Traversal: inv,mul,add,div,x2,x1,x4,sub,0.08432151667106715,x2
	Expression:
	                   1                  
	  ────────────────────────────────────
	                             ⎛     x₂⎞
	  (0.08432151667106715 - x₂)⋅⎜x₄ + ──⎟
	                             ⎝     x₁⎠

[00:00:00:11.43] Training epoch 3/14, current best R: 0.8102

	** New best
	Reward: 0.810212653271718
	Count Off-policy: False
	Count On-policy: True
	Originally on Policy: True
	Invalid: False
	Traversal: sub,x1,add,add,x2,x1,mul,0.9738622396673396,inv,mul,inv,div,add,x1,0.14360448815634783,x4,x2
	Expression:
	        0.9738622396673396⋅(x₁ + 0.14360448815634783)
	  -x₂ - ─────────────────────────────────────────────
	                            x₂⋅x₄                    

[00:00:00:30.53] Training epoch 8/14, current best R: 0.8240

	** New best
	Reward: 0.8240473830239986
	Count Off-policy: False
	Count On-policy: True
	Originally on Policy: True
	Invalid: False
	Traversal: mul,div,inv,div,0.7844855180506713,div,-0.7817214482530701,add,-0.0014206493851950594,x4,x2,x1
	Expression:
	                          x₁                       
	  ─────────────────────────────────────────────────
	  x₂⋅(0.0014256726246972806 - 1.003535875603488⋅x₄)

[00:00:00:38.42] Training epoch 10/14, current best R: 0.8240
[00:00:00:42.09] Training epoch 11/14, current best R: 0.8243

	** New best
	Reward: 0.8242669703430495
	Count Off-policy: False
	Count On-policy: True
	Originally on Policy: True
	Invalid: False
	Traversal: mul,inv,x4,sub,-0.1414971174946698,inv,mul,div,x2,add,mul,2571.9041838183625,x1,x3,2571.55479481177
	Expression:
	                        0.000388869800487062⋅(2571.9041838183625⋅x₁ + x₃)
	  -0.1414971174946698 - ─────────────────────────────────────────────────
	                                                x₂                       
	  ───────────────────────────────────────────────────────────────────────
	                                     x₄                                  

[00:00:00:50.91] Training epoch 13/14, current best R: 0.8263

	** New best
	Reward: 0.8262581341808222
	Count Off-policy: False
	Count On-policy: True
	Originally on Policy: True
	Invalid: False
	Traversal: div,div,0.38466078577942575,mul,inv,sub,div,x1,-0.39141905123680665,0.41351999954668206,x4,add,0.0006667343143710986,add,0.0006667343126879952,x2
	Expression:
	  0.38466078577942575⋅(-2.5548066626808228⋅x₁ - 0.41351999954668206)
	  ──────────────────────────────────────────────────────────────────
	                    x₄⋅(x₂ + 0.001333468627059094)                  

[00:00:00:56.37] Ending training after epoch 14/14, current best R: 0.8263
-- RUNNING EPOCHS END ---------------

-- EVALUATION START ----------------
Saving Hall of Fame to ./log/regression_config_regression_PQT.json_Livermore2_Vars4_25.in_normal_0.0_2023-05-30-040756/dso_regression_config_regression_PQT.json_Livermore2_Vars4_25.in_normal_0.0_0_hof.csv
Saving Pareto Front to ./log/regression_config_regression_PQT.json_Livermore2_Vars4_25.in_normal_0.0_2023-05-30-040756/dso_regression_config_regression_PQT.json_Livermore2_Vars4_25.in_normal_0.0_0_pf.csv
Invalid expressions: 242 of 14336 (1.7%).
Error type counts:
  true_divide: 94 (38.8%)
  reciprocal: 148 (61.2%)
Error node counts:
  divide: 242 (100.0%)

Priority queue entry 0:
	Reward: 0.8262581341808222
	Count Off-policy: False
	Count On-policy: True
	Originally on Policy: True
	Invalid: False
	Traversal: div,div,0.38466078577942575,mul,inv,sub,div,x1,-0.39141905123680665,0.41351999954668206,x4,add,0.0006667343143710986,add,0.0006667343126879952,x2
	Expression:
	  0.38466078577942575⋅(-2.5548066626808228⋅x₁ - 0.41351999954668206)
	  ──────────────────────────────────────────────────────────────────
	                    x₄⋅(x₂ + 0.001333468627059094)                  


Priority queue entry 1:
	Reward: 0.8242669703430495
	Count Off-policy: False
	Count On-policy: True
	Originally on Policy: True
	Invalid: False
	Traversal: mul,inv,x4,sub,-0.1414971174946698,inv,mul,div,x2,add,mul,2571.9041838183625,x1,x3,2571.55479481177
	Expression:
	                        0.000388869800487062⋅(2571.9041838183625⋅x₁ + x₃)
	  -0.1414971174946698 - ─────────────────────────────────────────────────
	                                                x₂                       
	  ───────────────────────────────────────────────────────────────────────
	                                     x₄                                  


Priority queue entry 2:
	Reward: 0.8240473830239986
	Count Off-policy: False
	Count On-policy: True
	Originally on Policy: True
	Invalid: False
	Traversal: mul,div,inv,div,0.7844855180506713,div,-0.7817214482530701,add,-0.0014206493851950594,x4,x2,x1
	Expression:
	                          x₁                       
	  ─────────────────────────────────────────────────
	  x₂⋅(0.0014256726246972806 - 1.003535875603488⋅x₄)


Priority queue entry 3:
	Reward: 0.8167314730162507
	Count Off-policy: False
	Count On-policy: True
	Originally on Policy: True
	Invalid: False
	Traversal: mul,inv,x2,add,sub,mul,x4,x2,div,x1,x4,-0.42612950239037506
	Expression:
	    x₁                              
	  - ── + x₂⋅x₄ - 0.42612950239037506
	    x₄                              
	  ──────────────────────────────────
	                  x₂                


Priority queue entry 4:
	Reward: 0.810212653271718
	Count Off-policy: False
	Count On-policy: True
	Originally on Policy: True
	Invalid: False
	Traversal: sub,x1,add,add,x2,x1,mul,0.9738622396673396,inv,mul,inv,div,add,x1,0.14360448815634783,x4,x2
	Expression:
	        0.9738622396673396⋅(x₁ + 0.14360448815634783)
	  -x₂ - ─────────────────────────────────────────────
	                            x₂⋅x₄                    


Priority queue entry 5:
	Reward: 0.7571006296222368
	Count Off-policy: False
	Count On-policy: True
	Originally on Policy: True
	Invalid: False
	Traversal: add,sub,x4,div,x4,x2,add,x4,mul,inv,mul,mul,x4,inv,x1,x2,-0.9946903553571008
	Expression:
	    0.9946903553571008⋅x₁          x₄
	  - ───────────────────── + 2⋅x₄ - ──
	            x₂⋅x₄                  x₂


Priority queue entry 6:
	Reward: 0.7403981812795416
	Count Off-policy: False
	Count On-policy: True
	Originally on Policy: True
	Invalid: False
	Traversal: inv,div,x2,mul,mul,1.9956742512964867,x1,sub,mul,inv,x1,add,sub,-0.029338171576895687,div,x1,add,x4,x2,x1,0.8023872183858307
	Expression:
	                        ⎛                              x₁                       
	                        ⎜                      x₁ - ─────── - 0.0293381715768956
	                        ⎜                           x₂ + x₄                     
	  1.9956742512964867⋅x₁⋅⎜-0.8023872183858307 + ─────────────────────────────────
	                        ⎝                                       x₁              
	  ──────────────────────────────────────────────────────────────────────────────
	                                          x₂                                    

	    ⎞
	  87⎟
	    ⎟
	  ──⎟
	    ⎠
	  ───
   


Priority queue entry 7:
	Reward: 0.7378191763896025
	Count Off-policy: False
	Count On-policy: True
	Originally on Policy: True
	Invalid: False
	Traversal: mul,mul,x4,14467.99021527032,div,add,div,x1,sub,x2,mul,div,add,x4,x2,0.0001288148871775762,x4,-1.9664739002400713e-05,x4
	Expression:
	                   14467.99021527032⋅x₁                                      
	  ───────────────────────────────────────────────────── - 0.28450925147257815
	  x₂ - x₄⋅(7763.077870195718⋅x₂ + 7763.077870195718⋅x₄)                      


Priority queue entry 8:
	Reward: 0.7332510967466053
	Count Off-policy: False
	Count On-policy: True
	Originally on Policy: True
	Invalid: False
	Traversal: sub,x4,inv,div,mul,x4,div,add,mul,sub,div,x2,x1,0.005479558167922224,x1,x4,x1,1.674412437445745
	Expression:
	               1.674412437445745⋅x₁               
	  - ───────────────────────────────────────── + x₄
	       ⎛   ⎛                        x₂⎞     ⎞     
	    x₄⋅⎜x₁⋅⎜-0.005479558167922224 + ──⎟ + x₄⎟     
	       ⎝   ⎝                        x₁⎠     ⎠     


Priority queue entry 9:
	Reward: 0.7110971764945103
	Count Off-policy: False
	Count On-policy: True
	Originally on Policy: True
	Invalid: False
	Traversal: sub,x4,div,x1,mul,x2,div,x4,div,0.2784815920716238,add,x4,x4
	Expression:
	    0.1392407960358119⋅x₁     
	  - ───────────────────── + x₄
	                 2            
	            x₂⋅x₄             

-- EVALUATION END ------------------
== TRAINING SEED 0 END ==============
INFO: Completed run 1 of 1 in 58 s

== POST-PROCESS START =================
-- LOADING LOGS START ----------------
Successfully loaded summary data
Successfully loaded Hall of Fame data
Successfully loaded Pareto Front data
-- LOADING LOGS END ------------------

-- ANALYZING LOG START --------------
Task_____________regression
Source path______./log/regression_config_regression_PQT.json_Livermore2_Vars4_25.in_normal_0.0_2023-05-30-040756
Runs_____________1
Max Samples/run__15000
Success_rate_____0.0
Hall of Fame (Top 5 of 100)____
    0: S=000 R=0.826258 <-- [0.38466078577942575*(-2.5548066626808228*x1 - 0.41351999954668206)/(x4*(x2 + 0.001333468627059094))]
    1: S=000 R=0.824267 <-- [(-0.1414971174946698 - 0.000388869800487062*(2571.9041838183625*x1 + x3)/x2)/x4]
    2: S=000 R=0.824047 <-- [x1/(x2*(0.0014256726246972806 - 1.003535875603488*x4))]
    3: S=000 R=0.824047 <-- [-1.014409651318548*x1/(x4*(x2 + 0.0012963698686488858))]
    4: S=000 R=0.816731 <-- [(-x1/x4 + x2*x4 - 0.42612950239037506)/x2]
  Saving Hall of Fame plot to ./log/regression_config_regression_PQT.json_Livermore2_Vars4_25.in_normal_0.0_2023-05-30-040756/dso_regression_config_regression_PQT.json_Livermore2_Vars4_25.in_normal_0.0_plot_hof.png
Pareto Front (5 of 9)____
    0: S=000 R=0.826258 C=20.00 <-- [0.38466078577942575*(-2.5548066626808228*x1 - 0.41351999954668206)/(x4*(x2 + 0.001333468627059094))]
    1: S=000 R=0.824267 C=18.00 <-- [(-0.1414971174946698 - 0.000388869800487062*(2571.9041838183625*x1 + x3)/x2)/x4]
    2: S=000 R=0.824047 C=16.00 <-- [x1/(x2*(0.0014256726246972806 - 1.003535875603488*x4))]
    3: S=000 R=0.824047 C=14.00 <-- [-1.014409651318548*x1/(x4*(x2 + 0.0012963698686488858))]
    4: S=000 R=0.589907 C=13.00 <-- [(x4 - 6.184903316322109)/(x2*(x2 + 1/x1))]
  Saving Pareto Front plot to ./log/regression_config_regression_PQT.json_Livermore2_Vars4_25.in_normal_0.0_2023-05-30-040756/dso_regression_config_regression_PQT.json_Livermore2_Vars4_25.in_normal_0.0_plot_pf.png
-- ANALYZING LOG END ----------------
== POST-PROCESS END ===================
