['pow', 'X_0', 0.2]
--------------------
eq_name 	 Livermore_15
num_vars 	 1
vars_range_and_types 	 [{"name": "LogUniform", "range": [0.1, 10], "only_positive": true}]
function_set 	 ['add', 'sub', 'mul', 'div', 'pow', 'const']
eq_expression 	 pow,X_0,0.2
expr 	 X_0**0.2
--------------------

== EXPERIMENT SETUP START ===========
Task type            : regression
Starting seed        : 0
Runs                 : 1
== EXPERIMENT SETUP END =============

== TRAINING SEED 0 START ============
self.dataX <dso.symbolic_data_generator.DataX object at 0x2ada4da7f160>, self.data_query_oracle: <dso.symbolic_equation_evaluator_public.Equation_evaluator object at 0x2ada6cb20da0>
generate dataset!
-- BUILDING PRIOR START -------------
WARNING: Skipping invalid 'RelationalConstraint' with arguments {'targets': [], 'effectors': [], 'relationship': None}. Reason: Prior disabled.
WARNING: Skipping invalid 'TrigConstraint' with arguments {}. Reason: There are no target Tokens.
WARNING: Skipping invalid 'UniformArityPrior' with arguments {}. Reason: Prior disabled.
WARNING: Skipping invalid 'LanguageModelPrior' with arguments {'weight': None}. Reason: Prior disabled.
LengthConstraint: Sequences have minimum length 4.
                  Sequences have maximum length 256.
RepeatConstraint: [const] cannot occur more than 10 times.
RelationalConstraint: [inv] cannot be a child of [inv].
ConstConstraint: [const] cannot be the only unique child of [inv, add, sub, mul, div].
NoInputsConstraint: Sequences contain at least one input variable Token.
SoftLengthPrior: No description available.
-- BUILDING PRIOR END ---------------

-- RUNNING EPOCHS START -------------
[00:00:00:30.02] Training epoch 1/14, current best R: 0.9902

	** New best
	Reward: 0.9902127806851286
	Count Off-policy: False
	Count On-policy: True
	Originally on Policy: True
	Invalid: False
	Traversal: sub,mul,add,x1,x1,sub,div,mul,mul,inv,sub,-1.0592398355023949,add,mul,0.08817669638581074,inv,mul,sub,x1,0.2676914443771425,x1,x1,x1,0.7135076257141151,1.8919267947703844,-0.39275995510550443,-0.5589040002506682
	Expression:
	       ⎛                 0.37713278742410891⋅x₁                                 
	  2⋅x₁⋅⎜─────────────────────────────────────────────────────── + 0.392759955105
	       ⎜                               0.08817669638581074                      
	       ⎜-x₁ - 1.0592398355023949 - ────────────────────────────                 
	       ⎝                           x₁⋅(x₁ - 0.2676914443771425)                 

	       ⎞                     
	  50443⎟ + 0.5589040002506682
	       ⎟                     
	       ⎟                     
	       ⎠                     

[00:00:02:04.32] Training epoch 4/14, current best R: 0.9939

	** New best
	Reward: 0.9939218221783354
	Count Off-policy: False
	Count On-policy: True
	Originally on Policy: True
	Invalid: False
	Traversal: add,div,-11.528920514526849,add,add,div,sub,div,x1,3.584093718675291,-3.1826505248235373,div,add,0.45463208975215597,x1,x1,7.300763171656001,x1,2.0804242759601035
	Expression:
	                                                  11.528920514526849            
	  2.0804242759601035 - ─────────────────────────────────────────────────────────
	                       x₁⋅(0.2790105612443661⋅x₁ + 3.1826505248235373)          
	                       ─────────────────────────────────────────────── + x₁ + 7.
	                                   x₁ + 0.45463208975215597                     

               
	  ───────────────
               
	  300763171656001
               

[00:00:04:11.61] Training epoch 8/14, current best R: 0.9939

	** New best
	Reward: 0.9939218223660601
	Count Off-policy: False
	Count On-policy: True
	Originally on Policy: True
	Invalid: False
	Traversal: add,div,inv,sub,inv,div,x1,sub,div,add,sub,inv,add,2.359879973153514,mul,mul,2.2782462554536735,x1,2.2782452570679164,1.4361457956923172,x1,1.5987418973247354,x1,-0.2635796596019418,x1,2.080457428777599
	Expression:
	                                                                               1
	  2.080457428777599 + ──────────────────────────────────────────────────────────
	                         ⎛                                                      
	                         ⎜                     -0.37450816690714357⋅x₁ - 0.89829
	                         ⎜                                                      
	                      x₁⋅⎜0.2635796596019418 + ─────────────────────────────────
	                         ⎝                                                      

                                                         
	  ─────────────────────────────────────────────────────────
	                            0.62549183309285643           ⎞
	  746633618635 + ─────────────────────────────────────────⎟
	                 5.1904037259200723⋅x₁ + 2.359879973153514⎟
	  ────────────────────────────────────────────────────────⎟
	             x₁                                           ⎠

[00:00:04:44.02] Training epoch 9/14, current best R: 0.9939

	** New best
	Reward: 0.9939218223731577
	Count Off-policy: False
	Count On-policy: True
	Originally on Policy: True
	Invalid: False
	Traversal: inv,sub,add,div,1.922565969837947,add,4.065681961256845,x1,1.5219798370758175,div,x1,mul,add,x1,0.15381687737846036,0.9603240774813758
	Expression:
	                                               1                                
	  ──────────────────────────────────────────────────────────────────────────────
	                         x₁                                              1.92256
	  - ─────────────────────────────────────────── + 1.5219798370758175 + ─────────
	    0.9603240774813758⋅x₁ + 0.14771405086953585                        x₁ + 4.06

             
	  ─────────────
	  5969837947   
	  ─────────────
	  5681961256845

[00:00:05:19.67] Training epoch 10/14, current best R: 0.9939

	** New best
	Reward: 0.9939218223768297
	Count Off-policy: False
	Count On-policy: True
	Originally on Policy: True
	Invalid: False
	Traversal: add,0.5012889640082417,mul,mul,inv,div,add,mul,add,sub,4.525771310963571,mul,sub,inv,add,x1,2.844002289284926,0.523829316564203,-12.359731000650335,4.525771310963537,x1,2.3518661395004576,2.0173586642731056,x1,2.017358563448222
	Expression:
	                                    2.017358563448222⋅x₁                        
	  ──────────────────────────────────────────────────────────────────────────────
	                        ⎛                       12.359731000650335  ⎞           
	  0.4956976752372984⋅x₁⋅⎜2.5771531789390508 + ──────────────────────⎟ + 1.165814
	                        ⎝                     x₁ + 2.844002289284926⎠           

                               
	  ────────── + 0.5012889640082417
                               
	  5778196966                     
                               

[00:00:05:19.69] Training epoch 10/14, current best R: 0.9939
[00:00:07:13.22] Training epoch 13/14, current best R: 0.9941

	** New best
	Reward: 0.9940868888758075
	Count Off-policy: False
	Count On-policy: True
	Originally on Policy: True
	Invalid: False
	Traversal: sub,inv,add,div,add,-3.70182201718858,div,div,7.589707481997883,x1,sub,-5.058876803729077,x1,sub,-0.3119621623742586,add,2.3086059623769963,x1,0.6292621369524879,-0.5003479782265884
	Expression:
	                                                         1                      
	  0.5003479782265884 + ─────────────────────────────────────────────────────────
	                                                7.589707481997883               
	                       -3.70182201718858 + ────────────────────────────         
	                                           x₁⋅(-x₁ - 5.058876803729077)         
	                       ──────────────────────────────────────────────── + 0.6292
	                                   -x₁ - 2.6205681247512549                     

            
	  ────────────
            
            
            
	  621369524879
            

[00:00:07:55.89] Ending training after epoch 14/14, current best R: 0.9941
-- RUNNING EPOCHS END ---------------

-- EVALUATION START ----------------
Saving Hall of Fame to ./log/regression_config_regression_PQT.json_Livermore_15.in_normal_0.0_2023-05-30-032422/dso_regression_config_regression_PQT.json_Livermore_15.in_normal_0.0_0_hof.csv
Saving Pareto Front to ./log/regression_config_regression_PQT.json_Livermore_15.in_normal_0.0_2023-05-30-032422/dso_regression_config_regression_PQT.json_Livermore_15.in_normal_0.0_0_pf.csv
Invalid expressions: 402 of 14336 (2.8%).
Error type counts:
  reciprocal: 285 (70.9%)
  true_divide: 117 (29.1%)
Error node counts:
  divide: 402 (100.0%)

Priority queue entry 0:
	Reward: 0.9940868888758075
	Count Off-policy: False
	Count On-policy: True
	Originally on Policy: True
	Invalid: False
	Traversal: sub,inv,add,div,add,-3.70182201718858,div,div,7.589707481997883,x1,sub,-5.058876803729077,x1,sub,-0.3119621623742586,add,2.3086059623769963,x1,0.6292621369524879,-0.5003479782265884
	Expression:
	                                                         1                      
	  0.5003479782265884 + ─────────────────────────────────────────────────────────
	                                                7.589707481997883               
	                       -3.70182201718858 + ────────────────────────────         
	                                           x₁⋅(-x₁ - 5.058876803729077)         
	                       ──────────────────────────────────────────────── + 0.6292
	                                   -x₁ - 2.6205681247512549                     

            
	  ────────────
            
            
            
	  621369524879
            


Priority queue entry 1:
	Reward: 0.9939218223768297
	Count Off-policy: False
	Count On-policy: True
	Originally on Policy: True
	Invalid: False
	Traversal: add,0.5012889640082417,mul,mul,inv,div,add,mul,add,sub,4.525771310963571,mul,sub,inv,add,x1,2.844002289284926,0.523829316564203,-12.359731000650335,4.525771310963537,x1,2.3518661395004576,2.0173586642731056,x1,2.017358563448222
	Expression:
	                                    2.017358563448222⋅x₁                        
	  ──────────────────────────────────────────────────────────────────────────────
	                        ⎛                       12.359731000650335  ⎞           
	  0.4956976752372984⋅x₁⋅⎜2.5771531789390508 + ──────────────────────⎟ + 1.165814
	                        ⎝                     x₁ + 2.844002289284926⎠           

                               
	  ────────── + 0.5012889640082417
                               
	  5778196966                     
                               


Priority queue entry 2:
	Reward: 0.9939218223731577
	Count Off-policy: False
	Count On-policy: True
	Originally on Policy: True
	Invalid: False
	Traversal: inv,sub,add,div,1.922565969837947,add,4.065681961256845,x1,1.5219798370758175,div,x1,mul,add,x1,0.15381687737846036,0.9603240774813758
	Expression:
	                                               1                                
	  ──────────────────────────────────────────────────────────────────────────────
	                         x₁                                              1.92256
	  - ─────────────────────────────────────────── + 1.5219798370758175 + ─────────
	    0.9603240774813758⋅x₁ + 0.14771405086953585                        x₁ + 4.06

             
	  ─────────────
	  5969837947   
	  ─────────────
	  5681961256845


Priority queue entry 3:
	Reward: 0.9939218223660601
	Count Off-policy: False
	Count On-policy: True
	Originally on Policy: True
	Invalid: False
	Traversal: add,div,inv,sub,inv,div,x1,sub,div,add,sub,inv,add,2.359879973153514,mul,mul,2.2782462554536735,x1,2.2782452570679164,1.4361457956923172,x1,1.5987418973247354,x1,-0.2635796596019418,x1,2.080457428777599
	Expression:
	                                                                               1
	  2.080457428777599 + ──────────────────────────────────────────────────────────
	                         ⎛                                                      
	                         ⎜                     -0.37450816690714357⋅x₁ - 0.89829
	                         ⎜                                                      
	                      x₁⋅⎜0.2635796596019418 + ─────────────────────────────────
	                         ⎝                                                      

                                                         
	  ─────────────────────────────────────────────────────────
	                            0.62549183309285643           ⎞
	  746633618635 + ─────────────────────────────────────────⎟
	                 5.1904037259200723⋅x₁ + 2.359879973153514⎟
	  ────────────────────────────────────────────────────────⎟
	             x₁                                           ⎠


Priority queue entry 4:
	Reward: 0.9939218223587576
	Count Off-policy: False
	Count On-policy: True
	Originally on Policy: True
	Invalid: False
	Traversal: sub,mul,9.014882920759527,inv,sub,sub,inv,div,div,sub,sub,0.31799680764998717,add,add,x1,x1,x1,1.681993978019581,7.168246997165978,x1,x1,5.708623514172578,-2.0804599132198542
	Expression:
	                                                 9.014882920759527              
	  2.0804599132198542 + ─────────────────────────────────────────────────────────
	                                                  x₁                            
	                       -x₁ + ──────────────────────────────────────────── - 5.70
	                             -0.4185123644854974⋅x₁ - 0.19028322697430218       

             
	  ─────────────
             
	  8623514172578
             


Priority queue entry 5:
	Reward: 0.9939218221783354
	Count Off-policy: False
	Count On-policy: True
	Originally on Policy: True
	Invalid: False
	Traversal: add,div,-11.528920514526849,add,add,div,sub,div,x1,3.584093718675291,-3.1826505248235373,div,add,0.45463208975215597,x1,x1,7.300763171656001,x1,2.0804242759601035
	Expression:
	                                                  11.528920514526849            
	  2.0804242759601035 - ─────────────────────────────────────────────────────────
	                       x₁⋅(0.2790105612443661⋅x₁ + 3.1826505248235373)          
	                       ─────────────────────────────────────────────── + x₁ + 7.
	                                   x₁ + 0.45463208975215597                     

               
	  ───────────────
               
	  300763171656001
               


Priority queue entry 6:
	Reward: 0.9939218221076684
	Count Off-policy: False
	Count On-policy: True
	Originally on Policy: True
	Invalid: False
	Traversal: add,mul,inv,add,3.294976475559146,add,inv,x1,mul,x1,0.3852329725097201,div,sub,div,0.6503224418245113,div,0.6772746426549777,x1,-2.731078397030403,1.5783649802695998,0.5012958015447176
	Expression:
	   0.60835416946633557⋅x₁ + 1.7303212065462253                       
	  ────────────────────────────────────────────── + 0.5012958015447176
	                                              1                      
	  0.3852329725097201⋅x₁ + 3.294976475559146 + ──                     
	                                              x₁                     


Priority queue entry 7:
	Reward: 0.9939218141879963
	Count Off-policy: False
	Count On-policy: True
	Originally on Policy: True
	Invalid: False
	Traversal: inv,div,0.6248742987584922,sub,add,-0.015034424805489803,inv,add,inv,x1,3.174804955329758,div,sub,-2.7032222586045616,x1,add,8.235072223916033,x1
	Expression:
	    1.600321859911365⋅(-x₁ - 2.7032222586045616)                            1.60
	  - ──────────────────────────────────────────── - 0.024059918667418999 + ──────
	               x₁ + 8.235072223916033                                           
	                                                                          3.1748
                                                                              

	  0321859911365   
	  ────────────────
	                1 
	  04955329758 + ──
	                x₁


Priority queue entry 8:
	Reward: 0.9939218049683232
	Count Off-policy: False
	Count On-policy: True
	Originally on Policy: True
	Invalid: False
	Traversal: sub,0.5013436676527085,div,0.2500809744250739,sub,mul,div,add,inv,x1,2.198278611480163,add,x1,add,add,2.844946820698947,x1,2.8449468205724,-0.8226782365683463,0.15835931344254467
	Expression:
	                                                0.2500809744250739              
	  0.5013436676527085 - ─────────────────────────────────────────────────────────
	                                            ⎛                    1 ⎞            
	                         0.8226782365683463⋅⎜2.198278611480163 + ──⎟            
	                                            ⎝                    x₁⎠            
	                       - ─────────────────────────────────────────── - 0.1583593
	                                   2⋅x₁ + 5.689893641271347                     

          
	  ──────────
          
          
          
	  1344254467
          


Priority queue entry 9:
	Reward: 0.9939217117423065
	Count Off-policy: False
	Count On-policy: True
	Originally on Policy: True
	Invalid: False
	Traversal: div,add,inv,mul,x1,mul,div,sub,sub,sub,inv,add,inv,div,add,x1,1.8890617030818477,x1,0.31728920660586285,4.433680178118805,x1,4.433680178126656,x1,0.47480704451723116,0.4854299808335937,0.23326918701369584
	Expression:
	                                                            4.2868928074126113  
	  2.0809862933379746 + ─────────────────────────────────────────────────────────
                                                                              
	                       -0.47480704451723116⋅x₁ - 4.2102851634181694 + ──────────
                                                                              
	                                                                      ──────────
	                                                                      x₁ + 1.889

                                   
	  ───────────────────────────────────
	     0.47480704451723116             
	  ───────────────────────────────────
	   x₁                                
	  ───────────── + 0.31728920660586285
	  0617030818477                      

-- EVALUATION END ------------------
== TRAINING SEED 0 END ==============
INFO: Completed run 1 of 1 in 478 s

== POST-PROCESS START =================
-- LOADING LOGS START ----------------
Successfully loaded summary data
Successfully loaded Hall of Fame data
Successfully loaded Pareto Front data
-- LOADING LOGS END ------------------

-- ANALYZING LOG START --------------
Task_____________regression
Source path______./log/regression_config_regression_PQT.json_Livermore_15.in_normal_0.0_2023-05-30-032422
Runs_____________1
Max Samples/run__15000
Success_rate_____0.0
Hall of Fame (Top 5 of 100)____
    0: S=000 R=0.994087 <-- [0.5003479782265884 + 1/((-3.70182201718858 + 7.589707481997883/(x1*(-x1 - 5.058876803729077)))/(-x1 - 2.6205681247512549) + 0.6292621369524879)]
    1: S=000 R=0.993922 <-- [2.017358563448222*x1/(0.4956976752372984*x1*(2.5771531789390508 + 12.359731000650335/(x1 + 2.844002289284926)) + 1.1658145778196966) + 0.5012889640082417]
    2: S=000 R=0.993922 <-- [1/(-x1/(0.9603240774813758*x1 + 0.14771405086953585) + 1.5219798370758175 + 1.922565969837947/(x1 + 4.065681961256845))]
    3: S=000 R=0.993922 <-- [2.080457428777599 + 1/(x1*(0.2635796596019418 + (-0.37450816690714357*x1 - 0.89829746633618635 + 0.62549183309285643/(5.1904037259200723*x1 + 2.359879973153514))/x1))]
    4: S=000 R=0.993922 <-- [2.0804599132198542 + 9.014882920759527/(-x1 + x1/(-0.4185123644854974*x1 - 0.19028322697430218) - 5.708623514172578)]
  Saving Hall of Fame plot to ./log/regression_config_regression_PQT.json_Livermore_15.in_normal_0.0_2023-05-30-032422/dso_regression_config_regression_PQT.json_Livermore_15.in_normal_0.0_plot_hof.png
Pareto Front (5 of 7)____
    0: S=000 R=0.994087 C=24.00 <-- [0.5003479782265884 + 1/((-3.70182201718858 + 7.589707481997883/(x1*(-x1 - 5.058876803729077)))/(-x1 - 2.6205681247512549) + 0.6292621369524879)]
    1: S=000 R=0.993922 C=19.00 <-- [1/(-x1/(0.9603240774813758*x1 + 0.14771405086953585) + 1.5219798370758175 + 1.922565969837947/(x1 + 4.065681961256845))]
    2: S=000 R=0.974404 C=17.00 <-- [(0.030923372742339292 + 1/(x1 + 0.7344784020340347))*(1.254264105620516*x1 + 0.40251168975476453)]
    3: S=000 R=0.965352 C=15.00 <-- [1.8331806330217366 - 3.733942161336853/(x1 + 3.4712016562784396 - 0.052718317491450846/x1)]
    4: S=000 R=0.923530 C=11.00 <-- [1.7068441483453587 + 1/(-0.45817127669727337*x1 - 0.92939378476232001)]
  Saving Pareto Front plot to ./log/regression_config_regression_PQT.json_Livermore_15.in_normal_0.0_2023-05-30-032422/dso_regression_config_regression_PQT.json_Livermore_15.in_normal_0.0_plot_pf.png
-- ANALYZING LOG END ----------------
== POST-PROCESS END ===================
