['add', 1, 'add', 'X_2', 'add', 'mul', 3.41, 'X_1', 'add', 'mul', -3.406, 'X_0', 'mul', 'X_0', 'mul', 'pow', 'X_1', 0.5, 'cos', 'X_0']
--------------------
eq_name 	 Livermore2_Vars3_17
num_vars 	 3
vars_range_and_types 	 [{"name": "LogUniform", "range": [0.1, 10], "only_positive": true}, {"name": "LogUniform", "range": [0.1, 10], "only_positive": true}, {"name": "LogUniform", "range": [0.1, 10], "only_positive": true}]
function_set 	 ['add', 'sub', 'mul', 'div', 'sqrt', 'sin', 'cos', 'const']
eq_expression 	 add,1,add,X_2,add,mul,3.41,X_1,add,mul,-3.406,X_0,mul,X_0,mul,pow,X_1,0.5,cos,X_0
expr 	 X_0*sqrt(X_1)*cos(X_0) - 3.406*X_0 + 3.41*X_1 + X_2 + 1
--------------------

== EXPERIMENT SETUP START ===========
Task type            : regression
Starting seed        : 0
Runs                 : 1
== EXPERIMENT SETUP END =============

== TRAINING SEED 0 START ============
self.dataX <dso.symbolic_data_generator.DataX object at 0x2b316ea0a2e8>, self.data_query_oracle: <dso.symbolic_equation_evaluator_public.Equation_evaluator object at 0x2b318daacd68>
generate dataset!
-- BUILDING PRIOR START -------------
WARNING: Skipping invalid 'RelationalConstraint' with arguments {'targets': [], 'effectors': [], 'relationship': None}. Reason: Prior disabled.
WARNING: Skipping invalid 'TrigConstraint' with arguments {}. Reason: There are no target Tokens.
WARNING: Skipping invalid 'UniformArityPrior' with arguments {}. Reason: Prior disabled.
WARNING: Skipping invalid 'LanguageModelPrior' with arguments {'weight': None}. Reason: Prior disabled.
LengthConstraint: Sequences have minimum length 4.
                  Sequences have maximum length 256.
RepeatConstraint: [const] cannot occur more than 10 times.
RelationalConstraint: [inv] cannot be a child of [inv].
ConstConstraint: [const] cannot be the only unique child of [inv, add, sub, mul, div].
NoInputsConstraint: Sequences contain at least one input variable Token.
SoftLengthPrior: No description available.
-- BUILDING PRIOR END ---------------

-- RUNNING EPOCHS START -------------
[00:00:00:07.06] Training epoch 1/14, current best R: 0.6570

	** New best
	Reward: 0.6570348609217904
	Count Off-policy: False
	Count On-policy: True
	Originally on Policy: True
	Invalid: False
	Traversal: mul,x2,mul,0.4734155605907876,add,x2,mul,div,x1,x2,-5.390932255315051
	Expression:
	     ⎛  2.552151215756934⋅x₁                        ⎞
	  x₂⋅⎜- ──────────────────── + 0.4734155605907876⋅x₂⎟
	     ⎝           x₂                                 ⎠

[00:00:00:12.01] Training epoch 2/14, current best R: 0.7460

	** New best
	Reward: 0.7460279587248273
	Count Off-policy: False
	Count On-policy: True
	Originally on Policy: True
	Invalid: False
	Traversal: mul,sub,0.3022570877270285,div,div,sub,sub,mul,x2,1.0976079667603231,div,sub,-0.45882081628937177,div,-0.04257597597666327,x2,x2,x1,0.004021955283873366,0.0025819125610422426,-3.704542937714479e-05
	Expression:
                                                                              
	                                                                          3.5674
                                                                              
	  -3.5674333229215872⋅x₁ + 3.9156432361249865⋅x₂ - 1.119724359713309e-5 - ──────
                                                                              

	               ⎛                       0.04257597597666327⎞
	  333229215872⋅⎜-0.45882081628937177 + ───────────────────⎟
	               ⎝                                x₂        ⎠
	  ─────────────────────────────────────────────────────────
	                           x₂                              

[00:00:00:17.64] Training epoch 3/14, current best R: 0.7519

	** New best
	Reward: 0.7519089502700596
	Count Off-policy: False
	Count On-policy: True
	Originally on Policy: True
	Invalid: False
	Traversal: sub,3.6453807272984373,inv,div,0.2835300376022983,mul,-0.9540099260464483,add,sub,x2,mul,x1,1.346098080012044,div,x1,3.9792194808488555
	Expression:
	  -3.6837117332957337⋅x₁ + 3.364757872266847⋅x₂ + 3.6453807272984373

[00:00:00:23.79] Training epoch 4/14, current best R: 0.7822

	** New best
	Reward: 0.7821545773097307
	Count Off-policy: False
	Count On-policy: True
	Originally on Policy: True
	Invalid: False
	Traversal: add,x3,sub,mul,sub,add,x2,-48.624305942882984,div,inv,sub,-52.06855639708275,x1,0.00029473058687573377,3.3651282748198983,53.709669621567485
	Expression:
	                                                       11417.641821609528  
	  3.3651282748198983⋅x₂ + x₃ - 217.33669639345623 - ───────────────────────
	                                                    -x₁ - 52.06855639708275

[00:00:00:30.05] Training epoch 5/14, current best R: 0.7829

	** New best
	Reward: 0.7828504884128008
	Count Off-policy: False
	Count On-policy: True
	Originally on Policy: True
	Invalid: False
	Traversal: div,sub,sub,mul,div,x2,add,x1,-0.0077066529460488925,x1,sub,mul,x3,0.6713384176380582,x3,x1,0.2878593305410354
	Expression:
	   3.473919008011611⋅x₁⋅x₂                                                
	  ────────────────────────── - 3.473919008011611⋅x₁ + 1.141743718170323⋅x₃
	  x₁ - 0.0077066529460488925                                              

[00:00:00:45.10] Training epoch 7/14, current best R: 0.7869

	** New best
	Reward: 0.7869342638821045
	Count Off-policy: False
	Count On-policy: True
	Originally on Policy: True
	Invalid: False
	Traversal: mul,sub,x2,sub,sub,x1,div,-0.09314116488376743,inv,add,add,x1,mul,x3,7.535686058806054,-4.768380151236844,x3,3.3658629153652524
	Expression:
	  -3.6793633081414455⋅x₁ + 3.3658629153652524⋅x₂ + 1.0034223760914718⋅x₃ + 1.494
	  8890503189537

[00:00:01:07.18] Training epoch 10/14, current best R: 0.7869
[00:00:01:48.17] Ending training after epoch 14/14, current best R: 0.7869
-- RUNNING EPOCHS END ---------------

-- EVALUATION START ----------------
Saving Hall of Fame to ./log/regression_config_regression_VPG.json_Livermore2_Vars3_17.in_normal_0.0_2023-05-30-031114/dso_regression_config_regression_VPG.json_Livermore2_Vars3_17.in_normal_0.0_0_hof.csv
Saving Pareto Front to ./log/regression_config_regression_VPG.json_Livermore2_Vars3_17.in_normal_0.0_2023-05-30-031114/dso_regression_config_regression_VPG.json_Livermore2_Vars3_17.in_normal_0.0_0_pf.csv
Invalid expressions: 282 of 14336 (2.0%).
Error type counts:
  true_divide: 113 (40.1%)
  reciprocal: 169 (59.9%)
Error node counts:
  divide: 281 (99.6%)
  invalid: 1 (0.4%)
-- EVALUATION END ------------------
== TRAINING SEED 0 END ==============
INFO: Completed run 1 of 1 in 109 s

== POST-PROCESS START =================
-- LOADING LOGS START ----------------
Successfully loaded summary data
Successfully loaded Hall of Fame data
Successfully loaded Pareto Front data
-- LOADING LOGS END ------------------

-- ANALYZING LOG START --------------
Task_____________regression
Source path______./log/regression_config_regression_VPG.json_Livermore2_Vars3_17.in_normal_0.0_2023-05-30-031114
Runs_____________1
Max Samples/run__15000
Success_rate_____0.0
Hall of Fame (Top 5 of 100)____
    0: S=000 R=0.786934 <-- [-3.6793633081414455*x1 + 3.3658629153652524*x2 + 1.0034223760914718*x3 + 1.4948890503189537]
    1: S=000 R=0.786934 <-- [-3.679362263424435*x1 + 3.365883780132997*x2 + 1.0034165230359181*x3 + 1.4948668359902891]
    2: S=000 R=0.786933 <-- [-3.6783757644428122*x1 + 3.3671097945124059*x2 + 1.0095851400832908*x3 + 1.4757799435909074]
    3: S=000 R=0.785238 <-- [-3.493866826897029*x1 + 3.493866826897029*x2 + 66.320911739797653*x3/(2*x1 + 62.00571079205384) + 0.8148926589287411]
    4: S=000 R=0.784863 <-- [-3.7941211524022925*x1 + 2.7941211524022925*x2 + x3 - 2.7941211524022925/(-0.00010290949632496808*x2*(-x2 - 874.1737994868724) + 0.00010290949632496808*x2 - 1.2021723656942327)]
  Saving Hall of Fame plot to ./log/regression_config_regression_VPG.json_Livermore2_Vars3_17.in_normal_0.0_2023-05-30-031114/dso_regression_config_regression_VPG.json_Livermore2_Vars3_17.in_normal_0.0_plot_hof.png
Pareto Front (5 of 6)____
    0: S=000 R=0.786934 C=20.00 <-- [-3.6793633081414455*x1 + 3.3658629153652524*x2 + 1.0034223760914718*x3 + 1.4948890503189537]
    1: S=000 R=0.782850 C=19.00 <-- [3.473919008011611*x1*x2/(x1 - 0.0077066529460488925) - 3.473919008011611*x1 + 1.141743718170323*x3]
    2: S=000 R=0.782440 C=11.00 <-- [-3.5227579451908233*x1 + 3.5227579451908233*x2 + 1.167944231821739*x3]
    3: S=000 R=0.713470 C=8.00 <-- [-3.524635046403133*x1 + 3.524635046403133*x2]
    4: S=000 R=0.642304 C=7.00 <-- [-3.664314965155301*x1 + x2 + 8.69437265681045]
  Saving Pareto Front plot to ./log/regression_config_regression_VPG.json_Livermore2_Vars3_17.in_normal_0.0_2023-05-30-031114/dso_regression_config_regression_VPG.json_Livermore2_Vars3_17.in_normal_0.0_plot_pf.png
-- ANALYZING LOG END ----------------
== POST-PROCESS END ===================
