['add', 'mul', -1, 'mul', 'X_0', 'mul', 'pow', 'X_1', -1, 'pow', 'X_4', -1, 'cos', 'mul', 'X_0', 'mul', 'X_2', 'mul', 'X_3', 'exp', 'mul', -1, 'X_1']
--------------------
eq_name 	 Livermore2_Vars5_14
num_vars 	 5
vars_range_and_types 	 [{"name": "LogUniform", "range": [0.1, 10], "only_positive": true}, {"name": "LogUniform", "range": [0.1, 10], "only_positive": true}, {"name": "LogUniform", "range": [0.1, 10], "only_positive": true}, {"name": "LogUniform", "range": [0.1, 10], "only_positive": true}, {"name": "LogUniform", "range": [0.1, 10], "only_positive": true}]
function_set 	 ['add', 'sub', 'mul', 'div', 'const', 'exp', 'sin', 'cos']
eq_expression 	 add,mul,-1,mul,X_0,mul,pow,X_1,-1,pow,X_4,-1,cos,mul,X_0,mul,X_2,mul,X_3,exp,mul,-1,X_1
expr 	 -X_0/(X_1*X_4) + cos(X_0*X_2*X_3*exp(-X_1))
--------------------

== EXPERIMENT SETUP START ===========
Task type            : regression
Starting seed        : 0
Runs                 : 1
== EXPERIMENT SETUP END =============

== TRAINING SEED 0 START ============
self.dataX <dso.symbolic_data_generator.DataX object at 0x2b3901905b38>, self.data_query_oracle: <dso.symbolic_equation_evaluator_public.Equation_evaluator object at 0x2b38e8197d68>
generate dataset!
-- BUILDING PRIOR START -------------
WARNING: Skipping invalid 'RelationalConstraint' with arguments {'targets': [], 'effectors': [], 'relationship': None}. Reason: Prior disabled.
WARNING: Skipping invalid 'TrigConstraint' with arguments {}. Reason: There are no target Tokens.
WARNING: Skipping invalid 'UniformArityPrior' with arguments {}. Reason: Prior disabled.
WARNING: Skipping invalid 'LanguageModelPrior' with arguments {'weight': None}. Reason: Prior disabled.
LengthConstraint: Sequences have minimum length 4.
                  Sequences have maximum length 256.
RepeatConstraint: [const] cannot occur more than 10 times.
RelationalConstraint: [inv] cannot be a child of [inv].
ConstConstraint: [const] cannot be the only unique child of [inv, add, sub, mul, div].
NoInputsConstraint: Sequences contain at least one input variable Token.
SoftLengthPrior: No description available.
-- BUILDING PRIOR END ---------------

-- RUNNING EPOCHS START -------------
gen	iter	pop_size	nevals	uncached_size	best_val              	timer  
0  	0   	1024    	1024  	1024         	(-0.5625797556456598,)	4.19552
1  	1   	1024    	762   	675          	(-0.8472532462019442,)	2.25329
2  	2   	1024    	803   	720          	(-0.9760925062841771,)	4.26876
3  	3   	1024    	728   	633          	(-0.9763271789612268,)	7.03266
4  	4   	1024    	765   	689          	(-0.9843577929993023,)	15.2118
5  	5   	1024    	755   	670          	(-0.9843577929993023,)	19.947 
6  	6   	1024    	774   	683          	(-0.9844413783263107,)	20.8831
7  	7   	1024    	780   	666          	(-0.9848638971121653,)	23.9243
8  	8   	1024    	759   	639          	(-0.98486389711579,)  	22.3067
9  	9   	1024    	758   	628          	(-0.98486389711579,)  	21.5902

--------------------------------------------------
GP Time: 141.856

Unique expressions evaluated: 7974
Total expression evaluations: 7908
--------------------------------------------------

GP -> best program this epoch:

	Reward: 0.98486389711579
	Count Off-policy: 1
	Count On-policy: 0
	Originally on Policy: False
	Invalid: False
	Traversal: sub,0.7526164566548382,div,mul,div,1.000077727933026,add,x2,mul,-0.035075435544436886,div,x2,inv,div,x5,1.8796735314130373,x1,x5
	Expression:
	             1.000077727933026⋅x₁                             
	  - ───────────────────────────────────── + 0.7526164566548382
	    x₅⋅(-0.018660387007774197⋅x₂⋅x₅ + x₂)                     

None

--------------------------------------------------

[00:00:02:26.55] Training epoch 1/14, current best R: 0.9849

	** New best
	Reward: 0.98486389711579
	Count Off-policy: 1
	Count On-policy: 0
	Originally on Policy: False
	Invalid: False
	Traversal: sub,0.7526164566548382,div,mul,div,1.000077727933026,add,x2,mul,-0.035075435544436886,div,x2,inv,div,x5,1.8796735314130373,x1,x5
	Expression:
	             1.000077727933026⋅x₁                             
	  - ───────────────────────────────────── + 0.7526164566548382
	    x₅⋅(-0.018660387007774197⋅x₂⋅x₅ + x₂)                     

10 	0   	1024    	1024  	1022         	(-0.8188664873482123,)	1.66764
11 	1   	1024    	782   	703          	(-0.9768987544853174,)	1.91981
12 	2   	1024    	764   	686          	(-0.98446287234155,)  	2.55903
13 	3   	1024    	762   	662          	(-0.9844981461401342,)	3.32396
14 	4   	1024    	796   	698          	(-0.984507566071217,) 	4.34836
15 	5   	1024    	777   	682          	(-0.9847994124384017,)	7.21566
16 	6   	1024    	777   	664          	(-0.985097168933,)    	7.9117 
17 	7   	1024    	746   	645          	(-0.985097168933,)    	14.1671
18 	8   	1024    	758   	645          	(-0.9852496810405948,)	12.1739
19 	9   	1024    	757   	646          	(-0.9857507186168343,)	17.0933

--------------------------------------------------
GP Time: 72.6265

Unique expressions evaluated: 15994
Total expression evaluations: 15851
--------------------------------------------------

GP -> best program this epoch:

	Reward: 0.9857507186168343
	Count Off-policy: 1
	Count On-policy: 0
	Originally on Policy: False
	Invalid: False
	Traversal: add,0.23130891814518648,add,inv,mul,div,div,x2,-1.0075884774716786,x1,add,0.0003694844164660051,add,x5,0.00036948441704158654,add,sub,mul,x1,mul,-0.06462415717413401,div,x3,x1,sub,div,-0.06854124236829423,inv,x2,0.23130891814448204,0.23130891814392404
	Expression:
	         1.0075884774716786⋅x₁                                                  
	  - ──────────────────────────────── + 0.06854124236829423⋅x₂ - 0.06462415717413
	    x₂⋅(x₅ + 0.00073896883350759164)                                            

                            
	  401⋅x₃ + 0.69392675443359256
                            

None

--------------------------------------------------

[00:00:03:43.62] Training epoch 2/14, current best R: 0.9858

	** New best
	Reward: 0.9857507186168343
	Count Off-policy: 1
	Count On-policy: 0
	Originally on Policy: False
	Invalid: False
	Traversal: add,0.23130891814518648,add,inv,mul,div,div,x2,-1.0075884774716786,x1,add,0.0003694844164660051,add,x5,0.00036948441704158654,add,sub,mul,x1,mul,-0.06462415717413401,div,x3,x1,sub,div,-0.06854124236829423,inv,x2,0.23130891814448204,0.23130891814392404
	Expression:
	         1.0075884774716786⋅x₁                                                  
	  - ──────────────────────────────── + 0.06854124236829423⋅x₂ - 0.06462415717413
	    x₂⋅(x₅ + 0.00073896883350759164)                                            

                            
	  401⋅x₃ + 0.69392675443359256
                            

-- RUNNING EPOCHS END ---------------

-- EVALUATION START ----------------
Saving Hall of Fame to ./log/regression_config_regression_GPMELD.json_Livermore2_Vars5_14.in_normal_0.0_2023-05-30-031650/dso_regression_config_regression_GPMELD.json_Livermore2_Vars5_14.in_normal_0.0_0_hof.csv
Saving Pareto Front to ./log/regression_config_regression_GPMELD.json_Livermore2_Vars5_14.in_normal_0.0_2023-05-30-031650/dso_regression_config_regression_GPMELD.json_Livermore2_Vars5_14.in_normal_0.0_0_pf.csv
Invalid expressions: 153 of 17899 (0.9%).
Error type counts:
  reciprocal: 93 (60.8%)
  true_divide: 60 (39.2%)
Error node counts:
  divide: 153 (100.0%)
-- EVALUATION END ------------------
== TRAINING SEED 0 END ==============
INFO: Completed run 1 of 1 in 225 s

== POST-PROCESS START =================
-- LOADING LOGS START ----------------
Successfully loaded summary data
Successfully loaded Hall of Fame data
Successfully loaded Pareto Front data
-- LOADING LOGS END ------------------

-- ANALYZING LOG START --------------
Task_____________regression
Source path______./log/regression_config_regression_GPMELD.json_Livermore2_Vars5_14.in_normal_0.0_2023-05-30-031650
Runs_____________1
Max Samples/run__15000
Success_rate_____0.0
Hall of Fame (Top 5 of 100)____
    0: S=000 R=0.985751 <-- [-1.0075884774716786*x1/(x2*(x5 + 0.00073896883350759164)) + 0.06854124236829423*x2 - 0.06462415717413401*x3 + 0.69392675443359256]
    1: S=000 R=0.985751 <-- [-1.0075884774716786*x1/(x2*(x5 + 0.00073896883350759164)) + 0.06854124236829423*x2 - 0.06462415717413401*x3 + 0.69392675443359256]
    2: S=000 R=0.985553 <-- [-1.009451086971829*x1/(x2*(x5 + 0.00091760197157629228)) + 0.40663080326348894 + (-3.5691155344797303*x2*(-2.301025781356972*x1/(x2*(27.17036652684584*x4 + x5 + 10.046480469818912)) - 1.003485609289506) - 3.5691155344797303*x2)/x1]
    3: S=000 R=0.985553 <-- [-1.009451086971829*x1/(x2*(x5 + 0.00091760197157629228)) + 0.40663080326348894 + (-3.5691155344797303*x2*(-2.301025781356972*x1/(x2*(27.17036652684584*x4 + x5 + 10.046480469818912)) - 1.003485609289506) - 3.5691155344797303*x2)/x1]
    4: S=000 R=0.985425 <-- [-1.009094994178237*x1/(x2*(x5 + 0.00088753241186944484)) - 0.06458682917167474*x3 + 0.7901735554026297 + 0.012398130876266886*x2/x1]
  Saving Hall of Fame plot to ./log/regression_config_regression_GPMELD.json_Livermore2_Vars5_14.in_normal_0.0_2023-05-30-031650/dso_regression_config_regression_GPMELD.json_Livermore2_Vars5_14.in_normal_0.0_plot_hof.png
Pareto Front (5 of 16)____
    0: S=000 R=0.985751 C=37.00 <-- [-1.0075884774716786*x1/(x2*(x5 + 0.00073896883350759164)) + 0.06854124236829423*x2 - 0.06462415717413401*x3 + 0.69392675443359256]
    1: S=000 R=0.985425 C=29.00 <-- [-1.009094994178237*x1/(x2*(x5 + 0.00088753241186944484)) - 0.06458682917167474*x3 + 0.7901735554026297 + 0.012398130876266886*x2/x1]
    2: S=000 R=0.985364 C=27.00 <-- [x1*(0.021318981972630397*x2 - 0.10603480832138971) - 1.0011386597322993*x1/(x2*(x5 + 9.694697295286534e-5)) + 0.79871586297686037]
    3: S=000 R=0.985097 C=25.00 <-- [-1.007506436680821*x1/(x2*(x5 + 0.00072882680140759893)) + 0.06858707226901277*x2 + 0.55403951401934054]
    4: S=000 R=0.984864 C=23.00 <-- [-1.717714322534228*x1/(x2*x5*(1.717580778951418 - 0.03205046007034589*x5)) + 0.75261843384159213]
  Saving Pareto Front plot to ./log/regression_config_regression_GPMELD.json_Livermore2_Vars5_14.in_normal_0.0_2023-05-30-031650/dso_regression_config_regression_GPMELD.json_Livermore2_Vars5_14.in_normal_0.0_plot_pf.png
-- ANALYZING LOG END ----------------
== POST-PROCESS END ===================
