['mul', 'pow', 'X_2', -1, 'add', 'X_3', 'add', 'mul', -2.86, 'X_0', 'mul', 'X_1', 'pow', 'X_0', 3]
--------------------
eq_name 	 Livermore2_Vars4_19
num_vars 	 4
vars_range_and_types 	 [{"name": "LogUniform", "range": [0.1, 10], "only_positive": true}, {"name": "LogUniform", "range": [0.1, 10], "only_positive": true}, {"name": "LogUniform", "range": [0.1, 10], "only_positive": true}, {"name": "LogUniform", "range": [0.1, 10], "only_positive": true}]
function_set 	 ['add', 'sub', 'mul', 'div', 'sqrt', 'n2', 'pow', 'const']
eq_expression 	 mul,pow,X_2,-1,add,X_3,add,mul,-2.86,X_0,mul,X_1,pow,X_0,3
expr 	 (X_0**3*X_1 - 2.86*X_0 + X_3)/X_2
--------------------

== EXPERIMENT SETUP START ===========
Task type            : regression
Starting seed        : 0
Runs                 : 1
== EXPERIMENT SETUP END =============

== TRAINING SEED 0 START ============
self.dataX <dso.symbolic_data_generator.DataX object at 0x2ab421f800b8>, self.data_query_oracle: <dso.symbolic_equation_evaluator_public.Equation_evaluator object at 0x2ab441022d68>
generate dataset!
-- BUILDING PRIOR START -------------
WARNING: Skipping invalid 'RelationalConstraint' with arguments {'targets': [], 'effectors': [], 'relationship': None}. Reason: Prior disabled.
WARNING: Skipping invalid 'TrigConstraint' with arguments {}. Reason: There are no target Tokens.
WARNING: Skipping invalid 'UniformArityPrior' with arguments {}. Reason: Prior disabled.
WARNING: Skipping invalid 'LanguageModelPrior' with arguments {'weight': None}. Reason: Prior disabled.
LengthConstraint: Sequences have minimum length 4.
                  Sequences have maximum length 256.
RepeatConstraint: [const] cannot occur more than 10 times.
RelationalConstraint: [inv] cannot be a child of [inv].
ConstConstraint: [const] cannot be the only unique child of [inv, add, sub, mul, div].
NoInputsConstraint: Sequences contain at least one input variable Token.
SoftLengthPrior: No description available.
-- BUILDING PRIOR END ---------------

-- RUNNING EPOCHS START -------------
[00:00:00:04.56] Training epoch 1/14, current best R: 0.6219

	** New best
	Reward: 0.6218674043084763
	Count Off-policy: False
	Count On-policy: True
	Originally on Policy: True
	Invalid: False
	Traversal: add,x4,add,x2,add,add,inv,div,div,mul,0.16402352665701386,x3,x2,mul,x2,x1,x1,x1
	Expression:
	                          2                 
	  6.0966863740899739⋅x₁⋅x₂                  
	  ───────────────────────── + 2⋅x₁ + x₂ + x₄
	              x₃                            

[00:00:00:07.85] Training epoch 2/14, current best R: 0.6596

	** New best
	Reward: 0.6595962323581599
	Count Off-policy: False
	Count On-policy: True
	Originally on Policy: True
	Invalid: False
	Traversal: sub,sub,sub,mul,div,mul,mul,div,x3,x3,div,x2,x3,mul,x1,x1,x1,48.161857873664104,x2,162.074984079893,x2
	Expression:
	  48.161857873664104⋅x₁⋅x₂                          
	  ──────────────────────── - 2⋅x₂ - 162.074984079893
	             x₃                                     

[00:00:00:11.08] Training epoch 3/14, current best R: 0.8315

	** New best
	Reward: 0.8315184254820133
	Count Off-policy: False
	Count On-policy: True
	Originally on Policy: True
	Invalid: False
	Traversal: div,add,inv,x1,814.4213494671336,mul,3860.9139113208134,div,div,mul,inv,x2,x3,mul,sub,x3,x1,x1,-37.90040312741478
	Expression:
	                               ⎛                    1 ⎞            
	  -0.0098164331031274156⋅x₁⋅x₂⋅⎜814.4213494671336 + ──⎟⋅(-x₁ + x₃) 
	                               ⎝                    x₁⎠            
	  ─────────────────────────────────────────────────────────────────
	                                  x₃                               

[00:00:00:14.03] Training epoch 4/14, current best R: 0.8328

	** New best
	Reward: 0.8327908302147191
	Count Off-policy: False
	Count On-policy: True
	Originally on Policy: True
	Invalid: False
	Traversal: div,div,x1,-6.519766169636183e-06,add,mul,div,div,x3,x1,-4.779875976229956e-05,inv,add,0.026745237750374167,x2,x4
	Expression:
	         -153379.7338710082⋅x₁       
	  ───────────────────────────────────
	            20921.04491775397⋅x₃     
	  x₄ - ──────────────────────────────
	       x₁⋅(x₂ + 0.026745237750374167)

[00:00:00:31.02] Training epoch 9/14, current best R: 0.9875

	** New best
	Reward: 0.9874574845204868
	Count Off-policy: False
	Count On-policy: True
	Originally on Policy: True
	Invalid: False
	Traversal: div,mul,x2,x1,inv,div,mul,x1,x1,inv,div,0.9917431749464006,x3
	Expression:
	                       3   
	  0.9917431749464006⋅x₁ ⋅x₂
	  ─────────────────────────
	              x₃           

[00:00:00:35.49] Training epoch 10/14, current best R: 0.9875
[00:00:00:51.40] Training epoch 14/14, current best R: 0.9879

	** New best
	Reward: 0.9878790338402511
	Count Off-policy: False
	Count On-policy: True
	Originally on Policy: True
	Invalid: False
	Traversal: add,-6.0793740409583465,mul,x1,div,mul,div,x1,x3,x2,inv,mul,0.9922767079497201,x1
	Expression:
	                       3                        
	  0.9922767079497201⋅x₁ ⋅x₂                     
	  ───────────────────────── - 6.0793740409583465
	              x₃                                

[00:00:00:51.40] Ending training after epoch 14/14, current best R: 0.9879
-- RUNNING EPOCHS END ---------------

-- EVALUATION START ----------------
Saving Hall of Fame to ./log/regression_config_regression_VPG.json_Livermore2_Vars4_19.in_normal_0.0_2023-05-30-033428/dso_regression_config_regression_VPG.json_Livermore2_Vars4_19.in_normal_0.0_0_hof.csv
Saving Pareto Front to ./log/regression_config_regression_VPG.json_Livermore2_Vars4_19.in_normal_0.0_2023-05-30-033428/dso_regression_config_regression_VPG.json_Livermore2_Vars4_19.in_normal_0.0_0_pf.csv
Invalid expressions: 256 of 14336 (1.8%).
Error type counts:
  true_divide: 109 (42.6%)
  reciprocal: 147 (57.4%)
Error node counts:
  divide: 256 (100.0%)
-- EVALUATION END ------------------
== TRAINING SEED 0 END ==============
INFO: Completed run 1 of 1 in 53 s

== POST-PROCESS START =================
-- LOADING LOGS START ----------------
Successfully loaded summary data
Successfully loaded Hall of Fame data
Successfully loaded Pareto Front data
-- LOADING LOGS END ------------------

-- ANALYZING LOG START --------------
Task_____________regression
Source path______./log/regression_config_regression_VPG.json_Livermore2_Vars4_19.in_normal_0.0_2023-05-30-033428
Runs_____________1
Max Samples/run__15000
Success_rate_____0.0
Hall of Fame (Top 5 of 100)____
    0: S=000 R=0.987879 <-- [0.9922767079497201*x1**3*x2/x3 - 6.0793740409583465]
    1: S=000 R=0.987868 <-- [x1**2*x2*(x1 - 0.0708524850631003)/x3]
    2: S=000 R=0.987457 <-- [0.9917431749464006*x1**3*x2/x3]
    3: S=000 R=0.832791 <-- [-153379.7338710082*x1/(x4 - 20921.04491775397*x3/(x1*(x2 + 0.026745237750374167)))]
    4: S=000 R=0.831518 <-- [-0.0098164331031274156*x1*x2*(814.4213494671336 + 1/x1)*(-x1 + x3)/x3]
  Saving Hall of Fame plot to ./log/regression_config_regression_VPG.json_Livermore2_Vars4_19.in_normal_0.0_2023-05-30-033428/dso_regression_config_regression_VPG.json_Livermore2_Vars4_19.in_normal_0.0_plot_hof.png
Pareto Front (5 of 10)____
    0: S=000 R=0.987879 C=17.00 <-- [0.9922767079497201*x1**3*x2/x3 - 6.0793740409583465]
    1: S=000 R=0.828378 C=16.00 <-- [7.7759145712735079*x1**2*x2/x3]
    2: S=000 R=0.659360 C=13.00 <-- [48.111597124517736*x1*x2/x3 - 165.92906639482777]
    3: S=000 R=0.656281 C=12.00 <-- [46.72533824202883*x1*x2/x3]
    4: S=000 R=0.562001 C=10.00 <-- [16.286595455200317*x1**2*x2]
  Saving Pareto Front plot to ./log/regression_config_regression_VPG.json_Livermore2_Vars4_19.in_normal_0.0_2023-05-30-033428/dso_regression_config_regression_VPG.json_Livermore2_Vars4_19.in_normal_0.0_plot_pf.png
-- ANALYZING LOG END ----------------
== POST-PROCESS END ===================
