['add', 'X_0', 'add', 'mul', -1, 'X_3', 'mul', -1, 'mul', 'pow', 'X_0', -8, 'mul', 'pow', 'X_1', -2, 'mul', 'pow', 'X_2', -2, 'pow', 'add', 'mul', -1, 'X_0', 'sin', 'X_0', 4]
--------------------
eq_name 	 Livermore2_Vars4_4
num_vars 	 4
vars_range_and_types 	 [{"name": "LogUniform", "range": [0.1, 10], "only_positive": true}, {"name": "LogUniform", "range": [0.1, 10], "only_positive": true}, {"name": "LogUniform", "range": [0.1, 10], "only_positive": true}, {"name": "LogUniform", "range": [0.1, 10], "only_positive": true}]
function_set 	 ['add', 'sub', 'mul', 'div', 'const', 'pow', 'sin', 'cos']
eq_expression 	 add,X_0,add,mul,-1,X_3,mul,-1,mul,pow,X_0,-8,mul,pow,X_1,-2,mul,pow,X_2,-2,pow,add,mul,-1,X_0,sin,X_0,4
expr 	 X_0 - X_3 - (-X_0 + sin(X_0))**4/(X_0**8*X_1**2*X_2**2)
--------------------

== EXPERIMENT SETUP START ===========
Task type            : regression
Starting seed        : 0
Runs                 : 1
== EXPERIMENT SETUP END =============

== TRAINING SEED 0 START ============
self.dataX <dso.symbolic_data_generator.DataX object at 0x2b812afa7b38>, self.data_query_oracle: <dso.symbolic_equation_evaluator_public.Equation_evaluator object at 0x2b8115841d68>
generate dataset!
-- BUILDING PRIOR START -------------
WARNING: Skipping invalid 'RelationalConstraint' with arguments {'targets': [], 'effectors': [], 'relationship': None}. Reason: Prior disabled.
WARNING: Skipping invalid 'TrigConstraint' with arguments {}. Reason: There are no target Tokens.
WARNING: Skipping invalid 'UniformArityPrior' with arguments {}. Reason: Prior disabled.
WARNING: Skipping invalid 'LanguageModelPrior' with arguments {'weight': None}. Reason: Prior disabled.
LengthConstraint: Sequences have minimum length 4.
                  Sequences have maximum length 256.
RepeatConstraint: [const] cannot occur more than 10 times.
RelationalConstraint: [inv] cannot be a child of [inv].
ConstConstraint: [const] cannot be the only unique child of [inv, add, sub, mul, div].
NoInputsConstraint: Sequences contain at least one input variable Token.
SoftLengthPrior: No description available.
-- BUILDING PRIOR END ---------------

-- RUNNING EPOCHS START -------------
[00:00:00:04.33] Training epoch 1/14, current best R: 0.6589

	** New best
	Reward: 0.6588563831298088
	Count Off-policy: False
	Count On-policy: True
	Originally on Policy: True
	Invalid: False
	Traversal: add,add,mul,x4,-1.012754833815859,mul,div,x1,add,mul,x3,-0.0012032164562966637,x2,x2,-0.2455099494815623
	Expression:
	              x₁⋅x₂                                                        
	  ───────────────────────────── - 1.012754833815859⋅x₄ - 0.2455099494815623
	  x₂ - 0.0012032164562966637⋅x₃                                            

[00:00:00:15.78] Training epoch 4/14, current best R: 0.6610

	** New best
	Reward: 0.6610369423993928
	Count Off-policy: False
	Count On-policy: True
	Originally on Policy: True
	Invalid: False
	Traversal: add,x1,div,add,205.85769329202375,x3,add,inv,x3,div,add,inv,x4,0.02957376149048433,-0.0056310851681419995
	Expression:
	                  x₃ + 205.85769329202375           
	  x₁ + ─────────────────────────────────────────────
	                             177.58566424417165   1 
	       -5.2518760784863636 - ────────────────── + ──
	                                     x₄           x₃

[00:00:00:25.18] Training epoch 6/14, current best R: 0.6642

	** New best
	Reward: 0.6641514232746645
	Count Off-policy: False
	Count On-policy: True
	Originally on Policy: True
	Invalid: False
	Traversal: sub,x1,sub,add,add,inv,div,inv,div,div,0.25547980496708994,add,x1,x1,x2,sub,x1,x2,x4,1.133351091625541,0.8666489401055811
	Expression:
	                                 0.12773990248354497⋅(x₁ - x₂)
	  x₁ - x₄ - 0.2667021515199599 - ─────────────────────────────
	                                             x₁⋅x₂            

[00:00:00:44.65] Training epoch 10/14, current best R: 0.6642
[00:00:01:03.71] Training epoch 13/14, current best R: 0.6877

	** New best
	Reward: 0.6877476344971943
	Count Off-policy: False
	Count On-policy: True
	Originally on Policy: True
	Invalid: False
	Traversal: sub,x1,add,x4,inv,sub,x2,sub,div,0.010360894683500975,add,x3,-0.038510144986996835,x3
	Expression:
	                             1                 
	  x₁ - x₄ - ───────────────────────────────────
	                         0.010360894683500975  
	            x₂ + x₃ - ─────────────────────────
	                      x₃ - 0.038510144986996835

[00:00:01:11.10] Ending training after epoch 14/14, current best R: 0.6877
-- RUNNING EPOCHS END ---------------

-- EVALUATION START ----------------
Saving Hall of Fame to ./log/regression_config_regression_DSR.json_Livermore2_Vars4_4.in_normal_0.0_2023-05-30-041726/dso_regression_config_regression_DSR.json_Livermore2_Vars4_4.in_normal_0.0_0_hof.csv
Saving Pareto Front to ./log/regression_config_regression_DSR.json_Livermore2_Vars4_4.in_normal_0.0_2023-05-30-041726/dso_regression_config_regression_DSR.json_Livermore2_Vars4_4.in_normal_0.0_0_pf.csv
Invalid expressions: 234 of 14336 (1.6%).
Error type counts:
  true_divide: 109 (46.6%)
  reciprocal: 125 (53.4%)
Error node counts:
  divide: 233 (99.6%)
  invalid: 1 (0.4%)
-- EVALUATION END ------------------
== TRAINING SEED 0 END ==============
INFO: Completed run 1 of 1 in 72 s

== POST-PROCESS START =================
-- LOADING LOGS START ----------------
Successfully loaded summary data
Successfully loaded Hall of Fame data
Successfully loaded Pareto Front data
-- LOADING LOGS END ------------------

-- ANALYZING LOG START --------------
Task_____________regression
Source path______./log/regression_config_regression_DSR.json_Livermore2_Vars4_4.in_normal_0.0_2023-05-30-041726
Runs_____________1
Max Samples/run__15000
Success_rate_____0.0
Hall of Fame (Top 5 of 100)____
    0: S=000 R=0.687748 <-- [x1 - x4 - 1/(x2 + x3 - 0.010360894683500975/(x3 - 0.038510144986996835))]
    1: S=000 R=0.664151 <-- [x1 - x4 - 0.2667021515199599 - 0.12773990248354497*(x1 - x2)/(x1*x2)]
    2: S=000 R=0.663836 <-- [0.44715023621791413*x1*(2.2589248663746364 + (0.00079645361152170038*x1*x3*x4 - 0.03716745913488246*x4)/x2) - x4 - 0.15905740250960199]
    3: S=000 R=0.661893 <-- [x1 + (0.9556246256140173*x4*(0.9957633514223772 - x2) - x4)/x2]
    4: S=000 R=0.661037 <-- [x1 + (x3 + 205.85769329202375)/(-5.2518760784863636 - 177.58566424417165/x4 + 1/x3)]
  Saving Hall of Fame plot to ./log/regression_config_regression_DSR.json_Livermore2_Vars4_4.in_normal_0.0_2023-05-30-041726/dso_regression_config_regression_DSR.json_Livermore2_Vars4_4.in_normal_0.0_plot_hof.png
Pareto Front (4 of 4)____
    0: S=000 R=0.687748 C=16.00 <-- [x1 - x4 - 1/(x2 + x3 - 0.010360894683500975/(x3 - 0.038510144986996835))]
    1: S=000 R=0.660459 C=9.00 <-- [x1 - x4 - 1/(x3 + 1.4239808556131026)]
    2: S=000 R=0.658825 C=7.00 <-- [0.9878694935137208*x1 - 0.9878694935137208*x4 - 0.2605324855094601]
    3: S=000 R=0.658779 C=5.00 <-- [x1 - x4 - 0.2605476397530086]
  Saving Pareto Front plot to ./log/regression_config_regression_DSR.json_Livermore2_Vars4_4.in_normal_0.0_2023-05-30-041726/dso_regression_config_regression_DSR.json_Livermore2_Vars4_4.in_normal_0.0_plot_pf.png
-- ANALYZING LOG END ----------------
== POST-PROCESS END ===================
