['mul', 'pow', 'X_5', -1, 'add', 'mul', -1, 'X_1', 'add', 'mul', 'pow', 2, 0.5, 'pow', 'X_0', 0.5, 'mul', -1, 'mul', 'X_2', 'pow', 'add', 'X_3', 'add', 'X_5', 'mul', 'X_3', 'add', 'mul', 'X_0', 'X_4', 'mul', 8.29, 'mul', 'X_0', 'pow', 'X_2', 2, -0.5]
--------------------
eq_name 	 Livermore2_Vars6_12
num_vars 	 6
vars_range_and_types 	 [{"name": "LogUniform", "range": [0.1, 10], "only_positive": true}, {"name": "LogUniform", "range": [0.1, 10], "only_positive": true}, {"name": "LogUniform", "range": [0.1, 10], "only_positive": true}, {"name": "LogUniform", "range": [0.1, 10], "only_positive": true}, {"name": "LogUniform", "range": [0.1, 10], "only_positive": true}, {"name": "LogUniform", "range": [0.1, 10], "only_positive": true}]
function_set 	 ['add', 'sub', 'mul', 'div', 'sqrt', 'n2', 'log', 'const']
eq_expression 	 mul,pow,X_5,-1,add,mul,-1,X_1,add,mul,pow,2,0.5,pow,X_0,0.5,mul,-1,mul,X_2,pow,add,X_3,add,X_5,mul,X_3,add,mul,X_0,X_4,mul,8.29,mul,X_0,pow,X_2,2,-0.5
expr 	 (sqrt(2)*sqrt(X_0) - X_1 - X_2/sqrt(X_3*(8.29*X_0*X_2**2 + X_0*X_4) + X_3 + X_5))/X_5
--------------------

== EXPERIMENT SETUP START ===========
Task type            : regression
Starting seed        : 0
Runs                 : 1
== EXPERIMENT SETUP END =============

== TRAINING SEED 0 START ============
self.dataX <dso.symbolic_data_generator.DataX object at 0x2b35d389c630>, self.data_query_oracle: <dso.symbolic_equation_evaluator_public.Equation_evaluator object at 0x2b35be05ad68>
generate dataset!
-- BUILDING PRIOR START -------------
WARNING: Skipping invalid 'RelationalConstraint' with arguments {'targets': [], 'effectors': [], 'relationship': None}. Reason: Prior disabled.
WARNING: Skipping invalid 'TrigConstraint' with arguments {}. Reason: There are no target Tokens.
WARNING: Skipping invalid 'UniformArityPrior' with arguments {}. Reason: Prior disabled.
WARNING: Skipping invalid 'LanguageModelPrior' with arguments {'weight': None}. Reason: Prior disabled.
LengthConstraint: Sequences have minimum length 4.
                  Sequences have maximum length 256.
RepeatConstraint: [const] cannot occur more than 10 times.
RelationalConstraint: [inv] cannot be a child of [inv].
ConstConstraint: [const] cannot be the only unique child of [inv, add, sub, mul, div].
NoInputsConstraint: Sequences contain at least one input variable Token.
SoftLengthPrior: No description available.
-- BUILDING PRIOR END ---------------

-- RUNNING EPOCHS START -------------
gen	iter	pop_size	nevals	uncached_size	best_val              	timer  
0  	0   	1024    	1024  	1024         	(-0.6660564885023482,)	2.99152
1  	1   	1024    	786   	690          	(-0.6660564885023482,)	1.99107
2  	2   	1024    	773   	673          	(-0.6660564885023482,)	2.24831
3  	3   	1024    	758   	646          	(-0.688683889210689,) 	2.22935
4  	4   	1024    	750   	616          	(-0.7267165663244342,)	3.34282
5  	5   	1024    	760   	627          	(-0.7267165663244342,)	2.23101
6  	6   	1024    	802   	658          	(-0.7275142301638903,)	2.51399
7  	7   	1024    	803   	644          	(-0.790512521983473,) 	2.39161
8  	8   	1024    	818   	669          	(-0.8552527397820564,)	2.54183
9  	9   	1024    	746   	619          	(-0.8552527397820564,)	3.82362

--------------------------------------------------
GP Time: 26.5427

Unique expressions evaluated: 7798
Total expression evaluations: 8020
--------------------------------------------------

GP -> best program this epoch:

	Reward: 0.8552527397820564
	Count Off-policy: 1
	Count On-policy: 0
	Originally on Policy: False
	Invalid: False
	Traversal: sub,div,0.3239595431832918,x6,add,mul,mul,inv,x6,x1,-0.49033726239179953,div,x2,x6
	Expression:
	  0.49033726239179953⋅x₁   x₂   0.3239595431832918
	  ────────────────────── - ── + ──────────────────
	            x₆             x₆           x₆        

None

--------------------------------------------------

[00:00:00:30.20] Training epoch 1/14, current best R: 0.8553

	** New best
	Reward: 0.8552527397820564
	Count Off-policy: 1
	Count On-policy: 0
	Originally on Policy: False
	Invalid: False
	Traversal: sub,div,0.3239595431832918,x6,add,mul,mul,inv,x6,x1,-0.49033726239179953,div,x2,x6
	Expression:
	  0.49033726239179953⋅x₁   x₂   0.3239595431832918
	  ────────────────────── - ── + ──────────────────
	            x₆             x₆           x₆        

10 	0   	1024    	1024  	1021         	(-0.6410502791441578,)	2.21728
11 	1   	1024    	792   	671          	(-0.6410502791441578,)	1.81569
12 	2   	1024    	774   	659          	(-0.6664236776153916,)	2.20883
13 	3   	1024    	764   	644          	(-0.6946741440650566,)	3.21047
14 	4   	1024    	750   	635          	(-0.7010599738359253,)	4.85261
15 	5   	1024    	767   	639          	(-0.720163047952904,) 	5.59949
16 	6   	1024    	773   	649          	(-0.7201952222626209,)	7.69152
17 	7   	1024    	779   	638          	(-0.7932175343241369,)	7.49034
18 	8   	1024    	782   	640          	(-0.839828570871363,) 	7.40685
19 	9   	1024    	752   	607          	(-0.8623431883977205,)	9.04049

--------------------------------------------------
GP Time: 51.7736

Unique expressions evaluated: 15530
Total expression evaluations: 15977
--------------------------------------------------

GP -> best program this epoch:

	Reward: 0.8623431883977205
	Count Off-policy: 1
	Count On-policy: 0
	Originally on Policy: False
	Invalid: False
	Traversal: div,1.0073905812684225,inv,add,inv,x6,div,sub,-0.8077105390733005,add,x2,mul,sub,x1,mul,-0.13867907679387528,x4,-0.4872524542362567,x6
	Expression:
	  1.0073905812684225⋅(0.4872524542362567⋅x₁ - x₂ + 0.067571720519034044⋅x₄ - 0.8
	  ──────────────────────────────────────────────────────────────────────────────
	                                                x₆                              

	  077105390733005)   1.0073905812684225
	  ──────────────── + ──────────────────
	                             x₆        

None

--------------------------------------------------

[00:00:01:25.77] Training epoch 2/14, current best R: 0.8623

	** New best
	Reward: 0.8623431883977205
	Count Off-policy: 1
	Count On-policy: 0
	Originally on Policy: False
	Invalid: False
	Traversal: div,1.0073905812684225,inv,add,inv,x6,div,sub,-0.8077105390733005,add,x2,mul,sub,x1,mul,-0.13867907679387528,x4,-0.4872524542362567,x6
	Expression:
	  1.0073905812684225⋅(0.4872524542362567⋅x₁ - x₂ + 0.067571720519034044⋅x₄ - 0.8
	  ──────────────────────────────────────────────────────────────────────────────
	                                                x₆                              

	  077105390733005)   1.0073905812684225
	  ──────────────── + ──────────────────
	                             x₆        

-- RUNNING EPOCHS END ---------------

-- EVALUATION START ----------------
Saving Hall of Fame to ./log/regression_config_regression_GPMELD.json_Livermore2_Vars6_12.in_normal_0.0_2023-05-30-031713/dso_regression_config_regression_GPMELD.json_Livermore2_Vars6_12.in_normal_0.0_0_hof.csv
Saving Pareto Front to ./log/regression_config_regression_GPMELD.json_Livermore2_Vars6_12.in_normal_0.0_2023-05-30-031713/dso_regression_config_regression_GPMELD.json_Livermore2_Vars6_12.in_normal_0.0_0_pf.csv
Invalid expressions: 103 of 18025 (0.6%).
Error type counts:
  true_divide: 56 (54.4%)
  reciprocal: 47 (45.6%)
Error node counts:
  divide: 103 (100.0%)
-- EVALUATION END ------------------
== TRAINING SEED 0 END ==============
INFO: Completed run 1 of 1 in 87 s

== POST-PROCESS START =================
-- LOADING LOGS START ----------------
Successfully loaded summary data
Successfully loaded Hall of Fame data
Successfully loaded Pareto Front data
-- LOADING LOGS END ------------------

-- ANALYZING LOG START --------------
Task_____________regression
Source path______./log/regression_config_regression_GPMELD.json_Livermore2_Vars6_12.in_normal_0.0_2023-05-30-031713
Runs_____________1
Max Samples/run__15000
Success_rate_____0.0
Hall of Fame (Top 5 of 100)____
    0: S=000 R=0.862343 <-- [1.0073905812684225*(0.4872524542362567*x1 - x2 + 0.067571720519034044*x4 - 0.8077105390733005)/x6 + 1.0073905812684225/x6]
    1: S=000 R=0.862343 <-- [1.0073905812684225*(0.4872524542362567*x1 - x2 + 0.067571720519034044*x4 - 0.8077105390733005)/x6 + 1.0073905812684225/x6]
    2: S=000 R=0.855253 <-- [0.49033726239179953*x1/x6 - x2/x6 + 0.3239595431832918/x6]
    3: S=000 R=0.855253 <-- [0.49033726239179953*x1/x6 - x2/x6 + 0.3239595431832918/x6]
    4: S=000 R=0.849466 <-- [-0.99302426575367112*x2/x6 + 2.549112994254092*(0.1999360100558121*x1 + x2/(1.4412014324747273*x2/x6 + 0.75685640625186256*x6) - 0.1999360100558121*x6)/x6]
  Saving Hall of Fame plot to ./log/regression_config_regression_GPMELD.json_Livermore2_Vars6_12.in_normal_0.0_2023-05-30-031713/dso_regression_config_regression_GPMELD.json_Livermore2_Vars6_12.in_normal_0.0_plot_hof.png
Pareto Front (5 of 9)____
    0: S=000 R=0.862343 C=23.00 <-- [1.0073905812684225*(0.4872524542362567*x1 - x2 + 0.067571720519034044*x4 - 0.8077105390733005)/x6 + 1.0073905812684225/x6]
    1: S=000 R=0.855253 C=17.00 <-- [0.49033726239179953*x1/x6 - x2/x6 + 0.3239595431832918/x6]
    2: S=000 R=0.790513 C=16.00 <-- [0.4567521691047837*x1/x6 - x2/x6 - x6 + 3.0256059076560704]
    3: S=000 R=0.767824 C=13.00 <-- [x1 - (-0.3449934744839205*x1 + 0.9605760796282466*x2)/x6]
    4: S=000 R=0.766229 C=11.00 <-- [x1 - (-0.3619368170354833*x1 + x2)/x6]
  Saving Pareto Front plot to ./log/regression_config_regression_GPMELD.json_Livermore2_Vars6_12.in_normal_0.0_2023-05-30-031713/dso_regression_config_regression_GPMELD.json_Livermore2_Vars6_12.in_normal_0.0_plot_pf.png
-- ANALYZING LOG END ----------------
== POST-PROCESS END ===================
