['mul', 'pow', 'X_0', -0.5, 'log', 'add', 'mul', -4.09, 'pow', 'add', -1, 'mul', 0.49, 'X_0', 2, 'mul', 'X_0', 'mul', 'pow', 'cos', 'mul', 1.88, 'X_1', -0.5, 'exp', 'X_1']
--------------------
eq_name 	 Livermore2_Vars2_22
num_vars 	 2
vars_range_and_types 	 [{"name": "LogUniform", "range": [0.1, 10], "only_positive": true}, {"name": "LogUniform", "range": [0.1, 10], "only_positive": true}]
function_set 	 ['add', 'sub', 'mul', 'div', 'sqrt', 'n2', 'log', 'exp', 'sin', 'cos', 'const']
eq_expression 	 mul,pow,X_0,-0.5,log,add,mul,-4.09,pow,add,-1,mul,0.49,X_0,2,mul,X_0,mul,pow,cos,mul,1.88,X_1,-0.5,exp,X_1
expr 	 log(X_0*exp(X_1)/sqrt(cos(1.88*X_1)) - 4.09*(0.49*X_0 - 1)**2)/sqrt(X_0)
--------------------

== EXPERIMENT SETUP START ===========
Task type            : regression
Starting seed        : 0
Runs                 : 1
== EXPERIMENT SETUP END =============

== TRAINING SEED 0 START ============
self.dataX <dso.symbolic_data_generator.DataX object at 0x2ba3fb6fd128>, self.data_query_oracle: <dso.symbolic_equation_evaluator_public.Equation_evaluator object at 0x2ba41a79fd68>
generate dataset!
-- BUILDING PRIOR START -------------
WARNING: Skipping invalid 'RelationalConstraint' with arguments {'targets': [], 'effectors': [], 'relationship': None}. Reason: Prior disabled.
WARNING: Skipping invalid 'TrigConstraint' with arguments {}. Reason: There are no target Tokens.
WARNING: Skipping invalid 'UniformArityPrior' with arguments {}. Reason: Prior disabled.
WARNING: Skipping invalid 'LanguageModelPrior' with arguments {'weight': None}. Reason: Prior disabled.
LengthConstraint: Sequences have minimum length 4.
                  Sequences have maximum length 256.
RepeatConstraint: [const] cannot occur more than 10 times.
RelationalConstraint: [inv] cannot be a child of [inv].
ConstConstraint: [const] cannot be the only unique child of [inv, add, sub, mul, div].
NoInputsConstraint: Sequences contain at least one input variable Token.
SoftLengthPrior: No description available.
-- BUILDING PRIOR END ---------------

-- RUNNING EPOCHS START -------------
[00:00:00:10.14] Training epoch 1/14, current best R: 0.5479

	** New best
	Reward: 0.5479271069374402
	Count Off-policy: False
	Count On-policy: True
	Originally on Policy: True
	Invalid: False
	Traversal: add,sub,sub,div,add,0.44205771325729837,x1,mul,x1,add,mul,sub,inv,x2,inv,div,11.377769664844052,x2,12.634478677551153,x2,x2,-0.7790585610326838,x2
	Expression:
	                                    x₁ + 0.44205771325729837            
	  0.7790585610326838 + ─────────────────────────────────────────────────
	                          ⎛                          12.634478677551153⎞
	                       x₁⋅⎜-0.11045301932857558⋅x₂ + ──────────────────⎟
	                          ⎝                                  x₂        ⎠

[00:00:00:53.20] Training epoch 5/14, current best R: 0.5543

	** New best
	Reward: 0.5543257732128584
	Count Off-policy: False
	Count On-policy: True
	Originally on Policy: True
	Invalid: False
	Traversal: inv,div,div,inv,add,sub,sub,div,-6.605008547871961,x1,sub,-8.700809368501417,div,sub,x2,mul,-9.833362980471131,inv,x2,x1,x1,x1,0.04163193153115945,x2
	Expression:
	                         ⎛                         9.833362980471131            
	                         ⎜                    x₂ + ─────────────────            
	                         ⎜                                 x₂          6.6050085
	  0.04163193153115945⋅x₂⋅⎜8.700809368501417 + ────────────────────── - ─────────
	                         ⎝                              x₁                     x

	          ⎞
	          ⎟
	  47871961⎟
	  ────────⎟
	  ₁       ⎠

[00:00:01:55.01] Training epoch 10/14, current best R: 0.5543
[00:00:02:56.28] Ending training after epoch 14/14, current best R: 0.5543
-- RUNNING EPOCHS END ---------------

-- EVALUATION START ----------------
Saving Hall of Fame to ./log/regression_config_regression_VPG.json_Livermore2_Vars2_22.in_normal_0.0_2023-05-30-033210/dso_regression_config_regression_VPG.json_Livermore2_Vars2_22.in_normal_0.0_0_hof.csv
Saving Pareto Front to ./log/regression_config_regression_VPG.json_Livermore2_Vars2_22.in_normal_0.0_2023-05-30-033210/dso_regression_config_regression_VPG.json_Livermore2_Vars2_22.in_normal_0.0_0_pf.csv
Invalid expressions: 348 of 14336 (2.4%).
Error type counts:
  reciprocal: 205 (58.9%)
  true_divide: 143 (41.1%)
Error node counts:
  divide: 346 (99.4%)
  invalid: 2 (0.6%)
-- EVALUATION END ------------------
== TRAINING SEED 0 END ==============
INFO: Completed run 1 of 1 in 178 s

== POST-PROCESS START =================
-- LOADING LOGS START ----------------
Successfully loaded summary data
Successfully loaded Hall of Fame data
Successfully loaded Pareto Front data
-- LOADING LOGS END ------------------

-- ANALYZING LOG START --------------
Task_____________regression
Source path______./log/regression_config_regression_VPG.json_Livermore2_Vars2_22.in_normal_0.0_2023-05-30-033210
Runs_____________1
Max Samples/run__15000
Success_rate_____0.0
Hall of Fame (Top 5 of 100)____
    0: S=000 R=0.554326 <-- [0.04163193153115945*x2*(8.700809368501417 + (x2 + 9.833362980471131/x2)/x1 - 6.605008547871961/x1)]
    1: S=000 R=0.554326 <-- [0.04163487734305992*x2*(8.700169803741908*x1 + x2 - 15.308796369471634 + 8.700169803741908*(x2 + 1.15197048096461 - 1/(x2 + 45.872382564511106))/x2)/x1]
    2: S=000 R=0.550464 <-- [(19.31045104926374 + 1/(x1 - 0.06114192600991465))/(x1 - 2.10859335939368*x2 + 22.098504006400894)]
    3: S=000 R=0.547927 <-- [0.7790585610326838 + (x1 + 0.44205771325729837)/(x1*(-0.11045301932857558*x2 + 12.634478677551153/x2))]
    4: S=000 R=0.547662 <-- [0.14423143610576622 + 1/(0.1138683032690566*x1 - 0.9617529520222095 + 1.1138683032690566/(0.065075695258144*x2 + 0.47954574298464261))]
  Saving Hall of Fame plot to ./log/regression_config_regression_VPG.json_Livermore2_Vars2_22.in_normal_0.0_2023-05-30-033210/dso_regression_config_regression_VPG.json_Livermore2_Vars2_22.in_normal_0.0_plot_hof.png
Pareto Front (5 of 10)____
    0: S=000 R=0.554326 C=31.00 <-- [0.04163193153115945*x2*(8.700809368501417 + (x2 + 9.833362980471131/x2)/x1 - 6.605008547871961/x1)]
    1: S=000 R=0.554326 C=29.00 <-- [0.04163487734305992*x2*(8.700169803741908*x1 + x2 - 15.308796369471634 + 8.700169803741908*(x2 + 1.15197048096461 - 1/(x2 + 45.872382564511106))/x2)/x1]
    2: S=000 R=0.550464 C=21.00 <-- [(19.31045104926374 + 1/(x1 - 0.06114192600991465))/(x1 - 2.10859335939368*x2 + 22.098504006400894)]
    3: S=000 R=0.547624 C=18.00 <-- [0.7535274920600059 - 1/(-0.042429001995747*x1 + 0.5200871099629766 - (x1 + 5.410037630685761)/x2)]
    4: S=000 R=0.539232 C=13.00 <-- [0.36109510182605603/(1/(x2 + 1.192951828540121) - 0.008148313011998842/x1)]
  Saving Pareto Front plot to ./log/regression_config_regression_VPG.json_Livermore2_Vars2_22.in_normal_0.0_2023-05-30-033210/dso_regression_config_regression_VPG.json_Livermore2_Vars2_22.in_normal_0.0_plot_pf.png
-- ANALYZING LOG END ----------------
== POST-PROCESS END ===================
