['add', 'pow', 'X_0', 2, 'add', 'mul', -1, 'X_1', 'add', 'mul', -1, 'X_3', 'mul', -1, 'pow', 'X_2', 2]
--------------------
eq_name 	 Livermore2_Vars4_17
num_vars 	 4
vars_range_and_types 	 [{"name": "LogUniform", "range": [0.1, 10], "only_positive": true}, {"name": "LogUniform", "range": [0.1, 10], "only_positive": true}, {"name": "LogUniform", "range": [0.1, 10], "only_positive": true}, {"name": "LogUniform", "range": [0.1, 10], "only_positive": true}]
function_set 	 ['add', 'sub', 'mul', 'div', 'sqrt', 'n2', 'const']
eq_expression 	 add,pow,X_0,2,add,mul,-1,X_1,add,mul,-1,X_3,mul,-1,pow,X_2,2
expr 	 X_0**2 - X_1 - X_2**2 - X_3
--------------------

== EXPERIMENT SETUP START ===========
Task type            : regression
Starting seed        : 0
Runs                 : 1
== EXPERIMENT SETUP END =============

== TRAINING SEED 0 START ============
self.dataX <dso.symbolic_data_generator.DataX object at 0x2b61736671d0>, self.data_query_oracle: <dso.symbolic_equation_evaluator_public.Equation_evaluator object at 0x2b615ded7cf8>
generate dataset!
-- BUILDING PRIOR START -------------
WARNING: Skipping invalid 'RelationalConstraint' with arguments {'targets': [], 'effectors': [], 'relationship': None}. Reason: Prior disabled.
WARNING: Skipping invalid 'TrigConstraint' with arguments {}. Reason: There are no target Tokens.
WARNING: Skipping invalid 'UniformArityPrior' with arguments {}. Reason: Prior disabled.
WARNING: Skipping invalid 'LanguageModelPrior' with arguments {'weight': None}. Reason: Prior disabled.
LengthConstraint: Sequences have minimum length 4.
                  Sequences have maximum length 256.
RepeatConstraint: [const] cannot occur more than 10 times.
RelationalConstraint: [inv] cannot be a child of [inv].
ConstConstraint: [const] cannot be the only unique child of [inv, add, sub, mul, div].
NoInputsConstraint: Sequences contain at least one input variable Token.
SoftLengthPrior: No description available.
-- BUILDING PRIOR END ---------------

-- RUNNING EPOCHS START -------------
[00:00:00:04.40] Training epoch 1/14, current best R: 0.8135

	** New best
	Reward: 0.8134570075967423
	Count Off-policy: False
	Count On-policy: True
	Originally on Policy: True
	Invalid: False
	Traversal: sub,-9.095156130987423,add,mul,-7.846644532981039,x1,mul,add,mul,mul,x4,add,3.6179298464625287,x2,mul,div,0.019834132701040178,x3,x4,x3,x3
	Expression:
	                            ⎛                            2                      
	                            ⎜     0.019834132701040178⋅x₄ ⋅(x₂ + 3.6179298464625
	  7.846644532981039⋅x₁ - x₃⋅⎜x₃ + ──────────────────────────────────────────────
	                            ⎝                             x₃                    

	      ⎞                    
	  287)⎟                    
	  ────⎟ - 9.095156130987423
	      ⎠                    

[00:00:00:39.51] Training epoch 10/14, current best R: 0.8135
[00:00:01:01.44] Ending training after epoch 14/14, current best R: 0.8135
-- RUNNING EPOCHS END ---------------

-- EVALUATION START ----------------
Saving Hall of Fame to ./log/regression_config_regression_DSR.json_Livermore2_Vars4_17.in_normal_0.0_2023-05-30-032037/dso_regression_config_regression_DSR.json_Livermore2_Vars4_17.in_normal_0.0_0_hof.csv
Saving Pareto Front to ./log/regression_config_regression_DSR.json_Livermore2_Vars4_17.in_normal_0.0_2023-05-30-032037/dso_regression_config_regression_DSR.json_Livermore2_Vars4_17.in_normal_0.0_0_pf.csv
Invalid expressions: 250 of 14336 (1.7%).
Error type counts:
  reciprocal: 139 (55.6%)
  true_divide: 111 (44.4%)
Error node counts:
  divide: 250 (100.0%)
-- EVALUATION END ------------------
== TRAINING SEED 0 END ==============
INFO: Completed run 1 of 1 in 63 s

== POST-PROCESS START =================
-- LOADING LOGS START ----------------
Successfully loaded summary data
Successfully loaded Hall of Fame data
Successfully loaded Pareto Front data
-- LOADING LOGS END ------------------

-- ANALYZING LOG START --------------
Task_____________regression
Source path______./log/regression_config_regression_DSR.json_Livermore2_Vars4_17.in_normal_0.0_2023-05-30-032037
Runs_____________1
Max Samples/run__15000
Success_rate_____0.0
Hall of Fame (Top 5 of 100)____
    0: S=000 R=0.813457 <-- [7.846644532981039*x1 - x3*(x3 + 0.019834132701040178*x4**2*(x2 + 3.6179298464625287)/x3) - 9.095156130987423]
    1: S=000 R=0.789439 <-- [x1**2 + x2 - 7.839747368158895*x3 - 2.6130922198642113 + 1/x2]
    2: S=000 R=0.768129 <-- [x1*(x1 - 0.9757613197053168*x3**2/(x1 - 0.0041150130285246*x2) - x4)]
    3: S=000 R=0.760707 <-- [7.834189765365279*x1 - 7.869105338257792*x3 - 0.99286668383574526*x4 - 2.1236026893793176]
    4: S=000 R=0.760702 <-- [7.8516539438877615*x1 - 7.8516539438877615*x3 - 0.99273338615013113*x4 - 2.1990247740237205]
  Saving Hall of Fame plot to ./log/regression_config_regression_DSR.json_Livermore2_Vars4_17.in_normal_0.0_2023-05-30-032037/dso_regression_config_regression_DSR.json_Livermore2_Vars4_17.in_normal_0.0_plot_hof.png
Pareto Front (5 of 6)____
    0: S=000 R=0.813457 C=22.00 <-- [7.846644532981039*x1 - x3*(x3 + 0.019834132701040178*x4**2*(x2 + 3.6179298464625287)/x3) - 9.095156130987423]
    1: S=000 R=0.789439 C=18.00 <-- [x1**2 + x2 - 7.839747368158895*x3 - 2.6130922198642113 + 1/x2]
    2: S=000 R=0.760707 C=13.00 <-- [7.834189765365279*x1 - 7.869105338257792*x3 - 0.99286668383574526*x4 - 2.1236026893793176]
    3: S=000 R=0.754431 C=11.00 <-- [(x2 + 162.64299442934927)*(0.04767168350062425*x1 - 0.04767168350062425*x3 - 0.02652446736471018)]
    4: S=000 R=0.703758 C=7.00 <-- [7.849426994154621*x1 + x2 - 7.849426994154621*x3]
  Saving Pareto Front plot to ./log/regression_config_regression_DSR.json_Livermore2_Vars4_17.in_normal_0.0_2023-05-30-032037/dso_regression_config_regression_DSR.json_Livermore2_Vars4_17.in_normal_0.0_plot_pf.png
-- ANALYZING LOG END ----------------
== POST-PROCESS END ===================
