['mul', 'pow', 'X_4', 0.5, 'add', 'mul', 2, 'X_0', 'mul', 'pow', 'X_5', -1, 'cos', 'mul', 'X_0', 'add', -3.49, 'add', 'X_2', 'add', 'mul', -1, 'log', 'X_2', 'mul', 'X_2', 'mul', 'X_3', 'exp', 'mul', 'X_0', 'X_1']
--------------------
eq_name 	 Livermore2_Vars6_18
num_vars 	 6
vars_range_and_types 	 [{"name": "LogUniform", "range": [0.1, 10], "only_positive": true}, {"name": "LogUniform", "range": [0.1, 10], "only_positive": true}, {"name": "LogUniform", "range": [0.1, 10], "only_positive": true}, {"name": "LogUniform", "range": [0.1, 10], "only_positive": true}, {"name": "LogUniform", "range": [0.1, 10], "only_positive": true}, {"name": "LogUniform", "range": [0.1, 10], "only_positive": true}]
function_set 	 ['add', 'sub', 'mul', 'div', 'sqrt', 'n2', 'log', 'exp', 'sin', 'cos', 'const']
eq_expression 	 mul,pow,X_4,0.5,add,mul,2,X_0,mul,pow,X_5,-1,cos,mul,X_0,add,-3.49,add,X_2,add,mul,-1,log,X_2,mul,X_2,mul,X_3,exp,mul,X_0,X_1
expr 	 sqrt(X_4)*(2*X_0 + cos(X_0*(X_2*X_3*exp(X_0*X_1) + X_2 - log(X_2) - 3.49))/X_5)
--------------------

== EXPERIMENT SETUP START ===========
Task type            : regression
Starting seed        : 0
Runs                 : 1
== EXPERIMENT SETUP END =============

== TRAINING SEED 0 START ============
self.dataX <dso.symbolic_data_generator.DataX object at 0x2ae517d3db70>, self.data_query_oracle: <dso.symbolic_equation_evaluator_public.Equation_evaluator object at 0x2ae502d6bd68>
generate dataset!
-- BUILDING PRIOR START -------------
WARNING: Skipping invalid 'RelationalConstraint' with arguments {'targets': [], 'effectors': [], 'relationship': None}. Reason: Prior disabled.
WARNING: Skipping invalid 'TrigConstraint' with arguments {}. Reason: There are no target Tokens.
WARNING: Skipping invalid 'UniformArityPrior' with arguments {}. Reason: Prior disabled.
WARNING: Skipping invalid 'LanguageModelPrior' with arguments {'weight': None}. Reason: Prior disabled.
LengthConstraint: Sequences have minimum length 4.
                  Sequences have maximum length 256.
RepeatConstraint: [const] cannot occur more than 10 times.
RelationalConstraint: [inv] cannot be a child of [inv].
ConstConstraint: [const] cannot be the only unique child of [inv, add, sub, mul, div].
NoInputsConstraint: Sequences contain at least one input variable Token.
SoftLengthPrior: No description available.
-- BUILDING PRIOR END ---------------

-- RUNNING EPOCHS START -------------
gen	iter	pop_size	nevals	uncached_size	best_val              	timer  
0  	0   	1024    	1024  	1024         	(-0.6345014417094947,)	2.89359
1  	1   	1024    	771   	677          	(-0.6479871007133962,)	1.91007
2  	2   	1024    	754   	636          	(-0.6897273064242982,)	2.28276
3  	3   	1024    	779   	638          	(-0.6956747446419301,)	4.21252
4  	4   	1024    	773   	617          	(-0.7032304871626931,)	2.94648
5  	5   	1024    	770   	610          	(-0.7047481865764529,)	5.32804
6  	6   	1024    	774   	609          	(-0.7057345857126884,)	6.55084
7  	7   	1024    	755   	580          	(-0.7098779883460761,)	11.4675
8  	8   	1024    	739   	587          	(-0.714916919332838,) 	22.9358
9  	9   	1024    	779   	610          	(-0.7244298689906921,)	36.6106

--------------------------------------------------
GP Time: 97.3741

Unique expressions evaluated: 7533
Total expression evaluations: 7918
--------------------------------------------------

GP -> best program this epoch:

	Reward: 0.7244298689906921
	Count Off-policy: 1
	Count On-policy: 0
	Originally on Policy: False
	Invalid: False
	Traversal: add,inv,div,mul,0.0007152008418475652,div,add,mul,add,5.417111114013113,x5,163.6740011982655,add,x5,x4,add,x5,add,div,0.10298832183187194,x1,0.3704082456796989,x1,div,div,add,mul,add,1.3076800562190902,x5,37.68266865578707,add,x5,x5,add,x5,add,div,-40.67435559864306,x1,489.88347850979767,x6
	Expression:
	                       ⎛                          0.10298832183187194⎞          
	  1398.208645024408⋅x₁⋅⎜x₅ + 0.3704082456796989 + ───────────────────⎟          
	                       ⎝                                   x₁        ⎠      39.6
	  ──────────────────────────────────────────────────────────────────── + ───────
	             x₄ + 164.6740011982655⋅x₅ + 886.6402509661196                  ⎛   
	                                                                         x₆⋅⎜x₅ 
	                                                                            ⎝   

                                         
                                         
	  8266865578707⋅x₅ + 49.276874266284983    
	  ─────────────────────────────────────────
	                         40.67435559864306⎞
	  + 489.88347850979767 - ─────────────────⎟
	                                 x₁       ⎠

None

--------------------------------------------------

[00:00:01:47.24] Training epoch 1/14, current best R: 0.7244

	** New best
	Reward: 0.7244298689906921
	Count Off-policy: 1
	Count On-policy: 0
	Originally on Policy: False
	Invalid: False
	Traversal: add,inv,div,mul,0.0007152008418475652,div,add,mul,add,5.417111114013113,x5,163.6740011982655,add,x5,x4,add,x5,add,div,0.10298832183187194,x1,0.3704082456796989,x1,div,div,add,mul,add,1.3076800562190902,x5,37.68266865578707,add,x5,x5,add,x5,add,div,-40.67435559864306,x1,489.88347850979767,x6
	Expression:
	                       ⎛                          0.10298832183187194⎞          
	  1398.208645024408⋅x₁⋅⎜x₅ + 0.3704082456796989 + ───────────────────⎟          
	                       ⎝                                   x₁        ⎠      39.6
	  ──────────────────────────────────────────────────────────────────── + ───────
	             x₄ + 164.6740011982655⋅x₅ + 886.6402509661196                  ⎛   
	                                                                         x₆⋅⎜x₅ 
	                                                                            ⎝   

                                         
                                         
	  8266865578707⋅x₅ + 49.276874266284983    
	  ─────────────────────────────────────────
	                         40.67435559864306⎞
	  + 489.88347850979767 - ─────────────────⎟
	                                 x₁       ⎠

10 	0   	1024    	1024  	1020         	(-0.6375563639160307,)	1.69966
11 	1   	1024    	737   	637          	(-0.6427483570727103,)	1.73414
12 	2   	1024    	750   	634          	(-0.6897273064242981,)	2.44857
13 	3   	1024    	757   	639          	(-0.6897273064242981,)	3.08757
14 	4   	1024    	746   	625          	(-0.6965982199192035,)	4.53496
15 	5   	1024    	782   	633          	(-0.697762112188095,) 	4.76178
16 	6   	1024    	738   	574          	(-0.7011036500870949,)	5.38124
17 	7   	1024    	780   	623          	(-0.7109844727381238,)	8.5153 
18 	8   	1024    	765   	633          	(-0.7111394877950519,)	13.9059
19 	9   	1024    	766   	612          	(-0.7155853650075079,)	18.0541

--------------------------------------------------
GP Time: 64.3607

Unique expressions evaluated: 15125
Total expression evaluations: 15763
--------------------------------------------------

GP -> best program this epoch:

	Reward: 0.7155853650075079
	Count Off-policy: 1
	Count On-policy: 0
	Originally on Policy: False
	Invalid: False
	Traversal: div,x1,inv,mul,add,0.9437112517593621,add,0.9437112517593621,x5,add,add,0.19920936641737425,add,inv,div,mul,x1,add,add,div,x6,add,28.512739909425175,x3,x6,x1,0.40845362892307524,0.19920936641736683,0.19920936641737272
	Expression:
	     ⎛                              0.40845362892307524          ⎞              
	  x₁⋅⎜0.5976280992521138 + ──────────────────────────────────────⎟⋅(x₅ + 1.88742
	     ⎜                        ⎛                     x₆          ⎞⎟              
	     ⎜                     x₁⋅⎜x₁ + x₆ + ───────────────────────⎟⎟              
	     ⎝                        ⎝          x₃ + 28.512739909425175⎠⎠              

           
	  2503518724)
           
           
           

None

--------------------------------------------------

-- RUNNING EPOCHS END ---------------

-- EVALUATION START ----------------
Saving Hall of Fame to ./log/regression_config_regression_GPMELD.json_Livermore2_Vars6_18.in_normal_0.0_2023-05-30-035209/dso_regression_config_regression_GPMELD.json_Livermore2_Vars6_18.in_normal_0.0_0_hof.csv
Saving Pareto Front to ./log/regression_config_regression_GPMELD.json_Livermore2_Vars6_18.in_normal_0.0_2023-05-30-035209/dso_regression_config_regression_GPMELD.json_Livermore2_Vars6_18.in_normal_0.0_0_pf.csv
Invalid expressions: 91 of 17811 (0.5%).
Error type counts:
  true_divide: 48 (52.7%)
  reciprocal: 43 (47.3%)
Error node counts:
  divide: 90 (98.9%)
  invalid: 1 (1.1%)
-- EVALUATION END ------------------
== TRAINING SEED 0 END ==============
INFO: Completed run 1 of 1 in 177 s

== POST-PROCESS START =================
-- LOADING LOGS START ----------------
Successfully loaded summary data
Successfully loaded Hall of Fame data
Successfully loaded Pareto Front data
-- LOADING LOGS END ------------------

-- ANALYZING LOG START --------------
Task_____________regression
Source path______./log/regression_config_regression_GPMELD.json_Livermore2_Vars6_18.in_normal_0.0_2023-05-30-035209
Runs_____________1
Max Samples/run__15000
Success_rate_____0.0
Hall of Fame (Top 5 of 100)____
    0: S=000 R=0.724430 <-- [1398.208645024408*x1*(x5 + 0.3704082456796989 + 0.10298832183187194/x1)/(x4 + 164.6740011982655*x5 + 886.6402509661196) + (39.68266865578707*x5 + 49.276874266284983)/(x6*(x5 + 489.88347850979767 - 40.67435559864306/x1))]
    1: S=000 R=0.724430 <-- [1398.208645024408*x1*(x5 + 0.3704082456796989 + 0.10298832183187194/x1)/(x4 + 164.6740011982655*x5 + 886.6402509661196) + (39.68266865578707*x5 + 49.276874266284983)/(x6*(x5 + 489.88347850979767 - 40.67435559864306/x1))]
    2: S=000 R=0.715585 <-- [x1*(0.5976280992521138 + 0.40845362892307524/(x1*(x1 + x6 + x6/(x3 + 28.512739909425175))))*(x5 + 1.887422503518724)]
    3: S=000 R=0.715585 <-- [x1*(0.5976280992521138 + 0.40845362892307524/(x1*(x1 + x6 + x6/(x3 + 28.512739909425175))))*(x5 + 1.887422503518724)]
    4: S=000 R=0.715086 <-- [0.26386081284941726*x1*(0.014928033265354251*x4 + 2*x5 + 6.276075929126578 - 19.2553755787423/(x5*(x1 + 0.074712160753741027*x6 + 27.065312110869344)) - 1/x1) + 1.0477334525579656*(x1 - 0.01686402628146552/x5)/(x1*(x1 + x6/(x3 + 3.3423985340396274)))]
  Saving Hall of Fame plot to ./log/regression_config_regression_GPMELD.json_Livermore2_Vars6_18.in_normal_0.0_2023-05-30-035209/dso_regression_config_regression_GPMELD.json_Livermore2_Vars6_18.in_normal_0.0_plot_hof.png
Pareto Front (5 of 11)____
    0: S=000 R=0.724430 C=49.00 <-- [1398.208645024408*x1*(x5 + 0.3704082456796989 + 0.10298832183187194/x1)/(x4 + 164.6740011982655*x5 + 886.6402509661196) + (39.68266865578707*x5 + 49.276874266284983)/(x6*(x5 + 489.88347850979767 - 40.67435559864306/x1))]
    1: S=000 R=0.715585 C=34.00 <-- [x1*(0.5976280992521138 + 0.40845362892307524/(x1*(x1 + x6 + x6/(x3 + 28.512739909425175))))*(x5 + 1.887422503518724)]
    2: S=000 R=0.710287 C=27.00 <-- [(x1*x5 + 5.791938597001918*x1 + 7.983274505641804)/(2.5060060546541614 + 13.459941734030052/(x1*x5 + 3.3683115173113616*x5))]
    3: S=000 R=0.708852 C=26.00 <-- [(1.916646017488344*x1 + 0.9213282939086558)/(0.22831142799758966 + 1.2222965138964677/(9.408905437597427e-6*x5**2 + x5 + 0.4179754133108794))]
    4: S=000 R=0.708029 C=19.00 <-- [(x1 + 0.48453936630860284)/(-0.013111576797927112*x5 + 0.26766366985760623 + 0.25226215922801497/x5)]
  Saving Pareto Front plot to ./log/regression_config_regression_GPMELD.json_Livermore2_Vars6_18.in_normal_0.0_2023-05-30-035209/dso_regression_config_regression_GPMELD.json_Livermore2_Vars6_18.in_normal_0.0_plot_pf.png
-- ANALYZING LOG END ----------------
== POST-PROCESS END ===================
