['add', -0.73, 'add', 'X_2', 'add', 'pow', 'add', 'X_0', 'mul', -1, 'mul', 'X_1', 'add', 'mul', -1, 'mul', 'pow', 'X_3', -1, 'log', 'mul', 'X_0', 'mul', 'X_4', 'pow', 'add', 'X_3', 'pow', 'X_1', 2, -1, 'sin', 'X_2', 0.5, 'add', 'mul', -1, 'X_0', 'mul', -1, 'X_1']
--------------------
eq_name 	 Livermore2_Vars5_22
num_vars 	 5
vars_range_and_types 	 [{"name": "LogUniform", "range": [0.1, 10], "only_positive": true}, {"name": "LogUniform", "range": [0.1, 10], "only_positive": true}, {"name": "LogUniform", "range": [0.1, 10], "only_positive": true}, {"name": "LogUniform", "range": [0.1, 10], "only_positive": true}, {"name": "LogUniform", "range": [0.1, 10], "only_positive": true}]
function_set 	 ['add', 'sub', 'mul', 'div', 'sqrt', 'n2', 'log', 'sin', 'cos', 'const']
eq_expression 	 add,-0.73,add,X_2,add,pow,add,X_0,mul,-1,mul,X_1,add,mul,-1,mul,pow,X_3,-1,log,mul,X_0,mul,X_4,pow,add,X_3,pow,X_1,2,-1,sin,X_2,0.5,add,mul,-1,X_0,mul,-1,X_1
expr 	 -X_0 - X_1 + X_2 + sqrt(X_0 - X_1*(sin(X_2) - log(X_0*X_4/(X_1**2 + X_3))/X_3)) - 0.73
--------------------

== EXPERIMENT SETUP START ===========
Task type            : regression
Starting seed        : 0
Runs                 : 1
== EXPERIMENT SETUP END =============

== TRAINING SEED 0 START ============
self.dataX <dso.symbolic_data_generator.DataX object at 0x2b626e22c7f0>, self.data_query_oracle: <dso.symbolic_equation_evaluator_public.Equation_evaluator object at 0x2b6254ab9d68>
generate dataset!
-- BUILDING PRIOR START -------------
WARNING: Skipping invalid 'RelationalConstraint' with arguments {'targets': [], 'effectors': [], 'relationship': None}. Reason: Prior disabled.
WARNING: Skipping invalid 'TrigConstraint' with arguments {}. Reason: There are no target Tokens.
WARNING: Skipping invalid 'UniformArityPrior' with arguments {}. Reason: Prior disabled.
WARNING: Skipping invalid 'LanguageModelPrior' with arguments {'weight': None}. Reason: Prior disabled.
LengthConstraint: Sequences have minimum length 4.
                  Sequences have maximum length 256.
RepeatConstraint: [const] cannot occur more than 10 times.
RelationalConstraint: [inv] cannot be a child of [inv].
ConstConstraint: [const] cannot be the only unique child of [inv, add, sub, mul, div].
NoInputsConstraint: Sequences contain at least one input variable Token.
SoftLengthPrior: No description available.
-- BUILDING PRIOR END ---------------

-- RUNNING EPOCHS START -------------
gen	iter	pop_size	nevals	uncached_size	best_val	timer  
0  	0   	1024    	1024  	1024         	(nan,)  	1.84235
1  	1   	1024    	766   	685          	(nan,)  	0.28398
2  	2   	1024    	759   	674          	(nan,)  	0.289196
3  	3   	1024    	765   	689          	(nan,)  	0.297969
4  	4   	1024    	755   	653          	(nan,)  	0.298039
5  	5   	1024    	779   	676          	(nan,)  	0.298371
6  	6   	1024    	784   	695          	(nan,)  	0.483651
7  	7   	1024    	747   	658          	(nan,)  	0.302655
8  	8   	1024    	767   	663          	(nan,)  	0.311534
9  	9   	1024    	758   	662          	(nan,)  	0.325843

--------------------------------------------------
GP Time: 5.00251

Unique expressions evaluated: 8079
Total expression evaluations: 7904
--------------------------------------------------

GP -> best program this epoch:

	Reward: nan
	Count Off-policy: 1
	Count On-policy: 0
	Originally on Policy: False
	Invalid: False
	Traversal: inv,mul,x3,mul,x3,mul,x3,mul,1.0,x1
	Expression:
	   1.0  
	  ──────
	       3
	  x₁⋅x₃ 

None

--------------------------------------------------

