['add', 'X_0', 'cos', 'mul', 'X_1', 'pow', 'log', 'add', 'X_3', 'mul', 'X_2', 'pow', 'X_1', 2, -1]
--------------------
eq_name 	 Livermore2_Vars4_7
num_vars 	 4
vars_range_and_types 	 [{"name": "LogUniform", "range": [0.1, 10], "only_positive": true}, {"name": "LogUniform", "range": [0.1, 10], "only_positive": true}, {"name": "LogUniform", "range": [0.1, 10], "only_positive": true}, {"name": "LogUniform", "range": [0.1, 10], "only_positive": true}]
function_set 	 ['add', 'sub', 'mul', 'div', 'const', 'log', 'sin', 'cos']
eq_expression 	 add,X_0,cos,mul,X_1,pow,log,add,X_3,mul,X_2,pow,X_1,2,-1
expr 	 X_0 + cos(X_1/log(X_1**2*X_2 + X_3))
--------------------

== EXPERIMENT SETUP START ===========
Task type            : regression
Starting seed        : 0
Runs                 : 1
== EXPERIMENT SETUP END =============

== TRAINING SEED 0 START ============
self.dataX <dso.symbolic_data_generator.DataX object at 0x2ac81612cb38>, self.data_query_oracle: <dso.symbolic_equation_evaluator_public.Equation_evaluator object at 0x2ac7fc9c3d68>
generate dataset!
-- BUILDING PRIOR START -------------
WARNING: Skipping invalid 'RelationalConstraint' with arguments {'targets': [], 'effectors': [], 'relationship': None}. Reason: Prior disabled.
WARNING: Skipping invalid 'TrigConstraint' with arguments {}. Reason: There are no target Tokens.
WARNING: Skipping invalid 'UniformArityPrior' with arguments {}. Reason: Prior disabled.
WARNING: Skipping invalid 'LanguageModelPrior' with arguments {'weight': None}. Reason: Prior disabled.
LengthConstraint: Sequences have minimum length 4.
                  Sequences have maximum length 256.
RepeatConstraint: [const] cannot occur more than 10 times.
RelationalConstraint: [inv] cannot be a child of [inv].
ConstConstraint: [const] cannot be the only unique child of [inv, add, sub, mul, div].
NoInputsConstraint: Sequences contain at least one input variable Token.
SoftLengthPrior: No description available.
-- BUILDING PRIOR END ---------------

-- RUNNING EPOCHS START -------------
gen	iter	pop_size	nevals	uncached_size	best_val              	timer 
0  	0   	1024    	1024  	1024         	(-0.8233848589845097,)	4.6154
1  	1   	1024    	760   	667          	(-0.82495347518808,)  	4.04706
2  	2   	1024    	759   	627          	(-0.8352877857609771,)	6.66945
3  	3   	1024    	766   	641          	(-0.8478551670962348,)	5.88519
4  	4   	1024    	753   	589          	(-0.8478551670962348,)	6.42261
5  	5   	1024    	775   	614          	(-0.8609970842840167,)	10.6202
6  	6   	1024    	738   	565          	(-0.8658298223255216,)	10.7691
7  	7   	1024    	759   	609          	(-0.8658298223255216,)	19.3377
8  	8   	1024    	782   	646          	(-0.8658298223255216,)	25.0503
9  	9   	1024    	754   	625          	(-0.8687855116200213,)	35.6961

--------------------------------------------------
GP Time: 129.352

Unique expressions evaluated: 7554
Total expression evaluations: 7870
--------------------------------------------------

GP -> best program this epoch:

	Reward: 0.8687855116200213
	Count Off-policy: 1
	Count On-policy: 0
	Originally on Policy: False
	Invalid: False
	Traversal: sub,x1,add,add,-18.684465470210373,inv,add,mul,add,x3,mul,0.055132886078392715,x2,add,0.00012039372180139175,inv,add,mul,add,x3,x2,0.058876583545037504,x3,-0.8722368110475328,div,add,82.64676635716565,x2,add,inv,div,5.186440686099128,inv,x2,sub,18.996120293140745,inv,div,-7.383338445443628,add,x4,x4
	Expression:
	                            x₂ + 82.64676635716565                              
	  x₁ - ─────────────────────────────────────────────────────────────── + 18.6844
	                                                    0.1928104572139875          
	       0.2708801736204076⋅x₄ + 18.996120293140745 + ──────────────────          
	                                                            x₂                  

	                                                                              1 
	  65470210373 - ────────────────────────────────────────────────────────────────
	                ⎛                                                1              
	                ⎜0.00012039372180139175 + ──────────────────────────────────────
	                ⎝                         0.058876583545037504⋅x₂ + 1.0588765835

                                                              
	  ──────────────────────────────────────────────────────────────
	           ⎞                                                    
	  ─────────⎟⋅(0.055132886078392715⋅x₂ + x₃) - 0.8722368110475328
	  450375⋅x₃⎠                                                    

None

--------------------------------------------------

[00:00:02:18.49] Training epoch 1/14, current best R: 0.8688

	** New best
	Reward: 0.8687855116200213
	Count Off-policy: 1
	Count On-policy: 0
	Originally on Policy: False
	Invalid: False
	Traversal: sub,x1,add,add,-18.684465470210373,inv,add,mul,add,x3,mul,0.055132886078392715,x2,add,0.00012039372180139175,inv,add,mul,add,x3,x2,0.058876583545037504,x3,-0.8722368110475328,div,add,82.64676635716565,x2,add,inv,div,5.186440686099128,inv,x2,sub,18.996120293140745,inv,div,-7.383338445443628,add,x4,x4
	Expression:
	                            x₂ + 82.64676635716565                              
	  x₁ - ─────────────────────────────────────────────────────────────── + 18.6844
	                                                    0.1928104572139875          
	       0.2708801736204076⋅x₄ + 18.996120293140745 + ──────────────────          
	                                                            x₂                  

	                                                                              1 
	  65470210373 - ────────────────────────────────────────────────────────────────
	                ⎛                                                1              
	                ⎜0.00012039372180139175 + ──────────────────────────────────────
	                ⎝                         0.058876583545037504⋅x₂ + 1.0588765835

                                                              
	  ──────────────────────────────────────────────────────────────
	           ⎞                                                    
	  ─────────⎟⋅(0.055132886078392715⋅x₂ + x₃) - 0.8722368110475328
	  450375⋅x₃⎠                                                    

10 	0   	1024    	1024  	1022         	(-0.795429267010589,) 	3.23082
11 	1   	1024    	771   	684          	(-0.8062977132896589,)	2.97014
12 	2   	1024    	745   	653          	(-0.835297108045432,) 	4.47483
13 	3   	1024    	752   	638          	(-0.835297108045432,) 	5.44174
14 	4   	1024    	772   	637          	(-0.8495610449400439,)	6.33524
15 	5   	1024    	757   	596          	(-0.8495610449400439,)	8.38251
16 	6   	1024    	775   	612          	(-0.850998259111958,) 	10.6692
17 	7   	1024    	797   	643          	(-0.864432498171114,) 	13.2181
18 	8   	1024    	784   	662          	(-0.864432498171114,) 	14.9093
19 	9   	1024    	766   	633          	(-0.864432498171114,) 	21.552 

--------------------------------------------------
GP Time: 91.4306

Unique expressions evaluated: 15277
Total expression evaluations: 15813
--------------------------------------------------

GP -> best program this epoch:

	Reward: 0.864432498171114
	Count Off-policy: 1
	Count On-policy: 0
	Originally on Policy: False
	Invalid: False
	Traversal: add,mul,x1,0.9998273049174216,sub,0.9972538295813286,inv,div,add,add,0.8988230723748755,div,2.846117517900809,x2,x3,2.7387831590867555
	Expression:
	                                                                               1
	  0.9998273049174216⋅x₁ + 0.9972538295813286 - ─────────────────────────────────
                                                                              
	                                               0.36512565687509521⋅x₃ + 0.328183
                                                                              

                                
	  ────────────────────────────────
	                1.0391905282672485
	  36471536767 + ──────────────────
	                        x₂        

None

--------------------------------------------------

-- RUNNING EPOCHS END ---------------

-- EVALUATION START ----------------
Saving Hall of Fame to ./log/regression_config_regression_GPMELD.json_Livermore2_Vars4_7.in_normal_0.0_2023-05-30-042358/dso_regression_config_regression_GPMELD.json_Livermore2_Vars4_7.in_normal_0.0_0_hof.csv
Saving Pareto Front to ./log/regression_config_regression_GPMELD.json_Livermore2_Vars4_7.in_normal_0.0_2023-05-30-042358/dso_regression_config_regression_GPMELD.json_Livermore2_Vars4_7.in_normal_0.0_0_pf.csv
Invalid expressions: 141 of 17861 (0.8%).
Error type counts:
  true_divide: 63 (44.7%)
  reciprocal: 78 (55.3%)
Error node counts:
  divide: 141 (100.0%)
-- EVALUATION END ------------------
== TRAINING SEED 0 END ==============
INFO: Completed run 1 of 1 in 237 s

== POST-PROCESS START =================
-- LOADING LOGS START ----------------
Successfully loaded summary data
Successfully loaded Hall of Fame data
Successfully loaded Pareto Front data
-- LOADING LOGS END ------------------

-- ANALYZING LOG START --------------
Task_____________regression
Source path______./log/regression_config_regression_GPMELD.json_Livermore2_Vars4_7.in_normal_0.0_2023-05-30-042358
Runs_____________1
Max Samples/run__15000
Success_rate_____0.0
Hall of Fame (Top 5 of 100)____
    0: S=000 R=0.868786 <-- [x1 - (x2 + 82.64676635716565)/(0.2708801736204076*x4 + 18.996120293140745 + 0.1928104572139875/x2) + 18.684465470210373 - 1/((0.00012039372180139175 + 1/(0.058876583545037504*x2 + 1.0588765835450375*x3))*(0.055132886078392715*x2 + x3) - 0.8722368110475328)]
    1: S=000 R=0.868786 <-- [x1 - (x2 + 82.64676635716565)/(0.2708801736204076*x4 + 18.996120293140745 + 0.1928104572139875/x2) + 18.684465470210373 - 1/((0.00012039372180139175 + 1/(0.058876583545037504*x2 + 1.0588765835450375*x3))*(0.055132886078392715*x2 + x3) - 0.8722368110475328)]
    2: S=000 R=0.867641 <-- [x1 + 0.9161606399084652 - 1/((0.4552793309502653 + 1/(1.424676210019629*x2 + 2.424676210019629*x3))*(x3 + 0.5239829855184737/x2) + 0.5342116193221054) - (x2 - 3.285582531884727)/(13.61441941120123 + 1/((-0.018147968119829723 + 1/(2.006077414118906*x1 + 3.006077414118906*x3))*(x1*x2 + x3)))]
    3: S=000 R=0.867641 <-- [x1 + 0.9161606399084652 - 1/((0.4552793309502653 + 1/(1.424676210019629*x2 + 2.424676210019629*x3))*(x3 + 0.5239829855184737/x2) + 0.5342116193221054) - (x2 - 3.285582531884727)/(13.61441941120123 + 1/((-0.018147968119829723 + 1/(2.006077414118906*x1 + 3.006077414118906*x3))*(x1*x2 + x3)))]
    4: S=000 R=0.867480 <-- [0.98600417086684093*x1 + 3.5830984346673516 - (2.8552032188317176 - 0.0643751105979104/x3)/(0.513315628241779 + 1/(-0.012067429964273922*x1*x4 + 0.40774613258217496*x2/x3 + 2.0082831076326379))]
  Saving Hall of Fame plot to ./log/regression_config_regression_GPMELD.json_Livermore2_Vars4_7.in_normal_0.0_2023-05-30-042358/dso_regression_config_regression_GPMELD.json_Livermore2_Vars4_7.in_normal_0.0_plot_hof.png
Pareto Front (5 of 11)____
    0: S=000 R=0.868786 C=50.00 <-- [x1 - (x2 + 82.64676635716565)/(0.2708801736204076*x4 + 18.996120293140745 + 0.1928104572139875/x2) + 18.684465470210373 - 1/((0.00012039372180139175 + 1/(0.058876583545037504*x2 + 1.0588765835450375*x3))*(0.055132886078392715*x2 + x3) - 0.8722368110475328)]
    1: S=000 R=0.867480 C=45.00 <-- [0.98600417086684093*x1 + 3.5830984346673516 - (2.8552032188317176 - 0.0643751105979104/x3)/(0.513315628241779 + 1/(-0.012067429964273922*x1*x4 + 0.40774613258217496*x2/x3 + 2.0082831076326379))]
    2: S=000 R=0.866147 C=31.00 <-- [x1 - 1.2651943332044888 + 1/((-0.0032452172411762785 + 1/(7.5827706311266025*x3 + 2.1645068363266085))*(0.8001957115329599*x2 + x3) + 0.3653687058531829) - 0.01494677387336827/x4]
    3: S=000 R=0.864779 C=25.00 <-- [0.99984599180331032*x1 - (0.06831004413588859 - 1/(-x3 - 1.141327429921726))/(0.32042466416531623 + 1/x2) + 0.9171416530178291]
    4: S=000 R=0.864432 C=19.00 <-- [0.9998273049174216*x1 + 0.9972538295813286 - 1/(0.36512565687509521*x3 + 0.32818336471536767 + 1.0391905282672485/x2)]
  Saving Pareto Front plot to ./log/regression_config_regression_GPMELD.json_Livermore2_Vars4_7.in_normal_0.0_2023-05-30-042358/dso_regression_config_regression_GPMELD.json_Livermore2_Vars4_7.in_normal_0.0_plot_pf.png
-- ANALYZING LOG END ----------------
== POST-PROCESS END ===================
