['add', 'mul', -1, 'X_0', 'mul', 'X_0', 'add', 'X_0', 'add', 'X_3', 'sin', 'mul', 'pow', 'add', 'mul', 5.27, 'pow', 'X_2', 2, 'add', 'mul', 8.31, 'pow', 'X_2', 3, 'mul', -4.47, 'mul', 'X_2', 'pow', 'X_0', 2, -1, 'add', 'X_1', 'mul', -1, 'mul', 'X_0', 'exp', 'exp', 'X_2']
--------------------
eq_name 	 Livermore2_Vars4_8
num_vars 	 4
vars_range_and_types 	 [{"name": "LogUniform", "range": [0.1, 10], "only_positive": true}, {"name": "LogUniform", "range": [0.1, 10], "only_positive": true}, {"name": "LogUniform", "range": [0.1, 10], "only_positive": true}, {"name": "LogUniform", "range": [0.1, 10], "only_positive": true}]
function_set 	 ['add', 'sub', 'mul', 'div', 'sqrt', 'n2', 'log', 'exp', 'sin', 'cos', 'const']
eq_expression 	 add,mul,-1,X_0,mul,X_0,add,X_0,add,X_3,sin,mul,pow,add,mul,5.27,pow,X_2,2,add,mul,8.31,pow,X_2,3,mul,-4.47,mul,X_2,pow,X_0,2,-1,add,X_1,mul,-1,mul,X_0,exp,exp,X_2
expr 	 X_0*(X_0 + X_3 + sin((-X_0*exp(exp(X_2)) + X_1)/(-4.47*X_0**2*X_2 + 8.31*X_2**3 + 5.27*X_2**2))) - X_0
--------------------

== EXPERIMENT SETUP START ===========
Task type            : regression
Starting seed        : 0
Runs                 : 1
== EXPERIMENT SETUP END =============

== TRAINING SEED 0 START ============
self.dataX <dso.symbolic_data_generator.DataX object at 0x2af6a1afea20>, self.data_query_oracle: <dso.symbolic_equation_evaluator_public.Equation_evaluator object at 0x2af688369cf8>
generate dataset!
-- BUILDING PRIOR START -------------
WARNING: Skipping invalid 'RelationalConstraint' with arguments {'targets': [], 'effectors': [], 'relationship': None}. Reason: Prior disabled.
WARNING: Skipping invalid 'TrigConstraint' with arguments {}. Reason: There are no target Tokens.
WARNING: Skipping invalid 'UniformArityPrior' with arguments {}. Reason: Prior disabled.
WARNING: Skipping invalid 'LanguageModelPrior' with arguments {'weight': None}. Reason: Prior disabled.
LengthConstraint: Sequences have minimum length 4.
                  Sequences have maximum length 256.
RepeatConstraint: [const] cannot occur more than 10 times.
RelationalConstraint: [inv] cannot be a child of [inv].
ConstConstraint: [const] cannot be the only unique child of [inv, add, sub, mul, div].
NoInputsConstraint: Sequences contain at least one input variable Token.
SoftLengthPrior: No description available.
-- BUILDING PRIOR END ---------------

-- RUNNING EPOCHS START -------------
[00:00:00:04.63] Training epoch 1/14, current best R: 0.9413

	** New best
	Reward: 0.9412984151207048
	Count Off-policy: False
	Count On-policy: True
	Originally on Policy: True
	Invalid: False
	Traversal: mul,mul,x1,sub,mul,add,add,x1,x4,-0.6262611235980029,108.13885874467269,sub,x2,x4,0.009140343866901126
	Expression:
	  0.009140343866901126⋅x₁⋅(108.13885874467269⋅x₁ - x₂ + 109.13885874467269⋅x₄ - 
	  67.72316318204444)

[00:00:00:42.25] Training epoch 10/14, current best R: 0.9413
[00:00:01:02.86] Ending training after epoch 14/14, current best R: 0.9413
-- RUNNING EPOCHS END ---------------

-- EVALUATION START ----------------
Saving Hall of Fame to ./log/regression_config_regression_VPG.json_Livermore2_Vars4_8.in_normal_0.0_2023-05-30-042522/dso_regression_config_regression_VPG.json_Livermore2_Vars4_8.in_normal_0.0_0_hof.csv
Saving Pareto Front to ./log/regression_config_regression_VPG.json_Livermore2_Vars4_8.in_normal_0.0_2023-05-30-042522/dso_regression_config_regression_VPG.json_Livermore2_Vars4_8.in_normal_0.0_0_pf.csv
Invalid expressions: 267 of 14336 (1.9%).
Error type counts:
  reciprocal: 157 (58.8%)
  true_divide: 110 (41.2%)
Error node counts:
  divide: 267 (100.0%)
-- EVALUATION END ------------------
== TRAINING SEED 0 END ==============
INFO: Completed run 1 of 1 in 64 s

== POST-PROCESS START =================
-- LOADING LOGS START ----------------
Successfully loaded summary data
Successfully loaded Hall of Fame data
Successfully loaded Pareto Front data
-- LOADING LOGS END ------------------

-- ANALYZING LOG START --------------
Task_____________regression
Source path______./log/regression_config_regression_VPG.json_Livermore2_Vars4_8.in_normal_0.0_2023-05-30-042522
Runs_____________1
Max Samples/run__15000
Success_rate_____0.0
Hall of Fame (Top 5 of 100)____
    0: S=000 R=0.941298 <-- [0.009140343866901126*x1*(108.13885874467269*x1 - x2 + 109.13885874467269*x4 - 67.72316318204444)]
    1: S=000 R=0.938912 <-- [(0.9265900524181871*x1 + x4)*(x1 - 0.14259882142320865)]
    2: S=000 R=0.938132 <-- [2429.6381760379263*x1*(x1 + x4)/(2586.896945166122 + 1/(x2 - x3 + 1.9983553314483897)) - 0.66425274731226738]
    3: S=000 R=0.936631 <-- [0.9098119945238878*x1*(x1 + x4*(1.0695399170948878 + 0.0012295994069991345/x2))]
    4: S=000 R=0.936184 <-- [x1*(-2*x1 + x1*(2.902503480423882*x4 + 0.00012677188767480006)/x4 + x4)]
  Saving Hall of Fame plot to ./log/regression_config_regression_VPG.json_Livermore2_Vars4_8.in_normal_0.0_2023-05-30-042522/dso_regression_config_regression_VPG.json_Livermore2_Vars4_8.in_normal_0.0_plot_hof.png
Pareto Front (5 of 5)____
    0: S=000 R=0.941298 C=15.00 <-- [0.009140343866901126*x1*(108.13885874467269*x1 - x2 + 109.13885874467269*x4 - 67.72316318204444)]
    1: S=000 R=0.936631 C=14.00 <-- [0.9098119945238878*x1*(x1 + x4*(1.0695399170948878 + 0.0012295994069991345/x2))]
    2: S=000 R=0.914273 C=12.00 <-- [x1*(0.7697987536365184*x1 + x4) + x1]
    3: S=000 R=0.899319 C=8.00 <-- [x1*(x1 + x4)]
    4: S=000 R=0.766204 C=5.00 <-- [x1*(x4 + 5.975168427881459)]
  Saving Pareto Front plot to ./log/regression_config_regression_VPG.json_Livermore2_Vars4_8.in_normal_0.0_2023-05-30-042522/dso_regression_config_regression_VPG.json_Livermore2_Vars4_8.in_normal_0.0_plot_pf.png
-- ANALYZING LOG END ----------------
== POST-PROCESS END ===================
