['add', 'X_0', 'log', 'add', 'X_0', 'mul', 0.75, 'pow', 'add', 0.41, 'add', 'X_0', 'X_1', -1]
--------------------
eq_name 	 Livermore2_Vars2_21
num_vars 	 2
vars_range_and_types 	 [{"name": "LogUniform", "range": [0.1, 10], "only_positive": true}, {"name": "LogUniform", "range": [0.1, 10], "only_positive": true}]
function_set 	 ['add', 'sub', 'mul', 'div', 'log', 'const']
eq_expression 	 add,X_0,log,add,X_0,mul,0.75,pow,add,0.41,add,X_0,X_1,-1
expr 	 X_0 + log(X_0 + 0.75/(X_0 + X_1 + 0.41))
--------------------

== EXPERIMENT SETUP START ===========
Task type            : regression
Starting seed        : 0
Runs                 : 1
== EXPERIMENT SETUP END =============

== TRAINING SEED 0 START ============
self.dataX <dso.symbolic_data_generator.DataX object at 0x2b0e75b280b8>, self.data_query_oracle: <dso.symbolic_equation_evaluator_public.Equation_evaluator object at 0x2b0e5c393cf8>
generate dataset!
-- BUILDING PRIOR START -------------
WARNING: Skipping invalid 'RelationalConstraint' with arguments {'targets': [], 'effectors': [], 'relationship': None}. Reason: Prior disabled.
WARNING: Skipping invalid 'TrigConstraint' with arguments {}. Reason: There are no target Tokens.
WARNING: Skipping invalid 'UniformArityPrior' with arguments {}. Reason: Prior disabled.
WARNING: Skipping invalid 'LanguageModelPrior' with arguments {'weight': None}. Reason: Prior disabled.
LengthConstraint: Sequences have minimum length 4.
                  Sequences have maximum length 256.
RepeatConstraint: [const] cannot occur more than 10 times.
RelationalConstraint: [inv] cannot be a child of [inv].
ConstConstraint: [const] cannot be the only unique child of [inv, add, sub, mul, div].
NoInputsConstraint: Sequences contain at least one input variable Token.
SoftLengthPrior: No description available.
-- BUILDING PRIOR END ---------------

-- RUNNING EPOCHS START -------------
[00:00:00:09.93] Training epoch 1/14, current best R: 0.9558

	** New best
	Reward: 0.9557955614416371
	Count Off-policy: False
	Count On-policy: True
	Originally on Policy: True
	Invalid: False
	Traversal: mul,sub,sub,x2,2183.1417753041983,x1,sub,div,x1,mul,x1,add,add,mul,x2,div,-0.018673863189514,x1,37.354126110284994,x1,0.02667038125421293
	Expression:
	  ⎛                                             1                       ⎞       
	  ⎜-0.02667038125421293 + ──────────────────────────────────────────────⎟⋅(-x₁ +
	  ⎜                                                 0.018673863189514⋅x₂⎟       
	  ⎜                       x₁ + 37.354126110284994 - ────────────────────⎟       
	  ⎝                                                          x₁         ⎠       

                         
	   x₂ - 2183.1417753041983)
                         
                         
                         

[00:00:01:15.62] Training epoch 7/14, current best R: 0.9590

	** New best
	Reward: 0.9589727907674841
	Count Off-policy: False
	Count On-policy: True
	Originally on Policy: True
	Invalid: False
	Traversal: mul,div,mul,add,add,-1.299589413199376,x1,inv,add,mul,div,div,x2,x1,add,0.6224110411948437,x1,0.0626334342533381,0.6599901001819433,1.244432654760128,x1,x1
	Expression:
	                                                             1.244432654760128  
	  1.244432654760128⋅x₁ - 1.617251503565856 + ───────────────────────────────────
	                                                                     0.062633434
	                                             0.6599901001819433 + ──────────────
	                                                                  x₁⋅(x₁ + 0.622

              
	  ──────────────
	  2533381⋅x₂    
	  ──────────────
	  4110411948437)

[00:00:02:00.49] Training epoch 10/14, current best R: 0.9590
[00:00:03:28.93] Ending training after epoch 14/14, current best R: 0.9590
-- RUNNING EPOCHS END ---------------

-- EVALUATION START ----------------
Saving Hall of Fame to ./log/regression_config_regression_DSR.json_Livermore2_Vars2_21.in_normal_0.0_2023-05-30-032452/dso_regression_config_regression_DSR.json_Livermore2_Vars2_21.in_normal_0.0_0_hof.csv
Saving Pareto Front to ./log/regression_config_regression_DSR.json_Livermore2_Vars2_21.in_normal_0.0_2023-05-30-032452/dso_regression_config_regression_DSR.json_Livermore2_Vars2_21.in_normal_0.0_0_pf.csv
Invalid expressions: 319 of 14336 (2.2%).
Error type counts:
  true_divide: 148 (46.4%)
  reciprocal: 171 (53.6%)
Error node counts:
  divide: 318 (99.7%)
  invalid: 1 (0.3%)
-- EVALUATION END ------------------
== TRAINING SEED 0 END ==============
INFO: Completed run 1 of 1 in 210 s

== POST-PROCESS START =================
-- LOADING LOGS START ----------------
Successfully loaded summary data
Successfully loaded Hall of Fame data
Successfully loaded Pareto Front data
-- LOADING LOGS END ------------------

-- ANALYZING LOG START --------------
Task_____________regression
Source path______./log/regression_config_regression_DSR.json_Livermore2_Vars2_21.in_normal_0.0_2023-05-30-032452
Runs_____________1
Max Samples/run__15000
Success_rate_____0.0
Hall of Fame (Top 5 of 100)____
    0: S=000 R=0.958973 <-- [1.244432654760128*x1 - 1.617251503565856 + 1.244432654760128/(0.6599901001819433 + 0.0626334342533381*x2/(x1*(x1 + 0.6224110411948437)))]
    1: S=000 R=0.955796 <-- [(-0.02667038125421293 + 1/(x1 + 37.354126110284994 - 0.018673863189514*x2/x1))*(-x1 + x2 - 2183.1417753041983)]
    2: S=000 R=0.952085 <-- [1.2560080355525469*x1 + 0.2371440179907572 + 1.2560080355525469/(-(x1 - 0.040155767868596294)*(10.62993264611852/x2 + 0.04227208332400464/x1) - 0.5680940360107632)]
    3: S=000 R=0.950151 <-- [x1 + 3.0293918847069447 - 21.74408535238535/(2*x1 - 0.20886080902460747*x2 + 6.3233075496186701)]
    4: S=000 R=0.947465 <-- [1.2630300989993333*x1 + 0.16649128659756485 + 1.2630300989993333/(x1*(0.0024641654216553456*x2 - 3.8079570193279406 - 0.013119628983701236*(2*x1 + 652.9358724403786)/x2))]
  Saving Hall of Fame plot to ./log/regression_config_regression_DSR.json_Livermore2_Vars2_21.in_normal_0.0_2023-05-30-032452/dso_regression_config_regression_DSR.json_Livermore2_Vars2_21.in_normal_0.0_plot_hof.png
Pareto Front (5 of 11)____
    0: S=000 R=0.958973 C=26.00 <-- [1.244432654760128*x1 - 1.617251503565856 + 1.244432654760128/(0.6599901001819433 + 0.0626334342533381*x2/(x1*(x1 + 0.6224110411948437)))]
    1: S=000 R=0.955796 C=23.00 <-- [(-0.02667038125421293 + 1/(x1 + 37.354126110284994 - 0.018673863189514*x2/x1))*(-x1 + x2 - 2183.1417753041983)]
    2: S=000 R=0.943997 C=22.00 <-- [1.2961621097910956*x1 - 1.2961621097910956/(x1 + 15.430460292804021*x1/x2 + 0.40072005708289622)]
    3: S=000 R=0.937558 C=21.00 <-- [x1*(1.2678063807856402 + (0.1381039196836541 + 0.031382820217385756*(-x2 - 1.352548275634588)/x1)/x1)]
    4: S=000 R=0.935115 C=20.00 <-- [1.2928385414937245*x1 - 1.2928385414937245*(0.024240058293891607*x2 + 0.013483885489276088)/x1]
  Saving Pareto Front plot to ./log/regression_config_regression_DSR.json_Livermore2_Vars2_21.in_normal_0.0_2023-05-30-032452/dso_regression_config_regression_DSR.json_Livermore2_Vars2_21.in_normal_0.0_plot_pf.png
-- ANALYZING LOG END ----------------
== POST-PROCESS END ===================
