['add', 3.18, 'add', 'X_1', 'add', 'X_2', 'mul', -1.35, 'mul', 'X_0', 'pow', 'X_1', 2]
--------------------
eq_name 	 Livermore2_Vars3_24
num_vars 	 3
vars_range_and_types 	 [{"name": "LogUniform", "range": [0.1, 10], "only_positive": true}, {"name": "LogUniform", "range": [0.1, 10], "only_positive": true}, {"name": "LogUniform", "range": [0.1, 10], "only_positive": true}]
function_set 	 ['add', 'sub', 'mul', 'div', 'n2', 'const']
eq_expression 	 add,3.18,add,X_1,add,X_2,mul,-1.35,mul,X_0,pow,X_1,2
expr 	 -1.35*X_0*X_1**2 + X_1 + X_2 + 3.18
--------------------

== EXPERIMENT SETUP START ===========
Task type            : regression
Starting seed        : 0
Runs                 : 1
== EXPERIMENT SETUP END =============

== TRAINING SEED 0 START ============
self.dataX <dso.symbolic_data_generator.DataX object at 0x2b63d94df080>, self.data_query_oracle: <dso.symbolic_equation_evaluator_public.Equation_evaluator object at 0x2b63f8580d68>
generate dataset!
-- BUILDING PRIOR START -------------
WARNING: Skipping invalid 'RelationalConstraint' with arguments {'targets': [], 'effectors': [], 'relationship': None}. Reason: Prior disabled.
WARNING: Skipping invalid 'TrigConstraint' with arguments {}. Reason: There are no target Tokens.
WARNING: Skipping invalid 'UniformArityPrior' with arguments {}. Reason: Prior disabled.
WARNING: Skipping invalid 'LanguageModelPrior' with arguments {'weight': None}. Reason: Prior disabled.
LengthConstraint: Sequences have minimum length 4.
                  Sequences have maximum length 256.
RepeatConstraint: [const] cannot occur more than 10 times.
RelationalConstraint: [inv] cannot be a child of [inv].
ConstConstraint: [const] cannot be the only unique child of [inv, add, sub, mul, div].
NoInputsConstraint: Sequences contain at least one input variable Token.
SoftLengthPrior: No description available.
-- BUILDING PRIOR END ---------------

-- RUNNING EPOCHS START -------------
[00:00:00:06.15] Training epoch 1/14, current best R: 0.9384

	** New best
	Reward: 0.9383633652832667
	Count Off-policy: False
	Count On-policy: True
	Originally on Policy: True
	Invalid: False
	Traversal: div,1.348764272544568,inv,div,x2,inv,mul,x2,sub,0.17767243983579517,x1
	Expression:
	                      2                           
	  1.348764272544568⋅x₂ ⋅(0.17767243983579517 - x₁)

[00:00:00:12.42] Training epoch 2/14, current best R: 0.9536

	** New best
	Reward: 0.9536213460291579
	Count Off-policy: False
	Count On-policy: True
	Originally on Policy: True
	Invalid: False
	Traversal: sub,x2,mul,x1,add,div,x1,12.486715290770327,div,mul,sub,x2,-0.9998285715686173,sub,x2,div,x3,x3,0.7435566317956098
	Expression:
	  -x₁⋅(0.080085112594755756⋅x₁ + 1.344887473581006⋅(x₂ - 1)⋅(x₂ + 0.999828571568
	  6173)) + x₂

[00:00:00:18.52] Training epoch 3/14, current best R: 0.9652

	** New best
	Reward: 0.9652074495609145
	Count Off-policy: False
	Count On-policy: True
	Originally on Policy: True
	Invalid: False
	Traversal: add,add,sub,x1,mul,x2,mul,sub,-0.04531686570320789,mul,-1.3709871840666175,x1,x2,x2,3.1525171297745747
	Expression:
	         2                                                                      
	  x₁ - x₂ ⋅(1.3709871840666175⋅x₁ - 0.04531686570320789) + x₂ + 3.15251712977457

  
	  47

[00:00:01:08.68] Training epoch 10/14, current best R: 0.9652
[00:00:01:29.31] Training epoch 12/14, current best R: 0.9754

	** New best
	Reward: 0.9754222956028207
	Count Off-policy: False
	Count On-policy: True
	Originally on Policy: True
	Invalid: False
	Traversal: sub,1.891927108898283,sub,sub,div,0.7183371879799785,inv,mul,x2,mul,add,mul,1.908038323934846,x1,-0.22267955089905017,x2,x1,x3
	Expression:
	                            2                                                   
	  x₁ - 0.7183371879799785⋅x₂ ⋅(1.908038323934846⋅x₁ - 0.22267955089905017) + x₃ 

                   
	  + 1.891927108898283

[00:00:01:50.41] Ending training after epoch 14/14, current best R: 0.9754
-- RUNNING EPOCHS END ---------------

-- EVALUATION START ----------------
Saving Hall of Fame to ./log/regression_config_regression_VPG.json_Livermore2_Vars3_24.in_normal_0.0_2023-05-30-035416/dso_regression_config_regression_VPG.json_Livermore2_Vars3_24.in_normal_0.0_0_hof.csv
Saving Pareto Front to ./log/regression_config_regression_VPG.json_Livermore2_Vars3_24.in_normal_0.0_2023-05-30-035416/dso_regression_config_regression_VPG.json_Livermore2_Vars3_24.in_normal_0.0_0_pf.csv
Invalid expressions: 313 of 14336 (2.2%).
Error type counts:
  true_divide: 144 (46.0%)
  reciprocal: 169 (54.0%)
Error node counts:
  divide: 311 (99.4%)
  invalid: 2 (0.6%)
-- EVALUATION END ------------------
== TRAINING SEED 0 END ==============
INFO: Completed run 1 of 1 in 112 s

== POST-PROCESS START =================
-- LOADING LOGS START ----------------
Successfully loaded summary data
Successfully loaded Hall of Fame data
Successfully loaded Pareto Front data
-- LOADING LOGS END ------------------

-- ANALYZING LOG START --------------
Task_____________regression
Source path______./log/regression_config_regression_VPG.json_Livermore2_Vars3_24.in_normal_0.0_2023-05-30-035416
Runs_____________1
Max Samples/run__15000
Success_rate_____0.0
Hall of Fame (Top 5 of 100)____
    0: S=000 R=0.975422 <-- [x1 - 0.7183371879799785*x2**2*(1.908038323934846*x1 - 0.22267955089905017) + x3 + 1.891927108898283]
    1: S=000 R=0.973770 <-- [-0.8216034930570937*x2*(0.821603802300134*x2*(2*x1 + 0.001009349995167641) - 1.2312263298200952) + 5.324468602242179]
    2: S=000 R=0.967110 <-- [-1.3261909601430904*x1*x2**2 - 0.24766720109038948*x1 + 2*x3 + 3.1586793505869764]
    3: S=000 R=0.967007 <-- [-1.328375216638405*x1*x2*(x2 - 0.03088693485820008 + 0.017672372018579214/x3) + 7.032387588851176]
    4: S=000 R=0.965207 <-- [x1 - x2**2*(1.3709871840666175*x1 - 0.04531686570320789) + x2 + 3.1525171297745747]
  Saving Hall of Fame plot to ./log/regression_config_regression_VPG.json_Livermore2_Vars3_24.in_normal_0.0_2023-05-30-035416/dso_regression_config_regression_VPG.json_Livermore2_Vars3_24.in_normal_0.0_plot_hof.png
Pareto Front (5 of 7)____
    0: S=000 R=0.975422 C=20.00 <-- [x1 - 0.7183371879799785*x2**2*(1.908038323934846*x1 - 0.22267955089905017) + x3 + 1.891927108898283]
    1: S=000 R=0.973770 C=17.00 <-- [-0.8216034930570937*x2*(0.821603802300134*x2*(2*x1 + 0.001009349995167641) - 1.2312263298200952) + 5.324468602242179]
    2: S=000 R=0.965207 C=15.00 <-- [x1 - x2**2*(1.3709871840666175*x1 - 0.04531686570320789) + x2 + 3.1525171297745747]
    3: S=000 R=0.931629 C=11.00 <-- [-1.409596104182618*x1*x2*(x2 - 0.57186631653667109)]
    4: S=000 R=0.770998 C=9.00 <-- [-10.190556967551249*x1*(x2 - 0.8841181578936402)]
  Saving Pareto Front plot to ./log/regression_config_regression_VPG.json_Livermore2_Vars3_24.in_normal_0.0_2023-05-30-035416/dso_regression_config_regression_VPG.json_Livermore2_Vars3_24.in_normal_0.0_plot_pf.png
-- ANALYZING LOG END ----------------
== POST-PROCESS END ===================
