['add', 'mul', 2, 'X_0', 'add', 'mul', 'X_1', 'add', 'X_0', 'sin', 'mul', 'X_1', 'X_2', 'sin', 'mul', 2, 'pow', 'X_3', -1]
--------------------
eq_name 	 Livermore2_Vars4_11
num_vars 	 4
vars_range_and_types 	 [{"name": "LogUniform", "range": [0.1, 10], "only_positive": true}, {"name": "LogUniform", "range": [0.1, 10], "only_positive": true}, {"name": "LogUniform", "range": [0.1, 10], "only_positive": true}, {"name": "LogUniform", "range": [0.1, 10], "only_positive": true}]
function_set 	 ['add', 'sub', 'mul', 'div', 'sin', 'cos', 'const']
eq_expression 	 add,mul,2,X_0,add,mul,X_1,add,X_0,sin,mul,X_1,X_2,sin,mul,2,pow,X_3,-1
expr 	 2*X_0 + X_1*(X_0 + sin(X_1*X_2)) + sin(2/X_3)
--------------------

== EXPERIMENT SETUP START ===========
Task type            : regression
Starting seed        : 0
Runs                 : 1
== EXPERIMENT SETUP END =============

== TRAINING SEED 0 START ============
self.dataX <dso.symbolic_data_generator.DataX object at 0x2b17edd8b0b8>, self.data_query_oracle: <dso.symbolic_equation_evaluator_public.Equation_evaluator object at 0x2b180ce2dd68>
generate dataset!
-- BUILDING PRIOR START -------------
WARNING: Skipping invalid 'RelationalConstraint' with arguments {'targets': [], 'effectors': [], 'relationship': None}. Reason: Prior disabled.
WARNING: Skipping invalid 'TrigConstraint' with arguments {}. Reason: There are no target Tokens.
WARNING: Skipping invalid 'UniformArityPrior' with arguments {}. Reason: Prior disabled.
WARNING: Skipping invalid 'LanguageModelPrior' with arguments {'weight': None}. Reason: Prior disabled.
LengthConstraint: Sequences have minimum length 4.
                  Sequences have maximum length 256.
RepeatConstraint: [const] cannot occur more than 10 times.
RelationalConstraint: [inv] cannot be a child of [inv].
ConstConstraint: [const] cannot be the only unique child of [inv, add, sub, mul, div].
NoInputsConstraint: Sequences contain at least one input variable Token.
SoftLengthPrior: No description available.
-- BUILDING PRIOR END ---------------

-- RUNNING EPOCHS START -------------
[00:00:00:05.06] Training epoch 1/14, current best R: 0.7278

	** New best
	Reward: 0.7278192024997444
	Count Off-policy: False
	Count On-policy: True
	Originally on Policy: True
	Invalid: False
	Traversal: sub,div,div,x1,add,inv,mul,mul,0.0001713231663176271,sub,x4,sub,-126.45527293018809,add,x1,x3,x2,x1,0.007590705904144616,x2
	Expression:
	                                                131.7400532477471⋅x₁            
	  ──────────────────────────────────────────────────────────────────────────────
	                                                           1                    
	  x₁ + ─────────────────────────────────────────────────────────────────────────
	       x₂⋅(0.0001713231663176271⋅x₁ + 0.0001713231663176271⋅x₃ + 0.0001713231663

                                      
	  ───────────────────────────────── - x₂
                                      
	  ─────────────────────────────────     
	  176271⋅x₄ + 0.021664717755959542)     

[00:00:00:09.35] Training epoch 2/14, current best R: 0.8442

	** New best
	Reward: 0.8442467264054322
	Count Off-policy: False
	Count On-policy: True
	Originally on Policy: True
	Invalid: False
	Traversal: mul,div,add,mul,div,x3,x3,2.0155735901516607,x2,0.9668654602589839,x1
	Expression:
	  x₁⋅(1.034270062488467⋅x₂ + 2.0846474230362625)

[00:00:00:29.12] Training epoch 7/14, current best R: 0.8456

	** New best
	Reward: 0.8456247278127811
	Count Off-policy: False
	Count On-policy: True
	Originally on Policy: True
	Invalid: False
	Traversal: mul,x1,mul,sub,add,mul,mul,inv,x4,mul,add,mul,3.067359234877643,div,div,3.0673592348776446,sub,-0.10496951101659328,x3,x1,x3,0.07069180900248165,0.07069180900254252,-2.0056309069813323,x2,-1.0352402706679693
	Expression:
	     ⎛                                                                  ⎛       
	     ⎜                                             0.073183007485800507⋅⎜0.07069
	     ⎜                                                                  ⎝       
	  x₁⋅⎜1.0352402706679693⋅x₂ + 2.0763098830033992 - ─────────────────────────────
	     ⎝                                                                          

	                         0.66511750559993561      ⎞⎞
	  180900248165⋅x₃ + ──────────────────────────────⎟⎟
	                    x₁⋅(-x₃ - 0.10496951101659328)⎠⎟
	  ─────────────────────────────────────────────────⎟
	           x₄                                      ⎠

[00:00:00:41.87] Training epoch 10/14, current best R: 0.8464

	** New best
	Reward: 0.8464449369373003
	Count Off-policy: False
	Count On-policy: True
	Originally on Policy: True
	Invalid: False
	Traversal: mul,add,x2,2.1458690661710875,add,mul,inv,div,x1,sub,-1169.9251379945042,mul,x3,x4,-2.716922497094465e-05,x1
	Expression:
	  ⎛     2.716922497094465e-5⋅(-x₃⋅x₄ - 1169.9251379945042)⎞                     
	  ⎜x₁ - ──────────────────────────────────────────────────⎟⋅(x₂ + 2.145869066171
	  ⎝                             x₁                        ⎠                     

     
	  0875)
     

[00:00:00:41.88] Training epoch 10/14, current best R: 0.8464
[00:00:00:47.47] Training epoch 11/14, current best R: 0.8481

	** New best
	Reward: 0.8480865997603518
	Count Off-policy: False
	Count On-policy: True
	Originally on Policy: True
	Invalid: False
	Traversal: mul,0.0012420619764271334,sub,578.6228559009228,mul,sub,x2,add,add,add,sub,div,x2,0.0012013108100828952,-777.5184433957907,x2,779.5184561119348,x1,x1
	Expression:
	  -0.0012420619764271334⋅x₁⋅(-x₁ - 832.42404181062521⋅x₂ - 1557.036899507725) + 
	  0.71868544800621258

[00:00:00:56.60] Training epoch 13/14, current best R: 0.8481

	** New best
	Reward: 0.8481402166048486
	Count Off-policy: False
	Count On-policy: True
	Originally on Policy: True
	Invalid: False
	Traversal: sub,add,mul,add,1.9253507561012821,mul,mul,mul,x2,1.0113094655379768,1.0113094655379766,1.0113094655379766,x1,1.399751366017725,0.6002488009126428
	Expression:
	  x₁⋅(1.0343135551721958⋅x₂ + 1.9253507561012821) + 0.7995025651050822

[00:00:01:00.66] Training epoch 14/14, current best R: 0.8481

	** New best
	Reward: 0.8481402166312948
	Count Off-policy: False
	Count On-policy: True
	Originally on Policy: True
	Invalid: False
	Traversal: sub,x3,add,x3,mul,sub,mul,sub,add,inv,mul,div,x1,x1,0.8232711011372362,x2,-0.6468503428762266,x1,-0.7728574040469253,-1.0343098319303528
	Expression:
	  1.0343098319303528⋅x₁⋅(x₂ + 1.861517053050599) + 0.79937401168590407

[00:00:01:00.66] Ending training after epoch 14/14, current best R: 0.8481
-- RUNNING EPOCHS END ---------------

-- EVALUATION START ----------------
Saving Hall of Fame to ./log/regression_config_regression_VPG.json_Livermore2_Vars4_11.in_normal_0.0_2023-05-30-042642/dso_regression_config_regression_VPG.json_Livermore2_Vars4_11.in_normal_0.0_0_hof.csv
Saving Pareto Front to ./log/regression_config_regression_VPG.json_Livermore2_Vars4_11.in_normal_0.0_2023-05-30-042642/dso_regression_config_regression_VPG.json_Livermore2_Vars4_11.in_normal_0.0_0_pf.csv
Invalid expressions: 246 of 14336 (1.7%).
Error type counts:
  reciprocal: 140 (56.9%)
  true_divide: 106 (43.1%)
Error node counts:
  divide: 246 (100.0%)
-- EVALUATION END ------------------
== TRAINING SEED 0 END ==============
INFO: Completed run 1 of 1 in 62 s

== POST-PROCESS START =================
-- LOADING LOGS START ----------------
Successfully loaded summary data
Successfully loaded Hall of Fame data
Successfully loaded Pareto Front data
-- LOADING LOGS END ------------------

-- ANALYZING LOG START --------------
Task_____________regression
Source path______./log/regression_config_regression_VPG.json_Livermore2_Vars4_11.in_normal_0.0_2023-05-30-042642
Runs_____________1
Max Samples/run__15000
Success_rate_____0.0
Hall of Fame (Top 5 of 100)____
    0: S=000 R=0.848140 <-- [1.0343098319303528*x1*(x2 + 1.861517053050599) + 0.79937401168590407]
    1: S=000 R=0.848140 <-- [x1*(1.0343135551721958*x2 + 1.9253507561012821) + 0.7995025651050822]
    2: S=000 R=0.848087 <-- [-0.0012420619764271334*x1*(-x1 - 832.42404181062521*x2 - 1557.036899507725) + 0.71868544800621258]
    3: S=000 R=0.846445 <-- [(x1 - 2.716922497094465e-5*(-x3*x4 - 1169.9251379945042)/x1)*(x2 + 2.1458690661710875)]
    4: S=000 R=0.845625 <-- [x1*(1.0352402706679693*x2 + 2.0763098830033992 - 0.073183007485800507*(0.07069180900248165*x3 + 0.66511750559993561/(x1*(-x3 - 0.10496951101659328)))/x4)]
  Saving Hall of Fame plot to ./log/regression_config_regression_VPG.json_Livermore2_Vars4_11.in_normal_0.0_2023-05-30-042642/dso_regression_config_regression_VPG.json_Livermore2_Vars4_11.in_normal_0.0_plot_hof.png
Pareto Front (5 of 5)____
    0: S=000 R=0.848140 C=22.00 <-- [1.0343098319303528*x1*(x2 + 1.861517053050599) + 0.79937401168590407]
    1: S=000 R=0.848140 C=15.00 <-- [x1*(1.0343135551721958*x2 + 1.9253507561012821) + 0.7995025651050822]
    2: S=000 R=0.844247 C=13.00 <-- [x1*(1.034270062488467*x2 + 2.0846474230362625)]
    3: S=000 R=0.843419 C=7.00 <-- [x1*(x2 + 1.1585841340624865) + x1]
    4: S=000 R=0.644002 C=5.00 <-- [3.8870688909301427*x1 + x2]
  Saving Pareto Front plot to ./log/regression_config_regression_VPG.json_Livermore2_Vars4_11.in_normal_0.0_2023-05-30-042642/dso_regression_config_regression_VPG.json_Livermore2_Vars4_11.in_normal_0.0_plot_pf.png
-- ANALYZING LOG END ----------------
== POST-PROCESS END ===================
