['mul', 'X_2', 'add', 'X_2', 'add', 'mul', -1, 'X_1', 'mul', 'add', 'X_2', 'add', 'mul', -1, 'pow', 'X_0', 2, 'add', 'mul', -1, 'exp', 'mul', 2, 'exp', 'mul', -1, 'sin', 'add', 'X_0', 'mul', -1, 'X_2', 'mul', 4.45, 'pow', 'X_1', 2, 'exp', 'X_0']
--------------------
eq_name 	 Livermore2_Vars3_1
num_vars 	 3
vars_range_and_types 	 [{"name": "LogUniform", "range": [0.1, 10], "only_positive": true}, {"name": "LogUniform", "range": [0.1, 10], "only_positive": true}, {"name": "LogUniform", "range": [0.1, 10], "only_positive": true}]
function_set 	 ['add', 'sub', 'mul', 'div', 'n2', 'log', 'exp', 'sin', 'cos', 'const']
eq_expression 	 mul,X_2,add,X_2,add,mul,-1,X_1,mul,add,X_2,add,mul,-1,pow,X_0,2,add,mul,-1,exp,mul,2,exp,mul,-1,sin,add,X_0,mul,-1,X_2,mul,4.45,pow,X_1,2,exp,X_0
expr 	 X_2*(-X_1 + X_2 + (-X_0**2 + 4.45*X_1**2 + X_2 - exp(2*exp(-sin(X_0 - X_2))))*exp(X_0))
--------------------

== EXPERIMENT SETUP START ===========
Task type            : regression
Starting seed        : 0
Runs                 : 1
== EXPERIMENT SETUP END =============

== TRAINING SEED 0 START ============
self.dataX <dso.symbolic_data_generator.DataX object at 0x2aec8414bd68>, self.data_query_oracle: <dso.symbolic_equation_evaluator_public.Equation_evaluator object at 0x2aec6a980d68>
generate dataset!
-- BUILDING PRIOR START -------------
WARNING: Skipping invalid 'RelationalConstraint' with arguments {'targets': [], 'effectors': [], 'relationship': None}. Reason: Prior disabled.
WARNING: Skipping invalid 'TrigConstraint' with arguments {}. Reason: There are no target Tokens.
WARNING: Skipping invalid 'UniformArityPrior' with arguments {}. Reason: Prior disabled.
WARNING: Skipping invalid 'LanguageModelPrior' with arguments {'weight': None}. Reason: Prior disabled.
LengthConstraint: Sequences have minimum length 4.
                  Sequences have maximum length 256.
RepeatConstraint: [const] cannot occur more than 10 times.
RelationalConstraint: [inv] cannot be a child of [inv].
ConstConstraint: [const] cannot be the only unique child of [inv, add, sub, mul, div].
NoInputsConstraint: Sequences contain at least one input variable Token.
SoftLengthPrior: No description available.
-- BUILDING PRIOR END ---------------

-- RUNNING EPOCHS START -------------
[00:00:00:02.46] Training epoch 1/14, current best R: 0.5316

	** New best
	Reward: 0.5316175652325026
	Count Off-policy: False
	Count On-policy: True
	Originally on Policy: True
	Invalid: False
	Traversal: div,div,mul,mul,add,x3,x2,mul,mul,3.6115077012976666,add,mul,add,-4.193546593727385,x2,x3,-4.0624478229404,x3,x1,0.0026406245990076046,x3
	Expression:
	  378.69828235933969⋅x₁⋅(x₂ + x₃)⋅(3.6115077012976666⋅x₃⋅(x₂ - 4.193546593727385
	  ) - 14.671561598669194)

[00:00:00:03.85] Training epoch 2/14, current best R: 0.5397

	** New best
	Reward: 0.5396715649230789
	Count Off-policy: False
	Count On-policy: True
	Originally on Policy: True
	Invalid: False
	Traversal: div,div,x2,div,div,div,inv,add,sub,x1,x3,6.763446608039507,x3,-1316.8250437545992,mul,sub,x1,x2,x3,x2
	Expression:
	                        2                                        
	  -1316.8250437545992⋅x₃ ⋅(x₁ - x₂)⋅(x₁ - x₃ + 6.763446608039507)

[00:00:00:05.10] Training epoch 3/14, current best R: 0.5414

	** New best
	Reward: 0.5413777775285431
	Count Off-policy: False
	Count On-policy: True
	Originally on Policy: True
	Invalid: False
	Traversal: div,x2,inv,mul,x1,div,mul,421.2765290346793,x3,div,inv,add,add,x2,-12.053807507611388,x2,x1
	Expression:
	                      2                                  
	  421.2765290346793⋅x₁ ⋅x₂⋅x₃⋅(2⋅x₂ - 12.053807507611388)

[00:00:00:13.28] Training epoch 9/14, current best R: 0.5692

	** New best
	Reward: 0.5692289657377144
	Count Off-policy: False
	Count On-policy: True
	Originally on Policy: True
	Invalid: False
	Traversal: div,x2,div,div,mul,0.059863351454725953,div,0.05986335149388784,mul,x1,div,div,sub,mul,0.5858125722426117,x2,2.3361259518394406,x2,0.0598633514973795,x3,x1
	Expression:
	                       2                                                
	  4661.4058601742497⋅x₁ ⋅x₃⋅(0.5858125722426117⋅x₂ - 2.3361259518394406)

[00:00:00:14.76] Training epoch 10/14, current best R: 0.5692
[00:00:00:20.27] Ending training after epoch 14/14, current best R: 0.5692
-- RUNNING EPOCHS END ---------------

-- EVALUATION START ----------------
Saving Hall of Fame to ./log/regression_config_regression_PQT.json_Livermore2_Vars3_1.in_normal_0.0_2023-05-30-032504/dso_regression_config_regression_PQT.json_Livermore2_Vars3_1.in_normal_0.0_0_hof.csv
Saving Pareto Front to ./log/regression_config_regression_PQT.json_Livermore2_Vars3_1.in_normal_0.0_2023-05-30-032504/dso_regression_config_regression_PQT.json_Livermore2_Vars3_1.in_normal_0.0_0_pf.csv
Invalid expressions: 330 of 14336 (2.3%).
Error type counts:
  true_divide: 143 (43.3%)
  reciprocal: 187 (56.7%)
Error node counts:
  divide: 329 (99.7%)
  invalid: 1 (0.3%)

Priority queue entry 0:
	Reward: 0.5692289657377144
	Count Off-policy: False
	Count On-policy: True
	Originally on Policy: True
	Invalid: False
	Traversal: div,x2,div,div,mul,0.059863351454725953,div,0.05986335149388784,mul,x1,div,div,sub,mul,0.5858125722426117,x2,2.3361259518394406,x2,0.0598633514973795,x3,x1
	Expression:
	                       2                                                
	  4661.4058601742497⋅x₁ ⋅x₃⋅(0.5858125722426117⋅x₂ - 2.3361259518394406)


Priority queue entry 1:
	Reward: 0.5671984743532228
	Count Off-policy: False
	Count On-policy: True
	Originally on Policy: True
	Invalid: False
	Traversal: add,x2,sub,mul,add,x1,x1,div,mul,mul,x1,add,mul,mul,x3,x2,x1,-216.9924140707543,x3,0.042916795362325864,1.0576911720672715
	Expression:
	                       2                                                        
	  46.601802001173709⋅x₁ ⋅x₃⋅(x₁⋅x₂⋅x₃ - 216.9924140707543) + x₂ - 1.057691172067

    
	  2715


Priority queue entry 2:
	Reward: 0.5482303311927503
	Count Off-policy: False
	Count On-policy: True
	Originally on Policy: True
	Invalid: False
	Traversal: add,x1,mul,div,x3,div,mul,x2,inv,mul,-701.4607203928606,x1,x1,add,-5.570026026560382,x1
	Expression:
	                        2                                 
	    701.4607203928606⋅x₁ ⋅x₃⋅(x₁ - 5.570026026560382)     
	  - ───────────────────────────────────────────────── + x₁
	                            x₂                            


Priority queue entry 3:
	Reward: 0.5433997969063986
	Count Off-policy: False
	Count On-policy: True
	Originally on Policy: True
	Invalid: False
	Traversal: mul,mul,x1,x1,mul,add,inv,x2,x1,sub,x1,mul,-672.2242340532327,sub,x2,x3
	Expression:
	    2 ⎛     1 ⎞                                                   
	  x₁ ⋅⎜x₁ + ──⎟⋅(x₁ + 672.2242340532327⋅x₂ - 672.2242340532327⋅x₃)
	      ⎝     x₂⎠                                                   


Priority queue entry 4:
	Reward: 0.5413777775285431
	Count Off-policy: False
	Count On-policy: True
	Originally on Policy: True
	Invalid: False
	Traversal: div,x2,inv,mul,x1,div,mul,421.2765290346793,x3,div,inv,add,add,x2,-12.053807507611388,x2,x1
	Expression:
	                      2                                  
	  421.2765290346793⋅x₁ ⋅x₂⋅x₃⋅(2⋅x₂ - 12.053807507611388)


Priority queue entry 5:
	Reward: 0.5396715649230789
	Count Off-policy: False
	Count On-policy: True
	Originally on Policy: True
	Invalid: False
	Traversal: div,div,x2,div,div,div,inv,add,sub,x1,x3,6.763446608039507,x3,-1316.8250437545992,mul,sub,x1,x2,x3,x2
	Expression:
	                        2                                        
	  -1316.8250437545992⋅x₃ ⋅(x₁ - x₂)⋅(x₁ - x₃ + 6.763446608039507)


Priority queue entry 6:
	Reward: 0.5383612708627344
	Count Off-policy: False
	Count On-policy: True
	Originally on Policy: True
	Invalid: False
	Traversal: mul,mul,add,x1,div,mul,div,x1,div,inv,x3,div,sub,inv,x1,add,x1,-5.459430004443286,0.0006050395151787605,1.4074498917728464,x3,x3,x1
	Expression:
	        ⎛                      ⎛                                            1652
	  x₁⋅x₃⋅⎜1.4074498917728464⋅x₁⋅⎜-1652.784611439052⋅x₁ + 9023.261898572498 + ────
	        ⎝                      ⎝                                                

	  .784611439052⎞     ⎞
	  ─────────────⎟ + x₁⎟
	      x₁       ⎠     ⎠


Priority queue entry 7:
	Reward: 0.5381022396997664
	Count Off-policy: False
	Count On-policy: True
	Originally on Policy: True
	Invalid: False
	Traversal: mul,div,add,mul,0.19746568474129764,mul,mul,x3,sub,mul,mul,mul,mul,mul,x3,x1,x1,-0.23893017231438826,x1,x1,x3,x1,x2,x2,x1
	Expression:
	     ⎛                          ⎛                        4        ⎞     ⎞
	  x₁⋅⎝0.19746568474129764⋅x₁⋅x₃⋅⎝- 0.23893017231438826⋅x₁ ⋅x₃ - x₃⎠ + x₂⎠
	  ───────────────────────────────────────────────────────────────────────
	                                     x₂                                  


Priority queue entry 8:
	Reward: 0.537879587209453
	Count Off-policy: False
	Count On-policy: True
	Originally on Policy: True
	Invalid: False
	Traversal: mul,sub,mul,mul,3.9035298229534723,div,add,-27.17588632504303,mul,x2,add,sub,add,x2,x3,x3,inv,x3,0.0022586251643987674,x1,x3,x3
	Expression:
	     ⎛   ⎛                      ⎛     1 ⎞                     ⎞     ⎞
	  x₃⋅⎜x₁⋅⎜1728.2769555932796⋅x₂⋅⎜x₂ + ──⎟ - 46967.458083394406⎟ - x₃⎟
	     ⎝   ⎝                      ⎝     x₃⎠                     ⎠     ⎠


Priority queue entry 9:
	Reward: 0.5358988352980782
	Count Off-policy: False
	Count On-policy: True
	Originally on Policy: True
	Invalid: False
	Traversal: add,0.9986788030484843,div,mul,div,mul,x1,x2,inv,sub,1.1304681989621748,div,add,1.150946751710668,x3,x2,x1,0.00018420694049925412
	Expression:
	                       2    ⎛                     x₃ + 1.150946751710668⎞       
	  5428.6771024463605⋅x₁ ⋅x₂⋅⎜1.1304681989621748 - ──────────────────────⎟ + 0.99
	                            ⎝                               x₂          ⎠       

              
	  86788030484843
              

-- EVALUATION END ------------------
== TRAINING SEED 0 END ==============
INFO: Completed run 1 of 1 in 22 s

== POST-PROCESS START =================
-- LOADING LOGS START ----------------
Successfully loaded summary data
Successfully loaded Hall of Fame data
Successfully loaded Pareto Front data
-- LOADING LOGS END ------------------

-- ANALYZING LOG START --------------
Task_____________regression
Source path______./log/regression_config_regression_PQT.json_Livermore2_Vars3_1.in_normal_0.0_2023-05-30-032504
Runs_____________1
Max Samples/run__15000
Success_rate_____0.0
Hall of Fame (Top 5 of 100)____
    0: S=000 R=0.569229 <-- [4661.4058601742497*x1**2*x3*(0.5858125722426117*x2 - 2.3361259518394406)]
    1: S=000 R=0.567198 <-- [46.601802001173709*x1**2*x3*(x1*x2*x3 - 216.9924140707543) + x2 - 1.0576911720672715]
    2: S=000 R=0.562913 <-- [x1*(x1 - x2)*(x3**2*(-1180.4036067703644*x1 - 130.21940502688005) - 9.786351041201709)/x3]
    3: S=000 R=0.548271 <-- [683.79600229488362*x1**2*(x1 - 5.5690528823641205)*(-x3 - 0.12643054459153696)/x2]
    4: S=000 R=0.548230 <-- [-701.4607203928606*x1**2*x3*(x1 - 5.570026026560382)/x2 + x1]
  Saving Hall of Fame plot to ./log/regression_config_regression_PQT.json_Livermore2_Vars3_1.in_normal_0.0_2023-05-30-032504/dso_regression_config_regression_PQT.json_Livermore2_Vars3_1.in_normal_0.0_plot_hof.png
Pareto Front (5 of 10)____
    0: S=000 R=0.569229 C=27.00 <-- [4661.4058601742497*x1**2*x3*(0.5858125722426117*x2 - 2.3361259518394406)]
    1: S=000 R=0.567198 C=22.00 <-- [46.601802001173709*x1**2*x3*(x1*x2*x3 - 216.9924140707543) + x2 - 1.0576911720672715]
    2: S=000 R=0.548230 C=19.00 <-- [-701.4607203928606*x1**2*x3*(x1 - 5.570026026560382)/x2 + x1]
    3: S=000 R=0.543400 C=17.00 <-- [x1**2*(x1 + 1/x2)*(x1 + 672.2242340532327*x2 - 672.2242340532327*x3)]
    4: S=000 R=0.530605 C=14.00 <-- [x1**3*x3*(x1 - 754.8067214390729)]
  Saving Pareto Front plot to ./log/regression_config_regression_PQT.json_Livermore2_Vars3_1.in_normal_0.0_2023-05-30-032504/dso_regression_config_regression_PQT.json_Livermore2_Vars3_1.in_normal_0.0_plot_pf.png
-- ANALYZING LOG END ----------------
== POST-PROCESS END ===================
