['mul', 'pow', 'X_0', -4, 'mul', 'pow', 'add', 'X_1', 'pow', 'X_0', 2, 2, 'mul', 'pow', 'add', 'X_1', 'mul', -1, 'mul', 'X_0', 'pow', 'add', 'mul', -8.62, 'pow', 'X_0', 2, 'mul', -5.38, 'mul', 'X_0', 'X_1', -1, 4, 'pow', 'sin', 'pow', 'X_0', 0.5, 4]
--------------------
eq_name 	 Livermore2_Vars2_20
num_vars 	 2
vars_range_and_types 	 [{"name": "LogUniform", "range": [0.1, 10], "only_positive": true}, {"name": "LogUniform", "range": [0.1, 10], "only_positive": true}]
function_set 	 ['add', 'sub', 'mul', 'div', 'sqrt', 'n2', 'n4', 'sin', 'cos', 'const']
eq_expression 	 mul,pow,X_0,-4,mul,pow,add,X_1,pow,X_0,2,2,mul,pow,add,X_1,mul,-1,mul,X_0,pow,add,mul,-8.62,pow,X_0,2,mul,-5.38,mul,X_0,X_1,-1,4,pow,sin,pow,X_0,0.5,4
expr 	 (X_0**2 + X_1)**2*(-X_0/(-8.62*X_0**2 - 5.38*X_0*X_1) + X_1)**4*sin(sqrt(X_0))**4/X_0**4
--------------------

== EXPERIMENT SETUP START ===========
Task type            : regression
Starting seed        : 0
Runs                 : 1
== EXPERIMENT SETUP END =============

== TRAINING SEED 0 START ============
self.dataX <dso.symbolic_data_generator.DataX object at 0x2b719cf0c7f0>, self.data_query_oracle: <dso.symbolic_equation_evaluator_public.Equation_evaluator object at 0x2b7183783d68>
generate dataset!
-- BUILDING PRIOR START -------------
WARNING: Skipping invalid 'RelationalConstraint' with arguments {'targets': [], 'effectors': [], 'relationship': None}. Reason: Prior disabled.
WARNING: Skipping invalid 'TrigConstraint' with arguments {}. Reason: There are no target Tokens.
WARNING: Skipping invalid 'UniformArityPrior' with arguments {}. Reason: Prior disabled.
WARNING: Skipping invalid 'LanguageModelPrior' with arguments {'weight': None}. Reason: Prior disabled.
LengthConstraint: Sequences have minimum length 4.
                  Sequences have maximum length 256.
RepeatConstraint: [const] cannot occur more than 10 times.
RelationalConstraint: [inv] cannot be a child of [inv].
ConstConstraint: [const] cannot be the only unique child of [inv, add, sub, mul, div].
NoInputsConstraint: Sequences contain at least one input variable Token.
SoftLengthPrior: No description available.
-- BUILDING PRIOR END ---------------

-- RUNNING EPOCHS START -------------
gen	iter	pop_size	nevals	uncached_size	best_val              	timer  
0  	0   	1024    	1024  	1024         	(-0.8005572609597538,)	2.34489
1  	1   	1024    	760   	651          	(-0.8300844456117311,)	1.25112
2  	2   	1024    	785   	658          	(-0.9465113747737967,)	4.31546
3  	3   	1024    	770   	645          	(-0.9737542033024755,)	7.06924
4  	4   	1024    	765   	663          	(-0.9887472766048798,)	10.7237
5  	5   	1024    	783   	655          	(-0.9993943141963583,)	27.9523
6  	6   	1024    	791   	653          	(-0.9993943141963583,)	40.032 
7  	7   	1024    	757   	619          	(-0.9993943141963583,)	74.5428
8  	8   	1024    	775   	602          	(-0.9993943141963583,)	103.625
9  	9   	1024    	763   	598          	(-0.9995889460197808,)	107.437

--------------------------------------------------
GP Time: 379.569

Unique expressions evaluated: 7710
Total expression evaluations: 7973
--------------------------------------------------

GP -> best program this epoch:

	Reward: 0.9995889460197808
	Count Off-policy: 1
	Count On-policy: 0
	Originally on Policy: False
	Invalid: False
	Traversal: sub,add,mul,x2,mul,add,x2,sub,sub,mul,div,mul,mul,add,mul,mul,sub,8.056095689548556,sub,div,mul,sub,-0.07665111991454181,sub,x2,x1,x2,x1,x1,1.346682196749746,x2,1.7194263865352852,inv,x1,x2,0.8859370808297483,inv,add,1.5195635861747292,sub,add,x1,x1,x1,x2,x2,x2,x1,x2
	Expression:
	           ⎛                           ⎛   ⎛                                    
	           ⎜      1.128748329467622⋅x₂⋅⎜x₂⋅⎜1.346682196749746⋅x₁ + 10.8490006404
	         2 ⎜                           ⎝   ⎝                                    
	  x₁ + x₂ ⋅⎜-x₂ + ──────────────────────────────────────────────────────────────
	           ⎝                                                                x₁⋅(

	         1.346682196749746⋅x₂⋅(x₁ - x₂ - 0.07665111991454181)⎞                  
	  2741 - ────────────────────────────────────────────────────⎟ + 1.7194263865352
	                                  x₁                         ⎠                  
	  ──────────────────────────────────────────────────────────────────────────────
	  x₁ + 1.5195635861747292)                                                      

	     ⎞⎞     
	  852⎟⎟     
	     ⎠⎟     
	  ────⎟ - x₂
	      ⎠     

None

--------------------------------------------------

[00:00:06:35.53] Training epoch 1/14, current best R: 0.9996

	** New best
	Reward: 0.9995889460197808
	Count Off-policy: 1
	Count On-policy: 0
	Originally on Policy: False
	Invalid: False
	Traversal: sub,add,mul,x2,mul,add,x2,sub,sub,mul,div,mul,mul,add,mul,mul,sub,8.056095689548556,sub,div,mul,sub,-0.07665111991454181,sub,x2,x1,x2,x1,x1,1.346682196749746,x2,1.7194263865352852,inv,x1,x2,0.8859370808297483,inv,add,1.5195635861747292,sub,add,x1,x1,x1,x2,x2,x2,x1,x2
	Expression:
	           ⎛                           ⎛   ⎛                                    
	           ⎜      1.128748329467622⋅x₂⋅⎜x₂⋅⎜1.346682196749746⋅x₁ + 10.8490006404
	         2 ⎜                           ⎝   ⎝                                    
	  x₁ + x₂ ⋅⎜-x₂ + ──────────────────────────────────────────────────────────────
	           ⎝                                                                x₁⋅(

	         1.346682196749746⋅x₂⋅(x₁ - x₂ - 0.07665111991454181)⎞                  
	  2741 - ────────────────────────────────────────────────────⎟ + 1.7194263865352
	                                  x₁                         ⎠                  
	  ──────────────────────────────────────────────────────────────────────────────
	  x₁ + 1.5195635861747292)                                                      

	     ⎞⎞     
	  852⎟⎟     
	     ⎠⎟     
	  ────⎟ - x₂
	      ⎠     

10 	0   	1024    	1024  	1019         	(-0.7490069069992269,)	1.1387 
11 	1   	1024    	768   	649          	(-0.7490069069992269,)	1.23368
12 	2   	1024    	788   	671          	(-0.8964980849522564,)	1.9931 
13 	3   	1024    	777   	645          	(-0.994986323988786,) 	6.16322
14 	4   	1024    	771   	644          	(-0.994986323988786,) 	10.7599
15 	5   	1024    	757   	641          	(-0.9981192018131797,)	21.6594
16 	6   	1024    	768   	651          	(-0.9985447126981288,)	41.0779
17 	7   	1024    	768   	672          	(-0.9996471247365714,)	58.8325
18 	8   	1024    	750   	629          	(-0.9996515213504978,)	88.2645
19 	9   	1024    	771   	636          	(-0.9997699065279212,)	103.931

--------------------------------------------------
GP Time: 335.334

Unique expressions evaluated: 15532
Total expression evaluations: 15915
--------------------------------------------------

GP -> best program this epoch:

	Reward: 0.9997699065279212
	Count Off-policy: 1
	Count On-policy: 0
	Originally on Policy: False
	Invalid: False
	Traversal: mul,sub,div,mul,mul,mul,mul,add,mul,mul,-0.00032784040712917757,inv,x1,x2,x2,sub,mul,x2,inv,add,1.518477413626155,x1,div,sub,sub,x1,x1,x1,1.0018693690731955,x2,sub,x1,add,div,mul,sub,sub,mul,x2,div,0.7451923250712136,div,x1,x2,x2,x2,sub,-0.15502498500420148,x2,x2,-4.7634013396875226,x2,x1,x1,2.0349014586053933
	Expression:
                                                                              
                                                                              
                                                                              
	                                                2 ⎛                             
	                           2.0349014586053933⋅x₂ ⋅⎜0.99813411894713898⋅x₁ + ────
	                                                  ⎝                         x₁ +
	  -2.0349014586053933⋅x₁ + ─────────────────────────────────────────────────────
                                                                              

	                                                       ⎛                        
	                                                       ⎜                        
	                                                       ⎜                        
	        x₂          ⎞ ⎛     0.00032784040712917757⋅x₂⎞ ⎜                        
	  ──────────────────⎟⋅⎜x₂ - ─────────────────────────⎟⋅⎜x₁ + 4.7634013396875226 
	   1.518477413626155⎠ ⎝                 x₁           ⎠ ⎝                        
	  ──────────────────────────────────────────────────────────────────────────────
	                                             x₁                                 

	    ⎛                             2⎞                            ⎞
	    ⎜        0.7451923250712136⋅x₂ ⎟                            ⎟
	    ⎜-2⋅x₂ + ──────────────────────⎟⋅(-x₂ - 0.15502498500420148)⎟
	    ⎝                  x₁          ⎠                            ⎟
	  - ────────────────────────────────────────────────────────────⎟
	                                 x₂                             ⎠
	  ───────────────────────────────────────────────────────────────
                                                               

None

--------------------------------------------------

[00:00:12:24.12] Training epoch 2/14, current best R: 0.9998

	** New best
	Reward: 0.9997699065279212
	Count Off-policy: 1
	Count On-policy: 0
	Originally on Policy: False
	Invalid: False
	Traversal: mul,sub,div,mul,mul,mul,mul,add,mul,mul,-0.00032784040712917757,inv,x1,x2,x2,sub,mul,x2,inv,add,1.518477413626155,x1,div,sub,sub,x1,x1,x1,1.0018693690731955,x2,sub,x1,add,div,mul,sub,sub,mul,x2,div,0.7451923250712136,div,x1,x2,x2,x2,sub,-0.15502498500420148,x2,x2,-4.7634013396875226,x2,x1,x1,2.0349014586053933
	Expression:
                                                                              
                                                                              
                                                                              
	                                                2 ⎛                             
	                           2.0349014586053933⋅x₂ ⋅⎜0.99813411894713898⋅x₁ + ────
	                                                  ⎝                         x₁ +
	  -2.0349014586053933⋅x₁ + ─────────────────────────────────────────────────────
                                                                              

	                                                       ⎛                        
	                                                       ⎜                        
	                                                       ⎜                        
	        x₂          ⎞ ⎛     0.00032784040712917757⋅x₂⎞ ⎜                        
	  ──────────────────⎟⋅⎜x₂ - ─────────────────────────⎟⋅⎜x₁ + 4.7634013396875226 
	   1.518477413626155⎠ ⎝                 x₁           ⎠ ⎝                        
	  ──────────────────────────────────────────────────────────────────────────────
	                                             x₁                                 

	    ⎛                             2⎞                            ⎞
	    ⎜        0.7451923250712136⋅x₂ ⎟                            ⎟
	    ⎜-2⋅x₂ + ──────────────────────⎟⋅(-x₂ - 0.15502498500420148)⎟
	    ⎝                  x₁          ⎠                            ⎟
	  - ────────────────────────────────────────────────────────────⎟
	                                 x₂                             ⎠
	  ───────────────────────────────────────────────────────────────
                                                               

-- RUNNING EPOCHS END ---------------

-- EVALUATION START ----------------
Saving Hall of Fame to ./log/regression_config_regression_GPMELD.json_Livermore2_Vars2_20.in_normal_0.0_2023-05-30-032004/dso_regression_config_regression_GPMELD.json_Livermore2_Vars2_20.in_normal_0.0_0_hof.csv
Saving Pareto Front to ./log/regression_config_regression_GPMELD.json_Livermore2_Vars2_20.in_normal_0.0_2023-05-30-032004/dso_regression_config_regression_GPMELD.json_Livermore2_Vars2_20.in_normal_0.0_0_pf.csv
Invalid expressions: 238 of 17963 (1.3%).
Error type counts:
  true_divide: 117 (49.2%)
  reciprocal: 121 (50.8%)
Error node counts:
  divide: 234 (98.3%)
  invalid: 4 (1.7%)
-- EVALUATION END ------------------
== TRAINING SEED 0 END ==============
INFO: Completed run 1 of 1 in 746 s

== POST-PROCESS START =================
-- LOADING LOGS START ----------------
Successfully loaded summary data
Successfully loaded Hall of Fame data
Successfully loaded Pareto Front data
-- LOADING LOGS END ------------------

-- ANALYZING LOG START --------------
Task_____________regression
Source path______./log/regression_config_regression_GPMELD.json_Livermore2_Vars2_20.in_normal_0.0_2023-05-30-032004
Runs_____________1
Max Samples/run__15000
Success_rate_____0.0
Hall of Fame (Top 5 of 100)____
    0: S=000 R=0.999770 <-- [-2.0349014586053933*x1 + 2.0349014586053933*x2**2*(0.99813411894713898*x1 + x2/(x1 + 1.518477413626155))*(x2 - 0.00032784040712917757*x2/x1)*(x1 + 4.7634013396875226 - (-2*x2 + 0.7451923250712136*x2**2/x1)*(-x2 - 0.15502498500420148)/x2)/x1]
    1: S=000 R=0.999770 <-- [-2.0349014586053933*x1 + 2.0349014586053933*x2**2*(0.99813411894713898*x1 + x2/(x1 + 1.518477413626155))*(x2 - 0.00032784040712917757*x2/x1)*(x1 + 4.7634013396875226 - (-2*x2 + 0.7451923250712136*x2**2/x1)*(-x2 - 0.15502498500420148)/x2)/x1]
    2: S=000 R=0.999679 <-- [-0.48757491710807005*x1 + 0.30933715015536194*x2**3*(x2 - 0.0002152183859123663*x2/x1)*(x1 + 1.3849790127661759 - (0.0013372866724859277*x2**2 - 2*x2)*(x2 + 5.813018419305124 + 2.0772303152771605*x2**2/x1)/x2)/(x1*(x1 + 1.2600252570659234))]
    3: S=000 R=0.999679 <-- [-0.48757491710807005*x1 + 0.30933715015536194*x2**3*(x2 - 0.0002152183859123663*x2/x1)*(x1 + 1.3849790127661759 - (0.0013372866724859277*x2**2 - 2*x2)*(x2 + 5.813018419305124 + 2.0772303152771605*x2**2/x1)/x2)/(x1*(x1 + 1.2600252570659234))]
    4: S=000 R=0.999672 <-- [-0.2206750393587767*x1 + 0.2206750393587767*x2**3*(-0.034568354393753296 + 1/(x1 + 1.2525026189752755))*(x2 + 8.08188789913688*x2/x1)*(x1 + 5.9266059210870194 - (-x2 - 2.760026617592007)*(0.7341887609654042*x2**2 - 2*x2)/x2)/x1]
  Saving Hall of Fame plot to ./log/regression_config_regression_GPMELD.json_Livermore2_Vars2_20.in_normal_0.0_2023-05-30-032004/dso_regression_config_regression_GPMELD.json_Livermore2_Vars2_20.in_normal_0.0_plot_hof.png
Pareto Front (5 of 21)____
    0: S=000 R=0.999770 C=62.00 <-- [-2.0349014586053933*x1 + 2.0349014586053933*x2**2*(0.99813411894713898*x1 + x2/(x1 + 1.518477413626155))*(x2 - 0.00032784040712917757*x2/x1)*(x1 + 4.7634013396875226 - (-2*x2 + 0.7451923250712136*x2**2/x1)*(-x2 - 0.15502498500420148)/x2)/x1]
    1: S=000 R=0.999672 C=57.00 <-- [-0.2206750393587767*x1 + 0.2206750393587767*x2**3*(-0.034568354393753296 + 1/(x1 + 1.2525026189752755))*(x2 + 8.08188789913688*x2/x1)*(x1 + 5.9266059210870194 - (-x2 - 2.760026617592007)*(0.7341887609654042*x2**2 - 2*x2)/x2)/x1]
    2: S=000 R=0.999648 C=42.00 <-- [0.0038271355156998646*x2*(x1 + 2*x2**2*(1.6905407061646274 + 0.5750401658492413*x2*(x2 + 0.20313375305982426)/x1**2)*(x2 + 324.276159945949*x2/(x1 + 1.450668163724272)) + 1.3153267259385952)]
    3: S=000 R=0.999643 C=35.00 <-- [x2*(-x2**3*(-8.07057851318776 - 1.3129121359706895*x2**2/x1) - x2 + 1.0386220962938213)/((x1 + 1.2955679322611893)*(x1 + 2.540044872176736e-5*x2))]
    4: S=000 R=0.999642 C=33.00 <-- [x2*(x2**3*(8.015490759774867 + 1.313628629013561*x2**2/x1) + x2)/((x1 + 1.2962837238005889)*(x1 + 2.5413466199409306e-5*x2))]
  Saving Pareto Front plot to ./log/regression_config_regression_GPMELD.json_Livermore2_Vars2_20.in_normal_0.0_2023-05-30-032004/dso_regression_config_regression_GPMELD.json_Livermore2_Vars2_20.in_normal_0.0_plot_pf.png
-- ANALYZING LOG END ----------------
== POST-PROCESS END ===================
