['add', -4.75, 'add', 'X_1', 'add', 'X_3', 'add', 'mul', -1, 'X_0', 'add', 'mul', -1, 'X_2', 'mul', -1, 'X_4']
--------------------
eq_name 	 Livermore2_Vars5_1
num_vars 	 5
vars_range_and_types 	 [{"name": "LogUniform", "range": [0.1, 10], "only_positive": true}, {"name": "LogUniform", "range": [0.1, 10], "only_positive": true}, {"name": "LogUniform", "range": [0.1, 10], "only_positive": true}, {"name": "LogUniform", "range": [0.1, 10], "only_positive": true}, {"name": "LogUniform", "range": [0.1, 10], "only_positive": true}]
function_set 	 ['add', 'sub', 'mul', 'div', 'const']
eq_expression 	 add,-4.75,add,X_1,add,X_3,add,mul,-1,X_0,add,mul,-1,X_2,mul,-1,X_4
expr 	 -X_0 + X_1 - X_2 + X_3 - X_4 - 4.75
--------------------

== EXPERIMENT SETUP START ===========
Task type            : regression
Starting seed        : 0
Runs                 : 1
== EXPERIMENT SETUP END =============

== TRAINING SEED 0 START ============
self.dataX <dso.symbolic_data_generator.DataX object at 0x2b2124f9a780>, self.data_query_oracle: <dso.symbolic_equation_evaluator_public.Equation_evaluator object at 0x2b210b82dd68>
generate dataset!
-- BUILDING PRIOR START -------------
WARNING: Skipping invalid 'RelationalConstraint' with arguments {'targets': [], 'effectors': [], 'relationship': None}. Reason: Prior disabled.
WARNING: Skipping invalid 'TrigConstraint' with arguments {}. Reason: There are no target Tokens.
WARNING: Skipping invalid 'UniformArityPrior' with arguments {}. Reason: Prior disabled.
WARNING: Skipping invalid 'LanguageModelPrior' with arguments {'weight': None}. Reason: Prior disabled.
LengthConstraint: Sequences have minimum length 4.
                  Sequences have maximum length 256.
RepeatConstraint: [const] cannot occur more than 10 times.
RelationalConstraint: [inv] cannot be a child of [inv].
ConstConstraint: [const] cannot be the only unique child of [inv, add, sub, mul, div].
NoInputsConstraint: Sequences contain at least one input variable Token.
SoftLengthPrior: No description available.
-- BUILDING PRIOR END ---------------

-- RUNNING EPOCHS START -------------
gen	iter	pop_size	nevals	uncached_size	best_val             	timer 
0  	0   	1024    	1024  	1024         	(-0.623386845392383,)	2.8839
1  	1   	1024    	775   	681          	(-0.623386845392383,)	2.58887
2  	2   	1024    	794   	664          	(-0.6243985679484669,)	3.71304
3  	3   	1024    	757   	637          	(-0.6243985679484669,)	4.69573
4  	4   	1024    	777   	608          	(-0.7143651081981706,)	3.53398
5  	5   	1024    	780   	626          	(-0.999999928515364,) 	2.96454
6  	6   	1024    	740   	567          	(-0.999999928515364,) 	2.94387
7  	7   	1024    	783   	624          	(-0.9999999967324142,)	4.17776
8  	8   	1024    	750   	627          	(-0.9999999993171984,)	3.82509
9  	9   	1024    	781   	661          	(-0.9999999993171984,)	6.90838

--------------------------------------------------
GP Time: 38.4708

Unique expressions evaluated: 7626
Total expression evaluations: 7961
--------------------------------------------------

GP -> best program this epoch:

	Reward: 0.9999999993171984
	Count Off-policy: 1
	Count On-policy: 0
	Originally on Policy: False
	Invalid: False
	Traversal: sub,add,add,-0.9375000584911501,sub,sub,mul,div,-0.9375000584911501,x3,x3,sub,2.937499828301802,add,div,x1,x1,x2,sub,sub,x3,x4,inv,x5,sub,-0.9375000584911501,x5,add,inv,x5,x1
	Expression:
	  -x₁ + x₂ - x₃ + x₄ - x₅ - 4.750000003775252

None

--------------------------------------------------

[00:00:00:43.15] Training epoch 1/14, current best R: 1.0000

	** New best
	Reward: 0.9999999993171984
	Count Off-policy: 1
	Count On-policy: 0
	Originally on Policy: False
	Invalid: False
	Traversal: sub,add,add,-0.9375000584911501,sub,sub,mul,div,-0.9375000584911501,x3,x3,sub,2.937499828301802,add,div,x1,x1,x2,sub,sub,x3,x4,inv,x5,sub,-0.9375000584911501,x5,add,inv,x5,x1
	Expression:
	  -x₁ + x₂ - x₃ + x₄ - x₅ - 4.750000003775252

[00:00:00:43.15] Early stopping criteria met; breaking early.
-- RUNNING EPOCHS END ---------------

-- EVALUATION START ----------------
Saving Hall of Fame to ./log/regression_config_regression_GPMELD.json_Livermore2_Vars5_1.in_normal_0.0_2023-05-30-035134/dso_regression_config_regression_GPMELD.json_Livermore2_Vars5_1.in_normal_0.0_0_hof.csv
Saving Pareto Front to ./log/regression_config_regression_GPMELD.json_Livermore2_Vars5_1.in_normal_0.0_2023-05-30-035134/dso_regression_config_regression_GPMELD.json_Livermore2_Vars5_1.in_normal_0.0_0_pf.csv
Invalid expressions: 46 of 8985 (0.5%).
Error type counts:
  true_divide: 25 (54.3%)
  reciprocal: 21 (45.7%)
Error node counts:
  divide: 46 (100.0%)
-- EVALUATION END ------------------
== TRAINING SEED 0 END ==============
INFO: Completed run 1 of 1 in 44 s

== POST-PROCESS START =================
-- LOADING LOGS START ----------------
Successfully loaded summary data
Successfully loaded Hall of Fame data
Successfully loaded Pareto Front data
-- LOADING LOGS END ------------------

-- ANALYZING LOG START --------------
Task_____________regression
Source path______./log/regression_config_regression_GPMELD.json_Livermore2_Vars5_1.in_normal_0.0_2023-05-30-035134
Runs_____________1
Max Samples/run__15000
Success_rate_____1.0
Hall of Fame (Top 5 of 100)____
    0: S=000 R=1.000000 <-- [-x1 + x2 - x3 + x4 - x5 - 4.750000003775252]
    1: S=000 R=1.000000 <-- [-x1 + x2 - x3 + x4 - x5 - 4.750000003775252]
    2: S=000 R=1.000000 <-- [-x1 + x2 - x3 + x4 - x5 - 4.750000003775252]
    3: S=000 R=1.000000 <-- [-x1 + x2 - x3 + x4 - x5 - 4.750000003775252]
    4: S=000 R=1.000000 <-- [-x1 + x2 - x3 + x4 - 1.000000004260464*x5 - 4.7499999774050523 + 5.339176580386093e-10/x3]
  Saving Hall of Fame plot to ./log/regression_config_regression_GPMELD.json_Livermore2_Vars5_1.in_normal_0.0_2023-05-30-035134/dso_regression_config_regression_GPMELD.json_Livermore2_Vars5_1.in_normal_0.0_plot_hof.png
Pareto Front (5 of 8)____
    0: S=000 R=1.000000 C=35.00 <-- [-x1 + x2 - x3 + x4 - x5 - 4.750000003775252]
    1: S=000 R=1.000000 C=19.00 <-- [-x1 + x2 - x3 + 1.0000000161572679*x4 - x5 - 4.750000038371249]
    2: S=000 R=1.000000 C=17.00 <-- [-1.000000183148486*x1 + x2 - x3 + x4 - 1.000000183148486*x5 - 4.749998531882414]
    3: S=000 R=0.715320 C=15.00 <-- [x2 - x3 + 0.8592380444395823*x4 - 0.8592380444395823*x5 - 8.733628785769646 + 0.8592380444395823/x1]
    4: S=000 R=0.691515 C=11.00 <-- [-0.9756395562949357*x1 - x3 + x4 - 0.9756395562949357*x5 - 2.713066860707451]
  Saving Pareto Front plot to ./log/regression_config_regression_GPMELD.json_Livermore2_Vars5_1.in_normal_0.0_2023-05-30-035134/dso_regression_config_regression_GPMELD.json_Livermore2_Vars5_1.in_normal_0.0_plot_pf.png
-- ANALYZING LOG END ----------------
== POST-PROCESS END ===================
