['mul', 'pow', 'X_4', 0.5, 'add', 'mul', 2, 'X_0', 'mul', 'pow', 'X_5', -1, 'cos', 'mul', 'X_0', 'add', -3.49, 'add', 'X_2', 'add', 'mul', -1, 'log', 'X_2', 'mul', 'X_2', 'mul', 'X_3', 'exp', 'mul', 'X_0', 'X_1']
--------------------
eq_name 	 Livermore2_Vars6_18
num_vars 	 6
vars_range_and_types 	 [{"name": "LogUniform", "range": [0.1, 10], "only_positive": true}, {"name": "LogUniform", "range": [0.1, 10], "only_positive": true}, {"name": "LogUniform", "range": [0.1, 10], "only_positive": true}, {"name": "LogUniform", "range": [0.1, 10], "only_positive": true}, {"name": "LogUniform", "range": [0.1, 10], "only_positive": true}, {"name": "LogUniform", "range": [0.1, 10], "only_positive": true}]
function_set 	 ['add', 'sub', 'mul', 'div', 'sqrt', 'n2', 'log', 'exp', 'sin', 'cos', 'const']
eq_expression 	 mul,pow,X_4,0.5,add,mul,2,X_0,mul,pow,X_5,-1,cos,mul,X_0,add,-3.49,add,X_2,add,mul,-1,log,X_2,mul,X_2,mul,X_3,exp,mul,X_0,X_1
expr 	 sqrt(X_4)*(2*X_0 + cos(X_0*(X_2*X_3*exp(X_0*X_1) + X_2 - log(X_2) - 3.49))/X_5)
--------------------

== EXPERIMENT SETUP START ===========
Task type            : regression
Starting seed        : 0
Runs                 : 1
== EXPERIMENT SETUP END =============

== TRAINING SEED 0 START ============
self.dataX <dso.symbolic_data_generator.DataX object at 0x2aed1901ab70>, self.data_query_oracle: <dso.symbolic_equation_evaluator_public.Equation_evaluator object at 0x2aecff887d68>
generate dataset!
-- BUILDING PRIOR START -------------
WARNING: Skipping invalid 'RelationalConstraint' with arguments {'targets': [], 'effectors': [], 'relationship': None}. Reason: Prior disabled.
WARNING: Skipping invalid 'TrigConstraint' with arguments {}. Reason: There are no target Tokens.
WARNING: Skipping invalid 'UniformArityPrior' with arguments {}. Reason: Prior disabled.
WARNING: Skipping invalid 'LanguageModelPrior' with arguments {'weight': None}. Reason: Prior disabled.
LengthConstraint: Sequences have minimum length 4.
                  Sequences have maximum length 256.
RepeatConstraint: [const] cannot occur more than 10 times.
RelationalConstraint: [inv] cannot be a child of [inv].
ConstConstraint: [const] cannot be the only unique child of [inv, add, sub, mul, div].
NoInputsConstraint: Sequences contain at least one input variable Token.
SoftLengthPrior: No description available.
-- BUILDING PRIOR END ---------------

-- RUNNING EPOCHS START -------------
[00:00:00:03.43] Training epoch 1/14, current best R: 0.6980

	** New best
	Reward: 0.6979549386553575
	Count Off-policy: False
	Count On-policy: True
	Originally on Policy: True
	Invalid: False
	Traversal: add,sub,mul,mul,x5,x1,0.6201694119056932,-0.9800866713847258,x1
	Expression:
	  0.6201694119056932⋅x₁⋅x₅ + x₁ + 0.9800866713847258

[00:00:00:24.35] Training epoch 10/14, current best R: 0.6980
[00:00:00:37.56] Ending training after epoch 14/14, current best R: 0.6980
-- RUNNING EPOCHS END ---------------

-- EVALUATION START ----------------
Saving Hall of Fame to ./log/regression_config_regression_DSR.json_Livermore2_Vars6_18.in_normal_0.0_2023-05-30-035141/dso_regression_config_regression_DSR.json_Livermore2_Vars6_18.in_normal_0.0_0_hof.csv
Saving Pareto Front to ./log/regression_config_regression_DSR.json_Livermore2_Vars6_18.in_normal_0.0_2023-05-30-035141/dso_regression_config_regression_DSR.json_Livermore2_Vars6_18.in_normal_0.0_0_pf.csv
Invalid expressions: 171 of 14336 (1.2%).
Error type counts:
  reciprocal: 97 (56.7%)
  true_divide: 74 (43.3%)
Error node counts:
  divide: 171 (100.0%)
-- EVALUATION END ------------------
== TRAINING SEED 0 END ==============
INFO: Completed run 1 of 1 in 39 s

== POST-PROCESS START =================
-- LOADING LOGS START ----------------
Successfully loaded summary data
Successfully loaded Hall of Fame data
Successfully loaded Pareto Front data
-- LOADING LOGS END ------------------

-- ANALYZING LOG START --------------
Task_____________regression
Source path______./log/regression_config_regression_DSR.json_Livermore2_Vars6_18.in_normal_0.0_2023-05-30-035141
Runs_____________1
Max Samples/run__15000
Success_rate_____0.0
Hall of Fame (Top 5 of 100)____
    0: S=000 R=0.697955 <-- [0.6201694119056932*x1*x5 + x1 + 0.9800866713847258]
    1: S=000 R=0.692874 <-- [-x1*(-0.6291984307985236*x5 - 1.1477709140926743)]
    2: S=000 R=0.692874 <-- [0.62918393022574127*x1*(x5 + 1.8242480656461364)]
    3: S=000 R=0.689408 <-- [0.6643056915579062*x1*(0.05731540580451629*x1 + 2.081207888255745e-5*x1*x5/x4 + x5 + 0.05731540580451629*x6) + 0.6643056915579062*x1]
    4: S=000 R=0.671654 <-- [0.762005262861111*x1*x5 + 2.4629572116282636]
  Saving Hall of Fame plot to ./log/regression_config_regression_DSR.json_Livermore2_Vars6_18.in_normal_0.0_2023-05-30-035141/dso_regression_config_regression_DSR.json_Livermore2_Vars6_18.in_normal_0.0_plot_hof.png
Pareto Front (3 of 3)____
    0: S=000 R=0.697955 C=9.00 <-- [0.6201694119056932*x1*x5 + x1 + 0.9800866713847258]
    1: S=000 R=0.643328 C=7.00 <-- [0.705767406979193*x1*x5 + 0.705767406979193*x5]
    2: S=000 R=0.614953 C=5.00 <-- [2*x1 + x5]
  Saving Pareto Front plot to ./log/regression_config_regression_DSR.json_Livermore2_Vars6_18.in_normal_0.0_2023-05-30-035141/dso_regression_config_regression_DSR.json_Livermore2_Vars6_18.in_normal_0.0_plot_pf.png
-- ANALYZING LOG END ----------------
== POST-PROCESS END ===================
