['add', 'mul', -1, 'cos', 'mul', 'X_6', 'add', 'X_6', 'mul', 'pow', 'X_0', -1, 'add', 'X_5', 'mul', 'pow', 'X_1', 2, 'mul', 'pow', 'X_4', 2, 'mul', 'pow', 'X_5', 2, 'pow', 'add', 'X_0', 'mul', 'X_2', 'mul', 'X_3', 'X_5', 2, 'add', 'mul', 1.31, 'X_5', 'mul', 4.63, 'mul', 'X_5', 'pow', 'X_0', 2]
--------------------
eq_name 	 Livermore2_Vars7_14
num_vars 	 7
vars_range_and_types 	 [{"name": "LogUniform", "range": [0.1, 10], "only_positive": true}, {"name": "LogUniform", "range": [0.1, 10], "only_positive": true}, {"name": "LogUniform", "range": [0.1, 10], "only_positive": true}, {"name": "LogUniform", "range": [0.1, 10], "only_positive": true}, {"name": "LogUniform", "range": [0.1, 10], "only_positive": true}, {"name": "LogUniform", "range": [0.1, 10], "only_positive": true}, {"name": "LogUniform", "range": [0.1, 10], "only_positive": true}]
function_set 	 ['add', 'sub', 'mul', 'div', 'sin', 'cos', 'const']
eq_expression 	 add,mul,-1,cos,mul,X_6,add,X_6,mul,pow,X_0,-1,add,X_5,mul,pow,X_1,2,mul,pow,X_4,2,mul,pow,X_5,2,pow,add,X_0,mul,X_2,mul,X_3,X_5,2,add,mul,1.31,X_5,mul,4.63,mul,X_5,pow,X_0,2
expr 	 4.63*X_0**2*X_5 + 1.31*X_5 - cos(X_6*(X_6 + (X_1**2*X_4**2*X_5**2*(X_0 + X_2*X_3*X_5)**2 + X_5)/X_0))
--------------------

== EXPERIMENT SETUP START ===========
Task type            : regression
Starting seed        : 0
Runs                 : 1
== EXPERIMENT SETUP END =============

== TRAINING SEED 0 START ============
self.dataX <dso.symbolic_data_generator.DataX object at 0x2b33373609e8>, self.data_query_oracle: <dso.symbolic_equation_evaluator_public.Equation_evaluator object at 0x2b3321bfad68>
generate dataset!
-- BUILDING PRIOR START -------------
WARNING: Skipping invalid 'RelationalConstraint' with arguments {'targets': [], 'effectors': [], 'relationship': None}. Reason: Prior disabled.
WARNING: Skipping invalid 'TrigConstraint' with arguments {}. Reason: There are no target Tokens.
WARNING: Skipping invalid 'UniformArityPrior' with arguments {}. Reason: Prior disabled.
WARNING: Skipping invalid 'LanguageModelPrior' with arguments {'weight': None}. Reason: Prior disabled.
LengthConstraint: Sequences have minimum length 4.
                  Sequences have maximum length 256.
RepeatConstraint: [const] cannot occur more than 10 times.
RelationalConstraint: [inv] cannot be a child of [inv].
ConstConstraint: [const] cannot be the only unique child of [inv, add, sub, mul, div].
NoInputsConstraint: Sequences contain at least one input variable Token.
SoftLengthPrior: No description available.
-- BUILDING PRIOR END ---------------

-- RUNNING EPOCHS START -------------
gen	iter	pop_size	nevals	uncached_size	best_val              	timer  
0  	0   	1024    	1024  	1024         	(-0.7439945373223419,)	4.77396
1  	1   	1024    	797   	728          	(-0.7447694076207607,)	2.58489
2  	2   	1024    	763   	683          	(-0.9887919065969492,)	2.19462
3  	3   	1024    	769   	659          	(-0.9887919065969492,)	2.79829
4  	4   	1024    	793   	690          	(-0.9920948265863783,)	3.18009
5  	5   	1024    	755   	630          	(-0.9920948265863783,)	3.70732
6  	6   	1024    	779   	649          	(-0.9960753624227748,)	3.98751
7  	7   	1024    	773   	646          	(-0.997373707594792,) 	8.51846
8  	8   	1024    	805   	652          	(-0.9978283643099674,)	9.981  
9  	9   	1024    	760   	634          	(-0.9978670730192255,)	12.648 

--------------------------------------------------
GP Time: 54.6089

Unique expressions evaluated: 7937
Total expression evaluations: 8018
--------------------------------------------------

GP -> best program this epoch:

	Reward: 0.9978670730192255
	Count Off-policy: 1
	Count On-policy: 0
	Originally on Policy: False
	Invalid: False
	Traversal: div,sub,13.238835916441111,add,mul,x1,mul,-46.6620368124534,x1,inv,div,mul,x7,162.9942119390347,sub,x6,x3,inv,sub,mul,-0.9007635055205128,x6,sub,8.195992155076485e-05,x6
	Expression:
	                                                  ⎛                   2         
	  (0.09923649447948719⋅x₆ - 8.195992155076485e-5)⋅⎜46.6620368124534⋅x₁  + 13.238
	                                                  ⎝                             

	                 0.006135187183051835⋅(-x₃ + x₆)⎞
	  835916441111 - ───────────────────────────────⎟
	                                x₇              ⎠

None

--------------------------------------------------

[00:00:00:59.89] Training epoch 1/14, current best R: 0.9979

	** New best
	Reward: 0.9978670730192255
	Count Off-policy: 1
	Count On-policy: 0
	Originally on Policy: False
	Invalid: False
	Traversal: div,sub,13.238835916441111,add,mul,x1,mul,-46.6620368124534,x1,inv,div,mul,x7,162.9942119390347,sub,x6,x3,inv,sub,mul,-0.9007635055205128,x6,sub,8.195992155076485e-05,x6
	Expression:
	                                                  ⎛                   2         
	  (0.09923649447948719⋅x₆ - 8.195992155076485e-5)⋅⎜46.6620368124534⋅x₁  + 13.238
	                                                  ⎝                             

	                 0.006135187183051835⋅(-x₃ + x₆)⎞
	  835916441111 - ───────────────────────────────⎟
	                                x₇              ⎠

10 	0   	1024    	1024  	1024         	(-0.7437764510579277,)	1.21579
11 	1   	1024    	773   	690          	(-0.7545799893108657,)	1.18633
12 	2   	1024    	807   	723          	(-0.992509322110391,) 	1.89464
13 	3   	1024    	815   	724          	(-0.992509322110391,) 	2.07652
14 	4   	1024    	781   	680          	(-0.9925093221106804,)	2.76141
15 	5   	1024    	793   	695          	(-0.9925094592864807,)	3.16556
16 	6   	1024    	785   	691          	(-0.9932747882479774,)	4.26239
17 	7   	1024    	750   	654          	(-0.9978596847750347,)	5.94493
18 	8   	1024    	760   	628          	(-0.9978596847750347,)	10.3444
19 	9   	1024    	739   	606          	(-0.9978918036061682,)	10.6122

--------------------------------------------------
GP Time: 43.7039

Unique expressions evaluated: 16009
Total expression evaluations: 16045
--------------------------------------------------

GP -> best program this epoch:

	Reward: 0.9978918036061682
	Count Off-policy: 1
	Count On-policy: 0
	Originally on Policy: False
	Invalid: False
	Traversal: add,mul,mul,x6,div,x1,0.2159712651504876,add,add,x1,-0.0007552787462918822,div,0.29030528040657083,x1,-0.16587200468827062
	Expression:
	                          ⎛                             0.29030528040657083⎞    
	  4.630245599122668⋅x₁⋅x₆⋅⎜x₁ - 0.0007552787462918822 + ───────────────────⎟ - 0
	                          ⎝                                      x₁        ⎠    

                  
	  .16587200468827062
                  

None

--------------------------------------------------

[00:00:01:46.35] Training epoch 2/14, current best R: 0.9979

	** New best
	Reward: 0.9978918036061682
	Count Off-policy: 1
	Count On-policy: 0
	Originally on Policy: False
	Invalid: False
	Traversal: add,mul,mul,x6,div,x1,0.2159712651504876,add,add,x1,-0.0007552787462918822,div,0.29030528040657083,x1,-0.16587200468827062
	Expression:
	                          ⎛                             0.29030528040657083⎞    
	  4.630245599122668⋅x₁⋅x₆⋅⎜x₁ - 0.0007552787462918822 + ───────────────────⎟ - 0
	                          ⎝                                      x₁        ⎠    

                  
	  .16587200468827062
                  

-- RUNNING EPOCHS END ---------------

-- EVALUATION START ----------------
Saving Hall of Fame to ./log/regression_config_regression_GPMELD.json_Livermore2_Vars7_14.in_normal_0.0_2023-05-30-034005/dso_regression_config_regression_GPMELD.json_Livermore2_Vars7_14.in_normal_0.0_0_hof.csv
Saving Pareto Front to ./log/regression_config_regression_GPMELD.json_Livermore2_Vars7_14.in_normal_0.0_2023-05-30-034005/dso_regression_config_regression_GPMELD.json_Livermore2_Vars7_14.in_normal_0.0_0_pf.csv
Invalid expressions: 111 of 18093 (0.6%).
Error type counts:
  reciprocal: 57 (51.4%)
  true_divide: 54 (48.6%)
Error node counts:
  divide: 111 (100.0%)
-- EVALUATION END ------------------
== TRAINING SEED 0 END ==============
INFO: Completed run 1 of 1 in 108 s

== POST-PROCESS START =================
-- LOADING LOGS START ----------------
Successfully loaded summary data
Successfully loaded Hall of Fame data
Successfully loaded Pareto Front data
-- LOADING LOGS END ------------------

-- ANALYZING LOG START --------------
Task_____________regression
Source path______./log/regression_config_regression_GPMELD.json_Livermore2_Vars7_14.in_normal_0.0_2023-05-30-034005
Runs_____________1
Max Samples/run__15000
Success_rate_____0.0
Hall of Fame (Top 5 of 100)____
    0: S=000 R=0.997892 <-- [4.630245599122668*x1*x6*(x1 - 0.0007552787462918822 + 0.29030528040657083/x1) - 0.16587200468827062]
    1: S=000 R=0.997892 <-- [4.630245599122668*x1*x6*(x1 - 0.0007552787462918822 + 0.29030528040657083/x1) - 0.16587200468827062]
    2: S=000 R=0.997867 <-- [(0.09923649447948719*x6 - 8.195992155076485e-5)*(46.6620368124534*x1**2 + 13.238835916441111 - 0.006135187183051835*(-x3 + x6)/x7)]
    3: S=000 R=0.997867 <-- [(0.09923649447948719*x6 - 8.195992155076485e-5)*(46.6620368124534*x1**2 + 13.238835916441111 - 0.006135187183051835*(-x3 + x6)/x7)]
    4: S=000 R=0.997860 <-- [x6*(4.6298466348708365*x1**2 + 1.3079076276638422)]
  Saving Hall of Fame plot to ./log/regression_config_regression_GPMELD.json_Livermore2_Vars7_14.in_normal_0.0_2023-05-30-034005/dso_regression_config_regression_GPMELD.json_Livermore2_Vars7_14.in_normal_0.0_plot_hof.png
Pareto Front (5 of 8)____
    0: S=000 R=0.997892 C=17.00 <-- [4.630245599122668*x1*x6*(x1 - 0.0007552787462918822 + 0.29030528040657083/x1) - 0.16587200468827062]
    1: S=000 R=0.997860 C=12.00 <-- [x6*(4.6298466348708365*x1**2 + 1.3079076276638422)]
    2: S=000 R=0.992771 C=11.00 <-- [4.569566779546857*x1*x6*(x1 + 0.13369431197127846) + 1.288015756210696]
    3: S=000 R=0.992092 C=9.00 <-- [x1*x6*(4.554761585609648*x1 + 0.76058000701939)]
    4: S=000 R=0.988792 C=8.00 <-- [4.65581569151226*x1**2*x6]
  Saving Pareto Front plot to ./log/regression_config_regression_GPMELD.json_Livermore2_Vars7_14.in_normal_0.0_2023-05-30-034005/dso_regression_config_regression_GPMELD.json_Livermore2_Vars7_14.in_normal_0.0_plot_pf.png
-- ANALYZING LOG END ----------------
== POST-PROCESS END ===================
