['mul', 'X_1', 'add', 'X_4', 'add', 'mul', 2, 'X_3', 'mul', 'X_0', 'mul', 'pow', 'X_1', -1, 'mul', 'pow', 'X_2', -2, 'pow', 'cos', 'add', 4.52, 'add', 'X_1', 'add', 'mul', -1, 'X_3', 'mul', 'X_6', 'mul', 'pow', 'X_2', -1, 'pow', 'X_5', -1, 4]
--------------------
eq_name 	 Livermore2_Vars7_11
num_vars 	 7
vars_range_and_types 	 [{"name": "LogUniform", "range": [0.1, 10], "only_positive": true}, {"name": "LogUniform", "range": [0.1, 10], "only_positive": true}, {"name": "LogUniform", "range": [0.1, 10], "only_positive": true}, {"name": "LogUniform", "range": [0.1, 10], "only_positive": true}, {"name": "LogUniform", "range": [0.1, 10], "only_positive": true}, {"name": "LogUniform", "range": [0.1, 10], "only_positive": true}, {"name": "LogUniform", "range": [0.1, 10], "only_positive": true}]
function_set 	 ['add', 'sub', 'mul', 'div', 'sqrt', 'n2', 'const', 'pow', 'sin', 'cos']
eq_expression 	 mul,X_1,add,X_4,add,mul,2,X_3,mul,X_0,mul,pow,X_1,-1,mul,pow,X_2,-2,pow,cos,add,4.52,add,X_1,add,mul,-1,X_3,mul,X_6,mul,pow,X_2,-1,pow,X_5,-1,4
expr 	 X_1*(X_0*cos(X_1 - X_3 + 4.52 + X_6/(X_2*X_5))**4/(X_1*X_2**2) + 2*X_3 + X_4)
--------------------

== EXPERIMENT SETUP START ===========
Task type            : regression
Starting seed        : 0
Runs                 : 1
== EXPERIMENT SETUP END =============

== TRAINING SEED 0 START ============
self.dataX <dso.symbolic_data_generator.DataX object at 0x2ae2c2409c18>, self.data_query_oracle: <dso.symbolic_equation_evaluator_public.Equation_evaluator object at 0x2ae2a8c83d68>
generate dataset!
-- BUILDING PRIOR START -------------
WARNING: Skipping invalid 'RelationalConstraint' with arguments {'targets': [], 'effectors': [], 'relationship': None}. Reason: Prior disabled.
WARNING: Skipping invalid 'TrigConstraint' with arguments {}. Reason: There are no target Tokens.
WARNING: Skipping invalid 'UniformArityPrior' with arguments {}. Reason: Prior disabled.
WARNING: Skipping invalid 'LanguageModelPrior' with arguments {'weight': None}. Reason: Prior disabled.
LengthConstraint: Sequences have minimum length 4.
                  Sequences have maximum length 256.
RepeatConstraint: [const] cannot occur more than 10 times.
RelationalConstraint: [inv] cannot be a child of [inv].
ConstConstraint: [const] cannot be the only unique child of [inv, add, sub, mul, div].
NoInputsConstraint: Sequences contain at least one input variable Token.
SoftLengthPrior: No description available.
-- BUILDING PRIOR END ---------------

-- RUNNING EPOCHS START -------------
[00:00:00:03.58] Training epoch 1/14, current best R: 0.5413

	** New best
	Reward: 0.5413214457004802
	Count Off-policy: False
	Count On-policy: True
	Originally on Policy: True
	Invalid: False
	Traversal: inv,mul,x3,div,inv,x1,3.048842472399693
	Expression:
	  3.048842472399693⋅x₁
	  ────────────────────
	           x₃         

[00:00:00:14.04] Training epoch 6/14, current best R: 0.5650

	** New best
	Reward: 0.5650382428444082
	Count Off-policy: False
	Count On-policy: True
	Originally on Policy: True
	Invalid: False
	Traversal: sub,add,x6,5.319882209569349,mul,add,mul,x3,sub,x2,x1,x1,div,-3.2823901040599917,x3
	Expression:
	                           3.2823901040599917⋅(x₁ + x₃⋅(-x₁ + x₂))
	  x₆ + 5.319882209569349 + ───────────────────────────────────────
	                                              x₃                  

[00:00:00:23.80] Training epoch 10/14, current best R: 0.5650
[00:00:00:36.18] Ending training after epoch 14/14, current best R: 0.5650
-- RUNNING EPOCHS END ---------------

-- EVALUATION START ----------------
Saving Hall of Fame to ./log/regression_config_regression_VPG.json_Livermore2_Vars7_11.in_normal_0.0_2023-05-30-032153/dso_regression_config_regression_VPG.json_Livermore2_Vars7_11.in_normal_0.0_0_hof.csv
Saving Pareto Front to ./log/regression_config_regression_VPG.json_Livermore2_Vars7_11.in_normal_0.0_2023-05-30-032153/dso_regression_config_regression_VPG.json_Livermore2_Vars7_11.in_normal_0.0_0_pf.csv
Invalid expressions: 152 of 14336 (1.1%).
Error type counts:
  true_divide: 75 (49.3%)
  reciprocal: 77 (50.7%)
Error node counts:
  divide: 152 (100.0%)
-- EVALUATION END ------------------
== TRAINING SEED 0 END ==============
INFO: Completed run 1 of 1 in 37 s

== POST-PROCESS START =================
-- LOADING LOGS START ----------------
Successfully loaded summary data
Successfully loaded Hall of Fame data
Successfully loaded Pareto Front data
-- LOADING LOGS END ------------------

-- ANALYZING LOG START --------------
Task_____________regression
Source path______./log/regression_config_regression_VPG.json_Livermore2_Vars7_11.in_normal_0.0_2023-05-30-032153
Runs_____________1
Max Samples/run__15000
Success_rate_____0.0
Hall of Fame (Top 5 of 100)____
    0: S=000 R=0.565038 <-- [x6 + 5.319882209569349 + 3.2823901040599917*(x1 + x3*(-x1 + x2))/x3]
    1: S=000 R=0.555050 <-- [2.16607775755122*x3 + 1.90845931702394*(x1 + x2)/x3]
    2: S=000 R=0.552845 <-- [(1.862804988360613*x1 + 1.862804988360613*x2 + 0.4380421841630095*x2*x3/x1)/x3]
    3: S=000 R=0.551710 <-- [12.251129753967607 + (x1 + x3 + 0.1530950651497596)/(x3 - 0.07499260478839172)]
    4: S=000 R=0.549526 <-- [2.9698636723948497*x1/x3 + x2]
  Saving Hall of Fame plot to ./log/regression_config_regression_VPG.json_Livermore2_Vars7_11.in_normal_0.0_2023-05-30-032153/dso_regression_config_regression_VPG.json_Livermore2_Vars7_11.in_normal_0.0_plot_hof.png
Pareto Front (5 of 5)____
    0: S=000 R=0.565038 C=16.00 <-- [x6 + 5.319882209569349 + 3.2823901040599917*(x1 + x3*(-x1 + x2))/x3]
    1: S=000 R=0.555050 C=12.00 <-- [2.16607775755122*x3 + 1.90845931702394*(x1 + x2)/x3]
    2: S=000 R=0.549526 C=9.00 <-- [2.9698636723948497*x1/x3 + x2]
    3: S=000 R=0.530434 C=7.00 <-- [1.7646655108794145*x2*(x4 + x5)]
    4: S=000 R=0.515676 C=5.00 <-- [x2*(x1 + 6.222377081238484)]
  Saving Pareto Front plot to ./log/regression_config_regression_VPG.json_Livermore2_Vars7_11.in_normal_0.0_2023-05-30-032153/dso_regression_config_regression_VPG.json_Livermore2_Vars7_11.in_normal_0.0_plot_pf.png
-- ANALYZING LOG END ----------------
== POST-PROCESS END ===================
