['mul', 'X_5', 'mul', 'X_6', 'add', 'X_2', 'cos', 'add', 'X_4', 'add', 'mul', -4, 'pow', 'X_0', 2, 'mul', 'X_1', 'mul', 'X_2', 'X_3']
--------------------
eq_name 	 Livermore2_Vars7_1
num_vars 	 7
vars_range_and_types 	 [{"name": "LogUniform", "range": [0.1, 10], "only_positive": true}, {"name": "LogUniform", "range": [0.1, 10], "only_positive": true}, {"name": "LogUniform", "range": [0.1, 10], "only_positive": true}, {"name": "LogUniform", "range": [0.1, 10], "only_positive": true}, {"name": "LogUniform", "range": [0.1, 10], "only_positive": true}, {"name": "LogUniform", "range": [0.1, 10], "only_positive": true}, {"name": "LogUniform", "range": [0.1, 10], "only_positive": true}]
function_set 	 ['add', 'sub', 'mul', 'div', 'sqrt', 'n2', 'sin', 'cos', 'const']
eq_expression 	 mul,X_5,mul,X_6,add,X_2,cos,add,X_4,add,mul,-4,pow,X_0,2,mul,X_1,mul,X_2,X_3
expr 	 X_5*X_6*(X_2 + cos(-4*X_0**2 + X_1*X_2*X_3 + X_4))
--------------------

== EXPERIMENT SETUP START ===========
Task type            : regression
Starting seed        : 0
Runs                 : 1
== EXPERIMENT SETUP END =============

== TRAINING SEED 0 START ============
self.dataX <dso.symbolic_data_generator.DataX object at 0x2b85f1725c50>, self.data_query_oracle: <dso.symbolic_equation_evaluator_public.Equation_evaluator object at 0x2b85d7f9bd68>
generate dataset!
-- BUILDING PRIOR START -------------
WARNING: Skipping invalid 'RelationalConstraint' with arguments {'targets': [], 'effectors': [], 'relationship': None}. Reason: Prior disabled.
WARNING: Skipping invalid 'TrigConstraint' with arguments {}. Reason: There are no target Tokens.
WARNING: Skipping invalid 'UniformArityPrior' with arguments {}. Reason: Prior disabled.
WARNING: Skipping invalid 'LanguageModelPrior' with arguments {'weight': None}. Reason: Prior disabled.
LengthConstraint: Sequences have minimum length 4.
                  Sequences have maximum length 256.
RepeatConstraint: [const] cannot occur more than 10 times.
RelationalConstraint: [inv] cannot be a child of [inv].
ConstConstraint: [const] cannot be the only unique child of [inv, add, sub, mul, div].
NoInputsConstraint: Sequences contain at least one input variable Token.
SoftLengthPrior: No description available.
-- BUILDING PRIOR END ---------------

-- RUNNING EPOCHS START -------------
[00:00:00:02.70] Training epoch 1/14, current best R: 0.5687

	** New best
	Reward: 0.568692135396427
	Count Off-policy: False
	Count On-policy: True
	Originally on Policy: True
	Invalid: False
	Traversal: sub,x3,sub,x5,mul,x7,mul,div,mul,1.4760051902478373,x6,div,x1,1.4760051902478373,x1
	Expression:
	  x₃ - x₅ + 2.1785913216385544⋅x₆⋅x₇

[00:00:00:04.69] Training epoch 2/14, current best R: 0.8136

	** New best
	Reward: 0.8135505601623048
	Count Off-policy: False
	Count On-policy: True
	Originally on Policy: True
	Invalid: False
	Traversal: add,mul,x1,0.018558152768475666,mul,mul,x6,x7,x3
	Expression:
	  0.018558152768475666⋅x₁ + x₃⋅x₆⋅x₇

[00:00:00:20.29] Training epoch 10/14, current best R: 0.8136
[00:00:00:24.06] Training epoch 12/14, current best R: 0.8136

	** New best
	Reward: 0.8135845212843973
	Count Off-policy: False
	Count On-policy: True
	Originally on Policy: True
	Invalid: False
	Traversal: div,x6,inv,div,x3,inv,mul,0.9949436033388868,x7
	Expression:
	  0.9949436033388868⋅x₃⋅x₆⋅x₇

[00:00:00:28.58] Ending training after epoch 14/14, current best R: 0.8136
-- RUNNING EPOCHS END ---------------

-- EVALUATION START ----------------
Saving Hall of Fame to ./log/regression_config_regression_VPG.json_Livermore2_Vars7_1.in_normal_0.0_2023-05-30-040900/dso_regression_config_regression_VPG.json_Livermore2_Vars7_1.in_normal_0.0_0_hof.csv
Saving Pareto Front to ./log/regression_config_regression_VPG.json_Livermore2_Vars7_1.in_normal_0.0_2023-05-30-040900/dso_regression_config_regression_VPG.json_Livermore2_Vars7_1.in_normal_0.0_0_pf.csv
Invalid expressions: 152 of 14336 (1.1%).
Error type counts:
  reciprocal: 76 (50.0%)
  true_divide: 76 (50.0%)
Error node counts:
  divide: 152 (100.0%)
-- EVALUATION END ------------------
== TRAINING SEED 0 END ==============
INFO: Completed run 1 of 1 in 30 s

== POST-PROCESS START =================
-- LOADING LOGS START ----------------
Successfully loaded summary data
Successfully loaded Hall of Fame data
Successfully loaded Pareto Front data
-- LOADING LOGS END ------------------

-- ANALYZING LOG START --------------
Task_____________regression
Source path______./log/regression_config_regression_VPG.json_Livermore2_Vars7_1.in_normal_0.0_2023-05-30-040900
Runs_____________1
Max Samples/run__15000
Success_rate_____0.0
Hall of Fame (Top 5 of 100)____
    0: S=000 R=0.813585 <-- [0.9949436033388868*x3*x6*x7]
    1: S=000 R=0.813551 <-- [0.018558152768475666*x1 + x3*x6*x7]
    2: S=000 R=0.622346 <-- [x3*x6*x7/(0.6724372582721365 + 1/x1)]
    3: S=000 R=0.613368 <-- [0.27132982644149016*x3*x6*(x6 + x7) + x3 - 0.9620969286550238]
    4: S=000 R=0.596331 <-- [x6*(x3 + 0.19419283410410684*x6*(x3 + x7) - 2.893343799734645)]
  Saving Hall of Fame plot to ./log/regression_config_regression_VPG.json_Livermore2_Vars7_1.in_normal_0.0_2023-05-30-040900/dso_regression_config_regression_VPG.json_Livermore2_Vars7_1.in_normal_0.0_plot_hof.png
Pareto Front (4 of 4)____
    0: S=000 R=0.813585 C=13.00 <-- [0.9949436033388868*x3*x6*x7]
    1: S=000 R=0.813551 C=9.00 <-- [0.018558152768475666*x1 + x3*x6*x7]
    2: S=000 R=0.581512 C=7.00 <-- [x3*(x6 + 2*x7)]
    3: S=000 R=0.576508 C=5.00 <-- [x3*(x6 + x7)]
  Saving Pareto Front plot to ./log/regression_config_regression_VPG.json_Livermore2_Vars7_1.in_normal_0.0_2023-05-30-040900/dso_regression_config_regression_VPG.json_Livermore2_Vars7_1.in_normal_0.0_plot_pf.png
-- ANALYZING LOG END ----------------
== POST-PROCESS END ===================
