['add', 1, 'add', 'X_2', 'add', 'mul', 3.41, 'X_1', 'add', 'mul', -3.406, 'X_0', 'mul', 'X_0', 'mul', 'pow', 'X_1', 0.5, 'cos', 'X_0']
--------------------
eq_name 	 Livermore2_Vars3_17
num_vars 	 3
vars_range_and_types 	 [{"name": "LogUniform", "range": [0.1, 10], "only_positive": true}, {"name": "LogUniform", "range": [0.1, 10], "only_positive": true}, {"name": "LogUniform", "range": [0.1, 10], "only_positive": true}]
function_set 	 ['add', 'sub', 'mul', 'div', 'sqrt', 'sin', 'cos', 'const']
eq_expression 	 add,1,add,X_2,add,mul,3.41,X_1,add,mul,-3.406,X_0,mul,X_0,mul,pow,X_1,0.5,cos,X_0
expr 	 X_0*sqrt(X_1)*cos(X_0) - 3.406*X_0 + 3.41*X_1 + X_2 + 1
--------------------

== EXPERIMENT SETUP START ===========
Task type            : regression
Starting seed        : 0
Runs                 : 1
== EXPERIMENT SETUP END =============

== TRAINING SEED 0 START ============
self.dataX <dso.symbolic_data_generator.DataX object at 0x2aedeefc2b38>, self.data_query_oracle: <dso.symbolic_equation_evaluator_public.Equation_evaluator object at 0x2aedd985cd68>
generate dataset!
-- BUILDING PRIOR START -------------
WARNING: Skipping invalid 'RelationalConstraint' with arguments {'targets': [], 'effectors': [], 'relationship': None}. Reason: Prior disabled.
WARNING: Skipping invalid 'TrigConstraint' with arguments {}. Reason: There are no target Tokens.
WARNING: Skipping invalid 'UniformArityPrior' with arguments {}. Reason: Prior disabled.
WARNING: Skipping invalid 'LanguageModelPrior' with arguments {'weight': None}. Reason: Prior disabled.
LengthConstraint: Sequences have minimum length 4.
                  Sequences have maximum length 256.
RepeatConstraint: [const] cannot occur more than 10 times.
RelationalConstraint: [inv] cannot be a child of [inv].
ConstConstraint: [const] cannot be the only unique child of [inv, add, sub, mul, div].
NoInputsConstraint: Sequences contain at least one input variable Token.
SoftLengthPrior: No description available.
-- BUILDING PRIOR END ---------------

-- RUNNING EPOCHS START -------------
gen	iter	pop_size	nevals	uncached_size	best_val             	timer  
0  	0   	1024    	1024  	1024         	(-0.641739091245176,)	6.25711
1  	1   	1024    	768   	674          	(-0.7541783273931256,)	5.53263
2  	2   	1024    	774   	662          	(-0.7940763463963585,)	7.32923
3  	3   	1024    	769   	650          	(-0.7940763463963585,)	10.2719
4  	4   	1024    	786   	643          	(-0.7946091206870955,)	12.9653
5  	5   	1024    	764   	636          	(-0.7949545304817348,)	15.8861
6  	6   	1024    	813   	684          	(-0.7969619297938569,)	24.7978
7  	7   	1024    	747   	624          	(-0.7980070840539677,)	31.1791
8  	8   	1024    	760   	628          	(-0.8014132972605228,)	33.3118
9  	9   	1024    	763   	648          	(-0.8379244174989999,)	37.3865

--------------------------------------------------
GP Time: 185.168

Unique expressions evaluated: 7808
Total expression evaluations: 7968
--------------------------------------------------

GP -> best program this epoch:

	Reward: 0.8379244174989999
	Count Off-policy: 1
	Count On-policy: 0
	Originally on Policy: False
	Invalid: False
	Traversal: add,x2,add,sub,x2,sub,sub,mul,sub,add,x1,mul,add,mul,0.0009126759395224127,x1,-0.009108719349443507,sub,mul,x1,x2,sub,sub,x1,2014.1480770193857,mul,mul,add,x2,div,x1,0.13196063008796044,x1,x1,x2,2.275292969439547,x3,-39.23025477216745,sub,add,inv,div,div,div,div,mul,sub,mul,sub,x1,1.9609098224880126,inv,x2,inv,add,0.7311057746543854,x1,add,x2,x2,x2,x3,x3,-0.00026935651534841173,x1,x2
	Expression:
                                                                              
	                                                                0.00026935651534
	  -1.275292969439547⋅x₁ + 3.275292969439547⋅x₂ - ───────────────────────────────
	                                                              2              2⋅(
	                                                 - ─────────────────────── + ───
	                                                   x₁ + 0.7311057746543854      

	           2                                                                    
	  841173⋅x₃                                                                     
	  ──────────────────────── + x₃ - 2.275292969439547⋅(0.0009126759395224127⋅x₁ - 
	  x₁ - 1.9609098224880126)                                                      
	  ────────────────────────                                                      
	            x₂                                                                  

                                                                              
	                        ⎛  2                                                    
	  0.009108719349443507)⋅⎝x₁ ⋅(7.578017771917535⋅x₁ + x₂) + x₁⋅x₂ - x₁ + 2014.148
                                                                              
                                                                              
                                                                              

                               
	            ⎞                    
	  0770193857⎠ - 39.23025477216745
                               
                               
                               

None

--------------------------------------------------

[00:00:03:19.72] Training epoch 1/14, current best R: 0.8379

	** New best
	Reward: 0.8379244174989999
	Count Off-policy: 1
	Count On-policy: 0
	Originally on Policy: False
	Invalid: False
	Traversal: add,x2,add,sub,x2,sub,sub,mul,sub,add,x1,mul,add,mul,0.0009126759395224127,x1,-0.009108719349443507,sub,mul,x1,x2,sub,sub,x1,2014.1480770193857,mul,mul,add,x2,div,x1,0.13196063008796044,x1,x1,x2,2.275292969439547,x3,-39.23025477216745,sub,add,inv,div,div,div,div,mul,sub,mul,sub,x1,1.9609098224880126,inv,x2,inv,add,0.7311057746543854,x1,add,x2,x2,x2,x3,x3,-0.00026935651534841173,x1,x2
	Expression:
                                                                              
	                                                                0.00026935651534
	  -1.275292969439547⋅x₁ + 3.275292969439547⋅x₂ - ───────────────────────────────
	                                                              2              2⋅(
	                                                 - ─────────────────────── + ───
	                                                   x₁ + 0.7311057746543854      

	           2                                                                    
	  841173⋅x₃                                                                     
	  ──────────────────────── + x₃ - 2.275292969439547⋅(0.0009126759395224127⋅x₁ - 
	  x₁ - 1.9609098224880126)                                                      
	  ────────────────────────                                                      
	            x₂                                                                  

                                                                              
	                        ⎛  2                                                    
	  0.009108719349443507)⋅⎝x₁ ⋅(7.578017771917535⋅x₁ + x₂) + x₁⋅x₂ - x₁ + 2014.148
                                                                              
                                                                              
                                                                              

                               
	            ⎞                    
	  0770193857⎠ - 39.23025477216745
                               
                               
                               

10 	0   	1024    	1024  	1021         	(-0.7298104891975205,)	6.0568 
11 	1   	1024    	750   	650          	(-0.7930820264094262,)	5.4235 
12 	2   	1024    	767   	644          	(-0.7938644021223983,)	6.83745
13 	3   	1024    	776   	643          	(-0.794958956897485,) 	9.89776
14 	4   	1024    	766   	609          	(-0.7953989694947301,)	13.4897
15 	5   	1024    	759   	607          	(-0.7953989694947301,)	18.9799
16 	6   	1024    	769   	625          	(-0.7978895743368092,)	30.1601
17 	7   	1024    	747   	597          	(-0.7978895743368092,)	40.7969
18 	8   	1024    	757   	583          	(-0.8201279037320582,)	48.402 
19 	9   	1024    	752   	587          	(-0.8201279037320582,)	63.9242

--------------------------------------------------
GP Time: 244.225

Unique expressions evaluated: 15342
Total expression evaluations: 15835
--------------------------------------------------

GP -> best program this epoch:

	Reward: 0.8201279037320582
	Count Off-policy: 1
	Count On-policy: 0
	Originally on Policy: False
	Invalid: False
	Traversal: add,x3,add,mul,add,sub,x2,mul,add,4.267500712196414,div,-0.47356965152063324,x1,div,x1,x2,add,1.4888774024268412,sub,mul,mul,mul,x1,sub,0.020227960363262423,mul,inv,x3,div,mul,x3,sub,2.002206044350759,div,183.60323292535725,add,92.10073048188883,x1,x1,sub,sub,x1,-1.1698131018982483,x2,-108.9954069718125,x1,x2,add,x1,x2
	Expression:
	          ⎛                       ⎛                                             
	          ⎜                       ⎜                       2.002206044350759 - ──
	          ⎜                       ⎜                                           x₁
	  x₁ + x₂⋅⎜- 108.9954069718125⋅x₁⋅⎜0.020227960363262423 - ──────────────────────
	          ⎝                       ⎝                                           x₁

	  183.60323292535725  ⎞                                          ⎛              
	  ────────────────────⎟                                       x₁⋅⎜4.267500712196
	   + 92.10073048188883⎟                                          ⎝              
	  ────────────────────⎟⋅(x₁ - x₂ + 1.1698131018982483) - x₁ - ──────────────────
	                      ⎠                                                         

	        0.47356965152063324⎞                          ⎞          
	  414 - ───────────────────⎟                          ⎟          
	                 x₁        ⎠                          ⎟          
	  ────────────────────────── + x₂ + 1.4888774024268412⎟ + x₂ + x₃
	     x₂                                               ⎠          

None

--------------------------------------------------

-- RUNNING EPOCHS END ---------------

-- EVALUATION START ----------------
Saving Hall of Fame to ./log/regression_config_regression_GPMELD.json_Livermore2_Vars3_17.in_normal_0.0_2023-05-30-031126/dso_regression_config_regression_GPMELD.json_Livermore2_Vars3_17.in_normal_0.0_0_hof.csv
Saving Pareto Front to ./log/regression_config_regression_GPMELD.json_Livermore2_Vars3_17.in_normal_0.0_2023-05-30-031126/dso_regression_config_regression_GPMELD.json_Livermore2_Vars3_17.in_normal_0.0_0_pf.csv
Invalid expressions: 160 of 17883 (0.9%).
Error type counts:
  reciprocal: 102 (63.7%)
  true_divide: 58 (36.2%)
Error node counts:
  divide: 159 (99.4%)
  invalid: 1 (0.6%)
-- EVALUATION END ------------------
== TRAINING SEED 0 END ==============
INFO: Completed run 1 of 1 in 460 s

== POST-PROCESS START =================
-- LOADING LOGS START ----------------
Successfully loaded summary data
Successfully loaded Hall of Fame data
Successfully loaded Pareto Front data
-- LOADING LOGS END ------------------

-- ANALYZING LOG START --------------
Task_____________regression
Source path______./log/regression_config_regression_GPMELD.json_Livermore2_Vars3_17.in_normal_0.0_2023-05-30-031126
Runs_____________1
Max Samples/run__15000
Success_rate_____0.0
Hall of Fame (Top 5 of 100)____
    0: S=000 R=0.837924 <-- [-1.275292969439547*x1 + 3.275292969439547*x2 - 0.00026935651534841173*x3**2/(-2/(x1 + 0.7311057746543854) + 2*(x1 - 1.9609098224880126)/x2) + x3 - 2.275292969439547*(0.0009126759395224127*x1 - 0.009108719349443507)*(x1**2*(7.578017771917535*x1 + x2) + x1*x2 - x1 + 2014.1480770193857) - 39.23025477216745]
    1: S=000 R=0.837924 <-- [-1.275292969439547*x1 + 3.275292969439547*x2 - 0.00026935651534841173*x3**2/(-2/(x1 + 0.7311057746543854) + 2*(x1 - 1.9609098224880126)/x2) + x3 - 2.275292969439547*(0.0009126759395224127*x1 - 0.009108719349443507)*(x1**2*(7.578017771917535*x1 + x2) + x1*x2 - x1 + 2014.1480770193857) - 39.23025477216745]
    2: S=000 R=0.820128 <-- [x1 + x2*(-108.9954069718125*x1*(0.020227960363262423 - (2.002206044350759 - 183.60323292535725/(x1 + 92.10073048188883))/x1)*(x1 - x2 + 1.1698131018982483) - x1 - x1*(4.267500712196414 - 0.47356965152063324/x1)/x2 + x2 + 1.4888774024268412) + x2 + x3]
    3: S=000 R=0.820128 <-- [x1 + x2*(-108.9954069718125*x1*(0.020227960363262423 - (2.002206044350759 - 183.60323292535725/(x1 + 92.10073048188883))/x1)*(x1 - x2 + 1.1698131018982483) - x1 - x1*(4.267500712196414 - 0.47356965152063324/x1)/x2 + x2 + 1.4888774024268412) + x2 + x3]
    4: S=000 R=0.819999 <-- [x2*(-71.86581134447033*x1*(0.02704042281452886 - (2.3641634647319583 - 189.2826701258345/(x1 + 80.51269959342038))/x1)*(x1 - x2 + 1.1530203433429382) - x1 - x1*(3.2665285872485152 - 0.47462674672404875/x1)/x2 + x2 + 1.5059338519395273) + x2 + x3]
  Saving Hall of Fame plot to ./log/regression_config_regression_GPMELD.json_Livermore2_Vars3_17.in_normal_0.0_2023-05-30-031126/dso_regression_config_regression_GPMELD.json_Livermore2_Vars3_17.in_normal_0.0_plot_hof.png
Pareto Front (5 of 21)____
    0: S=000 R=0.837924 C=74.00 <-- [-1.275292969439547*x1 + 3.275292969439547*x2 - 0.00026935651534841173*x3**2/(-2/(x1 + 0.7311057746543854) + 2*(x1 - 1.9609098224880126)/x2) + x3 - 2.275292969439547*(0.0009126759395224127*x1 - 0.009108719349443507)*(x1**2*(7.578017771917535*x1 + x2) + x1*x2 - x1 + 2014.1480770193857) - 39.23025477216745]
    1: S=000 R=0.820128 C=55.00 <-- [x1 + x2*(-108.9954069718125*x1*(0.020227960363262423 - (2.002206044350759 - 183.60323292535725/(x1 + 92.10073048188883))/x1)*(x1 - x2 + 1.1698131018982483) - x1 - x1*(4.267500712196414 - 0.47356965152063324/x1)/x2 + x2 + 1.4888774024268412) + x2 + x3]
    2: S=000 R=0.819999 C=53.00 <-- [x2*(-71.86581134447033*x1*(0.02704042281452886 - (2.3641634647319583 - 189.2826701258345/(x1 + 80.51269959342038))/x1)*(x1 - x2 + 1.1530203433429382) - x1 - x1*(3.2665285872485152 - 0.47462674672404875/x1)/x2 + x2 + 1.5059338519395273) + x2 + x3]
    3: S=000 R=0.813968 C=52.00 <-- [x2*(-x1 - x1*(3.302234872851606 - 0.6484788173749557/x1)/x2 + x2 + (1.1122655354751114 - 1/(x1*(-1.4016045858829083 + 15.017490200079408/x1)))*(x1 - x2 + 3.3823184367686429) - 0.81809200778456633) + x2 + x3]
    4: S=000 R=0.807037 C=49.00 <-- [-1.698354605184348*x1 + 2*x2 + x3 + 0.0006091510737255426*(-2224.2529151526323 - 1/(x1*(0.7395173571889823 - 18.34637875851281/(24.714726455497665 + 1/x1))))*(x1 - x2 + 54.0132654948431) + 75.321607053398971]
  Saving Pareto Front plot to ./log/regression_config_regression_GPMELD.json_Livermore2_Vars3_17.in_normal_0.0_2023-05-30-031126/dso_regression_config_regression_GPMELD.json_Livermore2_Vars3_17.in_normal_0.0_plot_pf.png
-- ANALYZING LOG END ----------------
== POST-PROCESS END ===================
