['mul', 6, 'mul', 'cos', 'X_1', 'sin', 'X_0']
--------------------
eq_name 	 Livermore_10
num_vars 	 2
vars_range_and_types 	 [{"name": "LogUniform", "range": [0.1, 10], "only_positive": true}, {"name": "LogUniform", "range": [0.1, 10], "only_positive": true}]
function_set 	 ['add', 'sub', 'mul', 'div', 'sin', 'cos', 'const']
eq_expression 	 mul,6,mul,cos,X_1,sin,X_0
expr 	 6*sin(X_0)*cos(X_1)
--------------------

== EXPERIMENT SETUP START ===========
Task type            : regression
Starting seed        : 0
Runs                 : 1
== EXPERIMENT SETUP END =============

== TRAINING SEED 0 START ============
self.dataX <dso.symbolic_data_generator.DataX object at 0x2b25b6b21588>, self.data_query_oracle: <dso.symbolic_equation_evaluator_public.Equation_evaluator object at 0x2b25f73f7da0>
generate dataset!
-- BUILDING PRIOR START -------------
WARNING: Skipping invalid 'RelationalConstraint' with arguments {'targets': [], 'effectors': [], 'relationship': None}. Reason: Prior disabled.
WARNING: Skipping invalid 'TrigConstraint' with arguments {}. Reason: There are no target Tokens.
WARNING: Skipping invalid 'UniformArityPrior' with arguments {}. Reason: Prior disabled.
WARNING: Skipping invalid 'LanguageModelPrior' with arguments {'weight': None}. Reason: Prior disabled.
LengthConstraint: Sequences have minimum length 4.
                  Sequences have maximum length 256.
RepeatConstraint: [const] cannot occur more than 10 times.
RelationalConstraint: [inv] cannot be a child of [inv].
ConstConstraint: [const] cannot be the only unique child of [inv, add, sub, mul, div].
NoInputsConstraint: Sequences contain at least one input variable Token.
SoftLengthPrior: No description available.
-- BUILDING PRIOR END ---------------

-- RUNNING EPOCHS START -------------
[00:00:00:11.21] Training epoch 1/14, current best R: 0.5251

	** New best
	Reward: 0.5250585376097638
	Count Off-policy: False
	Count On-policy: True
	Originally on Policy: True
	Invalid: False
	Traversal: inv,div,x2,inv,add,sub,inv,add,mul,x2,mul,div,x1,22.693242948925818,add,166.83899159354382,x2,x2,-0.1788420814374701,x1
	Expression:
	                                             1                                  
	  ──────────────────────────────────────────────────────────────────────────────
	     ⎛                                                      1                   
	  x₂⋅⎜x₁ + 0.1788420814374701 + ────────────────────────────────────────────────
	     ⎝                          0.044065980444074648⋅x₁⋅x₂⋅(x₂ + 166.83899159354

          
	  ──────────
	           ⎞
	  ─────────⎟
	  382) + x₂⎠

[00:00:00:20.76] Training epoch 2/14, current best R: 0.5472

	** New best
	Reward: 0.5472041013729286
	Count Off-policy: False
	Count On-policy: True
	Originally on Policy: True
	Invalid: False
	Traversal: inv,sub,0.3106361321928905,add,x2,mul,x2,sub,sub,div,-1.323797301256,x1,-1.0471033027922356,add,add,-1.0471033027925523,x2,x1
	Expression:
	                                         1                                      
	  ──────────────────────────────────────────────────────────────────────────────
	       ⎛                                1.323797301256⎞                         
	  - x₂⋅⎜-x₁ - x₂ + 2.0942066055847879 - ──────────────⎟ - x₂ + 0.310636132192890
	       ⎝                                      x₁      ⎠                         

 
	  ─
 
	  5
 

[00:00:01:32.51] Training epoch 8/14, current best R: 0.5558

	** New best
	Reward: 0.5557899402812111
	Count Off-policy: False
	Count On-policy: True
	Originally on Policy: True
	Invalid: False
	Traversal: sub,inv,sub,x1,sub,sub,mul,1.2653949339322537,add,sub,x1,inv,sub,x2,add,x1,-2.9894529613054694,x1,x2,x1,0.30446861192260977
	Expression:
	                                                      1                         
	  -0.30446861192260977 + ───────────────────────────────────────────────────────
	                                                             1.2653949339322537 
	                         -0.5307898678645074⋅x₁ + x₂ + ─────────────────────────
	                                                       -x₁ + x₂ + 2.989452961305

    
	  ────
    
	  ────
	  4694

[00:00:01:59.52] Training epoch 10/14, current best R: 0.5558
[00:00:02:58.64] Ending training after epoch 14/14, current best R: 0.5558
-- RUNNING EPOCHS END ---------------

-- EVALUATION START ----------------
Saving Hall of Fame to ./log/regression_config_regression_VPG.json_Livermore_10.in_normal_0.0_2023-05-30-030251/dso_regression_config_regression_VPG.json_Livermore_10.in_normal_0.0_0_hof.csv
Saving Pareto Front to ./log/regression_config_regression_VPG.json_Livermore_10.in_normal_0.0_2023-05-30-030251/dso_regression_config_regression_VPG.json_Livermore_10.in_normal_0.0_0_pf.csv
Invalid expressions: 330 of 14336 (2.3%).
Error type counts:
  reciprocal: 199 (60.3%)
  true_divide: 131 (39.7%)
Error node counts:
  divide: 329 (99.7%)
  invalid: 1 (0.3%)
-- EVALUATION END ------------------
== TRAINING SEED 0 END ==============
INFO: Completed run 1 of 1 in 180 s

== POST-PROCESS START =================
-- LOADING LOGS START ----------------
Successfully loaded summary data
Successfully loaded Hall of Fame data
Successfully loaded Pareto Front data
-- LOADING LOGS END ------------------

-- ANALYZING LOG START --------------
Task_____________regression
Source path______./log/regression_config_regression_VPG.json_Livermore_10.in_normal_0.0_2023-05-30-030251
Runs_____________1
Max Samples/run__15000
Success_rate_____0.0
Hall of Fame (Top 5 of 100)____
    0: S=000 R=0.555790 <-- [-0.30446861192260977 + 1/(-0.5307898678645074*x1 + x2 + 1.2653949339322537/(-x1 + x2 + 2.9894529613054694))]
    1: S=000 R=0.551312 <-- [-0.0640583032959956 + 1/(-x1 + 1/(-0.3105917244675255*x1 - 0.24428424133729441*x2 + 1.185876358739515 - 0.01160603412460878/x2))]
    2: S=000 R=0.550657 <-- [5.988746950457854/(-x1 + 10.0947355976893*x2**2/(2.9649753460853394 - x1) - x2 + 2.9774111069320046)]
    3: S=000 R=0.547204 <-- [1/(-x2*(-x1 - x2 + 2.0942066055847879 - 1.323797301256/x1) - x2 + 0.3106361321928905)]
    4: S=000 R=0.546560 <-- [1/(0.4995339671170756*x1*(0.6128181071998609*x1 + 0.0026494950931964523 + 4.837679107654351/x1) - 0.9047655788356315*x1 + 0.4995339671170756*x2 - 1.6916877982532711)]
  Saving Hall of Fame plot to ./log/regression_config_regression_VPG.json_Livermore_10.in_normal_0.0_2023-05-30-030251/dso_regression_config_regression_VPG.json_Livermore_10.in_normal_0.0_plot_hof.png
Pareto Front (5 of 7)____
    0: S=000 R=0.555790 C=23.00 <-- [-0.30446861192260977 + 1/(-0.5307898678645074*x1 + x2 + 1.2653949339322537/(-x1 + x2 + 2.9894529613054694))]
    1: S=000 R=0.550657 C=21.00 <-- [5.988746950457854/(-x1 + 10.0947355976893*x2**2/(2.9649753460853394 - x1) - x2 + 2.9774111069320046)]
    2: S=000 R=0.547204 C=20.00 <-- [1/(-x2*(-x1 - x2 + 2.0942066055847879 - 1.323797301256/x1) - x2 + 0.3106361321928905)]
    3: S=000 R=0.536554 C=13.00 <-- [1/(0.346728402268465*x1 + x2 - 0.6800936367971379 + 0.346728402268465/x1)]
    4: S=000 R=0.519292 C=10.00 <-- [-0.5083382088052449/(-0.01973634573289191*x1**2 - x2)]
  Saving Pareto Front plot to ./log/regression_config_regression_VPG.json_Livermore_10.in_normal_0.0_2023-05-30-030251/dso_regression_config_regression_VPG.json_Livermore_10.in_normal_0.0_plot_pf.png
-- ANALYZING LOG END ----------------
== POST-PROCESS END ===================
