['mul', 'pow', 'X_2', -1, 'add', 'X_3', 'add', 'mul', -2.86, 'X_0', 'mul', 'X_1', 'pow', 'X_0', 3]
--------------------
eq_name 	 Livermore2_Vars4_19
num_vars 	 4
vars_range_and_types 	 [{"name": "LogUniform", "range": [0.1, 10], "only_positive": true}, {"name": "LogUniform", "range": [0.1, 10], "only_positive": true}, {"name": "LogUniform", "range": [0.1, 10], "only_positive": true}, {"name": "LogUniform", "range": [0.1, 10], "only_positive": true}]
function_set 	 ['add', 'sub', 'mul', 'div', 'sqrt', 'n2', 'pow', 'const']
eq_expression 	 mul,pow,X_2,-1,add,X_3,add,mul,-2.86,X_0,mul,X_1,pow,X_0,3
expr 	 (X_0**3*X_1 - 2.86*X_0 + X_3)/X_2
--------------------

== EXPERIMENT SETUP START ===========
Task type            : regression
Starting seed        : 0
Runs                 : 1
== EXPERIMENT SETUP END =============

== TRAINING SEED 0 START ============
self.dataX <dso.symbolic_data_generator.DataX object at 0x2b0554b09b38>, self.data_query_oracle: <dso.symbolic_equation_evaluator_public.Equation_evaluator object at 0x2b053b366d68>
generate dataset!
-- BUILDING PRIOR START -------------
WARNING: Skipping invalid 'RelationalConstraint' with arguments {'targets': [], 'effectors': [], 'relationship': None}. Reason: Prior disabled.
WARNING: Skipping invalid 'TrigConstraint' with arguments {}. Reason: There are no target Tokens.
WARNING: Skipping invalid 'UniformArityPrior' with arguments {}. Reason: Prior disabled.
WARNING: Skipping invalid 'LanguageModelPrior' with arguments {'weight': None}. Reason: Prior disabled.
LengthConstraint: Sequences have minimum length 4.
                  Sequences have maximum length 256.
RepeatConstraint: [const] cannot occur more than 10 times.
RelationalConstraint: [inv] cannot be a child of [inv].
ConstConstraint: [const] cannot be the only unique child of [inv, add, sub, mul, div].
NoInputsConstraint: Sequences contain at least one input variable Token.
SoftLengthPrior: No description available.
-- BUILDING PRIOR END ---------------

-- RUNNING EPOCHS START -------------
[00:00:00:04.96] Training epoch 1/14, current best R: 0.6854

	** New best
	Reward: 0.6854040801314546
	Count Off-policy: False
	Count On-policy: True
	Originally on Policy: True
	Invalid: False
	Traversal: add,mul,add,-0.9567654490476095,x1,inv,mul,mul,div,mul,0.002299640353546933,add,inv,x4,3394.242404243044,x2,x3,0.002233009632284995,-6.0663085291856484
	Expression:
	  447.8261022890079⋅x₂⋅(x₁ - 0.9567654490476095)                     
	  ────────────────────────────────────────────── - 6.0663085291856484
	     ⎛                    0.002299640353546933⎞                      
	  x₃⋅⎜7.805536802517466 + ────────────────────⎟                      
	     ⎝                             x₄         ⎠                      

[00:00:00:10.35] Training epoch 2/14, current best R: 0.7075

	** New best
	Reward: 0.7075055191196599
	Count Off-policy: False
	Count On-policy: True
	Originally on Policy: True
	Invalid: False
	Traversal: mul,0.9992162446111005,mul,mul,inv,x3,mul,x1,div,x2,x3,x1
	Expression:
	                       2   
	  0.9992162446111005⋅x₁ ⋅x₂
	  ─────────────────────────
	               2           
	             x₃            

[00:00:00:39.96] Training epoch 10/14, current best R: 0.7135

	** New best
	Reward: 0.7134643109097456
	Count Off-policy: False
	Count On-policy: True
	Originally on Policy: True
	Invalid: False
	Traversal: mul,mul,x2,x2,add,mul,div,x1,x3,x1,-3.118127026911753
	Expression:
	      ⎛  2                    ⎞
	    2 ⎜x₁                     ⎟
	  x₂ ⋅⎜─── - 3.118127026911753⎟
	      ⎝ x₃                    ⎠

[00:00:00:39.97] Training epoch 10/14, current best R: 0.7135
[00:00:00:44.38] Training epoch 11/14, current best R: 0.7947

	** New best
	Reward: 0.7946942100292783
	Count Off-policy: False
	Count On-policy: True
	Originally on Policy: True
	Invalid: False
	Traversal: div,x1,div,44.247216334621875,sub,mul,div,x1,div,x3,mul,x2,mul,mul,x1,0.5730916766581764,x1,x1,x1
	Expression:
	     ⎛                       4                             ⎞
	     ⎜0.012952039114147674⋅x₁ ⋅x₂                          ⎟
	  x₁⋅⎜─────────────────────────── - 0.022600291788695768⋅x₁⎟
	     ⎝             x₃                                      ⎠

[00:00:00:52.75] Training epoch 13/14, current best R: 0.8229

	** New best
	Reward: 0.8229317735668724
	Count Off-policy: False
	Count On-policy: True
	Originally on Policy: True
	Invalid: False
	Traversal: inv,mul,div,div,x1,mul,x1,div,inv,div,mul,0.5066628009880109,div,x3,x1,x1,0.5066628009880109,x2,0.5066628009880109
	Expression:
	                      2   
	  7.688523407137672⋅x₁ ⋅x₂
	  ────────────────────────
	             x₃           

[00:00:00:57.16] Ending training after epoch 14/14, current best R: 0.8229
-- RUNNING EPOCHS END ---------------

-- EVALUATION START ----------------
Saving Hall of Fame to ./log/regression_config_regression_DSR.json_Livermore2_Vars4_19.in_normal_0.0_2023-05-30-033326/dso_regression_config_regression_DSR.json_Livermore2_Vars4_19.in_normal_0.0_0_hof.csv
Saving Pareto Front to ./log/regression_config_regression_DSR.json_Livermore2_Vars4_19.in_normal_0.0_2023-05-30-033326/dso_regression_config_regression_DSR.json_Livermore2_Vars4_19.in_normal_0.0_0_pf.csv
Invalid expressions: 247 of 14336 (1.7%).
Error type counts:
  true_divide: 119 (48.2%)
  reciprocal: 128 (51.8%)
Error node counts:
  divide: 247 (100.0%)
-- EVALUATION END ------------------
== TRAINING SEED 0 END ==============
INFO: Completed run 1 of 1 in 58 s

== POST-PROCESS START =================
-- LOADING LOGS START ----------------
Successfully loaded summary data
Successfully loaded Hall of Fame data
Successfully loaded Pareto Front data
-- LOADING LOGS END ------------------

-- ANALYZING LOG START --------------
Task_____________regression
Source path______./log/regression_config_regression_DSR.json_Livermore2_Vars4_19.in_normal_0.0_2023-05-30-033326
Runs_____________1
Max Samples/run__15000
Success_rate_____0.0
Hall of Fame (Top 5 of 100)____
    0: S=000 R=0.822932 <-- [7.688523407137672*x1**2*x2/x3]
    1: S=000 R=0.794694 <-- [x1*(0.012952039114147674*x1**4*x2/x3 - 0.022600291788695768*x1)]
    2: S=000 R=0.719372 <-- [(x1 + x3)*(x1*x2*(-x2 + 8.893022958506148/x3) + x1)]
    3: S=000 R=0.713464 <-- [x2**2*(x1**2/x3 - 3.118127026911753)]
    4: S=000 R=0.712454 <-- [x1**2*x2**2/x3 + x2]
  Saving Hall of Fame plot to ./log/regression_config_regression_DSR.json_Livermore2_Vars4_19.in_normal_0.0_2023-05-30-033326/dso_regression_config_regression_DSR.json_Livermore2_Vars4_19.in_normal_0.0_plot_hof.png
Pareto Front (5 of 9)____
    0: S=000 R=0.822932 C=26.00 <-- [7.688523407137672*x1**2*x2/x3]
    1: S=000 R=0.794694 C=23.00 <-- [x1*(0.012952039114147674*x1**4*x2/x3 - 0.022600291788695768*x1)]
    2: S=000 R=0.719372 C=19.00 <-- [(x1 + x3)*(x1*x2*(-x2 + 8.893022958506148/x3) + x1)]
    3: S=000 R=0.713464 C=12.00 <-- [x2**2*(x1**2/x3 - 3.118127026911753)]
    4: S=000 R=0.657566 C=10.00 <-- [46.2528782684176*x1*(x2 - 0.022324613829868677)/x3]
  Saving Pareto Front plot to ./log/regression_config_regression_DSR.json_Livermore2_Vars4_19.in_normal_0.0_2023-05-30-033326/dso_regression_config_regression_DSR.json_Livermore2_Vars4_19.in_normal_0.0_plot_pf.png
-- ANALYZING LOG END ----------------
== POST-PROCESS END ===================
