['add', 'X_0', 'add', 'X_2', 'mul', 'add', 'X_0', 'pow', 'sin', 'add', 'X_3', 'add', 'mul', 25.56, 'mul', 'pow', 'X_1', -1, 'exp', 'pow', 'X_4', 2, 'mul', -3.47, 'mul', 'X_1', 'mul', 'pow', 'X_4', -1, 'log', 'X_5', 2, 'sin', 'X_1']
--------------------
eq_name 	 Livermore2_Vars6_21
num_vars 	 6
vars_range_and_types 	 [{"name": "LogUniform", "range": [0.1, 10], "only_positive": true}, {"name": "LogUniform", "range": [0.1, 10], "only_positive": true}, {"name": "LogUniform", "range": [0.1, 10], "only_positive": true}, {"name": "LogUniform", "range": [0.1, 10], "only_positive": true}, {"name": "LogUniform", "range": [0.1, 10], "only_positive": true}, {"name": "LogUniform", "range": [0.1, 10], "only_positive": true}]
function_set 	 ['add', 'sub', 'mul', 'div', 'sqrt', 'n2', 'log', 'exp', 'sin', 'cos', 'const']
eq_expression 	 add,X_0,add,X_2,mul,add,X_0,pow,sin,add,X_3,add,mul,25.56,mul,pow,X_1,-1,exp,pow,X_4,2,mul,-3.47,mul,X_1,mul,pow,X_4,-1,log,X_5,2,sin,X_1
expr 	 X_0 + X_2 + (X_0 + sin(-3.47*X_1*log(X_5)/X_4 + X_3 + 25.56*exp(X_4**2)/X_1)**2)*sin(X_1)
--------------------

== EXPERIMENT SETUP START ===========
Task type            : regression
Starting seed        : 0
Runs                 : 1
== EXPERIMENT SETUP END =============

== TRAINING SEED 0 START ============
self.dataX <dso.symbolic_data_generator.DataX object at 0x2b6e0c30b390>, self.data_query_oracle: <dso.symbolic_equation_evaluator_public.Equation_evaluator object at 0x2b6df2b19d68>
generate dataset!
-- BUILDING PRIOR START -------------
WARNING: Skipping invalid 'RelationalConstraint' with arguments {'targets': [], 'effectors': [], 'relationship': None}. Reason: Prior disabled.
WARNING: Skipping invalid 'TrigConstraint' with arguments {}. Reason: There are no target Tokens.
WARNING: Skipping invalid 'UniformArityPrior' with arguments {}. Reason: Prior disabled.
WARNING: Skipping invalid 'LanguageModelPrior' with arguments {'weight': None}. Reason: Prior disabled.
LengthConstraint: Sequences have minimum length 4.
                  Sequences have maximum length 256.
RepeatConstraint: [const] cannot occur more than 10 times.
RelationalConstraint: [inv] cannot be a child of [inv].
ConstConstraint: [const] cannot be the only unique child of [inv, add, sub, mul, div].
NoInputsConstraint: Sequences contain at least one input variable Token.
SoftLengthPrior: No description available.
-- BUILDING PRIOR END ---------------

-- RUNNING EPOCHS START -------------
[00:00:00:03.31] Training epoch 1/14, current best R: 0.6703

	** New best
	Reward: 0.6703409910899282
	Count Off-policy: False
	Count On-policy: True
	Originally on Policy: True
	Invalid: False
	Traversal: add,x3,inv,add,x5,sub,inv,x1,x5
	Expression:
	  x₁ + x₃

[00:00:00:09.97] Training epoch 4/14, current best R: 0.6783

	** New best
	Reward: 0.6782955129782704
	Count Off-policy: False
	Count On-policy: True
	Originally on Policy: True
	Invalid: False
	Traversal: add,div,0.18102808937194978,inv,x3,add,x1,sub,x3,div,x4,9122.280692238934
	Expression:
	  x₁ + 1.1810280893719498⋅x₃ - 0.0001096217090590932⋅x₄

[00:00:00:17.30] Training epoch 7/14, current best R: 0.6992

	** New best
	Reward: 0.6991700315560472
	Count Off-policy: False
	Count On-policy: True
	Originally on Policy: True
	Invalid: False
	Traversal: mul,add,add,x3,x1,0.11927365962256317,1.1761884442607295
	Expression:
	  1.1761884442607295⋅x₁ + 1.1761884442607295⋅x₃ + 0.14028830015274636

[00:00:00:21.83] Training epoch 9/14, current best R: 0.7089

	** New best
	Reward: 0.7088944663707393
	Count Off-policy: False
	Count On-policy: True
	Originally on Policy: True
	Invalid: False
	Traversal: mul,1.0275182512757473,add,div,x1,0.7537851314729406,x3
	Expression:
	  1.3631447588624043⋅x₁ + 1.0275182512757473⋅x₃

[00:00:00:24.06] Training epoch 10/14, current best R: 0.7089
[00:00:00:34.52] Ending training after epoch 14/14, current best R: 0.7089
-- RUNNING EPOCHS END ---------------

-- EVALUATION START ----------------
Saving Hall of Fame to ./log/regression_config_regression_PQT.json_Livermore2_Vars6_21.in_normal_0.0_2023-05-30-040838/dso_regression_config_regression_PQT.json_Livermore2_Vars6_21.in_normal_0.0_0_hof.csv
Saving Pareto Front to ./log/regression_config_regression_PQT.json_Livermore2_Vars6_21.in_normal_0.0_2023-05-30-040838/dso_regression_config_regression_PQT.json_Livermore2_Vars6_21.in_normal_0.0_0_pf.csv
Invalid expressions: 189 of 14336 (1.3%).
Error type counts:
  reciprocal: 91 (48.1%)
  true_divide: 98 (51.9%)
Error node counts:
  divide: 189 (100.0%)

Priority queue entry 0:
	Reward: 0.7088944663707393
	Count Off-policy: False
	Count On-policy: True
	Originally on Policy: True
	Invalid: False
	Traversal: mul,1.0275182512757473,add,div,x1,0.7537851314729406,x3
	Expression:
	  1.3631447588624043⋅x₁ + 1.0275182512757473⋅x₃


Priority queue entry 1:
	Reward: 0.7086978393604881
	Count Off-policy: False
	Count On-policy: True
	Originally on Policy: True
	Invalid: False
	Traversal: sub,mul,x1,2.374709522962382,sub,x1,x3
	Expression:
	  1.374709522962382⋅x₁ + x₃


Priority queue entry 2:
	Reward: 0.708675518953971
	Count Off-policy: False
	Count On-policy: True
	Originally on Policy: True
	Invalid: False
	Traversal: sub,x3,mul,-0.0008188021728589143,mul,x1,add,x1,1671.9729087058251
	Expression:
	  0.0008188021728589143⋅x₁⋅(x₁ + 1671.9729087058251) + x₃


Priority queue entry 3:
	Reward: 0.6991700315560472
	Count Off-policy: False
	Count On-policy: True
	Originally on Policy: True
	Invalid: False
	Traversal: mul,add,add,x3,x1,0.11927365962256317,1.1761884442607295
	Expression:
	  1.1761884442607295⋅x₁ + 1.1761884442607295⋅x₃ + 0.14028830015274636


Priority queue entry 4:
	Reward: 0.698898235739512
	Count Off-policy: False
	Count On-policy: True
	Originally on Policy: True
	Invalid: False
	Traversal: mul,mul,0.00013537480185912774,add,x3,x1,add,x5,add,8818.934579796662,x3
	Expression:
	  (0.00013537480185912774⋅x₁ + 0.00013537480185912774⋅x₃)⋅(x₃ + x₅ + 8818.934579
	  796662)


Priority queue entry 5:
	Reward: 0.6827708103544975
	Count Off-policy: False
	Count On-policy: True
	Originally on Policy: True
	Invalid: False
	Traversal: mul,sub,sub,-11.420520528248483,mul,x3,add,x3,x2,sub,x6,sub,x2,mul,15.719270339433304,x1,-0.08546338093323315
	Expression:
	  1.3434219890114616⋅x₁ - 0.08546338093323315⋅x₂ + 0.08546338093323315⋅x₃⋅(x₂ + 
	  x₃) + 0.08546338093323315⋅x₆ + 0.97603629636150919


Priority queue entry 6:
	Reward: 0.6782955129782704
	Count Off-policy: False
	Count On-policy: True
	Originally on Policy: True
	Invalid: False
	Traversal: add,div,0.18102808937194978,inv,x3,add,x1,sub,x3,div,x4,9122.280692238934
	Expression:
	  x₁ + 1.1810280893719498⋅x₃ - 0.0001096217090590932⋅x₄


Priority queue entry 7:
	Reward: 0.6742128775303708
	Count Off-policy: False
	Count On-policy: True
	Originally on Policy: True
	Invalid: False
	Traversal: add,x1,inv,add,inv,x3,-0.015320447869961187
	Expression:
	                   1             
	  x₁ + ──────────────────────────
	                               1 
	       -0.015320447869961187 + ──
	                               x₃


Priority queue entry 8:
	Reward: 0.670345814882971
	Count Off-policy: False
	Count On-policy: True
	Originally on Policy: True
	Invalid: False
	Traversal: add,add,x1,x3,div,0.00041097129761855187,mul,add,mul,x3,x2,x2,add,sub,x5,x4,x3
	Expression:
	               0.00041097129761855187  
	  x₁ + x₃ + ───────────────────────────
	            (x₂⋅x₃ + x₂)⋅(x₃ - x₄ + x₅)


Priority queue entry 9:
	Reward: 0.6703409910899282
	Count Off-policy: False
	Count On-policy: True
	Originally on Policy: True
	Invalid: False
	Traversal: add,x3,inv,add,x5,sub,inv,x1,x5
	Expression:
	  x₁ + x₃

-- EVALUATION END ------------------
== TRAINING SEED 0 END ==============
INFO: Completed run 1 of 1 in 36 s

== POST-PROCESS START =================
-- LOADING LOGS START ----------------
Successfully loaded summary data
Successfully loaded Hall of Fame data
Successfully loaded Pareto Front data
-- LOADING LOGS END ------------------

-- ANALYZING LOG START --------------
Task_____________regression
Source path______./log/regression_config_regression_PQT.json_Livermore2_Vars6_21.in_normal_0.0_2023-05-30-040838
Runs_____________1
Max Samples/run__15000
Success_rate_____0.0
Hall of Fame (Top 5 of 100)____
    0: S=000 R=0.708894 <-- [1.3631447588624043*x1 + 1.0275182512757473*x3]
    1: S=000 R=0.708698 <-- [1.374709522962382*x1 + x3]
    2: S=000 R=0.708676 <-- [0.0008188021728589143*x1*(x1 + 1671.9729087058251) + x3]
    3: S=000 R=0.699660 <-- [1.1853283206067462*x1 + 1.1853283206067462*x3 + 0.028468622045615698*x4 - 0.028351247882378249 + 0.014736137322405679/(x3*x4)]
    4: S=000 R=0.699170 <-- [1.1761884442607295*x1 + 1.1761884442607295*x3 + 0.14028830015274636]
  Saving Hall of Fame plot to ./log/regression_config_regression_PQT.json_Livermore2_Vars6_21.in_normal_0.0_2023-05-30-040838/dso_regression_config_regression_PQT.json_Livermore2_Vars6_21.in_normal_0.0_plot_hof.png
Pareto Front (3 of 3)____
    0: S=000 R=0.708894 C=8.00 <-- [1.3631447588624043*x1 + 1.0275182512757473*x3]
    1: S=000 R=0.708698 C=7.00 <-- [1.374709522962382*x1 + x3]
    2: S=000 R=0.593042 C=5.00 <-- [1.3355848097988403*x1 + 2.3267522366796018]
  Saving Pareto Front plot to ./log/regression_config_regression_PQT.json_Livermore2_Vars6_21.in_normal_0.0_2023-05-30-040838/dso_regression_config_regression_PQT.json_Livermore2_Vars6_21.in_normal_0.0_plot_pf.png
-- ANALYZING LOG END ----------------
== POST-PROCESS END ===================
