['add', 'X_0', 'cos', 'mul', 'X_1', 'pow', 'log', 'add', 'X_3', 'mul', 'X_2', 'pow', 'X_1', 2, -1]
--------------------
eq_name 	 Livermore2_Vars4_7
num_vars 	 4
vars_range_and_types 	 [{"name": "LogUniform", "range": [0.1, 10], "only_positive": true}, {"name": "LogUniform", "range": [0.1, 10], "only_positive": true}, {"name": "LogUniform", "range": [0.1, 10], "only_positive": true}, {"name": "LogUniform", "range": [0.1, 10], "only_positive": true}]
function_set 	 ['add', 'sub', 'mul', 'div', 'const', 'log', 'sin', 'cos']
eq_expression 	 add,X_0,cos,mul,X_1,pow,log,add,X_3,mul,X_2,pow,X_1,2,-1
expr 	 X_0 + cos(X_1/log(X_1**2*X_2 + X_3))
--------------------

== EXPERIMENT SETUP START ===========
Task type            : regression
Starting seed        : 0
Runs                 : 1
== EXPERIMENT SETUP END =============

== TRAINING SEED 0 START ============
self.dataX <dso.symbolic_data_generator.DataX object at 0x2b31067c0b38>, self.data_query_oracle: <dso.symbolic_equation_evaluator_public.Equation_evaluator object at 0x2b30ed05ad68>
generate dataset!
-- BUILDING PRIOR START -------------
WARNING: Skipping invalid 'RelationalConstraint' with arguments {'targets': [], 'effectors': [], 'relationship': None}. Reason: Prior disabled.
WARNING: Skipping invalid 'TrigConstraint' with arguments {}. Reason: There are no target Tokens.
WARNING: Skipping invalid 'UniformArityPrior' with arguments {}. Reason: Prior disabled.
WARNING: Skipping invalid 'LanguageModelPrior' with arguments {'weight': None}. Reason: Prior disabled.
LengthConstraint: Sequences have minimum length 4.
                  Sequences have maximum length 256.
RepeatConstraint: [const] cannot occur more than 10 times.
RelationalConstraint: [inv] cannot be a child of [inv].
ConstConstraint: [const] cannot be the only unique child of [inv, add, sub, mul, div].
NoInputsConstraint: Sequences contain at least one input variable Token.
SoftLengthPrior: No description available.
-- BUILDING PRIOR END ---------------

-- RUNNING EPOCHS START -------------
[00:00:00:04.47] Training epoch 1/14, current best R: 0.8239

	** New best
	Reward: 0.823856023007247
	Count Off-policy: False
	Count On-policy: True
	Originally on Policy: True
	Invalid: False
	Traversal: mul,x3,mul,add,add,div,0.2834226345960749,x2,x1,x1,inv,div,sub,-0.011536209906113187,x3,-0.5223994339159477
	Expression:
	            ⎛       0.2834226345960749⎞      
	         x₃⋅⎜2⋅x₁ + ──────────────────⎟      
	            ⎝               x₂        ⎠      
	  ───────────────────────────────────────────
	  1.914244034500421⋅x₃ + 0.022083120993521834

[00:00:00:26.87] Training epoch 6/14, current best R: 0.8345

	** New best
	Reward: 0.8344964701286645
	Count Off-policy: False
	Count On-policy: True
	Originally on Policy: True
	Invalid: False
	Traversal: add,div,sub,4.9719209253960726,x2,sub,6.823183712177169,mul,add,sub,sub,x1,x1,x2,x2,x1,x1
	Expression:
	  x₁ - 0.1465591492451426⋅x₂ + 0.72868050094017063

[00:00:00:47.69] Training epoch 10/14, current best R: 0.8483

	** New best
	Reward: 0.8483367242459441
	Count Off-policy: False
	Count On-policy: True
	Originally on Policy: True
	Invalid: False
	Traversal: sub,0.7278210383747663,sub,mul,sub,0.20395352928036858,add,x3,mul,-0.9731632968686613,div,mul,x4,x3,x4,x2,x1
	Expression:
	  x₁ - x₂⋅(0.20395352928036858 - 0.02683670313133869⋅x₃) + 0.7278210383747663

[00:00:00:47.71] Training epoch 10/14, current best R: 0.8483
[00:00:01:11.39] Ending training after epoch 14/14, current best R: 0.8483
-- RUNNING EPOCHS END ---------------

-- EVALUATION START ----------------
Saving Hall of Fame to ./log/regression_config_regression_DSR.json_Livermore2_Vars4_7.in_normal_0.0_2023-05-30-042357/dso_regression_config_regression_DSR.json_Livermore2_Vars4_7.in_normal_0.0_0_hof.csv
Saving Pareto Front to ./log/regression_config_regression_DSR.json_Livermore2_Vars4_7.in_normal_0.0_2023-05-30-042357/dso_regression_config_regression_DSR.json_Livermore2_Vars4_7.in_normal_0.0_0_pf.csv
Invalid expressions: 229 of 14336 (1.6%).
Error type counts:
  true_divide: 90 (39.3%)
  reciprocal: 139 (60.7%)
Error node counts:
  divide: 228 (99.6%)
  invalid: 1 (0.4%)
-- EVALUATION END ------------------
== TRAINING SEED 0 END ==============
INFO: Completed run 1 of 1 in 73 s

== POST-PROCESS START =================
-- LOADING LOGS START ----------------
Successfully loaded summary data
Successfully loaded Hall of Fame data
Successfully loaded Pareto Front data
-- LOADING LOGS END ------------------

-- ANALYZING LOG START --------------
Task_____________regression
Source path______./log/regression_config_regression_DSR.json_Livermore2_Vars4_7.in_normal_0.0_2023-05-30-042357
Runs_____________1
Max Samples/run__15000
Success_rate_____0.0
Hall of Fame (Top 5 of 100)____
    0: S=000 R=0.848337 <-- [x1 - x2*(0.20395352928036858 - 0.02683670313133869*x3) + 0.7278210383747663]
    1: S=000 R=0.839475 <-- [x1 - 0.1464130577950105*x2 + 0.053029662054251135*x4 + 0.6137292284487868]
    2: S=000 R=0.836941 <-- [x1 - 0.08530862018728519*x2 + 0.415507842742872 + 0.08530862018728519/x2]
    3: S=000 R=0.834763 <-- [x1 - 0.03706102360009207*x2/x3 + 0.587378132831025]
    4: S=000 R=0.834503 <-- [0.9979654067386883*x1 - 0.1465633082705488*x2 + 0.7330365312328431]
  Saving Hall of Fame plot to ./log/regression_config_regression_DSR.json_Livermore2_Vars4_7.in_normal_0.0_2023-05-30-042357/dso_regression_config_regression_DSR.json_Livermore2_Vars4_7.in_normal_0.0_plot_hof.png
Pareto Front (5 of 7)____
    0: S=000 R=0.848337 C=18.00 <-- [x1 - x2*(0.20395352928036858 - 0.02683670313133869*x3) + 0.7278210383747663]
    1: S=000 R=0.836941 C=11.00 <-- [x1 - 0.08530862018728519*x2 + 0.415507842742872 + 0.08530862018728519/x2]
    2: S=000 R=0.834763 C=10.00 <-- [x1 - 0.03706102360009207*x2/x3 + 0.587378132831025]
    3: S=000 R=0.820844 C=8.00 <-- [x1 + 0.1534980020904047/x2]
    4: S=000 R=0.803561 C=7.00 <-- [x1 + 0.41884622037928804]
  Saving Pareto Front plot to ./log/regression_config_regression_DSR.json_Livermore2_Vars4_7.in_normal_0.0_2023-05-30-042357/dso_regression_config_regression_DSR.json_Livermore2_Vars4_7.in_normal_0.0_plot_pf.png
-- ANALYZING LOG END ----------------
== POST-PROCESS END ===================
