['mul', 'pow', 'X_0', -2, 'mul', 'add', 'X_0', 'add', 'X_1', 'mul', 'X_1', 'add', 'mul', 6.81, 'X_0', 'mul', -1.49, 'mul', 'X_0', 'pow', 'X_1', 2, 'cos', 'add', 'pow', 'X_0', 0.5, 'add', 'mul', -1, 'X_1', 'mul', 2, 'X_0']
--------------------
eq_name 	 Livermore2_Vars2_13
num_vars 	 2
vars_range_and_types 	 [{"name": "LogUniform", "range": [0.1, 10], "only_positive": true}, {"name": "LogUniform", "range": [0.1, 10], "only_positive": true}]
function_set 	 ['add', 'sub', 'mul', 'div', 'sqrt', 'n2', 'sin', 'cos', 'const']
eq_expression 	 mul,pow,X_0,-2,mul,add,X_0,add,X_1,mul,X_1,add,mul,6.81,X_0,mul,-1.49,mul,X_0,pow,X_1,2,cos,add,pow,X_0,0.5,add,mul,-1,X_1,mul,2,X_0
expr 	 (X_0 + X_1*(-1.49*X_0*X_1**2 + 6.81*X_0) + X_1)*cos(sqrt(X_0) + 2*X_0 - X_1)/X_0**2
--------------------

== EXPERIMENT SETUP START ===========
Task type            : regression
Starting seed        : 0
Runs                 : 1
== EXPERIMENT SETUP END =============

== TRAINING SEED 0 START ============
self.dataX <dso.symbolic_data_generator.DataX object at 0x2b81d9470898>, self.data_query_oracle: <dso.symbolic_equation_evaluator_public.Equation_evaluator object at 0x2b81bfcccd68>
generate dataset!
-- BUILDING PRIOR START -------------
WARNING: Skipping invalid 'RelationalConstraint' with arguments {'targets': [], 'effectors': [], 'relationship': None}. Reason: Prior disabled.
WARNING: Skipping invalid 'TrigConstraint' with arguments {}. Reason: There are no target Tokens.
WARNING: Skipping invalid 'UniformArityPrior' with arguments {}. Reason: Prior disabled.
WARNING: Skipping invalid 'LanguageModelPrior' with arguments {'weight': None}. Reason: Prior disabled.
LengthConstraint: Sequences have minimum length 4.
                  Sequences have maximum length 256.
RepeatConstraint: [const] cannot occur more than 10 times.
RelationalConstraint: [inv] cannot be a child of [inv].
ConstConstraint: [const] cannot be the only unique child of [inv, add, sub, mul, div].
NoInputsConstraint: Sequences contain at least one input variable Token.
SoftLengthPrior: No description available.
-- BUILDING PRIOR END ---------------

-- RUNNING EPOCHS START -------------
[00:00:00:08.62] Training epoch 1/14, current best R: 0.5376

	** New best
	Reward: 0.5375532442586315
	Count Off-policy: False
	Count On-policy: True
	Originally on Policy: True
	Invalid: False
	Traversal: mul,div,add,add,inv,sub,add,sub,mul,inv,div,0.9242862992351348,add,0.10468712877137107,add,0.10468712783445673,add,x2,x1,0.8965940841741299,x1,x1,x2,-8.467110758476144,x1,x1,x2
	Expression:
	     ⎛                                                          1               
	  x₂⋅⎜x₁ - 8.467110758476144 + ─────────────────────────────────────────────────
	     ⎝                         0.970039353516415⋅x₁ - 0.02996064648358497⋅x₂ + 0
	  ──────────────────────────────────────────────────────────────────────────────
	                                                  x₁                            

	                    ⎞
	  ──────────────────⎟
	  .20310126852089719⎠
	  ───────────────────
                   

[00:00:00:15.90] Training epoch 2/14, current best R: 0.5775

	** New best
	Reward: 0.5774598864110367
	Count Off-policy: False
	Count On-policy: True
	Originally on Policy: True
	Invalid: False
	Traversal: div,sub,x1,sub,add,x2,x2,5.573105666054916,div,inv,mul,-2.7781101701782114,x2,div,add,-7.920633054706644,x2,x1
	Expression:
	  -2.7781101701782114⋅x₂⋅(x₂ - 7.920633054706644)⋅(x₁ - 2⋅x₂ + 5.573105666054916
	  ──────────────────────────────────────────────────────────────────────────────
	                                         x₁                                     

	  ) 
	  ──
  

[00:00:00:36.77] Training epoch 5/14, current best R: 0.6162

	** New best
	Reward: 0.6161582839425425
	Count Off-policy: False
	Count On-policy: True
	Originally on Policy: True
	Invalid: False
	Traversal: inv,div,div,1.984783403632021,inv,mul,div,add,inv,div,add,-8.416028029096385,x2,x1,-0.04209362181551858,x2,x1,x2
	Expression:
	                                     2             
	                0.5038333140886138⋅x₂              
	  ─────────────────────────────────────────────────
	     ⎛          x₁                                ⎞
	  x₁⋅⎜────────────────────── - 0.04209362181551858⎟
	     ⎝x₂ - 8.416028029096385                      ⎠

[00:00:00:49.36] Training epoch 7/14, current best R: 0.6272

	** New best
	Reward: 0.6272107493517174
	Count Off-policy: False
	Count On-policy: True
	Originally on Policy: True
	Invalid: False
	Traversal: div,0.004670486917480082,mul,div,div,x1,inv,div,mul,inv,x2,inv,add,-66.32478508004439,mul,x2,x2,x2,x2,x1
	Expression:
	                         3 ⎛  2                    ⎞
	  0.004670486917480082⋅x₂ ⋅⎝x₂  - 66.32478508004439⎠
	  ──────────────────────────────────────────────────
	                           2                        
	                         x₁                         

[00:00:01:13.59] Training epoch 10/14, current best R: 0.6272
[00:00:01:46.16] Ending training after epoch 14/14, current best R: 0.6272
-- RUNNING EPOCHS END ---------------

-- EVALUATION START ----------------
Saving Hall of Fame to ./log/regression_config_regression_DSR.json_Livermore2_Vars2_13.in_normal_0.0_2023-05-30-042300/dso_regression_config_regression_DSR.json_Livermore2_Vars2_13.in_normal_0.0_0_hof.csv
Saving Pareto Front to ./log/regression_config_regression_DSR.json_Livermore2_Vars2_13.in_normal_0.0_2023-05-30-042300/dso_regression_config_regression_DSR.json_Livermore2_Vars2_13.in_normal_0.0_0_pf.csv
Invalid expressions: 348 of 14336 (2.4%).
Error type counts:
  reciprocal: 206 (59.2%)
  true_divide: 142 (40.8%)
Error node counts:
  divide: 348 (100.0%)
-- EVALUATION END ------------------
== TRAINING SEED 0 END ==============
INFO: Completed run 1 of 1 in 108 s

== POST-PROCESS START =================
-- LOADING LOGS START ----------------
Successfully loaded summary data
Successfully loaded Hall of Fame data
Successfully loaded Pareto Front data
-- LOADING LOGS END ------------------

-- ANALYZING LOG START --------------
Task_____________regression
Source path______./log/regression_config_regression_DSR.json_Livermore2_Vars2_13.in_normal_0.0_2023-05-30-042300
Runs_____________1
Max Samples/run__15000
Success_rate_____0.0
Hall of Fame (Top 5 of 100)____
    0: S=000 R=0.627211 <-- [0.004670486917480082*x2**3*(x2**2 - 66.32478508004439)/x1**2]
    1: S=000 R=0.616158 <-- [0.5038333140886138*x2**2/(x1*(x1/(x2 - 8.416028029096385) - 0.04209362181551858))]
    2: S=000 R=0.609287 <-- [0.31137653685178225*x2**2*(-15.732970053297311 + (-x1/x2**2 + 2*x2)/x1)*(x2 - 8.089852809612452)]
    3: S=000 R=0.603923 <-- [0.07001808581119083*x2*(x2*(-x1 + 1/(-0.09662034703025921 + 1/x2)) + x2 - 350.1177929472562)/x1]
    4: S=000 R=0.589334 <-- [x2*(x2 + 0.49445973186115249*x2**2*(x2 - 8.118091853058981)/x1)]
  Saving Hall of Fame plot to ./log/regression_config_regression_DSR.json_Livermore2_Vars2_13.in_normal_0.0_2023-05-30-042300/dso_regression_config_regression_DSR.json_Livermore2_Vars2_13.in_normal_0.0_plot_hof.png
Pareto Front (5 of 15)____
    0: S=000 R=0.627211 C=27.00 <-- [0.004670486917480082*x2**3*(x2**2 - 66.32478508004439)/x1**2]
    1: S=000 R=0.616158 C=25.00 <-- [0.5038333140886138*x2**2/(x1*(x1/(x2 - 8.416028029096385) - 0.04209362181551858))]
    2: S=000 R=0.589334 C=24.00 <-- [x2*(x2 + 0.49445973186115249*x2**2*(x2 - 8.118091853058981)/x1)]
    3: S=000 R=0.577460 C=22.00 <-- [-2.7781101701782114*x2*(x2 - 7.920633054706644)*(x1 - 2*x2 + 5.573105666054916)/x1]
    4: S=000 R=0.573515 C=20.00 <-- [1/(0.0011073197089193007*x1 + 1.0011073197089193*(-0.10219611559632744 + 1/x2)/(x2*(x2 - 6.737321768139752)))]
  Saving Pareto Front plot to ./log/regression_config_regression_DSR.json_Livermore2_Vars2_13.in_normal_0.0_2023-05-30-042300/dso_regression_config_regression_DSR.json_Livermore2_Vars2_13.in_normal_0.0_plot_pf.png
-- ANALYZING LOG END ----------------
== POST-PROCESS END ===================
