['add', 'mul', 'pow', 'X_2', 4, 'pow', 'add', 'mul', -1, 'X_1', 'mul', 'X_1', 'pow', 'X_0', -1, 4, 'mul', -2.24, 'mul', 'X_2', 'pow', 'X_0', 3]
--------------------
eq_name 	 Livermore2_Vars3_5
num_vars 	 3
vars_range_and_types 	 [{"name": "LogUniform", "range": [0.1, 10], "only_positive": true}, {"name": "LogUniform", "range": [0.1, 10], "only_positive": true}, {"name": "LogUniform", "range": [0.1, 10], "only_positive": true}]
function_set 	 ['add', 'sub', 'mul', 'div', 'n2', 'n3', 'n4', 'const']
eq_expression 	 add,mul,pow,X_2,4,pow,add,mul,-1,X_1,mul,X_1,pow,X_0,-1,4,mul,-2.24,mul,X_2,pow,X_0,3
expr 	 -2.24*X_0**3*X_2 + X_2**4*(-X_1 + X_1/X_0)**4
--------------------

== EXPERIMENT SETUP START ===========
Task type            : regression
Starting seed        : 0
Runs                 : 1
== EXPERIMENT SETUP END =============

== TRAINING SEED 0 START ============
self.dataX <dso.symbolic_data_generator.DataX object at 0x2baaed805b38>, self.data_query_oracle: <dso.symbolic_equation_evaluator_public.Equation_evaluator object at 0x2baad4088d68>
generate dataset!
-- BUILDING PRIOR START -------------
WARNING: Skipping invalid 'RelationalConstraint' with arguments {'targets': [], 'effectors': [], 'relationship': None}. Reason: Prior disabled.
WARNING: Skipping invalid 'TrigConstraint' with arguments {}. Reason: There are no target Tokens.
WARNING: Skipping invalid 'UniformArityPrior' with arguments {}. Reason: Prior disabled.
WARNING: Skipping invalid 'LanguageModelPrior' with arguments {'weight': None}. Reason: Prior disabled.
LengthConstraint: Sequences have minimum length 4.
                  Sequences have maximum length 256.
RepeatConstraint: [const] cannot occur more than 10 times.
RelationalConstraint: [inv] cannot be a child of [inv].
ConstConstraint: [const] cannot be the only unique child of [inv, add, sub, mul, div].
NoInputsConstraint: Sequences contain at least one input variable Token.
SoftLengthPrior: No description available.
-- BUILDING PRIOR END ---------------

-- RUNNING EPOCHS START -------------
gen	iter	pop_size	nevals	uncached_size	best_val              	timer  
0  	0   	1024    	1024  	1024         	(-0.5053106521677118,)	1.67686
1  	1   	1024    	750   	658          	(-0.5053106521677118,)	0.341514
2  	2   	1024    	743   	643          	(-0.699001128666382,) 	0.572183
3  	3   	1024    	765   	683          	(-0.7104773226174241,)	0.921612
4  	4   	1024    	785   	700          	(-0.8552118701436511,)	1.83639 
5  	5   	1024    	791   	706          	(-0.9138588027875801,)	6.40638 
6  	6   	1024    	782   	685          	(-0.927814248567321,) 	10.0295 
7  	7   	1024    	774   	711          	(-0.9670878244667628,)	15.3795 
8  	8   	1024    	756   	701          	(-0.9854498510244974,)	28.5128 
9  	9   	1024    	766   	695          	(-0.994444794010537,) 	32.7135 

--------------------------------------------------
GP Time: 98.634

Unique expressions evaluated: 8165
Total expression evaluations: 7936
--------------------------------------------------

GP -> best program this epoch:

	Reward: 0.994444794010537
	Count Off-policy: 1
	Count On-policy: 0
	Originally on Policy: False
	Invalid: False
	Traversal: mul,mul,div,x3,x1,mul,div,mul,0.19561792720534635,x2,add,x2,x3,sub,sub,x2,-0.26510073929285866,inv,x2,sub,x3,div,mul,add,mul,mul,div,div,add,div,x2,x2,sub,x2,add,x1,div,x3,mul,inv,mul,mul,x2,mul,x2,x3,add,x3,x2,x1,x1,x2,sub,div,0.23316223307318865,x1,-1.0439226926027256,x2,0.999995681121989,x3,x1
	Expression:
	                            ⎛        ⎛                                          
	                            ⎜        ⎜                    ⎛                     
	                            ⎜        ⎜                    ⎜1.0439226926027256 + 
	                            ⎜        ⎜                    ⎝                     
	                            ⎜     x₃⋅⎜0.999995681121989 + ──────────────────────
	                            ⎜        ⎝                                          
	  0.19561792720534635⋅x₂⋅x₃⋅⎜x₃ - ──────────────────────────────────────────────
	                            ⎝                                                   
	  ──────────────────────────────────────────────────────────────────────────────
                                                                              

	                       ⎛                 2   2          ⎞⎞⎞                     
	  0.23316223307318865⎞ ⎜               x₂ ⋅x₃ ⋅(x₂ + x₃)⎟⎟⎟                     
	  ───────────────────⎟⋅⎜-x₁ + x₂ + 1 - ─────────────────⎟⎟⎟                     
	           x₁        ⎠ ⎝                       x₁       ⎠⎟⎟                     
	  ───────────────────────────────────────────────────────⎟⎟                     
	                  x₁                                     ⎠⎟ ⎛                   
	  ────────────────────────────────────────────────────────⎟⋅⎜x₂ + 0.265100739292
	      x₁                                                  ⎠ ⎝                   
	  ──────────────────────────────────────────────────────────────────────────────
	  x₁⋅(x₂ + x₃)                                                                  

           
           
           
           
           
	          1 ⎞
	  85866 - ──⎟
	          x₂⎠
	  ───────────
           

None

--------------------------------------------------

[00:00:01:44.99] Training epoch 1/14, current best R: 0.9944

	** New best
	Reward: 0.994444794010537
	Count Off-policy: 1
	Count On-policy: 0
	Originally on Policy: False
	Invalid: False
	Traversal: mul,mul,div,x3,x1,mul,div,mul,0.19561792720534635,x2,add,x2,x3,sub,sub,x2,-0.26510073929285866,inv,x2,sub,x3,div,mul,add,mul,mul,div,div,add,div,x2,x2,sub,x2,add,x1,div,x3,mul,inv,mul,mul,x2,mul,x2,x3,add,x3,x2,x1,x1,x2,sub,div,0.23316223307318865,x1,-1.0439226926027256,x2,0.999995681121989,x3,x1
	Expression:
	                            ⎛        ⎛                                          
	                            ⎜        ⎜                    ⎛                     
	                            ⎜        ⎜                    ⎜1.0439226926027256 + 
	                            ⎜        ⎜                    ⎝                     
	                            ⎜     x₃⋅⎜0.999995681121989 + ──────────────────────
	                            ⎜        ⎝                                          
	  0.19561792720534635⋅x₂⋅x₃⋅⎜x₃ - ──────────────────────────────────────────────
	                            ⎝                                                   
	  ──────────────────────────────────────────────────────────────────────────────
                                                                              

	                       ⎛                 2   2          ⎞⎞⎞                     
	  0.23316223307318865⎞ ⎜               x₂ ⋅x₃ ⋅(x₂ + x₃)⎟⎟⎟                     
	  ───────────────────⎟⋅⎜-x₁ + x₂ + 1 - ─────────────────⎟⎟⎟                     
	           x₁        ⎠ ⎝                       x₁       ⎠⎟⎟                     
	  ───────────────────────────────────────────────────────⎟⎟                     
	                  x₁                                     ⎠⎟ ⎛                   
	  ────────────────────────────────────────────────────────⎟⋅⎜x₂ + 0.265100739292
	      x₁                                                  ⎠ ⎝                   
	  ──────────────────────────────────────────────────────────────────────────────
	  x₁⋅(x₂ + x₃)                                                                  

           
           
           
           
           
	          1 ⎞
	  85866 - ──⎟
	          x₂⎠
	  ───────────
           

10 	0   	1024    	1024  	1021         	(-0.49989243324985394,)	0.365113
11 	1   	1024    	729   	628          	(-0.49989243324985394,)	0.255539
12 	2   	1024    	786   	663          	(-0.5009456516578014,) 	0.421737
13 	3   	1024    	766   	675          	(-0.5680416975882405,) 	0.711842
14 	4   	1024    	756   	658          	(-0.8835490725694995,) 	0.987069
15 	5   	1024    	761   	675          	(-0.9915635017838378,) 	3.94091 
16 	6   	1024    	770   	666          	(-0.9934020425145648,) 	16.7371 
17 	7   	1024    	746   	668          	(-0.9934020425145648,) 	42.3971 
18 	8   	1024    	757   	672          	(-0.9934418167112807,) 	119.954 
19 	9   	1024    	760   	661          	(-0.9967768805510316,) 	211.168 

--------------------------------------------------
GP Time: 397.195

Unique expressions evaluated: 16122
Total expression evaluations: 15791
--------------------------------------------------

GP -> best program this epoch:

	Reward: 0.9967768805510316
	Count Off-policy: 1
	Count On-policy: 0
	Originally on Policy: False
	Invalid: False
	Traversal: mul,inv,mul,inv,mul,add,add,mul,mul,0.4980173311017406,mul,add,mul,mul,0.6174273785127727,mul,add,mul,x2,mul,div,mul,x3,x2,mul,x2,x1,add,inv,x1,mul,x1,add,mul,div,x2,x1,sub,0.0674519759749384,x1,mul,mul,x3,x1,mul,0.4146482412799162,x1,div,x2,x3,add,div,add,-15.044555981327326,x3,x3,add,x2,div,x3,x1,x3,div,x2,x3,add,div,x2,x3,add,add,mul,-0.22682214878392656,x1,mul,mul,inv,x3,sub,x1,x2,div,mul,1.6106705433496458,x2,div,x2,1.610511287476754,div,x3,x1,add,x1,0.10716229652673634,mul,inv,x2,x2,x1,mul,x2,x2,x1,x2
	Expression:
	      ⎛                                                   ⎛                     
	      ⎜                                                   ⎜                     
	    3 ⎜                                                   ⎜x₂                   
	  x₂ ⋅⎜x₁ + 0.4980173311017406⋅(x₁ + 0.10716229652673634)⋅⎜── + 0.61742737851277
	      ⎝                                                   ⎝x₃                   
	  ──────────────────────────────────────────────────────────────────────────────
                                                                              

	        ⎛           ⎛   ⎛                     2      x₂⋅(0.0674519759749384 - x₁
	        ⎜     x₂⋅x₃⋅⎜x₁⋅⎜0.4146482412799162⋅x₁ ⋅x₃ + ───────────────────────────
	        ⎜x₂         ⎝   ⎝                                         x₁            
	  27⋅x₃⋅⎜── + ──────────────────────────────────────────────────────────────────
	        ⎝x₃                                       x₁                            
	  ──────────────────────────────────────────────────────────────────────────────
	                                                            x₁                  

	  )⎞   1 ⎞⎞                                    ⎞                                
	  ─⎟ + ──⎟⎟                                    ⎟                                
	   ⎠   x₁⎠⎟ ⎛     x₃ - 15.044555981327326   x₃⎞⎟ ⎛                          x₂  
	  ────────⎟⋅⎜x₂ + ─────────────────────── + ──⎟⎟⋅⎜-0.22682214878392656⋅x₁ + ── +
	          ⎠ ⎝                x₃             x₁⎠⎠ ⎝                          x₃  
	  ──────────────────────────────────────────────────────────────────────────────
                                                                              

	                                        ⎞
	                                        ⎟
	   2.594003090470921⋅(x₁ - x₂)   x₃⎞    ⎟
	   ─────────────────────────── + ──⎟ + 1⎟
	                x₃               x₁⎠    ⎠
	  ───────────────────────────────────────
                                       

None

--------------------------------------------------

[00:00:08:40.64] Training epoch 2/14, current best R: 0.9968

	** New best
	Reward: 0.9967768805510316
	Count Off-policy: 1
	Count On-policy: 0
	Originally on Policy: False
	Invalid: False
	Traversal: mul,inv,mul,inv,mul,add,add,mul,mul,0.4980173311017406,mul,add,mul,mul,0.6174273785127727,mul,add,mul,x2,mul,div,mul,x3,x2,mul,x2,x1,add,inv,x1,mul,x1,add,mul,div,x2,x1,sub,0.0674519759749384,x1,mul,mul,x3,x1,mul,0.4146482412799162,x1,div,x2,x3,add,div,add,-15.044555981327326,x3,x3,add,x2,div,x3,x1,x3,div,x2,x3,add,div,x2,x3,add,add,mul,-0.22682214878392656,x1,mul,mul,inv,x3,sub,x1,x2,div,mul,1.6106705433496458,x2,div,x2,1.610511287476754,div,x3,x1,add,x1,0.10716229652673634,mul,inv,x2,x2,x1,mul,x2,x2,x1,x2
	Expression:
	      ⎛                                                   ⎛                     
	      ⎜                                                   ⎜                     
	    3 ⎜                                                   ⎜x₂                   
	  x₂ ⋅⎜x₁ + 0.4980173311017406⋅(x₁ + 0.10716229652673634)⋅⎜── + 0.61742737851277
	      ⎝                                                   ⎝x₃                   
	  ──────────────────────────────────────────────────────────────────────────────
                                                                              

	        ⎛           ⎛   ⎛                     2      x₂⋅(0.0674519759749384 - x₁
	        ⎜     x₂⋅x₃⋅⎜x₁⋅⎜0.4146482412799162⋅x₁ ⋅x₃ + ───────────────────────────
	        ⎜x₂         ⎝   ⎝                                         x₁            
	  27⋅x₃⋅⎜── + ──────────────────────────────────────────────────────────────────
	        ⎝x₃                                       x₁                            
	  ──────────────────────────────────────────────────────────────────────────────
	                                                            x₁                  

	  )⎞   1 ⎞⎞                                    ⎞                                
	  ─⎟ + ──⎟⎟                                    ⎟                                
	   ⎠   x₁⎠⎟ ⎛     x₃ - 15.044555981327326   x₃⎞⎟ ⎛                          x₂  
	  ────────⎟⋅⎜x₂ + ─────────────────────── + ──⎟⎟⋅⎜-0.22682214878392656⋅x₁ + ── +
	          ⎠ ⎝                x₃             x₁⎠⎠ ⎝                          x₃  
	  ──────────────────────────────────────────────────────────────────────────────
                                                                              

	                                        ⎞
	                                        ⎟
	   2.594003090470921⋅(x₁ - x₂)   x₃⎞    ⎟
	   ─────────────────────────── + ──⎟ + 1⎟
	                x₃               x₁⎠    ⎠
	  ───────────────────────────────────────
                                       

-- RUNNING EPOCHS END ---------------

-- EVALUATION START ----------------
Saving Hall of Fame to ./log/regression_config_regression_GPMELD.json_Livermore2_Vars3_5.in_normal_0.0_2023-05-30-041430/dso_regression_config_regression_GPMELD.json_Livermore2_Vars3_5.in_normal_0.0_0_hof.csv
Saving Pareto Front to ./log/regression_config_regression_GPMELD.json_Livermore2_Vars3_5.in_normal_0.0_2023-05-30-041430/dso_regression_config_regression_GPMELD.json_Livermore2_Vars3_5.in_normal_0.0_0_pf.csv
Invalid expressions: 216 of 17839 (1.2%).
Error type counts:
  reciprocal: 121 (56.0%)
  true_divide: 95 (44.0%)
Error node counts:
  divide: 215 (99.5%)
  invalid: 1 (0.5%)
-- EVALUATION END ------------------
== TRAINING SEED 0 END ==============
INFO: Completed run 1 of 1 in 522 s

== POST-PROCESS START =================
-- LOADING LOGS START ----------------
Successfully loaded summary data
Successfully loaded Hall of Fame data
Successfully loaded Pareto Front data
-- LOADING LOGS END ------------------

-- ANALYZING LOG START --------------
Task_____________regression
Source path______./log/regression_config_regression_GPMELD.json_Livermore2_Vars3_5.in_normal_0.0_2023-05-30-041430
Runs_____________1
Max Samples/run__15000
Success_rate_____0.0
Hall of Fame (Top 5 of 100)____
    0: S=000 R=0.996777 <-- [x2**3*(x1 + 0.4980173311017406*(x1 + 0.10716229652673634)*(x2/x3 + 0.6174273785127727*x3*(x2/x3 + x2*x3*(x1*(0.4146482412799162*x1**2*x3 + x2*(0.0674519759749384 - x1)/x1) + 1/x1)/x1)*(x2 + (x3 - 15.044555981327326)/x3 + x3/x1))*(-0.22682214878392656*x1 + x2/x3 + 2.594003090470921*(x1 - x2)/x3 + x3/x1) + 1)/x1]
    1: S=000 R=0.996777 <-- [x2**3*(x1 + 0.4980173311017406*(x1 + 0.10716229652673634)*(x2/x3 + 0.6174273785127727*x3*(x2/x3 + x2*x3*(x1*(0.4146482412799162*x1**2*x3 + x2*(0.0674519759749384 - x1)/x1) + 1/x1)/x1)*(x2 + (x3 - 15.044555981327326)/x3 + x3/x1))*(-0.22682214878392656*x1 + x2/x3 + 2.594003090470921*(x1 - x2)/x3 + x3/x1) + 1)/x1]
    2: S=000 R=0.996082 <-- [x2**3*(x1 - 0.6490449351117195*(x1 + 0.038916281664881806)*(x2/x3 - 0.7214611509576172*x3*(x2/x3 + x2*x3*(x1*(0.037130273093038464*x1**2*x3 + x2*(0.044645563172112844 - x1)/x1) + 1/x1)/x1)*(x2 + (x3 - 25.704212207950082)/x3 + x3/x1))*(x1 + x2/x3 - 12.367615170841322 + x3/x1 + 1/x1) + 1)/x1]
    3: S=000 R=0.996082 <-- [x2**3*(x1 - 0.6490449351117195*(x1 + 0.038916281664881806)*(x2/x3 - 0.7214611509576172*x3*(x2/x3 + x2*x3*(x1*(0.037130273093038464*x1**2*x3 + x2*(0.044645563172112844 - x1)/x1) + 1/x1)/x1)*(x2 + (x3 - 25.704212207950082)/x3 + x3/x1))*(x1 + x2/x3 - 12.367615170841322 + x3/x1 + 1/x1) + 1)/x1]
    4: S=000 R=0.995429 <-- [x2**3*(x1 + 0.37689833845452053*(x1 + 8.896447787379993)*(x2/x3 + 0.008360522395821059*x3*(x2/x3 + x2*x3*(x1*(0.10598068538351976*x1**2*x3 + x2*(0.05143975266742109 - x1)/x1) + 1/x1)/x1)*(x2 + (x3 - 46.09759607940061)/x3 + x3/x1))*(x2/x3 + 11.988415320873912*x3 + x3/x1 + 1/x1) + 1)/x1]
  Saving Hall of Fame plot to ./log/regression_config_regression_GPMELD.json_Livermore2_Vars3_5.in_normal_0.0_2023-05-30-041430/dso_regression_config_regression_GPMELD.json_Livermore2_Vars3_5.in_normal_0.0_plot_hof.png
Pareto Front (5 of 22)____
    0: S=000 R=0.996777 C=119.00 <-- [x2**3*(x1 + 0.4980173311017406*(x1 + 0.10716229652673634)*(x2/x3 + 0.6174273785127727*x3*(x2/x3 + x2*x3*(x1*(0.4146482412799162*x1**2*x3 + x2*(0.0674519759749384 - x1)/x1) + 1/x1)/x1)*(x2 + (x3 - 15.044555981327326)/x3 + x3/x1))*(-0.22682214878392656*x1 + x2/x3 + 2.594003090470921*(x1 - x2)/x3 + x3/x1) + 1)/x1]
    1: S=000 R=0.996082 C=105.00 <-- [x2**3*(x1 - 0.6490449351117195*(x1 + 0.038916281664881806)*(x2/x3 - 0.7214611509576172*x3*(x2/x3 + x2*x3*(x1*(0.037130273093038464*x1**2*x3 + x2*(0.044645563172112844 - x1)/x1) + 1/x1)/x1)*(x2 + (x3 - 25.704212207950082)/x3 + x3/x1))*(x1 + x2/x3 - 12.367615170841322 + x3/x1 + 1/x1) + 1)/x1]
    2: S=000 R=0.994934 C=99.00 <-- [x2**3*(x1 - 0.5003373506361567*(x1 + 0.2521889206356426)*(x2/x3 - 0.34174257758338716*x3*(x2 + x2*x3*(x1*(-0.0020320277469066225*x1**2*x3 + (5.592748429159686 - x1)/(x1*x2)) + 1/x1)/x1)*(x2 + (12.441238503585941*x3 + 16.283939183209145)/x3 + x3/x1))*(x2/x3 - 16.23618535876312 + x3/x1) + 1)/x1]
    3: S=000 R=0.994445 C=71.00 <-- [0.19561792720534635*x2*x3*(x3 - x3*(0.999995681121989 + (1.0439226926027256 + 0.23316223307318865/x1)*(-x1 + x2 + 1 - x2**2*x3**2*(x2 + x3)/x1)/x1)/x1)*(x2 + 0.26510073929285866 - 1/x2)/(x1*(x2 + x3))]
    4: S=000 R=0.989509 C=63.00 <-- [(-15.6438580073568 + x3/x1)*(0.32055214698618648*x2**2*x3*(-126.55927754851199 + (x1 + x3)*(x2 + x3)/x1)*(x2 + 0.74467491638646/x1) + 0.9643703874436276)*(-x1 + x2 - (-x2 + x3)/x2 + 0.64048628940029525*x2/x1)/x1]
  Saving Pareto Front plot to ./log/regression_config_regression_GPMELD.json_Livermore2_Vars3_5.in_normal_0.0_2023-05-30-041430/dso_regression_config_regression_GPMELD.json_Livermore2_Vars3_5.in_normal_0.0_plot_pf.png
-- ANALYZING LOG END ----------------
== POST-PROCESS END ===================
