['add', 'X_0', 'add', 'mul', -1, 'pow', 'sin', 'log', 'add', 'mul', 9.32, 'X_0', 'add', 'mul', 6.94, 'pow', 'X_1', 2, 'mul', -5.2, 'pow', 'X_0', 3, 2, 'mul', -1, 'mul', 'X_1', 'pow', 'X_0', 0.5]
--------------------
eq_name 	 Livermore2_Vars2_17
num_vars 	 2
vars_range_and_types 	 [{"name": "LogUniform", "range": [0.1, 10], "only_positive": true}, {"name": "LogUniform", "range": [0.1, 10], "only_positive": true}]
function_set 	 ['add', 'sub', 'mul', 'div', 'sqrt', 'n2', 'n3', 'log', 'sin', 'cos', 'const']
eq_expression 	 add,X_0,add,mul,-1,pow,sin,log,add,mul,9.32,X_0,add,mul,6.94,pow,X_1,2,mul,-5.2,pow,X_0,3,2,mul,-1,mul,X_1,pow,X_0,0.5
expr 	 -sqrt(X_0)*X_1 + X_0 - sin(log(-5.2*X_0**3 + 9.32*X_0 + 6.94*X_1**2))**2
--------------------

== EXPERIMENT SETUP START ===========
Task type            : regression
Starting seed        : 0
Runs                 : 1
== EXPERIMENT SETUP END =============

== TRAINING SEED 0 START ============
self.dataX <dso.symbolic_data_generator.DataX object at 0x2b132ee0c630>, self.data_query_oracle: <dso.symbolic_equation_evaluator_public.Equation_evaluator object at 0x2b131967ccf8>
generate dataset!
-- BUILDING PRIOR START -------------
WARNING: Skipping invalid 'RelationalConstraint' with arguments {'targets': [], 'effectors': [], 'relationship': None}. Reason: Prior disabled.
WARNING: Skipping invalid 'TrigConstraint' with arguments {}. Reason: There are no target Tokens.
WARNING: Skipping invalid 'UniformArityPrior' with arguments {}. Reason: Prior disabled.
WARNING: Skipping invalid 'LanguageModelPrior' with arguments {'weight': None}. Reason: Prior disabled.
LengthConstraint: Sequences have minimum length 4.
                  Sequences have maximum length 256.
RepeatConstraint: [const] cannot occur more than 10 times.
RelationalConstraint: [inv] cannot be a child of [inv].
ConstConstraint: [const] cannot be the only unique child of [inv, add, sub, mul, div].
NoInputsConstraint: Sequences contain at least one input variable Token.
SoftLengthPrior: No description available.
-- BUILDING PRIOR END ---------------

-- RUNNING EPOCHS START -------------
[00:00:00:10.11] Training epoch 1/14, current best R: 0.8255

	** New best
	Reward: 0.8255210180894093
	Count Off-policy: False
	Count On-policy: True
	Originally on Policy: True
	Invalid: False
	Traversal: mul,x2,add,-0.5033162957906695,mul,mul,x1,0.12007780308781012,add,-1.2713570077966523,add,div,add,x1,x1,add,x2,x2,-1.2713570077967176
	Expression:
	     ⎛                       ⎛x₁                     ⎞                     ⎞
	  x₂⋅⎜0.12007780308781012⋅x₁⋅⎜── - 2.5427140155933699⎟ - 0.5033162957906695⎟
	     ⎝                       ⎝x₂                     ⎠                     ⎠

[00:00:00:30.58] Training epoch 3/14, current best R: 0.8933

	** New best
	Reward: 0.8932831159392886
	Count Off-policy: False
	Count On-policy: True
	Originally on Policy: True
	Invalid: False
	Traversal: mul,mul,div,sub,mul,sub,x2,mul,mul,div,inv,add,mul,x2,0.055184595180272536,x1,0.014405535943530527,1.5135146511215178,x1,-0.05131531935518441,5.171576292790586,0.18640651877147962,0.7614294059199722,x1
	Expression:
	     ⎛   22.022813150524036⋅x₁                                                  
	  x₁⋅⎜──────────────────────────── - 0.20961173133173668⋅x₂ - 21.124745476936796
	     ⎝x₁ + 0.055184595180272536⋅x₂                                              

	  ⎞
	  ⎟
	  ⎠

[00:00:01:54.14] Training epoch 10/14, current best R: 0.8933
[00:00:03:06.28] Ending training after epoch 14/14, current best R: 0.8933
-- RUNNING EPOCHS END ---------------

-- EVALUATION START ----------------
Saving Hall of Fame to ./log/regression_config_regression_DSR.json_Livermore2_Vars2_17.in_normal_0.0_2023-05-30-030254/dso_regression_config_regression_DSR.json_Livermore2_Vars2_17.in_normal_0.0_0_hof.csv
Saving Pareto Front to ./log/regression_config_regression_DSR.json_Livermore2_Vars2_17.in_normal_0.0_2023-05-30-030254/dso_regression_config_regression_DSR.json_Livermore2_Vars2_17.in_normal_0.0_0_pf.csv
Invalid expressions: 314 of 14336 (2.2%).
Error type counts:
  reciprocal: 179 (57.0%)
  true_divide: 135 (43.0%)
Error node counts:
  divide: 313 (99.7%)
  invalid: 1 (0.3%)
-- EVALUATION END ------------------
== TRAINING SEED 0 END ==============
INFO: Completed run 1 of 1 in 188 s

== POST-PROCESS START =================
-- LOADING LOGS START ----------------
Successfully loaded summary data
Successfully loaded Hall of Fame data
Successfully loaded Pareto Front data
-- LOADING LOGS END ------------------

-- ANALYZING LOG START --------------
Task_____________regression
Source path______./log/regression_config_regression_DSR.json_Livermore2_Vars2_17.in_normal_0.0_2023-05-30-030254
Runs_____________1
Max Samples/run__15000
Success_rate_____0.0
Hall of Fame (Top 5 of 100)____
    0: S=000 R=0.893283 <-- [x1*(22.022813150524036*x1/(x1 + 0.055184595180272536*x2) - 0.20961173133173668*x2 - 21.124745476936796)]
    1: S=000 R=0.877984 <-- [1.012762317908893*x1 - 4.067948908277086*x2 + 240.6760974231109 - 1.012762317908893/(0.00031024122408389174*x2/(x1 + 4.136937046984472) + 0.004191992250736016)]
    2: S=000 R=0.876361 <-- [-3.980782192764109*x1*x2/(x1 + 5.7732372790737365) + 0.8722735820753226*x1 - 0.4157331146256592*x2]
    3: S=000 R=0.875642 <-- [x1/(x1/(-0.2661388567027154*x1*x2 + 0.9209082252916213*x1 - 0.9209082252916213*x2) - 0.025157453013536328)]
    4: S=000 R=0.871896 <-- [-x1*(x2/(0.2564899295248432*x1 - 594.69813448312818/(-x1 - 656.6378232205826)) - 1.037488065337287) - 0.89801493561766426]
  Saving Hall of Fame plot to ./log/regression_config_regression_DSR.json_Livermore2_Vars2_17.in_normal_0.0_2023-05-30-030254/dso_regression_config_regression_DSR.json_Livermore2_Vars2_17.in_normal_0.0_plot_hof.png
Pareto Front (5 of 11)____
    0: S=000 R=0.893283 C=27.00 <-- [x1*(22.022813150524036*x1/(x1 + 0.055184595180272536*x2) - 0.20961173133173668*x2 - 21.124745476936796)]
    1: S=000 R=0.877984 C=24.00 <-- [1.012762317908893*x1 - 4.067948908277086*x2 + 240.6760974231109 - 1.012762317908893/(0.00031024122408389174*x2/(x1 + 4.136937046984472) + 0.004191992250736016)]
    2: S=000 R=0.871896 C=22.00 <-- [-x1*(x2/(0.2564899295248432*x1 - 594.69813448312818/(-x1 - 656.6378232205826)) - 1.037488065337287) - 0.89801493561766426]
    3: S=000 R=0.849998 C=19.00 <-- [(1.7498954675689975*x1 + 0.4312468517417499)*(-1.9573261394834474*x2/(x1 + 2.9755556938392136) + 0.4637093084838068)]
    4: S=000 R=0.847931 C=17.00 <-- [-0.3184616109931884*x1 - 0.3184616109931884*x2 - 0.3184616109931884*(x1 + 0.6265995717397181)*(x2 - 4.169705527881641) - 1.48754943407904]
  Saving Pareto Front plot to ./log/regression_config_regression_DSR.json_Livermore2_Vars2_17.in_normal_0.0_2023-05-30-030254/dso_regression_config_regression_DSR.json_Livermore2_Vars2_17.in_normal_0.0_plot_pf.png
-- ANALYZING LOG END ----------------
== POST-PROCESS END ===================
