['mul', 4, 'mul', 'cos', 'X_1', 'sin', 'X_0']
--------------------
eq_name 	 Livermore_17
num_vars 	 2
vars_range_and_types 	 [{"name": "LogUniform", "range": [0.1, 10], "only_positive": true}, {"name": "LogUniform", "range": [0.1, 10], "only_positive": true}]
function_set 	 ['add', 'sub', 'mul', 'div', 'sin', 'cos', 'const']
eq_expression 	 mul,4,mul,cos,X_1,sin,X_0
expr 	 4*sin(X_0)*cos(X_1)
--------------------

== EXPERIMENT SETUP START ===========
Task type            : regression
Starting seed        : 0
Runs                 : 1
== EXPERIMENT SETUP END =============

== TRAINING SEED 0 START ============
self.dataX <dso.symbolic_data_generator.DataX object at 0x2b2faaf40160>, self.data_query_oracle: <dso.symbolic_equation_evaluator_public.Equation_evaluator object at 0x2b2fc9fe2da0>
generate dataset!
-- BUILDING PRIOR START -------------
WARNING: Skipping invalid 'RelationalConstraint' with arguments {'targets': [], 'effectors': [], 'relationship': None}. Reason: Prior disabled.
WARNING: Skipping invalid 'TrigConstraint' with arguments {}. Reason: There are no target Tokens.
WARNING: Skipping invalid 'UniformArityPrior' with arguments {}. Reason: Prior disabled.
WARNING: Skipping invalid 'LanguageModelPrior' with arguments {'weight': None}. Reason: Prior disabled.
LengthConstraint: Sequences have minimum length 4.
                  Sequences have maximum length 256.
RepeatConstraint: [const] cannot occur more than 10 times.
RelationalConstraint: [inv] cannot be a child of [inv].
ConstConstraint: [const] cannot be the only unique child of [inv, add, sub, mul, div].
NoInputsConstraint: Sequences contain at least one input variable Token.
SoftLengthPrior: No description available.
-- BUILDING PRIOR END ---------------

-- RUNNING EPOCHS START -------------
[00:00:00:10.26] Training epoch 1/14, current best R: 0.5515

	** New best
	Reward: 0.5515393334048105
	Count Off-policy: False
	Count On-policy: True
	Originally on Policy: True
	Invalid: False
	Traversal: add,inv,mul,sub,div,div,add,div,div,x2,mul,sub,2.894177783072183,x1,0.825785356513599,mul,0.8257853664939327,x1,x2,x2,0.5232422708121401,x1,x2,0.12322141265780598
	Expression:
	                                                              1                 
	  0.12322141265780598 + ────────────────────────────────────────────────────────
	                           ⎛                        ⎛                1.210968419
	                           ⎜      1.911160576625183⋅⎜x₂ + ──────────────────────
	                           ⎜                        ⎝     x₁⋅(2.389969632408 - 0
	                        x₂⋅⎜-x₁ + ──────────────────────────────────────────────
	                           ⎝                                       x₂           

                      
	  ──────────────────────
	  367537⋅x₂           ⎞⎞
	  ────────────────────⎟⎟
	  .825785356513599⋅x₁)⎠⎟
	  ─────────────────────⎟
	                       ⎠

[00:00:01:24.72] Training epoch 8/14, current best R: 0.5522

	** New best
	Reward: 0.5521916283213326
	Count Off-policy: False
	Count On-policy: True
	Originally on Policy: True
	Invalid: False
	Traversal: mul,1.7371989931868022,inv,sub,div,add,mul,inv,x1,0.9144723461542473,x1,mul,1.2304026624435507,div,mul,sub,1.4900538833915222,x2,1.2304017839752648,0.8364294964245987,x2
	Expression:
	                 1.7371989931868022               
	  ────────────────────────────────────────────────
	                      0.9144723461542473          
	                 x₁ + ──────────────────          
	                              x₁                  
	  -x₂ + ──────────────────────────────────────────
	        2.6969124512695358 - 1.8099429029580288⋅x₂

[00:00:01:50.45] Training epoch 10/14, current best R: 0.5522
[00:00:02:18.55] Training epoch 12/14, current best R: 0.5524

	** New best
	Reward: 0.5524377012896006
	Count Off-policy: False
	Count On-policy: True
	Originally on Policy: True
	Invalid: False
	Traversal: inv,sub,div,9.13399863644131,sub,-3.5103979832462064,sub,add,x1,x2,div,67.4921458375864,add,4.8275008918885876,add,mul,0.7771058353509165,x2,x1,x1
	Expression:
	                                            1                                   
	  ──────────────────────────────────────────────────────────────────────────────
	                                        9.13399863644131                        
	  -x₁ + ────────────────────────────────────────────────────────────────────────
	                                                        67.4921458375864        
	        -x₁ - x₂ - 3.5103979832462064 + ────────────────────────────────────────
	                                        x₁ + 0.7771058353509165⋅x₂ + 4.827500891

       
	  ───────
       
	  ───────
       
	  ───────
	  8885876

[00:00:02:49.83] Ending training after epoch 14/14, current best R: 0.5524
-- RUNNING EPOCHS END ---------------

-- EVALUATION START ----------------
Saving Hall of Fame to ./log/regression_config_regression_VPG.json_Livermore_17.in_normal_0.0_2023-05-30-033742/dso_regression_config_regression_VPG.json_Livermore_17.in_normal_0.0_0_hof.csv
Saving Pareto Front to ./log/regression_config_regression_VPG.json_Livermore_17.in_normal_0.0_2023-05-30-033742/dso_regression_config_regression_VPG.json_Livermore_17.in_normal_0.0_0_pf.csv
Invalid expressions: 333 of 14336 (2.3%).
Error type counts:
  reciprocal: 200 (60.1%)
  true_divide: 133 (39.9%)
Error node counts:
  divide: 331 (99.4%)
  invalid: 2 (0.6%)
-- EVALUATION END ------------------
== TRAINING SEED 0 END ==============
INFO: Completed run 1 of 1 in 171 s

== POST-PROCESS START =================
-- LOADING LOGS START ----------------
Successfully loaded summary data
Successfully loaded Hall of Fame data
Successfully loaded Pareto Front data
-- LOADING LOGS END ------------------

-- ANALYZING LOG START --------------
Task_____________regression
Source path______./log/regression_config_regression_VPG.json_Livermore_17.in_normal_0.0_2023-05-30-033742
Runs_____________1
Max Samples/run__15000
Success_rate_____0.0
Hall of Fame (Top 5 of 100)____
    0: S=000 R=0.552438 <-- [1/(-x1 + 9.13399863644131/(-x1 - x2 - 3.5103979832462064 + 67.4921458375864/(x1 + 0.7771058353509165*x2 + 4.8275008918885876)))]
    1: S=000 R=0.552192 <-- [1.7371989931868022/(-x2 + (x1 + 0.9144723461542473/x1)/(2.6969124512695358 - 1.8099429029580288*x2))]
    2: S=000 R=0.551539 <-- [0.12322141265780598 + 1/(x2*(-x1 + 1.911160576625183*(x2 + 1.210968419367537*x2/(x1*(2.389969632408 - 0.825785356513599*x1)))/x2))]
    3: S=000 R=0.548541 <-- [x1/(x2*(1.0434890838663919 + 0.5164670810549297/(0.0371048252351527*x1 - 0.4110077124350269 + 0.9628951747648473/x1)))]
    4: S=000 R=0.547234 <-- [1/(x1 + x2 - 2.8236786223019683 + 1/(0.25787137062571647*x1**2*x2 + 0.25787137062571647*x1 + 0.21796682636092171))]
  Saving Hall of Fame plot to ./log/regression_config_regression_VPG.json_Livermore_17.in_normal_0.0_2023-05-30-033742/dso_regression_config_regression_VPG.json_Livermore_17.in_normal_0.0_plot_hof.png
Pareto Front (5 of 8)____
    0: S=000 R=0.552438 C=23.00 <-- [1/(-x1 + 9.13399863644131/(-x1 - x2 - 3.5103979832462064 + 67.4921458375864/(x1 + 0.7771058353509165*x2 + 4.8275008918885876)))]
    1: S=000 R=0.546493 C=20.00 <-- [1/(1.0922138875082046*x1 - x2 - 1.5558304774448737 + 1/(x1 - x2 + 0.2562611886863782))]
    2: S=000 R=0.539833 C=15.00 <-- [1/(x1**2 + 0.5673561681566827*x1*(x2 - 5.076163276565815) + 2.1451347666917746)]
    3: S=000 R=0.528459 C=14.00 <-- [1/(x1*x2 + 0.20950751435185438/x1)]
    4: S=000 R=0.525641 C=11.00 <-- [1/(x2*(2*x1 + 1/x1))]
  Saving Pareto Front plot to ./log/regression_config_regression_VPG.json_Livermore_17.in_normal_0.0_2023-05-30-033742/dso_regression_config_regression_VPG.json_Livermore_17.in_normal_0.0_plot_pf.png
-- ANALYZING LOG END ----------------
== POST-PROCESS END ===================
