['add', -4.21, 'add', 'X_0', 'mul', 0.71, 'pow', 'mul', 'pow', 'X_1', 0.5, 'pow', 'X_2', -0.5, 0.5]
--------------------
eq_name 	 Livermore2_Vars3_20
num_vars 	 3
vars_range_and_types 	 [{"name": "LogUniform", "range": [0.1, 10], "only_positive": true}, {"name": "LogUniform", "range": [0.1, 10], "only_positive": true}, {"name": "LogUniform", "range": [0.1, 10], "only_positive": true}]
function_set 	 ['add', 'sub', 'mul', 'div', 'sqrt', 'const']
eq_expression 	 add,-4.21,add,X_0,mul,0.71,pow,mul,pow,X_1,0.5,pow,X_2,-0.5,0.5
expr 	 X_0 + 0.71*sqrt(sqrt(X_1)/sqrt(X_2)) - 4.21
--------------------

== EXPERIMENT SETUP START ===========
Task type            : regression
Starting seed        : 0
Runs                 : 1
== EXPERIMENT SETUP END =============

== TRAINING SEED 0 START ============
self.dataX <dso.symbolic_data_generator.DataX object at 0x2ab51c90a828>, self.data_query_oracle: <dso.symbolic_equation_evaluator_public.Equation_evaluator object at 0x2ab50319ad68>
generate dataset!
-- BUILDING PRIOR START -------------
WARNING: Skipping invalid 'RelationalConstraint' with arguments {'targets': [], 'effectors': [], 'relationship': None}. Reason: Prior disabled.
WARNING: Skipping invalid 'TrigConstraint' with arguments {}. Reason: There are no target Tokens.
WARNING: Skipping invalid 'UniformArityPrior' with arguments {}. Reason: Prior disabled.
WARNING: Skipping invalid 'LanguageModelPrior' with arguments {'weight': None}. Reason: Prior disabled.
LengthConstraint: Sequences have minimum length 4.
                  Sequences have maximum length 256.
RepeatConstraint: [const] cannot occur more than 10 times.
RelationalConstraint: [inv] cannot be a child of [inv].
ConstConstraint: [const] cannot be the only unique child of [inv, add, sub, mul, div].
NoInputsConstraint: Sequences contain at least one input variable Token.
SoftLengthPrior: No description available.
-- BUILDING PRIOR END ---------------

-- RUNNING EPOCHS START -------------
[00:00:00:06.10] Training epoch 1/14, current best R: 0.9254

	** New best
	Reward: 0.92541851157999
	Count Off-policy: False
	Count On-policy: True
	Originally on Policy: True
	Invalid: False
	Traversal: sub,x3,mul,add,sub,-3.175654338662851,x3,add,sub,add,mul,mul,-0.4229569357472504,x2,-0.4229569357472514,mul,1.843203756962216,x1,x3,-3.175654338662858,-0.5422658884497782
	Expression:
	  0.9995065228630851⋅x₁ + 0.09700733813519396⋅x₂ - 0.0845317768995564⋅x₃ - 3.444
	  098042728811

[00:00:00:27.83] Training epoch 5/14, current best R: 0.9289

	** New best
	Reward: 0.9289453076469439
	Count Off-policy: False
	Count On-policy: True
	Originally on Policy: True
	Invalid: False
	Traversal: add,add,-3.840653379735589,x1,div,div,add,inv,add,x2,x3,-3.5826646673711067,sub,-0.34988426616908364,x3,5.713797945126807
	Expression:
	                          ⎛                         1   ⎞                    
	       0.1750149392056962⋅⎜-3.5826646673711067 + ───────⎟                    
	                          ⎝                      x₂ + x₃⎠                    
	  x₁ + ────────────────────────────────────────────────── - 3.840653379735589
	                   -x₃ - 0.34988426616908364                                 

[00:00:00:33.40] Training epoch 6/14, current best R: 0.9408

	** New best
	Reward: 0.9408488204745864
	Count Off-policy: False
	Count On-policy: True
	Originally on Policy: True
	Invalid: False
	Traversal: sub,-0.9182877077863185,sub,sub,sub,2.918287489718362,mul,-5.53328754676547,div,add,mul,x3,x2,-0.10915987293120016,mul,x3,6.122008577181047,x1,x2
	Expression:
	                                0.9038353143427543⋅(x₂⋅x₃ - 0.10915987293120016)
	  x₁ + x₂ - 3.836575197504681 - ────────────────────────────────────────────────
	                                                       x₃                       

[00:00:01:02.44] Training epoch 10/14, current best R: 0.9408
[00:00:01:10.32] Training epoch 11/14, current best R: 0.9446

	** New best
	Reward: 0.9446236998926546
	Count Off-policy: False
	Count On-policy: True
	Originally on Policy: True
	Invalid: False
	Traversal: add,x1,sub,sub,inv,add,div,add,add,div,0.08326362145549086,x3,6958.70355944643,x2,-4666.895256493808,1.4779517177324564,x2,-72.23463487200395
	Expression:
	                                                                   1            
	  x₁ - x₂ + 72.23463487200395 + ────────────────────────────────────────────────
                                                                              
	                                -0.0002142752183281889⋅x₂ - 0.013126006749072772
                                                                              

                       
	  ───────────────────────
	     1.784133066617098e-5
	   - ────────────────────
	              x₃         

[00:00:01:40.16] Ending training after epoch 14/14, current best R: 0.9446
-- RUNNING EPOCHS END ---------------

-- EVALUATION START ----------------
Saving Hall of Fame to ./log/regression_config_regression_DSR.json_Livermore2_Vars3_20.in_normal_0.0_2023-05-30-033230/dso_regression_config_regression_DSR.json_Livermore2_Vars3_20.in_normal_0.0_0_hof.csv
Saving Pareto Front to ./log/regression_config_regression_DSR.json_Livermore2_Vars3_20.in_normal_0.0_2023-05-30-033230/dso_regression_config_regression_DSR.json_Livermore2_Vars3_20.in_normal_0.0_0_pf.csv
Invalid expressions: 293 of 14336 (2.0%).
Error type counts:
  reciprocal: 168 (57.3%)
  true_divide: 125 (42.7%)
Error node counts:
  divide: 293 (100.0%)
-- EVALUATION END ------------------
== TRAINING SEED 0 END ==============
INFO: Completed run 1 of 1 in 101 s

== POST-PROCESS START =================
-- LOADING LOGS START ----------------
Successfully loaded summary data
Successfully loaded Hall of Fame data
Successfully loaded Pareto Front data
-- LOADING LOGS END ------------------

-- ANALYZING LOG START --------------
Task_____________regression
Source path______./log/regression_config_regression_DSR.json_Livermore2_Vars3_20.in_normal_0.0_2023-05-30-033230
Runs_____________1
Max Samples/run__15000
Success_rate_____0.0
Hall of Fame (Top 5 of 100)____
    0: S=000 R=0.944624 <-- [x1 - x2 + 72.23463487200395 + 1/(-0.0002142752183281889*x2 - 0.013126006749072772 - 1.784133066617098e-5/x3)]
    1: S=000 R=0.942479 <-- [1.007366231631168*x1 - 0.09428096188019276*x1/(x1 + x2) + 0.09428096188019276*x2 - 3.791949555371035 + 0.09428096188019276/x3]
    2: S=000 R=0.940849 <-- [x1 + x2 - 3.836575197504681 - 0.9038353143427543*(x2*x3 - 0.10915987293120016)/x3]
    3: S=000 R=0.928945 <-- [x1 + 0.1750149392056962*(-3.5826646673711067 + 1/(x2 + x3))/(-x3 - 0.34988426616908364) - 3.840653379735589]
    4: S=000 R=0.926686 <-- [x1 + 0.003733295290066775*x2*(x1 - x3) + 0.09711261339824101*x2 - 0.07636300524189275*x3 - 3.462904830795032]
  Saving Hall of Fame plot to ./log/regression_config_regression_DSR.json_Livermore2_Vars3_20.in_normal_0.0_2023-05-30-033230/dso_regression_config_regression_DSR.json_Livermore2_Vars3_20.in_normal_0.0_plot_hof.png
Pareto Front (5 of 8)____
    0: S=000 R=0.944624 C=21.00 <-- [x1 - x2 + 72.23463487200395 + 1/(-0.0002142752183281889*x2 - 0.013126006749072772 - 1.784133066617098e-5/x3)]
    1: S=000 R=0.940849 C=20.00 <-- [x1 + x2 - 3.836575197504681 - 0.9038353143427543*(x2*x3 - 0.10915987293120016)/x3]
    2: S=000 R=0.928945 C=19.00 <-- [x1 + 0.1750149392056962*(-3.5826646673711067 + 1/(x2 + x3))/(-x3 - 0.34988426616908364) - 3.840653379735589]
    3: S=000 R=0.909299 C=15.00 <-- [0.9574354565346481*x1 + 0.096963913854894361*x2 - 0.04256454346535185*x3 - 3.4441854297052603]
    4: S=000 R=0.896766 C=12.00 <-- [x1 - 3.627312266719788 + 0.09919373046602063/x3]
  Saving Pareto Front plot to ./log/regression_config_regression_DSR.json_Livermore2_Vars3_20.in_normal_0.0_2023-05-30-033230/dso_regression_config_regression_DSR.json_Livermore2_Vars3_20.in_normal_0.0_plot_pf.png
-- ANALYZING LOG END ----------------
== POST-PROCESS END ===================
