['mul', 6, 'mul', 'cos', 'X_1', 'sin', 'X_0']
--------------------
eq_name 	 Livermore_10
num_vars 	 2
vars_range_and_types 	 [{"name": "LogUniform", "range": [0.1, 10], "only_positive": true}, {"name": "LogUniform", "range": [0.1, 10], "only_positive": true}]
function_set 	 ['add', 'sub', 'mul', 'div', 'sin', 'cos', 'const']
eq_expression 	 mul,6,mul,cos,X_1,sin,X_0
expr 	 6*sin(X_0)*cos(X_1)
--------------------

== EXPERIMENT SETUP START ===========
Task type            : regression
Starting seed        : 0
Runs                 : 1
== EXPERIMENT SETUP END =============

== TRAINING SEED 0 START ============
self.dataX <dso.symbolic_data_generator.DataX object at 0x2abcc971f160>, self.data_query_oracle: <dso.symbolic_equation_evaluator_public.Equation_evaluator object at 0x2abce87c1da0>
generate dataset!
-- BUILDING PRIOR START -------------
WARNING: Skipping invalid 'RelationalConstraint' with arguments {'targets': [], 'effectors': [], 'relationship': None}. Reason: Prior disabled.
WARNING: Skipping invalid 'TrigConstraint' with arguments {}. Reason: There are no target Tokens.
WARNING: Skipping invalid 'UniformArityPrior' with arguments {}. Reason: Prior disabled.
WARNING: Skipping invalid 'LanguageModelPrior' with arguments {'weight': None}. Reason: Prior disabled.
LengthConstraint: Sequences have minimum length 4.
                  Sequences have maximum length 256.
RepeatConstraint: [const] cannot occur more than 10 times.
RelationalConstraint: [inv] cannot be a child of [inv].
ConstConstraint: [const] cannot be the only unique child of [inv, add, sub, mul, div].
NoInputsConstraint: Sequences contain at least one input variable Token.
SoftLengthPrior: No description available.
-- BUILDING PRIOR END ---------------

-- RUNNING EPOCHS START -------------
[00:00:00:11.96] Training epoch 1/14, current best R: 0.5403

	** New best
	Reward: 0.5402910572588449
	Count Off-policy: False
	Count On-policy: True
	Originally on Policy: True
	Invalid: False
	Traversal: mul,-0.6925453652735212,inv,sub,sub,5.306073475228266,mul,add,div,inv,add,sub,x1,-4.768247954884158,x1,0.009201863431839007,mul,x1,x2,0.2745607267727136,x1
	Expression:
	                               -0.6925453652735212                             
	  ─────────────────────────────────────────────────────────────────────────────
	                                                          29.83751376082336    
	  -0.2745607267727136⋅x₁⋅x₂ - x₁ + 5.306073475228266 - ────────────────────────
	                                                       2⋅x₁ + 4.768247954884158

[00:00:00:30.05] Training epoch 3/14, current best R: 0.5430

	** New best
	Reward: 0.5430287290875726
	Count Off-policy: False
	Count On-policy: True
	Originally on Policy: True
	Invalid: False
	Traversal: inv,add,mul,mul,sub,mul,div,add,add,sub,add,div,2.571562350142087,div,add,x1,x2,mul,x2,2.571562350142086,-1.1311445485999816,x1,x1,x1,2.823153132155071,x2,x2,1.874716107656968,1.8747160836975938,0.690926577628777
	Expression:
	                                                                    1           
	  ──────────────────────────────────────────────────────────────────────────────
	                        ⎛                       2.342392569977339⋅x₂            
	  3.5145604393914677⋅x₂⋅⎜0.354213871224422⋅x₁ + ──────────────────── - 0.4006670
	                        ⎝                             x₁ + x₂                   

                                                       
	  ───────────────────────────────────────────────────────
	            ⎞                                            
	  8947400085⎟ - 3.5145604393914677⋅x₂ + 0.690926577628777
	            ⎠                                            

[00:00:01:02.03] Training epoch 6/14, current best R: 0.5478

	** New best
	Reward: 0.547813294404051
	Count Off-policy: False
	Count On-policy: True
	Originally on Policy: True
	Invalid: False
	Traversal: inv,add,add,mul,inv,x2,div,add,div,mul,sub,inv,add,x1,2.103816800410148,0.42778748702768105,x2,0.05834677776629259,0.06542713393993715,1.4376812508833334,x1,x2
	Expression:
	                                                    1                           
	  ──────────────────────────────────────────────────────────────────────────────
	                                  ⎛                                 1           
	            11.921214821225888⋅x₂⋅⎜-0.42778748702768105 + ──────────────────────
	                                  ⎝                       x₁ + 2.103816800410148
	  x₁ + x₂ + ────────────────────────────────────────────────────────────────────
	                                                         x₂                     

                        
	  ────────────────────────
	  ⎞                       
	  ⎟ + 0.045508789865443204
	  ⎠                       
	  ────────────────────────
                        

[00:00:01:38.77] Training epoch 9/14, current best R: 0.5546

	** New best
	Reward: 0.554628483182786
	Count Off-policy: False
	Count On-policy: True
	Originally on Policy: True
	Invalid: False
	Traversal: inv,add,mul,add,mul,sub,sub,add,div,add,x1,mul,x2,x2,div,x1,1.3274490357888558,x1,1.9859476374710614,1.985947637471069,0.31403502179992115,-0.09049456484819136,x1,0.8012471947983877
	Expression:
	                                                    1                           
	  ──────────────────────────────────────────────────────────────────────────────
	     ⎛                                                                  ⎛       
	     ⎜                                              0.41686548689223764⋅⎝x₁ + x₂
	  x₁⋅⎜0.31403502179992115⋅x₁ - 1.3378087841016471 + ────────────────────────────
	     ⎝                                                            x₁            

                        
	  ────────────────────────
	  2⎞⎞                     
	   ⎠⎟                     
	  ──⎟ + 0.8012471947983877
	    ⎠                     

[00:00:01:49.44] Training epoch 10/14, current best R: 0.5546
[00:00:02:46.93] Ending training after epoch 14/14, current best R: 0.5546
-- RUNNING EPOCHS END ---------------

-- EVALUATION START ----------------
Saving Hall of Fame to ./log/regression_config_regression_PQT.json_Livermore_10.in_normal_0.0_2023-05-30-030253/dso_regression_config_regression_PQT.json_Livermore_10.in_normal_0.0_0_hof.csv
Saving Pareto Front to ./log/regression_config_regression_PQT.json_Livermore_10.in_normal_0.0_2023-05-30-030253/dso_regression_config_regression_PQT.json_Livermore_10.in_normal_0.0_0_pf.csv
Invalid expressions: 343 of 14336 (2.4%).
Error type counts:
  reciprocal: 227 (66.2%)
  true_divide: 116 (33.8%)
Error node counts:
  divide: 343 (100.0%)

Priority queue entry 0:
	Reward: 0.554628483182786
	Count Off-policy: False
	Count On-policy: True
	Originally on Policy: True
	Invalid: False
	Traversal: inv,add,mul,add,mul,sub,sub,add,div,add,x1,mul,x2,x2,div,x1,1.3274490357888558,x1,1.9859476374710614,1.985947637471069,0.31403502179992115,-0.09049456484819136,x1,0.8012471947983877
	Expression:
	                                                    1                           
	  ──────────────────────────────────────────────────────────────────────────────
	     ⎛                                                                  ⎛       
	     ⎜                                              0.41686548689223764⋅⎝x₁ + x₂
	  x₁⋅⎜0.31403502179992115⋅x₁ - 1.3378087841016471 + ────────────────────────────
	     ⎝                                                            x₁            

                        
	  ────────────────────────
	  2⎞⎞                     
	   ⎠⎟                     
	  ──⎟ + 0.8012471947983877
	    ⎠                     


Priority queue entry 1:
	Reward: 0.547813294404051
	Count Off-policy: False
	Count On-policy: True
	Originally on Policy: True
	Invalid: False
	Traversal: inv,add,add,mul,inv,x2,div,add,div,mul,sub,inv,add,x1,2.103816800410148,0.42778748702768105,x2,0.05834677776629259,0.06542713393993715,1.4376812508833334,x1,x2
	Expression:
	                                                    1                           
	  ──────────────────────────────────────────────────────────────────────────────
	                                  ⎛                                 1           
	            11.921214821225888⋅x₂⋅⎜-0.42778748702768105 + ──────────────────────
	                                  ⎝                       x₁ + 2.103816800410148
	  x₁ + x₂ + ────────────────────────────────────────────────────────────────────
	                                                         x₂                     

                        
	  ────────────────────────
	  ⎞                       
	  ⎟ + 0.045508789865443204
	  ⎠                       
	  ────────────────────────
                        


Priority queue entry 2:
	Reward: 0.5470230909186258
	Count Off-policy: False
	Count On-policy: True
	Originally on Policy: True
	Invalid: False
	Traversal: sub,div,inv,add,sub,add,x2,x2,add,inv,mul,add,add,0.010487081910991661,div,0.006862513812166515,x1,0.010487081904485631,7.099911286284673,-4.49235879530724,x1,0.18884940914571846,1.0025895736842434
	Expression:
	                                                   5.2952244040561867           
	  -1.0025895736842434 + ────────────────────────────────────────────────────────
	                                                                          1     
	                        x₁ + 2⋅x₂ + 4.49235879530724 - ─────────────────────────
	                                                                             0.0
	                                                       0.14891470239389083 + ───
                                                                              

               
	  ───────────────
               
	  ───────────────
	  487232392672855
	  ───────────────
	       x₁        


Priority queue entry 3:
	Reward: 0.5442749248900391
	Count Off-policy: False
	Count On-policy: True
	Originally on Policy: True
	Invalid: False
	Traversal: add,inv,add,mul,add,x2,mul,add,x1,add,inv,mul,x1,div,x2,0.22547153441088902,0.9333959223643389,0.231943741361832,0.798985049284749,-0.5810869913077295,-0.7568917729350839
	Expression:
	                                                                   1            
	  -0.7568917729350839 + ────────────────────────────────────────────────────────
                                                                              
	                        0.185319581623272⋅x₁ + 0.798985049284749⋅x₂ - 0.40811044
                                                                              

                               
	  ───────────────────────────────
	             0.041784290424983221
	  94863018 + ────────────────────
	                    x₁⋅x₂        


Priority queue entry 4:
	Reward: 0.5438679723750848
	Count Off-policy: False
	Count On-policy: True
	Originally on Policy: True
	Invalid: False
	Traversal: inv,add,add,mul,-0.5684017741275937,add,mul,mul,x1,div,add,x1,x1,-45.34079657776455,mul,inv,x2,x1,x1,x2,0.42716938095148366
	Expression:
	                                      1                                     
	  ──────────────────────────────────────────────────────────────────────────
	                        3                                                   
	  0.02507242117604709⋅x₁                                                    
	  ─────────────────────── - 0.5684017741275937⋅x₁ + x₂ + 0.42716938095148366
	             x₂                                                             


Priority queue entry 5:
	Reward: 0.5434305728216827
	Count Off-policy: False
	Count On-policy: True
	Originally on Policy: True
	Invalid: False
	Traversal: mul,x1,div,3.175433405810362,add,mul,add,add,x2,add,inv,div,inv,x2,x2,x1,-1.9169185563749909,x1,1.2319071310973984
	Expression:
	                      3.175433405810362⋅x₁                    
	  ────────────────────────────────────────────────────────────
	     ⎛       2                          ⎞                     
	  x₁⋅⎝x₁ + x₂  + x₂ - 1.9169185563749909⎠ + 1.2319071310973984


Priority queue entry 6:
	Reward: 0.5430287290875726
	Count Off-policy: False
	Count On-policy: True
	Originally on Policy: True
	Invalid: False
	Traversal: inv,add,mul,mul,sub,mul,div,add,add,sub,add,div,2.571562350142087,div,add,x1,x2,mul,x2,2.571562350142086,-1.1311445485999816,x1,x1,x1,2.823153132155071,x2,x2,1.874716107656968,1.8747160836975938,0.690926577628777
	Expression:
	                                                                    1           
	  ──────────────────────────────────────────────────────────────────────────────
	                        ⎛                       2.342392569977339⋅x₂            
	  3.5145604393914677⋅x₂⋅⎜0.354213871224422⋅x₁ + ──────────────────── - 0.4006670
	                        ⎝                             x₁ + x₂                   

                                                       
	  ───────────────────────────────────────────────────────
	            ⎞                                            
	  8947400085⎟ - 3.5145604393914677⋅x₂ + 0.690926577628777
	            ⎠                                            


Priority queue entry 7:
	Reward: 0.5421420453690761
	Count Off-policy: False
	Count On-policy: True
	Originally on Policy: True
	Invalid: False
	Traversal: inv,add,x1,inv,mul,inv,add,add,sub,-3.966726917770287,x1,div,inv,add,add,x1,1.355436679033252,x1,0.10244465736758179,x2,2.2911172348516384
	Expression:
	                                               1                                
	  ──────────────────────────────────────────────────────────────────────────────
	                                                                        4.260527
	  0.563531719464912⋅x₁ + 0.436468280535088⋅x₂ - 1.7313504771514466 + ───────────
	                                                                     2⋅x₁ + 1.35

             
	  ─────────────
	  5057829094   
	  ─────────────
	  5436679033252


Priority queue entry 8:
	Reward: 0.5409629648801076
	Count Off-policy: False
	Count On-policy: True
	Originally on Policy: True
	Invalid: False
	Traversal: inv,add,add,add,x2,x1,inv,add,add,-7.412567125350168,x1,add,add,sub,div,442.15662131457566,add,22.242681926160575,x1,-2.597031381052099,-7.4125660912924465,-7.4125656818692045,-3.5669719909064583
	Expression:
	                                         1                                      
	  ──────────────────────────────────────────────────────────────────────────────
	                                                        1                       
	  x₁ + x₂ - 3.5669719909064583 + ───────────────────────────────────────────────
	                                                             442.15662131457566 
	                                 x₁ - 19.64066751745972 + ──────────────────────
	                                                          x₁ + 22.24268192616057

 
	  ─
 
	  ─
 
	  ─
	  5


Priority queue entry 9:
	Reward: 0.5402910572588449
	Count Off-policy: False
	Count On-policy: True
	Originally on Policy: True
	Invalid: False
	Traversal: mul,-0.6925453652735212,inv,sub,sub,5.306073475228266,mul,add,div,inv,add,sub,x1,-4.768247954884158,x1,0.009201863431839007,mul,x1,x2,0.2745607267727136,x1
	Expression:
	                               -0.6925453652735212                             
	  ─────────────────────────────────────────────────────────────────────────────
	                                                          29.83751376082336    
	  -0.2745607267727136⋅x₁⋅x₂ - x₁ + 5.306073475228266 - ────────────────────────
	                                                       2⋅x₁ + 4.768247954884158

-- EVALUATION END ------------------
== TRAINING SEED 0 END ==============
INFO: Completed run 1 of 1 in 169 s

== POST-PROCESS START =================
-- LOADING LOGS START ----------------
Successfully loaded summary data
Successfully loaded Hall of Fame data
Successfully loaded Pareto Front data
-- LOADING LOGS END ------------------

-- ANALYZING LOG START --------------
Task_____________regression
Source path______./log/regression_config_regression_PQT.json_Livermore_10.in_normal_0.0_2023-05-30-030253
Runs_____________1
Max Samples/run__15000
Success_rate_____0.0
Hall of Fame (Top 5 of 100)____
    0: S=000 R=0.554628 <-- [1/(x1*(0.31403502179992115*x1 - 1.3378087841016471 + 0.41686548689223764*(x1 + x2**2)/x1) + 0.8012471947983877)]
    1: S=000 R=0.547813 <-- [1/(x1 + x2 + (11.921214821225888*x2*(-0.42778748702768105 + 1/(x1 + 2.103816800410148)) + 0.045508789865443204)/x2)]
    2: S=000 R=0.547023 <-- [-1.0025895736842434 + 5.2952244040561867/(x1 + 2*x2 + 4.49235879530724 - 1/(0.14891470239389083 + 0.0487232392672855/x1))]
    3: S=000 R=0.544985 <-- [1/(-0.31675766374299075 + 1/(-1.1598265788123905 + 2.779707875950304/(0.3740671397703255*x1 + 0.3740671397703255*x2 + 0.41177336692804117/x1)))]
    4: S=000 R=0.544275 <-- [-0.7568917729350839 + 1/(0.185319581623272*x1 + 0.798985049284749*x2 - 0.4081104494863018 + 0.041784290424983221/(x1*x2))]
  Saving Hall of Fame plot to ./log/regression_config_regression_PQT.json_Livermore_10.in_normal_0.0_2023-05-30-030253/dso_regression_config_regression_PQT.json_Livermore_10.in_normal_0.0_plot_hof.png
Pareto Front (5 of 10)____
    0: S=000 R=0.554628 C=27.00 <-- [1/(x1*(0.31403502179992115*x1 - 1.3378087841016471 + 0.41686548689223764*(x1 + x2**2)/x1) + 0.8012471947983877)]
    1: S=000 R=0.544985 C=25.00 <-- [1/(-0.31675766374299075 + 1/(-1.1598265788123905 + 2.779707875950304/(0.3740671397703255*x1 + 0.3740671397703255*x2 + 0.41177336692804117/x1)))]
    2: S=000 R=0.544275 C=24.00 <-- [-0.7568917729350839 + 1/(0.185319581623272*x1 + 0.798985049284749*x2 - 0.4081104494863018 + 0.041784290424983221/(x1*x2))]
    3: S=000 R=0.543431 C=23.00 <-- [3.175433405810362*x1/(x1*(x1 + x2**2 + x2 - 1.9169185563749909) + 1.2319071310973984)]
    4: S=000 R=0.541636 C=21.00 <-- [1/(-3.420908547686154*x1 - 14.802052150774423 - 3.420908547686154*(x2 + 67.66487605874099)/(2*x1 - 14.56286807530837))]
  Saving Pareto Front plot to ./log/regression_config_regression_PQT.json_Livermore_10.in_normal_0.0_2023-05-30-030253/dso_regression_config_regression_PQT.json_Livermore_10.in_normal_0.0_plot_pf.png
-- ANALYZING LOG END ----------------
== POST-PROCESS END ===================
