['add', 'X_0', 'add', 'mul', -3.03, 'pow', 'X_2', 0.5, 'mul', 'X_1', 'X_2']
--------------------
eq_name 	 Livermore2_Vars3_18
num_vars 	 3
vars_range_and_types 	 [{"name": "LogUniform", "range": [0.1, 10], "only_positive": true}, {"name": "LogUniform", "range": [0.1, 10], "only_positive": true}, {"name": "LogUniform", "range": [0.1, 10], "only_positive": true}]
function_set 	 ['add', 'sub', 'mul', 'div', 'sqrt', 'const']
eq_expression 	 add,X_0,add,mul,-3.03,pow,X_2,0.5,mul,X_1,X_2
expr 	 X_0 + X_1*X_2 - 3.03*sqrt(X_2)
--------------------

== EXPERIMENT SETUP START ===========
Task type            : regression
Starting seed        : 0
Runs                 : 1
== EXPERIMENT SETUP END =============

== TRAINING SEED 0 START ============
self.dataX <dso.symbolic_data_generator.DataX object at 0x2b8fd52b0828>, self.data_query_oracle: <dso.symbolic_equation_evaluator_public.Equation_evaluator object at 0x2b8fbbb18d68>
generate dataset!
-- BUILDING PRIOR START -------------
WARNING: Skipping invalid 'RelationalConstraint' with arguments {'targets': [], 'effectors': [], 'relationship': None}. Reason: Prior disabled.
WARNING: Skipping invalid 'TrigConstraint' with arguments {}. Reason: There are no target Tokens.
WARNING: Skipping invalid 'UniformArityPrior' with arguments {}. Reason: Prior disabled.
WARNING: Skipping invalid 'LanguageModelPrior' with arguments {'weight': None}. Reason: Prior disabled.
LengthConstraint: Sequences have minimum length 4.
                  Sequences have maximum length 256.
RepeatConstraint: [const] cannot occur more than 10 times.
RelationalConstraint: [inv] cannot be a child of [inv].
ConstConstraint: [const] cannot be the only unique child of [inv, add, sub, mul, div].
NoInputsConstraint: Sequences contain at least one input variable Token.
SoftLengthPrior: No description available.
-- BUILDING PRIOR END ---------------

-- RUNNING EPOCHS START -------------
[00:00:00:06.88] Training epoch 1/14, current best R: 0.7990

	** New best
	Reward: 0.7990343052474373
	Count Off-policy: False
	Count On-policy: True
	Originally on Policy: True
	Invalid: False
	Traversal: mul,mul,-0.03838046741757499,sub,div,x3,inv,sub,div,add,div,sub,1.5391381436360543,x2,x2,-0.6143230563060393,0.06866666911747171,x1,2.096312596369824,x2
	Expression:
	     ⎛                         ⎛                          14.56310627633979⋅(1.5
	  x₂⋅⎜- 0.03838046741757499⋅x₃⋅⎜-x₁ - 8.946451956990724 + ──────────────────────
	     ⎝                         ⎝                                               x

	  391381436360543 - x₂)⎞                      ⎞
	  ─────────────────────⎟ + 0.08045745730202406⎟
	  ₂                    ⎠                      ⎠

[00:00:00:12.40] Training epoch 2/14, current best R: 0.9200

	** New best
	Reward: 0.9199537829269456
	Count Off-policy: False
	Count On-policy: True
	Originally on Policy: True
	Invalid: False
	Traversal: add,x1,mul,add,sub,sub,mul,0.15159979599888396,x3,x3,2.286078108159187,add,add,sub,x2,x1,x3,x1,x3
	Expression:
	  x₁ + x₃⋅(x₂ + 0.15159979599888396⋅x₃ - 2.286078108159187)

[00:00:01:06.87] Training epoch 10/14, current best R: 0.9200
[00:00:01:51.84] Training epoch 14/14, current best R: 0.9442

	** New best
	Reward: 0.944212335829519
	Count Off-policy: False
	Count On-policy: True
	Originally on Policy: True
	Invalid: False
	Traversal: sub,add,x1,mul,add,x3,x3,mul,-0.5007529144039236,mul,div,add,sub,0.46586402848243247,x2,0.46586402848243247,x2,x2,1.7442264073660516
	Expression:
	  x₁ + 2⋅x₃⋅(0.5007529144039236⋅x₂ - 0.46656553995706106) - 1.7442264073660516

[00:00:01:51.85] Ending training after epoch 14/14, current best R: 0.9442
-- RUNNING EPOCHS END ---------------

-- EVALUATION START ----------------
Saving Hall of Fame to ./log/regression_config_regression_DSR.json_Livermore2_Vars3_18.in_normal_0.0_2023-05-30-031530/dso_regression_config_regression_DSR.json_Livermore2_Vars3_18.in_normal_0.0_0_hof.csv
Saving Pareto Front to ./log/regression_config_regression_DSR.json_Livermore2_Vars3_18.in_normal_0.0_2023-05-30-031530/dso_regression_config_regression_DSR.json_Livermore2_Vars3_18.in_normal_0.0_0_pf.csv
Invalid expressions: 287 of 14336 (2.0%).
Error type counts:
  reciprocal: 167 (58.2%)
  true_divide: 120 (41.8%)
Error node counts:
  divide: 287 (100.0%)
-- EVALUATION END ------------------
== TRAINING SEED 0 END ==============
INFO: Completed run 1 of 1 in 113 s

== POST-PROCESS START =================
-- LOADING LOGS START ----------------
Successfully loaded summary data
Successfully loaded Hall of Fame data
Successfully loaded Pareto Front data
-- LOADING LOGS END ------------------

-- ANALYZING LOG START --------------
Task_____________regression
Source path______./log/regression_config_regression_DSR.json_Livermore2_Vars3_18.in_normal_0.0_2023-05-30-031530
Runs_____________1
Max Samples/run__15000
Success_rate_____0.0
Hall of Fame (Top 5 of 100)____
    0: S=000 R=0.944212 <-- [x1 + 2*x3*(0.5007529144039236*x2 - 0.46656553995706106) - 1.7442264073660516]
    1: S=000 R=0.944206 <-- [x1 + x3*(x2 - 0.9298574528337407 + 0.00010758493155001375/(0.9489773227105197*x2 - x3 + 0.9089213412166337)) - 1.7442760254091358]
    2: S=000 R=0.919966 <-- [x1 - x3*(-0.9982637913386143*x2 - 0.1516632513260033*x3 + 2.2827895240191502)]
    3: S=000 R=0.919954 <-- [x1 + x3*(x2 + 0.15159979599888396*x3 - 2.286078108159187)]
    4: S=000 R=0.869061 <-- [x1 + x3*(x2 - 1.2455889977139727)*(-0.0097829835315165727*x2 + 0.0097829835315165727*x3 + 1.0001648556929332)]
  Saving Hall of Fame plot to ./log/regression_config_regression_DSR.json_Livermore2_Vars3_18.in_normal_0.0_2023-05-30-031530/dso_regression_config_regression_DSR.json_Livermore2_Vars3_18.in_normal_0.0_plot_hof.png
Pareto Front (5 of 6)____
    0: S=000 R=0.944212 C=20.00 <-- [x1 + 2*x3*(0.5007529144039236*x2 - 0.46656553995706106) - 1.7442264073660516]
    1: S=000 R=0.919966 C=19.00 <-- [x1 - x3*(-0.9982637913386143*x2 - 0.1516632513260033*x3 + 2.2827895240191502)]
    2: S=000 R=0.833175 C=15.00 <-- [x1 + 0.8183832762124943*x2*(x3 + 0.49385005459413467) - 3.7862196363920293]
    3: S=000 R=0.809297 C=13.00 <-- [1.0025429200678706*x3*(x2 - 0.2544436274155832 - 1/(x1 + 0.7408421711329136))]
    4: S=000 R=0.784845 C=9.00 <-- [x3*(x2 - 0.9294905722250403) + 0.39283778771977828]
  Saving Pareto Front plot to ./log/regression_config_regression_DSR.json_Livermore2_Vars3_18.in_normal_0.0_2023-05-30-031530/dso_regression_config_regression_DSR.json_Livermore2_Vars3_18.in_normal_0.0_plot_pf.png
-- ANALYZING LOG END ----------------
== POST-PROCESS END ===================
