['add', 'X_0', 'add', 'X_2', 'add', 'mul', 2.21, 'pow', 'add', -1, 'mul', 0.97, 'X_3', 0.5, 'add', 'mul', 'X_1', 'X_4', 'exp', 'add', 'X_3', 'add', 'X_5', 'X_6']
--------------------
eq_name 	 Livermore2_Vars7_22
num_vars 	 7
vars_range_and_types 	 [{"name": "LogUniform", "range": [0.1, 10], "only_positive": true}, {"name": "LogUniform", "range": [0.1, 10], "only_positive": true}, {"name": "LogUniform", "range": [0.1, 10], "only_positive": true}, {"name": "LogUniform", "range": [0.1, 10], "only_positive": true}, {"name": "LogUniform", "range": [0.1, 10], "only_positive": true}, {"name": "LogUniform", "range": [0.1, 10], "only_positive": true}, {"name": "LogUniform", "range": [0.1, 10], "only_positive": true}]
function_set 	 ['add', 'sub', 'mul', 'div', 'sqrt', 'log', 'exp', 'const']
eq_expression 	 add,X_0,add,X_2,add,mul,2.21,pow,add,-1,mul,0.97,X_3,0.5,add,mul,X_1,X_4,exp,add,X_3,add,X_5,X_6
expr 	 X_0 + X_1*X_4 + X_2 + 2.21*sqrt(0.97*X_3 - 1) + exp(X_3 + X_5 + X_6)
--------------------

== EXPERIMENT SETUP START ===========
Task type            : regression
Starting seed        : 0
Runs                 : 1
== EXPERIMENT SETUP END =============

== TRAINING SEED 0 START ============
self.dataX <dso.symbolic_data_generator.DataX object at 0x2b8aa1d3eb38>, self.data_query_oracle: <dso.symbolic_equation_evaluator_public.Equation_evaluator object at 0x2b8a885a2d68>
generate dataset!
-- BUILDING PRIOR START -------------
WARNING: Skipping invalid 'RelationalConstraint' with arguments {'targets': [], 'effectors': [], 'relationship': None}. Reason: Prior disabled.
WARNING: Skipping invalid 'TrigConstraint' with arguments {}. Reason: There are no target Tokens.
WARNING: Skipping invalid 'UniformArityPrior' with arguments {}. Reason: Prior disabled.
WARNING: Skipping invalid 'LanguageModelPrior' with arguments {'weight': None}. Reason: Prior disabled.
LengthConstraint: Sequences have minimum length 4.
                  Sequences have maximum length 256.
RepeatConstraint: [const] cannot occur more than 10 times.
RelationalConstraint: [inv] cannot be a child of [inv].
ConstConstraint: [const] cannot be the only unique child of [inv, add, sub, mul, div].
NoInputsConstraint: Sequences contain at least one input variable Token.
SoftLengthPrior: No description available.
-- BUILDING PRIOR END ---------------

-- RUNNING EPOCHS START -------------
gen	iter	pop_size	nevals	uncached_size	best_val	timer  
0  	0   	1024    	1024  	1024         	(nan,)  	2.27494
1  	1   	1024    	752   	679          	(nan,)  	0.292975
2  	2   	1024    	786   	699          	(nan,)  	0.322245
3  	3   	1024    	779   	692          	(nan,)  	0.278126
4  	4   	1024    	755   	669          	(nan,)  	0.270506
5  	5   	1024    	757   	667          	(nan,)  	0.302068
6  	6   	1024    	759   	664          	(nan,)  	0.626148
7  	7   	1024    	754   	663          	(nan,)  	0.276013
8  	8   	1024    	763   	682          	(nan,)  	0.296051
9  	9   	1024    	763   	668          	(nan,)  	0.279135

--------------------------------------------------
GP Time: 5.45908

Unique expressions evaluated: 8093
Total expression evaluations: 7892
--------------------------------------------------

GP -> best program this epoch:

	Reward: nan
	Count Off-policy: 1
	Count On-policy: 0
	Originally on Policy: False
	Invalid: False
	Traversal: div,inv,div,add,1.0,x4,inv,mul,x6,x5,sub,x4,add,x2,mul,1.0,mul,x6,add,add,x3,sub,div,x6,x3,x6,1.0
	Expression:
	                            1                          
	  ─────────────────────────────────────────────────────
	                   ⎛              ⎛                x₆⎞⎞
	  x₅⋅x₆⋅(x₄ + 1.0)⋅⎜-x₂ + x₄ - x₆⋅⎜x₃ - x₆ + 1.0 + ──⎟⎟
	                   ⎝              ⎝                x₃⎠⎠

None

--------------------------------------------------

