['add', 'X_1', 'add', 'pow', 'X_4', 2, 'add', 'mul', 'X_2', 'X_3', 'sin', 'X_0']
--------------------
eq_name 	 Livermore2_Vars5_4
num_vars 	 5
vars_range_and_types 	 [{"name": "LogUniform", "range": [0.1, 10], "only_positive": true}, {"name": "LogUniform", "range": [0.1, 10], "only_positive": true}, {"name": "LogUniform", "range": [0.1, 10], "only_positive": true}, {"name": "LogUniform", "range": [0.1, 10], "only_positive": true}, {"name": "LogUniform", "range": [0.1, 10], "only_positive": true}]
function_set 	 ['add', 'sub', 'mul', 'div', 'n2', 'const', 'sin', 'cos']
eq_expression 	 add,X_1,add,pow,X_4,2,add,mul,X_2,X_3,sin,X_0
expr 	 X_1 + X_2*X_3 + X_4**2 + sin(X_0)
--------------------

== EXPERIMENT SETUP START ===========
Task type            : regression
Starting seed        : 0
Runs                 : 1
== EXPERIMENT SETUP END =============

== TRAINING SEED 0 START ============
self.dataX <dso.symbolic_data_generator.DataX object at 0x2ab14dcd2d30>, self.data_query_oracle: <dso.symbolic_equation_evaluator_public.Equation_evaluator object at 0x2ab13450ed68>
generate dataset!
-- BUILDING PRIOR START -------------
WARNING: Skipping invalid 'RelationalConstraint' with arguments {'targets': [], 'effectors': [], 'relationship': None}. Reason: Prior disabled.
WARNING: Skipping invalid 'TrigConstraint' with arguments {}. Reason: There are no target Tokens.
WARNING: Skipping invalid 'UniformArityPrior' with arguments {}. Reason: Prior disabled.
WARNING: Skipping invalid 'LanguageModelPrior' with arguments {'weight': None}. Reason: Prior disabled.
LengthConstraint: Sequences have minimum length 4.
                  Sequences have maximum length 256.
RepeatConstraint: [const] cannot occur more than 10 times.
RelationalConstraint: [inv] cannot be a child of [inv].
ConstConstraint: [const] cannot be the only unique child of [inv, add, sub, mul, div].
NoInputsConstraint: Sequences contain at least one input variable Token.
SoftLengthPrior: No description available.
-- BUILDING PRIOR END ---------------

-- RUNNING EPOCHS START -------------
[00:00:00:03.65] Training epoch 1/14, current best R: 0.7064

	** New best
	Reward: 0.7064143975372316
	Count Off-policy: False
	Count On-policy: True
	Originally on Policy: True
	Invalid: False
	Traversal: add,inv,x5,add,x3,sub,x2,mul,x5,sub,1.7013666692449279,add,x5,x4
	Expression:
	                                                 1 
	  x₂ + x₃ - x₅⋅(-x₄ - x₅ + 1.7013666692449279) + ──
	                                                 x₅

[00:00:00:22.63] Training epoch 8/14, current best R: 0.7306

	** New best
	Reward: 0.7305765859928652
	Count Off-policy: False
	Count On-policy: True
	Originally on Policy: True
	Invalid: False
	Traversal: add,mul,x4,x3,sub,sub,inv,x4,sub,x4,mul,sub,x5,mul,x5,-7.206993411894689,0.9982521421042918,x5
	Expression:
	                                      1 
	  x₃⋅x₄ - x₄ + 7.192648753659684⋅x₅ + ──
	                                      x₄

[00:00:00:28.82] Training epoch 10/14, current best R: 0.7306
[00:00:00:40.75] Ending training after epoch 14/14, current best R: 0.7306
-- RUNNING EPOCHS END ---------------

-- EVALUATION START ----------------
Saving Hall of Fame to ./log/regression_config_regression_PQT.json_Livermore2_Vars5_4.in_normal_0.0_2023-05-30-042157/dso_regression_config_regression_PQT.json_Livermore2_Vars5_4.in_normal_0.0_0_hof.csv
Saving Pareto Front to ./log/regression_config_regression_PQT.json_Livermore2_Vars5_4.in_normal_0.0_2023-05-30-042157/dso_regression_config_regression_PQT.json_Livermore2_Vars5_4.in_normal_0.0_0_pf.csv
Invalid expressions: 222 of 14336 (1.5%).
Error type counts:
  reciprocal: 108 (48.6%)
  true_divide: 114 (51.4%)
Error node counts:
  divide: 222 (100.0%)

Priority queue entry 0:
	Reward: 0.7305765859928652
	Count Off-policy: False
	Count On-policy: True
	Originally on Policy: True
	Invalid: False
	Traversal: add,mul,x4,x3,sub,sub,inv,x4,sub,x4,mul,sub,x5,mul,x5,-7.206993411894689,0.9982521421042918,x5
	Expression:
	                                      1 
	  x₃⋅x₄ - x₄ + 7.192648753659684⋅x₅ + ──
	                                      x₄


Priority queue entry 1:
	Reward: 0.7064143975372316
	Count Off-policy: False
	Count On-policy: True
	Originally on Policy: True
	Invalid: False
	Traversal: add,inv,x5,add,x3,sub,x2,mul,x5,sub,1.7013666692449279,add,x5,x4
	Expression:
	                                                 1 
	  x₂ + x₃ - x₅⋅(-x₄ - x₅ + 1.7013666692449279) + ──
	                                                 x₅


Priority queue entry 2:
	Reward: 0.7046391193921981
	Count Off-policy: False
	Count On-policy: True
	Originally on Policy: True
	Invalid: False
	Traversal: sub,add,add,x5,mul,x5,add,-0.5705180570989311,x5,div,div,x3,x5,2.8110417986607144,-4.650838039411241
	Expression:
	  0.35573999663627821⋅x₃                                                        
	  ────────────────────── + x₅⋅(x₅ - 0.5705180570989311) + x₅ + 4.650838039411241
	            x₅                                                                  


Priority queue entry 3:
	Reward: 0.7040656644242053
	Count Off-policy: False
	Count On-policy: True
	Originally on Policy: True
	Invalid: False
	Traversal: sub,x2,sub,-5.701841955214615,mul,mul,x5,mul,0.03253406235933732,sub,add,x3,x5,-20.176141781531882,x5
	Expression:
	         2                                                                      
	  x₂ + x₅ ⋅(0.03253406235933732⋅x₃ + 0.03253406235933732⋅x₅ + 0.6564118548911894

                      
	  2) + 5.701841955214615


Priority queue entry 4:
	Reward: 0.7037788443860225
	Count Off-policy: False
	Count On-policy: True
	Originally on Policy: True
	Invalid: False
	Traversal: add,x2,add,x2,sub,sub,x3,sub,add,x2,div,mul,x5,sub,-1.9135989208812492,x5,1.1843947342121148,x1,x2
	Expression:
	  x₁ + x₃ - 0.84431310872487271⋅x₅⋅(-x₅ - 1.9135989208812492)


Priority queue entry 5:
	Reward: 0.7037520014167461
	Count Off-policy: False
	Count On-policy: True
	Originally on Policy: True
	Invalid: False
	Traversal: sub,x3,sub,x5,add,mul,mul,x5,sub,add,x5,div,sub,405.90262611271845,x4,1972.3835194653614,-2.894536972500362,0.844198127247163,x1
	Expression:
	  x₁ + x₃ + 0.844198127247163⋅x₅⋅(-0.00050700078870617525⋅x₄ + x₅ + 3.1003299240
	  77418) - x₅


Priority queue entry 6:
	Reward: 0.693599487922537
	Count Off-policy: False
	Count On-policy: True
	Originally on Policy: True
	Invalid: False
	Traversal: add,x3,add,mul,div,sub,x1,sub,add,x4,x5,mul,sub,x4,add,10.363237303253914,x4,x5,36.06996393155112,-23.003328966998932,x4
	Expression:
	  -0.6377419453662791⋅x₁ + x₃ + 1.6377419453662791⋅x₄ + 7.2468130634358223⋅x₅


Priority queue entry 7:
	Reward: 0.6924527646179245
	Count Off-policy: False
	Count On-policy: True
	Originally on Policy: True
	Invalid: False
	Traversal: add,x5,add,div,add,x5,-2.1520917291032324,div,0.9781016276982062,x5,sub,add,4.722946500712564,x5,-2.7229732721295594
	Expression:
	  1.022388647234263⋅x₅⋅(x₅ - 2.1520917291032324) + 2⋅x₅ + 7.4459197728421235


Priority queue entry 8:
	Reward: 0.6862544148994179
	Count Off-policy: False
	Count On-policy: True
	Originally on Policy: True
	Invalid: False
	Traversal: add,x3,div,x5,inv,mul,add,mul,0.0021248037948957722,x4,0.03264011716170575,sub,mul,x3,x1,-201.47338661473302
	Expression:
	  x₃ + x₅⋅(0.0021248037948957722⋅x₄ + 0.03264011716170575)⋅(x₁⋅x₃ + 201.47338661
	  473302)


Priority queue entry 9:
	Reward: 0.6829387269691541
	Count Off-policy: False
	Count On-policy: True
	Originally on Policy: True
	Invalid: False
	Traversal: add,7.34315460031916,mul,add,0.08692088811703112,x5,sub,0.5754245310944975,sub,add,1.4245761057054591,sub,1.424576105705461,x5,x3
	Expression:
	  (x₅ + 0.08692088811703112)⋅(x₃ + x₅ - 2.2737276803164226) + 7.34315460031916

-- EVALUATION END ------------------
== TRAINING SEED 0 END ==============
INFO: Completed run 1 of 1 in 42 s

== POST-PROCESS START =================
-- LOADING LOGS START ----------------
Successfully loaded summary data
Successfully loaded Hall of Fame data
Successfully loaded Pareto Front data
-- LOADING LOGS END ------------------

-- ANALYZING LOG START --------------
Task_____________regression
Source path______./log/regression_config_regression_PQT.json_Livermore2_Vars5_4.in_normal_0.0_2023-05-30-042157
Runs_____________1
Max Samples/run__15000
Success_rate_____0.0
Hall of Fame (Top 5 of 100)____
    0: S=000 R=0.730577 <-- [x3*x4 - x4 + 7.192648753659684*x5 + 1/x4]
    1: S=000 R=0.725970 <-- [x3 - (-0.5872604749189376*x5 - 0.81797917199823867)*(x4 + x5 + 1.7027391972038937)]
    2: S=000 R=0.706414 <-- [x2 + x3 - x5*(-x4 - x5 + 1.7013666692449279) + 1/x5]
    3: S=000 R=0.704639 <-- [0.35573999663627821*x3/x5 + x5*(x5 - 0.5705180570989311) + x5 + 4.650838039411241]
    4: S=000 R=0.704066 <-- [x2 + x5**2*(0.03253406235933732*x3 + 0.03253406235933732*x5 + 0.65641185489118942) + 5.701841955214615]
  Saving Hall of Fame plot to ./log/regression_config_regression_PQT.json_Livermore2_Vars5_4.in_normal_0.0_2023-05-30-042157/dso_regression_config_regression_PQT.json_Livermore2_Vars5_4.in_normal_0.0_plot_hof.png
Pareto Front (5 of 7)____
    0: S=000 R=0.730577 C=19.00 <-- [x3*x4 - x4 + 7.192648753659684*x5 + 1/x4]
    1: S=000 R=0.706414 C=15.00 <-- [x2 + x3 - x5*(-x4 - x5 + 1.7013666692449279) + 1/x5]
    2: S=000 R=0.693114 C=14.00 <-- [x4 + 1.1004575687998335*x5**2]
    3: S=000 R=0.692453 C=11.00 <-- [x5*(1.0223876141923962*x5 - 0.20032711076293905) + 7.4461559784325093]
    4: S=000 R=0.692429 C=8.00 <-- [0.99931212360684559*x5**2 + 7.266506121735947]
  Saving Pareto Front plot to ./log/regression_config_regression_PQT.json_Livermore2_Vars5_4.in_normal_0.0_2023-05-30-042157/dso_regression_config_regression_PQT.json_Livermore2_Vars5_4.in_normal_0.0_plot_pf.png
-- ANALYZING LOG END ----------------
== POST-PROCESS END ===================
