['add', 'mul', -2.07, 'X_6', 'log', 'add', 'X_1', 'add', 'mul', -1, 'X_5', 'mul', -1, 'pow', 'mul', 'X_2', 'mul', 'pow', 'X_3', -1, 'add', 'X_4', 'log', 'add', 1, 'add', 'X_4', 'mul', -1, 'X_0', 0.5]
--------------------
eq_name 	 Livermore2_Vars7_10
num_vars 	 7
vars_range_and_types 	 [{"name": "LogUniform", "range": [0.1, 10], "only_positive": true}, {"name": "LogUniform", "range": [0.1, 10], "only_positive": true}, {"name": "LogUniform", "range": [0.1, 10], "only_positive": true}, {"name": "LogUniform", "range": [0.1, 10], "only_positive": true}, {"name": "LogUniform", "range": [0.1, 10], "only_positive": true}, {"name": "LogUniform", "range": [0.1, 10], "only_positive": true}, {"name": "LogUniform", "range": [0.1, 10], "only_positive": true}]
function_set 	 ['add', 'sub', 'mul', 'div', 'sqrt', 'n2', 'log', 'exp', 'const']
eq_expression 	 add,mul,-2.07,X_6,log,add,X_1,add,mul,-1,X_5,mul,-1,pow,mul,X_2,mul,pow,X_3,-1,add,X_4,log,add,1,add,X_4,mul,-1,X_0,0.5
expr 	 -2.07*X_6 + log(X_1 - X_5 - sqrt(X_2*(X_4 + log(-X_0 + X_4 + 1))/X_3))
--------------------

== EXPERIMENT SETUP START ===========
Task type            : regression
Starting seed        : 0
Runs                 : 1
== EXPERIMENT SETUP END =============

== TRAINING SEED 0 START ============
self.dataX <dso.symbolic_data_generator.DataX object at 0x2aac3d746898>, self.data_query_oracle: <dso.symbolic_equation_evaluator_public.Equation_evaluator object at 0x2aac23fa5d68>
generate dataset!
-- BUILDING PRIOR START -------------
WARNING: Skipping invalid 'RelationalConstraint' with arguments {'targets': [], 'effectors': [], 'relationship': None}. Reason: Prior disabled.
WARNING: Skipping invalid 'TrigConstraint' with arguments {}. Reason: There are no target Tokens.
WARNING: Skipping invalid 'UniformArityPrior' with arguments {}. Reason: Prior disabled.
WARNING: Skipping invalid 'LanguageModelPrior' with arguments {'weight': None}. Reason: Prior disabled.
LengthConstraint: Sequences have minimum length 4.
                  Sequences have maximum length 256.
RepeatConstraint: [const] cannot occur more than 10 times.
RelationalConstraint: [inv] cannot be a child of [inv].
ConstConstraint: [const] cannot be the only unique child of [inv, add, sub, mul, div].
NoInputsConstraint: Sequences contain at least one input variable Token.
SoftLengthPrior: No description available.
-- BUILDING PRIOR END ---------------

-- RUNNING EPOCHS START -------------
gen	iter	pop_size	nevals	uncached_size	best_val             	timer  
0  	0   	1024    	1024  	1024         	(-0.829151661890972,)	2.59921
1  	1   	1024    	767   	681          	(-0.829151661890972,)	1.92413
2  	2   	1024    	773   	661          	(-0.829151661890972,)	3.67504
3  	3   	1024    	762   	654          	(-0.8296013885836514,)	4.88298
4  	4   	1024    	775   	653          	(-0.8323841032989407,)	8.39379
5  	5   	1024    	779   	643          	(-0.8323841032989407,)	12.1186
6  	6   	1024    	750   	564          	(-0.8323841032989407,)	9.71725
7  	7   	1024    	758   	540          	(-0.8365780555519767,)	7.72557
8  	8   	1024    	765   	531          	(-0.8379048088845421,)	7.25524
9  	9   	1024    	772   	554          	(-0.838030269617864,) 	6.57605

--------------------------------------------------
GP Time: 65.1033

Unique expressions evaluated: 7439
Total expression evaluations: 7925
--------------------------------------------------

GP -> best program this epoch:

	Reward: 0.838030269617864
	Count Off-policy: 1
	Count On-policy: 0
	Originally on Policy: False
	Invalid: False
	Traversal: mul,0.12065639225033724,sub,0.6725956763043462,add,add,x7,sub,x7,x5,add,x7,mul,0.002129758731518231,add,sub,inv,sub,x6,x5,mul,add,div,x6,-9.821533252195884,x7,-6672.069908064203,x7
	Expression:
                                                                              
	  0.12065639225033724⋅x₅ + 0.17456695619014879⋅x₆ - 2.0767413107120888⋅x₇ + 0.08
                                                                              

	                     0.00025696900490864436
	  1152967746058052 - ──────────────────────
	                            -x₅ + x₆       

None

--------------------------------------------------

[00:00:01:08.73] Training epoch 1/14, current best R: 0.8380

	** New best
	Reward: 0.838030269617864
	Count Off-policy: 1
	Count On-policy: 0
	Originally on Policy: False
	Invalid: False
	Traversal: mul,0.12065639225033724,sub,0.6725956763043462,add,add,x7,sub,x7,x5,add,x7,mul,0.002129758731518231,add,sub,inv,sub,x6,x5,mul,add,div,x6,-9.821533252195884,x7,-6672.069908064203,x7
	Expression:
                                                                              
	  0.12065639225033724⋅x₅ + 0.17456695619014879⋅x₆ - 2.0767413107120888⋅x₇ + 0.08
                                                                              

	                     0.00025696900490864436
	  1152967746058052 - ──────────────────────
	                            -x₅ + x₆       

10 	0   	1024    	1024  	1017         	(-0.6296075482735438,)	1.46287
11 	1   	1024    	781   	702          	(-0.6505671178498831,)	1.62954
12 	2   	1024    	779   	660          	(-0.8323841033568881,)	2.75917
13 	3   	1024    	778   	630          	(-0.8323841033568881,)	3.87885
14 	4   	1024    	778   	617          	(-0.8323841033568881,)	4.17666
15 	5   	1024    	755   	595          	(-0.8380402397427923,)	4.64978
16 	6   	1024    	778   	587          	(-0.8383610982083444,)	8.04209
17 	7   	1024    	782   	609          	(-0.8405471770265628,)	12.251 
18 	8   	1024    	765   	624          	(-0.841156673183372,) 	19.9398
19 	9   	1024    	745   	629          	(-0.8445679276729199,)	30.1946

--------------------------------------------------
GP Time: 89.2241

Unique expressions evaluated: 15051
Total expression evaluations: 15890
--------------------------------------------------

GP -> best program this epoch:

	Reward: 0.8445679276729199
	Count Off-policy: 1
	Count On-policy: 0
	Originally on Policy: False
	Invalid: False
	Traversal: add,mul,sub,mul,add,x6,11.934499371741984,mul,add,sub,x4,x1,add,inv,add,x3,x3,sub,sub,-38.11137689836094,x7,x7,-0.0038006681979402047,add,x7,x7,1.097078748852068,div,add,mul,mul,x5,x3,20.662685534851565,-995.0794752723523,616.5845938812262
	Expression:
                                                                              
	  0.033511517705601083⋅x₃⋅x₅ - 2.194157497704136⋅x₇ + 1.097078748852068⋅(x₆ + 11
                                                                              

	                    ⎛                                                           
	  .934499371741984)⋅⎜0.0038006681979402047⋅x₁ - 0.0038006681979402047⋅x₄ + 0.007
	                    ⎝                                                           

	                                              0.0019003340989701024⎞            
	  6013363958804094⋅x₇ + 0.14484869815731342 - ─────────────────────⎟ - 1.6138571
	                                                        x₃         ⎠            

        
	  82205296
        

None

--------------------------------------------------

[00:00:02:42.07] Training epoch 2/14, current best R: 0.8446

	** New best
	Reward: 0.8445679276729199
	Count Off-policy: 1
	Count On-policy: 0
	Originally on Policy: False
	Invalid: False
	Traversal: add,mul,sub,mul,add,x6,11.934499371741984,mul,add,sub,x4,x1,add,inv,add,x3,x3,sub,sub,-38.11137689836094,x7,x7,-0.0038006681979402047,add,x7,x7,1.097078748852068,div,add,mul,mul,x5,x3,20.662685534851565,-995.0794752723523,616.5845938812262
	Expression:
                                                                              
	  0.033511517705601083⋅x₃⋅x₅ - 2.194157497704136⋅x₇ + 1.097078748852068⋅(x₆ + 11
                                                                              

	                    ⎛                                                           
	  .934499371741984)⋅⎜0.0038006681979402047⋅x₁ - 0.0038006681979402047⋅x₄ + 0.007
	                    ⎝                                                           

	                                              0.0019003340989701024⎞            
	  6013363958804094⋅x₇ + 0.14484869815731342 - ─────────────────────⎟ - 1.6138571
	                                                        x₃         ⎠            

        
	  82205296
        

-- RUNNING EPOCHS END ---------------

-- EVALUATION START ----------------
Saving Hall of Fame to ./log/regression_config_regression_GPMELD.json_Livermore2_Vars7_10.in_normal_0.0_2023-05-30-031737/dso_regression_config_regression_GPMELD.json_Livermore2_Vars7_10.in_normal_0.0_0_hof.csv
Saving Pareto Front to ./log/regression_config_regression_GPMELD.json_Livermore2_Vars7_10.in_normal_0.0_2023-05-30-031737/dso_regression_config_regression_GPMELD.json_Livermore2_Vars7_10.in_normal_0.0_0_pf.csv
Invalid expressions: 93 of 17938 (0.5%).
Error type counts:
  true_divide: 44 (47.3%)
  reciprocal: 49 (52.7%)
Error node counts:
  divide: 93 (100.0%)
-- EVALUATION END ------------------
== TRAINING SEED 0 END ==============
INFO: Completed run 1 of 1 in 163 s

== POST-PROCESS START =================
-- LOADING LOGS START ----------------
Successfully loaded summary data
Successfully loaded Hall of Fame data
Successfully loaded Pareto Front data
-- LOADING LOGS END ------------------

-- ANALYZING LOG START --------------
Task_____________regression
Source path______./log/regression_config_regression_GPMELD.json_Livermore2_Vars7_10.in_normal_0.0_2023-05-30-031737
Runs_____________1
Max Samples/run__15000
Success_rate_____0.0
Hall of Fame (Top 5 of 100)____
    0: S=000 R=0.844568 <-- [0.033511517705601083*x3*x5 - 2.194157497704136*x7 + 1.097078748852068*(x6 + 11.934499371741984)*(0.0038006681979402047*x1 - 0.0038006681979402047*x4 + 0.0076013363958804094*x7 + 0.14484869815731342 - 0.0019003340989701024/x3) - 1.613857182205296]
    1: S=000 R=0.844568 <-- [0.033511517705601083*x3*x5 - 2.194157497704136*x7 + 1.097078748852068*(x6 + 11.934499371741984)*(0.0038006681979402047*x1 - 0.0038006681979402047*x4 + 0.0076013363958804094*x7 + 0.14484869815731342 - 0.0019003340989701024/x3) - 1.613857182205296]
    2: S=000 R=0.843351 <-- [0.108186043308268*x3 - 1.771719630863883*x7 + 0.8858598154319417*(0.0040141823159002155*x1 + 0.33113482344485582)*(x6 - x7 + (x6 - 2.63094684697606)*(-0.013033388113006432*x1 - 0.16929226321029248*x2 - 0.013033388113006432*x6 + 0.013033388113006432*x7)) - 0.20786179859549371]
    3: S=000 R=0.843351 <-- [0.108186043308268*x3 - 1.771719630863883*x7 + 0.8858598154319417*(0.0040141823159002155*x1 + 0.33113482344485582)*(x6 - x7 + (x6 - 2.63094684697606)*(-0.013033388113006432*x1 - 0.16929226321029248*x2 - 0.013033388113006432*x6 + 0.013033388113006432*x7)) - 0.20786179859549371]
    4: S=000 R=0.843062 <-- [0.11965350853302373*x5 - 2.1499123771328366*x7 - 0.11965350853302373*(x6 - 57.39298665681052)*(0.011135205246750166*x1 - 0.011135205246750166*x4 + 0.011135205246750166*x7 - 1.4873657958208097 - 0.005567602623375083/x3) + 10.372439070464534]
  Saving Hall of Fame plot to ./log/regression_config_regression_GPMELD.json_Livermore2_Vars7_10.in_normal_0.0_2023-05-30-031737/dso_regression_config_regression_GPMELD.json_Livermore2_Vars7_10.in_normal_0.0_plot_hof.png
Pareto Front (5 of 15)____
    0: S=000 R=0.844568 C=38.00 <-- [0.033511517705601083*x3*x5 - 2.194157497704136*x7 + 1.097078748852068*(x6 + 11.934499371741984)*(0.0038006681979402047*x1 - 0.0038006681979402047*x4 + 0.0076013363958804094*x7 + 0.14484869815731342 - 0.0019003340989701024/x3) - 1.613857182205296]
    1: S=000 R=0.843062 C=36.00 <-- [0.11965350853302373*x5 - 2.1499123771328366*x7 - 0.11965350853302373*(x6 - 57.39298665681052)*(0.011135205246750166*x1 - 0.011135205246750166*x4 + 0.011135205246750166*x7 - 1.4873657958208097 - 0.005567602623375083/x3) + 10.372439070464534]
    2: S=000 R=0.841670 C=26.00 <-- [0.036407991875339186*x3*x5 - 2.0761613914509872*x7 + 1.0380806957254936*(0.004469461371894837*x1 + 0.1597785553588143)*(x6 + 5.22743949749645) - 0.75528142635199796]
    3: S=000 R=0.841271 C=23.00 <-- [-2.061380650783672*x7 + 2.061380650783672*(x6 + 0.7566629664074495)*(0.0026507438200346987*x1 - 0.0026507438200346987*x7 + 0.085425369971832958) + 0.038022921054437275*x5/x4]
    4: S=000 R=0.841157 C=18.00 <-- [0.036398929064817555*x3*x5 + 0.17547644528278056*x6 - 2.076098651680493*x7 + 0.1636982473764917]
  Saving Pareto Front plot to ./log/regression_config_regression_GPMELD.json_Livermore2_Vars7_10.in_normal_0.0_2023-05-30-031737/dso_regression_config_regression_GPMELD.json_Livermore2_Vars7_10.in_normal_0.0_plot_pf.png
-- ANALYZING LOG END ----------------
== POST-PROCESS END ===================
