['add', 'X_3', 'sin', 'mul', 'pow', 'mul', 'X_0', 'mul', 'pow', 'add', 'X_0', 'mul', -1, 'X_1', -0.5, 'add', 1.21, 'mul', 'X_0', 'mul', 'X_6', 'add', 'X_2', 'X_5', 0.5, 'exp', 'mul', -0.5, 'X_4']
--------------------
eq_name 	 Livermore2_Vars7_13
num_vars 	 7
vars_range_and_types 	 [{"name": "LogUniform", "range": [0.1, 10], "only_positive": true}, {"name": "LogUniform", "range": [0.1, 10], "only_positive": true}, {"name": "LogUniform", "range": [0.1, 10], "only_positive": true}, {"name": "LogUniform", "range": [0.1, 10], "only_positive": true}, {"name": "LogUniform", "range": [0.1, 10], "only_positive": true}, {"name": "LogUniform", "range": [0.1, 10], "only_positive": true}, {"name": "LogUniform", "range": [0.1, 10], "only_positive": true}]
function_set 	 ['add', 'sub', 'mul', 'div', 'sqrt', 'n2', 'log', 'exp', 'sin', 'cos', 'const']
eq_expression 	 add,X_3,sin,mul,pow,mul,X_0,mul,pow,add,X_0,mul,-1,X_1,-0.5,add,1.21,mul,X_0,mul,X_6,add,X_2,X_5,0.5,exp,mul,-0.5,X_4
expr 	 X_3 + sin(sqrt(X_0*(X_0*X_6*(X_2 + X_5) + 1.21)/sqrt(X_0 - X_1))*exp(-X_4/2))
--------------------

== EXPERIMENT SETUP START ===========
Task type            : regression
Starting seed        : 0
Runs                 : 1
== EXPERIMENT SETUP END =============

== TRAINING SEED 0 START ============
self.dataX <dso.symbolic_data_generator.DataX object at 0x2b7c67dadb70>, self.data_query_oracle: <dso.symbolic_equation_evaluator_public.Equation_evaluator object at 0x2b7c52647d68>
generate dataset!
-- BUILDING PRIOR START -------------
WARNING: Skipping invalid 'RelationalConstraint' with arguments {'targets': [], 'effectors': [], 'relationship': None}. Reason: Prior disabled.
WARNING: Skipping invalid 'TrigConstraint' with arguments {}. Reason: There are no target Tokens.
WARNING: Skipping invalid 'UniformArityPrior' with arguments {}. Reason: Prior disabled.
WARNING: Skipping invalid 'LanguageModelPrior' with arguments {'weight': None}. Reason: Prior disabled.
LengthConstraint: Sequences have minimum length 4.
                  Sequences have maximum length 256.
RepeatConstraint: [const] cannot occur more than 10 times.
RelationalConstraint: [inv] cannot be a child of [inv].
ConstConstraint: [const] cannot be the only unique child of [inv, add, sub, mul, div].
NoInputsConstraint: Sequences contain at least one input variable Token.
SoftLengthPrior: No description available.
-- BUILDING PRIOR END ---------------

-- RUNNING EPOCHS START -------------
gen	iter	pop_size	nevals	uncached_size	best_val	timer  
0  	0   	1024    	1024  	1024         	(nan,)  	1.56857
1  	1   	1024    	783   	717          	(nan,)  	0.258767
2  	2   	1024    	746   	670          	(nan,)  	0.247262
3  	3   	1024    	786   	715          	(nan,)  	0.259433
4  	4   	1024    	734   	628          	(nan,)  	0.230831
5  	5   	1024    	785   	691          	(nan,)  	0.251265
6  	6   	1024    	775   	692          	(nan,)  	0.397304
7  	7   	1024    	742   	667          	(nan,)  	0.247989
8  	8   	1024    	748   	664          	(nan,)  	0.248513
9  	9   	1024    	771   	686          	(nan,)  	0.256556

--------------------------------------------------
GP Time: 4.20159

Unique expressions evaluated: 8139
Total expression evaluations: 7894
--------------------------------------------------

GP -> best program this epoch:

	Reward: nan
	Count Off-policy: 1
	Count On-policy: 0
	Originally on Policy: False
	Invalid: False
	Traversal: sub,inv,x2,mul,x3,x7
	Expression:
	           1 
	  -x₃⋅x₇ + ──
	           x₂

None

--------------------------------------------------

