['add', 'pow', 'add', 'X_0', 'add', 'mul', -1, 'X_1', 'add', 'mul', -1, 'X_2', 'add', 'mul', -1, 'X_3', 'mul', -2, 'mul', 'X_4', 'X_5', 0.5, 'add', 'mul', -1, 'X_3', 'mul', -1, 'mul', 'X_4', 'X_6']
--------------------
eq_name 	 Livermore2_Vars7_2
num_vars 	 7
vars_range_and_types 	 [{"name": "LogUniform", "range": [0.1, 10], "only_positive": true}, {"name": "LogUniform", "range": [0.1, 10], "only_positive": true}, {"name": "LogUniform", "range": [0.1, 10], "only_positive": true}, {"name": "LogUniform", "range": [0.1, 10], "only_positive": true}, {"name": "LogUniform", "range": [0.1, 10], "only_positive": true}, {"name": "LogUniform", "range": [0.1, 10], "only_positive": true}, {"name": "LogUniform", "range": [0.1, 10], "only_positive": true}]
function_set 	 ['add', 'sub', 'mul', 'div', 'sqrt', 'const']
eq_expression 	 add,pow,add,X_0,add,mul,-1,X_1,add,mul,-1,X_2,add,mul,-1,X_3,mul,-2,mul,X_4,X_5,0.5,add,mul,-1,X_3,mul,-1,mul,X_4,X_6
expr 	 -X_3 - X_4*X_6 + sqrt(X_0 - X_1 - X_2 - X_3 - 2*X_4*X_5)
--------------------

== EXPERIMENT SETUP START ===========
Task type            : regression
Starting seed        : 0
Runs                 : 1
== EXPERIMENT SETUP END =============

== TRAINING SEED 0 START ============
self.dataX <dso.symbolic_data_generator.DataX object at 0x2ada50137828>, self.data_query_oracle: <dso.symbolic_equation_evaluator_public.Equation_evaluator object at 0x2ada369b7d68>
generate dataset!
-- BUILDING PRIOR START -------------
WARNING: Skipping invalid 'RelationalConstraint' with arguments {'targets': [], 'effectors': [], 'relationship': None}. Reason: Prior disabled.
WARNING: Skipping invalid 'TrigConstraint' with arguments {}. Reason: There are no target Tokens.
WARNING: Skipping invalid 'UniformArityPrior' with arguments {}. Reason: Prior disabled.
WARNING: Skipping invalid 'LanguageModelPrior' with arguments {'weight': None}. Reason: Prior disabled.
LengthConstraint: Sequences have minimum length 4.
                  Sequences have maximum length 256.
RepeatConstraint: [const] cannot occur more than 10 times.
RelationalConstraint: [inv] cannot be a child of [inv].
ConstConstraint: [const] cannot be the only unique child of [inv, add, sub, mul, div].
NoInputsConstraint: Sequences contain at least one input variable Token.
SoftLengthPrior: No description available.
-- BUILDING PRIOR END ---------------

-- RUNNING EPOCHS START -------------
gen	iter	pop_size	nevals	uncached_size	best_val	timer  
0  	0   	1024    	1024  	1024         	(nan,)  	1.59953
1  	1   	1024    	806   	759          	(nan,)  	0.273675
2  	2   	1024    	817   	744          	(nan,)  	0.270066
3  	3   	1024    	762   	687          	(nan,)  	0.270349
4  	4   	1024    	766   	689          	(nan,)  	0.265175
5  	5   	1024    	751   	663          	(nan,)  	0.268158
6  	6   	1024    	744   	657          	(nan,)  	0.384564
7  	7   	1024    	774   	685          	(nan,)  	0.290123
8  	8   	1024    	767   	679          	(nan,)  	0.266249
9  	9   	1024    	778   	689          	(nan,)  	0.279791

--------------------------------------------------
GP Time: 4.40758

Unique expressions evaluated: 8264
Total expression evaluations: 7989
--------------------------------------------------

GP -> best program this epoch:

	Reward: nan
	Count Off-policy: 1
	Count On-policy: 0
	Originally on Policy: False
	Invalid: False
	Traversal: add,mul,inv,sub,x2,x5,x1,add,x5,inv,x5
	Expression:
	     x₁          1 
	  ─────── + x₅ + ──
	  x₂ - x₅        x₅

None

--------------------------------------------------

