['mul', 'pow', 'X_2', -1, 'add', 'mul', -1, 'X_0', 'mul', -0.54, 'exp', 'mul', 'X_0', 'mul', 'pow', 'add', 'X_3', 'cos', 'X_1', 0.5, 'exp', 'mul', -2, 'X_0']
--------------------
eq_name 	 Livermore2_Vars4_6
num_vars 	 4
vars_range_and_types 	 [{"name": "LogUniform", "range": [0.1, 10], "only_positive": true}, {"name": "LogUniform", "range": [0.1, 10], "only_positive": true}, {"name": "LogUniform", "range": [0.1, 10], "only_positive": true}, {"name": "LogUniform", "range": [0.1, 10], "only_positive": true}]
function_set 	 ['add', 'sub', 'mul', 'div', 'sqrt', 'n2', 'const', 'exp', 'sin', 'cos']
eq_expression 	 mul,pow,X_2,-1,add,mul,-1,X_0,mul,-0.54,exp,mul,X_0,mul,pow,add,X_3,cos,X_1,0.5,exp,mul,-2,X_0
expr 	 (-X_0 - 0.54*exp(X_0*sqrt(X_3 + cos(X_1))*exp(-2*X_0)))/X_2
--------------------

== EXPERIMENT SETUP START ===========
Task type            : regression
Starting seed        : 0
Runs                 : 1
== EXPERIMENT SETUP END =============

== TRAINING SEED 0 START ============
self.dataX <dso.symbolic_data_generator.DataX object at 0x2b1fd08c97f0>, self.data_query_oracle: <dso.symbolic_equation_evaluator_public.Equation_evaluator object at 0x2b1fb7132da0>
generate dataset!
-- BUILDING PRIOR START -------------
WARNING: Skipping invalid 'RelationalConstraint' with arguments {'targets': [], 'effectors': [], 'relationship': None}. Reason: Prior disabled.
WARNING: Skipping invalid 'TrigConstraint' with arguments {}. Reason: There are no target Tokens.
WARNING: Skipping invalid 'UniformArityPrior' with arguments {}. Reason: Prior disabled.
WARNING: Skipping invalid 'LanguageModelPrior' with arguments {'weight': None}. Reason: Prior disabled.
LengthConstraint: Sequences have minimum length 4.
                  Sequences have maximum length 256.
RepeatConstraint: [const] cannot occur more than 10 times.
RelationalConstraint: [inv] cannot be a child of [inv].
ConstConstraint: [const] cannot be the only unique child of [inv, add, sub, mul, div].
NoInputsConstraint: Sequences contain at least one input variable Token.
SoftLengthPrior: No description available.
-- BUILDING PRIOR END ---------------

-- RUNNING EPOCHS START -------------
gen	iter	pop_size	nevals	uncached_size	best_val             	timer  
0  	0   	1024    	1024  	1024         	(-0.865014494528431,)	4.46333
1  	1   	1024    	750   	669          	(-0.8805761166858591,)	2.97398
2  	2   	1024    	756   	668          	(-0.8937515830116158,)	5.31515
3  	3   	1024    	768   	654          	(-0.9008972295917141,)	10.1602
4  	4   	1024    	774   	666          	(-0.9410766217491955,)	7.69618
5  	5   	1024    	763   	646          	(-0.9478299144145057,)	9.41048
6  	6   	1024    	779   	634          	(-0.9478299144145057,)	10.3907
7  	7   	1024    	758   	599          	(-0.9488236134144528,)	13.9882
8  	8   	1024    	762   	604          	(-0.9488236134144528,)	20.1514
9  	9   	1024    	733   	586          	(-0.9500391912705388,)	34.2525

--------------------------------------------------
GP Time: 119.047

Unique expressions evaluated: 7682
Total expression evaluations: 7867
--------------------------------------------------

GP -> best program this epoch:

	Reward: 0.9500391912705388
	Count Off-policy: 1
	Count On-policy: 0
	Originally on Policy: False
	Invalid: False
	Traversal: mul,0.06751074459548376,div,sub,sub,x3,add,mul,0.25511749518223575,x4,mul,14.546980629859354,x1,add,inv,mul,0.26115246137809456,add,x2,inv,add,div,x3,0.8759265270218681,div,0.1129566508359378,x3,sub,mul,0.2551239327817237,x4,sub,div,0.12549202978870388,x3,add,1.8883159904268083,div,inv,div,0.197304671700079,x2,x2,x3
	Expression:
	                      ⎛                                                         
	  0.06751074459548376⋅⎜-14.546980629859354⋅x₁ + x₃ - 0.51024142796395945⋅x₄ - 6.
	                      ⎜                                                         
	                      ⎜                                                         
	                      ⎜                                                         
	                      ⎜                                                         
	                      ⎝                                                         
	  ──────────────────────────────────────────────────────────────────────────────
                                                                              

	                                                     1                          
	  9566197025664313 - ───────────────────────────────────────────────────────────
	                                                        0.26115246137809456     
	                     0.26115246137809456⋅x₂ + ──────────────────────────────────
	                                                                    0.1129566508
	                                              1.14164826518039⋅x₃ + ────────────
	                                                                            x₃  
	  ──────────────────────────────────────────────────────────────────────────────
	                x₃                                                              

	           0.12549202978870388⎞
	  ────── + ───────────────────⎟
	                    x₃        ⎟
	  ──────                      ⎟
	  359378                      ⎟
	  ──────                      ⎟
	                              ⎠
	  ─────────────────────────────
                             

None

--------------------------------------------------

[00:00:02:10.07] Training epoch 1/14, current best R: 0.9500

	** New best
	Reward: 0.9500391912705388
	Count Off-policy: 1
	Count On-policy: 0
	Originally on Policy: False
	Invalid: False
	Traversal: mul,0.06751074459548376,div,sub,sub,x3,add,mul,0.25511749518223575,x4,mul,14.546980629859354,x1,add,inv,mul,0.26115246137809456,add,x2,inv,add,div,x3,0.8759265270218681,div,0.1129566508359378,x3,sub,mul,0.2551239327817237,x4,sub,div,0.12549202978870388,x3,add,1.8883159904268083,div,inv,div,0.197304671700079,x2,x2,x3
	Expression:
	                      ⎛                                                         
	  0.06751074459548376⋅⎜-14.546980629859354⋅x₁ + x₃ - 0.51024142796395945⋅x₄ - 6.
	                      ⎜                                                         
	                      ⎜                                                         
	                      ⎜                                                         
	                      ⎜                                                         
	                      ⎝                                                         
	  ──────────────────────────────────────────────────────────────────────────────
                                                                              

	                                                     1                          
	  9566197025664313 - ───────────────────────────────────────────────────────────
	                                                        0.26115246137809456     
	                     0.26115246137809456⋅x₂ + ──────────────────────────────────
	                                                                    0.1129566508
	                                              1.14164826518039⋅x₃ + ────────────
	                                                                            x₃  
	  ──────────────────────────────────────────────────────────────────────────────
	                x₃                                                              

	           0.12549202978870388⎞
	  ────── + ───────────────────⎟
	                    x₃        ⎟
	  ──────                      ⎟
	  359378                      ⎟
	  ──────                      ⎟
	                              ⎠
	  ─────────────────────────────
                             

10 	0   	1024    	1024  	1021         	(-0.8809156574714091,)	4.64004
11 	1   	1024    	779   	685          	(-0.880981098438091,) 	5.38782
12 	2   	1024    	778   	650          	(-0.9346473550311716,)	6.68327
13 	3   	1024    	768   	644          	(-0.942187825621175,) 	10.0106
14 	4   	1024    	757   	624          	(-0.9429631222680073,)	17.0545
15 	5   	1024    	777   	629          	(-0.9450748715228298,)	26.9042
16 	6   	1024    	762   	621          	(-0.9462184176637664,)	34.9318
17 	7   	1024    	760   	620          	(-0.9462184176637664,)	32.0058
18 	8   	1024    	793   	691          	(-0.9472645948385565,)	37.6299
19 	9   	1024    	744   	621          	(-0.9483409461269554,)	36.603 

--------------------------------------------------
GP Time: 212.099

Unique expressions evaluated: 15442
Total expression evaluations: 15809
--------------------------------------------------

GP -> best program this epoch:

	Reward: 0.9483409461269554
	Count Off-policy: 1
	Count On-policy: 0
	Originally on Policy: False
	Invalid: False
	Traversal: inv,div,x3,sub,div,div,mul,-0.9380475158558579,x1,x3,inv,add,mul,0.00021437408619471435,x1,x3,sub,add,mul,mul,-0.006734187571995531,sub,div,inv,mul,x4,x2,div,div,7.099977410362022,mul,x2,x4,x2,5.190632983316797,sub,x1,sub,-16.42218480482325,x4,x3,x3
	Expression:
	    0.9380475158558579⋅x₁⋅(0.00021437408619471435⋅x₁ + x₃)                      
	  - ────────────────────────────────────────────────────── - (0.0349546961270420
	                              x₃                                                
	  ──────────────────────────────────────────────────────────────────────────────
	                                                                      x₃        

                                                           
	  6 - 0.0009484801405378218⋅x₂)⋅(x₁ + x₄ + 16.42218480482325)
                                                           
	  ───────────────────────────────────────────────────────────
                                                           

None

--------------------------------------------------

-- RUNNING EPOCHS END ---------------

-- EVALUATION START ----------------
Saving Hall of Fame to ./log/regression_config_regression_GPMELD.json_Livermore2_Vars4_6.in_normal_0.0_2023-05-30-042157/dso_regression_config_regression_GPMELD.json_Livermore2_Vars4_6.in_normal_0.0_0_hof.csv
Saving Pareto Front to ./log/regression_config_regression_GPMELD.json_Livermore2_Vars4_6.in_normal_0.0_2023-05-30-042157/dso_regression_config_regression_GPMELD.json_Livermore2_Vars4_6.in_normal_0.0_0_pf.csv
Invalid expressions: 163 of 17857 (0.9%).
Error type counts:
  true_divide: 83 (50.9%)
  reciprocal: 80 (49.1%)
Error node counts:
  divide: 163 (100.0%)
-- EVALUATION END ------------------
== TRAINING SEED 0 END ==============
INFO: Completed run 1 of 1 in 352 s

== POST-PROCESS START =================
-- LOADING LOGS START ----------------
Successfully loaded summary data
Successfully loaded Hall of Fame data
Successfully loaded Pareto Front data
-- LOADING LOGS END ------------------

-- ANALYZING LOG START --------------
Task_____________regression
Source path______./log/regression_config_regression_GPMELD.json_Livermore2_Vars4_6.in_normal_0.0_2023-05-30-042157
Runs_____________1
Max Samples/run__15000
Success_rate_____0.0
Hall of Fame (Top 5 of 100)____
    0: S=000 R=0.950039 <-- [0.06751074459548376*(-14.546980629859354*x1 + x3 - 0.51024142796395945*x4 - 6.9566197025664313 - 1/(0.26115246137809456*x2 + 0.26115246137809456/(1.14164826518039*x3 + 0.1129566508359378/x3)) + 0.12549202978870388/x3)/x3]
    1: S=000 R=0.950039 <-- [0.06751074459548376*(-14.546980629859354*x1 + x3 - 0.51024142796395945*x4 - 6.9566197025664313 - 1/(0.26115246137809456*x2 + 0.26115246137809456/(1.14164826518039*x3 + 0.1129566508359378/x3)) + 0.12549202978870388/x3)/x3]
    2: S=000 R=0.948824 <-- [-0.015626103995549194*(62.97718109516397*x1 - 1.2919540503459388*x2 + x3 + 2.1954750594493597*x4 + 35.412184610591694 - 1.2919540503459388/(0.1748441748023698*x3 + 2.4155942698822903/x3) + 0.038535349870340005/x3 + 1.1235480109126437/(x1*x2*(x3 + 10.145876494124279)))/x3]
    3: S=000 R=0.948824 <-- [-0.015626103995549194*(62.97718109516397*x1 - 1.2919540503459388*x2 + x3 + 2.1954750594493597*x4 + 35.412184610591694 - 1.2919540503459388/(0.1748441748023698*x3 + 2.4155942698822903/x3) + 0.038535349870340005/x3 + 1.1235480109126437/(x1*x2*(x3 + 10.145876494124279)))/x3]
    4: S=000 R=0.948681 <-- [-0.019144010688350659 + 0.022201499036067288*(-44.15524760280348*x1 + x2 + x3 - 1.5387322750919497*x4 - 26.41759861022177 + 0.002192689789263286/x3 + 0.12829692086783697/x1)/x3]
  Saving Hall of Fame plot to ./log/regression_config_regression_GPMELD.json_Livermore2_Vars4_6.in_normal_0.0_2023-05-30-042157/dso_regression_config_regression_GPMELD.json_Livermore2_Vars4_6.in_normal_0.0_plot_hof.png
Pareto Front (5 of 10)____
    0: S=000 R=0.950039 C=53.00 <-- [0.06751074459548376*(-14.546980629859354*x1 + x3 - 0.51024142796395945*x4 - 6.9566197025664313 - 1/(0.26115246137809456*x2 + 0.26115246137809456/(1.14164826518039*x3 + 0.1129566508359378/x3)) + 0.12549202978870388/x3)/x3]
    1: S=000 R=0.948824 C=52.00 <-- [-0.015626103995549194*(62.97718109516397*x1 - 1.2919540503459388*x2 + x3 + 2.1954750594493597*x4 + 35.412184610591694 - 1.2919540503459388/(0.1748441748023698*x3 + 2.4155942698822903/x3) + 0.038535349870340005/x3 + 1.1235480109126437/(x1*x2*(x3 + 10.145876494124279)))/x3]
    2: S=000 R=0.948681 C=35.00 <-- [-0.019144010688350659 + 0.022201499036067288*(-44.15524760280348*x1 + x2 + x3 - 1.5387322750919497*x4 - 26.41759861022177 + 0.002192689789263286/x3 + 0.12829692086783697/x1)/x3]
    3: S=000 R=0.948371 C=25.00 <-- [0.9819252602787388*(-x1 + 0.003689707852026285*x3 - 0.0365564093894194*x4 - 0.49552141825106766 - 0.0182782046947097/x2)/x3]
    4: S=000 R=0.947830 C=18.00 <-- [0.3064564034125273*(-3.203247919670354*x1 - x2*(0.03068689396204931*x4 - 0.13817172917748982) - 2.117515800006455)/x3]
  Saving Pareto Front plot to ./log/regression_config_regression_GPMELD.json_Livermore2_Vars4_6.in_normal_0.0_2023-05-30-042157/dso_regression_config_regression_GPMELD.json_Livermore2_Vars4_6.in_normal_0.0_plot_pf.png
-- ANALYZING LOG END ----------------
== POST-PROCESS END ===================
