['mul', 'pow', 'add', 1.2, 'mul', 6.25, 'pow', 'add', -1, 'mul', 0.4, 'X_1', 2, -1, 'exp', 'mul', -1, 'pow', 'add', -1, 'X_0', 2]
--------------------
eq_name 	 Neat_8
num_vars 	 2
vars_range_and_types 	 [{"name": "LogUniform", "range": [0.1, 10], "only_positive": true}, {"name": "LogUniform", "range": [0.1, 10], "only_positive": true}]
function_set 	 ['add', 'sub', 'mul', 'div', 'n2', 'exp', 'expneg', 'const']
eq_expression 	 mul,pow,add,1.2,mul,6.25,pow,add,-1,mul,0.4,X_1,2,-1,exp,mul,-1,pow,add,-1,X_0,2
expr 	 exp(-(X_0 - 1)**2)/(6.25*(0.4*X_1 - 1)**2 + 1.2)
--------------------

== EXPERIMENT SETUP START ===========
Task type            : regression
Starting seed        : 0
Runs                 : 1
== EXPERIMENT SETUP END =============

== TRAINING SEED 0 START ============
self.dataX <dso.symbolic_data_generator.DataX object at 0x2b2ab0a0b898>, self.data_query_oracle: <dso.symbolic_equation_evaluator_public.Equation_evaluator object at 0x2b2a9727bd68>
generate dataset!
-- BUILDING PRIOR START -------------
WARNING: Skipping invalid 'RelationalConstraint' with arguments {'targets': [], 'effectors': [], 'relationship': None}. Reason: Prior disabled.
WARNING: Skipping invalid 'TrigConstraint' with arguments {}. Reason: There are no target Tokens.
WARNING: Skipping invalid 'UniformArityPrior' with arguments {}. Reason: Prior disabled.
WARNING: Skipping invalid 'LanguageModelPrior' with arguments {'weight': None}. Reason: Prior disabled.
LengthConstraint: Sequences have minimum length 4.
                  Sequences have maximum length 256.
RepeatConstraint: [const] cannot occur more than 10 times.
RelationalConstraint: [inv] cannot be a child of [inv].
ConstConstraint: [const] cannot be the only unique child of [inv, add, sub, mul, div].
NoInputsConstraint: Sequences contain at least one input variable Token.
SoftLengthPrior: No description available.
-- BUILDING PRIOR END ---------------

-- RUNNING EPOCHS START -------------
[00:00:00:13.95] Training epoch 1/14, current best R: 0.5773

	** New best
	Reward: 0.5772629312370481
	Count Off-policy: False
	Count On-policy: True
	Originally on Policy: True
	Invalid: False
	Traversal: sub,inv,add,-2.0519717930462242,add,div,add,x1,inv,x1,div,mul,x2,0.7272230681266362,1.390255708093888,x2,0.03055881937623641
	Expression:
	                                                  1                          
	  -0.03055881937623641 + ────────────────────────────────────────────────────
	                                                                    ⎛     1 ⎞
	                                                   1.91173213423394⋅⎜x₁ + ──⎟
	                                                                    ⎝     x₁⎠
	                         x₂ - 2.0519717930462242 + ──────────────────────────
	                                                               x₂            

[00:00:00:24.72] Training epoch 2/14, current best R: 0.5917

	** New best
	Reward: 0.5916679384398145
	Count Off-policy: False
	Count On-policy: True
	Originally on Policy: True
	Invalid: False
	Traversal: inv,add,add,add,div,inv,add,sub,mul,div,1.1958197227670644,div,1.0218388715844486,mul,x2,x2,1.1958196997944313,x2,0.5728019916197576,0.21217437662224092,-1.1286863568397552,x2,x1
	Expression:
	                                         1                                      
	  ──────────────────────────────────────────────────────────────────────────────
	                                                4.7131044564368769              
	  x₁ + x₂ - 1.1286863568397552 + ───────────────────────────────────────────────
	                                                      2                         
	                                 1.3994229634954651⋅x₂  - x₂ + 0.572801991619757

 
	  ─
 
	  ─
 
	  6

[00:00:00:53.24] Training epoch 4/14, current best R: 0.6197

	** New best
	Reward: 0.6196949938881454
	Count Off-policy: False
	Count On-policy: True
	Originally on Policy: True
	Invalid: False
	Traversal: inv,add,mul,div,mul,add,x2,x1,sub,sub,mul,inv,sub,sub,add,x1,5.61403798533224,x2,x1,18.282402673894172,x2,x2,x2,1.7154948866943465,0.1679739042823663
	Expression:
	                                          1                                     
	  ──────────────────────────────────────────────────────────────────────────────
	                                                    ⎛          18.28240267389417
	                       1.7154948866943465⋅(x₁ + x₂)⋅⎜-2⋅x₂ + ───────────────────
	                                                    ⎝        5.61403798533224 - 
	  0.1679739042823663 + ─────────────────────────────────────────────────────────
	                                                    x₂                          

   
	  ───
	  2 ⎞
	  ──⎟
	  x₂⎠
	  ───
   

[00:00:01:21.15] Training epoch 6/14, current best R: 0.6575

	** New best
	Reward: 0.6575246759031748
	Count Off-policy: False
	Count On-policy: True
	Originally on Policy: True
	Invalid: False
	Traversal: inv,mul,add,add,sub,x1,div,add,div,add,mul,div,div,div,mul,x2,x2,8.665692568292116,8.668641531926083,x1,2380.5201066627296,1211.296163745934,x2,x2,-186.1990595462514,x2,-5.801071433058122,2.1646975172250924
	Expression:
	                                                                    1           
	  ──────────────────────────────────────────────────────────────────────────────
                                                                              
                                                                              
	                                                                       0.0116257
                                                                              
	  2.1646975172250924⋅x₁ + 2.1763232339311824⋅x₂ - 12.557564928386326 + ─────────
                                                                              

                                                       
	  ───────────────────────────────────────────────────────
	             ⎛                                         2⎞
	             ⎜                    31.689656538210106⋅x₂ ⎟
	  1670608995⋅⎜1211.296163745934 + ──────────────────────⎟
	             ⎝                              x₁          ⎠
	  ───────────────────────────────────────────────────────
	                        x₂                               

[00:00:01:37.40] Training epoch 7/14, current best R: 0.7476

	** New best
	Reward: 0.747576110893372
	Count Off-policy: False
	Count On-policy: True
	Originally on Policy: True
	Invalid: False
	Traversal: inv,mul,add,add,add,mul,x1,sub,x1,1.8904263934821461,-4.556419063645277,x2,mul,inv,x2,8.596954864874155,x2
	Expression:
	                                        1                                       
	  ──────────────────────────────────────────────────────────────────────────────
	     ⎛                                                        8.596954864874155⎞
	  x₂⋅⎜x₁⋅(x₁ - 1.8904263934821461) + x₂ - 4.556419063645277 + ─────────────────⎟
	     ⎝                                                                x₂       ⎠

[00:00:02:29.30] Training epoch 10/14, current best R: 0.7476
[00:00:04:15.19] Ending training after epoch 14/14, current best R: 0.7476
-- RUNNING EPOCHS END ---------------

-- EVALUATION START ----------------
Saving Hall of Fame to ./log/regression_config_regression_DSR.json_Neat_8.in_normal_0.0_2023-05-30-030323/dso_regression_config_regression_DSR.json_Neat_8.in_normal_0.0_0_hof.csv
Saving Pareto Front to ./log/regression_config_regression_DSR.json_Neat_8.in_normal_0.0_2023-05-30-030323/dso_regression_config_regression_DSR.json_Neat_8.in_normal_0.0_0_pf.csv
Invalid expressions: 321 of 14336 (2.2%).
Error type counts:
  reciprocal: 197 (61.4%)
  true_divide: 124 (38.6%)
Error node counts:
  divide: 320 (99.7%)
  invalid: 1 (0.3%)
-- EVALUATION END ------------------
== TRAINING SEED 0 END ==============
INFO: Completed run 1 of 1 in 257 s

== POST-PROCESS START =================
-- LOADING LOGS START ----------------
Successfully loaded summary data
Successfully loaded Hall of Fame data
Successfully loaded Pareto Front data
-- LOADING LOGS END ------------------

-- ANALYZING LOG START --------------
Task_____________regression
Source path______./log/regression_config_regression_DSR.json_Neat_8.in_normal_0.0_2023-05-30-030323
Runs_____________1
Max Samples/run__15000
Success_rate_____0.0
Hall of Fame (Top 5 of 100)____
    0: S=000 R=0.747576 <-- [1/(x2*(x1*(x1 - 1.8904263934821461) + x2 - 4.556419063645277 + 8.596954864874155/x2))]
    1: S=000 R=0.657525 <-- [1/(2.1646975172250924*x1 + 2.1763232339311824*x2 - 12.557564928386326 + 0.01162571670608995*(1211.296163745934 + 31.689656538210106*x2**2/x1)/x2)]
    2: S=000 R=0.644271 <-- [1/(20.9477985637732 - 82.54941406474057/(x2 + (x1 + 2.9837892187669813 + 1/(x1*x2))/x2))]
    3: S=000 R=0.631199 <-- [1/(x1 + x2/(-0.005590385725613443 + 1/((x1 + 61.77087232888328)*(0.0278462102209894*x2 - 0.1379535493652248))) + 11.78184153974655)]
    4: S=000 R=0.630520 <-- [1.249814347079174/(1.179428516373695*x1 - 2.0875220656748765*x2*(5.001349894222826 - x2) + 14.860361851245654)]
  Saving Hall of Fame plot to ./log/regression_config_regression_DSR.json_Neat_8.in_normal_0.0_2023-05-30-030323/dso_regression_config_regression_DSR.json_Neat_8.in_normal_0.0_plot_hof.png
Pareto Front (5 of 9)____
    0: S=000 R=0.747576 C=19.00 <-- [1/(x2*(x1*(x1 - 1.8904263934821461) + x2 - 4.556419063645277 + 8.596954864874155/x2))]
    1: S=000 R=0.588391 C=17.00 <-- [1/(x2*(x1 + x2 - 5.739009966290675 + 1/(x1 + x2)) + 8.685831774639574)]
    2: S=000 R=0.579073 C=16.00 <-- [1/(1.268818225506949*x1 + x2 - 2.08620500253449 + 4.567361094664145/x2)]
    3: S=000 R=0.577900 C=15.00 <-- [1/(x1 + x2 - 2.0271205820703386 + 4.636168845670838/x2)]
    4: S=000 R=0.542541 C=14.00 <-- [0.4636182415850516/(1.6505128708911516*x1 + 0.63359758016709064/(x1 + 0.025232071394810138))]
  Saving Pareto Front plot to ./log/regression_config_regression_DSR.json_Neat_8.in_normal_0.0_2023-05-30-030323/dso_regression_config_regression_DSR.json_Neat_8.in_normal_0.0_plot_pf.png
-- ANALYZING LOG END ----------------
== POST-PROCESS END ===================
