['add', 'pow', 'add', 1, 'pow', 'X_0', -4, -1, 'pow', 'add', 1, 'pow', 'X_1', -4, -1]
--------------------
eq_name 	 Neat_9
num_vars 	 2
vars_range_and_types 	 [{"name": "LogUniform", "range": [0.1, 10], "only_positive": true}, {"name": "LogUniform", "range": [0.1, 10], "only_positive": true}]
function_set 	 ['add', 'sub', 'mul', 'div', 'pow', 'const']
eq_expression 	 add,pow,add,1,pow,X_0,-4,-1,pow,add,1,pow,X_1,-4,-1
expr 	 1/(1 + X_1**(-4)) + 1/(1 + X_0**(-4))
--------------------

== EXPERIMENT SETUP START ===========
Task type            : regression
Starting seed        : 0
Runs                 : 1
== EXPERIMENT SETUP END =============

== TRAINING SEED 0 START ============
self.dataX <dso.symbolic_data_generator.DataX object at 0x2b1092d2f358>, self.data_query_oracle: <dso.symbolic_equation_evaluator_public.Equation_evaluator object at 0x2b107ea0fda0>
generate dataset!
-- BUILDING PRIOR START -------------
WARNING: Skipping invalid 'RelationalConstraint' with arguments {'targets': [], 'effectors': [], 'relationship': None}. Reason: Prior disabled.
WARNING: Skipping invalid 'TrigConstraint' with arguments {}. Reason: There are no target Tokens.
WARNING: Skipping invalid 'UniformArityPrior' with arguments {}. Reason: Prior disabled.
WARNING: Skipping invalid 'LanguageModelPrior' with arguments {'weight': None}. Reason: Prior disabled.
LengthConstraint: Sequences have minimum length 4.
                  Sequences have maximum length 256.
RepeatConstraint: [const] cannot occur more than 10 times.
RelationalConstraint: [inv] cannot be a child of [inv].
ConstConstraint: [const] cannot be the only unique child of [inv, add, sub, mul, div].
NoInputsConstraint: Sequences contain at least one input variable Token.
SoftLengthPrior: No description available.
-- BUILDING PRIOR END ---------------

-- RUNNING EPOCHS START -------------
gen	iter	pop_size	nevals	uncached_size	best_val              	timer  
0  	0   	1024    	1024  	1024         	(-0.6808129259797725,)	9.88815
1  	1   	1024    	777   	629          	(-0.737679558769419,) 	8.01608
2  	2   	1024    	766   	628          	(-0.7683611083054329,)	11.6607
3  	3   	1024    	756   	611          	(-0.7683611083054329,)	13.9441
4  	4   	1024    	750   	580          	(-0.7718442640426803,)	17.4112
5  	5   	1024    	792   	635          	(-0.8163864755151393,)	29.6581
6  	6   	1024    	814   	601          	(-0.8163864755151393,)	35.7011
7  	7   	1024    	756   	531          	(-0.8163864755151393,)	35.4531
8  	8   	1024    	755   	544          	(-0.8170213763524702,)	48.506 
9  	9   	1024    	750   	504          	(-0.8308580700360977,)	50.1096

--------------------------------------------------
GP Time: 260.595

Unique expressions evaluated: 7205
Total expression evaluations: 7940
--------------------------------------------------

GP -> best program this epoch:

	Reward: 0.8308580700360977
	Count Off-policy: 1
	Count On-policy: 0
	Originally on Policy: False
	Invalid: False
	Traversal: mul,div,3.5921808336113563,add,x2,1.3555116362735928,mul,inv,div,x1,add,div,add,0.3369930988484623,mul,x1,-0.297437231687981,sub,div,inv,sub,x1,inv,mul,x1,-0.3941248011702976,add,add,x2,mul,-0.07493728144769429,x1,0.9198040568115298,0.38649280442987105,inv,mul,0.07143082475492062,add,16.037144520735566,mul,x2,x1,x2
	Expression:
	                        ⎛                      1                                
	  3.5921808336113563⋅x₂⋅⎜────────────────────────────────────────────── + ──────
	                        ⎜0.07143082475492062⋅x₁⋅x₂ + 1.1455464598299976         
	                        ⎜                                                 -0.386
	                        ⎜                                                       
	                        ⎜                                                       
	                        ⎝                                                       
	  ──────────────────────────────────────────────────────────────────────────────
	                                                                          x₁⋅(x₂

	                         0.3369930988484623 - 0.297437231687981⋅x₁              
	  ──────────────────────────────────────────────────────────────────────────────
	                                                        1                       
	  49280442987105 + ─────────────────────────────────────────────────────────────
	                   ⎛     2.537267375792242⎞                                     
	                   ⎜x₁ + ─────────────────⎟⋅(-0.07493728144769429⋅x₁ + x₂ + 0.91
	                   ⎝             x₁       ⎠                                     
	  ──────────────────────────────────────────────────────────────────────────────
	   + 1.3555116362735928)                                                        

	                 ⎞
	  ───────────────⎟
	                 ⎟
	  ───────────────⎟
	                 ⎟
	  98040568115298)⎟
	                 ⎠
	  ────────────────
                

None

--------------------------------------------------

[00:00:04:43.88] Training epoch 1/14, current best R: 0.8309

	** New best
	Reward: 0.8308580700360977
	Count Off-policy: 1
	Count On-policy: 0
	Originally on Policy: False
	Invalid: False
	Traversal: mul,div,3.5921808336113563,add,x2,1.3555116362735928,mul,inv,div,x1,add,div,add,0.3369930988484623,mul,x1,-0.297437231687981,sub,div,inv,sub,x1,inv,mul,x1,-0.3941248011702976,add,add,x2,mul,-0.07493728144769429,x1,0.9198040568115298,0.38649280442987105,inv,mul,0.07143082475492062,add,16.037144520735566,mul,x2,x1,x2
	Expression:
	                        ⎛                      1                                
	  3.5921808336113563⋅x₂⋅⎜────────────────────────────────────────────── + ──────
	                        ⎜0.07143082475492062⋅x₁⋅x₂ + 1.1455464598299976         
	                        ⎜                                                 -0.386
	                        ⎜                                                       
	                        ⎜                                                       
	                        ⎝                                                       
	  ──────────────────────────────────────────────────────────────────────────────
	                                                                          x₁⋅(x₂

	                         0.3369930988484623 - 0.297437231687981⋅x₁              
	  ──────────────────────────────────────────────────────────────────────────────
	                                                        1                       
	  49280442987105 + ─────────────────────────────────────────────────────────────
	                   ⎛     2.537267375792242⎞                                     
	                   ⎜x₁ + ─────────────────⎟⋅(-0.07493728144769429⋅x₁ + x₂ + 0.91
	                   ⎝             x₁       ⎠                                     
	  ──────────────────────────────────────────────────────────────────────────────
	   + 1.3555116362735928)                                                        

	                 ⎞
	  ───────────────⎟
	                 ⎟
	  ───────────────⎟
	                 ⎟
	  98040568115298)⎟
	                 ⎠
	  ────────────────
                

10 	0   	1024    	1024  	1018         	(-0.7351580967254148,)	10.925 
11 	1   	1024    	731   	577          	(-0.7385344569300611,)	10.5213
12 	2   	1024    	764   	627          	(-0.7481121541016683,)	13.3927
13 	3   	1024    	754   	579          	(-0.7627408951619262,)	21.6833
14 	4   	1024    	769   	573          	(-0.7924238525416014,)	29.6384
15 	5   	1024    	755   	581          	(-0.7935750765512035,)	37.7081
16 	6   	1024    	752   	556          	(-0.7995443701034839,)	44.1916
17 	7   	1024    	741   	552          	(-0.823986788939102,) 	47.082 
18 	8   	1024    	759   	557          	(-0.823986788939102,) 	61.1153
19 	9   	1024    	753   	554          	(-0.8253912705900756,)	69.101 

--------------------------------------------------
GP Time: 345.621

Unique expressions evaluated: 14316
Total expression evaluations: 15742
--------------------------------------------------

GP -> best program this epoch:

	Reward: 0.8253912705900756
	Count Off-policy: 1
	Count On-policy: 0
	Originally on Policy: False
	Invalid: False
	Traversal: add,mul,inv,x1,div,inv,add,add,div,mul,inv,mul,add,sub,sub,add,mul,sub,0.8967945907096346,inv,add,x2,inv,x1,mul,x2,-10.427467313737491,mul,mul,x2,34.81182875770865,add,x2,mul,x2,-0.7223241728155518,x2,x1,x1,0.0015259326676976515,x1,x1,x2,91.83559656410382,div,inv,x2,div,-6.522038041801482,inv,sub,x2,add,sub,inv,add,inv,x2,inv,x1,mul,x1,div,div,-105.63353561868053,x2,add,mul,x2,inv,x1,3.5710680772776944,x2,0.388439914607101
	Expression:
	                                                                   ⎛   688.94593
	                                                                x₂⋅⎜────────────
	                                                                   ⎜   ⎛        
	                                                                   ⎜x₂⋅⎜3.571068
	                                                                   ⎝   ⎝        
	  0.388439914607101 + ──────────────────────────────────────────────────────────
	                         ⎛                                                      
	                      x₁⋅⎜x₂ + 91.83559656410382 + ─────────────────────────────
	                         ⎜                                                2     
	                         ⎜                         0.014750280644956048⋅x₂  - 0.
	                         ⎜                                                      
	                         ⎜                                                      
	                         ⎝                                                      

	  779502626⋅x₁       6.522038041801482⎞                                         
	  ──────────────── + ─────────────────⎟                                         
	               x₂⎞        1    1      ⎟                                         
	  0772776944 + ──⎟        ── + ──     ⎟                                         
	               x₁⎠        x₂   x₁     ⎠                                         
	  ──────────────────────────────────────────────────────────────────────────────
	                          1                                                     
	  ──────────────────────────────────────────────────────────────────────────────
	                        ⎛                        1   ⎞                          
	  015911613015381514⋅x₂⋅⎜0.8967945907096346 - ───────⎟ - 0.0015259326676976515⋅x
	                        ⎜                          1 ⎟                          
	                        ⎜                     x₂ + ──⎟                          
	                        ⎝                          x₁⎠                          

  
  
  
  
  
	  ──
	   ⎞
	  ─⎟
	   ⎟
	  ₂⎟
	   ⎟
	   ⎟
	   ⎠

None

--------------------------------------------------

-- RUNNING EPOCHS END ---------------

-- EVALUATION START ----------------
Saving Hall of Fame to ./log/regression_config_regression_GPMELD.json_Neat_9.in_normal_0.0_2023-05-30-030908/dso_regression_config_regression_GPMELD.json_Neat_9.in_normal_0.0_0_hof.csv
Saving Pareto Front to ./log/regression_config_regression_GPMELD.json_Neat_9.in_normal_0.0_2023-05-30-030908/dso_regression_config_regression_GPMELD.json_Neat_9.in_normal_0.0_0_pf.csv
Invalid expressions: 213 of 17790 (1.2%).
Error type counts:
  reciprocal: 115 (54.0%)
  true_divide: 98 (46.0%)
Error node counts:
  divide: 211 (99.1%)
  invalid: 2 (0.9%)
-- EVALUATION END ------------------
== TRAINING SEED 0 END ==============
INFO: Completed run 1 of 1 in 646 s

== POST-PROCESS START =================
-- LOADING LOGS START ----------------
Successfully loaded summary data
Successfully loaded Hall of Fame data
Successfully loaded Pareto Front data
-- LOADING LOGS END ------------------

-- ANALYZING LOG START --------------
Task_____________regression
Source path______./log/regression_config_regression_GPMELD.json_Neat_9.in_normal_0.0_2023-05-30-030908
Runs_____________1
Max Samples/run__15000
Success_rate_____0.0
Hall of Fame (Top 5 of 100)____
    0: S=000 R=0.830858 <-- [3.5921808336113563*x2*(1/(0.07143082475492062*x1*x2 + 1.1455464598299976) + (0.3369930988484623 - 0.297437231687981*x1)/(-0.38649280442987105 + 1/((x1 + 2.537267375792242/x1)*(-0.07493728144769429*x1 + x2 + 0.9198040568115298))))/(x1*(x2 + 1.3555116362735928))]
    1: S=000 R=0.830858 <-- [3.5921808336113563*x2*(1/(0.07143082475492062*x1*x2 + 1.1455464598299976) + (0.3369930988484623 - 0.297437231687981*x1)/(-0.38649280442987105 + 1/((x1 + 2.537267375792242/x1)*(-0.07493728144769429*x1 + x2 + 0.9198040568115298))))/(x1*(x2 + 1.3555116362735928))]
    2: S=000 R=0.826137 <-- [(1.495929505628205*x2 + 5696.24004896104/(-x1 - 2542.1140955313526))/(2*x2 + 0.6663078944343106/x2) + 0.2838892922279529 + 1/(0.61420499133293526 + 0.15936421157647756*x2/x1 + 0.16174439003767915/(x1*x2))]
    3: S=000 R=0.826137 <-- [(1.495929505628205*x2 + 5696.24004896104/(-x1 - 2542.1140955313526))/(2*x2 + 0.6663078944343106/x2) + 0.2838892922279529 + 1/(0.61420499133293526 + 0.15936421157647756*x2/x1 + 0.16174439003767915/(x1*x2))]
    4: S=000 R=0.825391 <-- [0.388439914607101 + x2*(688.94593779502626*x1/(x2*(3.5710680772776944 + x2/x1)) + 6.522038041801482/(1/x2 + 1/x1))/(x1*(x2 + 91.83559656410382 + 1/(0.014750280644956048*x2**2 - 0.015911613015381514*x2*(0.8967945907096346 - 1/(x2 + 1/x1)) - 0.0015259326676976515*x2)))]
  Saving Hall of Fame plot to ./log/regression_config_regression_GPMELD.json_Neat_9.in_normal_0.0_2023-05-30-030908/dso_regression_config_regression_GPMELD.json_Neat_9.in_normal_0.0_plot_hof.png
Pareto Front (5 of 20)____
    0: S=000 R=0.830858 C=51.00 <-- [3.5921808336113563*x2*(1/(0.07143082475492062*x1*x2 + 1.1455464598299976) + (0.3369930988484623 - 0.297437231687981*x1)/(-0.38649280442987105 + 1/((x1 + 2.537267375792242/x1)*(-0.07493728144769429*x1 + x2 + 0.9198040568115298))))/(x1*(x2 + 1.3555116362735928))]
    1: S=000 R=0.826137 C=49.00 <-- [(1.495929505628205*x2 + 5696.24004896104/(-x1 - 2542.1140955313526))/(2*x2 + 0.6663078944343106/x2) + 0.2838892922279529 + 1/(0.61420499133293526 + 0.15936421157647756*x2/x1 + 0.16174439003767915/(x1*x2))]
    2: S=000 R=0.823900 C=46.00 <-- [-0.05039849605778104*x1/(0.03171730581288437*x1*(x2 + 0.9902208694358793) + 0.00017177216604658173) + 1.2303023937743466 + 1/(0.8628639531578147 + x1**(-2))]
    3: S=000 R=0.813701 C=44.00 <-- [-0.00658752314334115*x1/(0.007712089479003878*x1*(x2 + 0.22265352997641646) + 0.00038519677851217322*x1/x2) + 0.8912589937133698 + 1/(0.6284141033599177 + 0.6226181795800628/x1)]
    4: S=000 R=0.809759 C=43.00 <-- [(-3.1165597537499594 + (0.19826620398010176 - 3.8739480357050335*x1)/(x1*(-0.05717255021218462*x1 + x2 + 1.1946670539799025)))/(x1/(0.4885950585218249*x1 + 0.90066001805654074) + 1.2851515324100422) + 3.400211444436108]
  Saving Pareto Front plot to ./log/regression_config_regression_GPMELD.json_Neat_9.in_normal_0.0_2023-05-30-030908/dso_regression_config_regression_GPMELD.json_Neat_9.in_normal_0.0_plot_pf.png
-- ANALYZING LOG END ----------------
== POST-PROCESS END ===================
