['add', 2, 'mul', -2.1, 'mul', 'cos', 'mul', 9.8, 'X_0', 'sin', 'mul', 1.3, 'X_1']
--------------------
eq_name 	 Neat_7
num_vars 	 2
vars_range_and_types 	 [{"name": "LogUniform", "range": [0.1, 10], "only_positive": true}, {"name": "LogUniform", "range": [0.1, 10], "only_positive": true}]
function_set 	 ['add', 'sub', 'mul', 'div', 'sin', 'cos', 'exp', 'log', 'n2', 'n3', 'sqrt', 'tan', 'tanh', 'const']
eq_expression 	 add,2,mul,-2.1,mul,cos,mul,9.8,X_0,sin,mul,1.3,X_1
expr 	 -2.1*sin(1.3*X_1)*cos(9.8*X_0) + 2
--------------------

== EXPERIMENT SETUP START ===========
Task type            : regression
Starting seed        : 0
Runs                 : 1
== EXPERIMENT SETUP END =============

== TRAINING SEED 0 START ============
self.dataX <dso.symbolic_data_generator.DataX object at 0x2ba6ae489278>, self.data_query_oracle: <dso.symbolic_equation_evaluator_public.Equation_evaluator object at 0x2ba69a169cf8>
generate dataset!
-- BUILDING PRIOR START -------------
WARNING: Skipping invalid 'RelationalConstraint' with arguments {'targets': [], 'effectors': [], 'relationship': None}. Reason: Prior disabled.
WARNING: Skipping invalid 'TrigConstraint' with arguments {}. Reason: There are no target Tokens.
WARNING: Skipping invalid 'UniformArityPrior' with arguments {}. Reason: Prior disabled.
WARNING: Skipping invalid 'LanguageModelPrior' with arguments {'weight': None}. Reason: Prior disabled.
LengthConstraint: Sequences have minimum length 4.
                  Sequences have maximum length 256.
RepeatConstraint: [const] cannot occur more than 10 times.
RelationalConstraint: [inv] cannot be a child of [inv].
ConstConstraint: [const] cannot be the only unique child of [inv, add, sub, mul, div].
NoInputsConstraint: Sequences contain at least one input variable Token.
SoftLengthPrior: No description available.
-- BUILDING PRIOR END ---------------

-- RUNNING EPOCHS START -------------
[00:00:00:13.06] Training epoch 1/14, current best R: 0.5050

	** New best
	Reward: 0.5049899816808698
	Count Off-policy: False
	Count On-policy: True
	Originally on Policy: True
	Invalid: False
	Traversal: div,16.477907019518373,add,inv,x1,inv,add,mul,mul,inv,x1,0.01363314096580431,sub,div,mul,inv,x1,x1,x1,x1,0.13646940193748022
	Expression:
	                      16.477907019518373                   
	  ─────────────────────────────────────────────────────────
	                           1                             1 
	  ──────────────────────────────────────────────────── + ──
	                                            ⎛      1 ⎞   x₁
	                        0.01363314096580431⋅⎜-x₁ + ──⎟     
	                                            ⎝      x₁⎠     
	  0.13646940193748022 + ──────────────────────────────     
	                                      x₁                   

[00:00:01:18.59] Training epoch 7/14, current best R: 0.5056

	** New best
	Reward: 0.5055588571183326
	Count Off-policy: False
	Count On-policy: True
	Originally on Policy: True
	Invalid: False
	Traversal: inv,sub,0.25778813786639454,sub,mul,inv,sub,sub,1.0425057298773228,sub,div,add,sub,x1,mul,x1,x1,x1,1.3721271593987039,x1,0.965263789196338,0.0007818840428365665,0.257788137757318
	Expression:
	                                               1                                
	  ──────────────────────────────────────────────────────────────────────────────
	                                                0.0007818840428365665           
	  0.51557627562371255 - ────────────────────────────────────────────────────────
	                                              2                                 
	                        0.72879542770527321⋅x₁  - 0.45759085541054642⋅x₁ + 0.077

              
	  ──────────────
              
	  ──────────────
              
	  24194068098476

[00:00:01:43.01] Training epoch 9/14, current best R: 0.5084

	** New best
	Reward: 0.5083888032639736
	Count Off-policy: False
	Count On-policy: True
	Originally on Policy: True
	Invalid: False
	Traversal: add,sub,sub,sub,inv,mul,0.3922906653892976,add,sub,x2,div,mul,sub,0.6291030668187079,x1,x1,0.001994744361893032,51.37016863556677,-0.9619600552591722,x1,-0.9619600552495512,x1
	Expression:
	                                                                   1            
	  1.923920110508723 + ──────────────────────────────────────────────────────────
	                      -196.6621251742804⋅x₁⋅(0.6291030668187079 - x₁) + 0.392290

                                 
	  ─────────────────────────────────
	  6653892976⋅x₂ + 20.15203763520691

[00:00:01:54.43] Training epoch 10/14, current best R: 0.5084
[00:00:02:46.75] Ending training after epoch 14/14, current best R: 0.5084
-- RUNNING EPOCHS END ---------------

-- EVALUATION START ----------------
Saving Hall of Fame to ./log/regression_config_regression_PQT.json_Neat_7.in_normal_0.0_2023-05-30-042838/dso_regression_config_regression_PQT.json_Neat_7.in_normal_0.0_0_hof.csv
Saving Pareto Front to ./log/regression_config_regression_PQT.json_Neat_7.in_normal_0.0_2023-05-30-042838/dso_regression_config_regression_PQT.json_Neat_7.in_normal_0.0_0_pf.csv
Invalid expressions: 444 of 14336 (3.1%).
Error type counts:
  reciprocal: 290 (65.3%)
  true_divide: 154 (34.7%)
Error node counts:
  divide: 443 (99.8%)
  invalid: 1 (0.2%)

Priority queue entry 0:
	Reward: 0.5083888032639736
	Count Off-policy: False
	Count On-policy: True
	Originally on Policy: True
	Invalid: False
	Traversal: add,sub,sub,sub,inv,mul,0.3922906653892976,add,sub,x2,div,mul,sub,0.6291030668187079,x1,x1,0.001994744361893032,51.37016863556677,-0.9619600552591722,x1,-0.9619600552495512,x1
	Expression:
	                                                                   1            
	  1.923920110508723 + ──────────────────────────────────────────────────────────
	                      -196.6621251742804⋅x₁⋅(0.6291030668187079 - x₁) + 0.392290

                                 
	  ─────────────────────────────────
	  6653892976⋅x₂ + 20.15203763520691


Priority queue entry 1:
	Reward: 0.5055588571183326
	Count Off-policy: False
	Count On-policy: True
	Originally on Policy: True
	Invalid: False
	Traversal: inv,sub,0.25778813786639454,sub,mul,inv,sub,sub,1.0425057298773228,sub,div,add,sub,x1,mul,x1,x1,x1,1.3721271593987039,x1,0.965263789196338,0.0007818840428365665,0.257788137757318
	Expression:
	                                               1                                
	  ──────────────────────────────────────────────────────────────────────────────
	                                                0.0007818840428365665           
	  0.51557627562371255 - ────────────────────────────────────────────────────────
	                                              2                                 
	                        0.72879542770527321⋅x₁  - 0.45759085541054642⋅x₁ + 0.077

              
	  ──────────────
              
	  ──────────────
              
	  24194068098476


Priority queue entry 2:
	Reward: 0.5055587503056521
	Count Off-policy: False
	Count On-policy: True
	Originally on Policy: True
	Invalid: False
	Traversal: sub,1.9395989917675218,inv,mul,mul,x1,sub,add,add,-122.9639450184109,sub,div,div,div,sub,x1,sub,0.3314888822277062,x1,x1,x1,0.01290067290478239,x1,-122.96394501841529,x1,x1
	Expression:
	                                                              1                 
	  1.9395989917675218 - ─────────────────────────────────────────────────────────
	                         2 ⎛                             77.51533639995565⋅(2⋅x₁
	                       x₁ ⋅⎜-2⋅x₁ - 245.92789003682619 + ───────────────────────
	                           ⎜                                                    
	                           ⎝                                                  x₁

                       
	  ───────────────────────
	   - 0.3314888822277062)⎞
	  ──────────────────────⎟
	  2                     ⎟
	                        ⎠


Priority queue entry 3:
	Reward: 0.5049899816808698
	Count Off-policy: False
	Count On-policy: True
	Originally on Policy: True
	Invalid: False
	Traversal: div,16.477907019518373,add,inv,x1,inv,add,mul,mul,inv,x1,0.01363314096580431,sub,div,mul,inv,x1,x1,x1,x1,0.13646940193748022
	Expression:
	                      16.477907019518373                   
	  ─────────────────────────────────────────────────────────
	                           1                             1 
	  ──────────────────────────────────────────────────── + ──
	                                            ⎛      1 ⎞   x₁
	                        0.01363314096580431⋅⎜-x₁ + ──⎟     
	                                            ⎝      x₁⎠     
	  0.13646940193748022 + ──────────────────────────────     
	                                      x₁                   


Priority queue entry 4:
	Reward: 0.5042299680653493
	Count Off-policy: False
	Count On-policy: True
	Originally on Policy: True
	Invalid: False
	Traversal: sub,1.9375524804863662,add,inv,sub,inv,sub,div,0.010578412969061127,add,x1,add,div,0.6617192206501495,mul,1.6861957902038887,x1,-1.2393681355230053,0.35099292282947636,x1,0.062339145780189426
	Expression:
	                                                           1                    
	  1.8752133347061768 - ─────────────────────────────────────────────────────────
	                                                              1                 
	                       -x₁ + ───────────────────────────────────────────────────
	                                                                 0.0105784129690
	                             -0.35099292282947636 + ────────────────────────────
	                                                                              0.
	                                                    x₁ - 1.2393681355230053 + ──
                                                                              

                 
	  ─────────────────
                 
	  ─────────────────
	  61127            
	  ─────────────────
	  39243320644878185
	  ─────────────────
	         x₁        


Priority queue entry 5:
	Reward: 0.5042074239913003
	Count Off-policy: False
	Count On-policy: True
	Originally on Policy: True
	Invalid: False
	Traversal: add,div,add,-0.7018546671116181,inv,add,add,div,mul,x1,add,-0.003038399682989923,x2,x2,0.7682018149683371,div,0.07468848959559489,x1,x1,2.116366607913347
	Expression:
                                                                              
	                      -0.7018546671116181 + ────────────────────────────────────
	                                            x₁⋅(x₂ - 0.003038399682989923)      
	                                            ────────────────────────────── + 0.7
	                                                          x₂                    
	  2.116366607913347 + ──────────────────────────────────────────────────────────
	                                                                     x₁         

	  1                                    
	  ─────────────────────────────────────
	                    0.07468848959559489
	  682018149683371 + ───────────────────
	                             x₁        
	  ─────────────────────────────────────
                                     


Priority queue entry 6:
	Reward: 0.5036564768843962
	Count Off-policy: False
	Count On-policy: True
	Originally on Policy: True
	Invalid: False
	Traversal: div,add,add,add,x1,div,-0.033656588658095246,x1,-0.37264057057729966,sub,x1,div,x2,mul,sub,-1.462994107884356,x1,x2,x1
	Expression:
	                                          1              0.033656588658095246
	  2⋅x₁ - 0.37264057057729966 - ─────────────────────── - ────────────────────
	                               -x₁ - 1.462994107884356            x₁         
	  ───────────────────────────────────────────────────────────────────────────
	                                       x₁                                    


Priority queue entry 7:
	Reward: 0.503545432257184
	Count Off-policy: False
	Count On-policy: True
	Originally on Policy: True
	Invalid: False
	Traversal: add,add,mul,sub,div,add,inv,mul,sub,sub,0.9841391721894807,add,mul,sub,x1,x1,1.0,x1,1.003177729223277,26.57088944596102,0.2789075815630491,x1,x1,0.9671250790327708,x1,1.7495213120279562
	Expression:
	                                                                  ⎛             
	                                               0.9671250790327708⋅⎜0.27890758156
	                                                                  ⎝             
	  0.0328749209672292⋅x₁ + 1.7495213120279562 + ─────────────────────────────────
                                                                              

	                              1                    ⎞
	  30491 + ─────────────────────────────────────────⎟
	          -26.57088944596102⋅x₁ - 0.505871394155625⎠
	  ──────────────────────────────────────────────────
	          x₁                                        


Priority queue entry 8:
	Reward: 0.50353075690464
	Count Off-policy: False
	Count On-policy: True
	Originally on Policy: True
	Invalid: False
	Traversal: sub,sub,inv,x1,-1.819481134183192,mul,add,sub,sub,mul,inv,div,inv,div,inv,sub,x1,0.022529525475275775,x1,x1,50.638980940780094,3.939930250252671,x1,x2,0.016059680761412325
	Expression:
	                                                                              0.
	  0.016059680761412325⋅x₁ - 0.016059680761412325⋅x₂ + 1.8827551562244813 - ─────
	                                                                           x₁ - 

	  81324586799217147      1 
	  ──────────────────── + ──
	  0.022529525475275775   x₁


Priority queue entry 9:
	Reward: 0.5022596776531094
	Count Off-policy: False
	Count On-policy: True
	Originally on Policy: True
	Invalid: False
	Traversal: mul,div,inv,mul,0.7147029885284711,sub,add,x1,mul,inv,mul,sub,mul,1.0000513321276638,x1,x1,x1,2.346793672462927e-08,0.03821679904666511,0.7147175952361137,x1
	Expression:
	                          1.399154024841995⋅x₁                        
	  ────────────────────────────────────────────────────────────────────
	                                                0.00032674672325179228
	  0.7147029885284711⋅x₁ - 0.02731366049064358 + ──────────────────────
	                                                           2          
	                                                         x₁           

-- EVALUATION END ------------------
== TRAINING SEED 0 END ==============
INFO: Completed run 1 of 1 in 169 s

== POST-PROCESS START =================
-- LOADING LOGS START ----------------
Successfully loaded summary data
Successfully loaded Hall of Fame data
Successfully loaded Pareto Front data
-- LOADING LOGS END ------------------

-- ANALYZING LOG START --------------
Task_____________regression
Source path______./log/regression_config_regression_PQT.json_Neat_7.in_normal_0.0_2023-05-30-042838
Runs_____________1
Max Samples/run__15000
Success_rate_____0.0
Hall of Fame (Top 5 of 100)____
    0: S=000 R=0.508389 <-- [1.923920110508723 + 1/(-196.6621251742804*x1*(0.6291030668187079 - x1) + 0.3922906653892976*x2 + 20.15203763520691)]
    1: S=000 R=0.505559 <-- [1/(0.51557627562371255 - 0.0007818840428365665/(0.72879542770527321*x1**2 - 0.45759085541054642*x1 + 0.07724194068098476))]
    2: S=000 R=0.505559 <-- [1.9395989917675218 - 1/(x1**2*(-2*x1 - 245.92789003682619 + 77.51533639995565*(2*x1 - 0.3314888822277062)/x1**2))]
    3: S=000 R=0.504990 <-- [16.477907019518373/(1/(0.13646940193748022 + 0.01363314096580431*(-x1 + 1/x1)/x1) + 1/x1)]
    4: S=000 R=0.504230 <-- [1.8752133347061768 - 1/(-x1 + 1/(-0.35099292282947636 + 0.010578412969061127/(x1 - 1.2393681355230053 + 0.39243320644878185/x1)))]
  Saving Hall of Fame plot to ./log/regression_config_regression_PQT.json_Neat_7.in_normal_0.0_2023-05-30-042838/dso_regression_config_regression_PQT.json_Neat_7.in_normal_0.0_plot_hof.png
Pareto Front (5 of 9)____
    0: S=000 R=0.508389 C=24.00 <-- [1.923920110508723 + 1/(-196.6621251742804*x1*(0.6291030668187079 - x1) + 0.3922906653892976*x2 + 20.15203763520691)]
    1: S=000 R=0.503656 C=22.00 <-- [(2*x1 - 0.37264057057729966 - 1/(-x1 - 1.462994107884356) - 0.033656588658095246/x1)/x1]
    2: S=000 R=0.503151 C=16.00 <-- [1.9147294759147764 + (x1 - 0.12591317107823086)/(x1*(6.056824432304146*x1 - 0.099995002689016529))]
    3: S=000 R=0.501187 C=14.00 <-- [1.9224866491627404 + 1.7970487608887609/(x1*(x1 + 12.42822620915982) + 1/x1)]
    4: S=000 R=0.501023 C=13.00 <-- [1.8203697945846584 + (0.7503628033595998 - 1/(x1 + 1.2387304568116309))/x1]
  Saving Pareto Front plot to ./log/regression_config_regression_PQT.json_Neat_7.in_normal_0.0_2023-05-30-042838/dso_regression_config_regression_PQT.json_Neat_7.in_normal_0.0_plot_pf.png
-- ANALYZING LOG END ----------------
== POST-PROCESS END ===================
