['X_0']
--------------------
eq_name 	 Neat_6
num_vars 	 1
vars_range_and_types 	 [{"name": "LogUniform", "range": [0.1, 10], "only_positive": true}]
function_set 	 ['add', 'mul', 'inv', 'neg', 'sqrt', 'const']
eq_expression 	 X_0
expr 	 harmonic(X_0)
--------------------

== EXPERIMENT SETUP START ===========
Task type            : regression
Starting seed        : 0
Runs                 : 1
== EXPERIMENT SETUP END =============

== TRAINING SEED 0 START ============
self.dataX <dso.symbolic_data_generator.DataX object at 0x2ac575c3f2b0>, self.data_query_oracle: <dso.symbolic_equation_evaluator_public.Equation_evaluator object at 0x2ac56191fd68>
generate dataset!
-- BUILDING PRIOR START -------------
WARNING: Skipping invalid 'RelationalConstraint' with arguments {'targets': [], 'effectors': [], 'relationship': None}. Reason: Prior disabled.
WARNING: Skipping invalid 'TrigConstraint' with arguments {}. Reason: There are no target Tokens.
WARNING: Skipping invalid 'UniformArityPrior' with arguments {}. Reason: Prior disabled.
WARNING: Skipping invalid 'LanguageModelPrior' with arguments {'weight': None}. Reason: Prior disabled.
LengthConstraint: Sequences have minimum length 4.
                  Sequences have maximum length 256.
RepeatConstraint: [const] cannot occur more than 10 times.
RelationalConstraint: [inv] cannot be a child of [inv].
ConstConstraint: [const] cannot be the only unique child of [inv, add, sub, mul, div].
NoInputsConstraint: Sequences contain at least one input variable Token.
SoftLengthPrior: No description available.
-- BUILDING PRIOR END ---------------

-- RUNNING EPOCHS START -------------
[00:00:00:28.58] Training epoch 1/14, current best R: 1.0000

	** New best
	Reward: 1.0
	Count Off-policy: False
	Count On-policy: True
	Originally on Policy: True
	Invalid: False
	Traversal: add,mul,mul,6.262702430944806e-10,mul,inv,sub,x1,div,inv,mul,1.3624211282906267,inv,x1,x1,div,x1,x1,6.262702430944806e-10,x1
	Expression:
	        3.922144173856198e-19  
	  x₁ + ────────────────────────
	       x₁ - 0.73398744282148541

[00:00:00:28.79] Early stopping criteria met; breaking early.
-- RUNNING EPOCHS END ---------------

-- EVALUATION START ----------------
Saving Hall of Fame to ./log/regression_config_regression_DSR.json_Neat_6.in_normal_0.0_2023-05-30-042707/dso_regression_config_regression_DSR.json_Neat_6.in_normal_0.0_0_hof.csv
Saving Pareto Front to ./log/regression_config_regression_DSR.json_Neat_6.in_normal_0.0_2023-05-30-042707/dso_regression_config_regression_DSR.json_Neat_6.in_normal_0.0_0_pf.csv
Invalid expressions: 43 of 1024 (4.2%).
Error type counts:
  reciprocal: 31 (72.1%)
  true_divide: 12 (27.9%)
Error node counts:
  divide: 43 (100.0%)
-- EVALUATION END ------------------
== TRAINING SEED 0 END ==============
INFO: Completed run 1 of 1 in 30 s

== POST-PROCESS START =================
-- LOADING LOGS START ----------------
Successfully loaded summary data
Successfully loaded Hall of Fame data
Successfully loaded Pareto Front data
-- LOADING LOGS END ------------------

-- ANALYZING LOG START --------------
Task_____________regression
Source path______./log/regression_config_regression_DSR.json_Neat_6.in_normal_0.0_2023-05-30-042707
Runs_____________1
Max Samples/run__15000
Success_rate_____1.0
Hall of Fame (Top 5 of 100)____
    0: S=000 R=1.000000 <-- [1.0*x1]
    1: S=000 R=1.000000 <-- [1.0*x1]
    2: S=000 R=1.000000 <-- [x1 - 3.5384071876281035e-10/(x1*(-2826130365.9354391*x1 - 2826130365.9354391/(x1 + 0.7164810647739979/x1**2)))]
    3: S=000 R=1.000000 <-- [x1 + 3.922144173856198e-19/(x1 - 0.73398744282148541)]
    4: S=000 R=1.000000 <-- [x1]
  Saving Hall of Fame plot to ./log/regression_config_regression_DSR.json_Neat_6.in_normal_0.0_2023-05-30-042707/dso_regression_config_regression_DSR.json_Neat_6.in_normal_0.0_plot_hof.png
Pareto Front (5 of 5)____
    0: S=000 R=1.000000 C=11.00 <-- [1.0*x1]
    1: S=000 R=1.000000 C=9.00 <-- [x1]
    2: S=000 R=1.000000 C=8.00 <-- [x1 + 4.0104458538875194e-8 - 1.5358421791485472e-8/x1]
    3: S=000 R=1.000000 C=7.00 <-- [0.99999998377600408*x1 + 5.9437709772488679e-8]
    4: S=000 R=0.500000 C=5.00 <-- [2.17572764547645]
  Saving Pareto Front plot to ./log/regression_config_regression_DSR.json_Neat_6.in_normal_0.0_2023-05-30-042707/dso_regression_config_regression_DSR.json_Neat_6.in_normal_0.0_plot_pf.png
-- ANALYZING LOG END ----------------
== POST-PROCESS END ===================
