['mul', 'pow', 'add', 1.2, 'mul', 6.25, 'pow', 'add', -1, 'mul', 0.4, 'X_1', 2, -1, 'exp', 'mul', -1, 'pow', 'add', -1, 'X_0', 2]
--------------------
eq_name 	 Neat_8
num_vars 	 2
vars_range_and_types 	 [{"name": "LogUniform", "range": [0.1, 10], "only_positive": true}, {"name": "LogUniform", "range": [0.1, 10], "only_positive": true}]
function_set 	 ['add', 'sub', 'mul', 'div', 'n2', 'exp', 'expneg', 'const']
eq_expression 	 mul,pow,add,1.2,mul,6.25,pow,add,-1,mul,0.4,X_1,2,-1,exp,mul,-1,pow,add,-1,X_0,2
expr 	 exp(-(X_0 - 1)**2)/(6.25*(0.4*X_1 - 1)**2 + 1.2)
--------------------

== EXPERIMENT SETUP START ===========
Task type            : regression
Starting seed        : 0
Runs                 : 1
== EXPERIMENT SETUP END =============

== TRAINING SEED 0 START ============
self.dataX <dso.symbolic_data_generator.DataX object at 0x2ba74418c898>, self.data_query_oracle: <dso.symbolic_equation_evaluator_public.Equation_evaluator object at 0x2ba72a995d68>
generate dataset!
-- BUILDING PRIOR START -------------
WARNING: Skipping invalid 'RelationalConstraint' with arguments {'targets': [], 'effectors': [], 'relationship': None}. Reason: Prior disabled.
WARNING: Skipping invalid 'TrigConstraint' with arguments {}. Reason: There are no target Tokens.
WARNING: Skipping invalid 'UniformArityPrior' with arguments {}. Reason: Prior disabled.
WARNING: Skipping invalid 'LanguageModelPrior' with arguments {'weight': None}. Reason: Prior disabled.
LengthConstraint: Sequences have minimum length 4.
                  Sequences have maximum length 256.
RepeatConstraint: [const] cannot occur more than 10 times.
RelationalConstraint: [inv] cannot be a child of [inv].
ConstConstraint: [const] cannot be the only unique child of [inv, add, sub, mul, div].
NoInputsConstraint: Sequences contain at least one input variable Token.
SoftLengthPrior: No description available.
-- BUILDING PRIOR END ---------------

-- RUNNING EPOCHS START -------------
[00:00:00:11.57] Training epoch 1/14, current best R: 0.5646

	** New best
	Reward: 0.5646394496807541
	Count Off-policy: False
	Count On-policy: True
	Originally on Policy: True
	Invalid: False
	Traversal: inv,add,sub,x1,inv,sub,x2,mul,1.1628265632977859,div,x2,0.8372459216863851,x2
	Expression:
	               1              
	  ────────────────────────────
	            2.5715469984412839
	  x₁ + x₂ + ──────────────────
	                    x₂        

[00:00:00:31.52] Training epoch 3/14, current best R: 0.5922

	** New best
	Reward: 0.5922316248688553
	Count Off-policy: False
	Count On-policy: True
	Originally on Policy: True
	Invalid: False
	Traversal: div,add,div,mul,x2,-0.207311191742421,2.2091331342867213,0.7945543481145307,mul,div,add,div,x2,mul,x1,x1,x1,x2,x1
	Expression:
	  x₂⋅(0.7945543481145307 - 0.093842778655962284⋅x₂)
	  ─────────────────────────────────────────────────
	                       ⎛      x₂⎞                  
	                    x₁⋅⎜x₁ + ───⎟                  
	                       ⎜       2⎟                  
	                       ⎝     x₁ ⎠                  

[00:00:01:00.82] Training epoch 6/14, current best R: 0.5988

	** New best
	Reward: 0.5988202921669096
	Count Off-policy: False
	Count On-policy: True
	Originally on Policy: True
	Invalid: False
	Traversal: div,div,sub,sub,10.159297868417058,x1,x1,x1,add,mul,add,div,add,div,3.688207567708653,x2,x2,x1,-0.49971337453960807,7.467889060978041,x1
	Expression:
	                          10.159297868417058 - 2⋅x₁                        
	  ─────────────────────────────────────────────────────────────────────────
	     ⎛                                            ⎛     3.688207567708653⎞⎞
	     ⎜                          7.467889060978041⋅⎜x₂ + ─────────────────⎟⎟
	     ⎜                                            ⎝             x₂       ⎠⎟
	  x₁⋅⎜x₁ - 3.7318040433487618 + ──────────────────────────────────────────⎟
	     ⎝                                              x₁                    ⎠

[00:00:01:21.85] Training epoch 8/14, current best R: 0.6143

	** New best
	Reward: 0.614275439318283
	Count Off-policy: False
	Count On-policy: True
	Originally on Policy: True
	Invalid: False
	Traversal: div,inv,x1,mul,add,add,mul,div,add,div,div,sub,sub,0.20839011565406962,div,x2,x1,1.7913297680825466,-1.9013796884599858,x2,-1.2513370059438695,x1,3.8449952042763202,x1,x2,1.0476993283731706
	Expression:
	                                                                       1        
	  ──────────────────────────────────────────────────────────────────────────────
	     ⎛                                                                   ⎛      
	     ⎜                                                                   ⎜      
	     ⎜                                                                   ⎜      
	     ⎜                                                4.0283988931183626⋅⎜-1.251
	     ⎜                                                                   ⎝      
	  x₁⋅⎜1.0476993283731706⋅x₁ + 1.0476993283731706⋅x₂ + ──────────────────────────
	     ⎝                                                                          

                                                              
	  ──────────────────────────────────────────────────────────────
	                                        0.52593388162779084⋅x₂⎞⎞
	                  0.83252159578425499 + ──────────────────────⎟⎟
	                                                  x₁          ⎟⎟
	  3370059438695 + ────────────────────────────────────────────⎟⎟
	                                       x₂                     ⎠⎟
	  ─────────────────────────────────────────────────────────────⎟
	                   x₁                                          ⎠

[00:00:01:43.95] Training epoch 10/14, current best R: 0.6143
[00:00:02:35.34] Training epoch 14/14, current best R: 0.6625

	** New best
	Reward: 0.6625126884511988
	Count Off-policy: False
	Count On-policy: True
	Originally on Policy: True
	Invalid: False
	Traversal: inv,mul,add,sub,inv,mul,x2,x1,add,sub,div,sub,sub,-4.903780746633049,x1,x1,x2,x2,5.639414870171116,x1,x2
	Expression:
	                                   1                                  
	  ────────────────────────────────────────────────────────────────────
	     ⎛                              -2⋅x₁ - 4.903780746633049     1  ⎞
	  x₂⋅⎜x₁ + x₂ - 5.639414870171116 - ───────────────────────── + ─────⎟
	     ⎝                                          x₂              x₁⋅x₂⎠

[00:00:02:35.36] Ending training after epoch 14/14, current best R: 0.6625
-- RUNNING EPOCHS END ---------------

-- EVALUATION START ----------------
Saving Hall of Fame to ./log/regression_config_regression_PQT.json_Neat_8.in_normal_0.0_2023-05-30-030324/dso_regression_config_regression_PQT.json_Neat_8.in_normal_0.0_0_hof.csv
Saving Pareto Front to ./log/regression_config_regression_PQT.json_Neat_8.in_normal_0.0_2023-05-30-030324/dso_regression_config_regression_PQT.json_Neat_8.in_normal_0.0_0_pf.csv
Invalid expressions: 418 of 14336 (2.9%).
Error type counts:
  reciprocal: 248 (59.3%)
  true_divide: 170 (40.7%)
Error node counts:
  divide: 416 (99.5%)
  invalid: 2 (0.5%)

Priority queue entry 0:
	Reward: 0.6625126884511988
	Count Off-policy: False
	Count On-policy: True
	Originally on Policy: True
	Invalid: False
	Traversal: inv,mul,add,sub,inv,mul,x2,x1,add,sub,div,sub,sub,-4.903780746633049,x1,x1,x2,x2,5.639414870171116,x1,x2
	Expression:
	                                   1                                  
	  ────────────────────────────────────────────────────────────────────
	     ⎛                              -2⋅x₁ - 4.903780746633049     1  ⎞
	  x₂⋅⎜x₁ + x₂ - 5.639414870171116 - ───────────────────────── + ─────⎟
	     ⎝                                          x₂              x₁⋅x₂⎠


Priority queue entry 1:
	Reward: 0.614275439318283
	Count Off-policy: False
	Count On-policy: True
	Originally on Policy: True
	Invalid: False
	Traversal: div,inv,x1,mul,add,add,mul,div,add,div,div,sub,sub,0.20839011565406962,div,x2,x1,1.7913297680825466,-1.9013796884599858,x2,-1.2513370059438695,x1,3.8449952042763202,x1,x2,1.0476993283731706
	Expression:
	                                                                       1        
	  ──────────────────────────────────────────────────────────────────────────────
	     ⎛                                                                   ⎛      
	     ⎜                                                                   ⎜      
	     ⎜                                                                   ⎜      
	     ⎜                                                4.0283988931183626⋅⎜-1.251
	     ⎜                                                                   ⎝      
	  x₁⋅⎜1.0476993283731706⋅x₁ + 1.0476993283731706⋅x₂ + ──────────────────────────
	     ⎝                                                                          

                                                              
	  ──────────────────────────────────────────────────────────────
	                                        0.52593388162779084⋅x₂⎞⎞
	                  0.83252159578425499 + ──────────────────────⎟⎟
	                                                  x₁          ⎟⎟
	  3370059438695 + ────────────────────────────────────────────⎟⎟
	                                       x₂                     ⎠⎟
	  ─────────────────────────────────────────────────────────────⎟
	                   x₁                                          ⎠


Priority queue entry 2:
	Reward: 0.5988202921669096
	Count Off-policy: False
	Count On-policy: True
	Originally on Policy: True
	Invalid: False
	Traversal: div,div,sub,sub,10.159297868417058,x1,x1,x1,add,mul,add,div,add,div,3.688207567708653,x2,x2,x1,-0.49971337453960807,7.467889060978041,x1
	Expression:
	                          10.159297868417058 - 2⋅x₁                        
	  ─────────────────────────────────────────────────────────────────────────
	     ⎛                                            ⎛     3.688207567708653⎞⎞
	     ⎜                          7.467889060978041⋅⎜x₂ + ─────────────────⎟⎟
	     ⎜                                            ⎝             x₂       ⎠⎟
	  x₁⋅⎜x₁ - 3.7318040433487618 + ──────────────────────────────────────────⎟
	     ⎝                                              x₁                    ⎠


Priority queue entry 3:
	Reward: 0.5922316248688553
	Count Off-policy: False
	Count On-policy: True
	Originally on Policy: True
	Invalid: False
	Traversal: div,add,div,mul,x2,-0.207311191742421,2.2091331342867213,0.7945543481145307,mul,div,add,div,x2,mul,x1,x1,x1,x2,x1
	Expression:
	  x₂⋅(0.7945543481145307 - 0.093842778655962284⋅x₂)
	  ─────────────────────────────────────────────────
	                       ⎛      x₂⎞                  
	                    x₁⋅⎜x₁ + ───⎟                  
	                       ⎜       2⎟                  
	                       ⎝     x₁ ⎠                  


Priority queue entry 4:
	Reward: 0.5898505835430241
	Count Off-policy: False
	Count On-policy: True
	Originally on Policy: True
	Invalid: False
	Traversal: inv,div,sub,add,add,div,inv,div,inv,div,inv,x2,0.21905072241791948,x1,x1,x2,x1,3.1286455418760655,0.628467508965688
	Expression:
	                                           1                                    
	  ──────────────────────────────────────────────────────────────────────────────
	                                                                   7.26394387792
	  1.59117215406373⋅x₁ + 1.59117215406373⋅x₂ - 4.9782136661688229 + ─────────────
	                                                                           x₂   

     
	  ─────
	  97231
	  ─────
     


Priority queue entry 5:
	Reward: 0.5879410486370313
	Count Off-policy: False
	Count On-policy: True
	Originally on Policy: True
	Invalid: False
	Traversal: div,2.0482061939952474,add,mul,x2,add,add,add,div,x2,div,x2,sub,x2,6.652589144800965,x2,add,-4.652568264006308,x1,x1,18.91559233297502
	Expression:
	                     2.0482061939952474                   
	  ────────────────────────────────────────────────────────
	  x₂⋅(2⋅x₁ + 2⋅x₂ - 11.30515740880727) + 18.91559233297502


Priority queue entry 6:
	Reward: 0.5785554393307495
	Count Off-policy: False
	Count On-policy: True
	Originally on Policy: True
	Invalid: False
	Traversal: div,x2,mul,add,-8.037190079488143,div,inv,sub,div,0.11222096849427626,x2,0.014082860492066881,x2,add,div,x1,x2,1.4147406429674065
	Expression:
	                                                  x₂                            
	  ──────────────────────────────────────────────────────────────────────────────
	  ⎛                                            1                        ⎞ ⎛x₁   
	  ⎜-8.037190079488143 + ────────────────────────────────────────────────⎟⋅⎜── + 
	  ⎜                        ⎛                        0.11222096849427626⎞⎟ ⎝x₂   
	  ⎜                     x₂⋅⎜-0.014082860492066881 + ───────────────────⎟⎟       
	  ⎝                        ⎝                                 x₂        ⎠⎠       

                   
	  ───────────────────
	                    ⎞
	  1.4147406429674065⎟
	                    ⎠
                   
                   


Priority queue entry 7:
	Reward: 0.5761701508691781
	Count Off-policy: False
	Count On-policy: True
	Originally on Policy: True
	Invalid: False
	Traversal: inv,add,x1,add,add,inv,div,x2,mul,sub,add,div,3.224313271132897,x2,x1,div,-1.2243122346933497,x2,x2,x2,-2.1670570258755073
	Expression:
	                           1                         
	  ───────────────────────────────────────────────────
	                                   4.4486255058262467
	  2⋅x₁ + x₂ - 2.1670570258755073 + ──────────────────
	                                           x₂        


Priority queue entry 8:
	Reward: 0.5679569907121679
	Count Off-policy: False
	Count On-policy: True
	Originally on Policy: True
	Invalid: False
	Traversal: mul,div,0.6989317784792038,add,inv,x2,sub,inv,div,inv,x1,x1,mul,x2,-0.4189740339477232,0.6989317784792038
	Expression:
	         0.4885056309681028       
	  ────────────────────────────────
	    2                           1 
	  x₁  + 0.4189740339477232⋅x₂ + ──
	                                x₂


Priority queue entry 9:
	Reward: 0.5646394496807541
	Count Off-policy: False
	Count On-policy: True
	Originally on Policy: True
	Invalid: False
	Traversal: inv,add,sub,x1,inv,sub,x2,mul,1.1628265632977859,div,x2,0.8372459216863851,x2
	Expression:
	               1              
	  ────────────────────────────
	            2.5715469984412839
	  x₁ + x₂ + ──────────────────
	                    x₂        

-- EVALUATION END ------------------
== TRAINING SEED 0 END ==============
INFO: Completed run 1 of 1 in 157 s

== POST-PROCESS START =================
-- LOADING LOGS START ----------------
Successfully loaded summary data
Successfully loaded Hall of Fame data
Successfully loaded Pareto Front data
-- LOADING LOGS END ------------------

-- ANALYZING LOG START --------------
Task_____________regression
Source path______./log/regression_config_regression_PQT.json_Neat_8.in_normal_0.0_2023-05-30-030324
Runs_____________1
Max Samples/run__15000
Success_rate_____0.0
Hall of Fame (Top 5 of 100)____
    0: S=000 R=0.662513 <-- [1/(x2*(x1 + x2 - 5.639414870171116 - (-2*x1 - 4.903780746633049)/x2 + 1/(x1*x2)))]
    1: S=000 R=0.614275 <-- [1/(x1*(1.0476993283731706*x1 + 1.0476993283731706*x2 + 4.0283988931183626*(-1.2513370059438695 + (0.83252159578425499 + 0.52593388162779084*x2/x1)/x2)/x1))]
    2: S=000 R=0.608880 <-- [1/(x1 + x2*(x1/x2 + x2 - 5.222522706058699) + 8.31752367660178)]
    3: S=000 R=0.605705 <-- [(0.005149473664228105 + 1/(-x1 - 15.434773306305026 + 3.35097769226725*(x1 + x2*(x2 + 5.707533321079714/x2))/x2))/x2]
    4: S=000 R=0.598820 <-- [(10.159297868417058 - 2*x1)/(x1*(x1 - 3.7318040433487618 + 7.467889060978041*(x2 + 3.688207567708653/x2)/x1))]
  Saving Hall of Fame plot to ./log/regression_config_regression_PQT.json_Neat_8.in_normal_0.0_2023-05-30-030324/dso_regression_config_regression_PQT.json_Neat_8.in_normal_0.0_plot_hof.png
Pareto Front (5 of 9)____
    0: S=000 R=0.662513 C=24.00 <-- [1/(x2*(x1 + x2 - 5.639414870171116 - (-2*x1 - 4.903780746633049)/x2 + 1/(x1*x2)))]
    1: S=000 R=0.608880 C=17.00 <-- [1/(x1 + x2*(x1/x2 + x2 - 5.222522706058699) + 8.31752367660178)]
    2: S=000 R=0.597808 C=16.00 <-- [1.4805266323199335/(x1**3 + x2 + 4.128167782802399/x2)]
    3: S=000 R=0.566029 C=13.00 <-- [1.1473755977662083/(x1 + x2 + 3.1139377668068082/(x2 - 0.008777189006589466))]
    4: S=000 R=0.550913 C=12.00 <-- [-0.11997623915220383 + 0.6266376507195/(x1 + 1/(x1 + 0.2698923864422854))]
  Saving Pareto Front plot to ./log/regression_config_regression_PQT.json_Neat_8.in_normal_0.0_2023-05-30-030324/dso_regression_config_regression_PQT.json_Neat_8.in_normal_0.0_plot_pf.png
-- ANALYZING LOG END ----------------
== POST-PROCESS END ===================
