['mul', 'pow', 'add', 1.2, 'mul', 6.25, 'pow', 'add', -1, 'mul', 0.4, 'X_1', 2, -1, 'exp', 'mul', -1, 'pow', 'add', -1, 'X_0', 2]
--------------------
eq_name 	 Neat_8
num_vars 	 2
vars_range_and_types 	 [{"name": "LogUniform", "range": [0.1, 10], "only_positive": true}, {"name": "LogUniform", "range": [0.1, 10], "only_positive": true}]
function_set 	 ['add', 'sub', 'mul', 'div', 'n2', 'exp', 'expneg', 'const']
eq_expression 	 mul,pow,add,1.2,mul,6.25,pow,add,-1,mul,0.4,X_1,2,-1,exp,mul,-1,pow,add,-1,X_0,2
expr 	 exp(-(X_0 - 1)**2)/(6.25*(0.4*X_1 - 1)**2 + 1.2)
--------------------

== EXPERIMENT SETUP START ===========
Task type            : regression
Starting seed        : 0
Runs                 : 1
== EXPERIMENT SETUP END =============

== TRAINING SEED 0 START ============
self.dataX <dso.symbolic_data_generator.DataX object at 0x2b4577199c50>, self.data_query_oracle: <dso.symbolic_equation_evaluator_public.Equation_evaluator object at 0x2b455df46f98>
generate dataset!
-- BUILDING PRIOR START -------------
WARNING: Skipping invalid 'RelationalConstraint' with arguments {'targets': [], 'effectors': [], 'relationship': None}. Reason: Prior disabled.
WARNING: Skipping invalid 'TrigConstraint' with arguments {}. Reason: There are no target Tokens.
WARNING: Skipping invalid 'UniformArityPrior' with arguments {}. Reason: Prior disabled.
WARNING: Skipping invalid 'LanguageModelPrior' with arguments {'weight': None}. Reason: Prior disabled.
LengthConstraint: Sequences have minimum length 4.
                  Sequences have maximum length 256.
RepeatConstraint: [const] cannot occur more than 10 times.
RelationalConstraint: [inv] cannot be a child of [inv].
ConstConstraint: [const] cannot be the only unique child of [inv, add, sub, mul, div].
NoInputsConstraint: Sequences contain at least one input variable Token.
SoftLengthPrior: No description available.
-- BUILDING PRIOR END ---------------

-- RUNNING EPOCHS START -------------
[00:00:00:10.58] Training epoch 1/14, current best R: 0.5853

	** New best
	Reward: 0.5853017166410632
	Count Off-policy: False
	Count On-policy: True
	Originally on Policy: True
	Invalid: False
	Traversal: mul,0.028846422472791167,add,sub,add,x2,mul,sub,x2,div,-4.60336143957336,add,x2,mul,inv,add,0.41482861767912194,x2,0.40838674064676,-3.3605656245334457,x1,22.699686193820177
	Expression:
                                                                              
	  -0.028846422472791167⋅x₁ - 0.068093873280039904⋅x₂ + 0.65480473794672174 - ───
                                                                              
	                                                                             x₂ 
                                                                              

	    0.44625121940941976     
	  ──────────────────────────
	        0.40838674064676    
	  + ────────────────────────
	    x₂ + 0.41482861767912194

[00:00:00:20.21] Training epoch 2/14, current best R: 0.7210

	** New best
	Reward: 0.7209958082273797
	Count Off-policy: False
	Count On-policy: True
	Originally on Policy: True
	Invalid: False
	Traversal: mul,0.7606101154488614,div,0.7606099153865801,add,mul,add,sub,sub,add,mul,sub,x1,sub,5.931432990647493,x2,x2,x1,-0.7787675279252718,x1,2.778765157521812,x1,3.0749795049553335
	Expression:
	                                0.5785275955537354                              
	  ──────────────────────────────────────────────────────────────────────────────
	  x₁⋅(x₂⋅(x₁ + x₂ - 5.931432990647493) + 3.557532685447084) + 3.0749795049553335

[00:00:02:01.36] Training epoch 10/14, current best R: 0.7210
[00:00:03:17.00] Ending training after epoch 14/14, current best R: 0.7210
-- RUNNING EPOCHS END ---------------

-- EVALUATION START ----------------
Saving Hall of Fame to ./log/regression_config_regression_VPG.json_Neat_8.in_normal_0.0_2023-05-30-030335/dso_regression_config_regression_VPG.json_Neat_8.in_normal_0.0_0_hof.csv
Saving Pareto Front to ./log/regression_config_regression_VPG.json_Neat_8.in_normal_0.0_2023-05-30-030335/dso_regression_config_regression_VPG.json_Neat_8.in_normal_0.0_0_pf.csv
Invalid expressions: 300 of 14336 (2.1%).
Error type counts:
  reciprocal: 181 (60.3%)
  true_divide: 119 (39.7%)
Error node counts:
  divide: 300 (100.0%)
-- EVALUATION END ------------------
== TRAINING SEED 0 END ==============
INFO: Completed run 1 of 1 in 198 s

== POST-PROCESS START =================
-- LOADING LOGS START ----------------
Successfully loaded summary data
Successfully loaded Hall of Fame data
Successfully loaded Pareto Front data
-- LOADING LOGS END ------------------

-- ANALYZING LOG START --------------
Task_____________regression
Source path______./log/regression_config_regression_VPG.json_Neat_8.in_normal_0.0_2023-05-30-030335
Runs_____________1
Max Samples/run__15000
Success_rate_____0.0
Hall of Fame (Top 5 of 100)____
    0: S=000 R=0.720996 <-- [0.5785275955537354/(x1*(x2*(x1 + x2 - 5.931432990647493) + 3.557532685447084) + 3.0749795049553335)]
    1: S=000 R=0.659045 <-- [1/(3.4841795986636463*x2 - 12.611519655498823 + 3.4841795986636463*(x1*(2.819150081789688*x1/x2 - 2.394146234166454) + 5.0007215789036845)/x2)]
    2: S=000 R=0.646718 <-- [1/(x1*(x2/(0.367988118086847*x1 - 0.021724377951926282) + 1.679863287932417) - 13.381068488893435 + 15.607388496490064/x2)]
    3: S=000 R=0.645264 <-- [1/(x1*(5.3338342373582537*x1 - 13.313412571437943 + 5.3338342373582537/x2) + x2 + 4.7408037901214275)]
    4: S=000 R=0.632442 <-- [1/(x1 - 62.899760599180936 + 1/(x2 + 1/(0.0003584131638144125 + 1/(0.01327575017641988 - 0.9982149835828779*x2))))]
  Saving Hall of Fame plot to ./log/regression_config_regression_VPG.json_Neat_8.in_normal_0.0_2023-05-30-030335/dso_regression_config_regression_VPG.json_Neat_8.in_normal_0.0_plot_hof.png
Pareto Front (5 of 10)____
    0: S=000 R=0.720996 C=24.00 <-- [0.5785275955537354/(x1*(x2*(x1 + x2 - 5.931432990647493) + 3.557532685447084) + 3.0749795049553335)]
    1: S=000 R=0.645264 C=23.00 <-- [1/(x1*(5.3338342373582537*x1 - 13.313412571437943 + 5.3338342373582537/x2) + x2 + 4.7408037901214275)]
    2: S=000 R=0.623088 C=21.00 <-- [2.7640557353921893/(x2*(x1 + x2*(6.459737746473612 - 0.33304722350073396*x2) + x2 - 31.36669990279267) + 41.0859445038717)]
    3: S=000 R=0.600472 C=20.00 <-- [0.3176180911230551/(x2 - 3.710200045985964 + (0.5995185737941526*x1 + 0.80366735669757239)/x2 + 3.682445351669593/x2)]
    4: S=000 R=0.594411 C=16.00 <-- [1/((x1 - x2)*(1.348648373127841*x1 - 1.348648373127841*x2 + 5.1375039098454991) + 7.3239272854478505)]
  Saving Pareto Front plot to ./log/regression_config_regression_VPG.json_Neat_8.in_normal_0.0_2023-05-30-030335/dso_regression_config_regression_VPG.json_Neat_8.in_normal_0.0_plot_pf.png
-- ANALYZING LOG END ----------------
== POST-PROCESS END ===================
