['add', 2, 'mul', -2.1, 'mul', 'cos', 'mul', 9.8, 'X_0', 'sin', 'mul', 1.3, 'X_1']
--------------------
eq_name 	 Neat_7
num_vars 	 2
vars_range_and_types 	 [{"name": "LogUniform", "range": [0.1, 10], "only_positive": true}, {"name": "LogUniform", "range": [0.1, 10], "only_positive": true}]
function_set 	 ['add', 'sub', 'mul', 'div', 'sin', 'cos', 'exp', 'log', 'n2', 'n3', 'sqrt', 'tan', 'tanh', 'const']
eq_expression 	 add,2,mul,-2.1,mul,cos,mul,9.8,X_0,sin,mul,1.3,X_1
expr 	 -2.1*sin(1.3*X_1)*cos(9.8*X_0) + 2
--------------------

== EXPERIMENT SETUP START ===========
Task type            : regression
Starting seed        : 0
Runs                 : 1
== EXPERIMENT SETUP END =============

== TRAINING SEED 0 START ============
self.dataX <dso.symbolic_data_generator.DataX object at 0x2b9f483f6be0>, self.data_query_oracle: <dso.symbolic_equation_evaluator_public.Equation_evaluator object at 0x2b9f2ec61d68>
generate dataset!
-- BUILDING PRIOR START -------------
WARNING: Skipping invalid 'RelationalConstraint' with arguments {'targets': [], 'effectors': [], 'relationship': None}. Reason: Prior disabled.
WARNING: Skipping invalid 'TrigConstraint' with arguments {}. Reason: There are no target Tokens.
WARNING: Skipping invalid 'UniformArityPrior' with arguments {}. Reason: Prior disabled.
WARNING: Skipping invalid 'LanguageModelPrior' with arguments {'weight': None}. Reason: Prior disabled.
LengthConstraint: Sequences have minimum length 4.
                  Sequences have maximum length 256.
RepeatConstraint: [const] cannot occur more than 10 times.
RelationalConstraint: [inv] cannot be a child of [inv].
ConstConstraint: [const] cannot be the only unique child of [inv, add, sub, mul, div].
NoInputsConstraint: Sequences contain at least one input variable Token.
SoftLengthPrior: No description available.
-- BUILDING PRIOR END ---------------

-- RUNNING EPOCHS START -------------
[00:00:00:09.96] Training epoch 1/14, current best R: 0.5013

	** New best
	Reward: 0.501260741811409
	Count Off-policy: False
	Count On-policy: True
	Originally on Policy: True
	Invalid: False
	Traversal: sub,inv,mul,inv,mul,x2,inv,add,sub,add,mul,x2,div,sub,x1,sub,2.6582576350956186,x2,0.2805041112036071,3.329614317922352,-1.3295836921988253,3.329614317922131,x2,-1.9346530331347478
	Expression:
	                                                                   1            
	  1.9346530331347478 + ─────────────────────────────────────────────────────────
	                       x₂⋅(3.565010137317163⋅x₁ + 3.565010137317163⋅x₂ - 9.47671

                                 
	  ─────────────────────────────────
	  54167166273) + 7.9888123280433083

[00:00:00:20.39] Training epoch 2/14, current best R: 0.5034

	** New best
	Reward: 0.5033750566351497
	Count Off-policy: False
	Count On-policy: True
	Originally on Policy: True
	Invalid: False
	Traversal: div,0.2503214737153176,inv,add,div,add,x1,add,3.528125065939456,div,div,add,-1.0455025697676938,inv,div,0.11274384057031199,x1,x1,x1,9.436591470902885,6.753374517745901
	Expression:
	                                               0.02652668333552083⋅(8.8696641425
	  0.02652668333552083⋅x₁ + 1.784104118225916 + ─────────────────────────────────
	                                                                               2
	                                                                             x₁ 

	  511513⋅x₁ - 1.0455025697676938)
	  ───────────────────────────────
                               
                               

[00:00:00:41.53] Training epoch 4/14, current best R: 0.5034

	** New best
	Reward: 0.5033919213639189
	Count Off-policy: False
	Count On-policy: True
	Originally on Policy: True
	Invalid: False
	Traversal: inv,div,sub,div,add,add,1.2633954610076479,x1,div,0.011835954292924614,x1,1.8907961583208923,0.7169350048186103,x1
	Expression:
	                                    x₁                                 
	  ─────────────────────────────────────────────────────────────────────
	                                                  0.0062597727633609361
	  0.52887774052177189⋅x₁ - 0.048753268015423123 + ─────────────────────
	                                                            x₁         

[00:00:00:53.11] Training epoch 5/14, current best R: 0.5035

	** New best
	Reward: 0.5034617789666074
	Count Off-policy: False
	Count On-policy: True
	Originally on Policy: True
	Invalid: False
	Traversal: mul,x1,inv,add,inv,add,-7.653265637323366,mul,x1,244.2444810233798,add,sub,mul,-0.4747295632220501,x1,0.04170556333316067,x1
	Expression:
	                                            x₁                                  
	  ──────────────────────────────────────────────────────────────────────────────
	                                                                   1            
	  0.5252704367779499⋅x₁ - 0.04170556333316067 + ────────────────────────────────
	                                                244.2444810233798⋅x₁ - 7.6532656

        
	  ────────
        
	  ────────
	  37323366

[00:00:01:16.12] Training epoch 7/14, current best R: 0.5086

	** New best
	Reward: 0.5086493147980485
	Count Off-policy: False
	Count On-policy: True
	Originally on Policy: True
	Invalid: False
	Traversal: add,inv,mul,sub,div,sub,inv,mul,x1,x2,-0.17408969822950923,div,44.23603853692546,div,x2,sub,0.5175162046615137,x1,x1,19.918233704724468,1.9448731769060195
	Expression:
	                                                             1                  
	  1.9448731769060195 + ─────────────────────────────────────────────────────────
	                                                                       ⎛        
	                                                0.45027164193507021⋅x₂⋅⎜0.174089
	                                                                       ⎝        
	                       -19.918233704724468⋅x₁ + ────────────────────────────────
	                                                              0.5175162046615137

                    
	  ────────────────────
	                  1  ⎞
	  69822950923 + ─────⎟
	                x₁⋅x₂⎠
	  ────────────────────
	   - x₁               

[00:00:01:53.56] Training epoch 10/14, current best R: 0.5086
[00:00:02:46.13] Ending training after epoch 14/14, current best R: 0.5086
-- RUNNING EPOCHS END ---------------

-- EVALUATION START ----------------
Saving Hall of Fame to ./log/regression_config_regression_DSR.json_Neat_7.in_normal_0.0_2023-05-30-042851/dso_regression_config_regression_DSR.json_Neat_7.in_normal_0.0_0_hof.csv
Saving Pareto Front to ./log/regression_config_regression_DSR.json_Neat_7.in_normal_0.0_2023-05-30-042851/dso_regression_config_regression_DSR.json_Neat_7.in_normal_0.0_0_pf.csv
Invalid expressions: 401 of 14336 (2.8%).
Error type counts:
  reciprocal: 237 (59.1%)
  true_divide: 164 (40.9%)
Error node counts:
  divide: 401 (100.0%)
-- EVALUATION END ------------------
== TRAINING SEED 0 END ==============
INFO: Completed run 1 of 1 in 167 s

== POST-PROCESS START =================
-- LOADING LOGS START ----------------
Successfully loaded summary data
Successfully loaded Hall of Fame data
Successfully loaded Pareto Front data
-- LOADING LOGS END ------------------

-- ANALYZING LOG START --------------
Task_____________regression
Source path______./log/regression_config_regression_DSR.json_Neat_7.in_normal_0.0_2023-05-30-042851
Runs_____________1
Max Samples/run__15000
Success_rate_____0.0
Hall of Fame (Top 5 of 100)____
    0: S=000 R=0.508649 <-- [1.9448731769060195 + 1/(-19.918233704724468*x1 + 0.45027164193507021*x2*(0.17408969822950923 + 1/(x1*x2))/(0.5175162046615137 - x1))]
    1: S=000 R=0.505775 <-- [1.9310877335094525 + 1/(x1*(x1 + 50.410267900148554 + 0.98626912018641986/(0.04098134738388782*x1 - 0.003545921435940113)) - 47.73964979575959)]
    2: S=000 R=0.505766 <-- [1/(0.5188835138441225 - 1/((x1 + 22.621376757212182)*(x1 + 237.5787484831256 + 1/x1) - 5522.319739935079))]
    3: S=000 R=0.505750 <-- [1.9310346586191556 + 1/(x1**2/(0.028948712702110824*x1 - 0.004022786715458358) - 17.896317422210664)]
    4: S=000 R=0.505671 <-- [1.9406822446789182 + 1/(-379.78581962396436*x1 + 18.623355735598642 + 379.78581962396436/(-x1 + 1.2694766204411803/x1))]
  Saving Hall of Fame plot to ./log/regression_config_regression_DSR.json_Neat_7.in_normal_0.0_2023-05-30-042851/dso_regression_config_regression_DSR.json_Neat_7.in_normal_0.0_plot_hof.png
Pareto Front (5 of 8)____
    0: S=000 R=0.508649 C=26.00 <-- [1.9448731769060195 + 1/(-19.918233704724468*x1 + 0.45027164193507021*x2*(0.17408969822950923 + 1/(x1*x2))/(0.5175162046615137 - x1))]
    1: S=000 R=0.505775 C=24.00 <-- [1.9310877335094525 + 1/(x1*(x1 + 50.410267900148554 + 0.98626912018641986/(0.04098134738388782*x1 - 0.003545921435940113)) - 47.73964979575959)]
    2: S=000 R=0.505766 C=19.00 <-- [1/(0.5188835138441225 - 1/((x1 + 22.621376757212182)*(x1 + 237.5787484831256 + 1/x1) - 5522.319739935079))]
    3: S=000 R=0.503850 C=16.00 <-- [-x1/(90.855193396861505*x1 - 112.42411518546319 + 35.230171477401848/x1) + 2.1179793989428157]
    4: S=000 R=0.500919 C=12.00 <-- [1.7744379697671986 + 1/(x1 + 1.387561903840839) - 0.06109252949263517/x1]
  Saving Pareto Front plot to ./log/regression_config_regression_DSR.json_Neat_7.in_normal_0.0_2023-05-30-042851/dso_regression_config_regression_DSR.json_Neat_7.in_normal_0.0_plot_pf.png
-- ANALYZING LOG END ----------------
== POST-PROCESS END ===================
