['add', 'X_0', 'add', 'pow', 'X_0', 2, 'add', 'pow', 'X_0', 3, 'pow', 'X_0', 4]
--------------------
eq_name 	 Nguyen_2
num_vars 	 1
vars_range_and_types 	 [{"name": "LogUniform", "range": [0.1, 10], "only_positive": true}]
function_set 	 ['add', 'sub', 'mul', 'div', 'pow', 'const']
eq_expression 	 add,X_0,add,pow,X_0,2,add,pow,X_0,3,pow,X_0,4
expr 	 X_0**4 + X_0**3 + X_0**2 + X_0
--------------------

== EXPERIMENT SETUP START ===========
Task type            : regression
Starting seed        : 0
Runs                 : 1
== EXPERIMENT SETUP END =============

== TRAINING SEED 0 START ============
self.dataX <dso.symbolic_data_generator.DataX object at 0x2b7b4e8208d0>, self.data_query_oracle: <dso.symbolic_equation_evaluator_public.Equation_evaluator object at 0x2b7b35084d68>
generate dataset!
-- BUILDING PRIOR START -------------
WARNING: Skipping invalid 'RelationalConstraint' with arguments {'targets': [], 'effectors': [], 'relationship': None}. Reason: Prior disabled.
WARNING: Skipping invalid 'TrigConstraint' with arguments {}. Reason: There are no target Tokens.
WARNING: Skipping invalid 'UniformArityPrior' with arguments {}. Reason: Prior disabled.
WARNING: Skipping invalid 'LanguageModelPrior' with arguments {'weight': None}. Reason: Prior disabled.
LengthConstraint: Sequences have minimum length 4.
                  Sequences have maximum length 256.
RepeatConstraint: [const] cannot occur more than 10 times.
RelationalConstraint: [inv] cannot be a child of [inv].
ConstConstraint: [const] cannot be the only unique child of [inv, add, sub, mul, div].
NoInputsConstraint: Sequences contain at least one input variable Token.
SoftLengthPrior: No description available.
-- BUILDING PRIOR END ---------------

-- RUNNING EPOCHS START -------------
[00:00:00:19.38] Training epoch 1/14, current best R: 0.9997

	** New best
	Reward: 0.999703561217865
	Count Off-policy: False
	Count On-policy: True
	Originally on Policy: True
	Invalid: False
	Traversal: mul,add,mul,div,sub,mul,x1,mul,sub,div,add,0.7618703922472098,add,x1,0.7618703922472039,mul,0.656005401660701,x1,0.42125953877959077,x1,x1,1.1146783227604906,x1,2.482209833901059,x1
	Expression:
	     ⎛   ⎛                     2 ⎛                       1.52437769181239⋅(x₁ + 
	  x₁⋅⎜x₁⋅⎜0.8971198054013549⋅x₁ ⋅⎜-0.42125953877959077 + ───────────────────────
	     ⎝   ⎝                       ⎝                                           x₁ 

	  1.523740784494414)⎞                        ⎞                    ⎞
	  ──────────────────⎟ - 0.8971198054013549⋅x₁⎟ + 2.482209833901059⎟
	                    ⎠                        ⎠                    ⎠

[00:00:00:38.38] Training epoch 2/14, current best R: 0.9998

	** New best
	Reward: 0.9997575497225257
	Count Off-policy: False
	Count On-policy: True
	Originally on Policy: True
	Invalid: False
	Traversal: div,mul,mul,add,0.6089689087874202,mul,x1,mul,x1,sub,mul,div,mul,add,div,x1,x1,x1,x1,x1,x1,-1.2097291718396024,0.9988337976043344,x1,x1
	Expression:
	                       2                                                        
	  0.9988337976043344⋅x₁ ⋅(x₁⋅(x₁ + 1) + 1.2097291718396024) + 0.6082587277871064

[00:00:00:55.94] Training epoch 3/14, current best R: 1.0000

	** New best
	Reward: 0.9999999750204522
	Count Off-policy: False
	Count On-policy: True
	Originally on Policy: True
	Invalid: False
	Traversal: add,x1,mul,add,add,sub,add,inv,div,inv,add,1.4394440950713558e-05,add,mul,x1,mul,0.9999998725431533,x1,x1,x1,0.6666504145906658,1.333348626112381,x1,0.6666504145906659,x1
	Expression:
	     ⎛   ⎛                     2                             ⎞                  
	  x₁⋅⎝x₁⋅⎝0.9999998725431533⋅x₁  + x₁ + 1.4394440950713558e-5⎠ + x₁ - 4.77969310

	            ⎞     
	  4929594e-5⎠ + x₁

[00:00:00:55.95] Early stopping criteria met; breaking early.
-- RUNNING EPOCHS END ---------------

-- EVALUATION START ----------------
Saving Hall of Fame to ./log/regression_config_regression_VPG.json_Nguyen_2.in_normal_0.0_2023-05-30-034055/dso_regression_config_regression_VPG.json_Nguyen_2.in_normal_0.0_0_hof.csv
Saving Pareto Front to ./log/regression_config_regression_VPG.json_Nguyen_2.in_normal_0.0_2023-05-30-034055/dso_regression_config_regression_VPG.json_Nguyen_2.in_normal_0.0_0_pf.csv
Invalid expressions: 116 of 3072 (3.8%).
Error type counts:
  true_divide: 42 (36.2%)
  reciprocal: 74 (63.8%)
Error node counts:
  divide: 116 (100.0%)
-- EVALUATION END ------------------
== TRAINING SEED 0 END ==============
INFO: Completed run 1 of 1 in 57 s

== POST-PROCESS START =================
-- LOADING LOGS START ----------------
Successfully loaded summary data
Successfully loaded Hall of Fame data
Successfully loaded Pareto Front data
-- LOADING LOGS END ------------------

-- ANALYZING LOG START --------------
Task_____________regression
Source path______./log/regression_config_regression_VPG.json_Nguyen_2.in_normal_0.0_2023-05-30-034055
Runs_____________1
Max Samples/run__15000
Success_rate_____1.0
Hall of Fame (Top 5 of 100)____
    0: S=000 R=1.000000 <-- [x1*(x1*(0.9999998725431533*x1**2 + x1 + 1.4394440950713558e-5) + x1 - 4.779693104929594e-5) + x1]
    1: S=000 R=1.000000 <-- [1.0000007243050253*x1**3*(x1 + 0.9999886733688456 + 1.0000371651108455/x1) + x1]
    2: S=000 R=0.999978 <-- [(-30.469922849691347*x1 - 2.5840792347688946)*(-x1 - 0.91403714124643)*(0.03281992984173206*x1**2 + 0.03075915046879572)]
    3: S=000 R=0.999875 <-- [0.7148448818945501*x1**2*(2.635442022649727*x1**2/(0.0026016978541258734*x1 + 1.820926918516751) + x1 + 2.7171495078133074)]
    4: S=000 R=0.999811 <-- [x1*(-1.0056262002865646*x1*(-x1*(x1 + 0.8896040639545423) - 2.5867979341485014) - x1)]
  Saving Hall of Fame plot to ./log/regression_config_regression_VPG.json_Nguyen_2.in_normal_0.0_2023-05-30-034055/dso_regression_config_regression_VPG.json_Nguyen_2.in_normal_0.0_plot_hof.png
Pareto Front (5 of 9)____
    0: S=000 R=1.000000 C=28.00 <-- [x1*(x1*(0.9999998725431533*x1**2 + x1 + 1.4394440950713558e-5) + x1 - 4.779693104929594e-5) + x1]
    1: S=000 R=0.999978 C=23.00 <-- [(-30.469922849691347*x1 - 2.5840792347688946)*(-x1 - 0.91403714124643)*(0.03281992984173206*x1**2 + 0.03075915046879572)]
    2: S=000 R=0.998897 C=21.00 <-- [x1**2*(x1 + 0.6298292039249405)*(0.9826168894220562*x1 + 0.6243411429237601 - 1/(2*x1 + 150.5966034749224))]
    3: S=000 R=0.978171 C=15.00 <-- [(7.109178494969581 - 19.10104891800274*x1)*(-x1*(x1 - 4.8228530009553765) - 7.3433106798431203)]
    4: S=000 R=0.960336 C=11.00 <-- [15.65644415850258*x1**2*(x1 - 3.2099942655737554) + 41.04054234579947]
  Saving Pareto Front plot to ./log/regression_config_regression_VPG.json_Nguyen_2.in_normal_0.0_2023-05-30-034055/dso_regression_config_regression_VPG.json_Nguyen_2.in_normal_0.0_plot_pf.png
-- ANALYZING LOG END ----------------
== POST-PROCESS END ===================
