['pow', 'X_0', 'X_1']
--------------------
eq_name 	 Nguyen_11
num_vars 	 2
vars_range_and_types 	 [{"name": "LogUniform", "range": [0.1, 10], "only_positive": true}, {"name": "LogUniform", "range": [0.1, 10], "only_positive": true}]
function_set 	 ['add', 'sub', 'mul', 'div', 'pow', 'exp', 'log']
eq_expression 	 pow,X_0,X_1
expr 	 X_0**X_1
--------------------

== EXPERIMENT SETUP START ===========
Task type            : regression
Starting seed        : 0
Runs                 : 1
== EXPERIMENT SETUP END =============

== TRAINING SEED 0 START ============
self.dataX <dso.symbolic_data_generator.DataX object at 0x2b58a9e1f0f0>, self.data_query_oracle: <dso.symbolic_equation_evaluator_public.Equation_evaluator object at 0x2b58c8ec1da0>
generate dataset!
-- BUILDING PRIOR START -------------
WARNING: Skipping invalid 'RelationalConstraint' with arguments {'targets': [], 'effectors': [], 'relationship': None}. Reason: Prior disabled.
WARNING: Skipping invalid 'TrigConstraint' with arguments {}. Reason: There are no target Tokens.
WARNING: Skipping invalid 'UniformArityPrior' with arguments {}. Reason: Prior disabled.
WARNING: Skipping invalid 'LanguageModelPrior' with arguments {'weight': None}. Reason: Prior disabled.
LengthConstraint: Sequences have minimum length 4.
                  Sequences have maximum length 256.
RepeatConstraint: [const] cannot occur more than 10 times.
RelationalConstraint: [inv] cannot be a child of [inv].
ConstConstraint: [const] cannot be the only unique child of [inv, add, sub, mul, div].
NoInputsConstraint: Sequences contain at least one input variable Token.
SoftLengthPrior: No description available.
-- BUILDING PRIOR END ---------------

-- RUNNING EPOCHS START -------------
[00:00:00:01.92] Training epoch 1/14, current best R: 0.5731

	** New best
	Reward: 0.5730814137517991
	Count Off-policy: False
	Count On-policy: True
	Originally on Policy: True
	Invalid: False
	Traversal: sub,add,mul,mul,add,div,x2,x1,mul,mul,x2,mul,x1,mul,add,-5.0814330061219595,x1,x1,x2,x2,1732.6694723316302,x2,x2
	Expression:
	                        ⎛  2   2                             x₂⎞
	  1732.6694723316302⋅x₂⋅⎜x₁ ⋅x₂ ⋅(x₁ - 5.0814330061219595) + ──⎟
	                        ⎝                                    x₁⎠

[00:00:00:08.38] Training epoch 7/14, current best R: 0.5750

	** New best
	Reward: 0.575016204778452
	Count Off-policy: False
	Count On-policy: True
	Originally on Policy: True
	Invalid: False
	Traversal: add,mul,mul,x1,mul,sub,mul,x1,x2,add,inv,x2,35.49561445356495,mul,x2,x2,11557.0405004815,x2
	Expression:
	                        2 ⎛                            1 ⎞     
	  11557.0405004815⋅x₁⋅x₂ ⋅⎜x₁⋅x₂ - 35.49561445356495 - ──⎟ + x₂
	                          ⎝                            x₂⎠     

[00:00:00:11.25] Training epoch 10/14, current best R: 0.5750
[00:00:00:13.12] Training epoch 12/14, current best R: 0.5832

	** New best
	Reward: 0.583238640749245
	Count Off-policy: False
	Count On-policy: True
	Originally on Policy: True
	Invalid: False
	Traversal: sub,mul,mul,mul,add,mul,add,add,add,-326.95870756075544,x1,x2,mul,add,mul,x1,x1,x1,x2,x1,267.09935937733997,1083.4216022636613,x2,x2,0.9126968590366529
	Expression:
	    2 ⎛                      ⎛        ⎛  2     ⎞                          ⎞     
	  x₂ ⋅⎝1083.4216022636613⋅x₁⋅⎝x₁ + x₂⋅⎝x₁  + x₁⎠ + x₂ - 326.95870756075544⎠ + 28

	                  ⎞                     
	  9381.21590019516⎠ - 0.9126968590366529

[00:00:00:15.09] Training epoch 14/14, current best R: 0.5944

	** New best
	Reward: 0.5943712690344334
	Count Off-policy: False
	Count On-policy: True
	Originally on Policy: True
	Invalid: False
	Traversal: mul,x1,add,0.9894898783533801,mul,x1,mul,add,add,mul,add,mul,x1,mul,add,-6.28578037065967,x2,x2,x2,x2,x2,47.76589330958799,2503.880659388387
	Expression:
	  x₁⋅(x₁⋅(2503.880659388387⋅x₂⋅(x₁⋅x₂⋅(x₂ - 6.28578037065967) + x₂) + 2503.88065
	  9388387⋅x₂ + 119600.0964362865) + 0.9894898783533801)

[00:00:00:15.10] Ending training after epoch 14/14, current best R: 0.5944
-- RUNNING EPOCHS END ---------------

-- EVALUATION START ----------------
Saving Hall of Fame to ./log/regression_config_regression_VPG.json_Nguyen_11.in_normal_0.0_2023-05-30-031811/dso_regression_config_regression_VPG.json_Nguyen_11.in_normal_0.0_0_hof.csv
Saving Pareto Front to ./log/regression_config_regression_VPG.json_Nguyen_11.in_normal_0.0_2023-05-30-031811/dso_regression_config_regression_VPG.json_Nguyen_11.in_normal_0.0_0_pf.csv
Invalid expressions: 402 of 14336 (2.8%).
Error type counts:
  true_divide: 154 (38.3%)
  reciprocal: 248 (61.7%)
Error node counts:
  divide: 398 (99.0%)
  invalid: 4 (1.0%)
-- EVALUATION END ------------------
== TRAINING SEED 0 END ==============
INFO: Completed run 1 of 1 in 16 s

== POST-PROCESS START =================
-- LOADING LOGS START ----------------
Successfully loaded summary data
Successfully loaded Hall of Fame data
Successfully loaded Pareto Front data
-- LOADING LOGS END ------------------

-- ANALYZING LOG START --------------
Task_____________regression
Source path______./log/regression_config_regression_VPG.json_Nguyen_11.in_normal_0.0_2023-05-30-031811
Runs_____________1
Max Samples/run__15000
Success_rate_____0.0
Hall of Fame (Top 5 of 100)____
    0: S=000 R=0.594371 <-- [x1*(x1*(2503.880659388387*x2*(x1*x2*(x2 - 6.28578037065967) + x2) + 2503.880659388387*x2 + 119600.0964362865) + 0.9894898783533801)]
    1: S=000 R=0.583239 <-- [x2**2*(1083.4216022636613*x1*(x1 + x2*(x1**2 + x1) + x2 - 326.95870756075544) + 289381.21590019516) - 0.9126968590366529]
    2: S=000 R=0.575016 <-- [11557.0405004815*x1*x2**2*(x1*x2 - 35.49561445356495 - 1/x2) + x2]
    3: S=000 R=0.573081 <-- [1732.6694723316302*x2*(x1**2*x2**2*(x1 - 5.0814330061219595) + x2/x1)]
    4: S=000 R=0.573071 <-- [2.6850236448020217*x2*(x2**2*(3.93731522540973*x1**2*(163.95175291216444*x1 - 832.6574996055127) - 3.93731522540973*x1) + 0.9393401704256475)]
  Saving Hall of Fame plot to ./log/regression_config_regression_VPG.json_Nguyen_11.in_normal_0.0_2023-05-30-031811/dso_regression_config_regression_VPG.json_Nguyen_11.in_normal_0.0_plot_hof.png
Pareto Front (5 of 7)____
    0: S=000 R=0.594371 C=23.00 <-- [x1*(x1*(2503.880659388387*x2*(x1*x2*(x2 - 6.28578037065967) + x2) + 2503.880659388387*x2 + 119600.0964362865) + 0.9894898783533801)]
    1: S=000 R=0.575016 C=19.00 <-- [11557.0405004815*x1*x2**2*(x1*x2 - 35.49561445356495 - 1/x2) + x2]
    2: S=000 R=0.538124 C=17.00 <-- [x1*(x2**2 + x2)*(4641.504776839558*x1*x2 + 4642.504776839558*x1)]
    3: S=000 R=0.500000 C=12.00 <-- [1095691.3500422324]
    4: S=000 R=0.500000 C=9.00 <-- [1095695.8131024390]
  Saving Pareto Front plot to ./log/regression_config_regression_VPG.json_Nguyen_11.in_normal_0.0_2023-05-30-031811/dso_regression_config_regression_VPG.json_Nguyen_11.in_normal_0.0_plot_pf.png
-- ANALYZING LOG END ----------------
== POST-PROCESS END ===================
