['add', 'log', 'add', 1, 'X_0', 'log', 'add', 1, 'pow', 'X_0', 2]
--------------------
eq_name 	 Nguyen_7
num_vars 	 1
vars_range_and_types 	 [{"name": "LogUniform", "range": [0.1, 10], "only_positive": true}]
function_set 	 ['add', 'sub', 'mul', 'div', 'sin', 'cos', 'exp', 'log', 'const']
eq_expression 	 add,log,add,1,X_0,log,add,1,pow,X_0,2
expr 	 log(X_0 + 1) + log(X_0**2 + 1)
--------------------

== EXPERIMENT SETUP START ===========
Task type            : regression
Starting seed        : 0
Runs                 : 1
== EXPERIMENT SETUP END =============

== TRAINING SEED 0 START ============
self.dataX <dso.symbolic_data_generator.DataX object at 0x2b41d4cf3710>, self.data_query_oracle: <dso.symbolic_equation_evaluator_public.Equation_evaluator object at 0x2b41bb53fcf8>
generate dataset!
-- BUILDING PRIOR START -------------
WARNING: Skipping invalid 'RelationalConstraint' with arguments {'targets': [], 'effectors': [], 'relationship': None}. Reason: Prior disabled.
WARNING: Skipping invalid 'TrigConstraint' with arguments {}. Reason: There are no target Tokens.
WARNING: Skipping invalid 'UniformArityPrior' with arguments {}. Reason: Prior disabled.
WARNING: Skipping invalid 'LanguageModelPrior' with arguments {'weight': None}. Reason: Prior disabled.
LengthConstraint: Sequences have minimum length 4.
                  Sequences have maximum length 256.
RepeatConstraint: [const] cannot occur more than 10 times.
RelationalConstraint: [inv] cannot be a child of [inv].
ConstConstraint: [const] cannot be the only unique child of [inv, add, sub, mul, div].
NoInputsConstraint: Sequences contain at least one input variable Token.
SoftLengthPrior: No description available.
-- BUILDING PRIOR END ---------------

-- RUNNING EPOCHS START -------------
[00:00:00:31.67] Training epoch 1/14, current best R: 0.9927

	** New best
	Reward: 0.9926706231489345
	Count Off-policy: False
	Count On-policy: True
	Originally on Policy: True
	Invalid: False
	Traversal: sub,add,inv,div,sub,2.6596236861594886,sub,sub,mul,div,x1,1.0606575797124105,inv,add,0.6434121658236759,mul,2.8152503665727533,x1,x1,2.659623684795086,-56.24296832307553,6.3453565490122275,-4.3537753705721025
	Expression:
	                                                                   1            
	  10.69913191958433 + ──────────────────────────────────────────────────────────
	                                                         0.016763186114783977⋅x₁
	                      -0.01778000041277546⋅x₁ + ────────────────────────────────
	                                                2.8152503665727533⋅x₁ + 0.643412

                                 
	  ─────────────────────────────────
                                 
	  ────────── - 0.094576220451227111
	  1658236759                       

[00:00:01:27.94] Training epoch 3/14, current best R: 0.9957

	** New best
	Reward: 0.9956513264730912
	Count Off-policy: False
	Count On-policy: True
	Originally on Policy: True
	Invalid: False
	Traversal: sub,div,div,add,div,sub,inv,mul,sub,div,sub,inv,sub,mul,sub,-22.565320705707997,x1,x1,x1,1.0995136378425856,x1,0.27505520131388006,0.008769587337819443,2.3070972030677064,x1,x1,3.327891174728087,3.3278985178873453,-8.793109708804788
	Expression:
	                                                                     ⎛          
	                                                0.090294398590727179⋅⎜-2.3070972
	                                                                     ⎜          
	                                                                     ⎜          
	                                                                     ⎜          
	                                                                     ⎜          
	                                                                     ⎝          
	  0.090294398590727179⋅x₁ + 8.793109708804788 + ────────────────────────────────
                                                                              

	                                                                 1              
	  030677064 + ──────────────────────────────────────────────────────────────────
	                                                            ⎛                   
	                                       0.008769587337819443⋅⎜-1.0995136378425856
	                                                            ⎝                   
	              -0.0024121206106435804 + ─────────────────────────────────────────
	                                                                              x₁
	  ──────────────────────────────────────────────────────────────────────────────
	                                            x₁                                  

	                                        ⎞
	  ──────────────────────────────────────⎟
	                     1                 ⎞⎟
	   + ──────────────────────────────────⎟⎟
	     x₁⋅(-x₁ - 22.565320705707997) - x₁⎠⎟
	  ──────────────────────────────────────⎟
	                                        ⎠
	  ───────────────────────────────────────
                                       

[00:00:02:00.41] Training epoch 4/14, current best R: 0.9978

	** New best
	Reward: 0.9977830518940966
	Count Off-policy: False
	Count On-policy: True
	Originally on Policy: True
	Invalid: False
	Traversal: mul,x1,sub,div,inv,mul,add,sub,2.596515324791193,inv,div,sub,add,inv,x1,mul,1502.7408989405876,x1,-582.8812724036949,-4133.388711402598,x1,9.12586788423648,0.016252324339559743,-0.1786535785942732
	Expression:
	     ⎛                                                                   61.5296
	  x₁⋅⎜0.1786535785942732 + ─────────────────────────────────────────────────────
	     ⎜                                                                          
	     ⎜                     9.12586788423648⋅x₁ + 23.6954558134398 - ────────────
	     ⎜                                                                          
	     ⎜                                                              -0.363561475
	     ⎝                                                                          

	  60564667814                                             ⎞
	  ────────────────────────────────────────────────────────⎟
	                9.12586788423648                          ⎟
	  ────────────────────────────────────────────────────────⎟
	                                     0.0002419322424821416⎟
	  55032563⋅x₁ - 0.1410177733334699 - ─────────────────────⎟
	                                               x₁         ⎠

[00:00:02:38.91] Training epoch 5/14, current best R: 0.9993

	** New best
	Reward: 0.9993426981154866
	Count Off-policy: False
	Count On-policy: True
	Originally on Policy: True
	Invalid: False
	Traversal: mul,mul,0.0537370566703765,inv,add,inv,sub,mul,sub,div,inv,sub,add,div,0.23471991077143045,x1,x1,-0.2683898712380845,4.963905015157099,0.04242322447845767,x1,2.844090643151024,0.40202512650948885,x1
	Expression:
	                                                 0.0537370566703765⋅x₁          
	  ──────────────────────────────────────────────────────────────────────────────
	                                                                      1         
	  0.40202512650948885 + ────────────────────────────────────────────────────────
	                           ⎛                                     0.2014542979663
	                        x₁⋅⎜-0.04242322447845767 + ─────────────────────────────
	                           ⎜                                                 0.2
	                           ⎜                       x₁ + 0.2683898712380845 + ───
	                           ⎝                                                    

                                     
	  ─────────────────────────────────────
                                     
	  ─────────────────────────────────────
	  264             ⎞                    
	  ────────────────⎟ - 2.844090643151024
	  3471991077143045⎟                    
	  ────────────────⎟                    
	        x₁        ⎠                    

[00:00:05:53.12] Training epoch 10/14, current best R: 0.9995

	** New best
	Reward: 0.9994811493968764
	Count Off-policy: False
	Count On-policy: True
	Originally on Policy: True
	Invalid: False
	Traversal: inv,sub,0.07964620444765196,div,inv,x1,div,add,inv,add,sub,sub,add,div,4.005972025427274,sub,1.3123960367000809,add,0.6476332343662734,x1,0.16150518950514142,1.8385142368564924,x1,0.16150518951543807,-0.7007957453883037,0.49455891354573167
	Expression:
	                                                   1                            
	  ──────────────────────────────────────────────────────────────────────────────
	                                                              1                 
	  0.07964620444765196 - ────────────────────────────────────────────────────────
	                           ⎛                                      2.022003794918
	                        x₁⋅⎜-1.4170116566375492 + ──────────────────────────────
	                           ⎜                                                    
	                           ⎜                      -x₁ - 1.5155038578359129 + ───
	                           ⎝                                                 0.6

                     
	  ─────────────────────
                     
	  ─────────────────────
	  0151                ⎞
	  ────────────────────⎟
	  4.005972025427274   ⎟
	  ────────────────────⎟
	  647628023338075 - x₁⎠

[00:00:05:53.14] Training epoch 10/14, current best R: 0.9995
[00:00:08:49.14] Ending training after epoch 14/14, current best R: 0.9995
-- RUNNING EPOCHS END ---------------

-- EVALUATION START ----------------
Saving Hall of Fame to ./log/regression_config_regression_DSR.json_Nguyen_7.in_normal_0.0_2023-05-30-040441/dso_regression_config_regression_DSR.json_Nguyen_7.in_normal_0.0_0_hof.csv
Saving Pareto Front to ./log/regression_config_regression_DSR.json_Nguyen_7.in_normal_0.0_2023-05-30-040441/dso_regression_config_regression_DSR.json_Nguyen_7.in_normal_0.0_0_pf.csv
Invalid expressions: 359 of 14336 (2.5%).
Error type counts:
  true_divide: 105 (29.2%)
  reciprocal: 254 (70.8%)
Error node counts:
  divide: 359 (100.0%)
-- EVALUATION END ------------------
== TRAINING SEED 0 END ==============
INFO: Completed run 1 of 1 in 531 s

== POST-PROCESS START =================
-- LOADING LOGS START ----------------
Successfully loaded summary data
Successfully loaded Hall of Fame data
Successfully loaded Pareto Front data
-- LOADING LOGS END ------------------

-- ANALYZING LOG START --------------
Task_____________regression
Source path______./log/regression_config_regression_DSR.json_Nguyen_7.in_normal_0.0_2023-05-30-040441
Runs_____________1
Max Samples/run__15000
Success_rate_____0.0
Hall of Fame (Top 5 of 100)____
    0: S=000 R=0.999481 <-- [1/(0.07964620444765196 - 1/(x1*(-1.4170116566375492 + 2.0220037949180151/(-x1 - 1.5155038578359129 + 4.005972025427274/(0.6647628023338075 - x1)))))]
    1: S=000 R=0.999343 <-- [0.0537370566703765*x1/(0.40202512650948885 + 1/(x1*(-0.04242322447845767 + 0.2014542979663264/(x1 + 0.2683898712380845 + 0.23471991077143045/x1)) - 2.844090643151024))]
    2: S=000 R=0.998520 <-- [x1*(0.16469544967517388 + 3.329272534299086/(x1/(2.113887685664531 + 24.069676074566658/(x1 - 11.17761017017975)) + 6.769141823795143)) + 0.028606681174069712]
    3: S=000 R=0.998520 <-- [0.1650363169158981*x1 + 7.059150812261263 - 0.1650363169158981/(0.0080473619681687074*x1 + 0.01690195871607936 + 0.0067484817106528168/(x1 + 1.0269346825030403))]
    4: S=000 R=0.998516 <-- [x1/(6.0111043882177868 + 253.03279842931137/(-x1 - 44.98484756014976 + 1/(-0.41607770949879*x1 - 0.09116869147341498))) + 0.02710549085124638]
  Saving Hall of Fame plot to ./log/regression_config_regression_DSR.json_Nguyen_7.in_normal_0.0_2023-05-30-040441/dso_regression_config_regression_DSR.json_Nguyen_7.in_normal_0.0_plot_hof.png
Pareto Front (5 of 10)____
    0: S=000 R=0.999481 C=32.00 <-- [1/(0.07964620444765196 - 1/(x1*(-1.4170116566375492 + 2.0220037949180151/(-x1 - 1.5155038578359129 + 4.005972025427274/(0.6647628023338075 - x1)))))]
    1: S=000 R=0.999343 C=29.00 <-- [0.0537370566703765*x1/(0.40202512650948885 + 1/(x1*(-0.04242322447845767 + 0.2014542979663264/(x1 + 0.2683898712380845 + 0.23471991077143045/x1)) - 2.844090643151024))]
    2: S=000 R=0.998520 C=22.00 <-- [x1*(0.16469544967517388 + 3.329272534299086/(x1/(2.113887685664531 + 24.069676074566658/(x1 - 11.17761017017975)) + 6.769141823795143)) + 0.028606681174069712]
    3: S=000 R=0.991412 C=20.00 <-- [1/(0.09429458894786159 + 0.481554243147737/(x1 - 0.6240467171059056/(1.8362668805425706 + 0.92562142600404/x1)))]
    4: S=000 R=0.988601 C=17.00 <-- [1/(1.237160915052206*x1/(x1 + 0.43767980385186595) - 1.140934231416576 + 1/x1)]
  Saving Pareto Front plot to ./log/regression_config_regression_DSR.json_Nguyen_7.in_normal_0.0_2023-05-30-040441/dso_regression_config_regression_DSR.json_Nguyen_7.in_normal_0.0_plot_pf.png
-- ANALYZING LOG END ----------------
== POST-PROCESS END ===================
