['add', 'pow', 'X_0', 4, 'add', 'mul', 0.5, 'pow', 'X_1', 2, 'add', 'mul', -1, 'X_1', 'mul', -1, 'pow', 'X_0', 3]
--------------------
eq_name 	 Nguyen_12
num_vars 	 2
vars_range_and_types 	 [{"name": "LogUniform", "range": [0.1, 10], "only_positive": true}, {"name": "LogUniform", "range": [0.1, 10], "only_positive": true}]
function_set 	 ['add', 'sub', 'mul', 'div', 'const', 'pow']
eq_expression 	 add,pow,X_0,4,add,mul,0.5,pow,X_1,2,add,mul,-1,X_1,mul,-1,pow,X_0,3
expr 	 X_0**4 - X_0**3 + X_1**2/2 - X_1
--------------------

== EXPERIMENT SETUP START ===========
Task type            : regression
Starting seed        : 0
Runs                 : 1
== EXPERIMENT SETUP END =============

== TRAINING SEED 0 START ============
self.dataX <dso.symbolic_data_generator.DataX object at 0x2b8475f8f048>, self.data_query_oracle: <dso.symbolic_equation_evaluator_public.Equation_evaluator object at 0x2b8495030da0>
generate dataset!
-- BUILDING PRIOR START -------------
WARNING: Skipping invalid 'RelationalConstraint' with arguments {'targets': [], 'effectors': [], 'relationship': None}. Reason: Prior disabled.
WARNING: Skipping invalid 'TrigConstraint' with arguments {}. Reason: There are no target Tokens.
WARNING: Skipping invalid 'UniformArityPrior' with arguments {}. Reason: Prior disabled.
WARNING: Skipping invalid 'LanguageModelPrior' with arguments {'weight': None}. Reason: Prior disabled.
LengthConstraint: Sequences have minimum length 4.
                  Sequences have maximum length 256.
RepeatConstraint: [const] cannot occur more than 10 times.
RelationalConstraint: [inv] cannot be a child of [inv].
ConstConstraint: [const] cannot be the only unique child of [inv, add, sub, mul, div].
NoInputsConstraint: Sequences contain at least one input variable Token.
SoftLengthPrior: No description available.
-- BUILDING PRIOR END ---------------

-- RUNNING EPOCHS START -------------
[00:00:00:10.09] Training epoch 1/14, current best R: 0.9840

	** New best
	Reward: 0.9840261139375696
	Count Off-policy: False
	Count On-policy: True
	Originally on Policy: True
	Invalid: False
	Traversal: mul,2575.6611657673607,div,x1,sub,sub,add,div,9.53604304620263,inv,div,9.536042858181386,div,div,mul,mul,x1,x2,x1,x2,9.535749173836846,x1,7.884069834884117,7.884069950089266
	Expression:
	            2575.6611657673607⋅x₁           
	  ──────────────────────────────────────────
	                           867.1439852573168
	  x₁ - 15.76813978497338 + ─────────────────
	                                    2       
	                                  x₁        

[00:00:00:37.73] Training epoch 4/14, current best R: 0.9948

	** New best
	Reward: 0.9947601362494397
	Count Off-policy: False
	Count On-policy: True
	Originally on Policy: True
	Invalid: False
	Traversal: sub,mul,mul,add,sub,-0.11156247150947422,mul,x1,sub,1.0023335825561448,x1,div,0.060209345805239047,inv,x2,x1,x1,-3.32250318162085
	Expression:
	    2                                                                           
	  x₁ ⋅(-x₁⋅(1.0023335825561448 - x₁) + 0.060209345805239047⋅x₂ - 0.1115624715094

                        
	  7422) + 3.32250318162085

[00:00:00:57.81] Training epoch 6/14, current best R: 0.9957

	** New best
	Reward: 0.9956809960202468
	Count Off-policy: False
	Count On-policy: True
	Originally on Policy: True
	Invalid: False
	Traversal: add,x2,sub,sub,mul,x1,div,add,-0.9874299342900368,x1,div,inv,x1,x1,x1,-2.447072175503139
	Expression:
	    3                                                        
	  x₁ ⋅(x₁ - 0.9874299342900368) - x₁ + x₂ + 2.447072175503139

[00:00:01:47.02] Training epoch 10/14, current best R: 0.9957
[00:00:02:58.99] Training epoch 14/14, current best R: 0.9958

	** New best
	Reward: 0.9957686081400996
	Count Off-policy: False
	Count On-policy: True
	Originally on Policy: True
	Invalid: False
	Traversal: add,x1,sub,x2,sub,-0.783930127229808,mul,x1,mul,mul,add,mul,mul,sub,0.9311024609668128,x1,x1,-0.3389524863209663,-0.15544927225033325,x1,2.9393953906675083
	Expression:
	                       2                                                        
	  2.9393953906675083⋅x₁ ⋅(-0.3389524863209663⋅x₁⋅(0.9311024609668128 - x₁) - 0.1

                                               
	  5544927225033325) + x₁ + x₂ + 0.783930127229808

[00:00:02:59.00] Ending training after epoch 14/14, current best R: 0.9958
-- RUNNING EPOCHS END ---------------

-- EVALUATION START ----------------
Saving Hall of Fame to ./log/regression_config_regression_DSR.json_Nguyen_12.in_normal_0.0_2023-05-30-032752/dso_regression_config_regression_DSR.json_Nguyen_12.in_normal_0.0_0_hof.csv
Saving Pareto Front to ./log/regression_config_regression_DSR.json_Nguyen_12.in_normal_0.0_2023-05-30-032752/dso_regression_config_regression_DSR.json_Nguyen_12.in_normal_0.0_0_pf.csv
Invalid expressions: 328 of 14336 (2.3%).
Error type counts:
  true_divide: 139 (42.4%)
  reciprocal: 189 (57.6%)
Error node counts:
  divide: 326 (99.4%)
  invalid: 2 (0.6%)
-- EVALUATION END ------------------
== TRAINING SEED 0 END ==============
INFO: Completed run 1 of 1 in 180 s

== POST-PROCESS START =================
-- LOADING LOGS START ----------------
Successfully loaded summary data
Successfully loaded Hall of Fame data
Successfully loaded Pareto Front data
-- LOADING LOGS END ------------------

-- ANALYZING LOG START --------------
Task_____________regression
Source path______./log/regression_config_regression_DSR.json_Nguyen_12.in_normal_0.0_2023-05-30-032752
Runs_____________1
Max Samples/run__15000
Success_rate_____0.0
Hall of Fame (Top 5 of 100)____
    0: S=000 R=0.995769 <-- [2.9393953906675083*x1**2*(-0.3389524863209663*x1*(0.9311024609668128 - x1) - 0.15544927225033325) + x1 + x2 + 0.783930127229808]
    1: S=000 R=0.995681 <-- [x1**3*(x1 - 0.9874299342900368) - x1 + x2 + 2.447072175503139]
    2: S=000 R=0.994760 <-- [x1**2*(-x1*(1.0023335825561448 - x1) + 0.060209345805239047*x2 - 0.11156247150947422) + 3.32250318162085]
    3: S=000 R=0.994441 <-- [-x1*(0.00067528166471366111*x1**2*((x1 - 1.1425102476034046)*(-x2 - 1478.1495437000551) - 214.9362360876107) - 0.00067528166471366111*x1) + 3.341019578492789]
    4: S=000 R=0.994385 <-- [x1*(-1.098055500116173*x1*(x1*(-0.91702245847515967*x1 - 0.0054802809251829628*x2) + x1) + 2.140415102136218)]
  Saving Hall of Fame plot to ./log/regression_config_regression_DSR.json_Nguyen_12.in_normal_0.0_2023-05-30-032752/dso_regression_config_regression_DSR.json_Nguyen_12.in_normal_0.0_plot_hof.png
Pareto Front (5 of 11)____
    0: S=000 R=0.995769 C=21.00 <-- [2.9393953906675083*x1**2*(-0.3389524863209663*x1*(0.9311024609668128 - x1) - 0.15544927225033325) + x1 + x2 + 0.783930127229808]
    1: S=000 R=0.995681 C=19.00 <-- [x1**3*(x1 - 0.9874299342900368) - x1 + x2 + 2.447072175503139]
    2: S=000 R=0.994174 C=18.00 <-- [0.9997655597194358*x1**3*(x1 - 0.9980378609724176) + 3.3511817085842264]
    3: S=000 R=0.993820 C=17.00 <-- [x1**3*(0.99512837260920981*x1 - 0.95133624652830356)]
    4: S=000 R=0.956617 C=16.00 <-- [x1/(-0.011062942142131734 + 0.07988615641481239/(9.012400902720114 - 24.26132653527375/x1))]
  Saving Pareto Front plot to ./log/regression_config_regression_DSR.json_Nguyen_12.in_normal_0.0_2023-05-30-032752/dso_regression_config_regression_DSR.json_Nguyen_12.in_normal_0.0_plot_pf.png
-- ANALYZING LOG END ----------------
== POST-PROCESS END ===================
