['add', 'pow', 'X_0', 4, 'add', 'mul', 0.5, 'pow', 'X_1', 2, 'add', 'mul', -1, 'X_1', 'mul', -1, 'pow', 'X_0', 3]
--------------------
eq_name 	 Nguyen_12a
num_vars 	 2
vars_range_and_types 	 [{"name": "LogUniform", "range": [0.1, 10], "only_positive": true}, {"name": "LogUniform", "range": [0.1, 10], "only_positive": true}]
function_set 	 ['add', 'sub', 'mul', 'div', 'const', 'pow']
eq_expression 	 add,pow,X_0,4,add,mul,0.5,pow,X_1,2,add,mul,-1,X_1,mul,-1,pow,X_0,3
expr 	 X_0**4 - X_0**3 + X_1**2/2 - X_1
--------------------

== EXPERIMENT SETUP START ===========
Task type            : regression
Starting seed        : 0
Runs                 : 1
== EXPERIMENT SETUP END =============

== TRAINING SEED 0 START ============
self.dataX <dso.symbolic_data_generator.DataX object at 0x2b38af9611d0>, self.data_query_oracle: <dso.symbolic_equation_evaluator_public.Equation_evaluator object at 0x2b389a1e0d30>
generate dataset!
-- BUILDING PRIOR START -------------
WARNING: Skipping invalid 'RelationalConstraint' with arguments {'targets': [], 'effectors': [], 'relationship': None}. Reason: Prior disabled.
WARNING: Skipping invalid 'TrigConstraint' with arguments {}. Reason: There are no target Tokens.
WARNING: Skipping invalid 'UniformArityPrior' with arguments {}. Reason: Prior disabled.
WARNING: Skipping invalid 'LanguageModelPrior' with arguments {'weight': None}. Reason: Prior disabled.
LengthConstraint: Sequences have minimum length 4.
                  Sequences have maximum length 256.
RepeatConstraint: [const] cannot occur more than 10 times.
RelationalConstraint: [inv] cannot be a child of [inv].
ConstConstraint: [const] cannot be the only unique child of [inv, add, sub, mul, div].
NoInputsConstraint: Sequences contain at least one input variable Token.
SoftLengthPrior: No description available.
-- BUILDING PRIOR END ---------------

-- RUNNING EPOCHS START -------------
[00:00:00:08.50] Training epoch 1/14, current best R: 0.9802

	** New best
	Reward: 0.9801899119118681
	Count Off-policy: False
	Count On-policy: True
	Originally on Policy: True
	Invalid: False
	Traversal: mul,mul,mul,mul,add,sub,div,x1,inv,sub,x2,add,add,div,x2,x1,-604.4426639986068,-604.4426640196783,x2,54.51854917152634,x1,x1,x1,0.0007285148756176642
	Expression:
	                          3 ⎛   ⎛                         x₂⎞                   
	  0.0007285148756176642⋅x₁ ⋅⎜x₁⋅⎜x₂ + 1208.885328018285 - ──⎟ - x₂ + 54.51854917
	                            ⎝   ⎝                         x₁⎠                   

	        ⎞
	  152634⎟
	        ⎠

[00:00:00:17.00] Training epoch 2/14, current best R: 0.9807

	** New best
	Reward: 0.980654251726424
	Count Off-policy: False
	Count On-policy: True
	Originally on Policy: True
	Invalid: False
	Traversal: sub,x2,inv,add,sub,div,div,inv,mul,add,inv,x1,mul,mul,x1,x1,13.730768130489885,x1,x1,-0.06452494014320481,x2,x2
	Expression:
	                        2 ⎛                     2   1 ⎞     
	  0.06452494014320481⋅x₁ ⋅⎜13.730768130489885⋅x₁  + ──⎟ + x₂
	                          ⎝                         x₁⎠     

[00:00:00:26.60] Training epoch 3/14, current best R: 0.9930

	** New best
	Reward: 0.9929615949726114
	Count Off-policy: False
	Count On-policy: True
	Originally on Policy: True
	Invalid: False
	Traversal: div,x1,mul,div,0.00011275534906148587,mul,x1,x1,add,div,8870.808554361662,add,x1,-0.9735586624764289,x2
	Expression:
	                          3   
	     8868.7588511184214⋅x₁    
	  ────────────────────────────
	          8870.808554361662   
	  x₂ + ───────────────────────
	       x₁ - 0.9735586624764289

[00:00:01:15.12] Training epoch 8/14, current best R: 0.9974

	** New best
	Reward: 0.9974283745319349
	Count Off-policy: False
	Count On-policy: True
	Originally on Policy: True
	Invalid: False
	Traversal: div,add,div,mul,mul,x1,sub,sub,mul,mul,add,x1,-0.9763404590310085,x1,div,x1,-0.16475242325603945,x2,-6.450595300560889,-0.11995448935932523,1.5457373277877882,x2,0.4720039893762591
	Expression:
	                           ⎛                       2                            
	  - 0.16441261702115769⋅x₁⋅⎝- 6.0697134539011539⋅x₁ ⋅(x₁ - 0.9763404590310085) -

	                         ⎞                       
	   x₂ + 6.450595300560889⎠ + 2.118626161023499⋅x₂

[00:00:01:35.05] Training epoch 10/14, current best R: 0.9974
[00:00:02:21.05] Ending training after epoch 14/14, current best R: 0.9974
-- RUNNING EPOCHS END ---------------

-- EVALUATION START ----------------
Saving Hall of Fame to ./log/regression_config_regression_DSR.json_Nguyen_12a.in_normal_0.0_2023-05-30-032219/dso_regression_config_regression_DSR.json_Nguyen_12a.in_normal_0.0_0_hof.csv
Saving Pareto Front to ./log/regression_config_regression_DSR.json_Nguyen_12a.in_normal_0.0_2023-05-30-032219/dso_regression_config_regression_DSR.json_Nguyen_12a.in_normal_0.0_0_pf.csv
Invalid expressions: 367 of 14336 (2.6%).
Error type counts:
  reciprocal: 218 (59.4%)
  true_divide: 149 (40.6%)
Error node counts:
  divide: 366 (99.7%)
  invalid: 1 (0.3%)
-- EVALUATION END ------------------
== TRAINING SEED 0 END ==============
INFO: Completed run 1 of 1 in 142 s

== POST-PROCESS START =================
-- LOADING LOGS START ----------------
Successfully loaded summary data
Successfully loaded Hall of Fame data
Successfully loaded Pareto Front data
-- LOADING LOGS END ------------------

-- ANALYZING LOG START --------------
Task_____________regression
Source path______./log/regression_config_regression_DSR.json_Nguyen_12a.in_normal_0.0_2023-05-30-032219
Runs_____________1
Max Samples/run__15000
Success_rate_____0.0
Hall of Fame (Top 5 of 100)____
    0: S=000 R=0.997428 <-- [-0.16441261702115769*x1*(-6.0697134539011539*x1**2*(x1 - 0.9763404590310085) - x2 + 6.450595300560889) + 2.118626161023499*x2]
    1: S=000 R=0.994811 <-- [0.071861869605792069*x1**2*(x1*(13.96512424685795*x1 - 14.611309792669099) + x2) + 3.722270963778934]
    2: S=000 R=0.994578 <-- [x1*(-0.9809089444376771*x1*(-x1*(x1 + x2/(x1 + 154.77891967207995) - 0.64074151862541883) + 2.552059867159585) + 5.756669635062074)]
    3: S=000 R=0.994261 <-- [x1*(0.9808213082913845*x1**2*(x1 - 0.6598369782147152) - 2*x1 + 3.6356844756772397) + 2.0410147513860286]
    4: S=000 R=0.994200 <-- [-0.9985969874768137*x1**3*(1 - x1) + x1 + 1.7927040475653193]
  Saving Hall of Fame plot to ./log/regression_config_regression_DSR.json_Nguyen_12a.in_normal_0.0_2023-05-30-032219/dso_regression_config_regression_DSR.json_Nguyen_12a.in_normal_0.0_plot_hof.png
Pareto Front (5 of 9)____
    0: S=000 R=0.997428 C=26.00 <-- [-0.16441261702115769*x1*(-6.0697134539011539*x1**2*(x1 - 0.9763404590310085) - x2 + 6.450595300560889) + 2.118626161023499*x2]
    1: S=000 R=0.994811 C=22.00 <-- [0.071861869605792069*x1**2*(x1*(13.96512424685795*x1 - 14.611309792669099) + x2) + 3.722270963778934]
    2: S=000 R=0.993983 C=21.00 <-- [x1**2*(0.96394670110805128*x1 - 0.82563993341202552)/(-0.002131080881184272 + 1/x1)]
    3: S=000 R=0.992962 C=18.00 <-- [8868.7588511184214*x1**3/(x2 + 8870.808554361662/(x1 - 0.9735586624764289))]
    4: S=000 R=0.967525 C=15.00 <-- [x1*(4.0247452401460455*x1*(4.024745240146057*x1 - 21.74228204273389) + x1 + 117.55275828009255)]
  Saving Pareto Front plot to ./log/regression_config_regression_DSR.json_Nguyen_12a.in_normal_0.0_2023-05-30-032219/dso_regression_config_regression_DSR.json_Nguyen_12a.in_normal_0.0_plot_pf.png
-- ANALYZING LOG END ----------------
== POST-PROCESS END ===================
