['add', 'X_0', 'add', 'pow', 'X_0', 2, 'add', 'pow', 'X_0', 3, 'add', 'pow', 'X_0', 4, 'pow', 'X_0', 5]
--------------------
eq_name 	 Nguyen_3
num_vars 	 1
vars_range_and_types 	 [{"name": "LogUniform", "range": [0.1, 10], "only_positive": true}]
function_set 	 ['add', 'sub', 'mul', 'div', 'pow', 'const']
eq_expression 	 add,X_0,add,pow,X_0,2,add,pow,X_0,3,add,pow,X_0,4,pow,X_0,5
expr 	 X_0**5 + X_0**4 + X_0**3 + X_0**2 + X_0
--------------------

== EXPERIMENT SETUP START ===========
Task type            : regression
Starting seed        : 0
Runs                 : 1
== EXPERIMENT SETUP END =============

== TRAINING SEED 0 START ============
self.dataX <dso.symbolic_data_generator.DataX object at 0x2b6404ebac50>, self.data_query_oracle: <dso.symbolic_equation_evaluator_public.Equation_evaluator object at 0x2b63eb668d68>
generate dataset!
-- BUILDING PRIOR START -------------
WARNING: Skipping invalid 'RelationalConstraint' with arguments {'targets': [], 'effectors': [], 'relationship': None}. Reason: Prior disabled.
WARNING: Skipping invalid 'TrigConstraint' with arguments {}. Reason: There are no target Tokens.
WARNING: Skipping invalid 'UniformArityPrior' with arguments {}. Reason: Prior disabled.
WARNING: Skipping invalid 'LanguageModelPrior' with arguments {'weight': None}. Reason: Prior disabled.
LengthConstraint: Sequences have minimum length 4.
                  Sequences have maximum length 256.
RepeatConstraint: [const] cannot occur more than 10 times.
RelationalConstraint: [inv] cannot be a child of [inv].
ConstConstraint: [const] cannot be the only unique child of [inv, add, sub, mul, div].
NoInputsConstraint: Sequences contain at least one input variable Token.
SoftLengthPrior: No description available.
-- BUILDING PRIOR END ---------------

-- RUNNING EPOCHS START -------------
[00:00:00:12.23] Training epoch 1/14, current best R: 0.9999

	** New best
	Reward: 0.9998507450952201
	Count Off-policy: False
	Count On-policy: True
	Originally on Policy: True
	Invalid: False
	Traversal: inv,div,inv,x1,add,add,sub,div,x1,div,inv,div,mul,x1,sub,mul,x1,2.745530036022679,-3.286814239150228,2.772917094155918,x1,-3.118301524367212,x1,x1
	Expression:
	     ⎛                     3                                                    
	  x₁⋅⎝0.3606310488357396⋅x₁ ⋅(2.745530036022679⋅x₁ + 3.286814239150228) + 2⋅x₁ +

	                    ⎞
	   3.118301524367212⎠

[00:00:00:42.68] Training epoch 4/14, current best R: 1.0000

	** New best
	Reward: 0.9999998752406265
	Count Off-policy: False
	Count On-policy: True
	Originally on Policy: True
	Invalid: False
	Traversal: mul,add,mul,sub,x1,-1.0000189041179883,add,mul,inv,div,inv,x1,mul,div,mul,x1,x1,x1,0.9999982465742814,x1,x1,0.9988498405984413,x1
	Expression:
	     ⎛                          ⎛                     3     ⎞                   
	  x₁⋅⎝(x₁ + 1.0000189041179883)⋅⎝0.9999982465742814⋅x₁  + x₁⎠ + 0.99884984059844

	    ⎞
	  13⎠

[00:00:00:42.69] Early stopping criteria met; breaking early.
-- RUNNING EPOCHS END ---------------

-- EVALUATION START ----------------
Saving Hall of Fame to ./log/regression_config_regression_VPG.json_Nguyen_3.in_normal_0.0_2023-05-30-034708/dso_regression_config_regression_VPG.json_Nguyen_3.in_normal_0.0_0_hof.csv
Saving Pareto Front to ./log/regression_config_regression_VPG.json_Nguyen_3.in_normal_0.0_2023-05-30-034708/dso_regression_config_regression_VPG.json_Nguyen_3.in_normal_0.0_0_pf.csv
Invalid expressions: 162 of 4096 (4.0%).
Error type counts:
  reciprocal: 110 (67.9%)
  true_divide: 52 (32.1%)
Error node counts:
  divide: 162 (100.0%)
-- EVALUATION END ------------------
== TRAINING SEED 0 END ==============
INFO: Completed run 1 of 1 in 44 s

== POST-PROCESS START =================
-- LOADING LOGS START ----------------
Successfully loaded summary data
Successfully loaded Hall of Fame data
Successfully loaded Pareto Front data
-- LOADING LOGS END ------------------

-- ANALYZING LOG START --------------
Task_____________regression
Source path______./log/regression_config_regression_VPG.json_Nguyen_3.in_normal_0.0_2023-05-30-034708
Runs_____________1
Max Samples/run__15000
Success_rate_____1.0
Hall of Fame (Top 5 of 100)____
    0: S=000 R=1.000000 <-- [x1*((x1 + 1.0000189041179883)*(0.9999982465742814*x1**3 + x1) + 0.9988498405984413)]
    1: S=000 R=0.999851 <-- [x1*(0.3606310488357396*x1**3*(2.745530036022679*x1 + 3.286814239150228) + 2*x1 + 3.118301524367212)]
    2: S=000 R=0.999706 <-- [x1*(0.497403032317918*x1**3*(2*x1 + 2.133200376753209) + x1**2)]
    3: S=000 R=0.999572 <-- [x1*(0.6374885834284104*x1*(x1*(-x1*(-1.534686320785351*x1 - 1.159984225869176) + x1) - x1) + 10.94849401553045)]
    4: S=000 R=0.999278 <-- [0.4893637041634554*x1**4*(2*x1 + 2.693683097441388)]
  Saving Hall of Fame plot to ./log/regression_config_regression_VPG.json_Nguyen_3.in_normal_0.0_2023-05-30-034708/dso_regression_config_regression_VPG.json_Nguyen_3.in_normal_0.0_plot_hof.png
Pareto Front (5 of 9)____
    0: S=000 R=1.000000 C=27.00 <-- [x1*((x1 + 1.0000189041179883)*(0.9999982465742814*x1**3 + x1) + 0.9988498405984413)]
    1: S=000 R=0.999706 C=22.00 <-- [x1*(0.497403032317918*x1**3*(2*x1 + 2.133200376753209) + x1**2)]
    2: S=000 R=0.957392 C=20.00 <-- [x1**3*(12.474801002974665*x1 - 185.06129403482633/x1)]
    3: S=000 R=0.940571 C=17.00 <-- [-244.44744188415309*x1 + 244.44744188415309*(x1 - 3.2770084458788995)*(x1*(x1 - 3.6056122738727536) + 1.0749999459395183)]
    4: S=000 R=0.775996 C=15.00 <-- [1264.382693904641*x1*(x1 - 3.6826405781469083)]
  Saving Pareto Front plot to ./log/regression_config_regression_VPG.json_Nguyen_3.in_normal_0.0_2023-05-30-034708/dso_regression_config_regression_VPG.json_Nguyen_3.in_normal_0.0_plot_pf.png
-- ANALYZING LOG END ----------------
== POST-PROCESS END ===================
