['mul', 2, 'mul', 'cos', 'X_1', 'sin', 'X_0']
--------------------
eq_name 	 Nguyen_10
num_vars 	 2
vars_range_and_types 	 [{"name": "LogUniform", "range": [0.1, 10], "only_positive": true}, {"name": "LogUniform", "range": [0.1, 10], "only_positive": true}]
function_set 	 ['add', 'sub', 'mul', 'div', 'sin', 'cos', 'const']
eq_expression 	 mul,2,mul,cos,X_1,sin,X_0
expr 	 2*sin(X_0)*cos(X_1)
--------------------

== EXPERIMENT SETUP START ===========
Task type            : regression
Starting seed        : 0
Runs                 : 1
== EXPERIMENT SETUP END =============

== TRAINING SEED 0 START ============
self.dataX <dso.symbolic_data_generator.DataX object at 0x2abafb21d0b8>, self.data_query_oracle: <dso.symbolic_equation_evaluator_public.Equation_evaluator object at 0x2abb1a2bfda0>
generate dataset!
-- BUILDING PRIOR START -------------
WARNING: Skipping invalid 'RelationalConstraint' with arguments {'targets': [], 'effectors': [], 'relationship': None}. Reason: Prior disabled.
WARNING: Skipping invalid 'TrigConstraint' with arguments {}. Reason: There are no target Tokens.
WARNING: Skipping invalid 'UniformArityPrior' with arguments {}. Reason: Prior disabled.
WARNING: Skipping invalid 'LanguageModelPrior' with arguments {'weight': None}. Reason: Prior disabled.
LengthConstraint: Sequences have minimum length 4.
                  Sequences have maximum length 256.
RepeatConstraint: [const] cannot occur more than 10 times.
RelationalConstraint: [inv] cannot be a child of [inv].
ConstConstraint: [const] cannot be the only unique child of [inv, add, sub, mul, div].
NoInputsConstraint: Sequences contain at least one input variable Token.
SoftLengthPrior: No description available.
-- BUILDING PRIOR END ---------------

-- RUNNING EPOCHS START -------------
[00:00:00:12.88] Training epoch 1/14, current best R: 0.5386

	** New best
	Reward: 0.5386086641842034
	Count Off-policy: False
	Count On-policy: True
	Originally on Policy: True
	Invalid: False
	Traversal: inv,div,mul,sub,div,div,mul,mul,add,add,div,mul,x2,x1,x1,-3.3568387428962327,add,x2,x1,1.0514559439209354,x1,1.0846505775006785,1.0846505775014323,-2.5162964225781255,x1,x1
	Expression:
	                                                         1                      
	  ──────────────────────────────────────────────────────────────────────────────
	  0.85000268262345442⋅x₁⋅(1.0514559439209354⋅x₁ + 2.1029118878418708⋅x₂ - 3.5295

                                  
	  ──────────────────────────────────
	  680490023245) + 2.5162964225781255

[00:00:00:35.66] Training epoch 3/14, current best R: 0.5450

	** New best
	Reward: 0.5450408097708549
	Count Off-policy: False
	Count On-policy: True
	Originally on Policy: True
	Invalid: False
	Traversal: mul,inv,add,mul,add,add,-1.6012683610624197,mul,add,mul,x1,mul,add,x2,div,0.14864846896160397,x2,x2,-0.7210318350251043,1.1067449134864205,x1,x1,1.690068820467037,x1
	Expression:
	                                                    x₁                          
	  ──────────────────────────────────────────────────────────────────────────────
	     ⎛                         ⎛     0.14864846896160397⎞                       
	  x₁⋅⎜1.1067449134864205⋅x₁⋅x₂⋅⎜x₂ + ───────────────────⎟ + x₁ - 2.3992666769382
	     ⎝                         ⎝              x₂        ⎠                       

                        
	  ────────────────────────
	     ⎞                    
	  338⎟ + 1.690068820467037
	     ⎠                    

[00:00:01:05.83] Training epoch 6/14, current best R: 0.5454

	** New best
	Reward: 0.5453877659142767
	Count Off-policy: False
	Count On-policy: True
	Originally on Policy: True
	Invalid: False
	Traversal: inv,add,add,0.5308642728223886,mul,add,add,x2,add,x2,mul,mul,1.2684523270819767,add,-2.9384157990092166,x1,x1,1.5491858159027028,0.7487345136516581,0.5308642728199301
	Expression:
	                                                        1                       
	  ──────────────────────────────────────────────────────────────────────────────
	  0.7487345136516581⋅x₁⋅(1.2684523270819767⋅x₁ - 3.7272403581876867) + 1.4974690

                               
	  ───────────────────────────────
	  27303316⋅x₂ + 2.221657434068276

[00:00:01:25.54] Training epoch 8/14, current best R: 0.5465

	** New best
	Reward: 0.5464765334961095
	Count Off-policy: False
	Count On-policy: True
	Originally on Policy: True
	Invalid: False
	Traversal: inv,sub,div,sub,x1,inv,add,div,sub,x2,div,sub,add,mul,add,add,x1,2.2015448073598183,x2,1.3784898681821662,x1,-0.24913223071226273,2.7491358845539007,4.316268184562306,0.058915536804245876,0.49488689284739645,6.579320919864445
	Expression:
	                                                          1                     
	  ──────────────────────────────────────────────────────────────────────────────
	                                                                        2.020663
	  2.0206637404485886⋅x₁ - 6.579320919864445 - ──────────────────────────────────
	                                              -0.2004456694774094⋅x₁ + 0.1155102

                                   
	  ───────────────────────────────────
	  7404485886                         
	  ───────────────────────────────────
	  9165331491⋅x₂ - 0.21783630005744248

[00:00:01:48.36] Training epoch 10/14, current best R: 0.5465
[00:00:02:38.51] Ending training after epoch 14/14, current best R: 0.5465
-- RUNNING EPOCHS END ---------------

-- EVALUATION START ----------------
Saving Hall of Fame to ./log/regression_config_regression_VPG.json_Nguyen_10.in_normal_0.0_2023-05-30-031317/dso_regression_config_regression_VPG.json_Nguyen_10.in_normal_0.0_0_hof.csv
Saving Pareto Front to ./log/regression_config_regression_VPG.json_Nguyen_10.in_normal_0.0_2023-05-30-031317/dso_regression_config_regression_VPG.json_Nguyen_10.in_normal_0.0_0_pf.csv
Invalid expressions: 361 of 14336 (2.5%).
Error type counts:
  reciprocal: 218 (60.4%)
  true_divide: 143 (39.6%)
Error node counts:
  divide: 360 (99.7%)
  invalid: 1 (0.3%)
-- EVALUATION END ------------------
== TRAINING SEED 0 END ==============
INFO: Completed run 1 of 1 in 160 s

== POST-PROCESS START =================
-- LOADING LOGS START ----------------
Successfully loaded summary data
Successfully loaded Hall of Fame data
Successfully loaded Pareto Front data
-- LOADING LOGS END ------------------

-- ANALYZING LOG START --------------
Task_____________regression
Source path______./log/regression_config_regression_VPG.json_Nguyen_10.in_normal_0.0_2023-05-30-031317
Runs_____________1
Max Samples/run__15000
Success_rate_____0.0
Hall of Fame (Top 5 of 100)____
    0: S=000 R=0.546477 <-- [1/(2.0206637404485886*x1 - 6.579320919864445 - 2.0206637404485886/(-0.2004456694774094*x1 + 0.11551029165331491*x2 - 0.21783630005744248))]
    1: S=000 R=0.546266 <-- [1/(x2*(6.257414867410645 + 1/((0.210208971565 - 1/(x1 - 1.2059238540801933 - 1/x1))*(x1 - 3.510770587336613))))]
    2: S=000 R=0.545388 <-- [1/(0.7487345136516581*x1*(1.2684523270819767*x1 - 3.7272403581876867) + 1.497469027303316*x2 + 2.221657434068276)]
    3: S=000 R=0.545041 <-- [x1/(x1*(1.1067449134864205*x1*x2*(x2 + 0.14864846896160397/x2) + x1 - 2.3992666769382338) + 1.690068820467037)]
    4: S=000 R=0.543020 <-- [1.4736985725658354/(x1 + (x2*(x1*(8.203470602195157*x2 - 7.449126558716075) + x1) + 1.004829732171319)/x1)]
  Saving Hall of Fame plot to ./log/regression_config_regression_VPG.json_Nguyen_10.in_normal_0.0_2023-05-30-031317/dso_regression_config_regression_VPG.json_Nguyen_10.in_normal_0.0_plot_hof.png
Pareto Front (5 of 12)____
    0: S=000 R=0.546477 C=32.00 <-- [1/(2.0206637404485886*x1 - 6.579320919864445 - 2.0206637404485886/(-0.2004456694774094*x1 + 0.11551029165331491*x2 - 0.21783630005744248))]
    1: S=000 R=0.546266 C=24.00 <-- [1/(x2*(6.257414867410645 + 1/((0.210208971565 - 1/(x1 - 1.2059238540801933 - 1/x1))*(x1 - 3.510770587336613))))]
    2: S=000 R=0.545388 C=21.00 <-- [1/(0.7487345136516581*x1*(1.2684523270819767*x1 - 3.7272403581876867) + 1.497469027303316*x2 + 2.221657434068276)]
    3: S=000 R=0.540085 C=20.00 <-- [1/(1.5544278188012357*x1*(0.7648882671211399*x1 + 0.7648882671211399*x2 - 2.4292368548493055) + 3.111522853215596)]
    4: S=000 R=0.539587 C=19.00 <-- [1/(x1*(x1 + x2 - 3.2912683214772183) + 2.862889677795684)]
  Saving Pareto Front plot to ./log/regression_config_regression_VPG.json_Nguyen_10.in_normal_0.0_2023-05-30-031317/dso_regression_config_regression_VPG.json_Nguyen_10.in_normal_0.0_plot_pf.png
-- ANALYZING LOG END ----------------
== POST-PROCESS END ===================
