['add', 'X_0', 'add', 'pow', 'X_0', 2, 'add', 'pow', 'X_0', 3, 'add', 'pow', 'X_0', 4, 'pow', 'X_0', 5]
--------------------
eq_name 	 Nguyen_3
num_vars 	 1
vars_range_and_types 	 [{"name": "LogUniform", "range": [0.1, 10], "only_positive": true}]
function_set 	 ['add', 'sub', 'mul', 'div', 'pow', 'const']
eq_expression 	 add,X_0,add,pow,X_0,2,add,pow,X_0,3,add,pow,X_0,4,pow,X_0,5
expr 	 X_0**5 + X_0**4 + X_0**3 + X_0**2 + X_0
--------------------

== EXPERIMENT SETUP START ===========
Task type            : regression
Starting seed        : 0
Runs                 : 1
== EXPERIMENT SETUP END =============

== TRAINING SEED 0 START ============
self.dataX <dso.symbolic_data_generator.DataX object at 0x2ae5397b8160>, self.data_query_oracle: <dso.symbolic_equation_evaluator_public.Equation_evaluator object at 0x2ae558859d68>
generate dataset!
-- BUILDING PRIOR START -------------
WARNING: Skipping invalid 'RelationalConstraint' with arguments {'targets': [], 'effectors': [], 'relationship': None}. Reason: Prior disabled.
WARNING: Skipping invalid 'TrigConstraint' with arguments {}. Reason: There are no target Tokens.
WARNING: Skipping invalid 'UniformArityPrior' with arguments {}. Reason: Prior disabled.
WARNING: Skipping invalid 'LanguageModelPrior' with arguments {'weight': None}. Reason: Prior disabled.
LengthConstraint: Sequences have minimum length 4.
                  Sequences have maximum length 256.
RepeatConstraint: [const] cannot occur more than 10 times.
RelationalConstraint: [inv] cannot be a child of [inv].
ConstConstraint: [const] cannot be the only unique child of [inv, add, sub, mul, div].
NoInputsConstraint: Sequences contain at least one input variable Token.
SoftLengthPrior: No description available.
-- BUILDING PRIOR END ---------------

-- RUNNING EPOCHS START -------------
[00:00:00:13.57] Training epoch 1/14, current best R: 0.9964

	** New best
	Reward: 0.9964477507024466
	Count Off-policy: False
	Count On-policy: True
	Originally on Policy: True
	Invalid: False
	Traversal: div,inv,div,div,div,sub,mul,-0.007697401389045492,x1,sub,inv,add,-2.1748662310559843,x1,0.17302401723023259,x1,2.2129312022538765,x1,-0.06297836239915343
	Expression:
	                                                2                         
	                          -35.137960371666051⋅x₁                          
	  ────────────────────────────────────────────────────────────────────────
	                                                              1           
	  -0.007697401389045492⋅x₁ + 0.17302401723023259 - ───────────────────────
	                                                   x₁ - 2.1748662310559843

[00:00:00:24.64] Training epoch 2/14, current best R: 0.9999

	** New best
	Reward: 0.9999165654763775
	Count Off-policy: False
	Count On-policy: True
	Originally on Policy: True
	Invalid: False
	Traversal: mul,mul,mul,div,sub,mul,add,div,x1,div,inv,add,mul,sub,x1,sub,x1,1.03112497451411,x1,0.9183440575424726,0.9246643204208068,1.7785633425042435,1.1689483648313879,0.2552476480169167,1.1087881600204006,x1,x1,x1
	Expression:
	    3                                                                           
	  x₁ ⋅(1.0542576183442294⋅x₁⋅(0.9534444738280112⋅x₁ + 0.8491599838799967) + 1.64

               
	  48597926216224)

[00:00:01:01.69] Training epoch 5/14, current best R: 1.0000

	** New best
	Reward: 0.9999579343738467
	Count Off-policy: False
	Count On-policy: True
	Originally on Policy: True
	Invalid: False
	Traversal: div,x1,inv,add,mul,mul,sub,add,mul,1.4439578241975437,x1,mul,mul,sub,x1,0.4766372381470431,x1,1.00179785674803,-1.167632851235382,x1,x1,x1
	Expression:
	     ⎛  2                                                                       
	  x₁⋅⎝x₁ ⋅(1.00179785674803⋅x₁⋅(x₁ - 0.4766372381470431) + 1.4439578241975437⋅x₁

	                            ⎞
	   + 1.167632851235382) + x₁⎠

[00:00:01:35.10] Training epoch 8/14, current best R: 1.0000

	** New best
	Reward: 0.9999998312877578
	Count Off-policy: False
	Count On-policy: True
	Originally on Policy: True
	Invalid: False
	Traversal: add,sub,0.002089764117129158,mul,mul,x1,add,add,mul,add,sub,mul,mul,sub,-1.000050126970411,x1,x1,x1,x1,-0.33398630463456924,0.9999960783751249,-0.3325794269024585,-0.332579426904807,x1,x1
	Expression:
	      2 ⎛                     2                                                 
	  - x₁ ⋅⎝0.9999960783751249⋅x₁ ⋅(-x₁ - 1.000050126970411) - 0.9999960783751249⋅x

	                         ⎞                            
	  ₁ - 0.99914384867283456⎠ + x₁ + 0.002089764117129158

[00:00:01:35.12] Early stopping criteria met; breaking early.
-- RUNNING EPOCHS END ---------------

-- EVALUATION START ----------------
Saving Hall of Fame to ./log/regression_config_regression_DSR.json_Nguyen_3.in_normal_0.0_2023-05-30-034659/dso_regression_config_regression_DSR.json_Nguyen_3.in_normal_0.0_0_hof.csv
Saving Pareto Front to ./log/regression_config_regression_DSR.json_Nguyen_3.in_normal_0.0_2023-05-30-034659/dso_regression_config_regression_DSR.json_Nguyen_3.in_normal_0.0_0_pf.csv
Invalid expressions: 277 of 8192 (3.4%).
Error type counts:
  true_divide: 81 (29.2%)
  reciprocal: 196 (70.8%)
Error node counts:
  divide: 276 (99.6%)
  invalid: 1 (0.4%)
-- EVALUATION END ------------------
== TRAINING SEED 0 END ==============
INFO: Completed run 1 of 1 in 96 s

== POST-PROCESS START =================
-- LOADING LOGS START ----------------
Successfully loaded summary data
Successfully loaded Hall of Fame data
Successfully loaded Pareto Front data
-- LOADING LOGS END ------------------

-- ANALYZING LOG START --------------
Task_____________regression
Source path______./log/regression_config_regression_DSR.json_Nguyen_3.in_normal_0.0_2023-05-30-034659
Runs_____________1
Max Samples/run__15000
Success_rate_____1.0
Hall of Fame (Top 5 of 100)____
    0: S=000 R=1.000000 <-- [-x1**2*(0.9999960783751249*x1**2*(-x1 - 1.000050126970411) - 0.9999960783751249*x1 - 0.99914384867283456) + x1 + 0.002089764117129158]
    1: S=000 R=0.999958 <-- [x1*(x1**2*(1.00179785674803*x1*(x1 - 0.4766372381470431) + 1.4439578241975437*x1 + 1.167632851235382) + x1)]
    2: S=000 R=0.999936 <-- [-4.986078153873928*x1**2*(-0.1991918907310285*x1**2*(x1 + 1.1526599773958217) - 0.6764471728498803)]
    3: S=000 R=0.999936 <-- [0.379017177870003*x1**2*(2.6205170797929444*x1**2*(x1 + 1.1522031568465525) + 8.919804953582823)]
    4: S=000 R=0.999917 <-- [x1**3*(1.0542576183442294*x1*(0.9534444738280112*x1 + 0.8491599838799967) + 1.6448597926216224)]
  Saving Hall of Fame plot to ./log/regression_config_regression_DSR.json_Nguyen_3.in_normal_0.0_2023-05-30-034659/dso_regression_config_regression_DSR.json_Nguyen_3.in_normal_0.0_plot_hof.png
Pareto Front (5 of 10)____
    0: S=000 R=1.000000 C=25.00 <-- [-x1**2*(0.9999960783751249*x1**2*(-x1 - 1.000050126970411) - 0.9999960783751249*x1 - 0.99914384867283456) + x1 + 0.002089764117129158]
    1: S=000 R=0.999958 C=24.00 <-- [x1*(x1**2*(1.00179785674803*x1*(x1 - 0.4766372381470431) + 1.4439578241975437*x1 + 1.167632851235382) + x1)]
    2: S=000 R=0.999936 C=20.00 <-- [-4.986078153873928*x1**2*(-0.1991918907310285*x1**2*(x1 + 1.1526599773958217) - 0.6764471728498803)]
    3: S=000 R=0.998394 C=19.00 <-- [x1**2*(-x1 - 11.785814190624004)*(-0.022221206269960363*x1**2*(x1 + 13.366559369636144) + 0.840551166577088)]
    4: S=000 R=0.986008 C=17.00 <-- [1.1234719248507234*x1**2*(x1**3 + 1/x1) + 91.11448318324531]
  Saving Pareto Front plot to ./log/regression_config_regression_DSR.json_Nguyen_3.in_normal_0.0_2023-05-30-034659/dso_regression_config_regression_DSR.json_Nguyen_3.in_normal_0.0_plot_pf.png
-- ANALYZING LOG END ----------------
== POST-PROCESS END ===================
