['add', 'X_0', 'add', 'pow', 'X_0', 2, 'add', 'pow', 'X_0', 3, 'add', 'pow', 'X_0', 4, 'add', 'pow', 'X_0', 5, 'pow', 'X_0', 6]
--------------------
eq_name 	 Nguyen_4
num_vars 	 1
vars_range_and_types 	 [{"name": "LogUniform", "range": [0.1, 10], "only_positive": true}]
function_set 	 ['add', 'sub', 'mul', 'div', 'pow', 'const']
eq_expression 	 add,X_0,add,pow,X_0,2,add,pow,X_0,3,add,pow,X_0,4,add,pow,X_0,5,pow,X_0,6
expr 	 X_0**6 + X_0**5 + X_0**4 + X_0**3 + X_0**2 + X_0
--------------------

== EXPERIMENT SETUP START ===========
Task type            : regression
Starting seed        : 0
Runs                 : 1
== EXPERIMENT SETUP END =============

== TRAINING SEED 0 START ============
self.dataX <dso.symbolic_data_generator.DataX object at 0x2b0e8e47e5f8>, self.data_query_oracle: <dso.symbolic_equation_evaluator_public.Equation_evaluator object at 0x2b0e74cbbd68>
generate dataset!
-- BUILDING PRIOR START -------------
WARNING: Skipping invalid 'RelationalConstraint' with arguments {'targets': [], 'effectors': [], 'relationship': None}. Reason: Prior disabled.
WARNING: Skipping invalid 'TrigConstraint' with arguments {}. Reason: There are no target Tokens.
WARNING: Skipping invalid 'UniformArityPrior' with arguments {}. Reason: Prior disabled.
WARNING: Skipping invalid 'LanguageModelPrior' with arguments {'weight': None}. Reason: Prior disabled.
LengthConstraint: Sequences have minimum length 4.
                  Sequences have maximum length 256.
RepeatConstraint: [const] cannot occur more than 10 times.
RelationalConstraint: [inv] cannot be a child of [inv].
ConstConstraint: [const] cannot be the only unique child of [inv, add, sub, mul, div].
NoInputsConstraint: Sequences contain at least one input variable Token.
SoftLengthPrior: No description available.
-- BUILDING PRIOR END ---------------

-- RUNNING EPOCHS START -------------
[00:00:00:04.91] Training epoch 1/14, current best R: 0.9832

	** New best
	Reward: 0.9831734041441158
	Count Off-policy: False
	Count On-policy: True
	Originally on Policy: True
	Invalid: False
	Traversal: div,x1,mul,sub,add,x1,div,inv,mul,mul,mul,add,sub,x1,7.399119083119639,x1,x1,x1,x1,1.6119525078061507,x1,0.18589931902342854
	Expression:
	                       4                           
	  8.6711049630203291⋅x₁ ⋅(2⋅x₁ - 7.399119083119639)

[00:00:00:08.75] Training epoch 2/14, current best R: 0.9996

	** New best
	Reward: 0.9996017044173291
	Count Off-policy: False
	Count On-policy: True
	Originally on Policy: True
	Invalid: False
	Traversal: add,x1,div,mul,mul,mul,mul,mul,add,div,mul,mul,add,0.6331640054917769,x1,1.1802300737868383,x1,0.8146142797264866,x1,x1,x1,x1,x1,0.8102378088501861,1.1966843079286769
	Expression:
	                        4                                                       
	  0.67706896754801999⋅x₁ ⋅(1.227574847246427⋅x₁⋅(1.1802300737868383⋅x₁ + 0.74727

                        
	  920092072994) + x₁) + x₁

[00:00:00:43.49] Training epoch 10/14, current best R: 0.9997

	** New best
	Reward: 0.9997358623737431
	Count Off-policy: False
	Count On-policy: True
	Originally on Policy: True
	Invalid: False
	Traversal: add,mul,mul,x1,mul,add,sub,x1,mul,x1,sub,div,-8.815217232312522,div,div,8.430206444157374,x1,x1,7.013398319151819,-14.442530136496128,x1,x1,x1
	Expression:
	    3 ⎛     ⎛                     2                    ⎞                        
	  x₁ ⋅⎝- x₁⋅⎝- 1.04567038668691⋅x₁  - 7.013398319151819⎠ + x₁ - 14.4425301364961

	    ⎞     
	  28⎠ + x₁

[00:00:00:43.50] Training epoch 10/14, current best R: 0.9997
[00:00:00:56.44] Training epoch 13/14, current best R: 1.0000

	** New best
	Reward: 0.9999770538429028
	Count Off-policy: False
	Count On-policy: True
	Originally on Policy: True
	Invalid: False
	Traversal: mul,sub,mul,mul,sub,mul,x1,mul,mul,sub,add,sub,x1,mul,sub,add,6.179258867075439,x1,-4.179161409253233,-0.12308051476290663,x1,x1,0.8854718935282343,x1,-3.7508541077809805,x1,x1,1.0080087019090798,x1
	Expression:
	     ⎛  2 ⎛  2                                                                  
	  x₁⋅⎝x₁ ⋅⎝x₁ ⋅(0.99445622999177503⋅x₁ + 1.1289055606261665) + 3.750854107780980

	   ⎞                     ⎞
	  5⎠ - 1.0080087019090798⎠

[00:00:01:00.39] Ending training after epoch 14/14, current best R: 1.0000
-- RUNNING EPOCHS END ---------------

-- EVALUATION START ----------------
Saving Hall of Fame to ./log/regression_config_regression_PQT.json_Nguyen_4.in_normal_0.0_2023-05-30-035235/dso_regression_config_regression_PQT.json_Nguyen_4.in_normal_0.0_0_hof.csv
Saving Pareto Front to ./log/regression_config_regression_PQT.json_Nguyen_4.in_normal_0.0_2023-05-30-035235/dso_regression_config_regression_PQT.json_Nguyen_4.in_normal_0.0_0_pf.csv
Invalid expressions: 588 of 14336 (4.1%).
Error type counts:
  reciprocal: 391 (66.5%)
  true_divide: 197 (33.5%)
Error node counts:
  divide: 584 (99.3%)
  invalid: 4 (0.7%)

Priority queue entry 0:
	Reward: 0.9999770538429028
	Count Off-policy: False
	Count On-policy: True
	Originally on Policy: True
	Invalid: False
	Traversal: mul,sub,mul,mul,sub,mul,x1,mul,mul,sub,add,sub,x1,mul,sub,add,6.179258867075439,x1,-4.179161409253233,-0.12308051476290663,x1,x1,0.8854718935282343,x1,-3.7508541077809805,x1,x1,1.0080087019090798,x1
	Expression:
	     ⎛  2 ⎛  2                                                                  
	  x₁⋅⎝x₁ ⋅⎝x₁ ⋅(0.99445622999177503⋅x₁ + 1.1289055606261665) + 3.750854107780980

	   ⎞                     ⎞
	  5⎠ - 1.0080087019090798⎠


Priority queue entry 1:
	Reward: 0.9999666993531957
	Count Off-policy: False
	Count On-policy: True
	Originally on Policy: True
	Invalid: False
	Traversal: mul,mul,mul,mul,1.0002524192873659,mul,mul,1.0002524192872173,mul,mul,sub,add,inv,x1,x1,-0.2243765856062674,add,x1,0.7537664343738086,x1,x1,1.000252419280513,x1,x1
	Expression:
	                       4                           ⎛                          1 
	  1.0007574490176656⋅x₁ ⋅(x₁ + 0.7537664343738086)⋅⎜x₁ + 0.2243765856062674 + ──
	                                                   ⎝                          x₁

	  ⎞
	  ⎟
	  ⎠


Priority queue entry 2:
	Reward: 0.9997358623737431
	Count Off-policy: False
	Count On-policy: True
	Originally on Policy: True
	Invalid: False
	Traversal: add,mul,mul,x1,mul,add,sub,x1,mul,x1,sub,div,-8.815217232312522,div,div,8.430206444157374,x1,x1,7.013398319151819,-14.442530136496128,x1,x1,x1
	Expression:
	    3 ⎛     ⎛                     2                    ⎞                        
	  x₁ ⋅⎝- x₁⋅⎝- 1.04567038668691⋅x₁  - 7.013398319151819⎠ + x₁ - 14.4425301364961

	    ⎞     
	  28⎠ + x₁


Priority queue entry 3:
	Reward: 0.9996017044173291
	Count Off-policy: False
	Count On-policy: True
	Originally on Policy: True
	Invalid: False
	Traversal: add,x1,div,mul,mul,mul,mul,mul,add,div,mul,mul,add,0.6331640054917769,x1,1.1802300737868383,x1,0.8146142797264866,x1,x1,x1,x1,x1,0.8102378088501861,1.1966843079286769
	Expression:
	                        4                                                       
	  0.67706896754801999⋅x₁ ⋅(1.227574847246427⋅x₁⋅(1.1802300737868383⋅x₁ + 0.74727

                        
	  920092072994) + x₁) + x₁


Priority queue entry 4:
	Reward: 0.9995924911221734
	Count Off-policy: False
	Count On-policy: True
	Originally on Policy: True
	Invalid: False
	Traversal: mul,div,mul,x1,mul,inv,add,sub,inv,mul,x1,mul,x1,sub,div,x1,0.6194687629147896,-2.1387405344986887,x1,x1,x1,1.6458438318771682,x1
	Expression:
	                        5                                            
	  0.60759106096928369⋅x₁ ⋅(1.614286401294385⋅x₁ + 2.1387405344986887)


Priority queue entry 5:
	Reward: 0.9989906269472697
	Count Off-policy: False
	Count On-policy: True
	Originally on Policy: True
	Invalid: False
	Traversal: mul,div,sub,x1,sub,add,inv,div,div,div,inv,x1,sub,mul,mul,x1,x1,mul,-0.2032360788638976,x1,x1,x1,x1,0.9961142177809528,x1,0.1222875155904334,0.6377181707936648
	Expression:
	                        3 ⎛                       3     ⎞                       
	  - 5.214908224397305⋅x₁ ⋅⎝- 0.2032360788638976⋅x₁  - x₁⎠ + 10.42981644879461⋅x₁

                    
	   - 5.194644226744979


Priority queue entry 6:
	Reward: 0.9972252502731402
	Count Off-policy: False
	Count On-policy: True
	Originally on Policy: True
	Invalid: False
	Traversal: sub,mul,mul,mul,add,inv,x1,1.0134239420015076,mul,x1,add,inv,x1,mul,mul,x1,x1,x1,x1,x1,0.999994785874635
	Expression:
	    3 ⎛                     1 ⎞ ⎛  3   1 ⎞                    
	  x₁ ⋅⎜1.0134239420015076 + ──⎟⋅⎜x₁  + ──⎟ - 0.999994785874635
	      ⎝                     x₁⎠ ⎝      x₁⎠                    


Priority queue entry 7:
	Reward: 0.9950594091879946
	Count Off-policy: False
	Count On-policy: True
	Originally on Policy: True
	Invalid: False
	Traversal: mul,mul,add,sub,mul,mul,add,sub,mul,mul,add,div,1.2025756688315703,inv,x1,x1,x1,x1,x1,x1,0.500577917951923,x1,x1,143.18769595098442,x1,x1
	Expression:
	    2 ⎛                     4                          ⎞
	  x₁ ⋅⎝1.1025607424352717⋅x₁  - x₁ + 143.18769595098442⎠


Priority queue entry 8:
	Reward: 0.9946885179630973
	Count Off-policy: False
	Count On-policy: True
	Originally on Policy: True
	Invalid: False
	Traversal: mul,x1,div,mul,sub,mul,mul,mul,37.764827948399606,add,mul,mul,mul,x1,0.06427281087866651,x1,add,-6.756303813981211,x1,x1,x1,x1,35.23046803153978,9.490370269392498,x1
	Expression:
	                      2 ⎛                     2                                 
	  9.490370269392498⋅x₁ ⋅⎝2.4272516445928673⋅x₁ ⋅(x₁ - 6.756303813981211) + 37.76

	                  ⎞                   
	  4827948399606⋅x₁⎠ - 334.350186383308


Priority queue entry 9:
	Reward: 0.9939790794203001
	Count Off-policy: False
	Count On-policy: True
	Originally on Policy: True
	Invalid: False
	Traversal: mul,add,mul,mul,div,mul,mul,x1,sub,mul,x1,x1,-93.59168322953148,mul,add,x1,x1,x1,2.3080846110787143,0.06662917224313189,x1,x1,x1
	Expression:
	     ⎛                       4 ⎛  2                    ⎞     ⎞
	  x₁⋅⎝0.057735467688935245⋅x₁ ⋅⎝x₁  + 93.59168322953148⎠ + x₁⎠

-- EVALUATION END ------------------
== TRAINING SEED 0 END ==============
INFO: Completed run 1 of 1 in 62 s

== POST-PROCESS START =================
-- LOADING LOGS START ----------------
Successfully loaded summary data
Successfully loaded Hall of Fame data
Successfully loaded Pareto Front data
-- LOADING LOGS END ------------------

-- ANALYZING LOG START --------------
Task_____________regression
Source path______./log/regression_config_regression_PQT.json_Nguyen_4.in_normal_0.0_2023-05-30-035235
Runs_____________1
Max Samples/run__15000
Success_rate_____0.0
Hall of Fame (Top 5 of 100)____
    0: S=000 R=0.999977 <-- [x1*(x1**2*(x1**2*(0.99445622999177503*x1 + 1.1289055606261665) + 3.7508541077809805) - 1.0080087019090798)]
    1: S=000 R=0.999967 <-- [1.0007574490176656*x1**4*(x1 + 0.7537664343738086)*(x1 + 0.2243765856062674 + 1/x1)]
    2: S=000 R=0.999736 <-- [x1**3*(-x1*(-1.04567038668691*x1**2 - 7.013398319151819) + x1 - 14.442530136496128) + x1]
    3: S=000 R=0.999602 <-- [0.67706896754801999*x1**4*(1.227574847246427*x1*(1.1802300737868383*x1 + 0.74727920092072994) + x1) + x1]
    4: S=000 R=0.999592 <-- [0.60759106096928369*x1**5*(1.614286401294385*x1 + 2.1387405344986887)]
  Saving Hall of Fame plot to ./log/regression_config_regression_PQT.json_Nguyen_4.in_normal_0.0_2023-05-30-035235/dso_regression_config_regression_PQT.json_Nguyen_4.in_normal_0.0_plot_hof.png
Pareto Front (5 of 14)____
    0: S=000 R=0.999977 C=29.00 <-- [x1*(x1**2*(x1**2*(0.99445622999177503*x1 + 1.1289055606261665) + 3.7508541077809805) - 1.0080087019090798)]
    1: S=000 R=0.999967 C=25.00 <-- [1.0007574490176656*x1**4*(x1 + 0.7537664343738086)*(x1 + 0.2243765856062674 + 1/x1)]
    2: S=000 R=0.997225 C=23.00 <-- [x1**3*(1.0134239420015076 + 1/x1)*(x1**3 + 1/x1) - 0.999994785874635]
    3: S=000 R=0.995059 C=22.00 <-- [x1**2*(1.102561503409483*x1**4 - x1 + 143.18264738921604)]
    4: S=000 R=0.991550 C=19.00 <-- [x1*(-x1*(-20.061789095622658*x1**2*(x1 - 4.824793893260115) - 635.1183473860167) + x1)]
  Saving Pareto Front plot to ./log/regression_config_regression_PQT.json_Nguyen_4.in_normal_0.0_2023-05-30-035235/dso_regression_config_regression_PQT.json_Nguyen_4.in_normal_0.0_plot_pf.png
-- ANALYZING LOG END ----------------
== POST-PROCESS END ===================
