['add', 'sin', 'X_0', 'sin', 'pow', 'X_1', 2]
--------------------
eq_name 	 Nguyen_9
num_vars 	 2
vars_range_and_types 	 [{"name": "LogUniform", "range": [0.1, 10], "only_positive": true}, {"name": "LogUniform", "range": [0.1, 10], "only_positive": true}]
function_set 	 ['add', 'sub', 'mul', 'div', 'sin', 'cos', 'pow', 'const']
eq_expression 	 add,sin,X_0,sin,pow,X_1,2
expr 	 sin(X_0) + sin(X_1**2)
--------------------

== EXPERIMENT SETUP START ===========
Task type            : regression
Starting seed        : 0
Runs                 : 1
== EXPERIMENT SETUP END =============

== TRAINING SEED 0 START ============
self.dataX <dso.symbolic_data_generator.DataX object at 0x2ab8488682b0>, self.data_query_oracle: <dso.symbolic_equation_evaluator_public.Equation_evaluator object at 0x2ab867909d68>
generate dataset!
-- BUILDING PRIOR START -------------
WARNING: Skipping invalid 'RelationalConstraint' with arguments {'targets': [], 'effectors': [], 'relationship': None}. Reason: Prior disabled.
WARNING: Skipping invalid 'TrigConstraint' with arguments {}. Reason: There are no target Tokens.
WARNING: Skipping invalid 'UniformArityPrior' with arguments {}. Reason: Prior disabled.
WARNING: Skipping invalid 'LanguageModelPrior' with arguments {'weight': None}. Reason: Prior disabled.
LengthConstraint: Sequences have minimum length 4.
                  Sequences have maximum length 256.
RepeatConstraint: [const] cannot occur more than 10 times.
RelationalConstraint: [inv] cannot be a child of [inv].
ConstConstraint: [const] cannot be the only unique child of [inv, add, sub, mul, div].
NoInputsConstraint: Sequences contain at least one input variable Token.
SoftLengthPrior: No description available.
-- BUILDING PRIOR END ---------------

-- RUNNING EPOCHS START -------------
[00:00:00:13.87] Training epoch 1/14, current best R: 0.5338

	** New best
	Reward: 0.5338423082026614
	Count Off-policy: False
	Count On-policy: True
	Originally on Policy: True
	Invalid: False
	Traversal: inv,mul,sub,add,div,inv,x1,sub,mul,-0.11746913468564756,add,sub,2.736345807836803,inv,x1,2.736345807824603,-0.6648357704130009,x1,8.034105175114398,6.944934360698859
	Expression:
	                                              1                                 
	  ──────────────────────────────────────────────────────────────────────────────
	                                                            6.944934360698859   
	  6.944934360698859⋅x₁ - 55.79633308812051 + ───────────────────────────────────
	                                                ⎛                       0.117469
	                                             x₁⋅⎜0.021963421919857045 + ────────
	                                                ⎝                               

            
	  ────────────
            
	  ────────────
	  13468564756⎞
	  ───────────⎟
	   x₁        ⎠

[00:00:00:36.87] Training epoch 3/14, current best R: 0.5414

	** New best
	Reward: 0.5413594969329532
	Count Off-policy: False
	Count On-policy: True
	Originally on Policy: True
	Invalid: False
	Traversal: sub,inv,sub,sub,19.681108992045296,mul,2.4507537834376727,x1,mul,mul,inv,add,x1,-1.3864907166131426,1.7001433635556833,add,12.4146334886372,x1,-0.6890079369742751
	Expression:
	                                                                  1             
	  0.6890079369742751 + ─────────────────────────────────────────────────────────
	                                                                     1.700143363
	                       -2.4507537834376727⋅x₁ + 19.681108992045296 - ───────────
	                                                                              x₁

                               
	  ───────────────────────────────
	  5556833⋅(x₁ + 12.4146334886372)
	  ───────────────────────────────
	   - 1.3864907166131426          

[00:00:02:08.94] Training epoch 10/14, current best R: 0.5414
[00:00:03:19.83] Training epoch 14/14, current best R: 0.5645

	** New best
	Reward: 0.5644757895191075
	Count Off-policy: False
	Count On-policy: True
	Originally on Policy: True
	Invalid: False
	Traversal: div,sub,5.85637496978487,x1,sub,add,inv,mul,0.10635209218525585,add,-0.23677486763791106,mul,mul,1.7299749457931213,x1,sub,3.409449509307484,x1,3.8596200690784523,x1
	Expression:
	                                        5.85637496978487 - x₁                   
	  ──────────────────────────────────────────────────────────────────────────────
	                                                               1                
	  -x₁ + 3.8596200690784523 + ───────────────────────────────────────────────────
	                             0.18398645491317303⋅x₁⋅(3.409449509307484 - x₁) - 0

                   
	  ───────────────────
                   
	  ───────────────────
	  .025181502550178869

[00:00:03:19.84] Ending training after epoch 14/14, current best R: 0.5645
-- RUNNING EPOCHS END ---------------

-- EVALUATION START ----------------
Saving Hall of Fame to ./log/regression_config_regression_PQT.json_Nguyen_9.in_normal_0.0_2023-05-30-041152/dso_regression_config_regression_PQT.json_Nguyen_9.in_normal_0.0_0_hof.csv
Saving Pareto Front to ./log/regression_config_regression_PQT.json_Nguyen_9.in_normal_0.0_2023-05-30-041152/dso_regression_config_regression_PQT.json_Nguyen_9.in_normal_0.0_0_pf.csv
Invalid expressions: 376 of 14336 (2.6%).
Error type counts:
  reciprocal: 239 (63.6%)
  true_divide: 137 (36.4%)
Error node counts:
  divide: 375 (99.7%)
  invalid: 1 (0.3%)

Priority queue entry 0:
	Reward: 0.5644757895191075
	Count Off-policy: False
	Count On-policy: True
	Originally on Policy: True
	Invalid: False
	Traversal: div,sub,5.85637496978487,x1,sub,add,inv,mul,0.10635209218525585,add,-0.23677486763791106,mul,mul,1.7299749457931213,x1,sub,3.409449509307484,x1,3.8596200690784523,x1
	Expression:
	                                        5.85637496978487 - x₁                   
	  ──────────────────────────────────────────────────────────────────────────────
	                                                               1                
	  -x₁ + 3.8596200690784523 + ───────────────────────────────────────────────────
	                             0.18398645491317303⋅x₁⋅(3.409449509307484 - x₁) - 0

                   
	  ───────────────────
                   
	  ───────────────────
	  .025181502550178869


Priority queue entry 1:
	Reward: 0.5413594969329532
	Count Off-policy: False
	Count On-policy: True
	Originally on Policy: True
	Invalid: False
	Traversal: sub,inv,sub,sub,19.681108992045296,mul,2.4507537834376727,x1,mul,mul,inv,add,x1,-1.3864907166131426,1.7001433635556833,add,12.4146334886372,x1,-0.6890079369742751
	Expression:
	                                                                  1             
	  0.6890079369742751 + ─────────────────────────────────────────────────────────
	                                                                     1.700143363
	                       -2.4507537834376727⋅x₁ + 19.681108992045296 - ───────────
	                                                                              x₁

                               
	  ───────────────────────────────
	  5556833⋅(x₁ + 12.4146334886372)
	  ───────────────────────────────
	   - 1.3864907166131426          


Priority queue entry 2:
	Reward: 0.5412786818854451
	Count Off-policy: False
	Count On-policy: True
	Originally on Policy: True
	Invalid: False
	Traversal: add,0.7090531353008794,inv,add,588.5834637063892,div,mul,619.9252719351758,sub,x1,sub,-2.985413685800635,inv,x1,sub,-3.6101563685242186,x1
	Expression:
	                                                              1                 
	  0.7090531353008794 + ─────────────────────────────────────────────────────────
                                                                              
	                                           619.9252719351758⋅x₁ + 1850.733391008
                                                                              
	                       588.5834637063892 + ─────────────────────────────────────
	                                                             -x₁ - 3.61015636852

                       
	  ───────────────────────
	        619.9252719351758
	  954 + ─────────────────
	                x₁       
	  ───────────────────────
	  42186                  


Priority queue entry 3:
	Reward: 0.5383425752948554
	Count Off-policy: False
	Count On-policy: True
	Originally on Policy: True
	Invalid: False
	Traversal: inv,add,inv,mul,div,inv,sub,sub,div,div,inv,add,0.2149437888291266,x1,sub,inv,x1,0.0895594751878005,0.13800182673622136,6.409793623156968,x1,x1,0.13366725673031377,7.4491668229978885
	Expression:
	                                                               1                
	  ──────────────────────────────────────────────────────────────────────────────
	                        ⎛                                           7.2462808909
	  7.4812637325055141⋅x₁⋅⎜-x₁ - 6.409793623156968 + ─────────────────────────────
	                        ⎜                          ⎛                      1 ⎞   
	                        ⎜                          ⎜-0.0895594751878005 + ──⎟⋅(x
	                        ⎝                          ⎝                      x₁⎠   

                                             
	  ─────────────────────────────────────────────
	  87147                  ⎞                     
	  ───────────────────────⎟ + 7.4491668229978885
	                         ⎟                     
	  ₁ + 0.2149437888291266)⎟                     
	                         ⎠                     


Priority queue entry 4:
	Reward: 0.5375900792655585
	Count Off-policy: False
	Count On-policy: True
	Originally on Policy: True
	Invalid: False
	Traversal: mul,inv,add,mul,sub,sub,mul,add,div,add,sub,0.5932304497602193,x1,div,3.1912873151856846,sub,3.372775756812773,x1,0.3313224507145797,0.6713046338563547,1.2592702887613894,x2,x1,0.8715438566359388,x2,2.7206419275074447
	Expression:
	                                       2.7206419275074447                       
	  ──────────────────────────────────────────────────────────────────────────────
	                                                                          10.571
	  -4.1840549214524052⋅x₁ + 0.1284561433640612⋅x₂ + 2.7018454968758467 + ────────
	                                                                        3.372775

              
	  ──────────────
	  174542561014  
	  ──────────────
	  756812773 - x₁


Priority queue entry 5:
	Reward: 0.5355754759146155
	Count Off-policy: False
	Count On-policy: True
	Originally on Policy: True
	Invalid: False
	Traversal: sub,inv,add,mul,add,sub,x1,inv,x1,-3.9235426000716647,x1,add,x1,3.9419127232554505,mul,x1,-0.01730818135576546
	Expression:
	                                                        1                       
	  0.01730818135576546⋅x₁ + ─────────────────────────────────────────────────────
	                              ⎛                          1 ⎞                    
	                           x₁⋅⎜x₁ - 3.9235426000716647 - ──⎟ + x₁ + 3.9419127232
	                              ⎝                          x₁⎠                    

      
	  ──────
      
	  554505
      


Priority queue entry 6:
	Reward: 0.5352632062886992
	Count Off-policy: False
	Count On-policy: True
	Originally on Policy: True
	Invalid: False
	Traversal: inv,sub,add,add,2.49605665816561,div,-1.5089610432855247,inv,add,inv,add,mul,0.010872789042893877,x2,inv,x1,x1,mul,x1,x1,-0.49606286942596567
	Expression:
	                                         1                                      
	  ──────────────────────────────────────────────────────────────────────────────
	    2                                                     1.5089610432855247    
	  x₁  - 1.5089610432855247⋅x₁ + 2.9921195275915755 - ───────────────────────────
	                                                                               1
	                                                     0.010872789042893877⋅x₂ + ─
	                                                                               x

 
	  ─
 
	  ─
 
	  ─
	  ₁


Priority queue entry 7:
	Reward: 0.5346900851436458
	Count Off-policy: False
	Count On-policy: True
	Originally on Policy: True
	Invalid: False
	Traversal: inv,sub,2.996906039019358,mul,mul,1.3225828219684177,x1,add,div,sub,add,mul,0.16055172208171242,x1,1.2642251929194568,x1,1.085093217474558,1.1143231814707377
	Expression:
	                                             1                                  
	  ──────────────────────────────────────────────────────────────────────────────
	  -1.3225828219684177⋅x₁⋅(2.2794075931693104 - 0.77361858354622881⋅x₁) + 2.99690

          
	  ──────────
	  6039019358


Priority queue entry 8:
	Reward: 0.5346900847505189
	Count Off-policy: False
	Count On-policy: True
	Originally on Policy: True
	Invalid: False
	Traversal: sub,x1,add,div,-0.5021975953217392,sub,add,1.5049036602060337,div,sub,x1,inv,mul,inv,x1,x1,div,1.9464483503878418,x1,x1,x1
	Expression:
	                      0.5021975953217392                   
	  ─────────────────────────────────────────────────────────
	  0.51375624726992825⋅x₁⋅(x₁ - 1) - x₁ + 1.5049036602060337


Priority queue entry 9:
	Reward: 0.5338423082026614
	Count Off-policy: False
	Count On-policy: True
	Originally on Policy: True
	Invalid: False
	Traversal: inv,mul,sub,add,div,inv,x1,sub,mul,-0.11746913468564756,add,sub,2.736345807836803,inv,x1,2.736345807824603,-0.6648357704130009,x1,8.034105175114398,6.944934360698859
	Expression:
	                                              1                                 
	  ──────────────────────────────────────────────────────────────────────────────
	                                                            6.944934360698859   
	  6.944934360698859⋅x₁ - 55.79633308812051 + ───────────────────────────────────
	                                                ⎛                       0.117469
	                                             x₁⋅⎜0.021963421919857045 + ────────
	                                                ⎝                               

            
	  ────────────
            
	  ────────────
	  13468564756⎞
	  ───────────⎟
	   x₁        ⎠

-- EVALUATION END ------------------
== TRAINING SEED 0 END ==============
INFO: Completed run 1 of 1 in 202 s

== POST-PROCESS START =================
-- LOADING LOGS START ----------------
Successfully loaded summary data
Successfully loaded Hall of Fame data
Successfully loaded Pareto Front data
-- LOADING LOGS END ------------------

-- ANALYZING LOG START --------------
Task_____________regression
Source path______./log/regression_config_regression_PQT.json_Nguyen_9.in_normal_0.0_2023-05-30-041152
Runs_____________1
Max Samples/run__15000
Success_rate_____0.0
Hall of Fame (Top 5 of 100)____
    0: S=000 R=0.564476 <-- [(5.85637496978487 - x1)/(-x1 + 3.8596200690784523 + 1/(0.18398645491317303*x1*(3.409449509307484 - x1) - 0.025181502550178869))]
    1: S=000 R=0.546257 <-- [1/(2.4657921630595491 + 9.736460951824839/(x1 - 6.873904372944788 + 1/(x1*(0.3122153654641589*x1 - 0.9141114062688493))))]
    2: S=000 R=0.543153 <-- [x1 + 1/(-0.08671639447344855 + 1/(0.93068416440717111 - 0.8519574789331563*x1) + 1/x1)]
    3: S=000 R=0.541359 <-- [0.6890079369742751 + 1/(-2.4507537834376727*x1 + 19.681108992045296 - 1.7001433635556833*(x1 + 12.4146334886372)/(x1 - 1.3864907166131426))]
    4: S=000 R=0.541279 <-- [0.7090531353008794 + 1/(588.5834637063892 + (619.9252719351758*x1 + 1850.733391008954 + 619.9252719351758/x1)/(-x1 - 3.6101563685242186))]
  Saving Hall of Fame plot to ./log/regression_config_regression_PQT.json_Nguyen_9.in_normal_0.0_2023-05-30-041152/dso_regression_config_regression_PQT.json_Nguyen_9.in_normal_0.0_plot_hof.png
Pareto Front (5 of 9)____
    0: S=000 R=0.564476 C=22.00 <-- [(5.85637496978487 - x1)/(-x1 + 3.8596200690784523 + 1/(0.18398645491317303*x1*(3.409449509307484 - x1) - 0.025181502550178869))]
    1: S=000 R=0.541359 C=21.00 <-- [0.6890079369742751 + 1/(-2.4507537834376727*x1 + 19.681108992045296 - 1.7001433635556833*(x1 + 12.4146334886372)/(x1 - 1.3864907166131426))]
    2: S=000 R=0.541279 C=20.00 <-- [0.7090531353008794 + 1/(588.5834637063892 + (619.9252719351758*x1 + 1850.733391008954 + 619.9252719351758/x1)/(-x1 - 3.6101563685242186))]
    3: S=000 R=0.535575 C=19.00 <-- [0.01730818135576546*x1 + 1/(x1*(x1 - 3.9235426000716647 - 1/x1) + x1 + 3.9419127232554505)]
    4: S=000 R=0.534690 C=16.00 <-- [0.9772884765684741/(x1*(x1 - 3.9464903470751684) + x1 + 2.929078086941249)]
  Saving Pareto Front plot to ./log/regression_config_regression_PQT.json_Nguyen_9.in_normal_0.0_2023-05-30-041152/dso_regression_config_regression_PQT.json_Nguyen_9.in_normal_0.0_plot_pf.png
-- ANALYZING LOG END ----------------
== POST-PROCESS END ===================
