['add', 'sin', 'X_0', 'sin', 'pow', 'X_1', 2]
--------------------
eq_name 	 Nguyen_9
num_vars 	 2
vars_range_and_types 	 [{"name": "LogUniform", "range": [0.1, 10], "only_positive": true}, {"name": "LogUniform", "range": [0.1, 10], "only_positive": true}]
function_set 	 ['add', 'sub', 'mul', 'div', 'sin', 'cos', 'pow', 'const']
eq_expression 	 add,sin,X_0,sin,pow,X_1,2
expr 	 sin(X_0) + sin(X_1**2)
--------------------

== EXPERIMENT SETUP START ===========
Task type            : regression
Starting seed        : 0
Runs                 : 1
== EXPERIMENT SETUP END =============

== TRAINING SEED 0 START ============
self.dataX <dso.symbolic_data_generator.DataX object at 0x2ad1f37c6080>, self.data_query_oracle: <dso.symbolic_equation_evaluator_public.Equation_evaluator object at 0x2ad212867d68>
generate dataset!
-- BUILDING PRIOR START -------------
WARNING: Skipping invalid 'RelationalConstraint' with arguments {'targets': [], 'effectors': [], 'relationship': None}. Reason: Prior disabled.
WARNING: Skipping invalid 'TrigConstraint' with arguments {}. Reason: There are no target Tokens.
WARNING: Skipping invalid 'UniformArityPrior' with arguments {}. Reason: Prior disabled.
WARNING: Skipping invalid 'LanguageModelPrior' with arguments {'weight': None}. Reason: Prior disabled.
LengthConstraint: Sequences have minimum length 4.
                  Sequences have maximum length 256.
RepeatConstraint: [const] cannot occur more than 10 times.
RelationalConstraint: [inv] cannot be a child of [inv].
ConstConstraint: [const] cannot be the only unique child of [inv, add, sub, mul, div].
NoInputsConstraint: Sequences contain at least one input variable Token.
SoftLengthPrior: No description available.
-- BUILDING PRIOR END ---------------

-- RUNNING EPOCHS START -------------
[00:00:00:15.21] Training epoch 1/14, current best R: 0.5279

	** New best
	Reward: 0.5278849936603456
	Count Off-policy: False
	Count On-policy: True
	Originally on Policy: True
	Invalid: False
	Traversal: add,add,div,x1,sub,div,div,add,inv,mul,x1,0.973167592545192,sub,inv,sub,0.05728299669198824,x1,0.0033122491675681553,x1,4.788570729865763e-06,x2,0.3304214022362432,0.33042140226225347
	Expression:
	                                                x₁                              
	  ──────────────────────────────────────────────────────────────────────────────
	                          ⎛                                    1               1
	        208830.5793967113⋅⎜-0.0033122491675681553 + ──────────────────────── + ─
	                          ⎝                         0.05728299669198824 - x₁    
	  -x₂ + ────────────────────────────────────────────────────────────────────────
	                                                   x₁                           

                                      
	  ──────────────── + 0.66084280449849667
	  .02757223695112⎞                      
	  ───────────────⎟                      
	        x₁       ⎠                      
	  ────────────────                      
                                      

[00:00:00:44.16] Training epoch 3/14, current best R: 0.5311

	** New best
	Reward: 0.5311265311576246
	Count Off-policy: False
	Count On-policy: True
	Originally on Policy: True
	Invalid: False
	Traversal: inv,add,add,mul,10.303032456937533,inv,add,x1,mul,-0.41533489175322036,inv,add,3.4249470188492297,div,x1,mul,-0.2599807510940802,x1,add,x1,x1,-6.285609971398552
	Expression:
	                           1                         
	  ───────────────────────────────────────────────────
	                                10.303032456937533   
	  2⋅x₁ - 6.285609971398552 + ────────────────────────
	                             x₁ + 0.98539305687590529

[00:00:01:48.41] Training epoch 7/14, current best R: 0.5345

	** New best
	Reward: 0.534527180768543
	Count Off-policy: False
	Count On-policy: True
	Originally on Policy: True
	Invalid: False
	Traversal: inv,add,3.012987913143852,inv,div,1.1025475751147062,mul,mul,sub,add,0.3963280272681864,div,sub,x1,1.4592977775531228,1.2309751005279395,1.6036712860650184,1.404087740447269,x1
	Expression:
	                                             1                                  
	  ──────────────────────────────────────────────────────────────────────────────
	  0.90699033998234732⋅x₁⋅(1.1406304967867223⋅x₁ - 3.3597354171584643) + 3.012987

         
	  ─────────
	  913143852

[00:00:02:08.98] Training epoch 8/14, current best R: 0.5381

	** New best
	Reward: 0.5381438844276855
	Count Off-policy: False
	Count On-policy: True
	Originally on Policy: True
	Invalid: False
	Traversal: sub,add,x1,inv,mul,sub,2.1931240453348333,mul,sub,x1,mul,1.1395744261542575,add,inv,x1,x1,x1,0.02756109810151115,10.576346671944489
	Expression:
	                                                                          1     
	  x₁ - 10.576346671944489 + ────────────────────────────────────────────────────
	                                                     ⎛                         1
	                            - 0.02756109810151115⋅x₁⋅⎜-0.1395744261542575⋅x₁ - ─
	                                                     ⎝                          

                                         
	  ─────────────────────────────────────────
	  .1395744261542575⎞                       
	  ─────────────────⎟ + 0.060444906962256328
	         x₁        ⎠                       

[00:00:02:51.04] Training epoch 10/14, current best R: 0.5381
[00:00:03:59.76] Training epoch 13/14, current best R: 0.5660

	** New best
	Reward: 0.5660425543391735
	Count Off-policy: False
	Count On-policy: True
	Originally on Policy: True
	Invalid: False
	Traversal: div,x1,add,0.4166886446379574,inv,div,inv,sub,inv,add,div,sub,inv,div,mul,x1,x1,179.6435760686335,30.720720552094885,x1,4.354066805269919,-0.6053465354153087,x1
	Expression:
	                                                      x₁                        
	  ──────────────────────────────────────────────────────────────────────────────
	     ⎛                                                  1                       
	  x₁⋅⎜0.6053465354153087 + ─────────────────────────────────────────────────────
	     ⎜                                                               179.6435760
	     ⎜                                         -30.720720552094885 + ───────────
	     ⎜                                                                        2 
	     ⎜                                                                      x₁  
	     ⎜                     4.354066805269919 + ─────────────────────────────────
	     ⎝                                                            x₁            

                            
	  ────────────────────────────
	        ⎞                     
	  ──────⎟ + 0.4166886446379574
	  686335⎟                     
	  ──────⎟                     
	        ⎟                     
	        ⎟                     
	  ──────⎟                     
	        ⎠                     

[00:00:04:26.76] Ending training after epoch 14/14, current best R: 0.5660
-- RUNNING EPOCHS END ---------------

-- EVALUATION START ----------------
Saving Hall of Fame to ./log/regression_config_regression_VPG.json_Nguyen_9.in_normal_0.0_2023-05-30-041155/dso_regression_config_regression_VPG.json_Nguyen_9.in_normal_0.0_0_hof.csv
Saving Pareto Front to ./log/regression_config_regression_VPG.json_Nguyen_9.in_normal_0.0_2023-05-30-041155/dso_regression_config_regression_VPG.json_Nguyen_9.in_normal_0.0_0_pf.csv
Invalid expressions: 330 of 14336 (2.3%).
Error type counts:
  true_divide: 123 (37.3%)
  reciprocal: 207 (62.7%)
Error node counts:
  divide: 328 (99.4%)
  invalid: 2 (0.6%)
-- EVALUATION END ------------------
== TRAINING SEED 0 END ==============
INFO: Completed run 1 of 1 in 268 s

== POST-PROCESS START =================
-- LOADING LOGS START ----------------
Successfully loaded summary data
Successfully loaded Hall of Fame data
Successfully loaded Pareto Front data
-- LOADING LOGS END ------------------

-- ANALYZING LOG START --------------
Task_____________regression
Source path______./log/regression_config_regression_VPG.json_Nguyen_9.in_normal_0.0_2023-05-30-041155
Runs_____________1
Max Samples/run__15000
Success_rate_____0.0
Hall of Fame (Top 5 of 100)____
    0: S=000 R=0.566043 <-- [x1/(x1*(0.6053465354153087 + 1/(4.354066805269919 + (-30.720720552094885 + 179.6435760686335/x1**2)/x1)) + 0.4166886446379574)]
    1: S=000 R=0.538144 <-- [x1 - 10.576346671944489 + 1/(-0.02756109810151115*x1*(-0.1395744261542575*x1 - 1.1395744261542575/x1) + 0.060444906962256328)]
    2: S=000 R=0.537904 <-- [(-0.6734925911791687 + 1/(-x1*(x1*(-0.3458095959111607 + 1.1521956930324875/x1) + 1.1521937892406955) + x1 + 1.5709236215390487))/x1]
    3: S=000 R=0.536222 <-- [1/(-x1*(2.299159707259816 + 0.3099092214758291/(0.7556351718219987 - 2.5988603979572753/x1)) + x1 + 2.2976417064033665)]
    4: S=000 R=0.536222 <-- [1/(x1/(-0.58506941102845305 + 0.965578826170669/(2*x1 - 5.228138127863735)) + 2.297609286845389)]
  Saving Hall of Fame plot to ./log/regression_config_regression_VPG.json_Nguyen_9.in_normal_0.0_2023-05-30-041155/dso_regression_config_regression_VPG.json_Nguyen_9.in_normal_0.0_plot_hof.png
Pareto Front (5 of 10)____
    0: S=000 R=0.566043 C=31.00 <-- [x1/(x1*(0.6053465354153087 + 1/(4.354066805269919 + (-30.720720552094885 + 179.6435760686335/x1**2)/x1)) + 0.4166886446379574)]
    1: S=000 R=0.538144 C=21.00 <-- [x1 - 10.576346671944489 + 1/(-0.02756109810151115*x1*(-0.1395744261542575*x1 - 1.1395744261542575/x1) + 0.060444906962256328)]
    2: S=000 R=0.527185 C=20.00 <-- [1/(x1 - 8.0666579574237667*x1/(x1 + 0.24706889381435612) + 6.385385411111625)]
    3: S=000 R=0.525577 C=18.00 <-- [0.90042553860893452/(x1 - 1.3480658546701152 + 1.128098208373851/x1)]
    4: S=000 R=0.525476 C=17.00 <-- [0.0001878175105350973*x1 + 1/(x1 - 1.2342310805656516 + 1.117460453376815/x1)]
  Saving Pareto Front plot to ./log/regression_config_regression_VPG.json_Nguyen_9.in_normal_0.0_2023-05-30-041155/dso_regression_config_regression_VPG.json_Nguyen_9.in_normal_0.0_plot_pf.png
-- ANALYZING LOG END ----------------
== POST-PROCESS END ===================
