['mul', 2, 'mul', 'cos', 'X_1', 'sin', 'X_0']
--------------------
eq_name 	 Nguyen_10
num_vars 	 2
vars_range_and_types 	 [{"name": "LogUniform", "range": [0.1, 10], "only_positive": true}, {"name": "LogUniform", "range": [0.1, 10], "only_positive": true}]
function_set 	 ['add', 'sub', 'mul', 'div', 'sin', 'cos', 'const']
eq_expression 	 mul,2,mul,cos,X_1,sin,X_0
expr 	 2*sin(X_0)*cos(X_1)
--------------------

== EXPERIMENT SETUP START ===========
Task type            : regression
Starting seed        : 0
Runs                 : 1
== EXPERIMENT SETUP END =============

== TRAINING SEED 0 START ============
self.dataX <dso.symbolic_data_generator.DataX object at 0x2b2d07efb278>, self.data_query_oracle: <dso.symbolic_equation_evaluator_public.Equation_evaluator object at 0x2b2d26f9dda0>
generate dataset!
-- BUILDING PRIOR START -------------
WARNING: Skipping invalid 'RelationalConstraint' with arguments {'targets': [], 'effectors': [], 'relationship': None}. Reason: Prior disabled.
WARNING: Skipping invalid 'TrigConstraint' with arguments {}. Reason: There are no target Tokens.
WARNING: Skipping invalid 'UniformArityPrior' with arguments {}. Reason: Prior disabled.
WARNING: Skipping invalid 'LanguageModelPrior' with arguments {'weight': None}. Reason: Prior disabled.
LengthConstraint: Sequences have minimum length 4.
                  Sequences have maximum length 256.
RepeatConstraint: [const] cannot occur more than 10 times.
RelationalConstraint: [inv] cannot be a child of [inv].
ConstConstraint: [const] cannot be the only unique child of [inv, add, sub, mul, div].
NoInputsConstraint: Sequences contain at least one input variable Token.
SoftLengthPrior: No description available.
-- BUILDING PRIOR END ---------------

-- RUNNING EPOCHS START -------------
[00:00:00:09.91] Training epoch 1/14, current best R: 0.5326

	** New best
	Reward: 0.5326335649035606
	Count Off-policy: False
	Count On-policy: True
	Originally on Policy: True
	Invalid: False
	Traversal: inv,mul,sub,mul,x2,sub,add,1.4900919931530852,sub,div,inv,x1,mul,-5.977076495434416,x2,x1,0.686269038762888,x2,-2.0803372352892184
	Expression:
	                                                 1                              
	  ──────────────────────────────────────────────────────────────────────────────
	                          ⎛                            0.1673058728232521⎞      
	  - 2.0803372352892184⋅x₂⋅⎜-x₁ + 0.80382295439019717 - ──────────────────⎟ + 2.0
	                          ⎝                                  x₁⋅x₂       ⎠      

                  
	  ──────────────────
                  
	  803372352892184⋅x₂
                  

[00:00:00:19.91] Training epoch 2/14, current best R: 0.5446

	** New best
	Reward: 0.5445573915156604
	Count Off-policy: False
	Count On-policy: True
	Originally on Policy: True
	Invalid: False
	Traversal: inv,div,sub,x2,sub,mul,mul,x2,sub,1.4939263692665092,add,x1,0.5060810981502517,add,-4.605181102195317,mul,5.52534873592716,x1,0.3355287091405099,x1
	Expression:
	                                                  x₁                            
	  ──────────────────────────────────────────────────────────────────────────────
	  -x₂⋅(0.98784527111625751 - x₁)⋅(5.52534873592716⋅x₁ - 4.605181102195317) + x₂ 

                    
	  ────────────────────
	  + 0.3355287091405099

[00:00:01:01.29] Training epoch 6/14, current best R: 0.5554

	** New best
	Reward: 0.555431575793776
	Count Off-policy: False
	Count On-policy: True
	Originally on Policy: True
	Invalid: False
	Traversal: inv,add,x1,sub,add,inv,x1,mul,mul,mul,add,mul,x2,mul,x2,1.71183027165643,-0.30694780078997014,x2,x2,0.7231960076364675,1.4554129008991366
	Expression:
	                                                  1                             
	  ──────────────────────────────────────────────────────────────────────────────
	                            2 ⎛                   2                      ⎞      
	  x₁ + 0.7231960076364675⋅x₂ ⋅⎝1.71183027165643⋅x₂  - 0.30694780078997014⎠ - 1.4
                                                                              

                    
	  ────────────────────
	                    1 
	  554129008991366 + ──
	                    x₁

[00:00:01:28.62] Training epoch 8/14, current best R: 0.5599

	** New best
	Reward: 0.5598933473215545
	Count Off-policy: False
	Count On-policy: True
	Originally on Policy: True
	Invalid: False
	Traversal: add,sub,sub,add,inv,add,mul,sub,add,div,x2,inv,x2,add,x1,-0.43375704763316264,2.4337572067364994,x1,2.3845233032677573,0.913216473104915,x1,1.0867831104739,x1
	Expression:
	                                                 1                           
	  -0.173566637368985 + ──────────────────────────────────────────────────────
	                          ⎛       2                    ⎞                     
	                       x₁⋅⎝x₁ + x₂  - 2.867514254369662⎠ + 2.3845233032677573

[00:00:02:00.17] Training epoch 10/14, current best R: 0.5599
[00:00:03:23.73] Ending training after epoch 14/14, current best R: 0.5599
-- RUNNING EPOCHS END ---------------

-- EVALUATION START ----------------
Saving Hall of Fame to ./log/regression_config_regression_DSR.json_Nguyen_10.in_normal_0.0_2023-05-30-031315/dso_regression_config_regression_DSR.json_Nguyen_10.in_normal_0.0_0_hof.csv
Saving Pareto Front to ./log/regression_config_regression_DSR.json_Nguyen_10.in_normal_0.0_2023-05-30-031315/dso_regression_config_regression_DSR.json_Nguyen_10.in_normal_0.0_0_pf.csv
Invalid expressions: 324 of 14336 (2.3%).
Error type counts:
  reciprocal: 211 (65.1%)
  true_divide: 113 (34.9%)
Error node counts:
  divide: 324 (100.0%)
-- EVALUATION END ------------------
== TRAINING SEED 0 END ==============
INFO: Completed run 1 of 1 in 205 s

== POST-PROCESS START =================
-- LOADING LOGS START ----------------
Successfully loaded summary data
Successfully loaded Hall of Fame data
Successfully loaded Pareto Front data
-- LOADING LOGS END ------------------

-- ANALYZING LOG START --------------
Task_____________regression
Source path______./log/regression_config_regression_DSR.json_Nguyen_10.in_normal_0.0_2023-05-30-031315
Runs_____________1
Max Samples/run__15000
Success_rate_____0.0
Hall of Fame (Top 5 of 100)____
    0: S=000 R=0.559893 <-- [-0.173566637368985 + 1/(x1*(x1 + x2**2 - 2.867514254369662) + 2.3845233032677573)]
    1: S=000 R=0.555937 <-- [0.84098564292115537/(x1 - 1.891940723284474 + (0.8397949774374063*x2**2*(2.312263049789799*x2 - 1.264282382038639) + 1.361086164727273)/x1)]
    2: S=000 R=0.555432 <-- [1/(x1 + 0.7231960076364675*x2**2*(1.71183027165643*x2**2 - 0.30694780078997014) - 1.4554129008991366 + 1/x1)]
    3: S=000 R=0.553084 <-- [-0.31361798197297038 + 0.58740891953217596/(0.44290609696340745*x1 + x2 - 1.1086395231364907 + 0.88315554500295685/(x1 + x2))]
    4: S=000 R=0.553044 <-- [1/(x1*(1.321413827954564*x1 + 0.6607069139772821*x2**2 - 3.9091012063291409) + 3.267470320182635)]
  Saving Hall of Fame plot to ./log/regression_config_regression_DSR.json_Nguyen_10.in_normal_0.0_2023-05-30-031315/dso_regression_config_regression_DSR.json_Nguyen_10.in_normal_0.0_plot_hof.png
Pareto Front (5 of 13)____
    0: S=000 R=0.559893 C=26.00 <-- [-0.173566637368985 + 1/(x1*(x1 + x2**2 - 2.867514254369662) + 2.3845233032677573)]
    1: S=000 R=0.555432 C=23.00 <-- [1/(x1 + 0.7231960076364675*x2**2*(1.71183027165643*x2**2 - 0.30694780078997014) - 1.4554129008991366 + 1/x1)]
    2: S=000 R=0.553044 C=19.00 <-- [1/(x1*(1.321413827954564*x1 + 0.6607069139772821*x2**2 - 3.9091012063291409) + 3.267470320182635)]
    3: S=000 R=0.531355 C=17.00 <-- [1.6357580542230732*x1/((x1 + 0.8252185557939112)**2*(x2 + 0.24957932872499886))]
    4: S=000 R=0.530934 C=15.00 <-- [1/(x2*(2.1768044540604928*x1 + 2.1768044540604928/x1))]
  Saving Pareto Front plot to ./log/regression_config_regression_DSR.json_Nguyen_10.in_normal_0.0_2023-05-30-031315/dso_regression_config_regression_DSR.json_Nguyen_10.in_normal_0.0_plot_pf.png
-- ANALYZING LOG END ----------------
== POST-PROCESS END ===================
