['add', 'log', 'add', 1, 'X_0', 'log', 'add', 1, 'pow', 'X_0', 2]
--------------------
eq_name 	 Nguyen_7
num_vars 	 1
vars_range_and_types 	 [{"name": "LogUniform", "range": [0.1, 10], "only_positive": true}]
function_set 	 ['add', 'sub', 'mul', 'div', 'sin', 'cos', 'exp', 'log', 'const']
eq_expression 	 add,log,add,1,X_0,log,add,1,pow,X_0,2
expr 	 log(X_0 + 1) + log(X_0**2 + 1)
--------------------

== EXPERIMENT SETUP START ===========
Task type            : regression
Starting seed        : 0
Runs                 : 1
== EXPERIMENT SETUP END =============

== TRAINING SEED 0 START ============
self.dataX <dso.symbolic_data_generator.DataX object at 0x2abd20458b70>, self.data_query_oracle: <dso.symbolic_equation_evaluator_public.Equation_evaluator object at 0x2abd06ca9da0>
generate dataset!
-- BUILDING PRIOR START -------------
WARNING: Skipping invalid 'RelationalConstraint' with arguments {'targets': [], 'effectors': [], 'relationship': None}. Reason: Prior disabled.
WARNING: Skipping invalid 'TrigConstraint' with arguments {}. Reason: There are no target Tokens.
WARNING: Skipping invalid 'UniformArityPrior' with arguments {}. Reason: Prior disabled.
WARNING: Skipping invalid 'LanguageModelPrior' with arguments {'weight': None}. Reason: Prior disabled.
LengthConstraint: Sequences have minimum length 4.
                  Sequences have maximum length 256.
RepeatConstraint: [const] cannot occur more than 10 times.
RelationalConstraint: [inv] cannot be a child of [inv].
ConstConstraint: [const] cannot be the only unique child of [inv, add, sub, mul, div].
NoInputsConstraint: Sequences contain at least one input variable Token.
SoftLengthPrior: No description available.
-- BUILDING PRIOR END ---------------

-- RUNNING EPOCHS START -------------
gen	iter	pop_size	nevals	uncached_size	best_val              	timer  
0  	0   	1024    	1024  	1024         	(-0.9927478518331732,)	24.9624
1  	1   	1024    	751   	595          	(-0.998191758526277,) 	19.0785
2  	2   	1024    	734   	542          	(-0.998191758526277,) 	24.5012
3  	3   	1024    	795   	566          	(-0.9999001052285105,)	33.9996
4  	4   	1024    	771   	532          	(-0.9999001052285105,)	38.8661
5  	5   	1024    	736   	496          	(-0.9999520071326735,)	52.0356
6  	6   	1024    	770   	463          	(-0.9999809451446877,)	55.6832
7  	7   	1024    	787   	495          	(-0.9999809451446877,)	58.6477
8  	8   	1024    	792   	479          	(-0.9999809451446877,)	48.5638
9  	9   	1024    	757   	395          	(-0.9999809451446877,)	39.3692

--------------------------------------------------
GP Time: 395.957

Unique expressions evaluated: 6459
Total expression evaluations: 7917
--------------------------------------------------

GP -> best program this epoch:

	Reward: 0.9999809451446877
	Count Off-policy: 1
	Count On-policy: 0
	Originally on Policy: False
	Invalid: False
	Traversal: div,sub,0.8590453040532222,add,sub,div,inv,add,mul,1.362221135041354,inv,sub,x1,-0.47188418685658107,x1,1.2738806480183893,x1,0.5870815517184086,sub,mul,0.26862474616010146,inv,sub,2.040636941766684,add,add,mul,1.9994423259536402,sub,div,add,-1.2584080540426679,x1,x1,x1,x1,x1,-0.5183920742042998
	Expression:
	                                                               0.785002897685564
	                               x₁ + 0.2719637523348136 - ───────────────────────
	                                                                 1.3622211350413
	                                                         x₁ + ──────────────────
	                                                              x₁ + 0.47188418685
	  ──────────────────────────────────────────────────────────────────────────────
	                                                            0.26862474616010146 
	  0.5183920742042998 + ─────────────────────────────────────────────────────────
	                                                                        1.999442
	                       -0.00055767404635980074⋅x₁ + 2.040636941766684 - ────────
                                                                              

	  3                                   
	  ──────                              
	  54                                  
	  ──────                              
	  658107                              
	  ────────────────────────────────────
                                    
	  ────────────────────────────────────
	  3259536402⋅(x₁ - 1.2584080540426679)
	  ────────────────────────────────────
	               x₁                     

None

--------------------------------------------------

[00:00:07:06.02] Training epoch 1/14, current best R: 1.0000

	** New best
	Reward: 0.9999809451446877
	Count Off-policy: 1
	Count On-policy: 0
	Originally on Policy: False
	Invalid: False
	Traversal: div,sub,0.8590453040532222,add,sub,div,inv,add,mul,1.362221135041354,inv,sub,x1,-0.47188418685658107,x1,1.2738806480183893,x1,0.5870815517184086,sub,mul,0.26862474616010146,inv,sub,2.040636941766684,add,add,mul,1.9994423259536402,sub,div,add,-1.2584080540426679,x1,x1,x1,x1,x1,-0.5183920742042998
	Expression:
	                                                               0.785002897685564
	                               x₁ + 0.2719637523348136 - ───────────────────────
	                                                                 1.3622211350413
	                                                         x₁ + ──────────────────
	                                                              x₁ + 0.47188418685
	  ──────────────────────────────────────────────────────────────────────────────
	                                                            0.26862474616010146 
	  0.5183920742042998 + ─────────────────────────────────────────────────────────
	                                                                        1.999442
	                       -0.00055767404635980074⋅x₁ + 2.040636941766684 - ────────
                                                                              

	  3                                   
	  ──────                              
	  54                                  
	  ──────                              
	  658107                              
	  ────────────────────────────────────
                                    
	  ────────────────────────────────────
	  3259536402⋅(x₁ - 1.2584080540426679)
	  ────────────────────────────────────
	               x₁                     

10 	0   	1024    	1024  	1016         	(-0.9986280344086734,)	24.1013
11 	1   	1024    	772   	576          	(-0.9988445301048117,)	22.4566
12 	2   	1024    	794   	561          	(-0.9992442951037898,)	24.0057
13 	3   	1024    	738   	502          	(-0.9992497285926837,)	29.8482
14 	4   	1024    	776   	487          	(-0.9996205479141372,)	34.9022
15 	5   	1024    	774   	439          	(-0.9998379186935933,)	36.7159
16 	6   	1024    	747   	417          	(-0.9998379186935933,)	48.5458
17 	7   	1024    	783   	357          	(-0.9999886281052808,)	50.9891
18 	8   	1024    	751   	328          	(-0.9999886281052808,)	43.9327
19 	9   	1024    	773   	390          	(-0.9999886281052808,)	56.3421

--------------------------------------------------
GP Time: 372.092

Unique expressions evaluated: 12413
Total expression evaluations: 15849
--------------------------------------------------

GP -> best program this epoch:

	Reward: 0.9999886281052808
	Count Off-policy: 1
	Count On-policy: 0
	Originally on Policy: False
	Invalid: False
	Traversal: inv,add,-0.6451170644561524,add,-0.6451170644957755,add,add,div,-0.5329994468718264,add,inv,add,mul,1.5576917187719999,x1,1.1099761189396533,x1,div,add,mul,div,2.8540162677689427,inv,div,add,9.45825310126474,x1,add,17.589545632770726,x1,0.6504486396796045,add,x1,x1,x1,-0.64511706284248
	Expression:
	                                                             1                  
	  ──────────────────────────────────────────────────────────────────────────────
                                                                              
	                                                                         2⋅x₁ + 
	                                      0.5329994468718264                        
	  -1.935351191794408 - ─────────────────────────────────────────────── + ───────
	                                                1                               
	                       x₁ + ──────────────────────────────────────────          
	                            1.5576917187719999⋅x₁ + 1.1099761189396533          

                                          
	  ──────────────────────────────────────────
	  1.8563909989937707⋅(x₁ + 9.45825310126474)
	  ──────────────────────────────────────────
	           x₁ + 17.589545632770726          
	  ──────────────────────────────────────────
	                   x₁                       
                                          
                                          

None

--------------------------------------------------

[00:00:13:47.34] Training epoch 2/14, current best R: 1.0000

	** New best
	Reward: 0.9999886281052808
	Count Off-policy: 1
	Count On-policy: 0
	Originally on Policy: False
	Invalid: False
	Traversal: inv,add,-0.6451170644561524,add,-0.6451170644957755,add,add,div,-0.5329994468718264,add,inv,add,mul,1.5576917187719999,x1,1.1099761189396533,x1,div,add,mul,div,2.8540162677689427,inv,div,add,9.45825310126474,x1,add,17.589545632770726,x1,0.6504486396796045,add,x1,x1,x1,-0.64511706284248
	Expression:
	                                                             1                  
	  ──────────────────────────────────────────────────────────────────────────────
                                                                              
	                                                                         2⋅x₁ + 
	                                      0.5329994468718264                        
	  -1.935351191794408 - ─────────────────────────────────────────────── + ───────
	                                                1                               
	                       x₁ + ──────────────────────────────────────────          
	                            1.5576917187719999⋅x₁ + 1.1099761189396533          

                                          
	  ──────────────────────────────────────────
	  1.8563909989937707⋅(x₁ + 9.45825310126474)
	  ──────────────────────────────────────────
	           x₁ + 17.589545632770726          
	  ──────────────────────────────────────────
	                   x₁                       
                                          
                                          

-- RUNNING EPOCHS END ---------------

-- EVALUATION START ----------------
Saving Hall of Fame to ./log/regression_config_regression_GPMELD.json_Nguyen_7.in_normal_0.0_2023-05-30-040447/dso_regression_config_regression_GPMELD.json_Nguyen_7.in_normal_0.0_0_hof.csv
Saving Pareto Front to ./log/regression_config_regression_GPMELD.json_Nguyen_7.in_normal_0.0_2023-05-30-040447/dso_regression_config_regression_GPMELD.json_Nguyen_7.in_normal_0.0_0_pf.csv
Invalid expressions: 240 of 17897 (1.3%).
Error type counts:
  reciprocal: 148 (61.7%)
  true_divide: 92 (38.3%)
Error node counts:
  divide: 240 (100.0%)
-- EVALUATION END ------------------
== TRAINING SEED 0 END ==============
INFO: Completed run 1 of 1 in 829 s

== POST-PROCESS START =================
-- LOADING LOGS START ----------------
Successfully loaded summary data
Successfully loaded Hall of Fame data
Successfully loaded Pareto Front data
-- LOADING LOGS END ------------------

-- ANALYZING LOG START --------------
Task_____________regression
Source path______./log/regression_config_regression_GPMELD.json_Nguyen_7.in_normal_0.0_2023-05-30-040447
Runs_____________1
Max Samples/run__15000
Success_rate_____0.0
Hall of Fame (Top 5 of 100)____
    0: S=000 R=0.999989 <-- [1/(-1.935351191794408 - 0.5329994468718264/(x1 + 1/(1.5576917187719999*x1 + 1.1099761189396533)) + (2*x1 + 1.8563909989937707*(x1 + 9.45825310126474)/(x1 + 17.589545632770726))/x1)]
    1: S=000 R=0.999989 <-- [1/(-1.935351191794408 - 0.5329994468718264/(x1 + 1/(1.5576917187719999*x1 + 1.1099761189396533)) + (2*x1 + 1.8563909989937707*(x1 + 9.45825310126474)/(x1 + 17.589545632770726))/x1)]
    2: S=000 R=0.999988 <-- [1/(-0.93519861411411086 - 0.5333004242942224/(x1 + 1/(1.5555466129488693*x1 + 1.1111020258148476)) + (x1 + 1.848171571667079*(x1 + 9.420235281705217)/(x1 + 17.439446805856942))/x1)]
    3: S=000 R=0.999988 <-- [1/(-0.93519861411411086 - 0.5333004242942224/(x1 + 1/(1.5555466129488693*x1 + 1.1111020258148476)) + (x1 + 1.848171571667079*(x1 + 9.420235281705217)/(x1 + 17.439446805856942))/x1)]
    4: S=000 R=0.999987 <-- [1/(-1.935062721817719 - 0.5334655812062064/(x1 + 1/(1.554119974614729*x1 + 1.1115219236082854)) + (2*x1 + 1.8409856905901067*(x1 + 9.389168118553071)/(x1 + 17.313925978757055))/x1)]
  Saving Hall of Fame plot to ./log/regression_config_regression_GPMELD.json_Nguyen_7.in_normal_0.0_2023-05-30-040447/dso_regression_config_regression_GPMELD.json_Nguyen_7.in_normal_0.0_plot_hof.png
Pareto Front (5 of 22)____
    0: S=000 R=0.999989 C=43.00 <-- [1/(-1.935351191794408 - 0.5329994468718264/(x1 + 1/(1.5576917187719999*x1 + 1.1099761189396533)) + (2*x1 + 1.8563909989937707*(x1 + 9.45825310126474)/(x1 + 17.589545632770726))/x1)]
    1: S=000 R=0.999988 C=41.00 <-- [1/(-0.93519861411411086 - 0.5333004242942224/(x1 + 1/(1.5555466129488693*x1 + 1.1111020258148476)) + (x1 + 1.848171571667079*(x1 + 9.420235281705217)/(x1 + 17.439446805856942))/x1)]
    2: S=000 R=0.999902 C=38.00 <-- [1.5000204163845305/(-0.0012055192486193009*x1 - 0.768421171058734 + 1.4981109465367414/(x1 - 0.00030444396777945824) - 1/(0.007813119603695892 - 1.098281982289189*(x1 + 0.7711524751795077 + 0.8141725647608402/x1)/x1))]
    3: S=000 R=0.999902 C=37.00 <-- [1.3261474362871368/(-0.0010808911406532014*x1 - 2.688256152863647 - 1/(-0.2211952669439158 - (x1 + 0.9475293595238746 + 0.9861757493839605/x1)/x1) + 2.0010808911406532*(x1 + 0.6636042224706544)/x1)]
    4: S=000 R=0.999901 C=36.00 <-- [1.6970901407946066/(-0.0013775651348342001*x1 - 0.8781099678527403 - 1/(0.024019218950576564 - 0.97955649994963244*(x1 + 0.756806778520225 + 0.7899387356185738/x1)/x1) + 1.698964269664535/x1)]
  Saving Pareto Front plot to ./log/regression_config_regression_GPMELD.json_Nguyen_7.in_normal_0.0_2023-05-30-040447/dso_regression_config_regression_GPMELD.json_Nguyen_7.in_normal_0.0_plot_pf.png
-- ANALYZING LOG END ----------------
== POST-PROCESS END ===================
