['add', 'sin', 'X_0', 'sin', 'pow', 'X_1', 2]
--------------------
eq_name 	 Nguyen_9
num_vars 	 2
vars_range_and_types 	 [{"name": "LogUniform", "range": [0.1, 10], "only_positive": true}, {"name": "LogUniform", "range": [0.1, 10], "only_positive": true}]
function_set 	 ['add', 'sub', 'mul', 'div', 'sin', 'cos', 'pow', 'const']
eq_expression 	 add,sin,X_0,sin,pow,X_1,2
expr 	 sin(X_0) + sin(X_1**2)
--------------------

== EXPERIMENT SETUP START ===========
Task type            : regression
Starting seed        : 0
Runs                 : 1
== EXPERIMENT SETUP END =============

== TRAINING SEED 0 START ============
self.dataX <dso.symbolic_data_generator.DataX object at 0x2b047d785b38>, self.data_query_oracle: <dso.symbolic_equation_evaluator_public.Equation_evaluator object at 0x2b0463fe7da0>
generate dataset!
-- BUILDING PRIOR START -------------
WARNING: Skipping invalid 'RelationalConstraint' with arguments {'targets': [], 'effectors': [], 'relationship': None}. Reason: Prior disabled.
WARNING: Skipping invalid 'TrigConstraint' with arguments {}. Reason: There are no target Tokens.
WARNING: Skipping invalid 'UniformArityPrior' with arguments {}. Reason: Prior disabled.
WARNING: Skipping invalid 'LanguageModelPrior' with arguments {'weight': None}. Reason: Prior disabled.
LengthConstraint: Sequences have minimum length 4.
                  Sequences have maximum length 256.
RepeatConstraint: [const] cannot occur more than 10 times.
RelationalConstraint: [inv] cannot be a child of [inv].
ConstConstraint: [const] cannot be the only unique child of [inv, add, sub, mul, div].
NoInputsConstraint: Sequences contain at least one input variable Token.
SoftLengthPrior: No description available.
-- BUILDING PRIOR END ---------------

-- RUNNING EPOCHS START -------------
[00:00:00:09.67] Training epoch 1/14, current best R: 0.5291

	** New best
	Reward: 0.5291493077910798
	Count Off-policy: False
	Count On-policy: True
	Originally on Policy: True
	Invalid: False
	Traversal: sub,x1,inv,add,0.11683982771385176,div,div,div,x1,x1,mul,add,-0.02565361181751435,x2,div,add,-1.3211498857403363,x1,x2,x1
	Expression:
	                                             1                                  
	  x₁ - ─────────────────────────────────────────────────────────────────────────
	                                                        x₂                      
	       0.11683982771385176 + ───────────────────────────────────────────────────
	                             x₁⋅(x₁ - 1.3211498857403363)⋅(x₂ - 0.02565361181751

    
	  ────
    
	  ────
	  435)

[00:00:00:19.12] Training epoch 2/14, current best R: 0.5396

	** New best
	Reward: 0.5395918646096401
	Count Off-policy: False
	Count On-policy: True
	Originally on Policy: True
	Invalid: False
	Traversal: div,mul,div,sub,x2,mul,sub,add,div,add,x1,x2,1169.0469879709055,inv,add,div,24.45757129967365,x1,x1,-0.8978650101982922,x2,0.0640690916858221,x1,x2
	Expression:
	     ⎛                      ⎛                                                   
	  x₁⋅⎜- 15.6081501030752⋅x₂⋅⎜0.0008553976104379539⋅x₁ + 0.0008553976104379539⋅x₂
	     ⎜                      ⎜                                                   
	     ⎜                      ⎜                                                   
	     ⎝                      ⎝                                                   
	  ──────────────────────────────────────────────────────────────────────────────
	                                                                           x₂   

	                                    1           ⎞                      ⎞
	   + 0.8978650101982922 + ──────────────────────⎟ + 15.6081501030752⋅x₂⎟
	                               24.45757129967365⎟                      ⎟
	                          x₁ + ─────────────────⎟                      ⎟
	                                       x₁       ⎠                      ⎠
	  ──────────────────────────────────────────────────────────────────────
                                                                      

[00:00:01:13.85] Training epoch 7/14, current best R: 0.5398

	** New best
	Reward: 0.5397853315114877
	Count Off-policy: False
	Count On-policy: True
	Originally on Policy: True
	Invalid: False
	Traversal: div,-1.182533241021514,inv,sub,add,div,inv,sub,sub,0.9348109516588787,div,div,mul,inv,mul,x2,0.3110207493679568,x2,x1,x1,1.0634564535067215,-0.7091276125617487,-0.20035953287130748,x1
	Expression:
	                                                         1.667588766921049      
	  1.182533241021514⋅x₁ + 0.2369318077758638 + ──────────────────────────────────
	                                                                    3.2152195698
	                                              -0.1286455018478428 - ────────────
	                                                                             2  
	                                                                           x₁   

     
	  ─────
	  58788
	  ─────
     
     

[00:00:01:26.01] Training epoch 8/14, current best R: 0.5710

	** New best
	Reward: 0.5710255673560243
	Count Off-policy: False
	Count On-policy: True
	Originally on Policy: True
	Invalid: False
	Traversal: mul,x1,add,sub,add,div,0.07884098594167728,inv,div,mul,x1,add,mul,add,1.9719898099542368,mul,x1,-0.1534006635192069,x1,x1,1.3958816045017555,0.9052401938823245,x1,0.9052401938822453
	Expression:
	  x₁⋅(0.056481141156537196⋅x₁⋅(x₁⋅(1.9719898099542368 - 0.1534006635192069⋅x₁) +
	   x₁) - x₁ + 1.81048038776457)

[00:00:01:54.20] Training epoch 10/14, current best R: 0.5710
[00:00:02:59.53] Ending training after epoch 14/14, current best R: 0.5710
-- RUNNING EPOCHS END ---------------

-- EVALUATION START ----------------
Saving Hall of Fame to ./log/regression_config_regression_DSR.json_Nguyen_9.in_normal_0.0_2023-05-30-041204/dso_regression_config_regression_DSR.json_Nguyen_9.in_normal_0.0_0_hof.csv
Saving Pareto Front to ./log/regression_config_regression_DSR.json_Nguyen_9.in_normal_0.0_2023-05-30-041204/dso_regression_config_regression_DSR.json_Nguyen_9.in_normal_0.0_0_pf.csv
Invalid expressions: 314 of 14336 (2.2%).
Error type counts:
  reciprocal: 205 (65.3%)
  true_divide: 109 (34.7%)
Error node counts:
  divide: 314 (100.0%)
-- EVALUATION END ------------------
== TRAINING SEED 0 END ==============
INFO: Completed run 1 of 1 in 181 s

== POST-PROCESS START =================
-- LOADING LOGS START ----------------
Successfully loaded summary data
Successfully loaded Hall of Fame data
Successfully loaded Pareto Front data
-- LOADING LOGS END ------------------

-- ANALYZING LOG START --------------
Task_____________regression
Source path______./log/regression_config_regression_DSR.json_Nguyen_9.in_normal_0.0_2023-05-30-041204
Runs_____________1
Max Samples/run__15000
Success_rate_____0.0
Hall of Fame (Top 5 of 100)____
    0: S=000 R=0.571026 <-- [x1*(0.056481141156537196*x1*(x1*(1.9719898099542368 - 0.1534006635192069*x1) + x1) - x1 + 1.81048038776457)]
    1: S=000 R=0.544470 <-- [-0.033911416471611334*x1/(-1.797675741212584 - 4.208937975673137/(0.1120243101248713*x1**2 - x1)) + 0.7142881663347342]
    2: S=000 R=0.542919 <-- [-0.041171409868201766*x1/(x1 - 11.279722105926462 + 1/(0.020360523422881648*x1 + 0.053608005748500935)) + 0.72529607138990596]
    3: S=000 R=0.542883 <-- [1/(1.373849580127789 + 1/(1.7318649353721675*x1 - 16.18198184086517 + 35.82146974761383/x1))]
    4: S=000 R=0.539785 <-- [1.182533241021514*x1 + 0.2369318077758638 + 1.667588766921049/(-0.1286455018478428 - 3.215219569858788/x1**2)]
  Saving Hall of Fame plot to ./log/regression_config_regression_DSR.json_Nguyen_9.in_normal_0.0_2023-05-30-041204/dso_regression_config_regression_DSR.json_Nguyen_9.in_normal_0.0_plot_hof.png
Pareto Front (5 of 8)____
    0: S=000 R=0.571026 C=27.00 <-- [x1*(0.056481141156537196*x1*(x1*(1.9719898099542368 - 0.1534006635192069*x1) + x1) - x1 + 1.81048038776457)]
    1: S=000 R=0.544470 C=23.00 <-- [-0.033911416471611334*x1/(-1.797675741212584 - 4.208937975673137/(0.1120243101248713*x1**2 - x1)) + 0.7142881663347342]
    2: S=000 R=0.539627 C=20.00 <-- [x1*(2.154469982606773 + 1/(-0.0220732921533259*x1 - 0.2191881556417943 - 0.6170193141466034/x1))]
    3: S=000 R=0.535049 C=19.00 <-- [-0.007780933709071514 + 0.6452579925116444/(x1*(0.6482379065539099*x1 - 1.911035178830122 + 1.9047716767639/x1))]
    4: S=000 R=0.525894 C=11.00 <-- [1/(x1 - 1.2094730520525239 + 1.0957660758393062/x1)]
  Saving Pareto Front plot to ./log/regression_config_regression_DSR.json_Nguyen_9.in_normal_0.0_2023-05-30-041204/dso_regression_config_regression_DSR.json_Nguyen_9.in_normal_0.0_plot_pf.png
-- ANALYZING LOG END ----------------
== POST-PROCESS END ===================
