['add', 'log', 'add', 1, 'X_0', 'log', 'add', 1, 'pow', 'X_0', 2]
--------------------
eq_name 	 Nguyen_7
num_vars 	 1
vars_range_and_types 	 [{"name": "LogUniform", "range": [0.1, 10], "only_positive": true}]
function_set 	 ['add', 'sub', 'mul', 'div', 'sin', 'cos', 'exp', 'log', 'const']
eq_expression 	 add,log,add,1,X_0,log,add,1,pow,X_0,2
expr 	 log(X_0 + 1) + log(X_0**2 + 1)
--------------------

== EXPERIMENT SETUP START ===========
Task type            : regression
Starting seed        : 0
Runs                 : 1
== EXPERIMENT SETUP END =============

== TRAINING SEED 0 START ============
self.dataX <dso.symbolic_data_generator.DataX object at 0x2b0733dfcc50>, self.data_query_oracle: <dso.symbolic_equation_evaluator_public.Equation_evaluator object at 0x2b071ee09d68>
generate dataset!
-- BUILDING PRIOR START -------------
WARNING: Skipping invalid 'RelationalConstraint' with arguments {'targets': [], 'effectors': [], 'relationship': None}. Reason: Prior disabled.
WARNING: Skipping invalid 'TrigConstraint' with arguments {}. Reason: There are no target Tokens.
WARNING: Skipping invalid 'UniformArityPrior' with arguments {}. Reason: Prior disabled.
WARNING: Skipping invalid 'LanguageModelPrior' with arguments {'weight': None}. Reason: Prior disabled.
LengthConstraint: Sequences have minimum length 4.
                  Sequences have maximum length 256.
RepeatConstraint: [const] cannot occur more than 10 times.
RelationalConstraint: [inv] cannot be a child of [inv].
ConstConstraint: [const] cannot be the only unique child of [inv, add, sub, mul, div].
NoInputsConstraint: Sequences contain at least one input variable Token.
SoftLengthPrior: No description available.
-- BUILDING PRIOR END ---------------

-- RUNNING EPOCHS START -------------
[00:00:00:34.82] Training epoch 1/14, current best R: 0.9969

	** New best
	Reward: 0.9969442967159916
	Count Off-policy: False
	Count On-policy: True
	Originally on Policy: True
	Invalid: False
	Traversal: sub,mul,0.21708856228412962,x1,add,-5.948812307775325,inv,div,add,mul,1.0572151216732146,x1,div,1.7433324144575189,add,mul,0.3589495089759751,x1,0.8804396363240868,11.786895991392479
	Expression:
                                                                              
	  0.21708856228412962⋅x₁ + 5.948812307775325 - ─────────────────────────────────
                                                                              
	                                               0.089694107969159863⋅x₁ + ───────
	                                                                         0.35894

	  1                                  
	  ───────────────────────────────────
	       0.1479042841924293            
	  ───────────────────────────────────
	  95089759751⋅x₁ + 0.8804396363240868

[00:00:00:55.42] Training epoch 2/14, current best R: 0.9973

	** New best
	Reward: 0.9973035199097253
	Count Off-policy: False
	Count On-policy: True
	Originally on Policy: True
	Invalid: False
	Traversal: mul,-0.06674696972604897,add,add,sub,sub,inv,sub,mul,inv,add,add,add,div,0.016770001155458444,x1,x1,0.015089060488525246,0.015089060489103604,x1,1.0085966610950792,x1,x1,-0.08038272349625751,-0.08038272349720296
	Expression:
	                                                                        0.066746
	  0.1334939394520979⋅x₁ + 0.01073060642346724 - ────────────────────────────────
	                                                                       x₁       
	                                                ────────────────────────────────
	                                                                           0.016
	                                                x₁ + 0.03017812097762885 + ─────
                                                                              

	  96972604897                         
	  ────────────────────────────────────
                                    
	  ─────────────── - 1.0085966610950792
	  770001155458444                     
	  ───────────────                     
	      x₁                              

[00:00:02:44.25] Training epoch 6/14, current best R: 0.9977

	** New best
	Reward: 0.9977495091585469
	Count Off-policy: False
	Count On-policy: True
	Originally on Policy: True
	Invalid: False
	Traversal: add,mul,sub,sub,div,6.655667031303939,add,add,add,2.516521995128764,sub,inv,add,0.14464893662261522,mul,0.35259928337234253,x1,x1,x1,x1,0.40869871510177,0.4086987151018119,x1,x1
	Expression:
	     ⎛                                                6.655667031303939         
	  x₁⋅⎜-0.8173974302035819 + ────────────────────────────────────────────────────
	     ⎜                                                                    1     
	     ⎜                      x₁ + 2.516521995128764 + ───────────────────────────
	     ⎝                                               0.35259928337234253⋅x₁ + 0.

	                   ⎞     
	  ─────────────────⎟ + x₁
	                   ⎟     
	  ─────────────────⎟     
	  14464893662261522⎠     

[00:00:03:47.22] Training epoch 8/14, current best R: 0.9985

	** New best
	Reward: 0.9985184106138622
	Count Off-policy: False
	Count On-policy: True
	Originally on Policy: True
	Invalid: False
	Traversal: div,add,mul,sub,inv,add,add,inv,sub,div,-26.9760237899493,sub,3.372261521473893,sub,sub,-1.4652068759641175,x1,3.3722617323671518,-3.3707215287971954,2.630147810639495,x1,-0.023362078923311092,x1,0.004123429799927279,0.14200904713723136
	Expression:
	                        ⎛                                                       
	  7.0418048720068063⋅x₁⋅⎜0.023362078923311092 + ────────────────────────────────
	                        ⎜                                                       
	                        ⎜                       x₁ + 2.630147810639495 + ───────
	                        ⎜                                                       
	                        ⎜                                                3.37072
	                        ⎝                                                       

	    1                                  ⎞                       
	  ─────────────────────────────────────⎟ + 0.029036388054505964
	                1                      ⎟                       
	  ─────────────────────────────────────⎟                       
	                    26.9760237899493   ⎟                       
	  15287971954 - ───────────────────────⎟                       
	                x₁ + 8.2097301298051623⎠                       

[00:00:04:50.04] Training epoch 10/14, current best R: 0.9985
[00:00:07:20.92] Training epoch 14/14, current best R: 0.9993

	** New best
	Reward: 0.999347505750516
	Count Off-policy: False
	Count On-policy: True
	Originally on Policy: True
	Invalid: False
	Traversal: inv,sub,div,div,0.0870392256083529,div,-0.02291581537781283,sub,div,sub,0.1504392456466686,inv,add,x1,2.029878239696224,x1,0.1998660613541847,add,1.2364180739804709,x1,-0.07734100415095752
	Expression:
	                                                      1                         
	  ──────────────────────────────────────────────────────────────────────────────
	                                         ⎛                               1      
	                       3.798216392187579⋅⎜0.1504392456466686 - ─────────────────
	                                         ⎝                     x₁ + 2.0298782396
	  0.7591345504774327 - ─────────────────────────────────────────────────────────
	                                                      x₁                        
	  ──────────────────────────────────────────────────────────────────────────────
	                                x₁ + 1.2364180739804709                         

                            
	  ────────────────────────────
	       ⎞                      
	  ─────⎟                      
	  96224⎠                      
	  ──────                      
                            
	  ────── + 0.07734100415095752
                            

[00:00:07:20.93] Ending training after epoch 14/14, current best R: 0.9993
-- RUNNING EPOCHS END ---------------

-- EVALUATION START ----------------
Saving Hall of Fame to ./log/regression_config_regression_VPG.json_Nguyen_7.in_normal_0.0_2023-05-30-040447/dso_regression_config_regression_VPG.json_Nguyen_7.in_normal_0.0_0_hof.csv
Saving Pareto Front to ./log/regression_config_regression_VPG.json_Nguyen_7.in_normal_0.0_2023-05-30-040447/dso_regression_config_regression_VPG.json_Nguyen_7.in_normal_0.0_0_pf.csv
Invalid expressions: 330 of 14336 (2.3%).
Error type counts:
  reciprocal: 229 (69.4%)
  true_divide: 101 (30.6%)
Error node counts:
  divide: 327 (99.1%)
  invalid: 3 (0.9%)
-- EVALUATION END ------------------
== TRAINING SEED 0 END ==============
INFO: Completed run 1 of 1 in 442 s

== POST-PROCESS START =================
-- LOADING LOGS START ----------------
Successfully loaded summary data
Successfully loaded Hall of Fame data
Successfully loaded Pareto Front data
-- LOADING LOGS END ------------------

-- ANALYZING LOG START --------------
Task_____________regression
Source path______./log/regression_config_regression_VPG.json_Nguyen_7.in_normal_0.0_2023-05-30-040447
Runs_____________1
Max Samples/run__15000
Success_rate_____0.0
Hall of Fame (Top 5 of 100)____
    0: S=000 R=0.999348 <-- [1/((0.7591345504774327 - 3.798216392187579*(0.1504392456466686 - 1/(x1 + 2.029878239696224))/x1)/(x1 + 1.2364180739804709) + 0.07734100415095752)]
    1: S=000 R=0.998518 <-- [7.0418048720068063*x1*(0.023362078923311092 + 1/(x1 + 2.630147810639495 + 1/(3.3707215287971954 - 26.9760237899493/(x1 + 8.2097301298051623)))) + 0.029036388054505964]
    2: S=000 R=0.997750 <-- [x1*(-0.8173974302035819 + 6.655667031303939/(x1 + 2.516521995128764 + 1/(0.35259928337234253*x1 + 0.14464893662261522))) + x1]
    3: S=000 R=0.997750 <-- [6.657534054546711*x1*(0.027412945786763072 + 1/(x1 + 2.5179005782014814 + 1.224220183817629/(0.4317931043839579*x1 + 0.17704372717646137)))]
    4: S=000 R=0.997749 <-- [x1*(0.18249691980068877 + 1/(x1*(0.15020768663306391 - 1.038131930969509/(x1 + 0.41039677483402676)) + 1.4162897477312708))]
  Saving Hall of Fame plot to ./log/regression_config_regression_VPG.json_Nguyen_7.in_normal_0.0_2023-05-30-040447/dso_regression_config_regression_VPG.json_Nguyen_7.in_normal_0.0_plot_hof.png
Pareto Front (5 of 11)____
    0: S=000 R=0.999348 C=27.00 <-- [1/((0.7591345504774327 - 3.798216392187579*(0.1504392456466686 - 1/(x1 + 2.029878239696224))/x1)/(x1 + 1.2364180739804709) + 0.07734100415095752)]
    1: S=000 R=0.997750 C=26.00 <-- [x1*(-0.8173974302035819 + 6.655667031303939/(x1 + 2.516521995128764 + 1/(0.35259928337234253*x1 + 0.14464893662261522))) + x1]
    2: S=000 R=0.997749 C=23.00 <-- [0.18239515375348908*x1 + 0.18239515375348908*(x1 + 0.40993537845535105)/(0.02738681907882326*x1 + 0.080234356523727969 + 0.10591697808298987/x1)]
    3: S=000 R=0.992652 C=22.00 <-- [10.685154200830833 - 1/(0.017849894490824703*x1 - 0.0060139435868066087*x1/(x1 + 0.2288575153634044) + 0.09471574761519212)]
    4: S=000 R=0.992649 C=21.00 <-- [(-x1 - 0.2393338629708299)/(x1*(0.0179033598861682*x1 - 1.9070202816537227) + 2*x1 + 0.022670345163470364) + 10.676935042902656]
  Saving Pareto Front plot to ./log/regression_config_regression_VPG.json_Nguyen_7.in_normal_0.0_2023-05-30-040447/dso_regression_config_regression_VPG.json_Nguyen_7.in_normal_0.0_plot_pf.png
-- ANALYZING LOG END ----------------
== POST-PROCESS END ===================
