['add', -1, 'mul', 'cos', 'X_0', 'sin', 'pow', 'X_0', 2]
--------------------
eq_name 	 Nguyen_5
num_vars 	 1
vars_range_and_types 	 [{"name": "LogUniform", "range": [0.1, 10], "only_positive": true}]
function_set 	 ['add', 'sub', 'mul', 'div', 'sin', 'cos', 'pow', 'const']
eq_expression 	 add,-1,mul,cos,X_0,sin,pow,X_0,2
expr 	 sin(X_0**2)*cos(X_0) - 1
--------------------

== EXPERIMENT SETUP START ===========
Task type            : regression
Starting seed        : 0
Runs                 : 1
== EXPERIMENT SETUP END =============

== TRAINING SEED 0 START ============
self.dataX <dso.symbolic_data_generator.DataX object at 0x2aba60d042e8>, self.data_query_oracle: <dso.symbolic_equation_evaluator_public.Equation_evaluator object at 0x2aba7fda6d68>
generate dataset!
-- BUILDING PRIOR START -------------
WARNING: Skipping invalid 'RelationalConstraint' with arguments {'targets': [], 'effectors': [], 'relationship': None}. Reason: Prior disabled.
WARNING: Skipping invalid 'TrigConstraint' with arguments {}. Reason: There are no target Tokens.
WARNING: Skipping invalid 'UniformArityPrior' with arguments {}. Reason: Prior disabled.
WARNING: Skipping invalid 'LanguageModelPrior' with arguments {'weight': None}. Reason: Prior disabled.
LengthConstraint: Sequences have minimum length 4.
                  Sequences have maximum length 256.
RepeatConstraint: [const] cannot occur more than 10 times.
RelationalConstraint: [inv] cannot be a child of [inv].
ConstConstraint: [const] cannot be the only unique child of [inv, add, sub, mul, div].
NoInputsConstraint: Sequences contain at least one input variable Token.
SoftLengthPrior: No description available.
-- BUILDING PRIOR END ---------------

-- RUNNING EPOCHS START -------------
[00:00:00:26.97] Training epoch 1/14, current best R: 0.5236

	** New best
	Reward: 0.5235770320425573
	Count Off-policy: False
	Count On-policy: True
	Originally on Policy: True
	Invalid: False
	Traversal: sub,inv,mul,mul,add,mul,0.0007960928680057009,add,-1410.4417177103912,mul,738.3473107464479,inv,mul,x1,x1,x1,x1,4.737429412010001,1.0294945300057445
	Expression:
	                                        0.2110849393269839               
	  -1.0294945300057445 + ─────────────────────────────────────────────────
	                           ⎛                          0.5877930281964362⎞
	                        x₁⋅⎜x₁ - 1.1228425922069525 + ──────────────────⎟
	                           ⎜                                   2        ⎟
	                           ⎝                                 x₁         ⎠

[00:00:00:54.97] Training epoch 2/14, current best R: 0.5273

	** New best
	Reward: 0.5273086156146087
	Count Off-policy: False
	Count On-policy: True
	Originally on Policy: True
	Invalid: False
	Traversal: inv,sub,mul,mul,inv,add,add,add,div,add,x1,sub,inv,mul,0.2529728126942874,x1,x1,0.25491359392269425,x1,x1,-11.112453517022459,x1,0.006474085273851343,1.178241755188203
	Expression:
	                                  1                                 
	  ──────────────────────────────────────────────────────────────────
	             0.006474085273851343⋅x₁                                
	  ────────────────────────────────────────────── - 1.178241755188203
	                              15.507191659340237                    
	  2⋅x₁ - 11.112453517022459 + ──────────────────                    
	                                      x₁                            

[00:00:01:24.86] Training epoch 3/14, current best R: 0.5302

	** New best
	Reward: 0.5301956461254728
	Count Off-policy: False
	Count On-policy: True
	Originally on Policy: True
	Invalid: False
	Traversal: div,div,add,sub,div,x1,mul,add,inv,div,x1,div,mul,add,x1,div,7.7713968715945105,x1,x1,-2.5421346208750144,2.191331825702046,22.035193528736777,x1,-43.561458495869736,7.332017239122108,7.332017622748487
	Expression:
	                                                 0.01860171655337815⋅x₁         
	  -0.01860171655337815⋅x₁ + ────────────────────────────────────────────────────
	                                                                          67.362
	                            -8.6679884486810389⋅x₁ + 48.286420865024671 - ──────
                                                                              

                                 
	  ─────────── - 0.81031790359191531
	  37831309718                      
	  ───────────                      
	    x₁                             

[00:00:03:02.31] Training epoch 6/14, current best R: 0.5376

	** New best
	Reward: 0.5375927584362125
	Count Off-policy: False
	Count On-policy: True
	Originally on Policy: True
	Invalid: False
	Traversal: inv,mul,div,add,inv,sub,inv,add,mul,div,-5.7558395614688695,inv,x1,inv,add,inv,add,x1,-2.507515096084141,-63.9067545487626,-0.03198602890011591,4.963077836049041,x1,x1,-1.188237270096832
	Expression:
	                                    -0.8415827589034536⋅x₁                      
	  ──────────────────────────────────────────────────────────────────────────────
	                                                  1                             
	  x₁ + ─────────────────────────────────────────────────────────────────────────
	                                                            1                   
	       -4.963077836049041 + ────────────────────────────────────────────────────
	                                        5.7558395614688695⋅x₁                   
	                            - ────────────────────────────────────────── - 0.031
	                                                            1                   
	                              -63.9067545487626 + ──────────────────────        
	                                                  x₁ - 2.507515096084141        

              
	  ──────────────
              
	  ──────────────
              
	  ──────────────
              
	  98602890011591
              
              
              

[00:00:05:28.92] Training epoch 10/14, current best R: 0.5376
[00:00:08:19.74] Ending training after epoch 14/14, current best R: 0.5376
-- RUNNING EPOCHS END ---------------

-- EVALUATION START ----------------
Saving Hall of Fame to ./log/regression_config_regression_VPG.json_Nguyen_5.in_normal_0.0_2023-05-30-035552/dso_regression_config_regression_VPG.json_Nguyen_5.in_normal_0.0_0_hof.csv
Saving Pareto Front to ./log/regression_config_regression_VPG.json_Nguyen_5.in_normal_0.0_2023-05-30-035552/dso_regression_config_regression_VPG.json_Nguyen_5.in_normal_0.0_0_pf.csv
Invalid expressions: 344 of 14336 (2.4%).
Error type counts:
  reciprocal: 240 (69.8%)
  true_divide: 104 (30.2%)
Error node counts:
  divide: 344 (100.0%)
-- EVALUATION END ------------------
== TRAINING SEED 0 END ==============
INFO: Completed run 1 of 1 in 501 s

== POST-PROCESS START =================
-- LOADING LOGS START ----------------
Successfully loaded summary data
Successfully loaded Hall of Fame data
Successfully loaded Pareto Front data
-- LOADING LOGS END ------------------

-- ANALYZING LOG START --------------
Task_____________regression
Source path______./log/regression_config_regression_VPG.json_Nguyen_5.in_normal_0.0_2023-05-30-035552
Runs_____________1
Max Samples/run__15000
Success_rate_____0.0
Hall of Fame (Top 5 of 100)____
    0: S=000 R=0.537593 <-- [-0.8415827589034536*x1/(x1 + 1/(-4.963077836049041 + 1/(-5.7558395614688695*x1/(-63.9067545487626 + 1/(x1 - 2.507515096084141)) - 0.03198602890011591)))]
    1: S=000 R=0.532217 <-- [-0.9037484629117607 + 2.15925761594244/(x1*(-x1 - 11.568563322064115 + 0.19436422149217855/(2.5255833414662371 - x1)) + x1 + 36.65446891046663)]
    2: S=000 R=0.532205 <-- [1/(-1.117077888887591 + 0.564575523041576/(-1.95060970848096*x1*(-1.7085463275151949 + 1/(-23.51450397603507*x1 + 149.7247323716895/x1)) - 8.6945518958398885))]
    3: S=000 R=0.532205 <-- [-0.9002596888768817 + 1/(x1*(0.03578647793132655*x1*(-x1 + 1/(2.524033784735901 - x1)) - 6.4950438960144999) + 18.714052931810351)]
    4: S=000 R=0.532205 <-- [-0.8952307751129385 - 0.04191946526803576/(0.3091639510850554*x1 - 0.90234397824787979 + 0.3091639510850554/(5.646790052626165 + 1/(2.346282435426845 - x1)))]
  Saving Hall of Fame plot to ./log/regression_config_regression_VPG.json_Nguyen_5.in_normal_0.0_2023-05-30-035552/dso_regression_config_regression_VPG.json_Nguyen_5.in_normal_0.0_plot_hof.png
Pareto Front (5 of 12)____
    0: S=000 R=0.537593 C=33.00 <-- [-0.8415827589034536*x1/(x1 + 1/(-4.963077836049041 + 1/(-5.7558395614688695*x1/(-63.9067545487626 + 1/(x1 - 2.507515096084141)) - 0.03198602890011591)))]
    1: S=000 R=0.532217 C=29.00 <-- [-0.9037484629117607 + 2.15925761594244/(x1*(-x1 - 11.568563322064115 + 0.19436422149217855/(2.5255833414662371 - x1)) + x1 + 36.65446891046663)]
    2: S=000 R=0.532205 C=23.00 <-- [-0.9002596888768817 + 1/(x1*(0.03578647793132655*x1*(-x1 + 1/(2.524033784735901 - x1)) - 6.4950438960144999) + 18.714052931810351)]
    3: S=000 R=0.532205 C=22.00 <-- [-0.8457726524681031 + 1/(-20.219604470196863 + 55.43338306914647/(x1 + 1/(31.88637089858134*x1 - 80.461257142679961)))]
    4: S=000 R=0.523577 C=21.00 <-- [-1.0294945300057445 + 0.2110849393269839/(x1*(x1 - 1.1228425922069525 + 0.5877930281964362/x1**2))]
  Saving Pareto Front plot to ./log/regression_config_regression_VPG.json_Nguyen_5.in_normal_0.0_2023-05-30-035552/dso_regression_config_regression_VPG.json_Nguyen_5.in_normal_0.0_plot_pf.png
-- ANALYZING LOG END ----------------
== POST-PROCESS END ===================
