['pow', 'X_0', 'X_1']
--------------------
eq_name 	 Nguyen_11
num_vars 	 2
vars_range_and_types 	 [{"name": "LogUniform", "range": [0.1, 10], "only_positive": true}, {"name": "LogUniform", "range": [0.1, 10], "only_positive": true}]
function_set 	 ['add', 'sub', 'mul', 'div', 'pow', 'exp', 'log']
eq_expression 	 pow,X_0,X_1
expr 	 X_0**X_1
--------------------

== EXPERIMENT SETUP START ===========
Task type            : regression
Starting seed        : 0
Runs                 : 1
== EXPERIMENT SETUP END =============

== TRAINING SEED 0 START ============
self.dataX <dso.symbolic_data_generator.DataX object at 0x2b2efc026160>, self.data_query_oracle: <dso.symbolic_equation_evaluator_public.Equation_evaluator object at 0x2b2f1b0c7da0>
generate dataset!
-- BUILDING PRIOR START -------------
WARNING: Skipping invalid 'RelationalConstraint' with arguments {'targets': [], 'effectors': [], 'relationship': None}. Reason: Prior disabled.
WARNING: Skipping invalid 'TrigConstraint' with arguments {}. Reason: There are no target Tokens.
WARNING: Skipping invalid 'UniformArityPrior' with arguments {}. Reason: Prior disabled.
WARNING: Skipping invalid 'LanguageModelPrior' with arguments {'weight': None}. Reason: Prior disabled.
LengthConstraint: Sequences have minimum length 4.
                  Sequences have maximum length 256.
RepeatConstraint: [const] cannot occur more than 10 times.
RelationalConstraint: [inv] cannot be a child of [inv].
ConstConstraint: [const] cannot be the only unique child of [inv, add, sub, mul, div].
NoInputsConstraint: Sequences contain at least one input variable Token.
SoftLengthPrior: No description available.
-- BUILDING PRIOR END ---------------

-- RUNNING EPOCHS START -------------
[00:00:00:02.40] Training epoch 1/14, current best R: 0.5015

	** New best
	Reward: 0.5015131649514861
	Count Off-policy: False
	Count On-policy: True
	Originally on Policy: True
	Invalid: False
	Traversal: add,add,div,mul,1.0000335307207207,x2,div,div,sub,1.0003272888497987,div,mul,1.000325259552216,x1,x1,x2,1.0000335307207207,x1,1.0
	Expression:
	                            2      
	  x₁ + 492814.39601865481⋅x₂  + 1.0

[00:00:00:05.16] Training epoch 3/14, current best R: 0.5394

	** New best
	Reward: 0.5394298503260262
	Count Off-policy: False
	Count On-policy: True
	Originally on Policy: True
	Invalid: False
	Traversal: mul,mul,div,mul,mul,div,x1,0.001282841789132183,x2,x1,div,add,0.9069518175579937,x2,mul,mul,x1,x1,x2,1.9988033139353512,x2
	Expression:
	                       4   3
	  1558.1058637694536⋅x₁ ⋅x₂ 
	  ──────────────────────────
	   x₂ + 0.9069518175579937  

[00:00:00:07.98] Training epoch 5/14, current best R: 0.5399

	** New best
	Reward: 0.5398967714510866
	Count Off-policy: False
	Count On-policy: True
	Originally on Policy: True
	Invalid: False
	Traversal: mul,sub,sub,mul,mul,x1,add,x2,x1,mul,sub,div,mul,x1,add,1.0931269253227236,x2,0.0015765806377362468,0.9899997932539357,x2,x2,1.0,x1
	Expression:
	  x₁⋅(x₁⋅x₂⋅(x₁ + x₂)⋅(634.28408041079498⋅x₁⋅(x₂ + 1.0931269253227236) - 0.98999
	  97932539357) - x₂ - 1.0)

[00:00:00:12.00] Training epoch 8/14, current best R: 0.5533

	** New best
	Reward: 0.5532722663239239
	Count Off-policy: False
	Count On-policy: True
	Originally on Policy: True
	Invalid: False
	Traversal: mul,x1,div,x2,div,div,mul,-8.900729745663732e-07,x2,add,x2,mul,mul,x1,div,add,x2,x2,-77.8826248254757,x2,x2
	Expression:
	        ⎛                       2                       ⎞
	  x₁⋅x₂⋅⎝28851.19467191096⋅x₁⋅x₂  - 1123503.385199603⋅x₂⎠

[00:00:00:13.35] Training epoch 9/14, current best R: 0.5586

	** New best
	Reward: 0.5585706001388316
	Count Off-policy: False
	Count On-policy: True
	Originally on Policy: True
	Invalid: False
	Traversal: sub,mul,x2,inv,mul,mul,0.17246038710314704,div,div,div,inv,x2,mul,mul,div,x1,0.17246038710314704,x1,x2,x2,x1,0.17246038710314704,x1
	Expression:
	                       3   4     
	  194.95390121520688⋅x₁ ⋅x₂  - x₁

[00:00:00:14.63] Training epoch 10/14, current best R: 0.5586
[00:00:00:19.67] Training epoch 14/14, current best R: 0.5824

	** New best
	Reward: 0.5824109488989347
	Count Off-policy: False
	Count On-policy: True
	Originally on Policy: True
	Invalid: False
	Traversal: mul,x1,mul,mul,6311.337195562999,mul,x2,add,mul,add,add,mul,x1,add,-3.1259834474578923,x2,-36.370881019372874,x1,x2,x1,x1
	Expression:
	                      2                                                         
	  6311.337195562999⋅x₁ ⋅x₂⋅(x₁ + x₂⋅(x₁⋅(x₂ - 3.1259834474578923) + x₁ - 36.3708

             
	  81019372874))

[00:00:00:19.68] Ending training after epoch 14/14, current best R: 0.5824
-- RUNNING EPOCHS END ---------------

-- EVALUATION START ----------------
Saving Hall of Fame to ./log/regression_config_regression_PQT.json_Nguyen_11.in_normal_0.0_2023-05-30-031804/dso_regression_config_regression_PQT.json_Nguyen_11.in_normal_0.0_0_hof.csv
Saving Pareto Front to ./log/regression_config_regression_PQT.json_Nguyen_11.in_normal_0.0_2023-05-30-031804/dso_regression_config_regression_PQT.json_Nguyen_11.in_normal_0.0_0_pf.csv
Invalid expressions: 372 of 14336 (2.6%).
Error type counts:
  reciprocal: 221 (59.4%)
  true_divide: 151 (40.6%)
Error node counts:
  divide: 371 (99.7%)
  invalid: 1 (0.3%)

Priority queue entry 0:
	Reward: 0.5824109488989347
	Count Off-policy: False
	Count On-policy: True
	Originally on Policy: True
	Invalid: False
	Traversal: mul,x1,mul,mul,6311.337195562999,mul,x2,add,mul,add,add,mul,x1,add,-3.1259834474578923,x2,-36.370881019372874,x1,x2,x1,x1
	Expression:
	                      2                                                         
	  6311.337195562999⋅x₁ ⋅x₂⋅(x₁ + x₂⋅(x₁⋅(x₂ - 3.1259834474578923) + x₁ - 36.3708

             
	  81019372874))


Priority queue entry 1:
	Reward: 0.5585706001388316
	Count Off-policy: False
	Count On-policy: True
	Originally on Policy: True
	Invalid: False
	Traversal: sub,mul,x2,inv,mul,mul,0.17246038710314704,div,div,div,inv,x2,mul,mul,div,x1,0.17246038710314704,x1,x2,x2,x1,0.17246038710314704,x1
	Expression:
	                       3   4     
	  194.95390121520688⋅x₁ ⋅x₂  - x₁


Priority queue entry 2:
	Reward: 0.5532722663239239
	Count Off-policy: False
	Count On-policy: True
	Originally on Policy: True
	Invalid: False
	Traversal: mul,x1,div,x2,div,div,mul,-8.900729745663732e-07,x2,add,x2,mul,mul,x1,div,add,x2,x2,-77.8826248254757,x2,x2
	Expression:
	        ⎛                       2                       ⎞
	  x₁⋅x₂⋅⎝28851.19467191096⋅x₁⋅x₂  - 1123503.385199603⋅x₂⎠


Priority queue entry 3:
	Reward: 0.5455354096240438
	Count Off-policy: False
	Count On-policy: True
	Originally on Policy: True
	Invalid: False
	Traversal: mul,1543.6863797870853,sub,mul,x1,mul,inv,div,inv,x2,div,x1,div,inv,x1,x2,x2,x1
	Expression:
	                       3   3                        
	  1543.6863797870853⋅x₁ ⋅x₂  - 1543.6863797870853⋅x₁


Priority queue entry 4:
	Reward: 0.5428173376807424
	Count Off-policy: False
	Count On-policy: True
	Originally on Policy: True
	Invalid: False
	Traversal: sub,div,1.998434349878256,inv,div,mul,x2,mul,x1,inv,div,div,div,inv,x2,x2,x2,x1,0.00142198016708861,1.0
	Expression:
	                     2   4      
	  1405.38834234931⋅x₁ ⋅x₂  - 1.0


Priority queue entry 5:
	Reward: 0.5398967714510866
	Count Off-policy: False
	Count On-policy: True
	Originally on Policy: True
	Invalid: False
	Traversal: mul,sub,sub,mul,mul,x1,add,x2,x1,mul,sub,div,mul,x1,add,1.0931269253227236,x2,0.0015765806377362468,0.9899997932539357,x2,x2,1.0,x1
	Expression:
	  x₁⋅(x₁⋅x₂⋅(x₁ + x₂)⋅(634.28408041079498⋅x₁⋅(x₂ + 1.0931269253227236) - 0.98999
	  97932539357) - x₂ - 1.0)


Priority queue entry 6:
	Reward: 0.5394298503260262
	Count Off-policy: False
	Count On-policy: True
	Originally on Policy: True
	Invalid: False
	Traversal: mul,mul,div,mul,mul,div,x1,0.001282841789132183,x2,x1,div,add,0.9069518175579937,x2,mul,mul,x1,x1,x2,1.9988033139353512,x2
	Expression:
	                       4   3
	  1558.1058637694536⋅x₁ ⋅x₂ 
	  ──────────────────────────
	   x₂ + 0.9069518175579937  


Priority queue entry 7:
	Reward: 0.513298661069104
	Count Off-policy: False
	Count On-policy: True
	Originally on Policy: True
	Invalid: False
	Traversal: mul,mul,x1,mul,1.997801778788336,x2,add,inv,mul,div,div,sub,mul,1.004152528770911,x1,x1,add,x1,x2,x1,0.00219822121166402,1.000266151448063
	Expression:
	  1.997801778788336⋅x₁⋅x₂⋅(109550.9014596443⋅x₁ + 109550.9014596443⋅x₂ + 1.00026
	  6151448063)


Priority queue entry 8:
	Reward: 0.5088839454115329
	Count Off-policy: False
	Count On-policy: True
	Originally on Policy: True
	Invalid: False
	Traversal: add,x2,mul,mul,x2,mul,div,x1,sub,inv,mul,x2,inv,x1,1.0461610375038704,72.2297968171396,x2
	Expression:
	                        2     
	  72.2297968171396⋅x₁⋅x₂      
	  ─────────────────────── + x₂
	  x₁                          
	  ── - 1.0461610375038704     
	  x₂                          


Priority queue entry 9:
	Reward: 0.5015131649514861
	Count Off-policy: False
	Count On-policy: True
	Originally on Policy: True
	Invalid: False
	Traversal: add,add,div,mul,1.0000335307207207,x2,div,div,sub,1.0003272888497987,div,mul,1.000325259552216,x1,x1,x2,1.0000335307207207,x1,1.0
	Expression:
	                            2      
	  x₁ + 492814.39601865481⋅x₂  + 1.0

-- EVALUATION END ------------------
== TRAINING SEED 0 END ==============
INFO: Completed run 1 of 1 in 21 s

== POST-PROCESS START =================
-- LOADING LOGS START ----------------
Successfully loaded summary data
Successfully loaded Hall of Fame data
Successfully loaded Pareto Front data
-- LOADING LOGS END ------------------

-- ANALYZING LOG START --------------
Task_____________regression
Source path______./log/regression_config_regression_PQT.json_Nguyen_11.in_normal_0.0_2023-05-30-031804
Runs_____________1
Max Samples/run__15000
Success_rate_____0.0
Hall of Fame (Top 5 of 100)____
    0: S=000 R=0.582411 <-- [6311.337195562999*x1**2*x2*(x1 + x2*(x1*(x2 - 3.1259834474578923) + x1 - 36.370881019372874))]
    1: S=000 R=0.558571 <-- [194.95390121520688*x1**3*x2**4 - x1]
    2: S=000 R=0.558571 <-- [194.955569176706*x1**3*x2**4]
    3: S=000 R=0.553272 <-- [x1*x2*(28851.19467191096*x1*x2**2 - 1123503.385199603*x2)]
    4: S=000 R=0.545535 <-- [1543.6863797870853*x1**3*x2**3 - 1543.6863797870853*x1]
  Saving Hall of Fame plot to ./log/regression_config_regression_PQT.json_Nguyen_11.in_normal_0.0_2023-05-30-031804/dso_regression_config_regression_PQT.json_Nguyen_11.in_normal_0.0_plot_hof.png
Pareto Front (5 of 7)____
    0: S=000 R=0.582411 C=21.00 <-- [6311.337195562999*x1**2*x2*(x1 + x2*(x1*(x2 - 3.1259834474578923) + x1 - 36.370881019372874))]
    1: S=000 R=0.542813 C=17.00 <-- [x1**2*x2**2*(1399.293942557376*x2**2 + x2 + 15.89888548854915)]
    2: S=000 R=0.500000 C=13.00 <-- [2843365.7669563116]
    3: S=000 R=0.499904 C=12.00 <-- [4653.2235753002721*x1]
    4: S=000 R=0.499902 C=9.00 <-- [x1**2*x2*(x1 + x2)]
  Saving Pareto Front plot to ./log/regression_config_regression_PQT.json_Nguyen_11.in_normal_0.0_2023-05-30-031804/dso_regression_config_regression_PQT.json_Nguyen_11.in_normal_0.0_plot_pf.png
-- ANALYZING LOG END ----------------
== POST-PROCESS END ===================
