['add', 'pow', 'add', 1, 'pow', 'X_0', -4, -1, 'pow', 'add', 1, 'pow', 'X_1', -4, -1]
--------------------
eq_name 	 Pagie_1
num_vars 	 2
vars_range_and_types 	 [{"name": "LogUniform", "range": [0.1, 10], "only_positive": true}, {"name": "LogUniform", "range": [0.1, 10], "only_positive": true}]
function_set 	 ['add', 'sub', 'mul', 'div', 'pow', 'const']
eq_expression 	 add,pow,add,1,pow,X_0,-4,-1,pow,add,1,pow,X_1,-4,-1
expr 	 1/(1 + X_1**(-4)) + 1/(1 + X_0**(-4))
--------------------

== EXPERIMENT SETUP START ===========
Task type            : regression
Starting seed        : 0
Runs                 : 1
== EXPERIMENT SETUP END =============

== TRAINING SEED 0 START ============
self.dataX <dso.symbolic_data_generator.DataX object at 0x2b004af9a3c8>, self.data_query_oracle: <dso.symbolic_equation_evaluator_public.Equation_evaluator object at 0x2b0035814d68>
generate dataset!
-- BUILDING PRIOR START -------------
WARNING: Skipping invalid 'RelationalConstraint' with arguments {'targets': [], 'effectors': [], 'relationship': None}. Reason: Prior disabled.
WARNING: Skipping invalid 'TrigConstraint' with arguments {}. Reason: There are no target Tokens.
WARNING: Skipping invalid 'UniformArityPrior' with arguments {}. Reason: Prior disabled.
WARNING: Skipping invalid 'LanguageModelPrior' with arguments {'weight': None}. Reason: Prior disabled.
LengthConstraint: Sequences have minimum length 4.
                  Sequences have maximum length 256.
RepeatConstraint: [const] cannot occur more than 10 times.
RelationalConstraint: [inv] cannot be a child of [inv].
ConstConstraint: [const] cannot be the only unique child of [inv, add, sub, mul, div].
NoInputsConstraint: Sequences contain at least one input variable Token.
SoftLengthPrior: No description available.
-- BUILDING PRIOR END ---------------

-- RUNNING EPOCHS START -------------
[00:00:00:10.28] Training epoch 1/14, current best R: 0.7338

	** New best
	Reward: 0.7338211984680658
	Count Off-policy: False
	Count On-policy: True
	Originally on Policy: True
	Invalid: False
	Traversal: inv,add,add,12.770045266292883,x1,mul,-2.5639971025553914,mul,mul,add,inv,sub,div,add,x1,div,0.0034069551894604375,x2,x1,0.9184838423356861,x1,-0.32044536392500617,-1.2162248468533254
	Expression:
	                                                  1                             
	  ──────────────────────────────────────────────────────────────────────────────
	                                                                  0.999275856204
	  0.00072414379565469925⋅x₁ + 12.770045266292883 - ─────────────────────────────
	                                                                              0.
	                                                                         x₁ + ──
                                                                              
	                                                   -0.9184838423356861 + ───────
                                                                              

                   
	  ───────────────────
	  3453               
	  ───────────────────
	  0034069551894604375
	  ───────────────────
	          x₂         
	  ───────────────────
	       x₁            

[00:00:00:48.25] Training epoch 5/14, current best R: 0.7374

	** New best
	Reward: 0.737363936128875
	Count Off-policy: False
	Count On-policy: True
	Originally on Policy: True
	Invalid: False
	Traversal: inv,div,inv,sub,-0.02547557046788767,x2,div,inv,div,add,div,inv,add,x1,0.09788761310896955,0.8413453601164426,x2,-6.252913686411797,3.2182014999960544
	Expression:
	              -x₂ - 0.02547557046788767            
	  ─────────────────────────────────────────────────
	                             0.61172537391289281   
	  -0.5146723050071083⋅x₂ - ────────────────────────
	                           x₁ + 0.09788761310896955

[00:00:01:21.71] Training epoch 8/14, current best R: 0.7398

	** New best
	Reward: 0.7398280703355733
	Count Off-policy: False
	Count On-policy: True
	Originally on Policy: True
	Invalid: False
	Traversal: sub,0.06852162684861178,mul,inv,mul,div,add,add,div,add,x1,inv,x2,x2,0.006207557515210934,0.006207557520279422,-1.9231653866459046,x2,x1
	Expression:
	                                x₁                                              
	  - ────────────────────────────────────────────────────────── + 0.0685216268486
	       ⎛                                            ⎛     1 ⎞⎞                  
	       ⎜                        0.51997608055126729⋅⎜x₁ + ──⎟⎟                  
	       ⎜                                            ⎝     x₂⎠⎟                  
	    x₂⋅⎜-0.006455562855747383 - ─────────────────────────────⎟                  
	       ⎝                                      x₂             ⎠                  

    
	  1178
    
    
    
    
    

[00:00:01:32.37] Training epoch 9/14, current best R: 0.7445

	** New best
	Reward: 0.7445337058679495
	Count Off-policy: False
	Count On-policy: True
	Originally on Policy: True
	Invalid: False
	Traversal: div,mul,div,x1,add,add,mul,add,inv,x2,sub,-0.27572896837381217,mul,add,sub,mul,0.37384094437961884,x1,x2,x1,-0.7103095543843249,1.330036975867104,x2,0.060060695104248586,1.3473575664343236,0.5358365575370398
	Expression:
	                                   2.5144935474866088⋅x₁                        
	  ──────────────────────────────────────────────────────────────────────────────
	                                                                         1.33003
	  1.2979197071530818⋅x₁ + 0.05526202835716226⋅x₂ - 0.30666902815061292 + ───────
                                                                              

          
	  ──────────
	  6975867104
	  ──────────
	   x₂       

[00:00:01:43.23] Training epoch 10/14, current best R: 0.7445
[00:00:02:38.69] Ending training after epoch 14/14, current best R: 0.7445
-- RUNNING EPOCHS END ---------------

-- EVALUATION START ----------------
Saving Hall of Fame to ./log/regression_config_regression_VPG.json_Pagie_1.in_normal_0.0_2023-05-30-041851/dso_regression_config_regression_VPG.json_Pagie_1.in_normal_0.0_0_hof.csv
Saving Pareto Front to ./log/regression_config_regression_VPG.json_Pagie_1.in_normal_0.0_2023-05-30-041851/dso_regression_config_regression_VPG.json_Pagie_1.in_normal_0.0_0_pf.csv
Invalid expressions: 366 of 14336 (2.6%).
Error type counts:
  reciprocal: 220 (60.1%)
  true_divide: 146 (39.9%)
Error node counts:
  divide: 366 (100.0%)
-- EVALUATION END ------------------
== TRAINING SEED 0 END ==============
INFO: Completed run 1 of 1 in 160 s

== POST-PROCESS START =================
-- LOADING LOGS START ----------------
Successfully loaded summary data
Successfully loaded Hall of Fame data
Successfully loaded Pareto Front data
-- LOADING LOGS END ------------------

-- ANALYZING LOG START --------------
Task_____________regression
Source path______./log/regression_config_regression_VPG.json_Pagie_1.in_normal_0.0_2023-05-30-041851
Runs_____________1
Max Samples/run__15000
Success_rate_____0.0
Hall of Fame (Top 5 of 100)____
    0: S=000 R=0.744534 <-- [2.5144935474866088*x1/(1.2979197071530818*x1 + 0.05526202835716226*x2 - 0.30666902815061292 + 1.330036975867104/x2)]
    1: S=000 R=0.739828 <-- [-x1/(x2*(-0.006455562855747383 - 0.51997608055126729*(x1 + 1/x2)/x2)) + 0.06852162684861178]
    2: S=000 R=0.739333 <-- [105.27570671989271/(x2 + 48.44410285256401 - (-x2 - 3.8733661690540075 + (x1*x2 - 53.18751835458038)/(x1 + 0.05902555048973622))/x2)]
    3: S=000 R=0.737364 <-- [(-x2 - 0.02547557046788767)/(-0.5146723050071083*x2 - 0.61172537391289281/(x1 + 0.09788761310896955))]
    4: S=000 R=0.736471 <-- [1/(0.5130740377504879 + 1/(21184.772041403868*x1*(x2 + 0.06204598821202417)/(11635.156181921331 + 1/x1) + 0.040084107577463474))]
  Saving Hall of Fame plot to ./log/regression_config_regression_VPG.json_Pagie_1.in_normal_0.0_2023-05-30-041851/dso_regression_config_regression_VPG.json_Pagie_1.in_normal_0.0_plot_hof.png
Pareto Front (5 of 10)____
    0: S=000 R=0.744534 C=29.00 <-- [2.5144935474866088*x1/(1.2979197071530818*x1 + 0.05526202835716226*x2 - 0.30666902815061292 + 1.330036975867104/x2)]
    1: S=000 R=0.739828 C=23.00 <-- [-x1/(x2*(-0.006455562855747383 - 0.51997608055126729*(x1 + 1/x2)/x2)) + 0.06852162684861178]
    2: S=000 R=0.736286 C=20.00 <-- [1/(0.5133495333444154 + 1/(1.490665035060039*x2*(1.2256975666941252*x1 + 1.0720938337874575) - 1.490665035060039*x2 + 0.04105177371822844))]
    3: S=000 R=0.733813 C=15.00 <-- [1.9377599314756369 + 1/(-0.52943882780424464*x1*x2 - 0.5352372472045084)]
    4: S=000 R=0.732927 C=13.00 <-- [2.1954658288228655/(1.1521667486718559 + 1/(x1*x2))]
  Saving Pareto Front plot to ./log/regression_config_regression_VPG.json_Pagie_1.in_normal_0.0_2023-05-30-041851/dso_regression_config_regression_VPG.json_Pagie_1.in_normal_0.0_plot_pf.png
-- ANALYZING LOG END ----------------
== POST-PROCESS END ===================
