['add', 'mul', 'X_0', 'X_1', 'add', 'mul', 'X_2', 'X_3', 'add', 'mul', 'X_4', 'X_5', 'add', 'mul', 'X_0', 'mul', 'X_6', 'X_8', 'mul', 'X_2', 'mul', 'X_5', 'X_9']
--------------------
eq_name 	 Poly_10
num_vars 	 10
vars_range_and_types 	 [{"name": "LogUniform", "range": [0.1, 10], "only_positive": true}, {"name": "LogUniform", "range": [0.1, 10], "only_positive": true}, {"name": "LogUniform", "range": [0.1, 10], "only_positive": true}, {"name": "LogUniform", "range": [0.1, 10], "only_positive": true}, {"name": "LogUniform", "range": [0.1, 10], "only_positive": true}, {"name": "LogUniform", "range": [0.1, 10], "only_positive": true}, {"name": "LogUniform", "range": [0.1, 10], "only_positive": true}, {"name": "LogUniform", "range": [0.1, 10], "only_positive": true}, {"name": "LogUniform", "range": [0.1, 10], "only_positive": true}, {"name": "LogUniform", "range": [0.1, 10], "only_positive": true}]
function_set 	 ['add', 'sub', 'mul', 'div']
eq_expression 	 add,mul,X_0,X_1,add,mul,X_2,X_3,add,mul,X_4,X_5,add,mul,X_0,mul,X_6,X_8,mul,X_2,mul,X_5,X_9
expr 	 X_0*X_1 + X_0*X_6*X_8 + X_2*X_3 + X_2*X_5*X_9 + X_4*X_5
--------------------

== EXPERIMENT SETUP START ===========
Task type            : regression
Starting seed        : 0
Runs                 : 1
== EXPERIMENT SETUP END =============

== TRAINING SEED 0 START ============
self.dataX <dso.symbolic_data_generator.DataX object at 0x2b21d7364320>, self.data_query_oracle: <dso.symbolic_equation_evaluator_public.Equation_evaluator object at 0x2b21c3044da0>
generate dataset!
-- BUILDING PRIOR START -------------
WARNING: Skipping invalid 'RelationalConstraint' with arguments {'targets': [], 'effectors': [], 'relationship': None}. Reason: Prior disabled.
WARNING: Skipping invalid 'TrigConstraint' with arguments {}. Reason: There are no target Tokens.
WARNING: Skipping invalid 'UniformArityPrior' with arguments {}. Reason: Prior disabled.
WARNING: Skipping invalid 'LanguageModelPrior' with arguments {'weight': None}. Reason: Prior disabled.
LengthConstraint: Sequences have minimum length 4.
                  Sequences have maximum length 256.
RepeatConstraint: [const] cannot occur more than 10 times.
RelationalConstraint: [inv] cannot be a child of [inv].
ConstConstraint: [const] cannot be the only unique child of [inv, add, sub, mul, div].
NoInputsConstraint: Sequences contain at least one input variable Token.
SoftLengthPrior: No description available.
-- BUILDING PRIOR END ---------------

-- RUNNING EPOCHS START -------------
gen	iter	pop_size	nevals	uncached_size	best_val              	timer  
0  	0   	1024    	1024  	1024         	(-0.5230196311810588,)	2.02656
1  	1   	1024    	771   	683          	(-0.523827397407056,) 	0.852317
2  	2   	1024    	724   	623          	(-0.5325387643086791,)	0.775989
3  	3   	1024    	774   	676          	(-0.5558023110737698,)	1.40694 
4  	4   	1024    	781   	690          	(-0.5558023110737698,)	1.59111 
5  	5   	1024    	747   	648          	(-0.5861205672396906,)	2.07333 
6  	6   	1024    	779   	708          	(-0.615838518445014,) 	2.92197 
7  	7   	1024    	772   	688          	(-0.6298325757405165,)	3.93884 
8  	8   	1024    	776   	720          	(-0.6498822680400689,)	5.40825 
9  	9   	1024    	765   	700          	(-0.7439940665353643,)	6.60309 

--------------------------------------------------
GP Time: 27.8321

Unique expressions evaluated: 8127
Total expression evaluations: 7913
--------------------------------------------------

GP -> best program this epoch:

	Reward: 0.7439940665353643
	Count Off-policy: 1
	Count On-policy: 0
	Originally on Policy: False
	Invalid: False
	Traversal: add,mul,add,add,x3,mul,mul,x6,mul,0.036648376442048325,x6,sub,mul,x10,add,0.46344333106293856,x3,inv,add,x9,x2,x1,3.5252269622784445,mul,mul,div,x9,1.141590069562963,mul,x7,1.1146075068572352,x1
	Expression:
                                                                              
	  0.97636405271459871⋅x₁⋅x₇⋅x₉ + 3.5252269622784445⋅x₁ + 3.5252269622784445⋅x₃ +
                                                                              

	                         2 ⎛                                    1   ⎞
	   0.12919384475723892⋅x₆ ⋅⎜x₁₀⋅(x₃ + 0.46344333106293856) - ───────⎟
	                           ⎝                                 x₂ + x₉⎠

None

--------------------------------------------------

[00:00:00:33.27] Training epoch 1/14, current best R: 0.7440

	** New best
	Reward: 0.7439940665353643
	Count Off-policy: 1
	Count On-policy: 0
	Originally on Policy: False
	Invalid: False
	Traversal: add,mul,add,add,x3,mul,mul,x6,mul,0.036648376442048325,x6,sub,mul,x10,add,0.46344333106293856,x3,inv,add,x9,x2,x1,3.5252269622784445,mul,mul,div,x9,1.141590069562963,mul,x7,1.1146075068572352,x1
	Expression:
                                                                              
	  0.97636405271459871⋅x₁⋅x₇⋅x₉ + 3.5252269622784445⋅x₁ + 3.5252269622784445⋅x₃ +
                                                                              

	                         2 ⎛                                    1   ⎞
	   0.12919384475723892⋅x₆ ⋅⎜x₁₀⋅(x₃ + 0.46344333106293856) - ───────⎟
	                           ⎝                                 x₂ + x₉⎠

10 	0   	1024    	1024  	1020         	(-0.5262118689300639,)	0.974828
11 	1   	1024    	763   	683          	(-0.5271959259966835,)	0.82692 
12 	2   	1024    	778   	683          	(-0.5399442324794146,)	1.16185 
13 	3   	1024    	773   	664          	(-0.5687092970599922,)	1.54784 
14 	4   	1024    	786   	684          	(-0.5687092970599922,)	1.62466 
15 	5   	1024    	759   	665          	(-0.5877223627462916,)	2.0278  
16 	6   	1024    	773   	694          	(-0.5901345272650971,)	2.43615 
17 	7   	1024    	757   	688          	(-0.6170196217860566,)	2.70247 
18 	8   	1024    	771   	713          	(-0.6283010764987687,)	3.69745 
19 	9   	1024    	752   	701          	(-0.6986322678917034,)	4.26195 

--------------------------------------------------
GP Time: 21.5017

Unique expressions evaluated: 16245
Total expression evaluations: 15849
--------------------------------------------------

GP -> best program this epoch:

	Reward: 0.6986322678917034
	Count Off-policy: 1
	Count On-policy: 0
	Originally on Policy: False
	Invalid: False
	Traversal: add,x9,add,sub,x2,mul,mul,0.7677027037436139,add,x7,x9,x1,add,mul,add,x7,mul,x9,x7,x1,add,x9,add,add,x6,mul,x3,add,add,add,-4.861016626989814,x1,add,x9,x9,mul,x10,x6,x3
	Expression:
	  -x₁⋅(0.7677027037436139⋅x₇ + 0.7677027037436139⋅x₉) + x₁⋅(x₇⋅x₉ + x₇) + x₂ + x
	  ₃⋅(x₁ + x₁₀⋅x₆ + 2⋅x₉ - 4.861016626989814) + x₃ + x₆ + 2⋅x₉

None

--------------------------------------------------

-- RUNNING EPOCHS END ---------------

-- EVALUATION START ----------------
Saving Hall of Fame to ./log/regression_config_regression_GPMELD.json_Poly_10.in_normal_0.0_2023-05-30-042119/dso_regression_config_regression_GPMELD.json_Poly_10.in_normal_0.0_0_hof.csv
Saving Pareto Front to ./log/regression_config_regression_GPMELD.json_Poly_10.in_normal_0.0_2023-05-30-042119/dso_regression_config_regression_GPMELD.json_Poly_10.in_normal_0.0_0_pf.csv
Invalid expressions: 35 of 17897 (0.2%).
Error type counts:
  reciprocal: 18 (51.4%)
  true_divide: 17 (48.6%)
Error node counts:
  divide: 35 (100.0%)
-- EVALUATION END ------------------
== TRAINING SEED 0 END ==============
INFO: Completed run 1 of 1 in 58 s

== POST-PROCESS START =================
-- LOADING LOGS START ----------------
Successfully loaded summary data
Successfully loaded Hall of Fame data
Successfully loaded Pareto Front data
-- LOADING LOGS END ------------------

-- ANALYZING LOG START --------------
Task_____________regression
Source path______./log/regression_config_regression_GPMELD.json_Poly_10.in_normal_0.0_2023-05-30-042119
Runs_____________1
Max Samples/run__15000
Success_rate_____0.0
Hall of Fame (Top 5 of 100)____
    0: S=000 R=0.743994 <-- [0.97636405271459871*x1*x7*x9 + 3.5252269622784445*x1 + 3.5252269622784445*x3 + 0.12919384475723892*x6**2*(x10*(x3 + 0.46344333106293856) - 1/(x2 + x9))]
    1: S=000 R=0.743994 <-- [0.97636405271459871*x1*x7*x9 + 3.5252269622784445*x1 + 3.5252269622784445*x3 + 0.12919384475723892*x6**2*(x10*(x3 + 0.46344333106293856) - 1/(x2 + x9))]
    2: S=000 R=0.698632 <-- [-x1*(0.7677027037436139*x7 + 0.7677027037436139*x9) + x1*(x7*x9 + x7) + x2 + x3*(x1 + x10*x6 + 2*x9 - 4.861016626989814) + x3 + x6 + 2*x9]
    3: S=000 R=0.698632 <-- [-x1*(0.7677027037436139*x7 + 0.7677027037436139*x9) + x1*(x7*x9 + x7) + x2 + x3*(x1 + x10*x6 + 2*x9 - 4.861016626989814) + x3 + x6 + 2*x9]
    4: S=000 R=0.679914 <-- [x3*(x1 + x10*x6 + 2*x9) + 1.066628353339785*x9*(x1 - 1/(x4 + x5))*(x7 - 0.36420383797029904)]
  Saving Hall of Fame plot to ./log/regression_config_regression_GPMELD.json_Poly_10.in_normal_0.0_2023-05-30-042119/dso_regression_config_regression_GPMELD.json_Poly_10.in_normal_0.0_plot_hof.png
Pareto Front (5 of 8)____
    0: S=000 R=0.743994 C=34.00 <-- [0.97636405271459871*x1*x7*x9 + 3.5252269622784445*x1 + 3.5252269622784445*x3 + 0.12919384475723892*x6**2*(x10*(x3 + 0.46344333106293856) - 1/(x2 + x9))]
    1: S=000 R=0.679914 C=27.00 <-- [x3*(x1 + x10*x6 + 2*x9) + 1.066628353339785*x9*(x1 - 1/(x4 + x5))*(x7 - 0.36420383797029904)]
    2: S=000 R=0.679504 C=21.00 <-- [0.7541453805193924*x1*(x7*x9 + x7) + x3*(x1 + x10*x6 + 2*x9)]
    3: S=000 R=0.605719 C=13.00 <-- [1.0426572886747284*x1*x7*x9 + 6.513952843794567*x3 + 8.766344630123404]
    4: S=000 R=0.583973 C=11.00 <-- [x3 + (x1 + 0.819139915097205)*(x3 + x7*x9)]
  Saving Pareto Front plot to ./log/regression_config_regression_GPMELD.json_Poly_10.in_normal_0.0_2023-05-30-042119/dso_regression_config_regression_GPMELD.json_Poly_10.in_normal_0.0_plot_pf.png
-- ANALYZING LOG END ----------------
== POST-PROCESS END ===================
