['add', 'mul', 'X_0', 'X_1', 'add', 'mul', 'X_2', 'X_3', 'add', 'mul', 'X_4', 'X_5', 'add', 'mul', 'X_0', 'mul', 'X_6', 'X_8', 'mul', 'X_2', 'mul', 'X_5', 'X_9']
--------------------
eq_name 	 Poly_10
num_vars 	 10
vars_range_and_types 	 [{"name": "LogUniform", "range": [0.1, 10], "only_positive": true}, {"name": "LogUniform", "range": [0.1, 10], "only_positive": true}, {"name": "LogUniform", "range": [0.1, 10], "only_positive": true}, {"name": "LogUniform", "range": [0.1, 10], "only_positive": true}, {"name": "LogUniform", "range": [0.1, 10], "only_positive": true}, {"name": "LogUniform", "range": [0.1, 10], "only_positive": true}, {"name": "LogUniform", "range": [0.1, 10], "only_positive": true}, {"name": "LogUniform", "range": [0.1, 10], "only_positive": true}, {"name": "LogUniform", "range": [0.1, 10], "only_positive": true}, {"name": "LogUniform", "range": [0.1, 10], "only_positive": true}]
function_set 	 ['add', 'sub', 'mul', 'div']
eq_expression 	 add,mul,X_0,X_1,add,mul,X_2,X_3,add,mul,X_4,X_5,add,mul,X_0,mul,X_6,X_8,mul,X_2,mul,X_5,X_9
expr 	 X_0*X_1 + X_0*X_6*X_8 + X_2*X_3 + X_2*X_5*X_9 + X_4*X_5
--------------------

== EXPERIMENT SETUP START ===========
Task type            : regression
Starting seed        : 0
Runs                 : 1
== EXPERIMENT SETUP END =============

== TRAINING SEED 0 START ============
self.dataX <dso.symbolic_data_generator.DataX object at 0x2ac9bf3b7780>, self.data_query_oracle: <dso.symbolic_equation_evaluator_public.Equation_evaluator object at 0x2ac9a9c52d68>
generate dataset!
-- BUILDING PRIOR START -------------
WARNING: Skipping invalid 'RelationalConstraint' with arguments {'targets': [], 'effectors': [], 'relationship': None}. Reason: Prior disabled.
WARNING: Skipping invalid 'TrigConstraint' with arguments {}. Reason: There are no target Tokens.
WARNING: Skipping invalid 'UniformArityPrior' with arguments {}. Reason: Prior disabled.
WARNING: Skipping invalid 'LanguageModelPrior' with arguments {'weight': None}. Reason: Prior disabled.
LengthConstraint: Sequences have minimum length 4.
                  Sequences have maximum length 256.
RepeatConstraint: [const] cannot occur more than 10 times.
RelationalConstraint: [inv] cannot be a child of [inv].
ConstConstraint: [const] cannot be the only unique child of [inv, add, sub, mul, div].
NoInputsConstraint: Sequences contain at least one input variable Token.
SoftLengthPrior: No description available.
-- BUILDING PRIOR END ---------------

-- RUNNING EPOCHS START -------------
[00:00:00:02.38] Training epoch 1/14, current best R: 0.5203

	** New best
	Reward: 0.5202856981986166
	Count Off-policy: False
	Count On-policy: True
	Originally on Policy: True
	Invalid: False
	Traversal: add,mul,x9,x5,mul,x6,add,7.394961966405213,x10
	Expression:
	  x₅⋅x₉ + x₆⋅(x₁₀ + 7.394961966405213)

[00:00:00:05.81] Training epoch 3/14, current best R: 0.5394

	** New best
	Reward: 0.5394233561793045
	Count Off-policy: False
	Count On-policy: True
	Originally on Policy: True
	Invalid: False
	Traversal: add,x5,mul,mul,div,add,1.8653582122704573,x10,1.302693382142308,mul,0.6620715176692292,x3,add,x5,x6
	Expression:
	  0.6620715176692292⋅x₃⋅(0.7676403470749793⋅x₁₀ + 1.4319242254864568)⋅(x₅ + x₆) 
	  + x₅

[00:00:00:14.02] Training epoch 8/14, current best R: 0.5468

	** New best
	Reward: 0.5468394626561137
	Count Off-policy: False
	Count On-policy: True
	Originally on Policy: True
	Invalid: False
	Traversal: mul,mul,x9,x1,div,x7,0.8161051483277053
	Expression:
	  1.225332301908788⋅x₁⋅x₇⋅x₉

[00:00:00:17.18] Training epoch 10/14, current best R: 0.5468
[00:00:00:25.01] Ending training after epoch 14/14, current best R: 0.5468
-- RUNNING EPOCHS END ---------------

-- EVALUATION START ----------------
Saving Hall of Fame to ./log/regression_config_regression_DSR.json_Poly_10.in_normal_0.0_2023-05-30-042115/dso_regression_config_regression_DSR.json_Poly_10.in_normal_0.0_0_hof.csv
Saving Pareto Front to ./log/regression_config_regression_DSR.json_Poly_10.in_normal_0.0_2023-05-30-042115/dso_regression_config_regression_DSR.json_Poly_10.in_normal_0.0_0_pf.csv
Invalid expressions: 90 of 14336 (0.6%).
Error type counts:
  reciprocal: 41 (45.6%)
  true_divide: 49 (54.4%)
Error node counts:
  divide: 90 (100.0%)
-- EVALUATION END ------------------
== TRAINING SEED 0 END ==============
INFO: Completed run 1 of 1 in 26 s

== POST-PROCESS START =================
-- LOADING LOGS START ----------------
Successfully loaded summary data
Successfully loaded Hall of Fame data
Successfully loaded Pareto Front data
-- LOADING LOGS END ------------------

-- ANALYZING LOG START --------------
Task_____________regression
Source path______./log/regression_config_regression_DSR.json_Poly_10.in_normal_0.0_2023-05-30-042115
Runs_____________1
Max Samples/run__15000
Success_rate_____0.0
Hall of Fame (Top 5 of 100)____
    0: S=000 R=0.546839 <-- [1.225332301908788*x1*x7*x9]
    1: S=000 R=0.539423 <-- [0.6620715176692292*x3*(0.7676403470749793*x10 + 1.4319242254864568)*(x5 + x6) + x5]
    2: S=000 R=0.533523 <-- [(x1 + x5)*(x10 + x6 + x9)]
    3: S=000 R=0.532004 <-- [6.824189551977903*x1 + x10 + 6.824189551977903*x6 + x9]
    4: S=000 R=0.529236 <-- [6.816931837509682*x1 + x4 + x5 + 6.816931837509682*x6]
  Saving Hall of Fame plot to ./log/regression_config_regression_DSR.json_Poly_10.in_normal_0.0_2023-05-30-042115/dso_regression_config_regression_DSR.json_Poly_10.in_normal_0.0_plot_hof.png
Pareto Front (3 of 3)____
    0: S=000 R=0.546839 C=8.00 <-- [1.225332301908788*x1*x7*x9]
    1: S=000 R=0.527289 C=7.00 <-- [x1*(x7 + 2.9089362628895947*x9)]
    2: S=000 R=0.526543 C=5.00 <-- [7.417744598254039*x1 + 7.417744598254039*x6]
  Saving Pareto Front plot to ./log/regression_config_regression_DSR.json_Poly_10.in_normal_0.0_2023-05-30-042115/dso_regression_config_regression_DSR.json_Poly_10.in_normal_0.0_plot_pf.png
-- ANALYZING LOG END ----------------
== POST-PROCESS END ===================
