['add', 'mul', 'X_0', 'X_1', 'add', 'mul', 'X_2', 'X_3', 'add', 'mul', 'X_4', 'X_5', 'add', 'mul', 'X_0', 'mul', 'X_6', 'X_8', 'mul', 'X_2', 'mul', 'X_5', 'X_9']
--------------------
eq_name 	 Poly_10
num_vars 	 10
vars_range_and_types 	 [{"name": "LogUniform", "range": [0.1, 10], "only_positive": true}, {"name": "LogUniform", "range": [0.1, 10], "only_positive": true}, {"name": "LogUniform", "range": [0.1, 10], "only_positive": true}, {"name": "LogUniform", "range": [0.1, 10], "only_positive": true}, {"name": "LogUniform", "range": [0.1, 10], "only_positive": true}, {"name": "LogUniform", "range": [0.1, 10], "only_positive": true}, {"name": "LogUniform", "range": [0.1, 10], "only_positive": true}, {"name": "LogUniform", "range": [0.1, 10], "only_positive": true}, {"name": "LogUniform", "range": [0.1, 10], "only_positive": true}, {"name": "LogUniform", "range": [0.1, 10], "only_positive": true}]
function_set 	 ['add', 'sub', 'mul', 'div']
eq_expression 	 add,mul,X_0,X_1,add,mul,X_2,X_3,add,mul,X_4,X_5,add,mul,X_0,mul,X_6,X_8,mul,X_2,mul,X_5,X_9
expr 	 X_0*X_1 + X_0*X_6*X_8 + X_2*X_3 + X_2*X_5*X_9 + X_4*X_5
--------------------

== EXPERIMENT SETUP START ===========
Task type            : regression
Starting seed        : 0
Runs                 : 1
== EXPERIMENT SETUP END =============

== TRAINING SEED 0 START ============
self.dataX <dso.symbolic_data_generator.DataX object at 0x2b7a2b88b358>, self.data_query_oracle: <dso.symbolic_equation_evaluator_public.Equation_evaluator object at 0x2b7a1756bda0>
generate dataset!
-- BUILDING PRIOR START -------------
WARNING: Skipping invalid 'RelationalConstraint' with arguments {'targets': [], 'effectors': [], 'relationship': None}. Reason: Prior disabled.
WARNING: Skipping invalid 'TrigConstraint' with arguments {}. Reason: There are no target Tokens.
WARNING: Skipping invalid 'UniformArityPrior' with arguments {}. Reason: Prior disabled.
WARNING: Skipping invalid 'LanguageModelPrior' with arguments {'weight': None}. Reason: Prior disabled.
LengthConstraint: Sequences have minimum length 4.
                  Sequences have maximum length 256.
RepeatConstraint: [const] cannot occur more than 10 times.
RelationalConstraint: [inv] cannot be a child of [inv].
ConstConstraint: [const] cannot be the only unique child of [inv, add, sub, mul, div].
NoInputsConstraint: Sequences contain at least one input variable Token.
SoftLengthPrior: No description available.
-- BUILDING PRIOR END ---------------

-- RUNNING EPOCHS START -------------
[00:00:00:02.39] Training epoch 1/14, current best R: 0.5145

	** New best
	Reward: 0.5144737922607857
	Count Off-policy: False
	Count On-policy: True
	Originally on Policy: True
	Invalid: False
	Traversal: add,x5,mul,add,add,x6,4.343857227883372,x6,x10
	Expression:
	  x₁₀⋅(2⋅x₆ + 4.343857227883372) + x₅

[00:00:00:04.39] Training epoch 2/14, current best R: 0.5193

	** New best
	Reward: 0.5192861993880186
	Count Off-policy: False
	Count On-policy: True
	Originally on Policy: True
	Invalid: False
	Traversal: sub,x3,mul,-6.356684491703133,add,x1,x7
	Expression:
	  6.356684491703133⋅x₁ + x₃ + 6.356684491703133⋅x₇

[00:00:00:07.16] Training epoch 4/14, current best R: 0.5286

	** New best
	Reward: 0.5286316948870418
	Count Off-policy: False
	Count On-policy: True
	Originally on Policy: True
	Invalid: False
	Traversal: sub,x7,mul,-6.836495450911958,add,x1,x3
	Expression:
	  6.836495450911958⋅x₁ + 6.836495450911958⋅x₃ + x₇

[00:00:00:08.62] Training epoch 5/14, current best R: 0.5365

	** New best
	Reward: 0.536542975105953
	Count Off-policy: False
	Count On-policy: True
	Originally on Policy: True
	Invalid: False
	Traversal: mul,add,4.460689726731104,x7,add,x3,add,0.5647628701286244,x1
	Expression:
	  (x₇ + 4.460689726731104)⋅(x₁ + x₃ + 0.5647628701286244)

[00:00:00:16.31] Training epoch 10/14, current best R: 0.5503

	** New best
	Reward: 0.5503488677371596
	Count Off-policy: False
	Count On-policy: True
	Originally on Policy: True
	Invalid: False
	Traversal: sub,mul,sub,mul,x3,x10,mul,-4.399631229906826,inv,mul,x6,x2,x6,x4
	Expression:
	           ⎛         4.399631229906826⎞
	  -x₄ + x₆⋅⎜x₁₀⋅x₃ + ─────────────────⎟
	           ⎝               x₂⋅x₆      ⎠

[00:00:00:16.32] Training epoch 10/14, current best R: 0.5503
[00:00:00:22.88] Training epoch 14/14, current best R: 0.5715

	** New best
	Reward: 0.571525485309799
	Count Off-policy: False
	Count On-policy: True
	Originally on Policy: True
	Invalid: False
	Traversal: mul,add,x1,x6,add,x9,add,x3,x10
	Expression:
	  (x₁ + x₆)⋅(x₁₀ + x₃ + x₉)

[00:00:00:22.89] Ending training after epoch 14/14, current best R: 0.5715
-- RUNNING EPOCHS END ---------------

-- EVALUATION START ----------------
Saving Hall of Fame to ./log/regression_config_regression_VPG.json_Poly_10.in_normal_0.0_2023-05-30-042122/dso_regression_config_regression_VPG.json_Poly_10.in_normal_0.0_0_hof.csv
Saving Pareto Front to ./log/regression_config_regression_VPG.json_Poly_10.in_normal_0.0_2023-05-30-042122/dso_regression_config_regression_VPG.json_Poly_10.in_normal_0.0_0_pf.csv
Invalid expressions: 110 of 14336 (0.8%).
Error type counts:
  reciprocal: 53 (48.2%)
  true_divide: 57 (51.8%)
Error node counts:
  divide: 109 (99.1%)
  invalid: 1 (0.9%)
-- EVALUATION END ------------------
== TRAINING SEED 0 END ==============
INFO: Completed run 1 of 1 in 24 s

== POST-PROCESS START =================
-- LOADING LOGS START ----------------
Successfully loaded summary data
Successfully loaded Hall of Fame data
Successfully loaded Pareto Front data
-- LOADING LOGS END ------------------

-- ANALYZING LOG START --------------
Task_____________regression
Source path______./log/regression_config_regression_VPG.json_Poly_10.in_normal_0.0_2023-05-30-042122
Runs_____________1
Max Samples/run__15000
Success_rate_____0.0
Hall of Fame (Top 5 of 100)____
    0: S=000 R=0.571525 <-- [(x1 + x6)*(x10 + x3 + x9)]
    1: S=000 R=0.550349 <-- [-x4 + x6*(x10*x3 + 4.399631229906826/(x2*x6))]
    2: S=000 R=0.542266 <-- [5.1178116181141654*x10 + 2.6888021238360595*x3*x6 + x5 + 2.6888021238360595/x4]
    3: S=000 R=0.536543 <-- [(x7 + 4.460689726731104)*(x1 + x3 + 0.5647628701286244)]
    4: S=000 R=0.535156 <-- [(x10 + 3.7047470478556876)*(1.4199859859828368*x3 + 3.2474263470656317 - 1.4199859859828368/(x1 + x6))]
  Saving Hall of Fame plot to ./log/regression_config_regression_VPG.json_Poly_10.in_normal_0.0_2023-05-30-042122/dso_regression_config_regression_VPG.json_Poly_10.in_normal_0.0_plot_hof.png
Pareto Front (3 of 3)____
    0: S=000 R=0.571525 C=9.00 <-- [(x1 + x6)*(x10 + x3 + x9)]
    1: S=000 R=0.530781 C=7.00 <-- [5.2781293677801004*x1 + 5.2781293677801004*x6 + 5.2781293677801004*x7]
    2: S=000 R=0.517907 C=5.00 <-- [x3*(x6 + 8.289947489443119)]
  Saving Pareto Front plot to ./log/regression_config_regression_VPG.json_Poly_10.in_normal_0.0_2023-05-30-042122/dso_regression_config_regression_VPG.json_Poly_10.in_normal_0.0_plot_pf.png
-- ANALYZING LOG END ----------------
== POST-PROCESS END ===================
