['mul', 'pow', 'add', 1, 'X_0', 3, 'pow', 'add', 1, 'add', 'pow', 'X_0', 2, 'mul', -1, 'X_0', -1]
--------------------
eq_name 	 R1
num_vars 	 1
vars_range_and_types 	 [{"name": "LogUniform", "range": [0.1, 10], "only_positive": true}]
function_set 	 ['add', 'sub', 'mul', 'div', 'n2', 'pow', 'const']
eq_expression 	 mul,pow,add,1,X_0,3,pow,add,1,add,pow,X_0,2,mul,-1,X_0,-1
expr 	 (X_0 + 1)**3/(X_0**2 - X_0 + 1)
--------------------

== EXPERIMENT SETUP START ===========
Task type            : regression
Starting seed        : 0
Runs                 : 1
== EXPERIMENT SETUP END =============

== TRAINING SEED 0 START ============
self.dataX <dso.symbolic_data_generator.DataX object at 0x2b05e8af7e80>, self.data_query_oracle: <dso.symbolic_equation_evaluator_public.Equation_evaluator object at 0x2b05cf2cdd68>
generate dataset!
-- BUILDING PRIOR START -------------
WARNING: Skipping invalid 'RelationalConstraint' with arguments {'targets': [], 'effectors': [], 'relationship': None}. Reason: Prior disabled.
WARNING: Skipping invalid 'TrigConstraint' with arguments {}. Reason: There are no target Tokens.
WARNING: Skipping invalid 'UniformArityPrior' with arguments {}. Reason: Prior disabled.
WARNING: Skipping invalid 'LanguageModelPrior' with arguments {'weight': None}. Reason: Prior disabled.
LengthConstraint: Sequences have minimum length 4.
                  Sequences have maximum length 256.
RepeatConstraint: [const] cannot occur more than 10 times.
RelationalConstraint: [inv] cannot be a child of [inv].
ConstConstraint: [const] cannot be the only unique child of [inv, add, sub, mul, div].
NoInputsConstraint: Sequences contain at least one input variable Token.
SoftLengthPrior: No description available.
-- BUILDING PRIOR END ---------------

-- RUNNING EPOCHS START -------------
[00:00:00:31.83] Training epoch 1/14, current best R: 0.9586

	** New best
	Reward: 0.9585943739246154
	Count Off-policy: False
	Count On-policy: True
	Originally on Policy: True
	Invalid: False
	Traversal: add,div,add,inv,div,add,sub,inv,x1,div,mul,inv,div,add,inv,add,0.8907927095355195,x1,-0.019766669198902593,0.48063040859720874,x1,x1,x1,4.980716240273967,x1,0.7829629378201531,0.4733322040201248
	Expression:
                                                                              
	  1.277199662584413⋅x₁ + 0.4733322040201248 + ──────────────────────────────────
                                                                              
	                                              0.2007743368140552⋅x₁ - ──────────
                                                                              
	                                                                      -0.0411265
                                                                              

	     1.277199662584413                                      
	  ──────────────────────────────────────────────────────────
	       0.2007743368140552                 0.2007743368140552
	  ───────────────────────────────────── + ──────────────────
	                   2.0806007737185181             x₁        
	  47229074735 + ───────────────────────                     
	                x₁ + 0.8907927095355195                     

[00:00:00:57.13] Training epoch 2/14, current best R: 0.9823

	** New best
	Reward: 0.9822500021324508
	Count Off-policy: False
	Count On-policy: True
	Originally on Policy: True
	Invalid: False
	Traversal: add,x1,sub,0.29381499182144755,div,-4.020118513235146,div,add,add,inv,sub,mul,x1,add,x1,-0.09256364751927974,-0.7413115952954542,x1,-1.0110846879355397,x1
	Expression:
	                                   4.020118513235146⋅x₁                         
	  x₁ + ─────────────────────────────────────────────────────────────────────────
	                                                         1                      
	       x₁ - 1.0110846879355397 + ───────────────────────────────────────────────
	                                 x₁⋅(x₁ - 0.09256364751927974) + 0.7413115952954

                         
	  ─── + 0.29381499182144755
                         
	  ───                      
	  542                      

[00:00:02:00.48] Training epoch 4/14, current best R: 0.9993

	** New best
	Reward: 0.999347466050369
	Count Off-policy: False
	Count On-policy: True
	Originally on Policy: True
	Invalid: False
	Traversal: add,0.9937385436169262,add,inv,add,inv,mul,mul,add,add,add,sub,inv,sub,div,0.005388212099057191,x1,0.01040573649248473,x1,21.028397451663054,21.02839744807168,21.028397446701906,x1,0.04825443412912804,0.31755442208630086,x1
	Expression:
	                                                                           1    
	  x₁ + 0.9937385436169262 + ────────────────────────────────────────────────────
	                                                                               2
	                            0.31755442208630086 + ──────────────────────────────
	                                                     ⎛                          
	                                                  x₁⋅⎜-x₁ + 63.08519234643664 + 
	                                                     ⎜                          
	                                                     ⎜                          
	                                                     ⎝                          

                                            
	  ────────────────────────────────────────────
	  0.7234841325466                             
	  ────────────────────────────────────────────
	                       1                     ⎞
	  ───────────────────────────────────────────⎟
	                         0.005388212099057191⎟
	  -0.01040573649248473 + ────────────────────⎟
	                                  x₁         ⎠

[00:00:02:29.55] Training epoch 5/14, current best R: 1.0000

	** New best
	Reward: 0.9999966144325175
	Count Off-policy: False
	Count On-policy: True
	Originally on Policy: True
	Invalid: False
	Traversal: div,add,add,inv,sub,div,add,add,mul,1.0001801939439532,mul,inv,add,x1,1.0001080562443005,div,x1,x1,x1,-0.666745799189966,x1,0.6666484511467801,x1,0.9999760439447934,0.9999861444082448
	Expression:
	                                                                        1.000013
	  1.000013855783735⋅x₁ + 0.9999898993965988 + ──────────────────────────────────
                                                                              
	                                                                    x₁ - 0.66674
                                                                              
	                                              -0.6666484511467801 + ────────────
                                                                              

	  855783735                           
	  ────────────────────────────────────
	                  1.0001801939439532  
	  5799189966 + ───────────────────────
	               x₁ + 1.0001080562443005
	  ────────────────────────────────────
	             x₁                       

[00:00:04:42.79] Training epoch 9/14, current best R: 1.0000

	** New best
	Reward: 0.9999991833117214
	Count Off-policy: False
	Count On-policy: True
	Originally on Policy: True
	Invalid: False
	Traversal: mul,add,x1,1.0000045677430147,sub,1.0000014359672524,mul,-2.9999879190893117,inv,add,mul,sub,div,1.7339918637572371,x1,1.7339924619301206,0.5767055980213789,x1
	Expression:
	  ⎛                                  2.9999879190893117             ⎞           
	  ⎜1.0000014359672524 + ────────────────────────────────────────────⎟⋅(x₁ + 1.00
	  ⎜                                               1.0000028147523228⎟           
	  ⎜                     x₁ - 1.0000031597219733 + ──────────────────⎟           
	  ⎝                                                       x₁        ⎠           

               
	  00045677430147)
               
               
               

[00:00:04:42.80] Early stopping criteria met; breaking early.
-- RUNNING EPOCHS END ---------------

-- EVALUATION START ----------------
Saving Hall of Fame to ./log/regression_config_regression_VPG.json_R1.in_normal_0.0_2023-05-30-030918/dso_regression_config_regression_VPG.json_R1.in_normal_0.0_0_hof.csv
Saving Pareto Front to ./log/regression_config_regression_VPG.json_R1.in_normal_0.0_2023-05-30-030918/dso_regression_config_regression_VPG.json_R1.in_normal_0.0_0_pf.csv
Invalid expressions: 283 of 9216 (3.1%).
Error type counts:
  reciprocal: 195 (68.9%)
  true_divide: 88 (31.1%)
Error node counts:
  divide: 282 (99.6%)
  invalid: 1 (0.4%)
-- EVALUATION END ------------------
== TRAINING SEED 0 END ==============
INFO: Completed run 1 of 1 in 284 s

== POST-PROCESS START =================
-- LOADING LOGS START ----------------
Successfully loaded summary data
Successfully loaded Hall of Fame data
Successfully loaded Pareto Front data
-- LOADING LOGS END ------------------

-- ANALYZING LOG START --------------
Task_____________regression
Source path______./log/regression_config_regression_VPG.json_R1.in_normal_0.0_2023-05-30-030918
Runs_____________1
Max Samples/run__15000
Success_rate_____1.0
Hall of Fame (Top 5 of 100)____
    0: S=000 R=0.999999 <-- [(1.0000014359672524 + 2.9999879190893117/(x1 - 1.0000031597219733 + 1.0000028147523228/x1))*(x1 + 1.0000045677430147)]
    1: S=000 R=0.999997 <-- [1.000013855783735*x1 + 0.9999898993965988 + 1.000013855783735/(-0.6666484511467801 + (x1 - 0.666745799189966 + 1.0001801939439532/(x1 + 1.0001080562443005))/x1)]
    2: S=000 R=0.999996 <-- [0.99998965835332652*x1 + 4.0001264746950245 - 5.9998051697160599/(-x1 + 1.499883284291223*x1/(0.5000157238550011 - x1) + 1.9998525149449075)]
    3: S=000 R=0.999347 <-- [x1 + 0.9937385436169262 + 1/(0.31755442208630086 + 20.7234841325466/(x1*(-x1 + 63.08519234643664 + 1/(-0.01040573649248473 + 0.005388212099057191/x1))))]
    4: S=000 R=0.998809 <-- [0.9917631732746662*x1 + 4.118629663639767 + 5.4975037036624722/(x1 - 0.6653301704426644 + 1/(x1 + 1/(-1.685360519775669*x1 - 1.076473303574128)))]
  Saving Hall of Fame plot to ./log/regression_config_regression_VPG.json_R1.in_normal_0.0_2023-05-30-030918/dso_regression_config_regression_VPG.json_R1.in_normal_0.0_plot_hof.png
Pareto Front (5 of 9)____
    0: S=000 R=0.999999 C=20.00 <-- [(1.0000014359672524 + 2.9999879190893117/(x1 - 1.0000031597219733 + 1.0000028147523228/x1))*(x1 + 1.0000045677430147)]
    1: S=000 R=0.945197 C=19.00 <-- [1.285476918859952*x1 - 0.001120960636510747 + 20.4808043347157/(x1 + 2.2222862057165417/x1)]
    2: S=000 R=0.862602 C=16.00 <-- [-1.7423661264977601 - 12.021060716843705/(0.026132690536250773*x1 + (-x1 - 0.39836747789609794)/x1)]
    3: S=000 R=0.848700 C=12.00 <-- [16.93438729167054/(-0.036291784464409574*x1 + 1.5170469819856376 + 1/x1)]
    4: S=000 R=0.835672 C=10.00 <-- [1/(0.07745534161657909 - 0.06176638982016873/(0.03447383326391153 - x1))]
  Saving Pareto Front plot to ./log/regression_config_regression_VPG.json_R1.in_normal_0.0_2023-05-30-030918/dso_regression_config_regression_VPG.json_R1.in_normal_0.0_plot_pf.png
-- ANALYZING LOG END ----------------
== POST-PROCESS END ===================
