['mul', 'pow', 'add', 1, 'X_0', 3, 'pow', 'add', 1, 'add', 'pow', 'X_0', 2, 'mul', -1, 'X_0', -1]
--------------------
eq_name 	 R1
num_vars 	 1
vars_range_and_types 	 [{"name": "LogUniform", "range": [0.1, 10], "only_positive": true}]
function_set 	 ['add', 'sub', 'mul', 'div', 'n2', 'pow', 'const']
eq_expression 	 mul,pow,add,1,X_0,3,pow,add,1,add,pow,X_0,2,mul,-1,X_0,-1
expr 	 (X_0 + 1)**3/(X_0**2 - X_0 + 1)
--------------------

== EXPERIMENT SETUP START ===========
Task type            : regression
Starting seed        : 0
Runs                 : 1
== EXPERIMENT SETUP END =============

== TRAINING SEED 0 START ============
self.dataX <dso.symbolic_data_generator.DataX object at 0x2b6bbbfadd30>, self.data_query_oracle: <dso.symbolic_equation_evaluator_public.Equation_evaluator object at 0x2b6ba6f86d68>
generate dataset!
-- BUILDING PRIOR START -------------
WARNING: Skipping invalid 'RelationalConstraint' with arguments {'targets': [], 'effectors': [], 'relationship': None}. Reason: Prior disabled.
WARNING: Skipping invalid 'TrigConstraint' with arguments {}. Reason: There are no target Tokens.
WARNING: Skipping invalid 'UniformArityPrior' with arguments {}. Reason: Prior disabled.
WARNING: Skipping invalid 'LanguageModelPrior' with arguments {'weight': None}. Reason: Prior disabled.
LengthConstraint: Sequences have minimum length 4.
                  Sequences have maximum length 256.
RepeatConstraint: [const] cannot occur more than 10 times.
RelationalConstraint: [inv] cannot be a child of [inv].
ConstConstraint: [const] cannot be the only unique child of [inv, add, sub, mul, div].
NoInputsConstraint: Sequences contain at least one input variable Token.
SoftLengthPrior: No description available.
-- BUILDING PRIOR END ---------------

-- RUNNING EPOCHS START -------------
[00:00:00:29.76] Training epoch 1/14, current best R: 1.0000

	** New best
	Reward: 0.9999994392496934
	Count Off-policy: False
	Count On-policy: True
	Originally on Policy: True
	Invalid: False
	Traversal: sub,add,sub,add,x1,div,-6.0000013793242655,add,sub,mul,div,mul,inv,div,sub,0.5000001359606872,x1,0.8660259579637996,x1,x1,0.866025849392723,x1,0.4999979095498132,-0.6670550595308123,2.6658908296740296,-0.6670550595313381
	Expression:
	                                                   6.0000013793242655           
	  x₁ + 4.00000094873618 - ──────────────────────────────────────────────────────
	                                                                0.86602584939272
	                          -x₁ + 0.4999979095498132 + ───────────────────────────
	                                                     0.5773500567307331 - 1.1546

             
	  ─────────────
	  3            
	  ─────────────
	  9979947391⋅x₁

[00:00:00:29.94] Early stopping criteria met; breaking early.
-- RUNNING EPOCHS END ---------------

-- EVALUATION START ----------------
Saving Hall of Fame to ./log/regression_config_regression_PQT.json_R1.in_normal_0.0_2023-05-30-030919/dso_regression_config_regression_PQT.json_R1.in_normal_0.0_0_hof.csv
Saving Pareto Front to ./log/regression_config_regression_PQT.json_R1.in_normal_0.0_2023-05-30-030919/dso_regression_config_regression_PQT.json_R1.in_normal_0.0_0_pf.csv
Invalid expressions: 41 of 1024 (4.0%).
Error type counts:
  reciprocal: 28 (68.3%)
  true_divide: 13 (31.7%)
Error node counts:
  divide: 41 (100.0%)

Priority queue entry 0:
	Reward: 0.9999994392496934
	Count Off-policy: False
	Count On-policy: True
	Originally on Policy: True
	Invalid: False
	Traversal: sub,add,sub,add,x1,div,-6.0000013793242655,add,sub,mul,div,mul,inv,div,sub,0.5000001359606872,x1,0.8660259579637996,x1,x1,0.866025849392723,x1,0.4999979095498132,-0.6670550595308123,2.6658908296740296,-0.6670550595313381
	Expression:
	                                                   6.0000013793242655           
	  x₁ + 4.00000094873618 - ──────────────────────────────────────────────────────
	                                                                0.86602584939272
	                          -x₁ + 0.4999979095498132 + ───────────────────────────
	                                                     0.5773500567307331 - 1.1546

             
	  ─────────────
	  3            
	  ─────────────
	  9979947391⋅x₁

-- EVALUATION END ------------------
== TRAINING SEED 0 END ==============
INFO: Completed run 1 of 1 in 32 s

== POST-PROCESS START =================
-- LOADING LOGS START ----------------
Successfully loaded summary data
Successfully loaded Hall of Fame data
Successfully loaded Pareto Front data
-- LOADING LOGS END ------------------

-- ANALYZING LOG START --------------
Task_____________regression
Source path______./log/regression_config_regression_PQT.json_R1.in_normal_0.0_2023-05-30-030919
Runs_____________1
Max Samples/run__15000
Success_rate_____1.0
Hall of Fame (Top 5 of 100)____
    0: S=000 R=0.999999 <-- [x1 + 4.00000094873618 - 6.0000013793242655/(-x1 + 0.4999979095498132 + 0.866025849392723/(0.5773500567307331 - 1.15469979947391*x1))]
    1: S=000 R=0.971709 <-- [1.1761014587759326*x1 + 2.1312428387111224 + 0.10821589268890627/(x1*(x1/(x1 - 0.01280985209997699/x1**2) - 0.9898576791438487))]
    2: S=000 R=0.945475 <-- [x1 + 1/(0.2911062137723217 + 0.8426787685931398*(x1 - 0.3977249416623252)/(x1*(-x1 - 2.5188870925721045)))]
    3: S=000 R=0.944892 <-- [x1*(-1.3344350716806712 + 2.6202087241268615*(x1 + 1/(x1*(0.12818847796648694 + 0.2839757133351805/x1**2)))/x1)]
    4: S=000 R=0.942762 <-- [x1 - 3.051214558771519*x1/(-x1 + 1.1372190545256022 - 0.6791069884987907/x1) + 1.6141624773365373]
  Saving Hall of Fame plot to ./log/regression_config_regression_PQT.json_R1.in_normal_0.0_2023-05-30-030919/dso_regression_config_regression_PQT.json_R1.in_normal_0.0_plot_hof.png
Pareto Front (5 of 9)____
    0: S=000 R=0.999999 C=30.00 <-- [x1 + 4.00000094873618 - 6.0000013793242655/(-x1 + 0.4999979095498132 + 0.866025849392723/(0.5773500567307331 - 1.15469979947391*x1))]
    1: S=000 R=0.971709 C=27.00 <-- [1.1761014587759326*x1 + 2.1312428387111224 + 0.10821589268890627/(x1*(x1/(x1 - 0.01280985209997699/x1**2) - 0.9898576791438487))]
    2: S=000 R=0.945475 C=22.00 <-- [x1 + 1/(0.2911062137723217 + 0.8426787685931398*(x1 - 0.3977249416623252)/(x1*(-x1 - 2.5188870925721045)))]
    3: S=000 R=0.834565 C=20.00 <-- [-0.570622494079674 + 1/(0.07430121475701909 + 0.05667184820597318/x1)]
    4: S=000 R=0.818462 C=14.00 <-- [1/(-x1/(x1 + 0.08094318194137894) + 1.073329995251134)]
  Saving Pareto Front plot to ./log/regression_config_regression_PQT.json_R1.in_normal_0.0_2023-05-30-030919/dso_regression_config_regression_PQT.json_R1.in_normal_0.0_plot_pf.png
-- ANALYZING LOG END ----------------
== POST-PROCESS END ===================
