['mul', 'pow', 'add', 1, 'X_0', 3, 'pow', 'add', 1, 'add', 'pow', 'X_0', 2, 'mul', -1, 'X_0', -1]
--------------------
eq_name 	 R1
num_vars 	 1
vars_range_and_types 	 [{"name": "LogUniform", "range": [0.1, 10], "only_positive": true}]
function_set 	 ['add', 'sub', 'mul', 'div', 'n2', 'pow', 'const']
eq_expression 	 mul,pow,add,1,X_0,3,pow,add,1,add,pow,X_0,2,mul,-1,X_0,-1
expr 	 (X_0 + 1)**3/(X_0**2 - X_0 + 1)
--------------------

== EXPERIMENT SETUP START ===========
Task type            : regression
Starting seed        : 0
Runs                 : 1
== EXPERIMENT SETUP END =============

== TRAINING SEED 0 START ============
self.dataX <dso.symbolic_data_generator.DataX object at 0x2b24cd545b38>, self.data_query_oracle: <dso.symbolic_equation_evaluator_public.Equation_evaluator object at 0x2b24b3ddcd68>
generate dataset!
-- BUILDING PRIOR START -------------
WARNING: Skipping invalid 'RelationalConstraint' with arguments {'targets': [], 'effectors': [], 'relationship': None}. Reason: Prior disabled.
WARNING: Skipping invalid 'TrigConstraint' with arguments {}. Reason: There are no target Tokens.
WARNING: Skipping invalid 'UniformArityPrior' with arguments {}. Reason: Prior disabled.
WARNING: Skipping invalid 'LanguageModelPrior' with arguments {'weight': None}. Reason: Prior disabled.
LengthConstraint: Sequences have minimum length 4.
                  Sequences have maximum length 256.
RepeatConstraint: [const] cannot occur more than 10 times.
RelationalConstraint: [inv] cannot be a child of [inv].
ConstConstraint: [const] cannot be the only unique child of [inv, add, sub, mul, div].
NoInputsConstraint: Sequences contain at least one input variable Token.
SoftLengthPrior: No description available.
-- BUILDING PRIOR END ---------------

-- RUNNING EPOCHS START -------------
[00:00:00:27.89] Training epoch 1/14, current best R: 0.9452

	** New best
	Reward: 0.9452497790150842
	Count Off-policy: False
	Count On-policy: True
	Originally on Policy: True
	Invalid: False
	Traversal: div,10.073570856422448,sub,inv,x1,sub,mul,div,0.3406819568544749,sub,div,div,add,sub,mul,5.6674501593786655,x1,11.35260697370781,x1,2.099016162564809,x1,x1,x1,0.1691227563203821
	Expression:
	                              10.073570856422448                           
	  ─────────────────────────────────────────────────────────────────────────
	                0.3406819568544749⋅x₁                                    1 
	  - ───────────────────────────────────────────── + 0.1691227563203821 + ──
	          3.17646442094645⋅x₁ - 5.408537188125291                        x₁
	    -x₁ + ───────────────────────────────────────                          
	                             x₁                                            

[00:00:00:54.77] Training epoch 2/14, current best R: 0.9819

	** New best
	Reward: 0.9819008621250621
	Count Off-policy: False
	Count On-policy: True
	Originally on Policy: True
	Invalid: False
	Traversal: mul,div,sub,add,inv,mul,0.06009461938327301,mul,add,add,x1,mul,2.093581085663119,inv,mul,sub,x1,0.7214914809038498,x1,x1,x1,x1,-6.42280122790096,2.3930516481509176,2.1049373224232606
	Expression:
	                                                          14.636980958637446    
	  0.87960379962953182⋅x₁ + 5.649520364326907 + ─────────────────────────────────
	                                                  ⎛            2.093581085663119
	                                               x₁⋅⎜2⋅x₁ + ──────────────────────
	                                                  ⎝       x₁⋅(x₁ - 0.72149148090

       
	  ───────
	        ⎞
	  ──────⎟
	  38498)⎠

[00:00:03:02.20] Training epoch 6/14, current best R: 1.0000

	** New best
	Reward: 0.9999970401256281
	Count Off-policy: False
	Count On-policy: True
	Originally on Policy: True
	Invalid: False
	Traversal: add,sub,4.000001850220928,inv,sub,add,0.33333681988071795,div,add,mul,inv,add,inv,mul,0.2726027913071317,add,x1,0.4097174305690797,-4.032386606837226,x1,x1,0.9024108496946435,x1,x1
	Expression:
                                                                              
	  x₁ + 4.000001850220928 - ─────────────────────────────────────────────────────
	                                                                         1.10814
	                           0.1081427049978162⋅x₁ + ─────────────────────────────
                                                                              
	                                                   -4.032386606837226 + ────────
	                                                                        0.272602

	   1                                                      
	  ────────────────────────────────────────────────────────
	  2704997816⋅x₁                                           
	  ────────────────────────────────── + 0.33333681988071795
	              1                                           
	  ──────────────────────────────────                      
	  7913071317⋅x₁ + 0.1116901152203171                      

[00:00:04:12.01] Training epoch 8/14, current best R: 1.0000

	** New best
	Reward: 0.9999998449556099
	Count Off-policy: False
	Count On-policy: True
	Originally on Policy: True
	Invalid: False
	Traversal: sub,sub,add,inv,div,add,div,add,-0.5000004802514204,x1,1.3470455329128315,div,inv,add,-0.5000000533272038,x1,1.796059909794224,4.454192345408856,x1,-1.9999998843938764,-1.9999998843938516
	Expression:
	                                                             1                  
	  x₁ + 3.999999768787728 + ─────────────────────────────────────────────────────
	                                                                            0.12
	                           0.16666666939951318⋅x₁ - 0.0833334147416613 + ───────
	                                                                         x₁ - 0.

                
	  ────────────────
	  50000577796962  
	  ────────────────
	  5000000533272038

[00:00:04:12.03] Early stopping criteria met; breaking early.
-- RUNNING EPOCHS END ---------------

-- EVALUATION START ----------------
Saving Hall of Fame to ./log/regression_config_regression_DSR.json_R1.in_normal_0.0_2023-05-30-030910/dso_regression_config_regression_DSR.json_R1.in_normal_0.0_0_hof.csv
Saving Pareto Front to ./log/regression_config_regression_DSR.json_R1.in_normal_0.0_2023-05-30-030910/dso_regression_config_regression_DSR.json_R1.in_normal_0.0_0_pf.csv
Invalid expressions: 219 of 8192 (2.7%).
Error type counts:
  true_divide: 69 (31.5%)
  reciprocal: 150 (68.5%)
Error node counts:
  divide: 218 (99.5%)
  invalid: 1 (0.5%)
-- EVALUATION END ------------------
== TRAINING SEED 0 END ==============
INFO: Completed run 1 of 1 in 253 s

== POST-PROCESS START =================
-- LOADING LOGS START ----------------
Successfully loaded summary data
Successfully loaded Hall of Fame data
Successfully loaded Pareto Front data
-- LOADING LOGS END ------------------

-- ANALYZING LOG START --------------
Task_____________regression
Source path______./log/regression_config_regression_DSR.json_R1.in_normal_0.0_2023-05-30-030910
Runs_____________1
Max Samples/run__15000
Success_rate_____1.0
Hall of Fame (Top 5 of 100)____
    0: S=000 R=1.000000 <-- [x1 + 3.999999768787728 + 1/(0.16666666939951318*x1 - 0.0833334147416613 + 0.1250000577796962/(x1 - 0.5000000533272038))]
    1: S=000 R=0.999997 <-- [x1 + 4.000001850220928 - 1/(0.1081427049978162*x1 + 1.108142704997816*x1/(-4.032386606837226 + 1/(0.2726027913071317*x1 + 0.1116901152203171)) + 0.33333681988071795)]
    2: S=000 R=0.999992 <-- [x1/(1.0000067103318462 - 3.0073270911658287/(x1 + 1.0121677092263346 + 2.9830374711381773/(x1 + 0.9935529675496064 + 0.0007985818048800184/x1))) + 0.9927578825895063]
    3: S=000 R=0.988807 <-- [x1*(0.847140599801941 + 9.6669969037539135/(x1*(1.7268125774578278 + (1.936697019810865 - 8.280162914932248/(x1 + 2.8531490034110933/x1))/x1))) + 0.776426583687968]
    4: S=000 R=0.981901 <-- [0.87960379962953182*x1 + 5.649520364326907 + 14.636980958637446/(x1*(2*x1 + 2.093581085663119/(x1*(x1 - 0.7214914809038498))))]
  Saving Hall of Fame plot to ./log/regression_config_regression_DSR.json_R1.in_normal_0.0_2023-05-30-030910/dso_regression_config_regression_DSR.json_R1.in_normal_0.0_plot_hof.png
Pareto Front (5 of 14)____
    0: S=000 R=1.000000 C=26.00 <-- [x1 + 3.999999768787728 + 1/(0.16666666939951318*x1 - 0.0833334147416613 + 0.1250000577796962/(x1 - 0.5000000533272038))]
    1: S=000 R=0.958516 C=22.00 <-- [x1/(x1/(x1 + 6.7411789473066595 + 32.79317199791967/x1**2) + 0.10266680879620817)]
    2: S=000 R=0.949504 C=21.00 <-- [1.3240711762296344*x1 - 8.430510200410996/(-0.4783234571162471*x1 + 0.16671062807513823 - 1/x1)]
    3: S=000 R=0.859282 C=20.00 <-- [0.3778277910593895*x1 + 9.965778688690451 - 4.6708843897318428/(x1 + 0.4019258423458005)]
    4: S=000 R=0.859282 C=19.00 <-- [-1.6554745883779323 + (x1 + 31.159604467801394)/(-2.07458804431422 + 4.721269614011806*(x1 + 0.2253136072086293)/x1)]
  Saving Pareto Front plot to ./log/regression_config_regression_DSR.json_R1.in_normal_0.0_2023-05-30-030910/dso_regression_config_regression_DSR.json_R1.in_normal_0.0_plot_pf.png
-- ANALYZING LOG END ----------------
== POST-PROCESS END ===================
