['mul', 'pow', 'add', 1, 'X_0', 3, 'pow', 'add', 1, 'add', 'pow', 'X_0', 2, 'mul', -1, 'X_0', -1]
--------------------
eq_name 	 R1a
num_vars 	 1
vars_range_and_types 	 [{"name": "LogUniform", "range": [0.1, 10], "only_positive": true}]
function_set 	 ['add', 'sub', 'mul', 'div', 'pow', 'const']
eq_expression 	 mul,pow,add,1,X_0,3,pow,add,1,add,pow,X_0,2,mul,-1,X_0,-1
expr 	 (X_0 + 1)**3/(X_0**2 - X_0 + 1)
--------------------

== EXPERIMENT SETUP START ===========
Task type            : regression
Starting seed        : 0
Runs                 : 1
== EXPERIMENT SETUP END =============

== TRAINING SEED 0 START ============
self.dataX <dso.symbolic_data_generator.DataX object at 0x2b8041c5e3c8>, self.data_query_oracle: <dso.symbolic_equation_evaluator_public.Equation_evaluator object at 0x2b80284cad68>
generate dataset!
-- BUILDING PRIOR START -------------
WARNING: Skipping invalid 'RelationalConstraint' with arguments {'targets': [], 'effectors': [], 'relationship': None}. Reason: Prior disabled.
WARNING: Skipping invalid 'TrigConstraint' with arguments {}. Reason: There are no target Tokens.
WARNING: Skipping invalid 'UniformArityPrior' with arguments {}. Reason: Prior disabled.
WARNING: Skipping invalid 'LanguageModelPrior' with arguments {'weight': None}. Reason: Prior disabled.
LengthConstraint: Sequences have minimum length 4.
                  Sequences have maximum length 256.
RepeatConstraint: [const] cannot occur more than 10 times.
RelationalConstraint: [inv] cannot be a child of [inv].
ConstConstraint: [const] cannot be the only unique child of [inv, add, sub, mul, div].
NoInputsConstraint: Sequences contain at least one input variable Token.
SoftLengthPrior: No description available.
-- BUILDING PRIOR END ---------------

-- RUNNING EPOCHS START -------------
[00:00:00:24.45] Training epoch 1/14, current best R: 1.0000

	** New best
	Reward: 0.9999944935098996
	Count Off-policy: False
	Count On-policy: True
	Originally on Policy: True
	Invalid: False
	Traversal: div,add,add,inv,add,mul,add,mul,inv,div,mul,x1,add,0.747185644429658,sub,x1,1.247182667519485,0.35355158578796947,0.35355158578797,0.16666530736273408,x1,-0.08333192287007297,3.999975260491228,x1,0.9999977593430924
	Expression:
	                                                                          1.0000
	  1.000002240661928⋅x₁ + 3.999984223083508 + ───────────────────────────────────
	                                                ⎛                          0.124
	                                             x₁⋅⎜0.16666530736273408 + ─────────
	                                                ⎝                      x₁⋅(x₁ - 

	  02240661928                              
	  ─────────────────────────────────────────
	  99872381318813    ⎞                      
	  ──────────────────⎟ - 0.08333192287007297
	  0.499997023089827)⎠                      

[00:00:00:51.48] Training epoch 2/14, current best R: 1.0000

	** New best
	Reward: 0.9999995461851706
	Count Off-policy: False
	Count On-policy: True
	Originally on Policy: True
	Invalid: False
	Traversal: add,3.9999999552283834,add,div,div,-2.9999984733733283,sub,inv,x1,sub,inv,div,sub,mul,0.6666665715127955,x1,0.3333331774049862,x1,0.9999998389484435,x1,x1
	Expression:
	                                                         2.9999984733733283     
	  x₁ + 3.9999999552283834 - ────────────────────────────────────────────────────
	                               ⎛                      x₁                        
	                            x₁⋅⎜- ────────────────────────────────────────── + 0
	                               ⎝  0.6666665715127955⋅x₁ - 0.3333331774049862    

                       
	  ───────────────────────
	                      1 ⎞
	  .9999998389484435 + ──⎟
	                      x₁⎠

[00:00:00:51.50] Early stopping criteria met; breaking early.
-- RUNNING EPOCHS END ---------------

-- EVALUATION START ----------------
Saving Hall of Fame to ./log/regression_config_regression_VPG.json_R1a.in_normal_0.0_2023-05-30-030355/dso_regression_config_regression_VPG.json_R1a.in_normal_0.0_0_hof.csv
Saving Pareto Front to ./log/regression_config_regression_VPG.json_R1a.in_normal_0.0_2023-05-30-030355/dso_regression_config_regression_VPG.json_R1a.in_normal_0.0_0_pf.csv
Invalid expressions: 75 of 2048 (3.7%).
Error type counts:
  true_divide: 33 (44.0%)
  reciprocal: 42 (56.0%)
Error node counts:
  divide: 74 (98.7%)
  invalid: 1 (1.3%)
-- EVALUATION END ------------------
== TRAINING SEED 0 END ==============
INFO: Completed run 1 of 1 in 53 s

== POST-PROCESS START =================
-- LOADING LOGS START ----------------
Successfully loaded summary data
Successfully loaded Hall of Fame data
Successfully loaded Pareto Front data
-- LOADING LOGS END ------------------

-- ANALYZING LOG START --------------
Task_____________regression
Source path______./log/regression_config_regression_VPG.json_R1a.in_normal_0.0_2023-05-30-030355
Runs_____________1
Max Samples/run__15000
Success_rate_____1.0
Hall of Fame (Top 5 of 100)____
    0: S=000 R=1.000000 <-- [x1 + 3.9999999552283834 - 2.9999984733733283/(x1*(-x1/(0.6666665715127955*x1 - 0.3333331774049862) + 0.9999998389484435 + 1/x1))]
    1: S=000 R=0.999994 <-- [1.000002240661928*x1 + 3.999984223083508 + 1.000002240661928/(x1*(0.16666530736273408 + 0.12499872381318813/(x1*(x1 - 0.499997023089827))) - 0.08333192287007297)]
    2: S=000 R=0.957280 <-- [9.947975612625207*x1*(-1.8743137816711051 + 1/(0.8501725057300667*x1**2 + 1/x1)) + 19.89595122525041*x1 + 1.473764932649193]
    3: S=000 R=0.956890 <-- [1.321178034689187*x1 + 0.4435896949364763 - 1.321178034689187/(-0.09604799214550378*x1 + 0.07826422409241417 - 0.2025011786626729/x1)]
    4: S=000 R=0.949534 <-- [13.3249241053329*x1*(0.099403358353914727 + 2.6349019824512983/(x1*(2*x1 - 0.7169617302532103 + 4.1768225612029495/x1)))]
  Saving Hall of Fame plot to ./log/regression_config_regression_VPG.json_R1a.in_normal_0.0_2023-05-30-030355/dso_regression_config_regression_VPG.json_R1a.in_normal_0.0_plot_hof.png
Pareto Front (5 of 7)____
    0: S=000 R=1.000000 C=26.00 <-- [x1 + 3.9999999552283834 - 2.9999984733733283/(x1*(-x1/(0.6666665715127955*x1 - 0.3333331774049862) + 0.9999998389484435 + 1/x1))]
    1: S=000 R=0.944996 C=25.00 <-- [x1 + 142.52115620675403 + 1/(-0.007214077196286657 - 0.0004194695075451917/(x1 - 1/(0.4460533923405104 - x1)))]
    2: S=000 R=0.893437 C=17.00 <-- [x1*(0.22405170419704884*x1 + 16.57125305254933*x1/(-x1 - 1.4088809636895048) + 13.853362479894697)]
    3: S=000 R=0.820972 C=14.00 <-- [11.36404532496085 - 12.905211576369599/(x1**2 + x1 + 1.1607193578334798)]
    4: S=000 R=0.781198 C=10.00 <-- [x1 + 6.481386876416354 - 1.221366249862884/(x1 + 0.09833406671359306)]
  Saving Pareto Front plot to ./log/regression_config_regression_VPG.json_R1a.in_normal_0.0_2023-05-30-030355/dso_regression_config_regression_VPG.json_R1a.in_normal_0.0_plot_pf.png
-- ANALYZING LOG END ----------------
== POST-PROCESS END ===================
