['mul', 'pow', 'add', 1, 'pow', 'X_0', 2, -1, 'add', 1, 'add', 'pow', 'X_0', 5, 'mul', -3, 'pow', 'X_0', 3]
--------------------
eq_name 	 R2
num_vars 	 1
vars_range_and_types 	 [{"name": "LogUniform", "range": [0.1, 10], "only_positive": true}]
function_set 	 ['add', 'sub', 'mul', 'div', 'pow', 'const']
eq_expression 	 mul,pow,add,1,pow,X_0,2,-1,add,1,add,pow,X_0,5,mul,-3,pow,X_0,3
expr 	 (X_0**5 - 3*X_0**3 + 1)/(X_0**2 + 1)
--------------------

== EXPERIMENT SETUP START ===========
Task type            : regression
Starting seed        : 0
Runs                 : 1
== EXPERIMENT SETUP END =============

== TRAINING SEED 0 START ============
self.dataX <dso.symbolic_data_generator.DataX object at 0x2b69d9da81d0>, self.data_query_oracle: <dso.symbolic_equation_evaluator_public.Equation_evaluator object at 0x2b69c05efcf8>
generate dataset!
-- BUILDING PRIOR START -------------
WARNING: Skipping invalid 'RelationalConstraint' with arguments {'targets': [], 'effectors': [], 'relationship': None}. Reason: Prior disabled.
WARNING: Skipping invalid 'TrigConstraint' with arguments {}. Reason: There are no target Tokens.
WARNING: Skipping invalid 'UniformArityPrior' with arguments {}. Reason: Prior disabled.
WARNING: Skipping invalid 'LanguageModelPrior' with arguments {'weight': None}. Reason: Prior disabled.
LengthConstraint: Sequences have minimum length 4.
                  Sequences have maximum length 256.
RepeatConstraint: [const] cannot occur more than 10 times.
RelationalConstraint: [inv] cannot be a child of [inv].
ConstConstraint: [const] cannot be the only unique child of [inv, add, sub, mul, div].
NoInputsConstraint: Sequences contain at least one input variable Token.
SoftLengthPrior: No description available.
-- BUILDING PRIOR END ---------------

-- RUNNING EPOCHS START -------------
[00:00:00:27.10] Training epoch 1/14, current best R: 0.9985

	** New best
	Reward: 0.9984885754032191
	Count Off-policy: False
	Count On-policy: True
	Originally on Policy: True
	Invalid: False
	Traversal: div,sub,mul,div,x1,add,inv,mul,add,div,x1,4.321867608456955,inv,sub,1.0414575166641236,add,0.9585310094704197,x1,x1,-4.746079113005284e-05,2.7377446627490576,-1.778940833706072,0.6331968101628355
	Expression:
	                              4.3236867571158609⋅x₁                             
	  ──────────────────────────────────────────────────────────────────────────────
	                                                    1                           
	  -4.746079113005284e-5 + ──────────────────────────────────────────────────────
	                             ⎛                                    1            ⎞
	                          x₁⋅⎜0.2313814513992093⋅x₁ + ─────────────────────────⎟
	                             ⎝                        0.082926507193703893 - x₁⎠

                    
	   + 2.809459563210043
                    
                    
                    
                    
                    

[00:00:01:48.48] Training epoch 4/14, current best R: 0.9987

	** New best
	Reward: 0.998671092487483
	Count Off-policy: False
	Count On-policy: True
	Originally on Policy: True
	Invalid: False
	Traversal: sub,mul,mul,sub,inv,mul,inv,add,x1,0.6691575584081992,sub,add,inv,sub,mul,mul,1.0002833372373081,x1,1.0002833372315816,1.3644522747238763,0.7578758997345498,0.7518859951728059,1.496724686080905,1.1119579159408284,x1,-1.6361362827857295
	Expression:
	     ⎛                                 1.1119579159408284⋅(x₁ + 0.66915755840819
	  x₁⋅⎜-1.6642948626717137 + ────────────────────────────────────────────────────
	     ⎜                                                                 1        
	     ⎜                      0.005989904561743906 + ─────────────────────────────
	     ⎝                                             1.0005667547488781⋅x₁ - 1.364

	  92)          ⎞                     
	  ─────────────⎟ + 1.6361362827857295
	               ⎟                     
	  ─────────────⎟                     
	  4522747238763⎠                     

[00:00:03:00.97] Training epoch 7/14, current best R: 0.9994

	** New best
	Reward: 0.9994043681455549
	Count Off-policy: False
	Count On-policy: True
	Originally on Policy: True
	Invalid: False
	Traversal: add,1.175944997025434,mul,mul,sub,mul,sub,sub,inv,sub,inv,add,div,0.08764032790394484,x1,0.6951058112831601,1.5956088361750398,x1,-6.932005871538447,x1,x1,x1,-0.979916877335317
	Expression:
	                         ⎛   ⎛                                                  
	  - 0.979916877335317⋅x₁⋅⎜x₁⋅⎜-x₁ + 6.932005871538447 + ────────────────────────
	                         ⎜   ⎜                                                  
	                         ⎜   ⎜                          -1.5956088361750398 + ──
	                         ⎜   ⎜                                                  
	                         ⎜   ⎜                                                0.
	                         ⎝   ⎝                                                  

	        1                               ⎞     ⎞                    
	  ──────────────────────────────────────⎟ - x₁⎟ + 1.175944997025434
	                   1                    ⎟     ⎟                    
	  ──────────────────────────────────────⎟     ⎟                    
	                     0.08764032790394484⎟     ⎟                    
	  6951058112831601 + ───────────────────⎟     ⎟                    
	                              x₁        ⎠     ⎠                    

[00:00:04:22.53] Training epoch 10/14, current best R: 0.9994
[00:00:06:21.69] Ending training after epoch 14/14, current best R: 0.9994
-- RUNNING EPOCHS END ---------------

-- EVALUATION START ----------------
Saving Hall of Fame to ./log/regression_config_regression_DSR.json_R2.in_normal_0.0_2023-05-30-031822/dso_regression_config_regression_DSR.json_R2.in_normal_0.0_0_hof.csv
Saving Pareto Front to ./log/regression_config_regression_DSR.json_R2.in_normal_0.0_2023-05-30-031822/dso_regression_config_regression_DSR.json_R2.in_normal_0.0_0_pf.csv
Invalid expressions: 426 of 14336 (3.0%).
Error type counts:
  true_divide: 135 (31.7%)
  reciprocal: 291 (68.3%)
Error node counts:
  divide: 425 (99.8%)
  invalid: 1 (0.2%)
-- EVALUATION END ------------------
== TRAINING SEED 0 END ==============
INFO: Completed run 1 of 1 in 383 s

== POST-PROCESS START =================
-- LOADING LOGS START ----------------
Successfully loaded summary data
Successfully loaded Hall of Fame data
Successfully loaded Pareto Front data
-- LOADING LOGS END ------------------

-- ANALYZING LOG START --------------
Task_____________regression
Source path______./log/regression_config_regression_DSR.json_R2.in_normal_0.0_2023-05-30-031822
Runs_____________1
Max Samples/run__15000
Success_rate_____0.0
Hall of Fame (Top 5 of 100)____
    0: S=000 R=0.999404 <-- [-0.979916877335317*x1*(x1*(-x1 + 6.932005871538447 + 1/(-1.5956088361750398 + 1/(0.6951058112831601 + 0.08764032790394484/x1))) - x1) + 1.175944997025434]
    1: S=000 R=0.999404 <-- [x1*(-5.2489164592807303*x1 + 5.2489164592807303*(x1**3/(5.353434048389555 - 30.943879169994933/(x1 + 7.039361374356738)) + 0.22472340125729104)/x1)]
    2: S=000 R=0.999202 <-- [x1**2*(2*x1 - 30.633369216724756 + 272.6583470715646/(0.02467493774069305*x1*(x1 + 45.873036539854226) - x1 + 9.622748396214253)) - x1 + 1.2581285820730326]
    3: S=000 R=0.999097 <-- [0.3250358129114895*x1**3*(3.0862122390611995 + 0.0151886730115587*(-x1 - 907.5312804461672 + (598.7729184730043 - 38.36337156621139/x1)/x1)/x1**2)]
    4: S=000 R=0.998672 <-- [x1*(x1 - 2.379331491089284/x1)/(0.005377200743830823 + 1/(1.116900185860563*x1 - 0.78669264038675736)) - 0.24686254938151048]
  Saving Hall of Fame plot to ./log/regression_config_regression_DSR.json_R2.in_normal_0.0_2023-05-30-031822/dso_regression_config_regression_DSR.json_R2.in_normal_0.0_plot_hof.png
Pareto Front (5 of 10)____
    0: S=000 R=0.999404 C=26.00 <-- [-0.979916877335317*x1*(x1*(-x1 + 6.932005871538447 + 1/(-1.5956088361750398 + 1/(0.6951058112831601 + 0.08764032790394484/x1))) - x1) + 1.175944997025434]
    1: S=000 R=0.998546 C=25.00 <-- [4329.271790413353*x1 - 4327.271790413353*x1/((0.00024602196738231811*x1 - 6.5388726715364347e-5)*(x1 - 0.26589134630706485) + 0.9988426790110752) + 1.697535262069905]
    2: S=000 R=0.998111 C=23.00 <-- [x1*(x1 + 1.012337798096676*(0.4808723127508089 - x1)*(-x1**2 + 0.6635583940978529*x1 + 4.0092455003643375)/x1)]
    3: S=000 R=0.998111 C=22.00 <-- [x1*(1.012337252376045*x1*(x1 - 0.1566094712158626) - 4.7357201302114837) + x1 + 1.951729813355397]
    4: S=000 R=0.998111 C=19.00 <-- [(0.5558967649998816 - x1)*(-1.0123199582411516*x1**2 - 0.4044446721168222*x1 + 3.5117634665234125)]
  Saving Pareto Front plot to ./log/regression_config_regression_DSR.json_R2.in_normal_0.0_2023-05-30-031822/dso_regression_config_regression_DSR.json_R2.in_normal_0.0_plot_pf.png
-- ANALYZING LOG END ----------------
== POST-PROCESS END ===================
