['mul', 'pow', 'add', 1, 'pow', 'X_0', 2, -1, 'add', 1, 'add', 'pow', 'X_0', 5, 'mul', -3, 'pow', 'X_0', 3]
--------------------
eq_name 	 R2
num_vars 	 1
vars_range_and_types 	 [{"name": "LogUniform", "range": [0.1, 10], "only_positive": true}]
function_set 	 ['add', 'sub', 'mul', 'div', 'pow', 'const']
eq_expression 	 mul,pow,add,1,pow,X_0,2,-1,add,1,add,pow,X_0,5,mul,-3,pow,X_0,3
expr 	 (X_0**5 - 3*X_0**3 + 1)/(X_0**2 + 1)
--------------------

== EXPERIMENT SETUP START ===========
Task type            : regression
Starting seed        : 0
Runs                 : 1
== EXPERIMENT SETUP END =============

== TRAINING SEED 0 START ============
self.dataX <dso.symbolic_data_generator.DataX object at 0x2ac433f8d470>, self.data_query_oracle: <dso.symbolic_equation_evaluator_public.Equation_evaluator object at 0x2ac41e7d3d68>
generate dataset!
-- BUILDING PRIOR START -------------
WARNING: Skipping invalid 'RelationalConstraint' with arguments {'targets': [], 'effectors': [], 'relationship': None}. Reason: Prior disabled.
WARNING: Skipping invalid 'TrigConstraint' with arguments {}. Reason: There are no target Tokens.
WARNING: Skipping invalid 'UniformArityPrior' with arguments {}. Reason: Prior disabled.
WARNING: Skipping invalid 'LanguageModelPrior' with arguments {'weight': None}. Reason: Prior disabled.
LengthConstraint: Sequences have minimum length 4.
                  Sequences have maximum length 256.
RepeatConstraint: [const] cannot occur more than 10 times.
RelationalConstraint: [inv] cannot be a child of [inv].
ConstConstraint: [const] cannot be the only unique child of [inv, add, sub, mul, div].
NoInputsConstraint: Sequences contain at least one input variable Token.
SoftLengthPrior: No description available.
-- BUILDING PRIOR END ---------------

-- RUNNING EPOCHS START -------------
[00:00:00:24.01] Training epoch 1/14, current best R: 0.9995

	** New best
	Reward: 0.9995021059666483
	Count Off-policy: False
	Count On-policy: True
	Originally on Policy: True
	Invalid: False
	Traversal: add,add,mul,div,sub,div,mul,sub,add,inv,div,add,0.1165854239840104,mul,0.12158116048947916,x1,x1,x1,6.819237414080068,x1,1.023063897254168,x1,0.9951925906045848,x1,1.0353385200545722,x1
	Expression:
	     ⎛                      ⎛                          x₁                       
	  x₁⋅⎜0.9821777847102619⋅x₁⋅⎜x₁ + ─────────────────────────────────────────── - 
	     ⎝                      ⎝     0.12158116048947916⋅x₁ + 0.1165854239840104   

	                   ⎞                       ⎞                          
	  6.819237414080068⎟ - 1.004830632222146⋅x₁⎟ + x₁ + 1.0353385200545722
	                   ⎠                       ⎠                          

[00:00:02:01.84] Training epoch 5/14, current best R: 0.9996

	** New best
	Reward: 0.9996069655786155
	Count Off-policy: False
	Count On-policy: True
	Originally on Policy: True
	Invalid: False
	Traversal: mul,mul,add,mul,-0.9906312729422057,sub,1.1559316502349033,add,div,sub,mul,-4.732692274813307,inv,sub,-0.2506659682994003,x1,5.574041418031087,x1,x1,1.3479872556469523,x1,x1
	Expression:
	      ⎛                                                                 ⎛       
	      ⎜                                              0.9906312729422057⋅⎜-5.5740
	    2 ⎜                                                                 ⎝       
	  x₁ ⋅⎜0.9906312729422057⋅x₁ + 0.20288521354056556 + ───────────────────────────
	      ⎝                                                                         

	                   4.732692274813307    ⎞⎞
	  41418031087 - ────────────────────────⎟⎟
	                -x₁ - 0.2506659682994003⎠⎟
	  ───────────────────────────────────────⎟
	       x₁                                ⎠

[00:00:02:30.71] Training epoch 6/14, current best R: 0.9996

	** New best
	Reward: 0.9996069655964412
	Count Off-policy: False
	Count On-policy: True
	Originally on Policy: True
	Invalid: False
	Traversal: mul,x1,sub,add,x1,mul,mul,x1,add,-0.40230389532961136,add,add,-0.4023038952908902,div,-18.87989660203918,add,0.25069323761040907,x1,x1,0.9906282737804705,-13.180915112962657
	Expression:
	     ⎛                      ⎛                              18.87989660203918    
	  x₁⋅⎜0.9906282737804705⋅x₁⋅⎜x₁ - 0.80460779062050156 - ────────────────────────
	     ⎝                      ⎝                           x₁ + 0.25069323761040907

	  ⎞                          ⎞
	  ⎟ + x₁ + 13.180915112962657⎟
	  ⎠                          ⎠

[00:00:04:18.51] Training epoch 10/14, current best R: 0.9996
[00:00:06:19.28] Ending training after epoch 14/14, current best R: 0.9996
-- RUNNING EPOCHS END ---------------

-- EVALUATION START ----------------
Saving Hall of Fame to ./log/regression_config_regression_PQT.json_R2.in_normal_0.0_2023-05-30-031829/dso_regression_config_regression_PQT.json_R2.in_normal_0.0_0_hof.csv
Saving Pareto Front to ./log/regression_config_regression_PQT.json_R2.in_normal_0.0_2023-05-30-031829/dso_regression_config_regression_PQT.json_R2.in_normal_0.0_0_pf.csv
Invalid expressions: 392 of 14336 (2.7%).
Error type counts:
  true_divide: 126 (32.1%)
  reciprocal: 266 (67.9%)
Error node counts:
  divide: 389 (99.2%)
  invalid: 3 (0.8%)

Priority queue entry 0:
	Reward: 0.9996069655964412
	Count Off-policy: False
	Count On-policy: True
	Originally on Policy: True
	Invalid: False
	Traversal: mul,x1,sub,add,x1,mul,mul,x1,add,-0.40230389532961136,add,add,-0.4023038952908902,div,-18.87989660203918,add,0.25069323761040907,x1,x1,0.9906282737804705,-13.180915112962657
	Expression:
	     ⎛                      ⎛                              18.87989660203918    
	  x₁⋅⎜0.9906282737804705⋅x₁⋅⎜x₁ - 0.80460779062050156 - ────────────────────────
	     ⎝                      ⎝                           x₁ + 0.25069323761040907

	  ⎞                          ⎞
	  ⎟ + x₁ + 13.180915112962657⎟
	  ⎠                          ⎠


Priority queue entry 1:
	Reward: 0.9996069655786155
	Count Off-policy: False
	Count On-policy: True
	Originally on Policy: True
	Invalid: False
	Traversal: mul,mul,add,mul,-0.9906312729422057,sub,1.1559316502349033,add,div,sub,mul,-4.732692274813307,inv,sub,-0.2506659682994003,x1,5.574041418031087,x1,x1,1.3479872556469523,x1,x1
	Expression:
	      ⎛                                                                 ⎛       
	      ⎜                                              0.9906312729422057⋅⎜-5.5740
	    2 ⎜                                                                 ⎝       
	  x₁ ⋅⎜0.9906312729422057⋅x₁ + 0.20288521354056556 + ───────────────────────────
	      ⎝                                                                         

	                   4.732692274813307    ⎞⎞
	  41418031087 - ────────────────────────⎟⎟
	                -x₁ - 0.2506659682994003⎠⎟
	  ───────────────────────────────────────⎟
	       x₁                                ⎠


Priority queue entry 2:
	Reward: 0.9995021059666483
	Count Off-policy: False
	Count On-policy: True
	Originally on Policy: True
	Invalid: False
	Traversal: add,add,mul,div,sub,div,mul,sub,add,inv,div,add,0.1165854239840104,mul,0.12158116048947916,x1,x1,x1,6.819237414080068,x1,1.023063897254168,x1,0.9951925906045848,x1,1.0353385200545722,x1
	Expression:
	     ⎛                      ⎛                          x₁                       
	  x₁⋅⎜0.9821777847102619⋅x₁⋅⎜x₁ + ─────────────────────────────────────────── - 
	     ⎝                      ⎝     0.12158116048947916⋅x₁ + 0.1165854239840104   

	                   ⎞                       ⎞                          
	  6.819237414080068⎟ - 1.004830632222146⋅x₁⎟ + x₁ + 1.0353385200545722
	                   ⎠                       ⎠                          


Priority queue entry 3:
	Reward: 0.9994916674909823
	Count Off-policy: False
	Count On-policy: True
	Originally on Policy: True
	Invalid: False
	Traversal: mul,x1,sub,-2.116852823148584,mul,sub,3.1830567954133855,mul,inv,sub,6.220084936967645e-05,inv,sub,div,-3.7847554147267646,add,0.18839463895290018,x1,mul,x1,x1,1.185552787869118,0.8527300889088987
	Expression:
	     ⎛                                         1.010956534205826                
	  x₁⋅⎜-4.8311411273035144 + ────────────────────────────────────────────────────
	     ⎜                                                            1             
	     ⎜                      6.220084936967645e-5 - ─────────────────────────────
	     ⎜                                                 2      3.7847554147267646
	     ⎜                                             - x₁  - ─────────────────────
	     ⎝                                                     x₁ + 0.18839463895290

	     ⎞
	  ───⎟
	     ⎟
	  ───⎟
	     ⎟
	  ───⎟
	  018⎠


Priority queue entry 4:
	Reward: 0.9993477252036606
	Count Off-policy: False
	Count On-policy: True
	Originally on Policy: True
	Invalid: False
	Traversal: mul,mul,x1,add,add,inv,div,mul,inv,sub,sub,inv,add,x1,0.17555178267532082,add,0.6521752336629751,x1,0.6521752336627334,x1,3.7268139240026503,x1,3.784213609315744,x1
	Expression:
	      ⎛                                            ⎛                            
	      ⎜                         3.7268139240026503⋅⎜-x₁ - 1.304350467325709 + ──
	    2 ⎜                                            ⎝                          x₁
	  x₁ ⋅⎜x₁ + 3.784213609315744 + ────────────────────────────────────────────────
	      ⎝                                                            x₁           

	           1            ⎞⎞
	  ──────────────────────⎟⎟
	   + 0.17555178267532082⎠⎟
	  ───────────────────────⎟
	                         ⎠


Priority queue entry 5:
	Reward: 0.9991676572623959
	Count Off-policy: False
	Count On-policy: True
	Originally on Policy: True
	Invalid: False
	Traversal: mul,1.0034808629911687,mul,add,-4.570207365079826,mul,add,mul,inv,x1,div,x1,mul,div,add,0.1430221519530959,x1,3.322997402772239,x1,x1,x1,x1
	Expression:
	                        ⎛   ⎛                            1                      
	  1.0034808629911687⋅x₁⋅⎜x₁⋅⎜x₁ + ──────────────────────────────────────────────
	                        ⎝   ⎝     x₁⋅(0.3009331271717942⋅x₁ + 0.0430401034420846

	    ⎞                    ⎞
	  ──⎟ - 4.570207365079826⎟
	  8)⎠                    ⎠


Priority queue entry 6:
	Reward: 0.9991183444211194
	Count Off-policy: False
	Count On-policy: True
	Originally on Policy: True
	Invalid: False
	Traversal: div,add,-0.07518122419669891,x1,div,0.45434927753869303,sub,div,add,inv,x1,mul,div,add,x1,0.11838493163199813,2.757950377182595,x1,0.7981952492661597,2.114255070270461
	Expression:
	                             ⎛                                                  
	  (x₁ - 0.07518122419669891)⋅⎜2.757407925825031⋅x₁⋅(0.3625881046567479⋅x₁ + 0.04
	                             ⎝                                                  

	                                           2.757407925825031⎞
	  2924967980364879) - 4.6533694996145516 + ─────────────────⎟
	                                                   x₁       ⎠


Priority queue entry 7:
	Reward: 0.9990872100381466
	Count Off-policy: False
	Count On-policy: True
	Originally on Policy: True
	Invalid: False
	Traversal: add,inv,div,div,add,add,mul,-0.0019051245470159462,add,0.27943878076330303,x1,div,add,-1.2096643149417707,x1,add,x1,-1.8506497693463977,-0.9549420035656913,x1,x1,1.020249801920199
	Expression:
	                                       2                                        
	                                     x₁                                         
	  ───────────────────────────────────────────────────────────────────────── + 1.
	                                                    x₁ - 1.2096643149417707     
	  -0.0019051245470159462⋅x₁ - 0.95547436924631167 + ───────────────────────     
	                                                    x₁ - 1.8506497693463977     

               
               
	  020249801920199
               
               
               


Priority queue entry 8:
	Reward: 0.9986388092166113
	Count Off-policy: False
	Count On-policy: True
	Originally on Policy: True
	Invalid: False
	Traversal: sub,mul,mul,add,inv,add,div,div,inv,mul,add,add,div,-2.3751415577078308,x1,x1,0.773146948419701,1.0438695539937837,1.043869553994058,1.0438695539944784,0.005340885736736977,-1.6832400469983078,x1,x1,-1.6687611718507407
	Expression:
	    2 ⎛                                                                1        
	  x₁ ⋅⎜-1.6832400469983078 + ───────────────────────────────────────────────────
	      ⎜                                                                    0.917
	      ⎜                      0.005340885736736977 + ────────────────────────────
	      ⎜                                                                         
	      ⎜                                             1.0438695539937837⋅x₁ + 0.80
	      ⎝                                                                         

	                                     ⎞                     
	  ───────────────────────────────────⎟ + 1.6687611718507407
	  7143826855225                      ⎟                     
	  ───────────────────────────────────⎟                     
	                    2.479337958516574⎟                     
	  706456021852817 - ─────────────────⎟                     
	                            x₁       ⎠                     


Priority queue entry 9:
	Reward: 0.9986351664565465
	Count Off-policy: False
	Count On-policy: True
	Originally on Policy: True
	Invalid: False
	Traversal: mul,1.595014173836645,sub,1.0194657641744465,div,div,add,-1.9362950051642924,x1,inv,sub,div,-0.807340427890388,div,add,0.006049022468727741,inv,x1,x1,x1,1.1563018515968033
	Expression:
	                       ⎛         0.807340427890388⋅x₁  ⎞                        
	  - 1.3794098587959526⋅⎜-x₁ - ─────────────────────────⎟⋅(x₁ - 1.936295005164292
	                       ⎜                             1 ⎟                        
	                       ⎜      0.006049022468727741 + ──⎟                        
	                       ⎝                             x₁⎠                        

                       
	  4) + 1.6260623435994488
                       
                       
                       

-- EVALUATION END ------------------
== TRAINING SEED 0 END ==============
INFO: Completed run 1 of 1 in 381 s

== POST-PROCESS START =================
-- LOADING LOGS START ----------------
Successfully loaded summary data
Successfully loaded Hall of Fame data
Successfully loaded Pareto Front data
-- LOADING LOGS END ------------------

-- ANALYZING LOG START --------------
Task_____________regression
Source path______./log/regression_config_regression_PQT.json_R2.in_normal_0.0_2023-05-30-031829
Runs_____________1
Max Samples/run__15000
Success_rate_____0.0
Hall of Fame (Top 5 of 100)____
    0: S=000 R=0.999607 <-- [x1*(0.9906282737804705*x1*(x1 - 0.80460779062050156 - 18.87989660203918/(x1 + 0.25069323761040907)) + x1 + 13.180915112962657)]
    1: S=000 R=0.999607 <-- [x1**2*(0.9906312729422057*x1 + 0.20288521354056556 + 0.9906312729422057*(-5.574041418031087 - 4.732692274813307/(-x1 - 0.2506659682994003))/x1)]
    2: S=000 R=0.999502 <-- [x1*(0.9821777847102619*x1*(x1 + x1/(0.12158116048947916*x1 + 0.1165854239840104) - 6.819237414080068) - 1.004830632222146*x1) + x1 + 1.0353385200545722]
    3: S=000 R=0.999492 <-- [x1*(-4.8311411273035144 + 1.010956534205826/(6.220084936967645e-5 - 1/(-x1**2 - 3.7847554147267646/(x1 + 0.18839463895290018))))]
    4: S=000 R=0.999348 <-- [x1**2*(x1 + 3.784213609315744 + 3.7268139240026503*(-x1 - 1.304350467325709 + 1/(x1 + 0.17555178267532082))/x1)]
  Saving Hall of Fame plot to ./log/regression_config_regression_PQT.json_R2.in_normal_0.0_2023-05-30-031829/dso_regression_config_regression_PQT.json_R2.in_normal_0.0_plot_hof.png
Pareto Front (5 of 12)____
    0: S=000 R=0.999607 C=22.00 <-- [x1*(0.9906282737804705*x1*(x1 - 0.80460779062050156 - 18.87989660203918/(x1 + 0.25069323761040907)) + x1 + 13.180915112962657)]
    1: S=000 R=0.998063 C=20.00 <-- [(x1 - 0.16069184074778012)*(1.012674061538463*x1**2 - 3.719726234788264) + 1.3420172941131572]
    2: S=000 R=0.998063 C=19.00 <-- [x1*(x1 + 1.8378705731092375)*(1.012675111212068*x1 - 2.0239081651196646) + 1.939726518973964]
    3: S=000 R=0.997730 C=18.00 <-- [x1*(x1**2 - 5.2150558902284337) + x1 + 2.1530485536243566]
    4: S=000 R=0.993319 C=16.00 <-- [x1*(0.5342629910266121*x1 - 0.7500180795544612)*(2*x1 + 1)]
  Saving Pareto Front plot to ./log/regression_config_regression_PQT.json_R2.in_normal_0.0_2023-05-30-031829/dso_regression_config_regression_PQT.json_R2.in_normal_0.0_plot_pf.png
-- ANALYZING LOG END ----------------
== POST-PROCESS END ===================
