['mul', 'pow', 'add', 1, 'pow', 'X_0', 2, -1, 'add', 1, 'add', 'pow', 'X_0', 5, 'mul', -3, 'pow', 'X_0', 3]
--------------------
eq_name 	 R2a
num_vars 	 1
vars_range_and_types 	 [{"name": "LogUniform", "range": [0.1, 10], "only_positive": true}]
function_set 	 ['add', 'sub', 'mul', 'div', 'pow', 'const']
eq_expression 	 mul,pow,add,1,pow,X_0,2,-1,add,1,add,pow,X_0,5,mul,-3,pow,X_0,3
expr 	 (X_0**5 - 3*X_0**3 + 1)/(X_0**2 + 1)
--------------------

== EXPERIMENT SETUP START ===========
Task type            : regression
Starting seed        : 0
Runs                 : 1
== EXPERIMENT SETUP END =============

== TRAINING SEED 0 START ============
self.dataX <dso.symbolic_data_generator.DataX object at 0x2b044505a9e8>, self.data_query_oracle: <dso.symbolic_equation_evaluator_public.Equation_evaluator object at 0x2b042b8f4d68>
generate dataset!
-- BUILDING PRIOR START -------------
WARNING: Skipping invalid 'RelationalConstraint' with arguments {'targets': [], 'effectors': [], 'relationship': None}. Reason: Prior disabled.
WARNING: Skipping invalid 'TrigConstraint' with arguments {}. Reason: There are no target Tokens.
WARNING: Skipping invalid 'UniformArityPrior' with arguments {}. Reason: Prior disabled.
WARNING: Skipping invalid 'LanguageModelPrior' with arguments {'weight': None}. Reason: Prior disabled.
LengthConstraint: Sequences have minimum length 4.
                  Sequences have maximum length 256.
RepeatConstraint: [const] cannot occur more than 10 times.
RelationalConstraint: [inv] cannot be a child of [inv].
ConstConstraint: [const] cannot be the only unique child of [inv, add, sub, mul, div].
NoInputsConstraint: Sequences contain at least one input variable Token.
SoftLengthPrior: No description available.
-- BUILDING PRIOR END ---------------

-- RUNNING EPOCHS START -------------
gen	iter	pop_size	nevals	uncached_size	best_val              	timer 
0  	0   	1024    	1024  	1024         	(-0.9996807405136706,)	27.202
1  	1   	1024    	781   	615          	(-0.9996807405136706,)	18.8891
2  	2   	1024    	777   	580          	(-0.9999323145520267,)	29.0121
3  	3   	1024    	766   	546          	(-0.999936743741323,) 	38.6483
4  	4   	1024    	766   	551          	(-0.999936743741323,) 	46.2476
5  	5   	1024    	801   	544          	(-0.9999723764986299,)	55.1195
6  	6   	1024    	786   	542          	(-0.9999977082036547,)	68.9963
7  	7   	1024    	776   	486          	(-0.9999977082036547,)	62.853 
8  	8   	1024    	774   	481          	(-0.9999984913061486,)	72.8901
9  	9   	1024    	783   	488          	(-0.9999999026156409,)	70.111 

--------------------------------------------------
GP Time: 490.25

Unique expressions evaluated: 6739
Total expression evaluations: 8034
--------------------------------------------------

GP -> best program this epoch:

	Reward: 0.9999999026156409
	Count Off-policy: 1
	Count On-policy: 0
	Originally on Policy: False
	Invalid: False
	Traversal: sub,mul,add,mul,div,x1,x1,sub,div,div,inv,add,inv,x1,add,inv,div,x1,0.002352786864167639,add,x1,add,0.0008684808545182455,mul,x1,mul,0.03022330856193195,x1,x1,1.0169510765303835,x1,x1,1.0194279967560542,mul,x1,mul,-1.000000675408287,mul,add,div,inv,div,sub,-1.007102269064054,mul,x1,x1,x1,0.24999316469245744,x1,x1
	Expression:
	                      2 ⎛       4.0001093679109342⋅x₁  ⎞                        
	  1.000000675408287⋅x₁ ⋅⎜x₁ + ─────────────────────────⎟ + ─────────────────────
	                        ⎜         2                    ⎟      ⎛                 
	                        ⎝     - x₁  - 1.007102269064054⎠   x₁⋅⎜0.030223308561931
	                                                              ⎝                 

	           1.0024356336138818                             
	  ────────────────────────────────────────────────────────
	       2                                1.002352786864168⎞
	  95⋅x₁  + x₁ + 0.0008684808545182455 + ─────────────────⎟
	                                                x₁       ⎠

None

--------------------------------------------------

[00:00:08:41.11] Training epoch 1/14, current best R: 1.0000

	** New best
	Reward: 0.9999999026156409
	Count Off-policy: 1
	Count On-policy: 0
	Originally on Policy: False
	Invalid: False
	Traversal: sub,mul,add,mul,div,x1,x1,sub,div,div,inv,add,inv,x1,add,inv,div,x1,0.002352786864167639,add,x1,add,0.0008684808545182455,mul,x1,mul,0.03022330856193195,x1,x1,1.0169510765303835,x1,x1,1.0194279967560542,mul,x1,mul,-1.000000675408287,mul,add,div,inv,div,sub,-1.007102269064054,mul,x1,x1,x1,0.24999316469245744,x1,x1
	Expression:
	                      2 ⎛       4.0001093679109342⋅x₁  ⎞                        
	  1.000000675408287⋅x₁ ⋅⎜x₁ + ─────────────────────────⎟ + ─────────────────────
	                        ⎜         2                    ⎟      ⎛                 
	                        ⎝     - x₁  - 1.007102269064054⎠   x₁⋅⎜0.030223308561931
	                                                              ⎝                 

	           1.0024356336138818                             
	  ────────────────────────────────────────────────────────
	       2                                1.002352786864168⎞
	  95⋅x₁  + x₁ + 0.0008684808545182455 + ─────────────────⎟
	                                                x₁       ⎠

[00:00:08:41.12] Early stopping criteria met; breaking early.
-- RUNNING EPOCHS END ---------------

-- EVALUATION START ----------------
Saving Hall of Fame to ./log/regression_config_regression_GPMELD.json_R2a.in_normal_0.0_2023-05-30-031333/dso_regression_config_regression_GPMELD.json_R2a.in_normal_0.0_0_hof.csv
Saving Pareto Front to ./log/regression_config_regression_GPMELD.json_R2a.in_normal_0.0_2023-05-30-031333/dso_regression_config_regression_GPMELD.json_R2a.in_normal_0.0_0_pf.csv
Invalid expressions: 93 of 9058 (1.0%).
Error type counts:
  reciprocal: 73 (78.5%)
  true_divide: 20 (21.5%)
Error node counts:
  divide: 92 (98.9%)
  invalid: 1 (1.1%)
-- EVALUATION END ------------------
== TRAINING SEED 0 END ==============
INFO: Completed run 1 of 1 in 523 s

== POST-PROCESS START =================
-- LOADING LOGS START ----------------
Successfully loaded summary data
Successfully loaded Hall of Fame data
Successfully loaded Pareto Front data
-- LOADING LOGS END ------------------

-- ANALYZING LOG START --------------
Task_____________regression
Source path______./log/regression_config_regression_GPMELD.json_R2a.in_normal_0.0_2023-05-30-031333
Runs_____________1
Max Samples/run__15000
Success_rate_____1.0
Hall of Fame (Top 5 of 100)____
    0: S=000 R=1.000000 <-- [1.000000675408287*x1**2*(x1 + 4.0001093679109342*x1/(-x1**2 - 1.007102269064054)) + 1.0024356336138818/(x1*(0.03022330856193195*x1**2 + x1 + 0.0008684808545182455 + 1.002352786864168/x1))]
    1: S=000 R=1.000000 <-- [1.000000675408287*x1**2*(x1 + 4.0001093679109342*x1/(-x1**2 - 1.007102269064054)) + 1.0024356336138818/(x1*(0.03022330856193195*x1**2 + x1 + 0.0008684808545182455 + 1.002352786864168/x1))]
    2: S=000 R=0.999999 <-- [1.0000066318467031*x1**2*(x1 + 4.001614698783362*x1/(-x1**2 - 0.9950662762155229)) + 0.01341983266927495 + 1/(0.017526404912651766*x1**2*(x1 + 56.116574504120928) + 0.017526404912651766*x1 + 1.0116849787013394)]
    3: S=000 R=0.999999 <-- [1.0000066318467031*x1**2*(x1 + 4.001614698783362*x1/(-x1**2 - 0.9950662762155229)) + 0.01341983266927495 + 1/(0.017526404912651766*x1**2*(x1 + 56.116574504120928) + 0.017526404912651766*x1 + 1.0116849787013394)]
    4: S=000 R=0.999998 <-- [1.00000791702268*x1**2*(x1 + 4.0019338984132806*x1/(-x1**2 - 0.9941458017720737)) + 0.016054743708534738 + 1/(0.021471423577290757*x1**2*(x1 + 45.62433054952269) + 0.021471423577290757*x1 + 1.0139400319676898)]
  Saving Hall of Fame plot to ./log/regression_config_regression_GPMELD.json_R2a.in_normal_0.0_2023-05-30-031333/dso_regression_config_regression_GPMELD.json_R2a.in_normal_0.0_plot_hof.png
Pareto Front (5 of 18)____
    0: S=000 R=1.000000 C=61.00 <-- [1.000000675408287*x1**2*(x1 + 4.0001093679109342*x1/(-x1**2 - 1.007102269064054)) + 1.0024356336138818/(x1*(0.03022330856193195*x1**2 + x1 + 0.0008684808545182455 + 1.002352786864168/x1))]
    1: S=000 R=0.999999 C=50.00 <-- [1.0000066318467031*x1**2*(x1 + 4.001614698783362*x1/(-x1**2 - 0.9950662762155229)) + 0.01341983266927495 + 1/(0.017526404912651766*x1**2*(x1 + 56.116574504120928) + 0.017526404912651766*x1 + 1.0116849787013394)]
    2: S=000 R=0.999998 C=48.00 <-- [1.00000791702268*x1**2*(x1 + 4.0019338984132806*x1/(-x1**2 - 0.9941458017720737)) + 0.016054743708534738 + 1/(0.021471423577290757*x1**2*(x1 + 45.62433054952269) + 0.021471423577290757*x1 + 1.0139400319676898)]
    3: S=000 R=0.999998 C=43.00 <-- [x1*(x1*(0.9995193690301889*x1 + 0.013775569588091678 + 10.04511775953872/(x1**2*(0.7493762338604615*x1*(x1 + 2.9841554640022965) + 0.719121234099843 + 2.3808153153558957/x1))) - 4.159111369789515) + 0.9956059496976384]
    4: S=000 R=0.999993 C=40.00 <-- [x1*(x1*(1.0001113977261809*x1 + 0.0016209968903207038 + 4.6634159395584917/(x1**2*(x1*(0.12890513163665998*x1*(x1 - 0.08822119124788742) + 1.6393299977108506) + 1.2182473025882739/x1))) - 4.091807643334786) + 1.0209019601550853]
  Saving Pareto Front plot to ./log/regression_config_regression_GPMELD.json_R2a.in_normal_0.0_2023-05-30-031333/dso_regression_config_regression_GPMELD.json_R2a.in_normal_0.0_plot_pf.png
-- ANALYZING LOG END ----------------
== POST-PROCESS END ===================
