['mul', 'pow', 'add', 1, 'pow', 'X_0', 2, -1, 'add', 1, 'add', 'pow', 'X_0', 5, 'mul', -3, 'pow', 'X_0', 3]
--------------------
eq_name 	 R2a
num_vars 	 1
vars_range_and_types 	 [{"name": "LogUniform", "range": [0.1, 10], "only_positive": true}]
function_set 	 ['add', 'sub', 'mul', 'div', 'pow', 'const']
eq_expression 	 mul,pow,add,1,pow,X_0,2,-1,add,1,add,pow,X_0,5,mul,-3,pow,X_0,3
expr 	 (X_0**5 - 3*X_0**3 + 1)/(X_0**2 + 1)
--------------------

== EXPERIMENT SETUP START ===========
Task type            : regression
Starting seed        : 0
Runs                 : 1
== EXPERIMENT SETUP END =============

== TRAINING SEED 0 START ============
self.dataX <dso.symbolic_data_generator.DataX object at 0x2ae7cab48240>, self.data_query_oracle: <dso.symbolic_equation_evaluator_public.Equation_evaluator object at 0x2ae7b12ffd68>
generate dataset!
-- BUILDING PRIOR START -------------
WARNING: Skipping invalid 'RelationalConstraint' with arguments {'targets': [], 'effectors': [], 'relationship': None}. Reason: Prior disabled.
WARNING: Skipping invalid 'TrigConstraint' with arguments {}. Reason: There are no target Tokens.
WARNING: Skipping invalid 'UniformArityPrior' with arguments {}. Reason: Prior disabled.
WARNING: Skipping invalid 'LanguageModelPrior' with arguments {'weight': None}. Reason: Prior disabled.
LengthConstraint: Sequences have minimum length 4.
                  Sequences have maximum length 256.
RepeatConstraint: [const] cannot occur more than 10 times.
RelationalConstraint: [inv] cannot be a child of [inv].
ConstConstraint: [const] cannot be the only unique child of [inv, add, sub, mul, div].
NoInputsConstraint: Sequences contain at least one input variable Token.
SoftLengthPrior: No description available.
-- BUILDING PRIOR END ---------------

-- RUNNING EPOCHS START -------------
[00:00:00:21.66] Training epoch 1/14, current best R: 0.9981

	** New best
	Reward: 0.9980958901178086
	Count Off-policy: False
	Count On-policy: True
	Originally on Policy: True
	Invalid: False
	Traversal: add,add,mul,add,x1,sub,mul,sub,div,add,mul,0.7721579570471827,inv,add,div,x1,x1,1.204135328086361,x1,0.9876863689895241,1.5151613517527986,x1,3.728151048442524,x1,0.9746741122426005,0.9746741122426144
	Expression:
	  x₁⋅(x₁⋅(1.012467146856622⋅x₁ - 1.1604714405970496) + x₁ - 3.728151048442524) +
	   1.949348224485215

[00:00:01:00.89] Training epoch 3/14, current best R: 0.9985

	** New best
	Reward: 0.9985237475322554
	Count Off-policy: False
	Count On-policy: True
	Originally on Policy: True
	Invalid: False
	Traversal: sub,mul,sub,x1,inv,sub,inv,sub,sub,div,sub,sub,div,x1,div,1.1926080707532862,x1,x1,x1,-0.7926228837054272,x1,-3.002814010667529,0.00023321780644790436,x1,-1.7168618975861805
	Expression:
	     ⎛                                                   1                      
	  x₁⋅⎜x₁ - ─────────────────────────────────────────────────────────────────────
	     ⎜                                                                1         
	     ⎜     -0.00023321780644790436 + ───────────────────────────────────────────
	     ⎜                                                      2                   
	     ⎝                               - 1.0578781555355223⋅x₁  + 1.52326805233052

	                          ⎞                     
	  ────────────────────────⎟ + 1.7168618975861805
	                          ⎟                     
	  ────────────────────────⎟                     
	                          ⎟                     
	  8⋅x₁ + 3.002814010667529⎠                     

[00:00:01:45.22] Training epoch 5/14, current best R: 0.9989

	** New best
	Reward: 0.998874864381661
	Count Off-policy: False
	Count On-policy: True
	Originally on Policy: True
	Invalid: False
	Traversal: sub,1.2949982226249603,mul,mul,mul,1.0412734945542612,x1,div,sub,mul,4.655390364181829,inv,add,0.5530237363384899,x1,x1,1.037203639438807,x1
	Expression:
	                         2 ⎛                            4.488405349889334   ⎞   
	  - 1.0412734945542612⋅x₁ ⋅⎜-0.9641308244358489⋅x₁ + ───────────────────────⎟ + 
	                           ⎝                         x₁ + 0.5530237363384899⎠   

                  
	  1.2949982226249603
                  

[00:00:02:32.06] Training epoch 7/14, current best R: 0.9996

	** New best
	Reward: 0.9996022566127346
	Count Off-policy: False
	Count On-policy: True
	Originally on Policy: True
	Invalid: False
	Traversal: mul,0.49599787292379105,mul,add,mul,x1,add,add,mul,inv,add,inv,x1,4.3666991096070324,747.9950822798614,add,-170.93373589526175,x1,x1,28.34878789641437,x1
	Expression:
	                         ⎛   ⎛                               747.9950822798614  
	  0.49599787292379105⋅x₁⋅⎜x₁⋅⎜2⋅x₁ - 170.93373589526175 + ──────────────────────
	                         ⎜   ⎜                                                 1
	                         ⎜   ⎜                            4.3666991096070324 + ─
	                         ⎝   ⎝                                                 x

	   ⎞                    ⎞
	  ─⎟ + 28.34878789641437⎟
	   ⎟                    ⎟
	  ─⎟                    ⎟
	  ₁⎠                    ⎠

[00:00:03:31.97] Training epoch 10/14, current best R: 0.9996
[00:00:03:54.38] Training epoch 11/14, current best R: 0.9996

	** New best
	Reward: 0.9996482475394898
	Count Off-policy: False
	Count On-policy: True
	Originally on Policy: True
	Invalid: False
	Traversal: add,mul,mul,add,-0.011402381295373555,add,add,mul,-0.0010499108352161543,sub,sub,div,inv,add,x1,div,0.5885303931684776,x1,0.00025830228653364644,x1,x1,-0.011402381297043965,x1,x1,x1,0.9858967259940732
	Expression:
	    2 ⎛                                                 4.0646594705207651  ⎞   
	  x₁ ⋅⎜1.0020998216704323⋅x₁ - 0.02280476259241752 - ───────────────────────⎟ + 
	      ⎜                                                   0.5885303931684776⎟   
	      ⎜                                              x₁ + ──────────────────⎟   
	      ⎝                                                           x₁        ⎠   

                  
	  0.9858967259940732
                  
                  
                  

[00:00:05:00.32] Ending training after epoch 14/14, current best R: 0.9996
-- RUNNING EPOCHS END ---------------

-- EVALUATION START ----------------
Saving Hall of Fame to ./log/regression_config_regression_PQT.json_R2a.in_normal_0.0_2023-05-30-031318/dso_regression_config_regression_PQT.json_R2a.in_normal_0.0_0_hof.csv
Saving Pareto Front to ./log/regression_config_regression_PQT.json_R2a.in_normal_0.0_2023-05-30-031318/dso_regression_config_regression_PQT.json_R2a.in_normal_0.0_0_pf.csv
Invalid expressions: 516 of 14336 (3.6%).
Error type counts:
  true_divide: 158 (30.6%)
  reciprocal: 358 (69.4%)
Error node counts:
  divide: 515 (99.8%)
  invalid: 1 (0.2%)

Priority queue entry 0:
	Reward: 0.9996482475394898
	Count Off-policy: False
	Count On-policy: True
	Originally on Policy: True
	Invalid: False
	Traversal: add,mul,mul,add,-0.011402381295373555,add,add,mul,-0.0010499108352161543,sub,sub,div,inv,add,x1,div,0.5885303931684776,x1,0.00025830228653364644,x1,x1,-0.011402381297043965,x1,x1,x1,0.9858967259940732
	Expression:
	    2 ⎛                                                 4.0646594705207651  ⎞   
	  x₁ ⋅⎜1.0020998216704323⋅x₁ - 0.02280476259241752 - ───────────────────────⎟ + 
	      ⎜                                                   0.5885303931684776⎟   
	      ⎜                                              x₁ + ──────────────────⎟   
	      ⎝                                                           x₁        ⎠   

                  
	  0.9858967259940732
                  
                  
                  


Priority queue entry 1:
	Reward: 0.999615635224568
	Count Off-policy: False
	Count On-policy: True
	Originally on Policy: True
	Invalid: False
	Traversal: mul,x1,add,14.084969742811152,mul,mul,add,div,sub,x1,add,inv,x1,sub,div,18.802394980907362,add,0.2528412274655134,x1,0.02756520233915308,0.6676581423009024,0.26751703891776873,x1,0.6613638034893566
	Expression:
	     ⎛                      ⎛                                                28.
	  x₁⋅⎜0.6613638034893566⋅x₁⋅⎜1.497772492601935⋅x₁ + 0.30880344073435873 - ──────
	     ⎝                      ⎝                                             x₁ + 0

	  161709997439732     1.497772492601935⎞                     ⎞
	  ───────────────── - ─────────────────⎟ + 14.084969742811152⎟
	  .2528412274655134           x₁       ⎠                     ⎠


Priority queue entry 2:
	Reward: 0.9996022566127346
	Count Off-policy: False
	Count On-policy: True
	Originally on Policy: True
	Invalid: False
	Traversal: mul,0.49599787292379105,mul,add,mul,x1,add,add,mul,inv,add,inv,x1,4.3666991096070324,747.9950822798614,add,-170.93373589526175,x1,x1,28.34878789641437,x1
	Expression:
	                         ⎛   ⎛                               747.9950822798614  
	  0.49599787292379105⋅x₁⋅⎜x₁⋅⎜2⋅x₁ - 170.93373589526175 + ──────────────────────
	                         ⎜   ⎜                                                 1
	                         ⎜   ⎜                            4.3666991096070324 + ─
	                         ⎝   ⎝                                                 x

	   ⎞                    ⎞
	  ─⎟ + 28.34878789641437⎟
	   ⎟                    ⎟
	  ─⎟                    ⎟
	  ₁⎠                    ⎠


Priority queue entry 3:
	Reward: 0.9994545171237477
	Count Off-policy: False
	Count On-policy: True
	Originally on Policy: True
	Invalid: False
	Traversal: sub,x1,mul,sub,-8.509723158783425,mul,inv,add,div,1.1067830525607463,add,div,sub,mul,inv,add,x1,0.3883188188586195,x1,0.9780103658739339,0.02050066184507721,x1,-0.004132054410766785,x1,x1
	Expression:
	       ⎛                                    x₁                                  
	  - x₁⋅⎜- ──────────────────────────────────────────────────────────────────────
	       ⎜                                        1.1067830525607463              
	       ⎜  -0.004132054410766785 + ──────────────────────────────────────────────
	       ⎜                                 48.7789129715404⋅x₁                    
	       ⎜                          x₁ + ─────────────────────── - 47.706282522229
	       ⎝                               x₁ + 0.3883188188586195                  

	                      ⎞     
	   - 8.509723158783425⎟ + x₁
	                      ⎟     
	                      ⎟     
	                      ⎟     
	                      ⎟     
	                      ⎠     


Priority queue entry 4:
	Reward: 0.9993541670523808
	Count Off-policy: False
	Count On-policy: True
	Originally on Policy: True
	Invalid: False
	Traversal: mul,add,mul,x1,add,add,div,inv,add,add,mul,add,-0.12886148779902384,add,mul,x1,1.4497716300978143,-0.12886148779858553,-0.5047440757909616,x1,-0.08290525393891203,x1,x1,0.056984305466912445,-4.859297447249983,x1
	Expression:
	     ⎛   ⎛                                                    1                 
	  x₁⋅⎜x₁⋅⎜x₁ + 0.056984305466912445 + ──────────────────────────────────────────
	     ⎝   ⎝                            x₁⋅(0.26823635845832287⋅x₁ + 0.04717889118

	          ⎞                    ⎞
	  ────────⎟ - 4.859297447249983⎟
	  9199862)⎠                    ⎠


Priority queue entry 5:
	Reward: 0.9991764275928702
	Count Off-policy: False
	Count On-policy: True
	Originally on Policy: True
	Invalid: False
	Traversal: mul,x1,add,18.702177396325187,mul,1.0017185264592645,mul,div,1.001718611552526,inv,x1,add,div,-23.207922792248684,add,0.14327446596641719,x1,x1
	Expression:
	     ⎛                      ⎛        23.207922792248684   ⎞                     
	  x₁⋅⎜1.0034400914912167⋅x₁⋅⎜x₁ - ────────────────────────⎟ + 18.702177396325187
	     ⎝                      ⎝     x₁ + 0.14327446596641719⎠                     

	  ⎞
	  ⎟
	  ⎠


Priority queue entry 6:
	Reward: 0.998874864381661
	Count Off-policy: False
	Count On-policy: True
	Originally on Policy: True
	Invalid: False
	Traversal: sub,1.2949982226249603,mul,mul,mul,1.0412734945542612,x1,div,sub,mul,4.655390364181829,inv,add,0.5530237363384899,x1,x1,1.037203639438807,x1
	Expression:
	                         2 ⎛                            4.488405349889334   ⎞   
	  - 1.0412734945542612⋅x₁ ⋅⎜-0.9641308244358489⋅x₁ + ───────────────────────⎟ + 
	                           ⎝                         x₁ + 0.5530237363384899⎠   

                  
	  1.2949982226249603
                  


Priority queue entry 7:
	Reward: 0.9985237475322554
	Count Off-policy: False
	Count On-policy: True
	Originally on Policy: True
	Invalid: False
	Traversal: sub,mul,sub,x1,inv,sub,inv,sub,sub,div,sub,sub,div,x1,div,1.1926080707532862,x1,x1,x1,-0.7926228837054272,x1,-3.002814010667529,0.00023321780644790436,x1,-1.7168618975861805
	Expression:
	     ⎛                                                   1                      
	  x₁⋅⎜x₁ - ─────────────────────────────────────────────────────────────────────
	     ⎜                                                                1         
	     ⎜     -0.00023321780644790436 + ───────────────────────────────────────────
	     ⎜                                                      2                   
	     ⎝                               - 1.0578781555355223⋅x₁  + 1.52326805233052

	                          ⎞                     
	  ────────────────────────⎟ + 1.7168618975861805
	                          ⎟                     
	  ────────────────────────⎟                     
	                          ⎟                     
	  8⋅x₁ + 3.002814010667529⎠                     


Priority queue entry 8:
	Reward: 0.9983750616029493
	Count Off-policy: False
	Count On-policy: True
	Originally on Policy: True
	Invalid: False
	Traversal: sub,1.889879560477124,sub,0.1100785052497239,sub,mul,inv,add,div,add,inv,add,div,mul,sub,-9.319139302198572,x1,0.25297949290640215,x1,x1,-0.006466231933792101,x1,0.0004639092366579202,x1,x1
	Expression:
	                                                        x₁                      
	  -x₁ + ────────────────────────────────────────────────────────────────────────
                                                                              
	                                -0.006466231933792101 + ────────────────────────
	                                                             -0.2529794929064021
	                                                        x₁ + ───────────────────
                                                                              
	        0.0004639092366579202 + ────────────────────────────────────────────────
	                                                                    x₁          

                                           
	  ───────────────────────── + 1.7798010552274
	  1                                          
	  ─────────────────────────                  
	  5⋅x₁ - 2.3575511349943171                  
	  ─────────────────────────                  
	    x₁                                       
	  ─────────────────────────                  
                                           


Priority queue entry 9:
	Reward: 0.9980958901178535
	Count Off-policy: False
	Count On-policy: True
	Originally on Policy: True
	Invalid: False
	Traversal: add,1.9493925772562894,mul,sub,add,mul,add,-0.16830606007259344,mul,add,div,add,x1,0.2586722499659219,mul,2.4808270616577865,x1,0.6093736358569707,add,-0.09521907534651121,x1,x1,-0.859157740763201,2.859152423493487,x1
	Expression:
	     ⎛   ⎛⎛                     0.40309137845818263⋅(x₁ + 0.2586722499659219)⎞  
	  x₁⋅⎜x₁⋅⎜⎜0.6093736358569707 + ─────────────────────────────────────────────⎟⋅(
	     ⎝   ⎝⎝                                           x₁                     ⎠  

	                                                 ⎞                    ⎞         
	  x₁ - 0.09521907534651121) - 0.16830606007259344⎟ - 3.718310164256688⎟ + 1.9493
	                                                 ⎠                    ⎠         

            
	  925772562894
            

-- EVALUATION END ------------------
== TRAINING SEED 0 END ==============
INFO: Completed run 1 of 1 in 302 s

== POST-PROCESS START =================
-- LOADING LOGS START ----------------
Successfully loaded summary data
Successfully loaded Hall of Fame data
Successfully loaded Pareto Front data
-- LOADING LOGS END ------------------

-- ANALYZING LOG START --------------
Task_____________regression
Source path______./log/regression_config_regression_PQT.json_R2a.in_normal_0.0_2023-05-30-031318
Runs_____________1
Max Samples/run__15000
Success_rate_____0.0
Hall of Fame (Top 5 of 100)____
    0: S=000 R=0.999648 <-- [x1**2*(1.0020998216704323*x1 - 0.02280476259241752 - 4.0646594705207651/(x1 + 0.5885303931684776/x1)) + 0.9858967259940732]
    1: S=000 R=0.999616 <-- [x1*(0.6613638034893566*x1*(1.497772492601935*x1 + 0.30880344073435873 - 28.161709997439732/(x1 + 0.2528412274655134) - 1.497772492601935/x1) + 14.084969742811152)]
    2: S=000 R=0.999602 <-- [0.49599787292379105*x1*(x1*(2*x1 - 170.93373589526175 + 747.9950822798614/(4.3666991096070324 + 1/x1)) + 28.34878789641437)]
    3: S=000 R=0.999455 <-- [-x1*(-x1/(-0.004132054410766785 + 1.1067830525607463/(x1 + 48.7789129715404*x1/(x1 + 0.3883188188586195) - 47.706282522229)) - 8.509723158783425) + x1]
    4: S=000 R=0.999354 <-- [x1*(x1*(x1 + 0.056984305466912445 + 1/(x1*(0.26823635845832287*x1 + 0.047178891189199862))) - 4.859297447249983)]
  Saving Hall of Fame plot to ./log/regression_config_regression_PQT.json_R2a.in_normal_0.0_2023-05-30-031318/dso_regression_config_regression_PQT.json_R2a.in_normal_0.0_plot_hof.png
Pareto Front (5 of 13)____
    0: S=000 R=0.999648 C=29.00 <-- [x1**2*(1.0020998216704323*x1 - 0.02280476259241752 - 4.0646594705207651/(x1 + 0.5885303931684776/x1)) + 0.9858967259940732]
    1: S=000 R=0.999616 C=27.00 <-- [x1*(0.6613638034893566*x1*(1.497772492601935*x1 + 0.30880344073435873 - 28.161709997439732/(x1 + 0.2528412274655134) - 1.497772492601935/x1) + 14.084969742811152)]
    2: S=000 R=0.999602 C=23.00 <-- [0.49599787292379105*x1*(x1*(2*x1 - 170.93373589526175 + 747.9950822798614/(4.3666991096070324 + 1/x1)) + 28.34878789641437)]
    3: S=000 R=0.999176 C=21.00 <-- [x1*(1.0034400914912167*x1*(x1 - 23.207922792248684/(x1 + 0.14327446596641719)) + 18.702177396325187)]
    4: S=000 R=0.998875 C=20.00 <-- [-1.0412734945542612*x1**2*(-0.9641308244358489*x1 + 4.488405349889334/(x1 + 0.5530237363384899)) + 1.2949982226249603]
  Saving Pareto Front plot to ./log/regression_config_regression_PQT.json_R2a.in_normal_0.0_2023-05-30-031318/dso_regression_config_regression_PQT.json_R2a.in_normal_0.0_plot_pf.png
-- ANALYZING LOG END ----------------
== POST-PROCESS END ===================
