['mul', 'pow', 'add', 1, 'add', 'X_0', 'add', 'pow', 'X_0', 2, 'add', 'pow', 'X_0', 3, 'pow', 'X_0', 4, -1, 'add', 'pow', 'X_0', 5, 'pow', 'X_0', 6]
--------------------
eq_name 	 R3
num_vars 	 1
vars_range_and_types 	 [{"name": "LogUniform", "range": [0.1, 10], "only_positive": true}]
function_set 	 ['add', 'sub', 'mul', 'div', 'pow', 'const']
eq_expression 	 mul,pow,add,1,add,X_0,add,pow,X_0,2,add,pow,X_0,3,pow,X_0,4,-1,add,pow,X_0,5,pow,X_0,6
expr 	 (X_0**6 + X_0**5)/(X_0**4 + X_0**3 + X_0**2 + X_0 + 1)
--------------------

== EXPERIMENT SETUP START ===========
Task type            : regression
Starting seed        : 0
Runs                 : 1
== EXPERIMENT SETUP END =============

== TRAINING SEED 0 START ============
self.dataX <dso.symbolic_data_generator.DataX object at 0x2b21069819e8>, self.data_query_oracle: <dso.symbolic_equation_evaluator_public.Equation_evaluator object at 0x2b20ed1e3d68>
generate dataset!
-- BUILDING PRIOR START -------------
WARNING: Skipping invalid 'RelationalConstraint' with arguments {'targets': [], 'effectors': [], 'relationship': None}. Reason: Prior disabled.
WARNING: Skipping invalid 'TrigConstraint' with arguments {}. Reason: There are no target Tokens.
WARNING: Skipping invalid 'UniformArityPrior' with arguments {}. Reason: Prior disabled.
WARNING: Skipping invalid 'LanguageModelPrior' with arguments {'weight': None}. Reason: Prior disabled.
LengthConstraint: Sequences have minimum length 4.
                  Sequences have maximum length 256.
RepeatConstraint: [const] cannot occur more than 10 times.
RelationalConstraint: [inv] cannot be a child of [inv].
ConstConstraint: [const] cannot be the only unique child of [inv, add, sub, mul, div].
NoInputsConstraint: Sequences contain at least one input variable Token.
SoftLengthPrior: No description available.
-- BUILDING PRIOR END ---------------

-- RUNNING EPOCHS START -------------
[00:00:00:32.45] Training epoch 1/14, current best R: 0.9998

	** New best
	Reward: 0.9998303557509671
	Count Off-policy: False
	Count On-policy: True
	Originally on Policy: True
	Invalid: False
	Traversal: mul,x1,div,x1,add,1.0001930317418828,div,inv,add,238.5012103086449,inv,x1,mul,add,-0.0015831563883924207,mul,x1,0.004386613872495275,x1
	Expression:
	                                                   2                            
	                                                 x₁                             
	  ──────────────────────────────────────────────────────────────────────────────
	                                                             1                  
	  1.0001930317418828 + ─────────────────────────────────────────────────────────
	                          ⎛                    1 ⎞                              
	                       x₁⋅⎜238.5012103086449 + ──⎟⋅(0.004386613872495275⋅x₁ - 0.
	                          ⎝                    x₁⎠                              

                    
                    
	  ────────────────────
                    
	  ────────────────────
                    
	  0015831563883924207)
                    

[00:00:01:07.76] Training epoch 2/14, current best R: 0.9999

	** New best
	Reward: 0.9999025152922454
	Count Off-policy: False
	Count On-policy: True
	Originally on Policy: True
	Invalid: False
	Traversal: div,x1,div,1.0003984627822031,add,inv,add,div,sub,x1,add,sub,inv,sub,-0.002765324480079581,x1,x1,x1,-0.9347320021044252,0.4623165416239026,x1
	Expression:
	     ⎛                                                   0.99960169592714593    
	  x₁⋅⎜0.99960169592714593⋅x₁ + ─────────────────────────────────────────────────
	     ⎜                                                                          
	     ⎜                         -1.069825359299385⋅x₁ + 0.4623165416239026 + ────
	     ⎝                                                                      -x₁ 

	                        ⎞
	  ──────────────────────⎟
	  1.069825359299385     ⎟
	  ──────────────────────⎟
	  - 0.002765324480079581⎠

[00:00:02:59.25] Training epoch 6/14, current best R: 1.0000

	** New best
	Reward: 0.9999795844283522
	Count Off-policy: False
	Count On-policy: True
	Originally on Policy: True
	Invalid: False
	Traversal: mul,add,add,mul,x1,sub,0.009093880862950583,add,sub,div,inv,div,add,add,div,0.998176224124243,x1,x1,-0.5141989634714023,-0.9504570589377659,1.099271661135621,0.009093880863212016,x1,-0.000501373793935943,-0.0005013737943057779,-1.0008665148718234
	Expression:
	                          ⎛                                                 0.90
	  - 1.0008665148718234⋅x₁⋅⎜-x₁ + 0.0181877617261626 - ──────────────────────────
	                          ⎜                                                     
	                          ⎜                           -1.052125385988088⋅x₁ + 0.
	                          ⎝                                                     

	  96932408563441                     ⎞                        
	  ───────────────────────────────────⎟ + 0.0010036164839396174
	                    1.050206545090852⎟                        
	  541001782917024 - ─────────────────⎟                        
	                            x₁       ⎠                        

[00:00:04:31.45] Training epoch 9/14, current best R: 1.0000

	** New best
	Reward: 0.9999795845807012
	Count Off-policy: False
	Count On-policy: True
	Originally on Policy: True
	Invalid: False
	Traversal: add,sub,x1,-0.0010034256250246035,add,mul,div,sub,add,mul,inv,add,add,-0.5141420076302747,div,0.9981688316703996,x1,x1,-0.8646673615486881,x1,2.016446819660168,0.9991350009829301,x1,x1
	Expression:
	     ⎛                                                       0.8654159454908943 
	  x₁⋅⎜1.000865747888142⋅x₁ - 2.01819255423584 - ────────────────────────────────
	     ⎜                                                                    0.9981
	     ⎜                                          x₁ - 0.5141420076302747 + ──────
	     ⎝                                                                          

	              ⎞                               
	  ────────────⎟ + 2⋅x₁ + 0.0010034256250246035
	  688316703996⎟                               
	  ────────────⎟                               
	    x₁        ⎠                               

[00:00:05:06.66] Training epoch 10/14, current best R: 1.0000
[00:00:07:17.60] Ending training after epoch 14/14, current best R: 1.0000
-- RUNNING EPOCHS END ---------------

-- EVALUATION START ----------------
Saving Hall of Fame to ./log/regression_config_regression_DSR.json_R3.in_normal_0.0_2023-05-30-032833/dso_regression_config_regression_DSR.json_R3.in_normal_0.0_0_hof.csv
Saving Pareto Front to ./log/regression_config_regression_DSR.json_R3.in_normal_0.0_2023-05-30-032833/dso_regression_config_regression_DSR.json_R3.in_normal_0.0_0_pf.csv
Invalid expressions: 432 of 14336 (3.0%).
Error type counts:
  reciprocal: 304 (70.4%)
  true_divide: 128 (29.6%)
Error node counts:
  divide: 429 (99.3%)
  invalid: 3 (0.7%)
-- EVALUATION END ------------------
== TRAINING SEED 0 END ==============
INFO: Completed run 1 of 1 in 439 s

== POST-PROCESS START =================
-- LOADING LOGS START ----------------
Successfully loaded summary data
Successfully loaded Hall of Fame data
Successfully loaded Pareto Front data
-- LOADING LOGS END ------------------

-- ANALYZING LOG START --------------
Task_____________regression
Source path______./log/regression_config_regression_DSR.json_R3.in_normal_0.0_2023-05-30-032833
Runs_____________1
Max Samples/run__15000
Success_rate_____0.0
Hall of Fame (Top 5 of 100)____
    0: S=000 R=0.999980 <-- [x1*(1.000865747888142*x1 - 2.01819255423584 - 0.8654159454908943/(x1 - 0.5141420076302747 + 0.9981688316703996/x1)) + 2*x1 + 0.0010034256250246035]
    1: S=000 R=0.999980 <-- [-1.0008665148718234*x1*(-x1 + 0.0181877617261626 - 0.9096932408563441/(-1.052125385988088*x1 + 0.541001782917024 - 1.050206545090852/x1)) + 0.0010036164839396174]
    2: S=000 R=0.999969 <-- [x1*(1.00076761244616*x1 - 0.016856667750035159 - 0.8690787649757495/(x1 - 0.5098194109826812 + 1/x1))]
    3: S=000 R=0.999934 <-- [0.9523814952221907*x1*(1.049722375785688*x1 + 1.049722375785688/(-1.058352643123182*x1 + 0.3718288006060165 - 1.058352643123182/(1.1147259244587968*x1 - 0.057584226719805426))) - 0.00682444477731358]
    4: S=000 R=0.999932 <-- [x1**2/(0.99877414737678983 + 0.022311171822284953/(x1 + 0.003004645210438565 - 47.90717671332179/(1.2493803703441773 + 47.22876834090704/x1)))]
  Saving Hall of Fame plot to ./log/regression_config_regression_DSR.json_R3.in_normal_0.0_2023-05-30-032833/dso_regression_config_regression_DSR.json_R3.in_normal_0.0_plot_hof.png
Pareto Front (5 of 10)____
    0: S=000 R=0.999980 C=27.00 <-- [x1*(1.000865747888142*x1 - 2.01819255423584 - 0.8654159454908943/(x1 - 0.5141420076302747 + 0.9981688316703996/x1)) + 2*x1 + 0.0010034256250246035]
    1: S=000 R=0.999903 C=26.00 <-- [x1*(0.99960169592714593*x1 + 0.99960169592714593/(-1.069825359299385*x1 + 0.4623165416239026 + 1.069825359299385/(-x1 - 0.002765324480079581)))]
    2: S=000 R=0.999830 C=23.00 <-- [x1**2/(1.0001930317418828 + 1/(x1*(238.5012103086449 + 1/x1)*(0.004386613872495275*x1 - 0.0015831563883924207)))]
    3: S=000 R=0.999068 C=19.00 <-- [x1**2 - 1.0337741764538604 + 0.9302829304384281/(1.23978954847982*x1**2 + 0.8800156975278843)]
    4: S=000 R=0.996595 C=18.00 <-- [0.91117024784586071*x1*(x1 - 0.5939179515461916)*(x1 + 17.83482680346741)/(x1 + 14.121346347652947)]
  Saving Pareto Front plot to ./log/regression_config_regression_DSR.json_R3.in_normal_0.0_2023-05-30-032833/dso_regression_config_regression_DSR.json_R3.in_normal_0.0_plot_pf.png
-- ANALYZING LOG END ----------------
== POST-PROCESS END ===================
