['mul', 'pow', 'add', 1, 'add', 'X_0', 'add', 'pow', 'X_0', 2, 'add', 'pow', 'X_0', 3, 'pow', 'X_0', 4, -1, 'add', 'pow', 'X_0', 5, 'pow', 'X_0', 6]
--------------------
eq_name 	 R3a
num_vars 	 1
vars_range_and_types 	 [{"name": "LogUniform", "range": [0.1, 10], "only_positive": true}]
function_set 	 ['add', 'sub', 'mul', 'div', 'pow', 'const']
eq_expression 	 mul,pow,add,1,add,X_0,add,pow,X_0,2,add,pow,X_0,3,pow,X_0,4,-1,add,pow,X_0,5,pow,X_0,6
expr 	 (X_0**6 + X_0**5)/(X_0**4 + X_0**3 + X_0**2 + X_0 + 1)
--------------------

== EXPERIMENT SETUP START ===========
Task type            : regression
Starting seed        : 0
Runs                 : 1
== EXPERIMENT SETUP END =============

== TRAINING SEED 0 START ============
self.dataX <dso.symbolic_data_generator.DataX object at 0x2ad3cab75438>, self.data_query_oracle: <dso.symbolic_equation_evaluator_public.Equation_evaluator object at 0x2ad3b6855cf8>
generate dataset!
-- BUILDING PRIOR START -------------
WARNING: Skipping invalid 'RelationalConstraint' with arguments {'targets': [], 'effectors': [], 'relationship': None}. Reason: Prior disabled.
WARNING: Skipping invalid 'TrigConstraint' with arguments {}. Reason: There are no target Tokens.
WARNING: Skipping invalid 'UniformArityPrior' with arguments {}. Reason: Prior disabled.
WARNING: Skipping invalid 'LanguageModelPrior' with arguments {'weight': None}. Reason: Prior disabled.
LengthConstraint: Sequences have minimum length 4.
                  Sequences have maximum length 256.
RepeatConstraint: [const] cannot occur more than 10 times.
RelationalConstraint: [inv] cannot be a child of [inv].
ConstConstraint: [const] cannot be the only unique child of [inv, add, sub, mul, div].
NoInputsConstraint: Sequences contain at least one input variable Token.
SoftLengthPrior: No description available.
-- BUILDING PRIOR END ---------------

-- RUNNING EPOCHS START -------------
[00:00:00:30.46] Training epoch 1/14, current best R: 0.9998

	** New best
	Reward: 0.9998428216791191
	Count Off-policy: False
	Count On-policy: True
	Originally on Policy: True
	Invalid: False
	Traversal: add,mul,mul,mul,inv,add,inv,add,div,-5.244101246813404,add,inv,sub,x1,div,-0.7654210931025337,add,x1,0.8265727729454712,x1,2.5325941532885223,0.44186507494049326,0.8352042438230275,x1,x1,x1
	Expression:
	                                                  2                             
	                             0.8352042438230275⋅x₁                              
	  ──────────────────────────────────────────────────────────────────────────── +
	                                                  1                             
	  0.44186507494049326 + ──────────────────────────────────────────────────────  
	                                                     5.244101246813404          
	                        2.5325941532885223 - ─────────────────────────────────  
	                                                               1                
	                                             x₁ + ────────────────────────────  
	                                                          0.7654210931025337    
	                                                  x₁ + ───────────────────────  
	                                                       x₁ + 0.8265727729454712  

   
   
	   x₁
   
   
   
   
   
   
   
   
   

[00:00:00:58.84] Training epoch 2/14, current best R: 1.0000

	** New best
	Reward: 0.9999684955074236
	Count Off-policy: False
	Count On-policy: True
	Originally on Policy: True
	Invalid: False
	Traversal: mul,x1,add,sub,mul,mul,sub,mul,inv,add,x1,inv,add,x1,-0.5092998601361903,x1,-0.1509736649749509,x1,0.869487819247973,0.9467957489482858,0.9300564432150059
	Expression:
	     ⎛                     ⎛             x₁                                  ⎞  
	  x₁⋅⎜0.869487819247973⋅x₁⋅⎜──────────────────────────── + 0.1509736649749509⎟ -
	     ⎜                     ⎜                1                                ⎟  
	     ⎜                     ⎜x₁ + ───────────────────────                     ⎟  
	     ⎝                     ⎝     x₁ - 0.5092998601361903                     ⎠  

	                      ⎞
	   0.01673930573327991⎟
	                      ⎟
	                      ⎟
	                      ⎠

[00:00:05:21.02] Training epoch 10/14, current best R: 1.0000
[00:00:08:12.94] Training epoch 14/14, current best R: 1.0000

	** New best
	Reward: 0.9999704546892644
	Count Off-policy: False
	Count On-policy: True
	Originally on Policy: True
	Invalid: False
	Traversal: mul,mul,sub,x1,add,mul,inv,sub,0.3475107838342768,add,sub,div,div,sub,0.4000834811031682,mul,add,x1,1.6360166027443328,1.1131810404416764,x1,1.416420304233817,x1,1.6524784491063838,0.8632781337786489,0.017937648754882973,x1,1.0008369120169074
	Expression:
	                        ⎛                                                       
	  1.0008369120169074⋅x₁⋅⎜x₁ - 0.017937648754882973 - ───────────────────────────
	                        ⎜                                                     0.
	                        ⎜                            x₁ - 1.304967665272107 - ──
	                        ⎝                                                       

	          0.8632781337786489                                   ⎞
	  ─────────────────────────────────────────────────────────────⎟
	  7060051292761785⋅(-1.1131810404416764⋅x₁ - 1.421099182919625)⎟
	  ─────────────────────────────────────────────────────────────⎟
	                               x₁                              ⎠

[00:00:08:12.96] Ending training after epoch 14/14, current best R: 1.0000
-- RUNNING EPOCHS END ---------------

-- EVALUATION START ----------------
Saving Hall of Fame to ./log/regression_config_regression_PQT.json_R3a.in_normal_0.0_2023-05-30-032229/dso_regression_config_regression_PQT.json_R3a.in_normal_0.0_0_hof.csv
Saving Pareto Front to ./log/regression_config_regression_PQT.json_R3a.in_normal_0.0_2023-05-30-032229/dso_regression_config_regression_PQT.json_R3a.in_normal_0.0_0_pf.csv
Invalid expressions: 349 of 14336 (2.4%).
Error type counts:
  reciprocal: 253 (72.5%)
  true_divide: 96 (27.5%)
Error node counts:
  divide: 348 (99.7%)
  invalid: 1 (0.3%)

Priority queue entry 0:
	Reward: 0.9999704546892644
	Count Off-policy: False
	Count On-policy: True
	Originally on Policy: True
	Invalid: False
	Traversal: mul,mul,sub,x1,add,mul,inv,sub,0.3475107838342768,add,sub,div,div,sub,0.4000834811031682,mul,add,x1,1.6360166027443328,1.1131810404416764,x1,1.416420304233817,x1,1.6524784491063838,0.8632781337786489,0.017937648754882973,x1,1.0008369120169074
	Expression:
	                        ⎛                                                       
	  1.0008369120169074⋅x₁⋅⎜x₁ - 0.017937648754882973 - ───────────────────────────
	                        ⎜                                                     0.
	                        ⎜                            x₁ - 1.304967665272107 - ──
	                        ⎝                                                       

	          0.8632781337786489                                   ⎞
	  ─────────────────────────────────────────────────────────────⎟
	  7060051292761785⋅(-1.1131810404416764⋅x₁ - 1.421099182919625)⎟
	  ─────────────────────────────────────────────────────────────⎟
	                               x₁                              ⎠


Priority queue entry 1:
	Reward: 0.9999684955074236
	Count Off-policy: False
	Count On-policy: True
	Originally on Policy: True
	Invalid: False
	Traversal: mul,x1,add,sub,mul,mul,sub,mul,inv,add,x1,inv,add,x1,-0.5092998601361903,x1,-0.1509736649749509,x1,0.869487819247973,0.9467957489482858,0.9300564432150059
	Expression:
	     ⎛                     ⎛             x₁                                  ⎞  
	  x₁⋅⎜0.869487819247973⋅x₁⋅⎜──────────────────────────── + 0.1509736649749509⎟ -
	     ⎜                     ⎜                1                                ⎟  
	     ⎜                     ⎜x₁ + ───────────────────────                     ⎟  
	     ⎝                     ⎝     x₁ - 0.5092998601361903                     ⎠  

	                      ⎞
	   0.01673930573327991⎟
	                      ⎟
	                      ⎟
	                      ⎠


Priority queue entry 2:
	Reward: 0.9999611301645869
	Count Off-policy: False
	Count On-policy: True
	Originally on Policy: True
	Invalid: False
	Traversal: mul,div,mul,sub,add,mul,inv,div,sub,div,add,div,inv,sub,0.7650220308472707,div,div,0.46352728135646204,x1,1.2135431744534242,0.6687128611265818,x1,0.8343368563472745,2.3225388248640813,x1,0.6296278098553886,0.8984645841167327,0.843484281725525,x1,0.5798690037081647,x1
	Expression:
	                      2 ⎛                               0.6296278098553886⋅x₁   
	  1.724527425341186⋅x₁ ⋅⎜───────────────────────────────────────────────────────
	                        ⎜                                                       
	                        ⎜1.198556664963835⋅x₁ - 2.3225388248640813 + ───────────
	                        ⎜                                                       
	                        ⎜                                            0.765022030
	                        ⎝                                                       

	                                                     ⎞
	  ───────────────────────────── + 0.05498030239120767⎟
	  1.792333802201179                                  ⎟
	  ─────────────────────────────                      ⎟
	            0.38196192036202847                      ⎟
	  8472707 - ───────────────────                      ⎟
	                     x₁                              ⎠


Priority queue entry 3:
	Reward: 0.9999393700281453
	Count Off-policy: False
	Count On-policy: True
	Originally on Policy: True
	Invalid: False
	Traversal: mul,x1,add,x1,inv,add,mul,add,div,1.5270505680342739,mul,add,mul,mul,0.8863363729753129,x1,0.8863363729057167,1.3477394438449661,x1,x1,-1.0078424706904192,0.06326808803387925
	Expression:
	     ⎛                                                   1                      
	  x₁⋅⎜x₁ + ─────────────────────────────────────────────────────────────────────
	     ⎜                                                                   1.53902
	     ⎜     -1.0078424706904192⋅x₁ + 0.06326808803387925 - ──────────────────────
	     ⎝                                                    x₁⋅(0.7855921659973473

	                           ⎞
	  ─────────────────────────⎟
	  64173568707              ⎟
	  ─────────────────────────⎟
	  ⋅x₁ + 1.3477394438449661)⎠


Priority queue entry 4:
	Reward: 0.9999338632990905
	Count Off-policy: False
	Count On-policy: True
	Originally on Policy: True
	Invalid: False
	Traversal: mul,x1,add,add,x1,-0.005907446805781716,div,-1.8226357398316058,sub,add,add,add,x1,div,inv,x1,0.5027159872167299,0.5437630866555181,x1,1.4562530977798716
	Expression:
	     ⎛                                          1.8226357398316058              
	  x₁⋅⎜x₁ - 0.005907446805781716 - ──────────────────────────────────────────────
	     ⎜                                                         1.989194745001977
	     ⎜                            2⋅x₁ - 0.91249001112435349 + ─────────────────
	     ⎝                                                                 x₁       

	  ⎞
	  ⎟
	  ⎟
	  ⎟
	  ⎠


Priority queue entry 5:
	Reward: 0.9999264302155548
	Count Off-policy: False
	Count On-policy: True
	Originally on Policy: True
	Invalid: False
	Traversal: add,mul,div,add,x1,-0.183415265682735,add,add,0.49991492375032914,div,sub,inv,sub,0.27190747123570824,div,0.06788384829238903,x1,3.854219389401705,x1,0.499914923766566,x1,0.0016880786489247433
	Expression:
	                              x₁⋅(x₁ - 0.183415265682735)                       
	  ──────────────────────────────────────────────────────────────────────────────
	                                                                 1              
	                        -3.854219389401705 + ───────────────────────────────────
	                                                                   0.06788384829
	                                             0.27190747123570824 - ─────────────
	                                                                            x₁  
	  0.99982984751689513 + ────────────────────────────────────────────────────────
	                                                      x₁                        

                              
	  ────── + 0.0016880786489247433
                              
	  ──────                        
	  238903                        
	  ──────                        
                              
	  ──────                        
                              


Priority queue entry 6:
	Reward: 0.9998697050090154
	Count Off-policy: False
	Count On-policy: True
	Originally on Policy: True
	Invalid: False
	Traversal: mul,add,sub,add,div,x1,mul,0.9745832980691512,sub,add,add,inv,mul,add,-0.3624039851802877,x1,x1,1.0269221605109629,x1,x1,0.007388680202666068,x1,x1,x1
	Expression:
	     ⎛                        x₁                                              ⎞
	  x₁⋅⎜───────────────────────────────────────────────── + 0.007388680202666068⎟
	     ⎜                          0.9745832980691512                            ⎟
	     ⎜1.0008211860510725 + ────────────────────────────                       ⎟
	     ⎝                     x₁⋅(x₁ - 0.3624039851802877)                       ⎠


Priority queue entry 7:
	Reward: 0.9998428216791191
	Count Off-policy: False
	Count On-policy: True
	Originally on Policy: True
	Invalid: False
	Traversal: add,mul,mul,mul,inv,add,inv,add,div,-5.244101246813404,add,inv,sub,x1,div,-0.7654210931025337,add,x1,0.8265727729454712,x1,2.5325941532885223,0.44186507494049326,0.8352042438230275,x1,x1,x1
	Expression:
	                                                  2                             
	                             0.8352042438230275⋅x₁                              
	  ──────────────────────────────────────────────────────────────────────────── +
	                                                  1                             
	  0.44186507494049326 + ──────────────────────────────────────────────────────  
	                                                     5.244101246813404          
	                        2.5325941532885223 - ─────────────────────────────────  
	                                                               1                
	                                             x₁ + ────────────────────────────  
	                                                          0.7654210931025337    
	                                                  x₁ + ───────────────────────  
	                                                       x₁ + 0.8265727729454712  

   
   
	   x₁
   
   
   
   
   
   
   
   
   


Priority queue entry 8:
	Reward: 0.9998426508632143
	Count Off-policy: False
	Count On-policy: True
	Originally on Policy: True
	Invalid: False
	Traversal: div,mul,mul,inv,div,add,div,div,add,mul,inv,add,add,x1,-0.17315918687787632,-0.17315918687791035,1.9365698128684783,-0.011892219598540827,x1,1.328546819005226,1.4995695844000365,1.318832006702916,x1,x1,0.8800706762073394
	Expression:
	                                                        2                       
	                                    1.136272377929345⋅x₁                        
	  ──────────────────────────────────────────────────────────────────────────────
	                                          ⎛                           1.93656981
	                       0.5707338848061299⋅⎜-0.011892219598540827 + ─────────────
	                                          ⎝                        x₁ - 0.346318
	  1.1370436695337452 + ─────────────────────────────────────────────────────────
	                                                         x₁                     

            
            
	  ────────────
	  28684783   ⎞
	  ───────────⎟
	  37375578667⎠
	  ────────────
            


Priority queue entry 9:
	Reward: 0.9998329100246196
	Count Off-policy: False
	Count On-policy: True
	Originally on Policy: True
	Invalid: False
	Traversal: div,mul,x1,x1,add,1.000198375222607,inv,mul,sub,mul,add,sub,inv,div,inv,x1,1.6390047036165194,-0.05479372901948464,x1,x1,x1,0.39663344762244984
	Expression:
	                                                           2                    
	                                                         x₁                     
	  ──────────────────────────────────────────────────────────────────────────────
	                                                                    1           
	  1.000198375222607 + ──────────────────────────────────────────────────────────
	                      0.39663344762244984⋅x₁⋅(2.6390047036165194⋅x₁ + 0.05479372

                                   
                                   
	  ───────────────────────────────────
                                   
	  ───────────────────────────────────
	  901948464) - 0.39663344762244984⋅x₁

-- EVALUATION END ------------------
== TRAINING SEED 0 END ==============
INFO: Completed run 1 of 1 in 495 s

== POST-PROCESS START =================
-- LOADING LOGS START ----------------
Successfully loaded summary data
Successfully loaded Hall of Fame data
Successfully loaded Pareto Front data
-- LOADING LOGS END ------------------

-- ANALYZING LOG START --------------
Task_____________regression
Source path______./log/regression_config_regression_PQT.json_R3a.in_normal_0.0_2023-05-30-032229
Runs_____________1
Max Samples/run__15000
Success_rate_____0.0
Hall of Fame (Top 5 of 100)____
    0: S=000 R=0.999970 <-- [1.0008369120169074*x1*(x1 - 0.017937648754882973 - 0.8632781337786489/(x1 - 1.304967665272107 - 0.7060051292761785*(-1.1131810404416764*x1 - 1.421099182919625)/x1))]
    1: S=000 R=0.999968 <-- [x1*(0.869487819247973*x1*(x1/(x1 + 1/(x1 - 0.5092998601361903)) + 0.1509736649749509) - 0.01673930573327991)]
    2: S=000 R=0.999961 <-- [1.724527425341186*x1**2*(0.6296278098553886*x1/(1.198556664963835*x1 - 2.3225388248640813 + 1.792333802201179/(0.7650220308472707 - 0.38196192036202847/x1)) + 0.05498030239120767)]
    3: S=000 R=0.999939 <-- [x1*(x1 + 1/(-1.0078424706904192*x1 + 0.06326808803387925 - 1.5390264173568707/(x1*(0.7855921659973473*x1 + 1.3477394438449661))))]
    4: S=000 R=0.999934 <-- [x1*(x1 - 0.005907446805781716 - 1.8226357398316058/(2*x1 - 0.91249001112435349 + 1.989194745001977/x1))]
  Saving Hall of Fame plot to ./log/regression_config_regression_PQT.json_R3a.in_normal_0.0_2023-05-30-032229/dso_regression_config_regression_PQT.json_R3a.in_normal_0.0_plot_hof.png
Pareto Front (5 of 11)____
    0: S=000 R=0.999970 C=31.00 <-- [1.0008369120169074*x1*(x1 - 0.017937648754882973 - 0.8632781337786489/(x1 - 1.304967665272107 - 0.7060051292761785*(-1.1131810404416764*x1 - 1.421099182919625)/x1))]
    1: S=000 R=0.999968 C=23.00 <-- [x1*(0.869487819247973*x1*(x1/(x1 + 1/(x1 - 0.5092998601361903)) + 0.1509736649749509) - 0.01673930573327991)]
    2: S=000 R=0.999093 C=21.00 <-- [x1**2 - 0.948574505160514*x1/(x1 + 0.6353478858741138/x1**2) - 0.03784922145458128]
    3: S=000 R=0.997844 C=20.00 <-- [x1*(x1 + 26.51793271848083/(x1*(-x1 - 12.353948196784087 - 22.383700969406007/x1))) + 0.17489790054442692]
    4: S=000 R=0.997407 C=19.00 <-- [1.0039825688757935*x1*(x1 - 1.6646071878615616/(x1 + 1.129178869509455)) + 0.21302273237746721]
  Saving Pareto Front plot to ./log/regression_config_regression_PQT.json_R3a.in_normal_0.0_2023-05-30-032229/dso_regression_config_regression_PQT.json_R3a.in_normal_0.0_plot_pf.png
-- ANALYZING LOG END ----------------
== POST-PROCESS END ===================
