['mul', 10, 'pow', 'add', 5, 'add', 'pow', 'add', -3, 'X_0', 2, 'add', 'pow', 'add', -3, 'X_1', 2, 'add', 'pow', 'add', -3, 'X_2', 2, 'add', 'pow', 'add', -3, 'X_3', 2, 'pow', 'add', -3, 'X_4', 2, -1]
--------------------
eq_name 	 Vladislavleva_4
num_vars 	 5
vars_range_and_types 	 [{"name": "LogUniform", "range": [0.1, 10], "only_positive": true}, {"name": "LogUniform", "range": [0.1, 10], "only_positive": true}, {"name": "LogUniform", "range": [0.1, 10], "only_positive": true}, {"name": "LogUniform", "range": [0.1, 10], "only_positive": true}, {"name": "LogUniform", "range": [0.1, 10], "only_positive": true}]
function_set 	 ['add', 'sub', 'mul', 'div', 'pow', 'const']
eq_expression 	 mul,10,pow,add,5,add,pow,add,-3,X_0,2,add,pow,add,-3,X_1,2,add,pow,add,-3,X_2,2,add,pow,add,-3,X_3,2,pow,add,-3,X_4,2,-1
expr 	 10/((X_0 - 3)**2 + (X_1 - 3)**2 + (X_2 - 3)**2 + (X_3 - 3)**2 + (X_4 - 3)**2 + 5)
--------------------

== EXPERIMENT SETUP START ===========
Task type            : regression
Starting seed        : 0
Runs                 : 1
== EXPERIMENT SETUP END =============

== TRAINING SEED 0 START ============
self.dataX <dso.symbolic_data_generator.DataX object at 0x2af34eb8e080>, self.data_query_oracle: <dso.symbolic_equation_evaluator_public.Equation_evaluator object at 0x2af36dc2fda0>
generate dataset!
-- BUILDING PRIOR START -------------
WARNING: Skipping invalid 'RelationalConstraint' with arguments {'targets': [], 'effectors': [], 'relationship': None}. Reason: Prior disabled.
WARNING: Skipping invalid 'TrigConstraint' with arguments {}. Reason: There are no target Tokens.
WARNING: Skipping invalid 'UniformArityPrior' with arguments {}. Reason: Prior disabled.
WARNING: Skipping invalid 'LanguageModelPrior' with arguments {'weight': None}. Reason: Prior disabled.
LengthConstraint: Sequences have minimum length 4.
                  Sequences have maximum length 256.
RepeatConstraint: [const] cannot occur more than 10 times.
RelationalConstraint: [inv] cannot be a child of [inv].
ConstConstraint: [const] cannot be the only unique child of [inv, add, sub, mul, div].
NoInputsConstraint: Sequences contain at least one input variable Token.
SoftLengthPrior: No description available.
-- BUILDING PRIOR END ---------------

-- RUNNING EPOCHS START -------------
[00:00:00:03.37] Training epoch 1/14, current best R: 0.5078

	** New best
	Reward: 0.5077623350659464
	Count Off-policy: False
	Count On-policy: True
	Originally on Policy: True
	Invalid: False
	Traversal: sub,0.3315996363518811,inv,div,121.12413312585079,add,x3,x1
	Expression:
	  -0.0082559930394793972⋅x₁ - 0.0082559930394793972⋅x₃ + 0.3315996363518811

[00:00:00:14.91] Training epoch 5/14, current best R: 0.5089

	** New best
	Reward: 0.5089174374585801
	Count Off-policy: False
	Count On-policy: True
	Originally on Policy: True
	Invalid: False
	Traversal: div,sub,28.560040873309664,x2,add,84.69478877099462,add,x4,x1
	Expression:
	    28.560040873309664 - x₂  
	  ───────────────────────────
	  x₁ + x₄ + 84.69478877099462

[00:00:00:28.15] Training epoch 9/14, current best R: 0.5093

	** New best
	Reward: 0.5092922157873191
	Count Off-policy: False
	Count On-policy: True
	Originally on Policy: True
	Invalid: False
	Traversal: div,add,add,x4,x1,-36.71310896073839,div,add,118523.72645715708,x5,sub,mul,add,12.981859920046944,x4,inv,x2,1114.7907038591827
	Expression:
	  ⎛                      x₄ + 12.981859920046944⎞                              
	  ⎜-1114.7907038591827 + ───────────────────────⎟⋅(x₁ + x₄ - 36.71310896073839)
	  ⎝                                 x₂          ⎠                              
	  ─────────────────────────────────────────────────────────────────────────────
	                             x₅ + 118523.72645715708                           

[00:00:00:31.92] Training epoch 10/14, current best R: 0.5093
[00:00:00:43.23] Training epoch 13/14, current best R: 0.5179

	** New best
	Reward: 0.5178964887969254
	Count Off-policy: False
	Count On-policy: True
	Originally on Policy: True
	Invalid: False
	Traversal: add,0.33093257016400895,mul,div,add,sub,add,-21.08888980991869,x2,div,mul,div,x2,inv,x2,x2,x1,-21.088889809694603,4622.255628016668,x1
	Expression:
	     ⎛                                                                          
	     ⎜                                                   0.0002163445902772546⋅x
	  x₁⋅⎜0.0002163445902772546⋅x₂ - 0.0091249344506095755 - ───────────────────────
	     ⎝                                                               x₁         

	   3⎞                      
	  ₂ ⎟                      
	  ──⎟ + 0.33093257016400895
	    ⎠                      

[00:00:00:47.32] Training epoch 14/14, current best R: 0.5239

	** New best
	Reward: 0.5239101325083169
	Count Off-policy: False
	Count On-policy: True
	Originally on Policy: True
	Invalid: False
	Traversal: inv,add,1.866473515031548,add,1.8664735150315848,mul,x4,add,-0.6616424569461059,mul,mul,add,x5,sub,x5,-51.624616441788746,0.001998587006496868,x4
	Expression:
	                                                  1                             
	  ──────────────────────────────────────────────────────────────────────────────
	  x₄⋅(x₄⋅(0.003997174012993736⋅x₅ + 0.10317628763594356) - 0.6616424569461059) +

                   
	  ───────────────────
	   3.7329470300631328

[00:00:00:47.32] Ending training after epoch 14/14, current best R: 0.5239
-- RUNNING EPOCHS END ---------------

-- EVALUATION START ----------------
Saving Hall of Fame to ./log/regression_config_regression_DSR.json_Vladislavleva_4.in_normal_0.0_2023-05-30-035558/dso_regression_config_regression_DSR.json_Vladislavleva_4.in_normal_0.0_0_hof.csv
Saving Pareto Front to ./log/regression_config_regression_DSR.json_Vladislavleva_4.in_normal_0.0_2023-05-30-035558/dso_regression_config_regression_DSR.json_Vladislavleva_4.in_normal_0.0_0_pf.csv
Invalid expressions: 224 of 14336 (1.6%).
Error type counts:
  true_divide: 109 (48.7%)
  reciprocal: 115 (51.3%)
Error node counts:
  divide: 223 (99.6%)
  invalid: 1 (0.4%)
-- EVALUATION END ------------------
== TRAINING SEED 0 END ==============
INFO: Completed run 1 of 1 in 49 s

== POST-PROCESS START =================
-- LOADING LOGS START ----------------
Successfully loaded summary data
Successfully loaded Hall of Fame data
Successfully loaded Pareto Front data
-- LOADING LOGS END ------------------

-- ANALYZING LOG START --------------
Task_____________regression
Source path______./log/regression_config_regression_DSR.json_Vladislavleva_4.in_normal_0.0_2023-05-30-035558
Runs_____________1
Max Samples/run__15000
Success_rate_____0.0
Hall of Fame (Top 5 of 100)____
    0: S=000 R=0.523910 <-- [1/(x4*(x4*(0.003997174012993736*x5 + 0.10317628763594356) - 0.6616424569461059) + 3.7329470300631328)]
    1: S=000 R=0.517896 <-- [x1*(0.0002163445902772546*x2 - 0.0091249344506095755 - 0.0002163445902772546*x2**3/x1) + 0.33093257016400895]
    2: S=000 R=0.515351 <-- [-0.0032964338763187876*x4*(x3 + x4 - 7.452720582682597) + 0.29445153908196603]
    3: S=000 R=0.510695 <-- [1/(0.309596229464003*x5/(10.16485729709691 - x5) + 3.204458880883259)]
    4: S=000 R=0.510080 <-- [-14.712296047745369*x2**2/(x5 + 10721.499318505175) + 0.3112631964331737]
  Saving Hall of Fame plot to ./log/regression_config_regression_DSR.json_Vladislavleva_4.in_normal_0.0_2023-05-30-035558/dso_regression_config_regression_DSR.json_Vladislavleva_4.in_normal_0.0_plot_hof.png
Pareto Front (5 of 7)____
    0: S=000 R=0.523910 C=19.00 <-- [1/(x4*(x4*(0.003997174012993736*x5 + 0.10317628763594356) - 0.6616424569461059) + 3.7329470300631328)]
    1: S=000 R=0.515351 C=11.00 <-- [-0.0032964338763187876*x4*(x3 + x4 - 7.452720582682597) + 0.29445153908196603]
    2: S=000 R=0.508917 C=10.00 <-- [(28.560040873309664 - x2)/(x1 + x4 + 84.69478877099462)]
    3: S=000 R=0.506768 C=8.00 <-- [12.14612763168834/(x2 + x5 + 36.92379838069228)]
    4: S=000 R=0.504539 C=7.00 <-- [-0.002300798475236785*x1*x2 + 0.30682739435769135]
  Saving Pareto Front plot to ./log/regression_config_regression_DSR.json_Vladislavleva_4.in_normal_0.0_2023-05-30-035558/dso_regression_config_regression_DSR.json_Vladislavleva_4.in_normal_0.0_plot_pf.png
-- ANALYZING LOG END ----------------
== POST-PROCESS END ===================
