['mul', 'pow', 'add', 1.2, 'mul', 6.25, 'pow', 'add', -1, 'mul', 0.4, 'X_1', 2, -1, 'exp', 'mul', -1, 'pow', 'add', -1, 'X_0', 2]
--------------------
eq_name 	 Vladislavleva_1
num_vars 	 2
vars_range_and_types 	 [{"name": "LogUniform", "range": [0.1, 10], "only_positive": true}, {"name": "LogUniform", "range": [0.1, 10], "only_positive": true}]
function_set 	 ['add', 'sub', 'mul', 'div', 'n2', 'exp', 'expneg', 'const']
eq_expression 	 mul,pow,add,1.2,mul,6.25,pow,add,-1,mul,0.4,X_1,2,-1,exp,mul,-1,pow,add,-1,X_0,2
expr 	 exp(-(X_0 - 1)**2)/(6.25*(0.4*X_1 - 1)**2 + 1.2)
--------------------

== EXPERIMENT SETUP START ===========
Task type            : regression
Starting seed        : 0
Runs                 : 1
== EXPERIMENT SETUP END =============

== TRAINING SEED 0 START ============
self.dataX <dso.symbolic_data_generator.DataX object at 0x2b1ce87cab38>, self.data_query_oracle: <dso.symbolic_equation_evaluator_public.Equation_evaluator object at 0x2b1ccf026d68>
generate dataset!
-- BUILDING PRIOR START -------------
WARNING: Skipping invalid 'RelationalConstraint' with arguments {'targets': [], 'effectors': [], 'relationship': None}. Reason: Prior disabled.
WARNING: Skipping invalid 'TrigConstraint' with arguments {}. Reason: There are no target Tokens.
WARNING: Skipping invalid 'UniformArityPrior' with arguments {}. Reason: Prior disabled.
WARNING: Skipping invalid 'LanguageModelPrior' with arguments {'weight': None}. Reason: Prior disabled.
LengthConstraint: Sequences have minimum length 4.
                  Sequences have maximum length 256.
RepeatConstraint: [const] cannot occur more than 10 times.
RelationalConstraint: [inv] cannot be a child of [inv].
ConstConstraint: [const] cannot be the only unique child of [inv, add, sub, mul, div].
NoInputsConstraint: Sequences contain at least one input variable Token.
SoftLengthPrior: No description available.
-- BUILDING PRIOR END ---------------

-- RUNNING EPOCHS START -------------
gen	iter	pop_size	nevals	uncached_size	best_val              	timer 
0  	0   	1024    	1024  	1024         	(-0.5595445283984861,)	9.5574
1  	1   	1024    	784   	653          	(-0.5706474340549301,)	11.3797
2  	2   	1024    	777   	651          	(-0.6705357175298843,)	12.2447
3  	3   	1024    	736   	596          	(-0.7130250561052115,)	15.7284
4  	4   	1024    	791   	630          	(-0.7152137506670225,)	31.7632
5  	5   	1024    	789   	623          	(-0.7419205452836786,)	43.2755
6  	6   	1024    	792   	631          	(-0.7985324322846864,)	55.129 
7  	7   	1024    	751   	545          	(-0.8483125465888962,)	49.8976
8  	8   	1024    	790   	607          	(-0.863432720289444,) 	63.5591
9  	9   	1024    	784   	567          	(-0.8807457597565533,)	67.9709

--------------------------------------------------
GP Time: 360.755

Unique expressions evaluated: 7473
Total expression evaluations: 8018
--------------------------------------------------

GP -> best program this epoch:

	Reward: 0.8807457597565533
	Count Off-policy: 1
	Count On-policy: 0
	Originally on Policy: False
	Invalid: False
	Traversal: div,add,0.6916720165816879,x2,mul,add,add,mul,add,mul,inv,div,x1,div,add,x2,-3.2154757938888863,inv,add,add,x1,sub,mul,-0.07246093381321234,add,add,x2,inv,x1,-15.847347322712093,sub,x1,x1,x1,x2,0.5885293284001704,mul,x2,x2,173.19229790085,mul,x2,add,mul,div,sub,div,mul,mul,x1,x2,101.04072553402811,x2,205.966224781973,x2,x1,x1,0.08530075614205815
	Expression:
                                                                              
	  ──────────────────────────────────────────────────────────────────────────────
	                          ⎛                                                  ⎛  
	                          ⎜                     x₂⋅(x₂ - 3.2154757938888863)⋅⎜2⋅
	                        2 ⎜                                                  ⎝  
	  0.08530075614205815⋅x₂ ⋅⎜0.5885293284001704 + ────────────────────────────────
	                          ⎝                                                     

	                                    x₂ + 0.6916720165816879                     
	  ──────────────────────────────────────────────────────────────────────────────
	                                                     0.07246093381321234⎞⎞      
	  x₁ - 0.07246093381321234⋅x₂ + 1.1483135854660287 - ───────────────────⎟⎟      
	                                                              x₁        ⎠⎟      
	  ───────────────────────────────────────────────────────────────────────⎟ + 0.0
	                     x₁                                                  ⎠      

                                                                              
	  ──────────────────────────────────────────────────────────────────────────────
                                                                              
                                                                              
	                      ⎛     x₁⋅(101.04072553402811⋅x₁ - 205.966224781973)⎞      
	  8530075614205815⋅x₂⋅⎜x₁ + ─────────────────────────────────────────────⎟ + 14.
	                      ⎝                           x₂                     ⎠      

             
	  ─────────────
             
             
             
	  7734339689231
             

None

--------------------------------------------------

[00:00:06:22.83] Training epoch 1/14, current best R: 0.8807

	** New best
	Reward: 0.8807457597565533
	Count Off-policy: 1
	Count On-policy: 0
	Originally on Policy: False
	Invalid: False
	Traversal: div,add,0.6916720165816879,x2,mul,add,add,mul,add,mul,inv,div,x1,div,add,x2,-3.2154757938888863,inv,add,add,x1,sub,mul,-0.07246093381321234,add,add,x2,inv,x1,-15.847347322712093,sub,x1,x1,x1,x2,0.5885293284001704,mul,x2,x2,173.19229790085,mul,x2,add,mul,div,sub,div,mul,mul,x1,x2,101.04072553402811,x2,205.966224781973,x2,x1,x1,0.08530075614205815
	Expression:
                                                                              
	  ──────────────────────────────────────────────────────────────────────────────
	                          ⎛                                                  ⎛  
	                          ⎜                     x₂⋅(x₂ - 3.2154757938888863)⋅⎜2⋅
	                        2 ⎜                                                  ⎝  
	  0.08530075614205815⋅x₂ ⋅⎜0.5885293284001704 + ────────────────────────────────
	                          ⎝                                                     

	                                    x₂ + 0.6916720165816879                     
	  ──────────────────────────────────────────────────────────────────────────────
	                                                     0.07246093381321234⎞⎞      
	  x₁ - 0.07246093381321234⋅x₂ + 1.1483135854660287 - ───────────────────⎟⎟      
	                                                              x₁        ⎠⎟      
	  ───────────────────────────────────────────────────────────────────────⎟ + 0.0
	                     x₁                                                  ⎠      

                                                                              
	  ──────────────────────────────────────────────────────────────────────────────
                                                                              
                                                                              
	                      ⎛     x₁⋅(101.04072553402811⋅x₁ - 205.966224781973)⎞      
	  8530075614205815⋅x₂⋅⎜x₁ + ─────────────────────────────────────────────⎟ + 14.
	                      ⎝                           x₂                     ⎠      

             
	  ─────────────
             
             
             
	  7734339689231
             

10 	0   	1024    	1024  	1019         	(-0.577602781847132,) 	11.1541
11 	1   	1024    	772   	639          	(-0.618205411428182,) 	9.88692
12 	2   	1024    	777   	634          	(-0.6666116997345896,)	13.4946
13 	3   	1024    	760   	595          	(-0.6666116997345896,)	17.761 
14 	4   	1024    	769   	608          	(-0.7037463388963121,)	28.5759
15 	5   	1024    	783   	593          	(-0.787247160260154,) 	35.3997
16 	6   	1024    	788   	616          	(-0.8078347681432873,)	44.9293
17 	7   	1024    	788   	602          	(-0.8466575354980228,)	48.3357
18 	8   	1024    	768   	583          	(-0.8466575354980228,)	53.1022
19 	9   	1024    	786   	555          	(-0.8653816888435055,)	59.066 

--------------------------------------------------
GP Time: 321.954

Unique expressions evaluated: 14858
Total expression evaluations: 16033
--------------------------------------------------

GP -> best program this epoch:

	Reward: 0.8653816888435055
	Count Off-policy: 1
	Count On-policy: 0
	Originally on Policy: False
	Invalid: False
	Traversal: div,x2,mul,add,div,mul,div,2.290334937591016,x1,mul,-0.004840018394443661,x1,x2,add,x1,add,inv,x1,sub,div,div,0.147158148738755,inv,x2,x1,1.663930577434845,add,x1,add,div,add,mul,add,mul,div,0.007563745749505315,inv,x2,x2,-0.13201246630335375,x2,0.2593310191825925,inv,sub,add,add,mul,mul,x1,inv,mul,add,x1,x2,0.013924702763446225,x2,x2,x2,4.491235646281098,x1
	Expression:
                                                                              
	  ──────────────────────────────────────────────────────────────────────────────
	  ⎛       ⎛   ⎛                       2                      ⎞                  
	  ⎜2⋅x₁ + ⎝x₂⋅⎝0.007563745749505315⋅x₂  - 0.13201246630335375⎠ + 0.2593310191825
	  ⎝                                                                             

	                                          x₂                                    
	  ──────────────────────────────────────────────────────────────────────────────
	     ⎞ ⎛                      x₁⋅x₂                                             
	  925⎠⋅⎜───────────────────────────────────────────────── + 2⋅x₂ - 4.49123564628
	       ⎝0.013924702763446225⋅x₁ + 0.013924702763446225⋅x₂                       

                                                                              
	  ──────────────────────────────────────────────────────────────────────────────
	      ⎞⎞ ⎛                         0.01108526322737749   0.147158148738755⋅x₂   
	  1098⎟⎟⋅⎜x₁ - 1.663930577434845 - ─────────────────── + ──────────────────── + 
	      ⎠⎠ ⎝                                  x₂                    x₁            

   
	  ───
	  1 ⎞
	  ──⎟
	  x₁⎠

None

--------------------------------------------------

-- RUNNING EPOCHS END ---------------

-- EVALUATION START ----------------
Saving Hall of Fame to ./log/regression_config_regression_GPMELD.json_Vladislavleva_1.in_normal_0.0_2023-05-30-034205/dso_regression_config_regression_GPMELD.json_Vladislavleva_1.in_normal_0.0_0_hof.csv
Saving Pareto Front to ./log/regression_config_regression_GPMELD.json_Vladislavleva_1.in_normal_0.0_2023-05-30-034205/dso_regression_config_regression_GPMELD.json_Vladislavleva_1.in_normal_0.0_0_pf.csv
Invalid expressions: 225 of 18081 (1.2%).
Error type counts:
  reciprocal: 129 (57.3%)
  true_divide: 96 (42.7%)
Error node counts:
  divide: 224 (99.6%)
  invalid: 1 (0.4%)
-- EVALUATION END ------------------
== TRAINING SEED 0 END ==============
INFO: Completed run 1 of 1 in 719 s

== POST-PROCESS START =================
-- LOADING LOGS START ----------------
Successfully loaded summary data
Successfully loaded Hall of Fame data
Successfully loaded Pareto Front data
-- LOADING LOGS END ------------------

-- ANALYZING LOG START --------------
Task_____________regression
Source path______./log/regression_config_regression_GPMELD.json_Vladislavleva_1.in_normal_0.0_2023-05-30-034205
Runs_____________1
Max Samples/run__15000
Success_rate_____0.0
Hall of Fame (Top 5 of 100)____
    0: S=000 R=0.880746 <-- [(x2 + 0.6916720165816879)/(0.08530075614205815*x2**2*(0.5885293284001704 + x2*(x2 - 3.2154757938888863)*(2*x1 - 0.07246093381321234*x2 + 1.1483135854660287 - 0.07246093381321234/x1)/x1) + 0.08530075614205815*x2*(x1 + x1*(101.04072553402811*x1 - 205.966224781973)/x2) + 14.7734339689231)]
    1: S=000 R=0.880746 <-- [(x2 + 0.6916720165816879)/(0.08530075614205815*x2**2*(0.5885293284001704 + x2*(x2 - 3.2154757938888863)*(2*x1 - 0.07246093381321234*x2 + 1.1483135854660287 - 0.07246093381321234/x1)/x1) + 0.08530075614205815*x2*(x1 + x1*(101.04072553402811*x1 - 205.966224781973)/x2) + 14.7734339689231)]
    2: S=000 R=0.865382 <-- [x2/((2*x1 + (x2*(0.007563745749505315*x2**2 - 0.13201246630335375) + 0.2593310191825925)*(x1*x2/(0.013924702763446225*x1 + 0.013924702763446225*x2) + 2*x2 - 4.491235646281098))*(x1 - 1.663930577434845 - 0.01108526322737749/x2 + 0.147158148738755*x2/x1 + 1/x1))]
    3: S=000 R=0.865382 <-- [x2/((2*x1 + (x2*(0.007563745749505315*x2**2 - 0.13201246630335375) + 0.2593310191825925)*(x1*x2/(0.013924702763446225*x1 + 0.013924702763446225*x2) + 2*x2 - 4.491235646281098))*(x1 - 1.663930577434845 - 0.01108526322737749/x2 + 0.147158148738755*x2/x1 + 1/x1))]
    4: S=000 R=0.863433 <-- [(x2 + 25.711698572908816)/(x1*(-82.84074759617751 + x2*(3.078917036584733*x1 + 3.078917036584733*x1*(29173.91506090521*x1 - 5450.568845140442)/(x1 + (-0.001112168079016593*x1 + 3332.997306595967*x2 + x1**(-2))/x1) + 35.707894790859108*x2 - 178.9296149918406)/x1) + x2 + 304.78646788100826)]
  Saving Hall of Fame plot to ./log/regression_config_regression_GPMELD.json_Vladislavleva_1.in_normal_0.0_2023-05-30-034205/dso_regression_config_regression_GPMELD.json_Vladislavleva_1.in_normal_0.0_plot_hof.png
Pareto Front (5 of 17)____
    0: S=000 R=0.880746 C=66.00 <-- [(x2 + 0.6916720165816879)/(0.08530075614205815*x2**2*(0.5885293284001704 + x2*(x2 - 3.2154757938888863)*(2*x1 - 0.07246093381321234*x2 + 1.1483135854660287 - 0.07246093381321234/x1)/x1) + 0.08530075614205815*x2*(x1 + x1*(101.04072553402811*x1 - 205.966224781973)/x2) + 14.7734339689231)]
    1: S=000 R=0.860261 C=52.00 <-- [(x2 + 16.67225523161718)/(x2*(-149.55547134250605 + (x1 + 0.009981440323410223)*(0.01380413586338599*x1**2*(2183.0819992430042*x1 - 3450.7847156007592)/x2 + 0.01380413586338599*x1 + 23.928614043026149*x2 + 28.965461029757252)/x1) + x2 + 185.47620448519743)]
    2: S=000 R=0.857610 C=50.00 <-- [(x2 + 9.93535793410594)/(x2*(-64.56496158506147 + x2*(22.565600131707817*x1**2*(1.7278253498652025*x1 - 3.4373262620044458)/x2**2 + 13.0601640790569*x1 + 0.27734117979849068*x2 - 0.9723398736552248)/x1) + x2 + 130.9350238392689)]
    3: S=000 R=0.855509 C=48.00 <-- [(x2 + 26.075739508365555)/(x1*(-145.5655263472514 + x2*(10.16333971881426*x1**2*(x1 + 4.593140895046684)/x2 + 10.16333971881426*x1 + 36.307479317615206*x2 - 186.32638290714717)/x1) + x1 + 331.9594100751551)]
    4: S=000 R=0.848629 C=42.00 <-- [(x2 - 0.007958794420987656)/(x2*((x2 - 23.05088908236055)*(236.9508270882549*x2 + 4285.4996847083057)/(x1*(x1 - 1.8679640643959212) + 195.15658680057516) + 516.0058723581269) + x2 + 0.07478460474306461/x1)]
  Saving Pareto Front plot to ./log/regression_config_regression_GPMELD.json_Vladislavleva_1.in_normal_0.0_2023-05-30-034205/dso_regression_config_regression_GPMELD.json_Vladislavleva_1.in_normal_0.0_plot_pf.png
-- ANALYZING LOG END ----------------
== POST-PROCESS END ===================
