['mul', 'pow', 'add', 1.2, 'mul', 6.25, 'pow', 'add', -1, 'mul', 0.4, 'X_1', 2, -1, 'exp', 'mul', -1, 'pow', 'add', -1, 'X_0', 2]
--------------------
eq_name 	 Vladislavleva_1
num_vars 	 2
vars_range_and_types 	 [{"name": "LogUniform", "range": [0.1, 10], "only_positive": true}, {"name": "LogUniform", "range": [0.1, 10], "only_positive": true}]
function_set 	 ['add', 'sub', 'mul', 'div', 'n2', 'exp', 'expneg', 'const']
eq_expression 	 mul,pow,add,1.2,mul,6.25,pow,add,-1,mul,0.4,X_1,2,-1,exp,mul,-1,pow,add,-1,X_0,2
expr 	 exp(-(X_0 - 1)**2)/(6.25*(0.4*X_1 - 1)**2 + 1.2)
--------------------

== EXPERIMENT SETUP START ===========
Task type            : regression
Starting seed        : 0
Runs                 : 1
== EXPERIMENT SETUP END =============

== TRAINING SEED 0 START ============
self.dataX <dso.symbolic_data_generator.DataX object at 0x2b7639dd4400>, self.data_query_oracle: <dso.symbolic_equation_evaluator_public.Equation_evaluator object at 0x2b7620631da0>
generate dataset!
-- BUILDING PRIOR START -------------
WARNING: Skipping invalid 'RelationalConstraint' with arguments {'targets': [], 'effectors': [], 'relationship': None}. Reason: Prior disabled.
WARNING: Skipping invalid 'TrigConstraint' with arguments {}. Reason: There are no target Tokens.
WARNING: Skipping invalid 'UniformArityPrior' with arguments {}. Reason: Prior disabled.
WARNING: Skipping invalid 'LanguageModelPrior' with arguments {'weight': None}. Reason: Prior disabled.
LengthConstraint: Sequences have minimum length 4.
                  Sequences have maximum length 256.
RepeatConstraint: [const] cannot occur more than 10 times.
RelationalConstraint: [inv] cannot be a child of [inv].
ConstConstraint: [const] cannot be the only unique child of [inv, add, sub, mul, div].
NoInputsConstraint: Sequences contain at least one input variable Token.
SoftLengthPrior: No description available.
-- BUILDING PRIOR END ---------------

-- RUNNING EPOCHS START -------------
[00:00:00:12.22] Training epoch 1/14, current best R: 0.6816

	** New best
	Reward: 0.6816498002409667
	Count Off-policy: False
	Count On-policy: True
	Originally on Policy: True
	Invalid: False
	Traversal: div,inv,sub,0.6463322933186897,div,mul,add,sub,add,mul,4.908391595586131,inv,x2,add,mul,mul,x2,-4.468575040553462e-05,-4.127477038954252e-05,x2,6.566690265130503,x1,x1,-2.278987022927027,7.3296029297162875
	Expression:
	                                               0.13643303867740456              
	  ──────────────────────────────────────────────────────────────────────────────
	                        ⎛                                                4.90839
	  0.4387914410831728⋅x₁⋅⎜x₁ + 1.000000001844394⋅x₂ - 6.566690265130503 + ───────
	                        ⎝                                                       

                                
	  ────────────────────────────────
	  1595586131⎞                     
	  ──────────⎟ + 0.6463322933186897
	   x₂       ⎠                     

[00:00:02:22.20] Training epoch 10/14, current best R: 0.6816
[00:00:03:41.85] Ending training after epoch 14/14, current best R: 0.6816
-- RUNNING EPOCHS END ---------------

-- EVALUATION START ----------------
Saving Hall of Fame to ./log/regression_config_regression_VPG.json_Vladislavleva_1.in_normal_0.0_2023-05-30-034203/dso_regression_config_regression_VPG.json_Vladislavleva_1.in_normal_0.0_0_hof.csv
Saving Pareto Front to ./log/regression_config_regression_VPG.json_Vladislavleva_1.in_normal_0.0_2023-05-30-034203/dso_regression_config_regression_VPG.json_Vladislavleva_1.in_normal_0.0_0_pf.csv
Invalid expressions: 343 of 14336 (2.4%).
Error type counts:
  reciprocal: 214 (62.4%)
  true_divide: 129 (37.6%)
Error node counts:
  divide: 343 (100.0%)
-- EVALUATION END ------------------
== TRAINING SEED 0 END ==============
INFO: Completed run 1 of 1 in 223 s

== POST-PROCESS START =================
-- LOADING LOGS START ----------------
Successfully loaded summary data
Successfully loaded Hall of Fame data
Successfully loaded Pareto Front data
-- LOADING LOGS END ------------------

-- ANALYZING LOG START --------------
Task_____________regression
Source path______./log/regression_config_regression_VPG.json_Vladislavleva_1.in_normal_0.0_2023-05-30-034203
Runs_____________1
Max Samples/run__15000
Success_rate_____0.0
Hall of Fame (Top 5 of 100)____
    0: S=000 R=0.681650 <-- [0.13643303867740456/(0.4387914410831728*x1*(x1 + 1.000000001844394*x2 - 6.566690265130503 + 4.908391595586131/x2) + 0.6463322933186897)]
    1: S=000 R=0.631361 <-- [1/(x1 + x2*(1.6518760021070005*x2 - 8.2826806325359135) + 11.821003179427994)]
    2: S=000 R=0.631358 <-- [1/(0.97872611827348225*x1 + 0.97872611827348225*x2*(0.0004470723990081518*x2*(x1 + 3788.859268262499) - 9.493414983172299) + 0.97872611827348225*x2 + 11.864286485914029)]
    3: S=000 R=0.628030 <-- [1/(x1*x2*(0.909586246330674*x1 + 0.909586246330674*(-3.018532628679357 + (-x1 + x2 + 7.37018067236996/x2**2)/x1)/x2))]
    4: S=000 R=0.623138 <-- [1/(1.012860415629553*x1 + x2**2*(0.5674415379762488*x2 - 2.039061540692933) - x2 + 7.755981824229624)]
  Saving Hall of Fame plot to ./log/regression_config_regression_VPG.json_Vladislavleva_1.in_normal_0.0_2023-05-30-034203/dso_regression_config_regression_VPG.json_Vladislavleva_1.in_normal_0.0_plot_hof.png
Pareto Front (5 of 12)____
    0: S=000 R=0.681650 C=29.00 <-- [0.13643303867740456/(0.4387914410831728*x1*(x1 + 1.000000001844394*x2 - 6.566690265130503 + 4.908391595586131/x2) + 0.6463322933186897)]
    1: S=000 R=0.631361 C=26.00 <-- [1/(x1 + x2*(1.6518760021070005*x2 - 8.2826806325359135) + 11.821003179427994)]
    2: S=000 R=0.623138 C=23.00 <-- [1/(1.012860415629553*x1 + x2**2*(0.5674415379762488*x2 - 2.039061540692933) - x2 + 7.755981824229624)]
    3: S=000 R=0.600398 C=22.00 <-- [1/(0.9761659159490422*x1 + 2.9800912438507074*x2 - 11.591645948125788 + 14.620025078782058/x2)]
    4: S=000 R=0.596976 C=19.00 <-- [1/(x1 + 2*x2 - 6.9134990033886385 + 9.492946039315704/x2)]
  Saving Pareto Front plot to ./log/regression_config_regression_VPG.json_Vladislavleva_1.in_normal_0.0_2023-05-30-034203/dso_regression_config_regression_VPG.json_Vladislavleva_1.in_normal_0.0_plot_pf.png
-- ANALYZING LOG END ----------------
== POST-PROCESS END ===================
