['add', 'mul', 'add', -3, 'X_0', 'add', -3, 'X_1', 'mul', 2, 'mul', 'add', -4, 'X_1', 'sin', 'add', -4, 'X_0']
--------------------
eq_name 	 Vladislavleva_7
num_vars 	 2
vars_range_and_types 	 [{"name": "LogUniform", "range": [0.1, 10], "only_positive": true}, {"name": "LogUniform", "range": [0.1, 10], "only_positive": true}]
function_set 	 ['add', 'sub', 'mul', 'div', 'const', 'sin', 'cos', 'const']
eq_expression 	 add,mul,add,-3,X_0,add,-3,X_1,mul,2,mul,add,-4,X_1,sin,add,-4,X_0
expr 	 (X_0 - 3)*(X_1 - 3) + 2*(X_1 - 4)*sin(X_0 - 4)
--------------------

== EXPERIMENT SETUP START ===========
Task type            : regression
Starting seed        : 0
Runs                 : 1
== EXPERIMENT SETUP END =============

== TRAINING SEED 0 START ============
self.dataX <dso.symbolic_data_generator.DataX object at 0x2b59dfac56d8>, self.data_query_oracle: <dso.symbolic_equation_evaluator_public.Equation_evaluator object at 0x2b59ca30bd30>
generate dataset!
-- BUILDING PRIOR START -------------
WARNING: Skipping invalid 'RelationalConstraint' with arguments {'targets': [], 'effectors': [], 'relationship': None}. Reason: Prior disabled.
WARNING: Skipping invalid 'TrigConstraint' with arguments {}. Reason: There are no target Tokens.
WARNING: Skipping invalid 'UniformArityPrior' with arguments {}. Reason: Prior disabled.
WARNING: Skipping invalid 'LanguageModelPrior' with arguments {'weight': None}. Reason: Prior disabled.
LengthConstraint: Sequences have minimum length 4.
                  Sequences have maximum length 256.
RepeatConstraint: [const] cannot occur more than 10 times.
RelationalConstraint: [inv] cannot be a child of [inv].
ConstConstraint: [const] cannot be the only unique child of [inv, add, sub, mul, div].
NoInputsConstraint: Sequences contain at least one input variable Token.
SoftLengthPrior: No description available.
-- BUILDING PRIOR END ---------------

-- RUNNING EPOCHS START -------------
[00:00:00:10.82] Training epoch 1/14, current best R: 0.5644

	** New best
	Reward: 0.5643728228861173
	Count Off-policy: False
	Count On-policy: True
	Originally on Policy: True
	Invalid: False
	Traversal: mul,mul,sub,7932.913507669792,x1,add,-2.8042270862761454,x2,inv,div,24978.251937305584,sub,x1,div,add,0.8586988152491442,x1,x1
	Expression:
	                           ⎛                           4.0034827197273857e-5⋅(x₁
	  (7932.913507669792 - x₁)⋅⎜4.0034827197273857e-5⋅x₁ - ─────────────────────────
	                           ⎝                                                  x₁

	   + 0.8586988152491442)⎞                          
	  ──────────────────────⎟⋅(x₂ - 2.8042270862761454)
	                        ⎠                          

[00:00:00:19.96] Training epoch 2/14, current best R: 0.6378

	** New best
	Reward: 0.6378341181591421
	Count Off-policy: False
	Count On-policy: True
	Originally on Policy: True
	Invalid: False
	Traversal: add,x1,sub,div,add,-3.0000462755252824,x1,inv,add,x2,-2.8295143428310365,add,inv,div,x2,x2,x1
	Expression:
	  (x₁ - 3.0000462755252824)⋅(x₂ - 2.8295143428310365) - 1

[00:00:00:28.25] Training epoch 3/14, current best R: 0.6549

	** New best
	Reward: 0.6549116824969213
	Count Off-policy: False
	Count On-policy: True
	Originally on Policy: True
	Invalid: False
	Traversal: mul,sub,x2,2.79916697034712,add,-2.599214736003809,sub,mul,x2,-0.8378475703108839,mul,add,x2,x1,-0.8451989039492114
	Expression:
	  (x₂ - 2.79916697034712)⋅(0.8451989039492114⋅x₁ + 0.007351333638327504⋅x₂ - 2.5
	  99214736003809)

[00:00:00:47.25] Training epoch 5/14, current best R: 0.6558

	** New best
	Reward: 0.6558265320599768
	Count Off-policy: False
	Count On-policy: True
	Originally on Policy: True
	Invalid: False
	Traversal: mul,sub,div,x1,div,inv,x2,-0.10266008861069038,inv,div,inv,x1,-0.29192672428007,sub,div,18.104567648870297,x1,x1
	Expression:
	  ⎛      18.104567648870297⎞                                                   
	  ⎜-x₁ + ──────────────────⎟⋅(-0.10266008861069038⋅x₁⋅x₂ + 0.29192672428007⋅x₁)
	  ⎝              x₁        ⎠                                                   

[00:00:01:39.53] Training epoch 10/14, current best R: 0.6558
[00:00:02:30.34] Ending training after epoch 14/14, current best R: 0.6558
-- RUNNING EPOCHS END ---------------

-- EVALUATION START ----------------
Saving Hall of Fame to ./log/regression_config_regression_PQT.json_Vladislavleva_7.in_normal_0.0_2023-05-30-040929/dso_regression_config_regression_PQT.json_Vladislavleva_7.in_normal_0.0_0_hof.csv
Saving Pareto Front to ./log/regression_config_regression_PQT.json_Vladislavleva_7.in_normal_0.0_2023-05-30-040929/dso_regression_config_regression_PQT.json_Vladislavleva_7.in_normal_0.0_0_pf.csv
Invalid expressions: 375 of 14336 (2.6%).
Error type counts:
  reciprocal: 232 (61.9%)
  true_divide: 143 (38.1%)
Error node counts:
  divide: 374 (99.7%)
  invalid: 1 (0.3%)

Priority queue entry 0:
	Reward: 0.6558265320599768
	Count Off-policy: False
	Count On-policy: True
	Originally on Policy: True
	Invalid: False
	Traversal: mul,sub,div,x1,div,inv,x2,-0.10266008861069038,inv,div,inv,x1,-0.29192672428007,sub,div,18.104567648870297,x1,x1
	Expression:
	  ⎛      18.104567648870297⎞                                                   
	  ⎜-x₁ + ──────────────────⎟⋅(-0.10266008861069038⋅x₁⋅x₂ + 0.29192672428007⋅x₁)
	  ⎝              x₁        ⎠                                                   


Priority queue entry 1:
	Reward: 0.6551336175134935
	Count Off-policy: False
	Count On-policy: True
	Originally on Policy: True
	Invalid: False
	Traversal: inv,div,div,0.7032794730189823,add,sub,inv,div,add,inv,add,1.0931454759506787,mul,-0.3519658175735182,x1,0.024793100955175618,x2,3.055802626749698,x1,-1.6642828550090347
	Expression:
	                                                 2.3664601610860805⋅x₂          
	  -2.3664601610860805⋅x₁ - ─────────────────────────────────────────────────────
	                                                                      1         
	                           0.024793100955175618 + ──────────────────────────────
	                                                  1.0931454759506787 - 0.3519658

                                 
	  ──────────── + 7.2314351763453584
                                 
	  ────────────                     
	  175735182⋅x₁                     


Priority queue entry 2:
	Reward: 0.6549116824969213
	Count Off-policy: False
	Count On-policy: True
	Originally on Policy: True
	Invalid: False
	Traversal: mul,sub,x2,2.79916697034712,add,-2.599214736003809,sub,mul,x2,-0.8378475703108839,mul,add,x2,x1,-0.8451989039492114
	Expression:
	  (x₂ - 2.79916697034712)⋅(0.8451989039492114⋅x₁ + 0.007351333638327504⋅x₂ - 2.5
	  99214736003809)


Priority queue entry 3:
	Reward: 0.6548927659427629
	Count Off-policy: False
	Count On-policy: True
	Originally on Policy: True
	Invalid: False
	Traversal: div,mul,mul,add,inv,div,inv,sub,sub,div,mul,x2,add,x1,-3.1546986840497717,2.798956653144078,-3.056491332016427,x1,22.663552245318066,x2,x2,0.10438063312747625,x2
	Expression:
	  -2.3656359322839357⋅x₁ + 0.84518491189444051⋅x₂⋅(x₁ - 3.1546986840497717) + 0.
	  10438063312747625⋅x₂ + 7.2305457217324486


Priority queue entry 4:
	Reward: 0.6548927659216326
	Count Off-policy: False
	Count On-policy: True
	Originally on Policy: True
	Invalid: False
	Traversal: add,inv,div,inv,sub,x2,inv,div,1.0829763928599572,sub,div,x2,div,2.798947186881176,x1,x1,-2.5619166728008986,7.230486933995572
	Expression:
	  0.84518407679488868⋅x₁⋅x₂ - 2.3656255941418175⋅x₁ - 2.5619166728008986⋅x₂ + 7.
	  230486933995572


Priority queue entry 5:
	Reward: 0.654866402149448
	Count Off-policy: False
	Count On-policy: True
	Originally on Policy: True
	Invalid: False
	Traversal: mul,mul,sub,2.8081973841657297,x2,add,x1,-3.0383625647265493,sub,sub,x1,div,mul,x1,0.8443480078047657,x1,x1
	Expression:
	  -0.8443480078047657⋅(2.8081973841657297 - x₂)⋅(x₁ - 3.0383625647265493)


Priority queue entry 6:
	Reward: 0.6548605965552928
	Count Off-policy: False
	Count On-policy: True
	Originally on Policy: True
	Invalid: False
	Traversal: mul,add,mul,sub,1062.6349443241263,mul,div,inv,x1,div,0.0026437117021240546,x2,x1,add,x1,-3.0364723063209413,x2,-0.002231938974141757
	Expression:
	  -0.002231938974141757⋅x₂ - 0.002231938974141757⋅(1062.6349443241263 - 378.2560
	  7050744733⋅x₂)⋅(x₁ - 3.0364723063209413)


Priority queue entry 7:
	Reward: 0.6500496587716275
	Count Off-policy: False
	Count On-policy: True
	Originally on Policy: True
	Invalid: False
	Traversal: mul,add,-4.030798994875782,add,add,x2,div,x1,x1,mul,-0.9473999446019993,sub,x2,x1,add,-2.6854810774702673,x2
	Expression:
	  (x₂ - 2.6854810774702673)⋅(0.9473999446019993⋅x₁ + 0.05260005539800069⋅x₂ - 3.
	  030798994875782)


Priority queue entry 8:
	Reward: 0.6468078725734467
	Count Off-policy: False
	Count On-policy: True
	Originally on Policy: True
	Invalid: False
	Traversal: mul,add,x1,-2.904466429298095,add,x2,-2.7077638920802
	Expression:
	  (x₁ - 2.904466429298095)⋅(x₂ - 2.7077638920802)


Priority queue entry 9:
	Reward: 0.6465672952161279
	Count Off-policy: False
	Count On-policy: True
	Originally on Policy: True
	Invalid: False
	Traversal: div,sub,x2,2.7063901996345394,inv,sub,x1,div,x2,div,mul,x2,add,4374.049430859262,x1,12955.356611929757
	Expression:
	  ⎛       12955.356611929757  ⎞                          
	  ⎜x₁ - ──────────────────────⎟⋅(x₂ - 2.7063901996345394)
	  ⎝     x₁ + 4374.049430859262⎠                          

-- EVALUATION END ------------------
== TRAINING SEED 0 END ==============
INFO: Completed run 1 of 1 in 152 s

== POST-PROCESS START =================
-- LOADING LOGS START ----------------
Successfully loaded summary data
Successfully loaded Hall of Fame data
Successfully loaded Pareto Front data
-- LOADING LOGS END ------------------

-- ANALYZING LOG START --------------
Task_____________regression
Source path______./log/regression_config_regression_PQT.json_Vladislavleva_7.in_normal_0.0_2023-05-30-040929
Runs_____________1
Max Samples/run__15000
Success_rate_____0.0
Hall of Fame (Top 5 of 100)____
    0: S=000 R=0.655827 <-- [(-x1 + 18.104567648870297/x1)*(-0.10266008861069038*x1*x2 + 0.29192672428007*x1)]
    1: S=000 R=0.655134 <-- [-2.3664601610860805*x1 - 2.3664601610860805*x2/(0.024793100955175618 + 1/(1.0931454759506787 - 0.3519658175735182*x1)) + 7.2314351763453584]
    2: S=000 R=0.654912 <-- [(x2 - 2.79916697034712)*(0.8451989039492114*x1 + 0.007351333638327504*x2 - 2.599214736003809)]
    3: S=000 R=0.654893 <-- [-2.3656359322839357*x1 + 0.84518491189444051*x2*(x1 - 3.1546986840497717) + 0.10438063312747625*x2 + 7.2305457217324486]
    4: S=000 R=0.654893 <-- [-x1*(2.365644400896767 - 0.8451867515047905*x2) - 2.5619284701261993*x2 + 7.2305989563369017]
  Saving Hall of Fame plot to ./log/regression_config_regression_PQT.json_Vladislavleva_7.in_normal_0.0_2023-05-30-040929/dso_regression_config_regression_PQT.json_Vladislavleva_7.in_normal_0.0_plot_hof.png
Pareto Front (4 of 4)____
    0: S=000 R=0.655827 C=25.00 <-- [(-x1 + 18.104567648870297/x1)*(-0.10266008861069038*x1*x2 + 0.29192672428007*x1)]
    1: S=000 R=0.654912 C=15.00 <-- [(x2 - 2.79916697034712)*(0.8451989039492114*x1 + 0.007351333638327504*x2 - 2.599214736003809)]
    2: S=000 R=0.646808 C=7.00 <-- [(x1 - 2.904466429298095)*(x2 - 2.7077638920802)]
    3: S=000 R=0.512122 C=5.00 <-- [-x1 - x2 + 4.809509869850189]
  Saving Pareto Front plot to ./log/regression_config_regression_PQT.json_Vladislavleva_7.in_normal_0.0_2023-05-30-040929/dso_regression_config_regression_PQT.json_Vladislavleva_7.in_normal_0.0_plot_pf.png
-- ANALYZING LOG END ----------------
== POST-PROCESS END ===================
