['mul', 'pow', 'X_0', 3, 'mul', 'add', -1, 'mul', 'pow', 'sin', 'X_0', 2, 'cos', 'X_0', 'mul', 'cos', 'X_0', 'mul', 'exp', 'mul', -1, 'X_0', 'sin', 'X_0']
--------------------
eq_name 	 Vladislavleva_2
num_vars 	 1
vars_range_and_types 	 [{"name": "LogUniform", "range": [0.1, 10], "only_positive": true}]
function_set 	 ['add', 'sub', 'mul', 'div', 'pow', 'exp', 'expneg', 'sin', 'cos', 'const']
eq_expression 	 mul,pow,X_0,3,mul,add,-1,mul,pow,sin,X_0,2,cos,X_0,mul,cos,X_0,mul,exp,mul,-1,X_0,sin,X_0
expr 	 X_0**3*(sin(X_0)**2*cos(X_0) - 1)*exp(-X_0)*sin(X_0)*cos(X_0)
--------------------

== EXPERIMENT SETUP START ===========
Task type            : regression
Starting seed        : 0
Runs                 : 1
== EXPERIMENT SETUP END =============

== TRAINING SEED 0 START ============
self.dataX <dso.symbolic_data_generator.DataX object at 0x2addb1313588>, self.data_query_oracle: <dso.symbolic_equation_evaluator_public.Equation_evaluator object at 0x2addd0463d30>
generate dataset!
-- BUILDING PRIOR START -------------
WARNING: Skipping invalid 'RelationalConstraint' with arguments {'targets': [], 'effectors': [], 'relationship': None}. Reason: Prior disabled.
WARNING: Skipping invalid 'TrigConstraint' with arguments {}. Reason: There are no target Tokens.
WARNING: Skipping invalid 'UniformArityPrior' with arguments {}. Reason: Prior disabled.
WARNING: Skipping invalid 'LanguageModelPrior' with arguments {'weight': None}. Reason: Prior disabled.
LengthConstraint: Sequences have minimum length 4.
                  Sequences have maximum length 256.
RepeatConstraint: [const] cannot occur more than 10 times.
RelationalConstraint: [inv] cannot be a child of [inv].
ConstConstraint: [const] cannot be the only unique child of [inv, add, sub, mul, div].
NoInputsConstraint: Sequences contain at least one input variable Token.
SoftLengthPrior: No description available.
-- BUILDING PRIOR END ---------------

-- RUNNING EPOCHS START -------------
[00:00:00:18.75] Training epoch 1/14, current best R: 0.6236

	** New best
	Reward: 0.6235626474742331
	Count Off-policy: False
	Count On-policy: True
	Originally on Policy: True
	Invalid: False
	Traversal: inv,sub,2.229950943776539,add,x1,div,add,inv,div,add,x1,sub,div,5.29924357852609,x1,4.847300356377474,x1,6.812265237484671,x1
	Expression:
	                                             1                                  
	  ──────────────────────────────────────────────────────────────────────────────
	                                                x₁                              
	                            ───────────────────────────────────────── + 6.812265
	                                                     5.29924357852609           
	                            x₁ - 4.847300356377474 + ────────────────           
	                                                            x₁                  
	  -x₁ + 2.229950943776539 - ────────────────────────────────────────────────────
	                                                          x₁                    

         
	  ─────────
         
	  237484671
         
         
         
	  ─────────
         

[00:00:03:25.36] Training epoch 9/14, current best R: 0.6280

	** New best
	Reward: 0.6279938933800021
	Count Off-policy: False
	Count On-policy: True
	Originally on Policy: True
	Invalid: False
	Traversal: sub,0.005150955693035835,mul,add,sub,mul,-0.9842702668809398,sub,sub,add,mul,inv,sub,mul,sub,4.584807888478758,x1,x1,5.405067165182493,-0.07692665487700931,1.6003793735284715,x1,0.3959680526581154,x1,1.3168592109971815,x1
	Expression:
	       ⎛                                                              0.07571661
	  - x₁⋅⎜-0.0157297331190602⋅x₁ + 0.13139295876969089 + ─────────────────────────
	       ⎝                                               x₁⋅(4.584807888478758 - x

	  91260519              ⎞                       
	  ──────────────────────⎟ + 0.005150955693035835
	  ₁) - 5.405067165182493⎠                       

[00:00:03:54.49] Training epoch 10/14, current best R: 0.6280
[00:00:06:10.79] Training epoch 14/14, current best R: 0.6345

	** New best
	Reward: 0.6344681130639281
	Count Off-policy: False
	Count On-policy: True
	Originally on Policy: True
	Invalid: False
	Traversal: inv,sub,add,inv,add,inv,sub,add,mul,mul,div,inv,div,add,x1,inv,x1,1.9312235957292474,0.8937340163637826,1.8160920395660876,1.8266130761409856,x1,5.4683037367371465,x1,1.5054340550419298,x1
	Expression:
	                                                    1                           
	  ──────────────────────────────────────────────────────────────────────────────
	                                                                  1             
	  -x₁ + 1.5054340550419298 + ───────────────────────────────────────────────────
	                                                                    1           
	                             x₁ + ──────────────────────────────────────────────
	                                                                         3.71172
	                                  x₁ - 5.4683037367371465 + ────────────────────
                                                                              
	                                                            0.51780643225953906⋅
                                                                              

                        
	  ────────────────────────
                        
	  ────────────────────────
                        
	  ────────────────────────
	  78812365421             
	  ────────────────────────
	       0.51780643225953906
	  x₁ + ───────────────────
	                x₁        

[00:00:06:10.80] Ending training after epoch 14/14, current best R: 0.6345
-- RUNNING EPOCHS END ---------------

-- EVALUATION START ----------------
Saving Hall of Fame to ./log/regression_config_regression_DSR.json_Vladislavleva_2.in_normal_0.0_2023-05-30-034717/dso_regression_config_regression_DSR.json_Vladislavleva_2.in_normal_0.0_0_hof.csv
Saving Pareto Front to ./log/regression_config_regression_DSR.json_Vladislavleva_2.in_normal_0.0_2023-05-30-034717/dso_regression_config_regression_DSR.json_Vladislavleva_2.in_normal_0.0_0_pf.csv
Invalid expressions: 409 of 14336 (2.9%).
Error type counts:
  reciprocal: 274 (67.0%)
  true_divide: 135 (33.0%)
Error node counts:
  divide: 407 (99.5%)
  invalid: 2 (0.5%)
-- EVALUATION END ------------------
== TRAINING SEED 0 END ==============
INFO: Completed run 1 of 1 in 372 s

== POST-PROCESS START =================
-- LOADING LOGS START ----------------
Successfully loaded summary data
Successfully loaded Hall of Fame data
Successfully loaded Pareto Front data
-- LOADING LOGS END ------------------

-- ANALYZING LOG START --------------
Task_____________regression
Source path______./log/regression_config_regression_DSR.json_Vladislavleva_2.in_normal_0.0_2023-05-30-034717
Runs_____________1
Max Samples/run__15000
Success_rate_____0.0
Hall of Fame (Top 5 of 100)____
    0: S=000 R=0.634468 <-- [1/(-x1 + 1.5054340550419298 + 1/(x1 + 1/(x1 - 5.4683037367371465 + 3.7117278812365421/(0.51780643225953906*x1 + 0.51780643225953906/x1))))]
    1: S=000 R=0.627994 <-- [-x1*(-0.0157297331190602*x1 + 0.13139295876969089 + 0.0757166191260519/(x1*(4.584807888478758 - x1) - 5.405067165182493)) + 0.005150955693035835]
    2: S=000 R=0.623563 <-- [1/(-x1 + 2.229950943776539 - (x1/(x1 - 4.847300356377474 + 5.29924357852609/x1) + 6.812265237484671)/x1)]
    3: S=000 R=0.621861 <-- [-0.054892244917886406 + 1/(-1.4132618522208162*x1 - 3.735263893602751 + 1.4132618522208162/(3.844924990023405 - 1.2600236957389228*x1) + 15.6957438536657/x1)]
    4: S=000 R=0.621810 <-- [x1*(x1*(0.02283684182004041 - 1/(159.96429639809875 - 812.8263511121586/(x1*(4.446865244859562 - x1)))) - 0.14646434616795045) + 0.022778642919299017]
  Saving Hall of Fame plot to ./log/regression_config_regression_DSR.json_Vladislavleva_2.in_normal_0.0_2023-05-30-034717/dso_regression_config_regression_DSR.json_Vladislavleva_2.in_normal_0.0_plot_hof.png
Pareto Front (5 of 10)____
    0: S=000 R=0.634468 C=33.00 <-- [1/(-x1 + 1.5054340550419298 + 1/(x1 + 1/(x1 - 5.4683037367371465 + 3.7117278812365421/(0.51780643225953906*x1 + 0.51780643225953906/x1))))]
    1: S=000 R=0.627994 C=27.00 <-- [-x1*(-0.0157297331190602*x1 + 0.13139295876969089 + 0.0757166191260519/(x1*(4.584807888478758 - x1) - 5.405067165182493)) + 0.005150955693035835]
    2: S=000 R=0.623563 C=24.00 <-- [1/(-x1 + 2.229950943776539 - (x1/(x1 - 4.847300356377474 + 5.29924357852609/x1) + 6.812265237484671)/x1)]
    3: S=000 R=0.615756 C=18.00 <-- [-0.14292014743218984 - 0.007601728772915911/(x1*(-0.0825925648420728*x1 + 0.4816292985833825 - 1/(x1 + 1.092635093630247)))]
    4: S=000 R=0.587018 C=12.00 <-- [0.029637870254879038/(x1 - 4.612024673091985 + 5.387740657997665/x1)]
  Saving Pareto Front plot to ./log/regression_config_regression_DSR.json_Vladislavleva_2.in_normal_0.0_2023-05-30-034717/dso_regression_config_regression_DSR.json_Vladislavleva_2.in_normal_0.0_plot_pf.png
-- ANALYZING LOG END ----------------
== POST-PROCESS END ===================
