['mul', 'pow', 'X_1', -2, 'mul', 'pow', 'add', -10, 'X_0', -1, 'mul', 'add', -1, 'X_2', 'add', -30, 'mul', 30, 'X_0']
--------------------
eq_name 	 Vladislavleva_5
num_vars 	 3
vars_range_and_types 	 [{"name": "LogUniform", "range": [0.1, 10], "only_positive": true}, {"name": "LogUniform", "range": [0.1, 10], "only_positive": true}, {"name": "LogUniform", "range": [0.1, 10], "only_positive": true}]
function_set 	 ['add', 'sub', 'mul', 'div', 'n2', 'const']
eq_expression 	 mul,pow,X_1,-2,mul,pow,add,-10,X_0,-1,mul,add,-1,X_2,add,-30,mul,30,X_0
expr 	 (30*X_0 - 30)*(X_2 - 1)/(X_1**2*(X_0 - 10))
--------------------

== EXPERIMENT SETUP START ===========
Task type            : regression
Starting seed        : 0
Runs                 : 1
== EXPERIMENT SETUP END =============

== TRAINING SEED 0 START ============
self.dataX <dso.symbolic_data_generator.DataX object at 0x2b8eb816b208>, self.data_query_oracle: <dso.symbolic_equation_evaluator_public.Equation_evaluator object at 0x2b8ed720dda0>
generate dataset!
-- BUILDING PRIOR START -------------
WARNING: Skipping invalid 'RelationalConstraint' with arguments {'targets': [], 'effectors': [], 'relationship': None}. Reason: Prior disabled.
WARNING: Skipping invalid 'TrigConstraint' with arguments {}. Reason: There are no target Tokens.
WARNING: Skipping invalid 'UniformArityPrior' with arguments {}. Reason: Prior disabled.
WARNING: Skipping invalid 'LanguageModelPrior' with arguments {'weight': None}. Reason: Prior disabled.
LengthConstraint: Sequences have minimum length 4.
                  Sequences have maximum length 256.
RepeatConstraint: [const] cannot occur more than 10 times.
RelationalConstraint: [inv] cannot be a child of [inv].
ConstConstraint: [const] cannot be the only unique child of [inv, add, sub, mul, div].
NoInputsConstraint: Sequences contain at least one input variable Token.
SoftLengthPrior: No description available.
-- BUILDING PRIOR END ---------------

-- RUNNING EPOCHS START -------------
[00:00:00:02.63] Training epoch 1/14, current best R: 0.5219

	** New best
	Reward: 0.5219386609233105
	Count Off-policy: False
	Count On-policy: True
	Originally on Policy: True
	Invalid: False
	Traversal: mul,mul,x1,x3,sub,x1,div,x1,mul,x2,0.04262248425680448
	Expression:
	        ⎛     23.46179528098141⋅x₁⎞
	  x₁⋅x₃⋅⎜x₁ - ────────────────────⎟
	        ⎝              x₂         ⎠

[00:00:00:06.75] Training epoch 3/14, current best R: 0.5275

	** New best
	Reward: 0.5275399074619346
	Count Off-policy: False
	Count On-policy: True
	Originally on Policy: True
	Invalid: False
	Traversal: add,sub,1.0000262172265395,x1,add,sub,1.0000262172265395,mul,mul,div,x3,mul,2.206639887536742,mul,div,x2,x1,x2,x1,x1,1.0000262172265395
	Expression:
	                         3                             
	    0.4531777050021033⋅x₁ ⋅x₃                          
	  - ───────────────────────── - x₁ + 3.0000786516796185
	                 2                                     
	               x₂                                      

[00:00:00:13.34] Training epoch 6/14, current best R: 0.5296

	** New best
	Reward: 0.529579309738029
	Count Off-policy: False
	Count On-policy: True
	Originally on Policy: True
	Invalid: False
	Traversal: inv,div,sub,x3,mul,1.0014031439121915,div,1.0014031439121915,sub,x1,1.0012275997930273,mul,sub,sub,x1,x2,0.9999997613972612,x3
	Expression:
	  x₃⋅(x₁ - x₂ - 0.9999997613972612)
	  ─────────────────────────────────
	             1.0028082566372213    
	     x₃ - ───────────────────────  
	          x₁ - 1.0012275997930273  

[00:00:00:21.82] Training epoch 10/14, current best R: 0.5296
[00:00:00:32.64] Ending training after epoch 14/14, current best R: 0.5296
-- RUNNING EPOCHS END ---------------

-- EVALUATION START ----------------
Saving Hall of Fame to ./log/regression_config_regression_VPG.json_Vladislavleva_5.in_normal_0.0_2023-05-30-040133/dso_regression_config_regression_VPG.json_Vladislavleva_5.in_normal_0.0_0_hof.csv
Saving Pareto Front to ./log/regression_config_regression_VPG.json_Vladislavleva_5.in_normal_0.0_2023-05-30-040133/dso_regression_config_regression_VPG.json_Vladislavleva_5.in_normal_0.0_0_pf.csv
Invalid expressions: 281 of 14336 (2.0%).
Error type counts:
  true_divide: 124 (44.1%)
  reciprocal: 157 (55.9%)
Error node counts:
  divide: 281 (100.0%)
-- EVALUATION END ------------------
== TRAINING SEED 0 END ==============
INFO: Completed run 1 of 1 in 34 s

== POST-PROCESS START =================
-- LOADING LOGS START ----------------
Successfully loaded summary data
Successfully loaded Hall of Fame data
Successfully loaded Pareto Front data
-- LOADING LOGS END ------------------

-- ANALYZING LOG START --------------
Task_____________regression
Source path______./log/regression_config_regression_VPG.json_Vladislavleva_5.in_normal_0.0_2023-05-30-040133
Runs_____________1
Max Samples/run__15000
Success_rate_____0.0
Hall of Fame (Top 5 of 100)____
    0: S=000 R=0.529579 <-- [x3*(x1 - x2 - 0.9999997613972612)/(x3 - 1.0028082566372213/(x1 - 1.0012275997930273))]
    1: S=000 R=0.529571 <-- [x1*(3296.5392099659757*x1 + x2)*(-0.0010502241396262206*x1*x3/x2 + 0.021221061747478225)]
    2: S=000 R=0.528818 <-- [x1/(x2*x3*(-0.2964274945067817 + 29.65256911404279/x1**2))]
    3: S=000 R=0.528782 <-- [-1.355546244929692*x1**2/(x2*(x3 + x3/(6.84692582003899 - 0.78455161713362407*x1))) + 0.9720099819891185]
    4: S=000 R=0.528116 <-- [3.171493215300019*x3 + 31.66616431317812 - 3.171493215300019*(x1**2*(x1*x3 + 1) - 93.884197167570606)/x2]
  Saving Hall of Fame plot to ./log/regression_config_regression_VPG.json_Vladislavleva_5.in_normal_0.0_2023-05-30-040133/dso_regression_config_regression_VPG.json_Vladislavleva_5.in_normal_0.0_plot_hof.png
Pareto Front (5 of 7)____
    0: S=000 R=0.529579 C=21.00 <-- [x3*(x1 - x2 - 0.9999997613972612)/(x3 - 1.0028082566372213/(x1 - 1.0012275997930273))]
    1: S=000 R=0.528818 C=17.00 <-- [x1/(x2*x3*(-0.2964274945067817 + 29.65256911404279/x1**2))]
    2: S=000 R=0.521939 C=12.00 <-- [x1*x3*(x1 - 23.46179528098141*x1/x2)]
    3: S=000 R=0.513321 C=11.00 <-- [-132.05334664543997*x1*x3/x2]
    4: S=000 R=0.504906 C=9.00 <-- [-19.775682836185595*x1*x3*(x1 + x3)]
  Saving Pareto Front plot to ./log/regression_config_regression_VPG.json_Vladislavleva_5.in_normal_0.0_2023-05-30-040133/dso_regression_config_regression_VPG.json_Vladislavleva_5.in_normal_0.0_plot_pf.png
-- ANALYZING LOG END ----------------
== POST-PROCESS END ===================
