['add', 'mul', 'add', -3, 'X_0', 'add', -3, 'X_1', 'mul', 2, 'mul', 'add', -4, 'X_1', 'sin', 'add', -4, 'X_0']
--------------------
eq_name 	 Vladislavleva_7
num_vars 	 2
vars_range_and_types 	 [{"name": "LogUniform", "range": [0.1, 10], "only_positive": true}, {"name": "LogUniform", "range": [0.1, 10], "only_positive": true}]
function_set 	 ['add', 'sub', 'mul', 'div', 'const', 'sin', 'cos', 'const']
eq_expression 	 add,mul,add,-3,X_0,add,-3,X_1,mul,2,mul,add,-4,X_1,sin,add,-4,X_0
expr 	 (X_0 - 3)*(X_1 - 3) + 2*(X_1 - 4)*sin(X_0 - 4)
--------------------

== EXPERIMENT SETUP START ===========
Task type            : regression
Starting seed        : 0
Runs                 : 1
== EXPERIMENT SETUP END =============

== TRAINING SEED 0 START ============
self.dataX <dso.symbolic_data_generator.DataX object at 0x2b2a0cc9a630>, self.data_query_oracle: <dso.symbolic_equation_evaluator_public.Equation_evaluator object at 0x2b29f34b1d30>
generate dataset!
-- BUILDING PRIOR START -------------
WARNING: Skipping invalid 'RelationalConstraint' with arguments {'targets': [], 'effectors': [], 'relationship': None}. Reason: Prior disabled.
WARNING: Skipping invalid 'TrigConstraint' with arguments {}. Reason: There are no target Tokens.
WARNING: Skipping invalid 'UniformArityPrior' with arguments {}. Reason: Prior disabled.
WARNING: Skipping invalid 'LanguageModelPrior' with arguments {'weight': None}. Reason: Prior disabled.
LengthConstraint: Sequences have minimum length 4.
                  Sequences have maximum length 256.
RepeatConstraint: [const] cannot occur more than 10 times.
RelationalConstraint: [inv] cannot be a child of [inv].
ConstConstraint: [const] cannot be the only unique child of [inv, add, sub, mul, div].
NoInputsConstraint: Sequences contain at least one input variable Token.
SoftLengthPrior: No description available.
-- BUILDING PRIOR END ---------------

-- RUNNING EPOCHS START -------------
[00:00:00:10.85] Training epoch 1/14, current best R: 0.6538

	** New best
	Reward: 0.6537959493203792
	Count Off-policy: False
	Count On-policy: True
	Originally on Policy: True
	Invalid: False
	Traversal: add,7.246151842355325,div,x1,div,x1,mul,sub,x1,mul,add,mul,sub,add,div,x1,2.8099173968270867,-1.0885011892264334,x2,0.998243116094216,x2,x2,-2.3816049443922513
	Expression:
	  -2.3816049443922513⋅x₁ + 2.3816049443922513⋅x₂⋅(0.35525710372177346⋅x₁ + 0.001
	  75688390578399⋅x₂ - 1.0865888190056547) + 7.246151842355325

[00:00:01:06.62] Training epoch 6/14, current best R: 0.6541

	** New best
	Reward: 0.654090789709542
	Count Off-policy: False
	Count On-policy: True
	Originally on Policy: True
	Invalid: False
	Traversal: div,mul,mul,mul,x1,sub,2.7898364746870805,x2,add,mul,inv,add,div,mul,x2,div,x2,x1,x2,-0.0012837873043033748,x2,-3.0697630697983675,-0.8310007120986671,x1
	Expression:
	                                                ⎛             x₂                
	  -0.8310007120986671⋅(2.7898364746870805 - x₂)⋅⎜─────────────────────────── - 3
	                                                ⎜                         x₂    
	                                                ⎜-0.0012837873043033748 + ──    
	                                                ⎝                         x₁    

	                   ⎞
	  .0697630697983675⎟
	                   ⎟
	                   ⎟
	                   ⎠

[00:00:01:54.76] Training epoch 10/14, current best R: 0.6541
[00:00:02:47.85] Ending training after epoch 14/14, current best R: 0.6541
-- RUNNING EPOCHS END ---------------

-- EVALUATION START ----------------
Saving Hall of Fame to ./log/regression_config_regression_VPG.json_Vladislavleva_7.in_normal_0.0_2023-05-30-040932/dso_regression_config_regression_VPG.json_Vladislavleva_7.in_normal_0.0_0_hof.csv
Saving Pareto Front to ./log/regression_config_regression_VPG.json_Vladislavleva_7.in_normal_0.0_2023-05-30-040932/dso_regression_config_regression_VPG.json_Vladislavleva_7.in_normal_0.0_0_pf.csv
Invalid expressions: 361 of 14336 (2.5%).
Error type counts:
  true_divide: 137 (38.0%)
  reciprocal: 224 (62.0%)
Error node counts:
  divide: 360 (99.7%)
  invalid: 1 (0.3%)
-- EVALUATION END ------------------
== TRAINING SEED 0 END ==============
INFO: Completed run 1 of 1 in 169 s

== POST-PROCESS START =================
-- LOADING LOGS START ----------------
Successfully loaded summary data
Successfully loaded Hall of Fame data
Successfully loaded Pareto Front data
-- LOADING LOGS END ------------------

-- ANALYZING LOG START --------------
Task_____________regression
Source path______./log/regression_config_regression_VPG.json_Vladislavleva_7.in_normal_0.0_2023-05-30-040932
Runs_____________1
Max Samples/run__15000
Success_rate_____0.0
Hall of Fame (Top 5 of 100)____
    0: S=000 R=0.654091 <-- [-0.8310007120986671*(2.7898364746870805 - x2)*(x2/(-0.0012837873043033748 + x2/x1) - 3.0697630697983675)]
    1: S=000 R=0.653796 <-- [-2.3816049443922513*x1 + 2.3816049443922513*x2*(0.35525710372177346*x1 + 0.00175688390578399*x2 - 1.0865888190056547) + 7.246151842355325]
    2: S=000 R=0.653790 <-- [(x1 - 3.0196383619402822)*(0.84619297275845828*x2 - 2.3817805493542046) + 0.029041683216847594]
    3: S=000 R=0.653790 <-- [-0.85173230096491051*x1*(2.796395072715428 - 0.9934966750875828*x2) - 2.5551969028947315*x2 + 7.2211562032300337]
    4: S=000 R=0.653790 <-- [-2.381779601490209*x1 - 0.84619342198970281*x2*(0.20493773274357244 - x1) - 2.381779601490209*x2 + 7.221150394299972]
  Saving Hall of Fame plot to ./log/regression_config_regression_VPG.json_Vladislavleva_7.in_normal_0.0_2023-05-30-040932/dso_regression_config_regression_VPG.json_Vladislavleva_7.in_normal_0.0_plot_hof.png
Pareto Front (5 of 9)____
    0: S=000 R=0.654091 C=28.00 <-- [-0.8310007120986671*(2.7898364746870805 - x2)*(x2/(-0.0012837873043033748 + x2/x1) - 3.0697630697983675)]
    1: S=000 R=0.653796 C=26.00 <-- [-2.3816049443922513*x1 + 2.3816049443922513*x2*(0.35525710372177346*x1 + 0.00175688390578399*x2 - 1.0865888190056547) + 7.246151842355325]
    2: S=000 R=0.653790 C=19.00 <-- [(x1 - 3.0196383619402822)*(0.84619297275845828*x2 - 2.3817805493542046) + 0.029041683216847594]
    3: S=000 R=0.653790 C=17.00 <-- [-0.4230983667771413*(6.039289073707937 - 2*x1)*(x2 - 2.8146905764315138) + 0.02904358456075756]
    4: S=000 R=0.653790 C=15.00 <-- [0.8461957710634316*x1*(x2 - 2.8146616848093666) - 2.555152555198462*x2 + 7.2209508494233806]
  Saving Pareto Front plot to ./log/regression_config_regression_VPG.json_Vladislavleva_7.in_normal_0.0_2023-05-30-040932/dso_regression_config_regression_VPG.json_Vladislavleva_7.in_normal_0.0_plot_pf.png
-- ANALYZING LOG END ----------------
== POST-PROCESS END ===================
