['mul', 'pow', 'X_1', -2, 'mul', 'pow', 'add', -10, 'X_0', -1, 'mul', 'add', -1, 'X_2', 'add', -30, 'mul', 30, 'X_0']
--------------------
eq_name 	 Vladislavleva_5
num_vars 	 3
vars_range_and_types 	 [{"name": "LogUniform", "range": [0.1, 10], "only_positive": true}, {"name": "LogUniform", "range": [0.1, 10], "only_positive": true}, {"name": "LogUniform", "range": [0.1, 10], "only_positive": true}]
function_set 	 ['add', 'sub', 'mul', 'div', 'n2', 'const']
eq_expression 	 mul,pow,X_1,-2,mul,pow,add,-10,X_0,-1,mul,add,-1,X_2,add,-30,mul,30,X_0
expr 	 (30*X_0 - 30)*(X_2 - 1)/(X_1**2*(X_0 - 10))
--------------------

== EXPERIMENT SETUP START ===========
Task type            : regression
Starting seed        : 0
Runs                 : 1
== EXPERIMENT SETUP END =============

== TRAINING SEED 0 START ============
self.dataX <dso.symbolic_data_generator.DataX object at 0x2ad393bbc1d0>, self.data_query_oracle: <dso.symbolic_equation_evaluator_public.Equation_evaluator object at 0x2ad37e41dd30>
generate dataset!
-- BUILDING PRIOR START -------------
WARNING: Skipping invalid 'RelationalConstraint' with arguments {'targets': [], 'effectors': [], 'relationship': None}. Reason: Prior disabled.
WARNING: Skipping invalid 'TrigConstraint' with arguments {}. Reason: There are no target Tokens.
WARNING: Skipping invalid 'UniformArityPrior' with arguments {}. Reason: Prior disabled.
WARNING: Skipping invalid 'LanguageModelPrior' with arguments {'weight': None}. Reason: Prior disabled.
LengthConstraint: Sequences have minimum length 4.
                  Sequences have maximum length 256.
RepeatConstraint: [const] cannot occur more than 10 times.
RelationalConstraint: [inv] cannot be a child of [inv].
ConstConstraint: [const] cannot be the only unique child of [inv, add, sub, mul, div].
NoInputsConstraint: Sequences contain at least one input variable Token.
SoftLengthPrior: No description available.
-- BUILDING PRIOR END ---------------

-- RUNNING EPOCHS START -------------
[00:00:00:03.00] Training epoch 1/14, current best R: 0.5167

	** New best
	Reward: 0.5167058296542398
	Count Off-policy: False
	Count On-policy: True
	Originally on Policy: True
	Invalid: False
	Traversal: sub,x2,div,sub,mul,sub,9.048522396852304,add,x1,x3,add,div,x1,3.1858912177102505,mul,mul,-18.357350200055137,x1,x1,x3,x2
	Expression:
	             ⎛                       2                        ⎞                 
	       -x₃ + ⎝- 18.357350200055137⋅x₁  + 0.3138839124327401⋅x₁⎠⋅(-x₁ - x₃ + 9.04
	  x₂ - ─────────────────────────────────────────────────────────────────────────
	                                                  x₂                            

              
	  8522396852304)
	  ──────────────
              

[00:00:00:05.78] Training epoch 2/14, current best R: 0.5169

	** New best
	Reward: 0.5169477311882987
	Count Off-policy: False
	Count On-policy: True
	Originally on Policy: True
	Invalid: False
	Traversal: inv,div,div,x2,x2,add,mul,div,x3,inv,add,div,mul,-17.881679141742286,x1,x2,x1,x1,0.9940618334010929
	Expression:
	        ⎛     17.881679141742286⋅x₁⎞                     
	  x₁⋅x₃⋅⎜x₁ - ─────────────────────⎟ + 0.9940618334010929
	        ⎝               x₂         ⎠                     

[00:00:00:09.50] Training epoch 4/14, current best R: 0.5289

	** New best
	Reward: 0.5289056359073964
	Count Off-policy: False
	Count On-policy: True
	Originally on Policy: True
	Invalid: False
	Traversal: div,div,x1,mul,x2,add,1.0005320658446757,div,add,inv,x1,sub,0.9472660549350406,add,1.0475003807825103,x3,x3,x3
	Expression:
	                              x₁                            
	  ──────────────────────────────────────────────────────────
	        ⎛                                                1 ⎞
	        ⎜                     -x₃ - 0.1002343258474697 + ──⎟
	        ⎜                                                x₁⎟
	  x₂⋅x₃⋅⎜1.0005320658446757 + ─────────────────────────────⎟
	        ⎝                                   x₃             ⎠

[00:00:00:19.20] Training epoch 9/14, current best R: 0.5396

	** New best
	Reward: 0.5395546949044694
	Count Off-policy: False
	Count On-policy: True
	Originally on Policy: True
	Invalid: False
	Traversal: inv,sub,mul,div,div,inv,add,div,x1,add,div,div,sub,1.0118774867846587,mul,x2,x3,x3,0.9201915829317654,x1,x1,1.0096105494295644,x3,0.9870302442716369,x2
	Expression:
	                                   1                                  
	  ────────────────────────────────────────────────────────────────────
	                             0.97763463825661736                      
	  -x₂ + ──────────────────────────────────────────────────────────────
	           ⎛                              x₁                         ⎞
	        x₃⋅⎜x₁ + ────────────────────────────────────────────────────⎟
	           ⎜          1.086730218520324⋅(-x₂⋅x₃ + 1.0118774867846587)⎟
	           ⎜     x₁ + ───────────────────────────────────────────────⎟
	           ⎝                                 x₃                      ⎠

[00:00:00:21.54] Training epoch 10/14, current best R: 0.5396
[00:00:00:31.23] Ending training after epoch 14/14, current best R: 0.5396
-- RUNNING EPOCHS END ---------------

-- EVALUATION START ----------------
Saving Hall of Fame to ./log/regression_config_regression_DSR.json_Vladislavleva_5.in_normal_0.0_2023-05-30-040111/dso_regression_config_regression_DSR.json_Vladislavleva_5.in_normal_0.0_0_hof.csv
Saving Pareto Front to ./log/regression_config_regression_DSR.json_Vladislavleva_5.in_normal_0.0_2023-05-30-040111/dso_regression_config_regression_DSR.json_Vladislavleva_5.in_normal_0.0_0_pf.csv
Invalid expressions: 327 of 14336 (2.3%).
Error type counts:
  reciprocal: 185 (56.6%)
  true_divide: 142 (43.4%)
Error node counts:
  divide: 326 (99.7%)
  invalid: 1 (0.3%)
-- EVALUATION END ------------------
== TRAINING SEED 0 END ==============
INFO: Completed run 1 of 1 in 32 s

== POST-PROCESS START =================
-- LOADING LOGS START ----------------
Successfully loaded summary data
Successfully loaded Hall of Fame data
Successfully loaded Pareto Front data
-- LOADING LOGS END ------------------

-- ANALYZING LOG START --------------
Task_____________regression
Source path______./log/regression_config_regression_DSR.json_Vladislavleva_5.in_normal_0.0_2023-05-30-040111
Runs_____________1
Max Samples/run__15000
Success_rate_____0.0
Hall of Fame (Top 5 of 100)____
    0: S=000 R=0.539555 <-- [1/(-x2 + 0.97763463825661736/(x3*(x1 + x1/(x1 + 1.086730218520324*(-x2*x3 + 1.0118774867846587)/x3))))]
    1: S=000 R=0.528906 <-- [x1/(x2*x3*(1.0005320658446757 + (-x3 - 0.1002343258474697 + 1/x1)/x3))]
    2: S=000 R=0.521284 <-- [(-2.438641306875652*x1**3*x3 + 3*x1)/x2]
    3: S=000 R=0.521184 <-- [-2.4284954239221026*x1**3*x3/x2]
    4: S=000 R=0.520575 <-- [24.120298449626803*x1*(x1 - x3*(x1 - x2))/x2]
  Saving Hall of Fame plot to ./log/regression_config_regression_DSR.json_Vladislavleva_5.in_normal_0.0_2023-05-30-040111/dso_regression_config_regression_DSR.json_Vladislavleva_5.in_normal_0.0_plot_hof.png
Pareto Front (5 of 12)____
    0: S=000 R=0.539555 C=32.00 <-- [1/(-x2 + 0.97763463825661736/(x3*(x1 + x1/(x1 + 1.086730218520324*(-x2*x3 + 1.0118774867846587)/x3))))]
    1: S=000 R=0.528906 C=22.00 <-- [x1/(x2*x3*(1.0005320658446757 + (-x3 - 0.1002343258474697 + 1/x1)/x3))]
    2: S=000 R=0.521284 C=20.00 <-- [(-2.438641306875652*x1**3*x3 + 3*x1)/x2]
    3: S=000 R=0.521184 C=19.00 <-- [-2.4284954239221026*x1**3*x3/x2]
    4: S=000 R=0.520575 C=17.00 <-- [24.120298449626803*x1*(x1 - x3*(x1 - x2))/x2]
  Saving Pareto Front plot to ./log/regression_config_regression_DSR.json_Vladislavleva_5.in_normal_0.0_2023-05-30-040111/dso_regression_config_regression_DSR.json_Vladislavleva_5.in_normal_0.0_plot_pf.png
-- ANALYZING LOG END ----------------
== POST-PROCESS END ===================
