['mul', 10, 'pow', 'add', 5, 'add', 'pow', 'add', -3, 'X_0', 2, 'add', 'pow', 'add', -3, 'X_1', 2, 'add', 'pow', 'add', -3, 'X_2', 2, 'add', 'pow', 'add', -3, 'X_3', 2, 'pow', 'add', -3, 'X_4', 2, -1]
--------------------
eq_name 	 Vladislavleva_4
num_vars 	 5
vars_range_and_types 	 [{"name": "LogUniform", "range": [0.1, 10], "only_positive": true}, {"name": "LogUniform", "range": [0.1, 10], "only_positive": true}, {"name": "LogUniform", "range": [0.1, 10], "only_positive": true}, {"name": "LogUniform", "range": [0.1, 10], "only_positive": true}, {"name": "LogUniform", "range": [0.1, 10], "only_positive": true}]
function_set 	 ['add', 'sub', 'mul', 'div', 'pow', 'const']
eq_expression 	 mul,10,pow,add,5,add,pow,add,-3,X_0,2,add,pow,add,-3,X_1,2,add,pow,add,-3,X_2,2,add,pow,add,-3,X_3,2,pow,add,-3,X_4,2,-1
expr 	 10/((X_0 - 3)**2 + (X_1 - 3)**2 + (X_2 - 3)**2 + (X_3 - 3)**2 + (X_4 - 3)**2 + 5)
--------------------

== EXPERIMENT SETUP START ===========
Task type            : regression
Starting seed        : 0
Runs                 : 1
== EXPERIMENT SETUP END =============

== TRAINING SEED 0 START ============
self.dataX <dso.symbolic_data_generator.DataX object at 0x2b404dc13d30>, self.data_query_oracle: <dso.symbolic_equation_evaluator_public.Equation_evaluator object at 0x2b4034478dd8>
generate dataset!
-- BUILDING PRIOR START -------------
WARNING: Skipping invalid 'RelationalConstraint' with arguments {'targets': [], 'effectors': [], 'relationship': None}. Reason: Prior disabled.
WARNING: Skipping invalid 'TrigConstraint' with arguments {}. Reason: There are no target Tokens.
WARNING: Skipping invalid 'UniformArityPrior' with arguments {}. Reason: Prior disabled.
WARNING: Skipping invalid 'LanguageModelPrior' with arguments {'weight': None}. Reason: Prior disabled.
LengthConstraint: Sequences have minimum length 4.
                  Sequences have maximum length 256.
RepeatConstraint: [const] cannot occur more than 10 times.
RelationalConstraint: [inv] cannot be a child of [inv].
ConstConstraint: [const] cannot be the only unique child of [inv, add, sub, mul, div].
NoInputsConstraint: Sequences contain at least one input variable Token.
SoftLengthPrior: No description available.
-- BUILDING PRIOR END ---------------

-- RUNNING EPOCHS START -------------
[00:00:00:03.67] Training epoch 1/14, current best R: 0.5065

	** New best
	Reward: 0.5064981094105591
	Count Off-policy: False
	Count On-policy: True
	Originally on Policy: True
	Invalid: False
	Traversal: add,mul,-0.004806624306566086,add,add,x3,x4,add,inv,add,inv,x4,158.33972624566306,x3,0.3284930995939819
	Expression:
	                                                                              0.
	  -0.009613248613132172⋅x₃ - 0.004806624306566086⋅x₄ + 0.3284930995939819 - ────
                                                                              
	                                                                            158.
                                                                              

	  004806624306566086 
	  ───────────────────
	                   1 
	  33972624566306 + ──
	                   x₄

[00:00:00:07.49] Training epoch 2/14, current best R: 0.5080

	** New best
	Reward: 0.507975973455052
	Count Off-policy: False
	Count On-policy: True
	Originally on Policy: True
	Invalid: False
	Traversal: inv,add,3.1921340986606155,inv,mul,inv,x5,inv,mul,x5,0.01850870550024804
	Expression:
	                       1                      
	  ────────────────────────────────────────────
	                        2                     
	  0.01850870550024804⋅x₅  + 3.1921340986606155

[00:00:00:10.71] Training epoch 3/14, current best R: 0.5100

	** New best
	Reward: 0.50999977084675
	Count Off-policy: False
	Count On-policy: True
	Originally on Policy: True
	Invalid: False
	Traversal: inv,add,x1,sub,add,2.4487832011735455,sub,inv,sub,add,mul,0.6697530695446529,x5,3.354000938185641,x5,x1,-0.4487916587455182
	Expression:
	                                1                               
	  ──────────────────────────────────────────────────────────────
	                                           1                    
	  2.8975748599190637 + ─────────────────────────────────────────
	                       3.354000938185641 - 0.3302469304553471⋅x₅

[00:00:00:14.27] Training epoch 4/14, current best R: 0.5101

	** New best
	Reward: 0.5100595683202563
	Count Off-policy: False
	Count On-policy: True
	Originally on Policy: True
	Invalid: False
	Traversal: sub,0.31471161548554166,mul,x5,mul,mul,-0.00011360378087445996,x5,sub,-11.910080146220885,x1
	Expression:
	                           2                                                 
	  0.00011360378087445996⋅x₅ ⋅(-x₁ - 11.910080146220885) + 0.31471161548554166

[00:00:00:17.77] Training epoch 5/14, current best R: 0.5123

	** New best
	Reward: 0.5123288413107757
	Count Off-policy: False
	Count On-policy: True
	Originally on Policy: True
	Invalid: False
	Traversal: sub,mul,mul,-2.0551458132444995e-05,add,div,x3,x5,mul,9.593436968725685,x1,mul,x1,x1,-0.3126578817520377
	Expression:
	    2 ⎛                             2.0551458132444995e-5⋅x₃⎞                   
	  x₁ ⋅⎜-0.00019715911820901594⋅x₁ - ────────────────────────⎟ + 0.31265788175203
	      ⎝                                        x₅           ⎠                   

  
	  77
  

[00:00:00:37.80] Training epoch 10/14, current best R: 0.5123
[00:00:00:47.52] Training epoch 12/14, current best R: 0.5195

	** New best
	Reward: 0.5194579059060397
	Count Off-policy: False
	Count On-policy: True
	Originally on Policy: True
	Invalid: False
	Traversal: add,mul,sub,add,add,x1,inv,x1,mul,add,x2,add,x5,div,-0.26499542685666555,x1,0.4987817955337348,1.053844046424174,-0.016443335171922917,0.3810791621303858
	Expression:
                                                                              
	  -0.016443335171922917⋅x₁ - 0.0082016362416147263⋅x₂ - 0.0082016362416147263⋅x₅
                                                                              

	                           0.014269939075153124
	   + 0.39840787300467399 - ────────────────────
	                                    x₁         

[00:00:00:56.54] Ending training after epoch 14/14, current best R: 0.5195
-- RUNNING EPOCHS END ---------------

-- EVALUATION START ----------------
Saving Hall of Fame to ./log/regression_config_regression_VPG.json_Vladislavleva_4.in_normal_0.0_2023-05-30-035631/dso_regression_config_regression_VPG.json_Vladislavleva_4.in_normal_0.0_0_hof.csv
Saving Pareto Front to ./log/regression_config_regression_VPG.json_Vladislavleva_4.in_normal_0.0_2023-05-30-035631/dso_regression_config_regression_VPG.json_Vladislavleva_4.in_normal_0.0_0_pf.csv
Invalid expressions: 213 of 14336 (1.5%).
Error type counts:
  reciprocal: 119 (55.9%)
  true_divide: 94 (44.1%)
Error node counts:
  divide: 211 (99.1%)
  invalid: 2 (0.9%)
-- EVALUATION END ------------------
== TRAINING SEED 0 END ==============
INFO: Completed run 1 of 1 in 58 s

== POST-PROCESS START =================
-- LOADING LOGS START ----------------
Successfully loaded summary data
Successfully loaded Hall of Fame data
Successfully loaded Pareto Front data
-- LOADING LOGS END ------------------

-- ANALYZING LOG START --------------
Task_____________regression
Source path______./log/regression_config_regression_VPG.json_Vladislavleva_4.in_normal_0.0_2023-05-30-035631
Runs_____________1
Max Samples/run__15000
Success_rate_____0.0
Hall of Fame (Top 5 of 100)____
    0: S=000 R=0.519458 <-- [-0.016443335171922917*x1 - 0.0082016362416147263*x2 - 0.0082016362416147263*x5 + 0.39840787300467399 - 0.014269939075153124/x1]
    1: S=000 R=0.513367 <-- [0.0048167109786043228*x2 + 0.0048167109786043228*x3*(6.194694633233085 - x3) + 0.2754582917804585 + 2.3450026773538067e-5/x1]
    2: S=000 R=0.512329 <-- [x1**2*(-0.00019715911820901594*x1 - 2.0551458132444995e-5*x3/x5) + 0.3126578817520377]
    3: S=000 R=0.510422 <-- [-5.5859850062331175/(-x1 - 14.799371864026773 + 1/(10.718377755456059 + 3.501010448700389/x5) - 1/x1)]
    4: S=000 R=0.510060 <-- [0.00011360378087445996*x5**2*(-x1 - 11.910080146220885) + 0.31471161548554166]
  Saving Hall of Fame plot to ./log/regression_config_regression_VPG.json_Vladislavleva_4.in_normal_0.0_2023-05-30-035631/dso_regression_config_regression_VPG.json_Vladislavleva_4.in_normal_0.0_plot_hof.png
Pareto Front (5 of 9)____
    0: S=000 R=0.519458 C=22.00 <-- [-0.016443335171922917*x1 - 0.0082016362416147263*x2 - 0.0082016362416147263*x5 + 0.39840787300467399 - 0.014269939075153124/x1]
    1: S=000 R=0.513367 C=21.00 <-- [0.0048167109786043228*x2 + 0.0048167109786043228*x3*(6.194694633233085 - x3) + 0.2754582917804585 + 2.3450026773538067e-5/x1]
    2: S=000 R=0.512329 C=16.00 <-- [x1**2*(-0.00019715911820901594*x1 - 2.0551458132444995e-5*x3/x5) + 0.3126578817520377]
    3: S=000 R=0.510060 C=11.00 <-- [0.00011360378087445996*x5**2*(-x1 - 11.910080146220885) + 0.31471161548554166]
    4: S=000 R=0.509389 C=10.00 <-- [0.3144505996473226 - 0.0015591356683264971*x3**2]
  Saving Pareto Front plot to ./log/regression_config_regression_VPG.json_Vladislavleva_4.in_normal_0.0_2023-05-30-035631/dso_regression_config_regression_VPG.json_Vladislavleva_4.in_normal_0.0_plot_pf.png
-- ANALYZING LOG END ----------------
== POST-PROCESS END ===================
