['mul', 'pow', 'add', 1.2, 'mul', 6.25, 'pow', 'add', -1, 'mul', 0.4, 'X_1', 2, -1, 'exp', 'mul', -1, 'pow', 'add', -1, 'X_0', 2]
--------------------
eq_name 	 Vladislavleva_1
num_vars 	 2
vars_range_and_types 	 [{"name": "LogUniform", "range": [0.1, 10], "only_positive": true}, {"name": "LogUniform", "range": [0.1, 10], "only_positive": true}]
function_set 	 ['add', 'sub', 'mul', 'div', 'n2', 'exp', 'expneg', 'const']
eq_expression 	 mul,pow,add,1.2,mul,6.25,pow,add,-1,mul,0.4,X_1,2,-1,exp,mul,-1,pow,add,-1,X_0,2
expr 	 exp(-(X_0 - 1)**2)/(6.25*(0.4*X_1 - 1)**2 + 1.2)
--------------------

== EXPERIMENT SETUP START ===========
Task type            : regression
Starting seed        : 0
Runs                 : 1
== EXPERIMENT SETUP END =============

== TRAINING SEED 0 START ============
self.dataX <dso.symbolic_data_generator.DataX object at 0x2ad1b1fa0550>, self.data_query_oracle: <dso.symbolic_equation_evaluator_public.Equation_evaluator object at 0x2ad198807da0>
generate dataset!
-- BUILDING PRIOR START -------------
WARNING: Skipping invalid 'RelationalConstraint' with arguments {'targets': [], 'effectors': [], 'relationship': None}. Reason: Prior disabled.
WARNING: Skipping invalid 'TrigConstraint' with arguments {}. Reason: There are no target Tokens.
WARNING: Skipping invalid 'UniformArityPrior' with arguments {}. Reason: Prior disabled.
WARNING: Skipping invalid 'LanguageModelPrior' with arguments {'weight': None}. Reason: Prior disabled.
LengthConstraint: Sequences have minimum length 4.
                  Sequences have maximum length 256.
RepeatConstraint: [const] cannot occur more than 10 times.
RelationalConstraint: [inv] cannot be a child of [inv].
ConstConstraint: [const] cannot be the only unique child of [inv, add, sub, mul, div].
NoInputsConstraint: Sequences contain at least one input variable Token.
SoftLengthPrior: No description available.
-- BUILDING PRIOR END ---------------

-- RUNNING EPOCHS START -------------
[00:00:00:09.99] Training epoch 1/14, current best R: 0.5579

	** New best
	Reward: 0.5579254304326434
	Count Off-policy: False
	Count On-policy: True
	Originally on Policy: True
	Invalid: False
	Traversal: inv,add,8.479968685905773,mul,x1,inv,sub,mul,inv,div,sub,x1,div,x2,div,mul,x1,x2,3.6681121202793707,0.524010808215404,0.5240108082154302,0.10327508744373073
	Expression:
	                                           1                                    
	  ──────────────────────────────────────────────────────────────────────────────
	                                 x₁                                             
	  ─────────────────────────────────────────────────────────────── + 8.4799686859
	                                    0.5240108082154302                          
	  -0.10327508744373073 + ────────────────────────────────────────               
	                                               7.0000695840066103               
	                         1.90835758408428⋅x₁ - ──────────────────               
	                                                       x₁                       

     
	  ─────
     
	  05773
     
     
     
     
     

[00:00:00:19.38] Training epoch 2/14, current best R: 0.6287

	** New best
	Reward: 0.6286622045948541
	Count Off-policy: False
	Count On-policy: True
	Originally on Policy: True
	Invalid: False
	Traversal: div,0.5609816868862637,div,mul,add,x2,div,div,sub,inv,x1,sub,mul,mul,sub,x2,x1,x1,1.6225688483284448,-0.9659542068626865,0.5054965829839907,x2,x1,0.5609816868862625
	Expression:
	                                  0.3147004530217573                            
	  ──────────────────────────────────────────────────────────────────────────────
	     ⎛                                                             1.97825273931
	     ⎜     -3.2098512689250607⋅x₁⋅(-x₁ + x₂) - 1.910901555774273 + ─────────────
	     ⎜                                                                    x₁    
	  x₁⋅⎜x₂ + ─────────────────────────────────────────────────────────────────────
	     ⎝                                        x₂                                

    
	  ────
	  015⎞
	  ───⎟
	     ⎟
	  ───⎟
	     ⎠

[00:00:00:42.63] Training epoch 4/14, current best R: 0.6843

	** New best
	Reward: 0.6842977278567611
	Count Off-policy: False
	Count On-policy: True
	Originally on Policy: True
	Invalid: False
	Traversal: mul,-1.0688688324319304,inv,add,sub,sub,-5.502723928982343,mul,add,div,add,add,inv,mul,4.510160579597885,x1,-5.27835256437587,x2,0.5568659286481102,x1,x2,7.502665178185684,x2
	Expression:
	                                         -1.0688688324319304                    
	  ──────────────────────────────────────────────────────────────────────────────
	       ⎛                                               0.3981597439647894⎞      
	  - x₂⋅⎜x₁ + 1.79576438161278⋅x₂ - 9.478677528700666 + ──────────────────⎟ + x₂ 
	       ⎝                                                       x₁        ⎠      

                   
	  ───────────────────
                   
	  - 13.00538910716803
                   

[00:00:01:58.40] Training epoch 10/14, current best R: 0.6843
[00:00:03:01.79] Ending training after epoch 14/14, current best R: 0.6843
-- RUNNING EPOCHS END ---------------

-- EVALUATION START ----------------
Saving Hall of Fame to ./log/regression_config_regression_DSR.json_Vladislavleva_1.in_normal_0.0_2023-05-30-034122/dso_regression_config_regression_DSR.json_Vladislavleva_1.in_normal_0.0_0_hof.csv
Saving Pareto Front to ./log/regression_config_regression_DSR.json_Vladislavleva_1.in_normal_0.0_2023-05-30-034122/dso_regression_config_regression_DSR.json_Vladislavleva_1.in_normal_0.0_0_pf.csv
Invalid expressions: 314 of 14336 (2.2%).
Error type counts:
  reciprocal: 189 (60.2%)
  true_divide: 125 (39.8%)
Error node counts:
  divide: 314 (100.0%)
-- EVALUATION END ------------------
== TRAINING SEED 0 END ==============
INFO: Completed run 1 of 1 in 183 s

== POST-PROCESS START =================
-- LOADING LOGS START ----------------
Successfully loaded summary data
Successfully loaded Hall of Fame data
Successfully loaded Pareto Front data
-- LOADING LOGS END ------------------

-- ANALYZING LOG START --------------
Task_____________regression
Source path______./log/regression_config_regression_DSR.json_Vladislavleva_1.in_normal_0.0_2023-05-30-034122
Runs_____________1
Max Samples/run__15000
Success_rate_____0.0
Hall of Fame (Top 5 of 100)____
    0: S=000 R=0.684298 <-- [-1.0688688324319304/(-x2*(x1 + 1.79576438161278*x2 - 9.478677528700666 + 0.3981597439647894/x1) + x2 - 13.00538910716803)]
    1: S=000 R=0.629856 <-- [1/(x2*(x1*(4.9934417616511358*x1 - 10.061163496843434) + x2) + 7.332656487691088)]
    2: S=000 R=0.628662 <-- [0.3147004530217573/(x1*(x2 + (-3.2098512689250607*x1*(-x1 + x2) - 1.910901555774273 + 1.97825273931015/x1)/x2))]
    3: S=000 R=0.624694 <-- [1/((2.2088890228922803*x1**2 + x2 - 5.0311618331148635 + 4.74208813157188/x2)/x1 + 1/x1)]
    4: S=000 R=0.618987 <-- [1.065786097380837/(x1*(4.226058774479139*x1*(x1 - 2.413506211332162 + 1/(x1*x2)) + x2 + 4.226058774479139/x1))]
  Saving Hall of Fame plot to ./log/regression_config_regression_DSR.json_Vladislavleva_1.in_normal_0.0_2023-05-30-034122/dso_regression_config_regression_DSR.json_Vladislavleva_1.in_normal_0.0_plot_hof.png
Pareto Front (5 of 14)____
    0: S=000 R=0.684298 C=26.00 <-- [-1.0688688324319304/(-x2*(x1 + 1.79576438161278*x2 - 9.478677528700666 + 0.3981597439647894/x1) + x2 - 13.00538910716803)]
    1: S=000 R=0.629856 C=22.00 <-- [1/(x2*(x1*(4.9934417616511358*x1 - 10.061163496843434) + x2) + 7.332656487691088)]
    2: S=000 R=0.613190 C=21.00 <-- [1/(x1 + x2 + (5.830028264339085*x1*(x1 - x2)/x2 + 1.9101852032953697)/x1)]
    3: S=000 R=0.578458 C=20.00 <-- [(-0.08374296661607017 + 1/(x1 + x2 + 2.0022864684451323))*(x2 + 0.1363073110114833)]
    4: S=000 R=0.561691 C=18.00 <-- [-0.007528170977517865 + 1/(2.9241578293409712*x1/x2 + x2 + 0.5140313286077337/x1)]
  Saving Pareto Front plot to ./log/regression_config_regression_DSR.json_Vladislavleva_1.in_normal_0.0_2023-05-30-034122/dso_regression_config_regression_DSR.json_Vladislavleva_1.in_normal_0.0_plot_pf.png
-- ANALYZING LOG END ----------------
== POST-PROCESS END ===================
