debug /depot/yexiang/apps/jiang631/data/scibench/data/unencrypted/equations_feynman/FeynmanIICh4Eq23.in
!!!!!!!!!!!!!!!!!!!!!!!!!!!!!i /depot/yexiang/apps/jiang631/data/scibench/data/unencrypted/equations_feynman/FeynmanIICh4Eq23.in
['mul', 28235825615.541, 'mul', 'X_0', 'mul', 'pow', 3.141592653589793, -1, 'pow', 'X_1', -1]
--------------------
eq_name 	 feynman-ii.4.23
num_vars 	 2
vars_range_and_types 	 [{"name": "LogUniform", "range": [0.001, 0.1], "only_positive": false}, {"name": "LogUniform", "range": [0.01, 1.0], "only_positive": true}]
function_set 	 ['add', 'sub', 'mul', 'div', 'sin', 'cos', 'exp', 'log', 'const']
eq_expression 	 mul,28235825615.541,mul,X_0,mul,pow,3.141592653589793,-1,pow,X_1,-1
expr 	 28235825615.541*X_0/(pi*X_1)
--------------------

== EXPERIMENT SETUP START ===========
Task type            : regression
Starting seed        : 0
Runs                 : 1
== EXPERIMENT SETUP END =============

== TRAINING SEED 0 START ============
self.dataX <dso.symbolic_data_generator.DataX object at 0x2b6bbca8c0f0>, self.data_query_oracle: <dso.symbolic_equation_evaluator_public.Equation_evaluator object at 0x2b6bdbb2ed68>
generate dataset!
-- BUILDING PRIOR START -------------
WARNING: Skipping invalid 'RelationalConstraint' with arguments {'targets': [], 'effectors': [], 'relationship': None}. Reason: Prior disabled.
WARNING: Skipping invalid 'TrigConstraint' with arguments {}. Reason: There are no target Tokens.
WARNING: Skipping invalid 'UniformArityPrior' with arguments {}. Reason: Prior disabled.
WARNING: Skipping invalid 'LanguageModelPrior' with arguments {'weight': None}. Reason: Prior disabled.
LengthConstraint: Sequences have minimum length 4.
                  Sequences have maximum length 256.
RepeatConstraint: [const] cannot occur more than 10 times.
RelationalConstraint: [inv] cannot be a child of [inv].
ConstConstraint: [const] cannot be the only unique child of [inv, add, sub, mul, div].
NoInputsConstraint: Sequences contain at least one input variable Token.
SoftLengthPrior: No description available.
-- BUILDING PRIOR END ---------------

-- RUNNING EPOCHS START -------------
[00:00:00:02.03] Training epoch 1/14, current best R: 0.5883

	** New best
	Reward: 0.5882735677536821
	Count Off-policy: False
	Count On-policy: True
	Originally on Policy: True
	Invalid: False
	Traversal: div,div,div,x1,x2,x2,div,mul,mul,sub,x1,sub,x1,mul,x2,x2,x2,x2,1.5684820304055547
	Expression:
	  1.5684820304055547⋅x₁
	  ─────────────────────
	             6         
	           x₂          

[00:00:00:08.06] Training epoch 6/14, current best R: 0.7542

	** New best
	Reward: 0.7541832867446696
	Count Off-policy: False
	Count On-policy: True
	Originally on Policy: True
	Invalid: False
	Traversal: mul,inv,x2,mul,add,div,x1,sub,div,1.000013840394136,div,div,add,sub,x2,x1,x1,x2,x2,x2,0.9999999999686945,1647.3069714822752
	Expression:
	  119021680.69035163⋅x₁                     
	  ───────────────────── + 1647.3069714307054
	            x₂                              
	  ──────────────────────────────────────────
	                      x₂                    

[00:00:00:12.70] Training epoch 10/14, current best R: 0.7542
[00:00:00:17.20] Ending training after epoch 14/14, current best R: 0.7542
-- RUNNING EPOCHS END ---------------

-- EVALUATION START ----------------
Saving Hall of Fame to ./log/regression_config_regression_VPG.json_FeynmanIICh4Eq23.in_normal_0.0_2023-05-29-052419/dso_regression_config_regression_VPG.json_FeynmanIICh4Eq23.in_normal_0.0_0_hof.csv
Saving Pareto Front to ./log/regression_config_regression_VPG.json_FeynmanIICh4Eq23.in_normal_0.0_2023-05-29-052419/dso_regression_config_regression_VPG.json_FeynmanIICh4Eq23.in_normal_0.0_0_pf.csv
Invalid expressions: 444 of 14336 (3.1%).
Error type counts:
  true_divide: 193 (43.5%)
  reciprocal: 251 (56.5%)
Error node counts:
  divide: 441 (99.3%)
  invalid: 3 (0.7%)
-- EVALUATION END ------------------
== TRAINING SEED 0 END ==============
INFO: Completed run 1 of 1 in 18 s

== POST-PROCESS START =================
-- LOADING LOGS START ----------------
json configure file: ./log/regression_config_regression_VPG.json_FeynmanIICh4Eq23.in_normal_0.0_2023-05-29-052419
Successfully loaded summary data
Successfully loaded Hall of Fame data
Successfully loaded Pareto Front data
-- LOADING LOGS END ------------------

-- ANALYZING LOG START --------------
Task_____________regression
Source path______./log/regression_config_regression_VPG.json_FeynmanIICh4Eq23.in_normal_0.0_2023-05-29-052419
Runs_____________1
Max Samples/run__15000
Success_rate_____0.0
Hall of Fame (Top 5 of 100)____
    0: S=000 R=0.754183 <-- [(119021680.69035163*x1/x2 + 1647.3069714307054)/x2]
    1: S=000 R=0.626539 <-- [-16299.666662871838*x1 + 16299.666662871838*x1/x2**4 + 32599.333325743676*x2 - 16299.666662871838]
    2: S=000 R=0.605159 <-- [x1*(-1.0 + 151.2242588594065/x2**3)/x2**2]
    3: S=000 R=0.588274 <-- [1.5684820304055547*x1/x2**6]
    4: S=000 R=0.566972 <-- [(-5549391.830644979*x1*(x2 - 5.8079645973174049/x2) - 11098783.66128996*x1)/x2]
  Saving Hall of Fame plot to ./log/regression_config_regression_VPG.json_FeynmanIICh4Eq23.in_normal_0.0_2023-05-29-052419/dso_regression_config_regression_VPG.json_FeynmanIICh4Eq23.in_normal_0.0_plot_hof.png
Pareto Front (5 of 7)____
    0: S=000 R=0.754183 C=27.00 <-- [(119021680.69035163*x1/x2 + 1647.3069714307054)/x2]
    1: S=000 R=0.626539 C=23.00 <-- [-16299.666662871838*x1 + 16299.666662871838*x1/x2**4 + 32599.333325743676*x2 - 16299.666662871838]
    2: S=000 R=0.605159 C=21.00 <-- [x1*(-1.0 + 151.2242588594065/x2**3)/x2**2]
    3: S=000 R=0.501006 C=14.00 <-- [81958.565475311514/(x1*x2)]
    4: S=000 R=0.500116 C=9.00 <-- [1/(x1*x2**3)]
  Saving Pareto Front plot to ./log/regression_config_regression_VPG.json_FeynmanIICh4Eq23.in_normal_0.0_2023-05-29-052419/dso_regression_config_regression_VPG.json_FeynmanIICh4Eq23.in_normal_0.0_plot_pf.png
-- ANALYZING LOG END ----------------
== POST-PROCESS END ===================
