debug /depot/yexiang/apps/jiang631/data/scibench/data/unencrypted/equations_feynman/FeynmanICh39Eq11.in
!!!!!!!!!!!!!!!!!!!!!!!!!!!!!i /depot/yexiang/apps/jiang631/data/scibench/data/unencrypted/equations_feynman/FeynmanICh39Eq11.in
['mul', 'X_1', 'mul', 'X_2', 'pow', 'add', -1, 'X_0', -1]
--------------------
eq_name 	 feynman-i.39.11
num_vars 	 3
vars_range_and_types 	 [{"name": "Uniform", "range": [1, 2], "only_positive": true}, {"name": "LogUniform", "range": [10000.0, 1000000.0], "only_positive": true}, {"name": "LogUniform", "range": [1e-05, 0.001], "only_positive": true}]
function_set 	 ['add', 'sub', 'mul', 'div', 'sin', 'cos', 'exp', 'log', 'const']
eq_expression 	 mul,X_1,mul,X_2,pow,add,-1,X_0,-1
expr 	 X_1*X_2/(X_0 - 1)
--------------------

== EXPERIMENT SETUP START ===========
Task type            : regression
Starting seed        : 0
Runs                 : 1
== EXPERIMENT SETUP END =============

== TRAINING SEED 0 START ============
self.dataX <dso.symbolic_data_generator.DataX object at 0x2b963f4702b0>, self.data_query_oracle: <dso.symbolic_equation_evaluator_public.Equation_evaluator object at 0x2b965e512da0>
generate dataset!
-- BUILDING PRIOR START -------------
WARNING: Skipping invalid 'RelationalConstraint' with arguments {'targets': [], 'effectors': [], 'relationship': None}. Reason: Prior disabled.
WARNING: Skipping invalid 'TrigConstraint' with arguments {}. Reason: There are no target Tokens.
WARNING: Skipping invalid 'UniformArityPrior' with arguments {}. Reason: Prior disabled.
WARNING: Skipping invalid 'LanguageModelPrior' with arguments {'weight': None}. Reason: Prior disabled.
LengthConstraint: Sequences have minimum length 4.
                  Sequences have maximum length 256.
RepeatConstraint: [const] cannot occur more than 10 times.
RelationalConstraint: [inv] cannot be a child of [inv].
ConstConstraint: [const] cannot be the only unique child of [inv, add, sub, mul, div].
NoInputsConstraint: Sequences contain at least one input variable Token.
SoftLengthPrior: No description available.
-- BUILDING PRIOR END ---------------

-- RUNNING EPOCHS START -------------
gen	iter	pop_size	nevals	uncached_size	best_val              	timer  
0  	0   	1024    	1024  	1024         	(-0.5446805795104372,)	2.68931
1  	1   	1024    	778   	679          	(-0.6795864726036106,)	1.42335
2  	2   	1024    	804   	696          	(-0.6795864726036106,)	3.52484
3  	3   	1024    	742   	613          	(-0.9999969581760332,)	4.2386 
4  	4   	1024    	742   	637          	(-0.9999969581760332,)	8.88849
5  	5   	1024    	778   	625          	(-0.9999987462686739,)	15.8817
6  	6   	1024    	781   	606          	(-0.9999987462686739,)	25.6751
7  	7   	1024    	752   	606          	(-1.0,)               	23.2422
8  	8   	1024    	779   	604          	(-1.0,)               	15.7457
9  	9   	1024    	779   	604          	(-1.0,)               	11.7985

--------------------------------------------------
GP Time: 113.369

Unique expressions evaluated: 7613
Total expression evaluations: 7959
--------------------------------------------------

GP -> best program this epoch:

	Reward: 1.0
	Count Off-policy: 1
	Count On-policy: 0
	Originally on Policy: False
	Invalid: False
	Traversal: inv,div,sub,x1,1.0,div,mul,1.0,x3,inv,x2
	Expression:
	  1.0⋅x₂⋅x₃
	  ─────────
	   x₁ - 1.0

None

--------------------------------------------------

[00:00:01:56.97] Training epoch 1/14, current best R: 1.0000

	** New best
	Reward: 1.0
	Count Off-policy: 1
	Count On-policy: 0
	Originally on Policy: False
	Invalid: False
	Traversal: inv,div,sub,x1,1.0,div,mul,1.0,x3,inv,x2
	Expression:
	  1.0⋅x₂⋅x₃
	  ─────────
	   x₁ - 1.0

[00:00:01:56.98] Early stopping criteria met; breaking early.
-- RUNNING EPOCHS END ---------------

-- EVALUATION START ----------------
Saving Hall of Fame to ./log/regression_config_regression_GPMELD.json_FeynmanICh39Eq11.in_normal_0.0_2023-05-29-051707/dso_regression_config_regression_GPMELD.json_FeynmanICh39Eq11.in_normal_0.0_0_hof.csv
Saving Pareto Front to ./log/regression_config_regression_GPMELD.json_FeynmanICh39Eq11.in_normal_0.0_2023-05-29-051707/dso_regression_config_regression_GPMELD.json_FeynmanICh39Eq11.in_normal_0.0_0_pf.csv
Invalid expressions: 82 of 8983 (0.9%).
Error type counts:
  true_divide: 33 (40.2%)
  reciprocal: 49 (59.8%)
Error node counts:
  divide: 81 (98.8%)
  invalid: 1 (1.2%)
-- EVALUATION END ------------------
== TRAINING SEED 0 END ==============
INFO: Completed run 1 of 1 in 118 s

== POST-PROCESS START =================
-- LOADING LOGS START ----------------
json configure file: ./log/regression_config_regression_GPMELD.json_FeynmanICh39Eq11.in_normal_0.0_2023-05-29-051707
Successfully loaded summary data
Successfully loaded Hall of Fame data
Successfully loaded Pareto Front data
-- LOADING LOGS END ------------------

-- ANALYZING LOG START --------------
Task_____________regression
Source path______./log/regression_config_regression_GPMELD.json_FeynmanICh39Eq11.in_normal_0.0_2023-05-29-051707
Runs_____________1
Max Samples/run__15000
Success_rate_____1.0
Hall of Fame (Top 5 of 100)____
    0: S=000 R=1.000000 <-- [1.0*x2*x3/(x1 - 1.0)]
    1: S=000 R=1.000000 <-- [1.0*x2*x3/(x1 - 1.0)]
    2: S=000 R=1.000000 <-- [x2*x3/(x1 - 1.0)]
    3: S=000 R=1.000000 <-- [x2*x3/(x1 - 1.0)]
    4: S=000 R=1.000000 <-- [1.0*x2*x3/(x1 - 1.0)]
  Saving Hall of Fame plot to ./log/regression_config_regression_GPMELD.json_FeynmanICh39Eq11.in_normal_0.0_2023-05-29-051707/dso_regression_config_regression_GPMELD.json_FeynmanICh39Eq11.in_normal_0.0_plot_hof.png
Pareto Front (4 of 4)____
    0: S=000 R=1.000000 C=10.00 <-- [1.0*x2*x3/(x1 - 1.0)]
    1: S=000 R=0.580613 C=9.00 <-- [0.00028685664847223825*x2/(x1 - 1.0000383747679078)]
    2: S=000 R=0.544679 C=7.00 <-- [415.12682337673385 - 1/(1.0002735654786092 - x1)]
    3: S=000 R=0.518901 C=5.00 <-- [1/(x1 - 1.0007258914264958)]
  Saving Pareto Front plot to ./log/regression_config_regression_GPMELD.json_FeynmanICh39Eq11.in_normal_0.0_2023-05-29-051707/dso_regression_config_regression_GPMELD.json_FeynmanICh39Eq11.in_normal_0.0_plot_pf.png
-- ANALYZING LOG END ----------------
== POST-PROCESS END ===================
