debug /depot/yexiang/apps/jiang631/data/scibench/data/unencrypted/equations_feynman/FeynmanIICh8Eq31.in
!!!!!!!!!!!!!!!!!!!!!!!!!!!!!i /depot/yexiang/apps/jiang631/data/scibench/data/unencrypted/equations_feynman/FeynmanIICh8Eq31.in
['mul', 4.427e-12, 'pow', 'X_0', 2]
--------------------
eq_name 	 feynman-ii.8.31
num_vars 	 1
vars_range_and_types 	 [{"name": "LogUniform", "range": [10.0, 1000.0], "only_positive": true}]
function_set 	 ['add', 'sub', 'mul', 'div', 'sin', 'cos', 'exp', 'log', 'const']
eq_expression 	 mul,4.427e-12,pow,X_0,2
expr 	 4.427e-12*X_0**2
--------------------

== EXPERIMENT SETUP START ===========
Task type            : regression
Starting seed        : 0
Runs                 : 1
== EXPERIMENT SETUP END =============

== TRAINING SEED 0 START ============
self.dataX <dso.symbolic_data_generator.DataX object at 0x2ac15c00f160>, self.data_query_oracle: <dso.symbolic_equation_evaluator_public.Equation_evaluator object at 0x2ac17b0b0cf8>
generate dataset!
-- BUILDING PRIOR START -------------
WARNING: Skipping invalid 'RelationalConstraint' with arguments {'targets': [], 'effectors': [], 'relationship': None}. Reason: Prior disabled.
WARNING: Skipping invalid 'TrigConstraint' with arguments {}. Reason: There are no target Tokens.
WARNING: Skipping invalid 'UniformArityPrior' with arguments {}. Reason: Prior disabled.
WARNING: Skipping invalid 'LanguageModelPrior' with arguments {'weight': None}. Reason: Prior disabled.
LengthConstraint: Sequences have minimum length 4.
                  Sequences have maximum length 256.
RepeatConstraint: [const] cannot occur more than 10 times.
RelationalConstraint: [inv] cannot be a child of [inv].
ConstConstraint: [const] cannot be the only unique child of [inv, add, sub, mul, div].
NoInputsConstraint: Sequences contain at least one input variable Token.
SoftLengthPrior: No description available.
-- BUILDING PRIOR END ---------------

-- RUNNING EPOCHS START -------------
[00:00:00:05.89] Training epoch 1/14, current best R: 0.6728

	** New best
	Reward: 0.6727615100431379
	Count Off-policy: False
	Count On-policy: True
	Originally on Policy: True
	Invalid: False
	Traversal: div,593.3410692454825,add,mul,inv,add,x1,13.829442661257504,add,add,x1,div,div,1144325.8217388333,inv,add,271431.2787071746,x1,1.0941059899761991,565627.4531213088,x1
	Expression:
	                 593.3410692454825               
	  ───────────────────────────────────────────────
	       1045901.3352716556⋅x₁ + 283890631030.50123
	  x₁ + ──────────────────────────────────────────
	                x₁ + 13.829442661257504          

[00:00:00:14.56] Training epoch 3/14, current best R: 0.9548

	** New best
	Reward: 0.9548494509213287
	Count Off-policy: False
	Count On-policy: True
	Originally on Policy: True
	Invalid: False
	Traversal: inv,add,61.71771928626036,mul,add,div,mul,sub,59.94561409416998,div,mul,-57.69930276000037,sub,div,mul,div,x1,x1,mul,-61.30194772300023,x1,60.18298122186065,12.779035713960845,x1,11.21204566860335,-0.006535663885488771,x1,939.731108631951
	Expression:
	                                                     1                          
	  ──────────────────────────────────────────────────────────────────────────────
	                                            1612125.147620062⋅(58.77209087412754
	  939.731108631951⋅x₁ - 96639770.25301974 + ────────────────────────────────────
	                                                                          x₁    

                         
	  ─────────────────────────
	  ⋅x₁ + 737.34145064068428)
	  ─────────────────────────
                         

[00:00:00:23.33] Training epoch 5/14, current best R: 0.9691

	** New best
	Reward: 0.9691017025097948
	Count Off-policy: False
	Count On-policy: True
	Originally on Policy: True
	Invalid: False
	Traversal: inv,mul,add,sub,mul,sub,inv,add,div,add,mul,mul,x1,x1,inv,x1,x1,205.12973478996125,-0.4219255418363244,0.420114357057628,12899.725994481276,-3372.7424313933498,x1,693.6403964066108
	Expression:
	                                              1                                 
	  ──────────────────────────────────────────────────────────────────────────────
	                                                            8947771.0523486541  
	  693.6403964066108⋅x₁ - 1419616.6856672309 + ──────────────────────────────────
	                                              0.0097499272938068318⋅x₁ - 0.42192

           
	  ───────────
           
	  ───────────
	  55418363244

[00:00:00:47.71] Training epoch 10/14, current best R: 0.9691
[00:00:01:11.42] Ending training after epoch 14/14, current best R: 0.9691
-- RUNNING EPOCHS END ---------------

-- EVALUATION START ----------------
Saving Hall of Fame to ./log/regression_config_regression_DSR.json_FeynmanIICh8Eq31.in_normal_0.0_2023-05-29-051453/dso_regression_config_regression_DSR.json_FeynmanIICh8Eq31.in_normal_0.0_0_hof.csv
Saving Pareto Front to ./log/regression_config_regression_DSR.json_FeynmanIICh8Eq31.in_normal_0.0_2023-05-29-051453/dso_regression_config_regression_DSR.json_FeynmanIICh8Eq31.in_normal_0.0_0_pf.csv
Invalid expressions: 489 of 14336 (3.4%).
Error type counts:
  true_divide: 142 (29.0%)
  reciprocal: 347 (71.0%)
Error node counts:
  divide: 489 (100.0%)
-- EVALUATION END ------------------
== TRAINING SEED 0 END ==============
INFO: Completed run 1 of 1 in 73 s

== POST-PROCESS START =================
-- LOADING LOGS START ----------------
json configure file: ./log/regression_config_regression_DSR.json_FeynmanIICh8Eq31.in_normal_0.0_2023-05-29-051453
Successfully loaded summary data
Successfully loaded Hall of Fame data
Successfully loaded Pareto Front data
-- LOADING LOGS END ------------------

-- ANALYZING LOG START --------------
Task_____________regression
Source path______./log/regression_config_regression_DSR.json_FeynmanIICh8Eq31.in_normal_0.0_2023-05-29-051453
Runs_____________1
Max Samples/run__15000
Success_rate_____0.0
Hall of Fame (Top 5 of 100)____
    0: S=000 R=0.969102 <-- [1/(693.6403964066108*x1 - 1419616.6856672309 + 8947771.0523486541/(0.0097499272938068318*x1 - 0.4219255418363244))]
    1: S=000 R=0.954849 <-- [1/(939.731108631951*x1 - 96639770.25301974 + 1612125.147620062*(58.77209087412754*x1 + 737.34145064068428)/x1)]
    2: S=000 R=0.921429 <-- [1/(-1.007689707102856 + 6201.8461738950021/(0.0018127710967349938*x1/(180.43193764783103 - 0.12066625451827055*x1) - 0.0006022150528915427))]
    3: S=000 R=0.871784 <-- [0.0051240124676596765/(-x1 + 2356166.370595833 - 240523.5691012735/(0.098267872957837951 - 0.0037578010244252933*(-x1 - 37.66154610593322)/x1))]
    4: S=000 R=0.863740 <-- [1/(x1*(16542780.170588911/(-0.96403406096381336*x1 - 47.981612296389426) + 16542780.170588911/x1))]
  Saving Hall of Fame plot to ./log/regression_config_regression_DSR.json_FeynmanIICh8Eq31.in_normal_0.0_2023-05-29-051453/dso_regression_config_regression_DSR.json_FeynmanIICh8Eq31.in_normal_0.0_plot_hof.png
Pareto Front (5 of 7)____
    0: S=000 R=0.969102 C=28.00 <-- [1/(693.6403964066108*x1 - 1419616.6856672309 + 8947771.0523486541/(0.0097499272938068318*x1 - 0.4219255418363244))]
    1: S=000 R=0.835119 C=24.00 <-- [0.004516592497977534/(-x1 + 0.0019129152002178833 + 2049793.0089011696/x1)]
    2: S=000 R=0.720430 C=20.00 <-- [2.6843155389449924e-9*x1 + 4.314228028412504e-9/(-x1 + 0.9888819112020953/x1)]
    3: S=000 R=0.526193 C=18.00 <-- [(0.00048096980104892921 - 0.005688071395210068/x1)*(0.001711923384070599 - 1/x1**2)]
    4: S=000 R=0.504164 C=12.00 <-- [-5.41865623038262e-7*x1/(-x1 - 3.378784897997073)]
  Saving Pareto Front plot to ./log/regression_config_regression_DSR.json_FeynmanIICh8Eq31.in_normal_0.0_2023-05-29-051453/dso_regression_config_regression_DSR.json_FeynmanIICh8Eq31.in_normal_0.0_plot_pf.png
-- ANALYZING LOG END ----------------
== POST-PROCESS END ===================
