debug /depot/yexiang/apps/jiang631/data/scibench/data/unencrypted/equations_feynman/FeynmanIICh36Eq38.in
!!!!!!!!!!!!!!!!!!!!!!!!!!!!!i /depot/yexiang/apps/jiang631/data/scibench/data/unencrypted/equations_feynman/FeynmanIICh36Eq38.in
['add', 'mul', 7.24297051603992e+22, 'mul', 'X_0', 'mul', 'X_1', 'pow', 'X_2', -1, 'mul', 9.10197825916707e+16, 'mul', 'X_0', 'mul', 'X_3', 'mul', 'X_4', 'pow', 'X_2', -1]
--------------------
eq_name 	 feynman-ii.36.38
num_vars 	 5
vars_range_and_types 	 [{"name": "LogUniform", "range": [1e-25, 1e-23], "only_positive": false}, {"name": "LogUniform", "range": [0.001, 0.1], "only_positive": false}, {"name": "LogUniform", "range": [10.0, 1000.0], "only_positive": true}, {"name": "Uniform", "range": [0, 1], "only_positive": true}, {"name": "LogUniform", "range": [1e+23, 1e+25], "only_positive": true}]
function_set 	 ['add', 'sub', 'mul', 'div', 'sin', 'cos', 'exp', 'log', 'const']
eq_expression 	 add,mul,7.24297051603992e+22,mul,X_0,mul,X_1,pow,X_2,-1,mul,9.10197825916707e+16,mul,X_0,mul,X_3,mul,X_4,pow,X_2,-1
expr 	 7.24297051603992e+22*X_0*X_1/X_2 + 9.10197825916707e+16*X_0*X_3*X_4/X_2
--------------------

== EXPERIMENT SETUP START ===========
Task type            : regression
Starting seed        : 0
Runs                 : 1
== EXPERIMENT SETUP END =============

== TRAINING SEED 0 START ============
self.dataX <dso.symbolic_data_generator.DataX object at 0x2b73cf5be080>, self.data_query_oracle: <dso.symbolic_equation_evaluator_public.Equation_evaluator object at 0x2b73ee65fda0>
generate dataset!
-- BUILDING PRIOR START -------------
WARNING: Skipping invalid 'RelationalConstraint' with arguments {'targets': [], 'effectors': [], 'relationship': None}. Reason: Prior disabled.
WARNING: Skipping invalid 'TrigConstraint' with arguments {}. Reason: There are no target Tokens.
WARNING: Skipping invalid 'UniformArityPrior' with arguments {}. Reason: Prior disabled.
WARNING: Skipping invalid 'LanguageModelPrior' with arguments {'weight': None}. Reason: Prior disabled.
LengthConstraint: Sequences have minimum length 4.
                  Sequences have maximum length 256.
RepeatConstraint: [const] cannot occur more than 10 times.
RelationalConstraint: [inv] cannot be a child of [inv].
ConstConstraint: [const] cannot be the only unique child of [inv, add, sub, mul, div].
NoInputsConstraint: Sequences contain at least one input variable Token.
SoftLengthPrior: No description available.
-- BUILDING PRIOR END ---------------

-- RUNNING EPOCHS START -------------
gen	iter	pop_size	nevals	uncached_size	best_val              	timer  
0  	0   	1024    	1024  	1024         	(-0.4999959566377563,)	1.87403
1  	1   	1024    	785   	700          	(-0.4999959566502148,)	0.286289
2  	2   	1024    	779   	680          	(-0.49999595682566006,)	0.290472
3  	3   	1024    	759   	671          	(-0.49999595753566706,)	0.274521
4  	4   	1024    	768   	653          	(-0.49999596739802216,)	0.29136 
5  	5   	1024    	736   	621          	(-0.4999960519772249,) 	0.301374
6  	6   	1024    	790   	674          	(-0.5000000988783886,) 	0.4545  
7  	7   	1024    	765   	651          	(-0.5000934145040989,) 	0.344345
8  	8   	1024    	760   	681          	(-0.5000934145040989,) 	0.361334
9  	9   	1024    	758   	669          	(-0.5014364215725888,) 	0.451383

--------------------------------------------------
GP Time: 5.22735

Unique expressions evaluated: 7983
Total expression evaluations: 7924
--------------------------------------------------

GP -> best program this epoch:

	Reward: 0.5014364215725888
	Count Off-policy: 1
	Count On-policy: 0
	Originally on Policy: False
	Invalid: False
	Traversal: mul,x3,inv,mul,mul,div,117.81925580664387,div,x5,inv,mul,inv,sub,div,x2,x4,mul,x3,x2,x1,inv,add,inv,x2,mul,-118.03805490617776,div,add,div,x5,inv,mul,sub,div,mul,div,x4,x2,inv,x2,x2,1.0,x1,1.0,x3,x2
	Expression:
	                                 ⎛                     ⎛      ⎛        x₄⎞      
	                                 ⎜  118.03805490617776⋅⎜x₁⋅x₅⋅⎜-1.0 + ───⎟ + 1.0
	                                 ⎜                     ⎜      ⎜         3⎟      
	                                 ⎜                     ⎝      ⎝       x₂ ⎠      
	  0.0084875769512678389⋅x₁⋅x₃⋅x₅⋅⎜- ────────────────────────────────────────────
	                                 ⎝                        x₃                    
	  ──────────────────────────────────────────────────────────────────────────────
	                                        ⎛         x₂⎞                           
	                                     x₂⋅⎜-x₂⋅x₃ + ──⎟                           
	                                        ⎝         x₄⎠                           

	  ⎞     ⎞
	  ⎟     ⎟
	  ⎟     ⎟
	  ⎠   1 ⎟
	  ─ + ──⎟
	      x₂⎠
	  ───────
       
       
       

None

--------------------------------------------------

[00:00:00:07.62] Training epoch 1/14, current best R: 0.5014

	** New best
	Reward: 0.5014364215725888
	Count Off-policy: 1
	Count On-policy: 0
	Originally on Policy: False
	Invalid: False
	Traversal: mul,x3,inv,mul,mul,div,117.81925580664387,div,x5,inv,mul,inv,sub,div,x2,x4,mul,x3,x2,x1,inv,add,inv,x2,mul,-118.03805490617776,div,add,div,x5,inv,mul,sub,div,mul,div,x4,x2,inv,x2,x2,1.0,x1,1.0,x3,x2
	Expression:
	                                 ⎛                     ⎛      ⎛        x₄⎞      
	                                 ⎜  118.03805490617776⋅⎜x₁⋅x₅⋅⎜-1.0 + ───⎟ + 1.0
	                                 ⎜                     ⎜      ⎜         3⎟      
	                                 ⎜                     ⎝      ⎝       x₂ ⎠      
	  0.0084875769512678389⋅x₁⋅x₃⋅x₅⋅⎜- ────────────────────────────────────────────
	                                 ⎝                        x₃                    
	  ──────────────────────────────────────────────────────────────────────────────
	                                        ⎛         x₂⎞                           
	                                     x₂⋅⎜-x₂⋅x₃ + ──⎟                           
	                                        ⎝         x₄⎠                           

	  ⎞     ⎞
	  ⎟     ⎟
	  ⎟     ⎟
	  ⎠   1 ⎟
	  ─ + ──⎟
	      x₂⎠
	  ───────
       
       
       

10 	0   	1024    	1024  	1022         	(-0.4999959566543874,) 	0.355539
11 	1   	1024    	777   	677          	(-0.4999959566543874,) 	0.361978
12 	2   	1024    	776   	675          	(-0.4999959566543886,) 	0.291072
13 	3   	1024    	745   	650          	(-0.49999596702002946,)	0.379598
14 	4   	1024    	787   	671          	(-0.4999980158850409,) 	0.394138
15 	5   	1024    	774   	655          	(-0.5000912957536031,) 	0.478239
16 	6   	1024    	771   	647          	(-0.5000912957536031,) 	0.735714
17 	7   	1024    	760   	640          	(-0.5000912957536031,) 	1.06728 
18 	8   	1024    	777   	667          	(-0.50025877275622,)   	1.54255 
19 	9   	1024    	775   	680          	(-0.50025877275622,)   	1.67128 

--------------------------------------------------
GP Time: 7.53616

Unique expressions evaluated: 15935
Total expression evaluations: 15890
--------------------------------------------------

GP -> best program this epoch:

	Reward: 0.50025877275622
	Count Off-policy: 1
	Count On-policy: 0
	Originally on Policy: False
	Invalid: False
	Traversal: mul,x4,div,x5,sub,div,add,1.0317440466709822,add,x3,x3,mul,x2,-8.213112709931636e-07,0.9997696926821651
	Expression:
	                                 x₄⋅x₅                               
	  ───────────────────────────────────────────────────────────────────
	                        1217565.173299958⋅(2⋅x₃ + 1.0317440466709822)
	  -0.9997696926821651 - ─────────────────────────────────────────────
	                                              x₂                     

None

--------------------------------------------------

-- RUNNING EPOCHS END ---------------

-- EVALUATION START ----------------
Saving Hall of Fame to ./log/regression_config_regression_GPMELD.json_FeynmanIICh36Eq38.in_normal_0.0_2023-05-29-051617/dso_regression_config_regression_GPMELD.json_FeynmanIICh36Eq38.in_normal_0.0_0_hof.csv
Saving Pareto Front to ./log/regression_config_regression_GPMELD.json_FeynmanIICh36Eq38.in_normal_0.0_2023-05-29-051617/dso_regression_config_regression_GPMELD.json_FeynmanIICh36Eq38.in_normal_0.0_0_pf.csv
Invalid expressions: 206 of 17938 (1.1%).
Error type counts:
  reciprocal: 123 (59.7%)
  true_divide: 83 (40.3%)
Error node counts:
  divide: 206 (100.0%)
-- EVALUATION END ------------------
== TRAINING SEED 0 END ==============
INFO: Completed run 1 of 1 in 18 s

== POST-PROCESS START =================
-- LOADING LOGS START ----------------
json configure file: ./log/regression_config_regression_GPMELD.json_FeynmanIICh36Eq38.in_normal_0.0_2023-05-29-051617
Successfully loaded summary data
Successfully loaded Hall of Fame data
Successfully loaded Pareto Front data
-- LOADING LOGS END ------------------

-- ANALYZING LOG START --------------
Task_____________regression
Source path______./log/regression_config_regression_GPMELD.json_FeynmanIICh36Eq38.in_normal_0.0_2023-05-29-051617
Runs_____________1
Max Samples/run__15000
Success_rate_____0.0
Hall of Fame (Top 5 of 100)____
    0: S=000 R=0.501436 <-- [0.0084875769512678389*x1*x3*x5*(-118.03805490617776*(x1*x5*(-1.0 + x4/x2**3) + 1.0)/x3 + 1/x2)/(x2*(-x2*x3 + x2/x4))]
    1: S=000 R=0.501436 <-- [0.0084875769512678389*x1*x3*x5*(-118.03805490617776*(x1*x5*(-1.0 + x4/x2**3) + 1.0)/x3 + 1/x2)/(x2*(-x2*x3 + x2/x4))]
    2: S=000 R=0.500292 <-- [x1*x5*(0.9995315240718745 + x3/x2)*(-x2 + 1.129533585962817 + 1/(x2*(x2 - x3*(-x3/(-x1 + x5 + 1/x5 + 1/x2) + 0.05461563901388869))))/(x2**3*x3)]
    3: S=000 R=0.500292 <-- [x1*x5*(0.9995315240718745 + x3/x2)*(-x2 + 1.129533585962817 + 1/(x2*(x2 - x3*(-x3/(-x1 + x5 + 1/x5 + 1/x2) + 0.05461563901388869))))/(x2**3*x3)]
    4: S=000 R=0.500259 <-- [x4*x5/(-0.9997696926821651 - 1217565.173299958*(2*x3 + 1.0317440466709822)/x2)]
  Saving Hall of Fame plot to ./log/regression_config_regression_GPMELD.json_FeynmanIICh36Eq38.in_normal_0.0_2023-05-29-051617/dso_regression_config_regression_GPMELD.json_FeynmanIICh36Eq38.in_normal_0.0_plot_hof.png
Pareto Front (5 of 7)____
    0: S=000 R=0.501436 C=60.00 <-- [0.0084875769512678389*x1*x3*x5*(-118.03805490617776*(x1*x5*(-1.0 + x4/x2**3) + 1.0)/x3 + 1/x2)/(x2*(-x2*x3 + x2/x4))]
    1: S=000 R=0.500292 C=59.00 <-- [x1*x5*(0.9995315240718745 + x3/x2)*(-x2 + 1.129533585962817 + 1/(x2*(x2 - x3*(-x3/(-x1 + x5 + 1/x5 + 1/x2) + 0.05461563901388869))))/(x2**3*x3)]
    2: S=000 R=0.500259 C=17.00 <-- [x4*x5/(-0.9997696926821651 - 1217565.173299958*(2*x3 + 1.0317440466709822)/x2)]
    3: S=000 R=0.500099 C=14.00 <-- [x1*(1.0 + x5/(x3*(x1 + 4.0800696154974503e-14)))]
    4: S=000 R=0.499996 C=12.00 <-- [x3*(x2 + 1/x2)/x2**2]
  Saving Pareto Front plot to ./log/regression_config_regression_GPMELD.json_FeynmanIICh36Eq38.in_normal_0.0_2023-05-29-051617/dso_regression_config_regression_GPMELD.json_FeynmanIICh36Eq38.in_normal_0.0_plot_pf.png
-- ANALYZING LOG END ----------------
== POST-PROCESS END ===================
