debug /depot/yexiang/apps/jiang631/data/scibench/data/unencrypted/equations_feynman/FeynmanIICh4Eq23.in
!!!!!!!!!!!!!!!!!!!!!!!!!!!!!i /depot/yexiang/apps/jiang631/data/scibench/data/unencrypted/equations_feynman/FeynmanIICh4Eq23.in
['mul', 28235825615.541, 'mul', 'X_0', 'mul', 'pow', 3.141592653589793, -1, 'pow', 'X_1', -1]
--------------------
eq_name 	 feynman-ii.4.23
num_vars 	 2
vars_range_and_types 	 [{"name": "LogUniform", "range": [0.001, 0.1], "only_positive": false}, {"name": "LogUniform", "range": [0.01, 1.0], "only_positive": true}]
function_set 	 ['add', 'sub', 'mul', 'div', 'sin', 'cos', 'exp', 'log', 'const']
eq_expression 	 mul,28235825615.541,mul,X_0,mul,pow,3.141592653589793,-1,pow,X_1,-1
expr 	 28235825615.541*X_0/(pi*X_1)
--------------------

== EXPERIMENT SETUP START ===========
Task type            : regression
Starting seed        : 0
Runs                 : 1
== EXPERIMENT SETUP END =============

== TRAINING SEED 0 START ============
self.dataX <dso.symbolic_data_generator.DataX object at 0x2b958e695898>, self.data_query_oracle: <dso.symbolic_equation_evaluator_public.Equation_evaluator object at 0x2b9574eb8d68>
generate dataset!
-- BUILDING PRIOR START -------------
WARNING: Skipping invalid 'RelationalConstraint' with arguments {'targets': [], 'effectors': [], 'relationship': None}. Reason: Prior disabled.
WARNING: Skipping invalid 'TrigConstraint' with arguments {}. Reason: There are no target Tokens.
WARNING: Skipping invalid 'UniformArityPrior' with arguments {}. Reason: Prior disabled.
WARNING: Skipping invalid 'LanguageModelPrior' with arguments {'weight': None}. Reason: Prior disabled.
LengthConstraint: Sequences have minimum length 4.
                  Sequences have maximum length 256.
RepeatConstraint: [const] cannot occur more than 10 times.
RelationalConstraint: [inv] cannot be a child of [inv].
ConstConstraint: [const] cannot be the only unique child of [inv, add, sub, mul, div].
NoInputsConstraint: Sequences contain at least one input variable Token.
SoftLengthPrior: No description available.
-- BUILDING PRIOR END ---------------

-- RUNNING EPOCHS START -------------
[00:00:00:02.35] Training epoch 1/14, current best R: 0.5700

	** New best
	Reward: 0.5700377576912969
	Count Off-policy: False
	Count On-policy: True
	Originally on Policy: True
	Invalid: False
	Traversal: mul,mul,mul,x1,sub,x1,sub,x2,1119.4774221521268,inv,sub,1.0000062704709427,mul,inv,x1,x1,1119.4774221521268
	Expression:
	  178531633.80898584⋅x₁⋅(x₁ - x₂ + 1119.4774221521268)

[00:00:00:07.09] Training epoch 5/14, current best R: 0.7493

	** New best
	Reward: 0.7493154897077933
	Count Off-policy: False
	Count On-policy: True
	Originally on Policy: True
	Invalid: False
	Traversal: div,mul,sub,inv,x2,x2,mul,mul,sub,div,inv,add,mul,mul,1.4263847544052453,x1,x2,x2,x2,-352147.440511204,329.7472402503537,x1,x2
	Expression:
	     ⎛                            329.7472402503537         ⎞ ⎛      1 ⎞
	  x₁⋅⎜116119646.6697951 + ──────────────────────────────────⎟⋅⎜-x₂ + ──⎟
	     ⎝                    x₂⋅(1.4263847544052453⋅x₁⋅x₂ + x₂)⎠ ⎝      x₂⎠
	  ──────────────────────────────────────────────────────────────────────
	                                    x₂                                  

[00:00:00:12.83] Training epoch 10/14, current best R: 0.7493
[00:00:00:17.54] Ending training after epoch 14/14, current best R: 0.7493
-- RUNNING EPOCHS END ---------------

-- EVALUATION START ----------------
Saving Hall of Fame to ./log/regression_config_regression_PQT.json_FeynmanIICh4Eq23.in_normal_0.0_2023-05-29-052409/dso_regression_config_regression_PQT.json_FeynmanIICh4Eq23.in_normal_0.0_0_hof.csv
Saving Pareto Front to ./log/regression_config_regression_PQT.json_FeynmanIICh4Eq23.in_normal_0.0_2023-05-29-052409/dso_regression_config_regression_PQT.json_FeynmanIICh4Eq23.in_normal_0.0_0_pf.csv
Invalid expressions: 451 of 14336 (3.1%).
Error type counts:
  reciprocal: 274 (60.8%)
  true_divide: 177 (39.2%)
Error node counts:
  divide: 448 (99.3%)
  invalid: 3 (0.7%)

Priority queue entry 0:
	Reward: 0.7493154897077933
	Count Off-policy: False
	Count On-policy: True
	Originally on Policy: True
	Invalid: False
	Traversal: div,mul,sub,inv,x2,x2,mul,mul,sub,div,inv,add,mul,mul,1.4263847544052453,x1,x2,x2,x2,-352147.440511204,329.7472402503537,x1,x2
	Expression:
	     ⎛                            329.7472402503537         ⎞ ⎛      1 ⎞
	  x₁⋅⎜116119646.6697951 + ──────────────────────────────────⎟⋅⎜-x₂ + ──⎟
	     ⎝                    x₂⋅(1.4263847544052453⋅x₁⋅x₂ + x₂)⎠ ⎝      x₂⎠
	  ──────────────────────────────────────────────────────────────────────
	                                    x₂                                  


Priority queue entry 1:
	Reward: 0.6208361574262462
	Count Off-policy: False
	Count On-policy: True
	Originally on Policy: True
	Invalid: False
	Traversal: div,x1,mul,x2,mul,mul,x2,inv,add,add,sub,inv,x2,div,-16468.333329498768,x2,x2,x1,x2
	Expression:
	     ⎛          16469.333329498768⎞
	  x₁⋅⎜x₁ + x₂ + ──────────────────⎟
	     ⎝                  x₂        ⎠
	  ─────────────────────────────────
	                   3               
	                 x₂                


Priority queue entry 2:
	Reward: 0.5700377576912969
	Count Off-policy: False
	Count On-policy: True
	Originally on Policy: True
	Invalid: False
	Traversal: mul,mul,mul,x1,sub,x1,sub,x2,1119.4774221521268,inv,sub,1.0000062704709427,mul,inv,x1,x1,1119.4774221521268
	Expression:
	  178531633.80898584⋅x₁⋅(x₁ - x₂ + 1119.4774221521268)


Priority queue entry 3:
	Reward: 0.5144261886798235
	Count Off-policy: False
	Count On-policy: True
	Originally on Policy: True
	Invalid: False
	Traversal: div,sub,1.0,div,div,x1,mul,div,mul,div,mul,sub,div,0.9992117091625321,add,x2,0.9969393110016156,0.9923806904566834,x2,1.0023429506642123,x2,x2,x2,x2,x2
	Expression:
	                   1.0023429506642123⋅x₁                     
	  - ─────────────────────────────────────────────────── + 1.0
	      3 ⎛                         0.9992117091625321  ⎞      
	    x₂ ⋅⎜-0.9923806904566834 + ───────────────────────⎟      
	        ⎝                      x₂ + 0.9969393110016156⎠      
	  ───────────────────────────────────────────────────────────
	                               x₂                            


Priority queue entry 4:
	Reward: 0.5025298750808541
	Count Off-policy: False
	Count On-policy: True
	Originally on Policy: True
	Invalid: False
	Traversal: mul,mul,add,mul,inv,x1,inv,div,mul,mul,mul,mul,x2,sub,0.10009903298539577,x1,x2,x2,x2,x2,1.0,1.2808305906009878,1.2808305906009783
	Expression:
	                              1.640527001819263        
	  1.640527001819263 + ─────────────────────────────────
	                           3                           
	                      x₁⋅x₂ ⋅(0.10009903298539577 - x₁)


Priority queue entry 5:
	Reward: 0.5008841912327002
	Count Off-policy: False
	Count On-policy: True
	Originally on Policy: True
	Invalid: False
	Traversal: mul,sub,inv,x2,div,x1,x2,inv,mul,x2,sub,mul,mul,mul,1.0003243434488813,x1,1.0003243434479672,1.0003243434479672,x1
	Expression:
	                     ⎛  x₁   1 ⎞
	  1027.3839166466621⋅⎜- ── + ──⎟
	                     ⎝  x₂   x₂⎠
	  ──────────────────────────────
	              x₁⋅x₂             


Priority queue entry 6:
	Reward: 0.5008839772038135
	Count Off-policy: False
	Count On-policy: True
	Originally on Policy: True
	Invalid: False
	Traversal: add,mul,inv,x2,div,inv,x1,sub,x2,mul,x2,div,x1,mul,1.0009744410330146,x1,1.0
	Expression:
	        1027.2293623928478
	  1.0 + ──────────────────
	                   2      
	              x₁⋅x₂       


Priority queue entry 7:
	Reward: 0.500742144048131
	Count Off-policy: False
	Count On-policy: True
	Originally on Policy: True
	Invalid: False
	Traversal: add,div,div,inv,div,mul,sub,add,div,mul,mul,mul,x2,x2,x1,0.37587787746439005,1.6240826161346393,x1,x1,x2,x2,x2,0.37587787746439005,x2
	Expression:
	       11.495148503580552
	  x₂ + ──────────────────
	                  3      
	             x₁⋅x₂       


Priority queue entry 8:
	Reward: 0.5007401001779456
	Count Off-policy: False
	Count On-policy: True
	Originally on Policy: True
	Invalid: False
	Traversal: div,x2,div,x2,add,add,x1,div,mul,div,div,sub,inv,x1,mul,x2,inv,x1,x2,x2,11.63226316072849,x2,x2
	Expression:
	                              ⎛  x₂   1 ⎞
	            11.63226316072849⋅⎜- ── + ──⎟
	                              ⎝  x₁   x₁⎠
	  x₁ + x₂ + ─────────────────────────────
	                           3             
	                         x₂              


Priority queue entry 9:
	Reward: 0.5007325217132436
	Count Off-policy: False
	Count On-policy: True
	Originally on Policy: True
	Invalid: False
	Traversal: mul,div,-4.604768729162557,x2,div,add,add,1.001194844187769,inv,sub,mul,x1,1.0013871487034005,add,mul,x2,x2,x1,x2,x1
	Expression:
	                     ⎛                                       1               ⎞ 
	  -4.604768729162557⋅⎜x₂ + 1.001194844187769 + ──────────────────────────────⎟ 
	                     ⎜                                                      2⎟ 
	                     ⎝                         0.0013871487034005005⋅x₁ - x₂ ⎠ 
	  ─────────────────────────────────────────────────────────────────────────────
	                                      x₁⋅x₂                                    

-- EVALUATION END ------------------
== TRAINING SEED 0 END ==============
INFO: Completed run 1 of 1 in 19 s

== POST-PROCESS START =================
-- LOADING LOGS START ----------------
json configure file: ./log/regression_config_regression_PQT.json_FeynmanIICh4Eq23.in_normal_0.0_2023-05-29-052409
Successfully loaded summary data
Successfully loaded Hall of Fame data
Successfully loaded Pareto Front data
-- LOADING LOGS END ------------------

-- ANALYZING LOG START --------------
Task_____________regression
Source path______./log/regression_config_regression_PQT.json_FeynmanIICh4Eq23.in_normal_0.0_2023-05-29-052409
Runs_____________1
Max Samples/run__15000
Success_rate_____0.0
Hall of Fame (Top 5 of 100)____
    0: S=000 R=0.749315 <-- [x1*(116119646.6697951 + 329.7472402503537/(x2*(1.4263847544052453*x1*x2 + x2)))*(-x2 + 1/x2)/x2]
    1: S=000 R=0.620836 <-- [x1*(x1 + x2 + 16469.333329498768/x2)/x2**3]
    2: S=000 R=0.586880 <-- [(0.9989968939866796 + 130.77521783170803*(x1 + x2)/x2**2)/x2**3]
    3: S=000 R=0.570038 <-- [178531633.80898584*x1*(x1 - x2 + 1119.4774221521268)]
    4: S=000 R=0.514426 <-- [(-1.0023429506642123*x1/(x2**3*(-0.9923806904566834 + 0.9992117091625321/(x2 + 0.9969393110016156))) + 1.0)/x2]
  Saving Hall of Fame plot to ./log/regression_config_regression_PQT.json_FeynmanIICh4Eq23.in_normal_0.0_2023-05-29-052409/dso_regression_config_regression_PQT.json_FeynmanIICh4Eq23.in_normal_0.0_plot_hof.png
Pareto Front (5 of 7)____
    0: S=000 R=0.749315 C=27.00 <-- [x1*(116119646.6697951 + 329.7472402503537/(x2*(1.4263847544052453*x1*x2 + x2)))*(-x2 + 1/x2)/x2]
    1: S=000 R=0.620836 C=23.00 <-- [x1*(x1 + x2 + 16469.333329498768/x2)/x2**3]
    2: S=000 R=0.570038 C=19.00 <-- [178531633.80898584*x1*(x1 - x2 + 1119.4774221521268)]
    3: S=000 R=0.500446 C=11.00 <-- [1782276.1397543646/x1]
    4: S=000 R=0.499999 C=9.00 <-- [1/(x1*x2*(1.0 - x2))]
  Saving Pareto Front plot to ./log/regression_config_regression_PQT.json_FeynmanIICh4Eq23.in_normal_0.0_2023-05-29-052409/dso_regression_config_regression_PQT.json_FeynmanIICh4Eq23.in_normal_0.0_plot_pf.png
-- ANALYZING LOG END ----------------
== POST-PROCESS END ===================
