debug /depot/yexiang/apps/jiang631/data/scibench/data/unencrypted/equations_feynman/FeynmanICh15Eq3x.in
!!!!!!!!!!!!!!!!!!!!!!!!!!!!!i /depot/yexiang/apps/jiang631/data/scibench/data/unencrypted/equations_feynman/FeynmanICh15Eq3x.in
['mul', 'pow', 'add', 1, 'mul', -1.11265005605362e-17, 'pow', 'X_1', 2, -0.5, 'add', 'X_0', 'mul', -1, 'mul', 'X_1', 'X_2']
--------------------
eq_name 	 feynman-i.15.3x
num_vars 	 3
vars_range_and_types 	 [{"name": "LogUniform", "range": [1.0, 100.0], "only_positive": false}, {"name": "LogUniform", "range": [1000000.0, 100000000.0], "only_positive": false}, {"name": "LogUniform", "range": [1e-06, 0.0001], "only_positive": true}]
function_set 	 ['add', 'sub', 'mul', 'div', 'sin', 'cos', 'exp', 'log', 'const']
eq_expression 	 mul,pow,add,1,mul,-1.11265005605362e-17,pow,X_1,2,-0.5,add,X_0,mul,-1,mul,X_1,X_2
expr 	 (X_0 - X_1*X_2)/sqrt(1 - 1.11265005605362e-17*X_1**2)
--------------------

== EXPERIMENT SETUP START ===========
Task type            : regression
Starting seed        : 0
Runs                 : 1
== EXPERIMENT SETUP END =============

== TRAINING SEED 0 START ============
self.dataX <dso.symbolic_data_generator.DataX object at 0x2b5206302898>, self.data_query_oracle: <dso.symbolic_equation_evaluator_public.Equation_evaluator object at 0x2b51ecb3fd68>
generate dataset!
-- BUILDING PRIOR START -------------
WARNING: Skipping invalid 'RelationalConstraint' with arguments {'targets': [], 'effectors': [], 'relationship': None}. Reason: Prior disabled.
WARNING: Skipping invalid 'TrigConstraint' with arguments {}. Reason: There are no target Tokens.
WARNING: Skipping invalid 'UniformArityPrior' with arguments {}. Reason: Prior disabled.
WARNING: Skipping invalid 'LanguageModelPrior' with arguments {'weight': None}. Reason: Prior disabled.
LengthConstraint: Sequences have minimum length 4.
                  Sequences have maximum length 256.
RepeatConstraint: [const] cannot occur more than 10 times.
RelationalConstraint: [inv] cannot be a child of [inv].
ConstConstraint: [const] cannot be the only unique child of [inv, add, sub, mul, div].
NoInputsConstraint: Sequences contain at least one input variable Token.
SoftLengthPrior: No description available.
-- BUILDING PRIOR END ---------------

-- RUNNING EPOCHS START -------------
[00:00:00:02.78] Training epoch 1/14, current best R: 0.9680

	** New best
	Reward: 0.9679592182592648
	Count Off-policy: False
	Count On-policy: True
	Originally on Policy: True
	Invalid: False
	Traversal: add,x3,sub,x1,mul,x3,add,x2,mul,div,x1,sub,1.0,x1,x3
	Expression:
	          ⎛ x₁⋅x₃       ⎞     
	  x₁ - x₃⋅⎜──────── + x₂⎟ + x₃
	          ⎝1.0 - x₁     ⎠     

[00:00:00:04.94] Training epoch 2/14, current best R: 0.9833

	** New best
	Reward: 0.9832876240375505
	Count Off-policy: False
	Count On-policy: True
	Originally on Policy: True
	Invalid: False
	Traversal: add,x1,mul,x2,inv,div,mul,sub,div,inv,sub,x3,add,x3,1.02942332199743,x3,x1,x3,x3
	Expression:
	                  x₂          
	  x₁ + ───────────────────────
	             0.971417665241605
	       -x₁ - ─────────────────
	                     x₃       

[00:00:00:07.95] Training epoch 4/14, current best R: 0.9835

	** New best
	Reward: 0.9834738885913812
	Count Off-policy: False
	Count On-policy: True
	Originally on Policy: True
	Invalid: False
	Traversal: mul,sub,x1,mul,add,inv,sub,x1,mul,x2,x1,x2,mul,sub,1.0176208652468717,x3,x3,1.0116071365879356
	Expression:
	                                                                          ⎛     
	  1.0116071365879356⋅x₁ - 1.0116071365879356⋅x₃⋅(1.0176208652468717 - x₃)⋅⎜x₂ + 
	                                                                          ⎝     

	       1     ⎞
	  ───────────⎟
	  -x₁⋅x₂ + x₁⎠

[00:00:00:14.25] Training epoch 8/14, current best R: 0.9835

	** New best
	Reward: 0.983474059102791
	Count Off-policy: False
	Count On-policy: True
	Originally on Policy: True
	Invalid: False
	Traversal: mul,1.0115975388847147,sub,x1,mul,add,sub,x1,add,div,x1,1.0007439353704735,x2,x1,mul,x3,-1.0175632101396304
	Expression:
	  1.0115975388847147⋅x₁ + 1.0293644390368799⋅x₃⋅(1.0007433823420555⋅x₁ - x₂)

[00:00:00:17.63] Training epoch 10/14, current best R: 0.9835
[00:00:00:24.21] Ending training after epoch 14/14, current best R: 0.9835
-- RUNNING EPOCHS END ---------------

-- EVALUATION START ----------------
Saving Hall of Fame to ./log/regression_config_regression_PQT.json_FeynmanICh15Eq3x.in_normal_0.0_2023-05-29-051400/dso_regression_config_regression_PQT.json_FeynmanICh15Eq3x.in_normal_0.0_0_hof.csv
Saving Pareto Front to ./log/regression_config_regression_PQT.json_FeynmanICh15Eq3x.in_normal_0.0_2023-05-29-051400/dso_regression_config_regression_PQT.json_FeynmanICh15Eq3x.in_normal_0.0_0_pf.csv
Invalid expressions: 383 of 14336 (2.7%).
Error type counts:
  true_divide: 173 (45.2%)
  reciprocal: 210 (54.8%)
Error node counts:
  divide: 380 (99.2%)
  invalid: 3 (0.8%)

Priority queue entry 0:
	Reward: 0.983474059102791
	Count Off-policy: False
	Count On-policy: True
	Originally on Policy: True
	Invalid: False
	Traversal: mul,1.0115975388847147,sub,x1,mul,add,sub,x1,add,div,x1,1.0007439353704735,x2,x1,mul,x3,-1.0175632101396304
	Expression:
	  1.0115975388847147⋅x₁ + 1.0293644390368799⋅x₃⋅(1.0007433823420555⋅x₁ - x₂)


Priority queue entry 1:
	Reward: 0.9834740541605141
	Count Off-policy: False
	Count On-policy: True
	Originally on Policy: True
	Invalid: False
	Traversal: add,add,mul,mul,x3,x2,-1.029364435632507,add,x3,x1,mul,sub,inv,x2,-0.011636966417250004,x1
	Expression:
	     ⎛                       1 ⎞                                    
	  x₁⋅⎜0.011636966417250004 + ──⎟ + x₁ - 1.029364435632507⋅x₂⋅x₃ + x₃
	     ⎝                       x₂⎠                                    


Priority queue entry 2:
	Reward: 0.9834738885913812
	Count Off-policy: False
	Count On-policy: True
	Originally on Policy: True
	Invalid: False
	Traversal: mul,sub,x1,mul,add,inv,sub,x1,mul,x2,x1,x2,mul,sub,1.0176208652468717,x3,x3,1.0116071365879356
	Expression:
	                                                                          ⎛     
	  1.0116071365879356⋅x₁ - 1.0116071365879356⋅x₃⋅(1.0176208652468717 - x₃)⋅⎜x₂ + 
	                                                                          ⎝     

	       1     ⎞
	  ───────────⎟
	  -x₁⋅x₂ + x₁⎠


Priority queue entry 3:
	Reward: 0.98347100794979
	Count Off-policy: False
	Count On-policy: True
	Originally on Policy: True
	Invalid: False
	Traversal: add,x1,mul,x3,mul,1.0292477187518403,sub,add,div,div,mul,-1.1937920875592403e-07,x2,x3,21.61839623269281,x1,x2
	Expression:
	          ⎛                                                5.6836213452606153e-9
	  x₁ + x₃⋅⎜1.0292477187518403⋅x₁ - 1.0292477187518403⋅x₂ - ─────────────────────
	          ⎝                                                           x₃        

	  ⋅x₂⎞
	  ───⎟
	     ⎠


Priority queue entry 4:
	Reward: 0.9834706121260656
	Count Off-policy: False
	Count On-policy: True
	Originally on Policy: True
	Invalid: False
	Traversal: sub,x1,mul,mul,sub,add,sub,x2,div,x1,x2,1.514679143569131,add,x2,0.4853192029475748,x2,x3
	Expression:
	             ⎛  x₁                    ⎞
	  x₁ - x₂⋅x₃⋅⎜- ── + 1.029359940621556⎟
	             ⎝  x₂                    ⎠


Priority queue entry 5:
	Reward: 0.9834706067494952
	Count Off-policy: False
	Count On-policy: True
	Originally on Policy: True
	Invalid: False
	Traversal: add,sub,mul,x3,add,mul,x2,-1.029359952956954,x1,mul,inv,mul,1.0,mul,x3,x2,x3,x1
	Expression:
	                                        1 
	  x₁ + x₃⋅(x₁ - 1.029359952956954⋅x₂) - ──
	                                        x₂


Priority queue entry 6:
	Reward: 0.9834694346678607
	Count Off-policy: False
	Count On-policy: True
	Originally on Policy: True
	Invalid: False
	Traversal: sub,sub,x1,sub,mul,x3,sub,x2,div,sub,sub,mul,x3,sub,inv,x3,x3,x2,x3,33.822508336103525,x1,x1
	Expression:
	          ⎛                                                ⎛      1 ⎞           
	  x₁ - x₃⋅⎜1.0295661099426076⋅x₂ - 0.029566109942607634⋅x₃⋅⎜-x₃ + ──⎟ + 0.029566
	          ⎝                                                ⎝      x₃⎠           

	                 ⎞
	  109942607634⋅x₃⎟
	                 ⎠


Priority queue entry 7:
	Reward: 0.9834660146327849
	Count Off-policy: False
	Count On-policy: True
	Originally on Policy: True
	Invalid: False
	Traversal: mul,x3,mul,1.029354562477775,sub,div,x1,x3,x2
	Expression:
	     ⎛1.029354562477775⋅x₁                       ⎞
	  x₃⋅⎜──────────────────── - 1.029354562477775⋅x₂⎟
	     ⎝         x₃                                ⎠


Priority queue entry 8:
	Reward: 0.983403224940034
	Count Off-policy: False
	Count On-policy: True
	Originally on Policy: True
	Invalid: False
	Traversal: add,x3,add,x1,sub,-0.04690824280208583,mul,0.004536288464416939,mul,mul,div,x3,82.70517333243632,sub,18768.682416258245,x1,x2
	Expression:
	  x₁ - 5.484890825611561e-5⋅x₂⋅x₃⋅(18768.682416258245 - x₁) + x₃ - 0.04690824280
	  208583


Priority queue entry 9:
	Reward: 0.9832876240375505
	Count Off-policy: False
	Count On-policy: True
	Originally on Policy: True
	Invalid: False
	Traversal: add,x1,mul,x2,inv,div,mul,sub,div,inv,sub,x3,add,x3,1.02942332199743,x3,x1,x3,x3
	Expression:
	                  x₂          
	  x₁ + ───────────────────────
	             0.971417665241605
	       -x₁ - ─────────────────
	                     x₃       

-- EVALUATION END ------------------
== TRAINING SEED 0 END ==============
INFO: Completed run 1 of 1 in 26 s

== POST-PROCESS START =================
-- LOADING LOGS START ----------------
json configure file: ./log/regression_config_regression_PQT.json_FeynmanICh15Eq3x.in_normal_0.0_2023-05-29-051400
Successfully loaded summary data
Successfully loaded Hall of Fame data
Successfully loaded Pareto Front data
-- LOADING LOGS END ------------------

-- ANALYZING LOG START --------------
Task_____________regression
Source path______./log/regression_config_regression_PQT.json_FeynmanICh15Eq3x.in_normal_0.0_2023-05-29-051400
Runs_____________1
Max Samples/run__15000
Success_rate_____0.0
Hall of Fame (Top 5 of 100)____
    0: S=000 R=0.983474 <-- [1.0115975388847147*x1 + 1.0293644390368799*x3*(1.0007433823420555*x1 - x2)]
    1: S=000 R=0.983474 <-- [x1*(0.011636966417250004 + 1/x2) + x1 - 1.029364435632507*x2*x3 + x3]
    2: S=000 R=0.983474 <-- [1.0116071365879356*x1 - 1.0116071365879356*x3*(1.0176208652468717 - x3)*(x2 + 1/(-x1*x2 + x1))]
    3: S=000 R=0.983471 <-- [x1 + x3*(1.0292477187518403*x1 - 1.0292477187518403*x2 - 5.6836213452606153e-9*x2/x3)]
    4: S=000 R=0.983471 <-- [x1 - x3*(x1 + x2)*(x3 + 1.0292925803241248 - 1/(-x1 + x2))]
  Saving Hall of Fame plot to ./log/regression_config_regression_PQT.json_FeynmanICh15Eq3x.in_normal_0.0_2023-05-29-051400/dso_regression_config_regression_PQT.json_FeynmanICh15Eq3x.in_normal_0.0_plot_hof.png
Pareto Front (5 of 5)____
    0: S=000 R=0.983474 C=18.00 <-- [1.0115975388847147*x1 + 1.0293644390368799*x3*(1.0007433823420555*x1 - x2)]
    1: S=000 R=0.983474 C=17.00 <-- [x1*(0.011636966417250004 + 1/x2) + x1 - 1.029364435632507*x2*x3 + x3]
    2: S=000 R=0.983466 C=10.00 <-- [x3*(1.029354562477775*x1/x3 - 1.029354562477775*x2)]
    3: S=000 R=0.967961 C=9.00 <-- [x1 - x3*(x2 + 1.0) + 0.34082852763109545]
    4: S=000 R=0.565597 C=5.00 <-- [1.0 - 2.1291515252181507e-5*x2]
  Saving Pareto Front plot to ./log/regression_config_regression_PQT.json_FeynmanICh15Eq3x.in_normal_0.0_2023-05-29-051400/dso_regression_config_regression_PQT.json_FeynmanICh15Eq3x.in_normal_0.0_plot_pf.png
-- ANALYZING LOG END ----------------
== POST-PROCESS END ===================
