debug /depot/yexiang/apps/jiang631/data/scibench/data/unencrypted/equations_feynman/FeynmanICh11Eq19.in
!!!!!!!!!!!!!!!!!!!!!!!!!!!!!i /depot/yexiang/apps/jiang631/data/scibench/data/unencrypted/equations_feynman/FeynmanICh11Eq19.in
['add', 'mul', 'X_0', 'X_1', 'add', 'mul', 'X_2', 'X_3', 'mul', 'X_4', 'X_5']
--------------------
eq_name 	 feynman-i.11.19
num_vars 	 6
vars_range_and_types 	 [{"name": "LogUniform", "range": [0.1, 10.0], "only_positive": false}, {"name": "LogUniform", "range": [0.1, 10.0], "only_positive": false}, {"name": "LogUniform", "range": [0.1, 10.0], "only_positive": false}, {"name": "LogUniform", "range": [0.1, 10.0], "only_positive": false}, {"name": "LogUniform", "range": [0.1, 10.0], "only_positive": false}, {"name": "LogUniform", "range": [0.1, 10.0], "only_positive": false}]
function_set 	 ['add', 'mul']
eq_expression 	 add,mul,X_0,X_1,add,mul,X_2,X_3,mul,X_4,X_5
expr 	 X_0*X_1 + X_2*X_3 + X_4*X_5
--------------------

== EXPERIMENT SETUP START ===========
Task type            : regression
Starting seed        : 0
Runs                 : 1
== EXPERIMENT SETUP END =============

== TRAINING SEED 0 START ============
self.dataX <dso.symbolic_data_generator.DataX object at 0x2af00e8dc940>, self.data_query_oracle: <dso.symbolic_equation_evaluator_public.Equation_evaluator object at 0x2af028587cf8>
generate dataset!
-- BUILDING PRIOR START -------------
WARNING: Skipping invalid 'RelationalConstraint' with arguments {'targets': [], 'effectors': [], 'relationship': None}. Reason: Prior disabled.
WARNING: Skipping invalid 'TrigConstraint' with arguments {}. Reason: There are no target Tokens.
WARNING: Skipping invalid 'UniformArityPrior' with arguments {}. Reason: Prior disabled.
WARNING: Skipping invalid 'LanguageModelPrior' with arguments {'weight': None}. Reason: Prior disabled.
LengthConstraint: Sequences have minimum length 4.
                  Sequences have maximum length 256.
RepeatConstraint: [const] cannot occur more than 10 times.
RelationalConstraint: [inv] cannot be a child of [inv].
ConstConstraint: [const] cannot be the only unique child of [inv, add, sub, mul, div].
NoInputsConstraint: Sequences contain at least one input variable Token.
SoftLengthPrior: No description available.
-- BUILDING PRIOR END ---------------

-- RUNNING EPOCHS START -------------
[00:00:00:03.05] Training epoch 1/14, current best R: 0.5496

	** New best
	Reward: 0.5496349908310332
	Count Off-policy: False
	Count On-policy: True
	Originally on Policy: True
	Invalid: False
	Traversal: div,x6,div,inv,x5,mul,-5.164092556174491e-05,sub,inv,x5,add,x1,mul,87.46942532070997,sub,224.66181620771533,x1
	Expression:
	        ⎛                                                5.164092556174491e-5⎞
	  x₅⋅x₆⋅⎜-0.004465361156353644⋅x₁ + 1.0147978915371426 - ────────────────────⎟
	        ⎝                                                         x₅         ⎠

[00:00:00:04.99] Training epoch 2/14, current best R: 0.5512

	** New best
	Reward: 0.5512123800948111
	Count Off-policy: False
	Count On-policy: True
	Originally on Policy: True
	Invalid: False
	Traversal: mul,x5,mul,0.0008513365162674629,add,x5,mul,x1,div,mul,1192.252906976609,x2,x5
	Expression:
	     ⎛1.015008436335222⋅x₁⋅x₂                           ⎞
	  x₅⋅⎜─────────────────────── + 0.0008513365162674629⋅x₅⎟
	     ⎝           x₅                                     ⎠

[00:00:00:07.02] Training epoch 3/14, current best R: 0.5534

	** New best
	Reward: 0.5534498003105928
	Count Off-policy: False
	Count On-policy: True
	Originally on Policy: True
	Invalid: False
	Traversal: add,mul,mul,1.0150341998791028,x4,x3,-0.17172669062299267
	Expression:
	  1.0150341998791028⋅x₃⋅x₄ - 0.17172669062299267

[00:00:00:15.61] Training epoch 7/14, current best R: 0.5534

	** New best
	Reward: 0.5534498317238865
	Count Off-policy: False
	Count On-policy: True
	Originally on Policy: True
	Invalid: False
	Traversal: mul,mul,1.0149689256566703,x3,add,x4,div,-0.16167344743909642,x3
	Expression:
	                        ⎛     0.16167344743909642⎞
	  1.0149689256566703⋅x₃⋅⎜x₄ - ───────────────────⎟
	                        ⎝              x₃        ⎠

[00:00:00:23.20] Training epoch 10/14, current best R: 0.5534
[00:00:00:28.23] Training epoch 12/14, current best R: 0.6321

	** New best
	Reward: 0.6321033678979134
	Count Off-policy: False
	Count On-policy: True
	Originally on Policy: True
	Invalid: False
	Traversal: add,-0.09345336087009051,add,mul,x1,x2,mul,sub,x5,0.02724231059061051,x6
	Expression:
	  x₁⋅x₂ + x₆⋅(x₅ - 0.02724231059061051) - 0.09345336087009051

[00:00:00:33.76] Ending training after epoch 14/14, current best R: 0.6321
-- RUNNING EPOCHS END ---------------

-- EVALUATION START ----------------
Saving Hall of Fame to ./log/regression_config_regression_PQT.json_FeynmanICh11Eq19.in_normal_0.0_2023-05-29-051109/dso_regression_config_regression_PQT.json_FeynmanICh11Eq19.in_normal_0.0_0_hof.csv
Saving Pareto Front to ./log/regression_config_regression_PQT.json_FeynmanICh11Eq19.in_normal_0.0_2023-05-29-051109/dso_regression_config_regression_PQT.json_FeynmanICh11Eq19.in_normal_0.0_0_pf.csv
Invalid expressions: 172 of 14336 (1.2%).
Error type counts:
  true_divide: 82 (47.7%)
  reciprocal: 90 (52.3%)
Error node counts:
  divide: 172 (100.0%)

Priority queue entry 0:
	Reward: 0.6321033678979134
	Count Off-policy: False
	Count On-policy: True
	Originally on Policy: True
	Invalid: False
	Traversal: add,-0.09345336087009051,add,mul,x1,x2,mul,sub,x5,0.02724231059061051,x6
	Expression:
	  x₁⋅x₂ + x₆⋅(x₅ - 0.02724231059061051) - 0.09345336087009051


Priority queue entry 1:
	Reward: 0.5534835202510131
	Count Off-policy: False
	Count On-policy: True
	Originally on Policy: True
	Invalid: False
	Traversal: mul,sub,x3,mul,div,x6,div,inv,div,inv,mul,x2,sub,1.221329684232974,div,x6,x5,x3,-2.4711780160392504e-05,x5,x4
	Expression:
	     ⎛      2.4711780160392504e-5⋅x₅⋅x₆  ⎞
	  x₄⋅⎜x₃ + ──────────────────────────────⎟
	     ⎜           ⎛                    x₆⎞⎟
	     ⎜     x₂⋅x₃⋅⎜1.221329684232974 - ──⎟⎟
	     ⎝           ⎝                    x₅⎠⎠


Priority queue entry 2:
	Reward: 0.5534498317238865
	Count Off-policy: False
	Count On-policy: True
	Originally on Policy: True
	Invalid: False
	Traversal: mul,mul,1.0149689256566703,x3,add,x4,div,-0.16167344743909642,x3
	Expression:
	                        ⎛     0.16167344743909642⎞
	  1.0149689256566703⋅x₃⋅⎜x₄ - ───────────────────⎟
	                        ⎝              x₃        ⎠


Priority queue entry 3:
	Reward: 0.5534498003105928
	Count Off-policy: False
	Count On-policy: True
	Originally on Policy: True
	Invalid: False
	Traversal: add,mul,mul,1.0150341998791028,x4,x3,-0.17172669062299267
	Expression:
	  1.0150341998791028⋅x₃⋅x₄ - 0.17172669062299267


Priority queue entry 4:
	Reward: 0.5534381014075647
	Count Off-policy: False
	Count On-policy: True
	Originally on Policy: True
	Invalid: False
	Traversal: sub,x3,inv,div,inv,sub,0.9642860336466192,x4,div,1.0152069116009377,inv,x3
	Expression:
	  -1.0152069116009377⋅x₃⋅(0.9642860336466192 - x₄) + x₃


Priority queue entry 5:
	Reward: 0.5534381014075415
	Count Off-policy: False
	Count On-policy: True
	Originally on Policy: True
	Invalid: False
	Traversal: div,x3,div,0.9850200249004955,add,x4,0.02073229311391035
	Expression:
	  x₃⋅(1.015207787375711⋅x₄ + 0.02104758541939762)


Priority queue entry 6:
	Reward: 0.5534379505586098
	Count Off-policy: False
	Count On-policy: True
	Originally on Policy: True
	Invalid: False
	Traversal: add,mul,-0.020862905215705493,inv,x5,mul,mul,x4,mul,x3,1.0074948055555082,1.0074948055555082
	Expression:
	                             0.020862905215705493
	  1.0150457832213313⋅x₃⋅x₄ - ────────────────────
	                                      x₅         


Priority queue entry 7:
	Reward: 0.5534244102477728
	Count Off-policy: False
	Count On-policy: True
	Originally on Policy: True
	Invalid: False
	Traversal: mul,x3,sub,x4,sub,0.9898813963513828,add,1.0101187996117502,mul,x3,-0.00201467854007917
	Expression:
	  x₃⋅(-0.00201467854007917⋅x₃ + x₄ + 0.020237403260367406)


Priority queue entry 8:
	Reward: 0.5534242161625006
	Count Off-policy: False
	Count On-policy: True
	Originally on Policy: True
	Invalid: False
	Traversal: mul,sub,x4,div,div,add,mul,x2,x6,x4,x5,sub,div,x6,-0.0006591731191644287,x2,x3
	Expression:
	     ⎛                x₂⋅x₆ + x₄          ⎞
	  x₃⋅⎜x₄ - ───────────────────────────────⎟
	     ⎝     x₅⋅(-x₂ - 1517.052153564158⋅x₆)⎠


Priority queue entry 9:
	Reward: 0.553331566783754
	Count Off-policy: False
	Count On-policy: True
	Originally on Policy: True
	Invalid: False
	Traversal: mul,x4,add,x3,inv,mul,x5,22.59611862258164
	Expression:
	     ⎛     0.04425538813558187⎞
	  x₄⋅⎜x₃ + ───────────────────⎟
	     ⎝              x₅        ⎠

-- EVALUATION END ------------------
== TRAINING SEED 0 END ==============
INFO: Completed run 1 of 1 in 35 s

== POST-PROCESS START =================
-- LOADING LOGS START ----------------
json configure file: ./log/regression_config_regression_PQT.json_FeynmanICh11Eq19.in_normal_0.0_2023-05-29-051109
Successfully loaded summary data
Successfully loaded Hall of Fame data
Successfully loaded Pareto Front data
-- LOADING LOGS END ------------------

-- ANALYZING LOG START --------------
Task_____________regression
Source path______./log/regression_config_regression_PQT.json_FeynmanICh11Eq19.in_normal_0.0_2023-05-29-051109
Runs_____________1
Max Samples/run__15000
Success_rate_____0.0
Hall of Fame (Top 5 of 100)____
    0: S=000 R=0.632103 <-- [x1*x2 + x6*(x5 - 0.02724231059061051) - 0.09345336087009051]
    1: S=000 R=0.553484 <-- [x4*(x3 + 2.4711780160392504e-5*x5*x6/(x2*x3*(1.221329684232974 - x6/x5)))]
    2: S=000 R=0.553450 <-- [1.0149689256566703*x3*(x4 - 0.16167344743909642/x3)]
    3: S=000 R=0.553450 <-- [1.0150341998791028*x3*x4 - 0.17172669062299267]
    4: S=000 R=0.553439 <-- [-0.023379584029538827*x2 + 1.0150105866403942*x3*x4]
  Saving Hall of Fame plot to ./log/regression_config_regression_PQT.json_FeynmanICh11Eq19.in_normal_0.0_2023-05-29-051109/dso_regression_config_regression_PQT.json_FeynmanICh11Eq19.in_normal_0.0_plot_hof.png
Pareto Front (4 of 4)____
    0: S=000 R=0.632103 C=11.00 <-- [x1*x2 + x6*(x5 - 0.02724231059061051) - 0.09345336087009051]
    1: S=000 R=0.553450 C=10.00 <-- [1.0149689256566703*x3*(x4 - 0.16167344743909642/x3)]
    2: S=000 R=0.553450 C=7.00 <-- [1.0150341998791028*x3*x4 - 0.17172669062299267]
    3: S=000 R=0.551226 C=5.00 <-- [x2*(x1 - 0.06084500382562626)]
  Saving Pareto Front plot to ./log/regression_config_regression_PQT.json_FeynmanICh11Eq19.in_normal_0.0_2023-05-29-051109/dso_regression_config_regression_PQT.json_FeynmanICh11Eq19.in_normal_0.0_plot_pf.png
-- ANALYZING LOG END ----------------
== POST-PROCESS END ===================
