debug /depot/yexiang/apps/jiang631/data/scibench/data/unencrypted/equations_feynman/FeynmanICh29Eq16.in
!!!!!!!!!!!!!!!!!!!!!!!!!!!!!i /depot/yexiang/apps/jiang631/data/scibench/data/unencrypted/equations_feynman/FeynmanICh29Eq16.in
['pow', 'add', 'pow', 'X_0', 2, 'add', 'pow', 'X_1', 2, 'mul', 2, 'mul', 'X_0', 'mul', 'X_1', 'cos', 'add', 'X_2', 'mul', -1, 'X_3', 0.5]
--------------------
eq_name 	 feynman-i.29.16
num_vars 	 4
vars_range_and_types 	 [{"name": "LogUniform", "range": [0.1, 10.0], "only_positive": true}, {"name": "LogUniform", "range": [0.1, 10.0], "only_positive": true}, {"name": "Uniform", "range": [0, 6.283185307179586], "only_positive": true}, {"name": "Uniform", "range": [0, 6.283185307179586], "only_positive": true}]
function_set 	 ['add', 'sub', 'mul', 'div', 'sin', 'cos', 'exp', 'log', 'const']
eq_expression 	 pow,add,pow,X_0,2,add,pow,X_1,2,mul,2,mul,X_0,mul,X_1,cos,add,X_2,mul,-1,X_3,0.5
expr 	 sqrt(X_0**2 + 2*X_0*X_1*cos(X_2 - X_3) + X_1**2)
--------------------

== EXPERIMENT SETUP START ===========
Task type            : regression
Starting seed        : 0
Runs                 : 1
== EXPERIMENT SETUP END =============

== TRAINING SEED 0 START ============
self.dataX <dso.symbolic_data_generator.DataX object at 0x2ba000aa9c50>, self.data_query_oracle: <dso.symbolic_equation_evaluator_public.Equation_evaluator object at 0x2b9fe72ffd68>
generate dataset!
-- BUILDING PRIOR START -------------
WARNING: Skipping invalid 'RelationalConstraint' with arguments {'targets': [], 'effectors': [], 'relationship': None}. Reason: Prior disabled.
WARNING: Skipping invalid 'TrigConstraint' with arguments {}. Reason: There are no target Tokens.
WARNING: Skipping invalid 'UniformArityPrior' with arguments {}. Reason: Prior disabled.
WARNING: Skipping invalid 'LanguageModelPrior' with arguments {'weight': None}. Reason: Prior disabled.
LengthConstraint: Sequences have minimum length 4.
                  Sequences have maximum length 256.
RepeatConstraint: [const] cannot occur more than 10 times.
RelationalConstraint: [inv] cannot be a child of [inv].
ConstConstraint: [const] cannot be the only unique child of [inv, add, sub, mul, div].
NoInputsConstraint: Sequences contain at least one input variable Token.
SoftLengthPrior: No description available.
-- BUILDING PRIOR END ---------------

-- RUNNING EPOCHS START -------------
[00:00:00:05.41] Training epoch 1/14, current best R: 0.7100

	** New best
	Reward: 0.7100304030255241
	Count Off-policy: False
	Count On-policy: True
	Originally on Policy: True
	Invalid: False
	Traversal: div,0.8071518550214716,inv,add,x1,x2
	Expression:
	  0.8071518550214716⋅x₁ + 0.8071518550214716⋅x₂

[00:00:00:13.76] Training epoch 3/14, current best R: 0.7168

	** New best
	Reward: 0.7167662683906936
	Count Off-policy: False
	Count On-policy: True
	Originally on Policy: True
	Invalid: False
	Traversal: div,add,-0.3057868941810391,add,mul,1.3471591898855215,x1,x2,add,mul,0.06121171848202845,x1,1.1280739666266415
	Expression:
	  1.3471591898855215⋅x₁ + x₂ - 0.3057868941810391
	  ───────────────────────────────────────────────
	    0.06121171848202845⋅x₁ + 1.1280739666266415  

[00:00:00:18.53] Training epoch 4/14, current best R: 0.7367

	** New best
	Reward: 0.7366522481707547
	Count Off-policy: False
	Count On-policy: True
	Originally on Policy: True
	Invalid: False
	Traversal: sub,x1,mul,0.007851384050295038,sub,sub,x4,x3,div,div,x2,add,div,x1,2.5619148869017283,1.2324362450613469,0.00610428184474017
	Expression:
	                   1.286209295375226⋅x₂                                         
	  x₁ + ─────────────────────────────────────────── + 0.007851384050295038⋅x₃ - 0
	       0.39033302984134566⋅x₁ + 1.2324362450613469                              

                      
	  .007851384050295038⋅x₄
                      

[00:00:00:44.79] Training epoch 10/14, current best R: 0.7405

	** New best
	Reward: 0.7404587618318899
	Count Off-policy: False
	Count On-policy: True
	Originally on Policy: True
	Invalid: False
	Traversal: add,mul,inv,sub,-4.6067663904374605,x1,add,sub,x1,sub,x2,mul,-4.722451942283869,x2,x2,x1
	Expression:
	       x₁ - 4.722451942283869⋅x₂
	  x₁ + ─────────────────────────
	        -x₁ - 4.6067663904374605

[00:00:00:44.79] Training epoch 10/14, current best R: 0.7405
[00:00:01:06.70] Ending training after epoch 14/14, current best R: 0.7405
-- RUNNING EPOCHS END ---------------

-- EVALUATION START ----------------
Saving Hall of Fame to ./log/regression_config_regression_VPG.json_FeynmanICh29Eq16.in_normal_0.0_2023-05-29-051238/dso_regression_config_regression_VPG.json_FeynmanICh29Eq16.in_normal_0.0_0_hof.csv
Saving Pareto Front to ./log/regression_config_regression_VPG.json_FeynmanICh29Eq16.in_normal_0.0_2023-05-29-051238/dso_regression_config_regression_VPG.json_FeynmanICh29Eq16.in_normal_0.0_0_pf.csv
Invalid expressions: 242 of 14336 (1.7%).
Error type counts:
  reciprocal: 127 (52.5%)
  true_divide: 115 (47.5%)
Error node counts:
  divide: 242 (100.0%)
-- EVALUATION END ------------------
== TRAINING SEED 0 END ==============
INFO: Completed run 1 of 1 in 68 s

== POST-PROCESS START =================
-- LOADING LOGS START ----------------
json configure file: ./log/regression_config_regression_VPG.json_FeynmanICh29Eq16.in_normal_0.0_2023-05-29-051238
Successfully loaded summary data
Successfully loaded Hall of Fame data
Successfully loaded Pareto Front data
-- LOADING LOGS END ------------------

-- ANALYZING LOG START --------------
Task_____________regression
Source path______./log/regression_config_regression_VPG.json_FeynmanICh29Eq16.in_normal_0.0_2023-05-29-051238
Runs_____________1
Max Samples/run__15000
Success_rate_____0.0
Hall of Fame (Top 5 of 100)____
    0: S=000 R=0.740459 <-- [x1 + (x1 - 4.722451942283869*x2)/(-x1 - 4.6067663904374605)]
    1: S=000 R=0.737272 <-- [0.0097938428079709059*x1*x2*(x1 - 17.98827710529689) + x1 + x2]
    2: S=000 R=0.736652 <-- [x1 + 1.286209295375226*x2/(0.39033302984134566*x1 + 1.2324362450613469) + 0.007851384050295038*x3 - 0.007851384050295038*x4]
    3: S=000 R=0.723567 <-- [x1 + x2 - 1/(-0.06389773975743895*x2 - 0.008596614785595147*x4 + 0.6421554809369775 + 1/x1)]
    4: S=000 R=0.718248 <-- [x1*(0.8352072709961395 + 0.7333910523117165/(-1.004790955840321 + (x1**2/x2 + x1)/x1))]
  Saving Hall of Fame plot to ./log/regression_config_regression_VPG.json_FeynmanICh29Eq16.in_normal_0.0_2023-05-29-051238/dso_regression_config_regression_VPG.json_FeynmanICh29Eq16.in_normal_0.0_plot_hof.png
Pareto Front (5 of 6)____
    0: S=000 R=0.740459 C=17.00 <-- [x1 + (x1 - 4.722451942283869*x2)/(-x1 - 4.6067663904374605)]
    1: S=000 R=0.737272 C=16.00 <-- [0.0097938428079709059*x1*x2*(x1 - 17.98827710529689) + x1 + x2]
    2: S=000 R=0.716766 C=14.00 <-- [(1.3471591898855215*x1 + x2 - 0.3057868941810391)/(0.06121171848202845*x1 + 1.1280739666266415)]
    3: S=000 R=0.710565 C=9.00 <-- [0.7883918750606953*x1 + 0.7866395775838473*x2 + 0.14240994957616174]
    4: S=000 R=0.710031 C=7.00 <-- [0.8078925371632035*x1 + 0.8064191797689699*x2]
  Saving Pareto Front plot to ./log/regression_config_regression_VPG.json_FeynmanICh29Eq16.in_normal_0.0_2023-05-29-051238/dso_regression_config_regression_VPG.json_FeynmanICh29Eq16.in_normal_0.0_plot_pf.png
-- ANALYZING LOG END ----------------
== POST-PROCESS END ===================
