debug /depot/yexiang/apps/jiang631/data/scibench/data/unencrypted/equations_feynman/FeynmanIIICh15Eq14.in
!!!!!!!!!!!!!!!!!!!!!!!!!!!!!i /depot/yexiang/apps/jiang631/data/scibench/data/unencrypted/equations_feynman/FeynmanIIICh15Eq14.in
['mul', 5.4879845e-68, 'mul', 'pow', 3.141592653589793, -2, 'mul', 'pow', 'X_0', -1, 'pow', 'X_1', -2]
--------------------
eq_name 	 feynman-iii.15.14
num_vars 	 2
vars_range_and_types 	 [{"name": "LogUniform", "range": [1e-18, 1e-16], "only_positive": true}, {"name": "LogUniform", "range": [1e-10, 1e-08], "only_positive": true}]
function_set 	 ['add', 'sub', 'mul', 'div', 'sin', 'cos', 'exp', 'log', 'const']
eq_expression 	 mul,5.4879845e-68,mul,pow,3.141592653589793,-2,mul,pow,X_0,-1,pow,X_1,-2
expr 	 5.4879845e-68/(pi**2*X_0*X_1**2)
--------------------

== EXPERIMENT SETUP START ===========
Task type            : regression
Starting seed        : 0
Runs                 : 1
== EXPERIMENT SETUP END =============

== TRAINING SEED 0 START ============
self.dataX <dso.symbolic_data_generator.DataX object at 0x2afe0c85f898>, self.data_query_oracle: <dso.symbolic_equation_evaluator_public.Equation_evaluator object at 0x2afdf30a2d68>
generate dataset!
-- BUILDING PRIOR START -------------
WARNING: Skipping invalid 'RelationalConstraint' with arguments {'targets': [], 'effectors': [], 'relationship': None}. Reason: Prior disabled.
WARNING: Skipping invalid 'TrigConstraint' with arguments {}. Reason: There are no target Tokens.
WARNING: Skipping invalid 'UniformArityPrior' with arguments {}. Reason: Prior disabled.
WARNING: Skipping invalid 'LanguageModelPrior' with arguments {'weight': None}. Reason: Prior disabled.
LengthConstraint: Sequences have minimum length 4.
                  Sequences have maximum length 256.
RepeatConstraint: [const] cannot occur more than 10 times.
RelationalConstraint: [inv] cannot be a child of [inv].
ConstConstraint: [const] cannot be the only unique child of [inv, add, sub, mul, div].
NoInputsConstraint: Sequences contain at least one input variable Token.
SoftLengthPrior: No description available.
-- BUILDING PRIOR END ---------------

-- RUNNING EPOCHS START -------------
[00:00:00:02.14] Training epoch 1/14, current best R: 0.4878

	** New best
	Reward: 0.48782690294385067
	Count Off-policy: False
	Count On-policy: True
	Originally on Policy: True
	Invalid: False
	Traversal: div,x1,inv,mul,1.0000641588503898,mul,div,sub,add,sub,add,sub,sub,div,x1,x2,0.8751501530307608,x2,1.1248498227138186,x1,x1,x1,0.9999358290219003,x1
	Expression:
	                       2 ⎛                        1.000064175096278⋅x₁          
	  1.0000641588503898⋅x₁ ⋅⎜-1.000064175096278⋅x₁ + ──────────────────── - 1.00006
	                         ⎝                                 x₂                   

	                                    ⎞
	  4175096278⋅x₂ + 0.2497156941834004⎟
	                                    ⎠

[00:00:00:03.34] Training epoch 2/14, current best R: 0.4878

	** New best
	Reward: 0.4878422671542239
	Count Off-policy: False
	Count On-policy: True
	Originally on Policy: True
	Invalid: False
	Traversal: div,mul,0.01812443398006424,div,x1,add,add,inv,div,mul,mul,inv,div,1.9817900584652175,x1,0.018124433980064254,x1,x2,x1,1.0,x2
	Expression:
	          0.01812443398006424⋅x₁       
	  ─────────────────────────────────────
	     ⎛           109.34355581228428⋅x₂⎞
	  x₂⋅⎜x₁ + 1.0 + ─────────────────────⎟
	     ⎜                      2         ⎟
	     ⎝                    x₁          ⎠

[00:00:00:04.35] Training epoch 3/14, current best R: 0.4879

	** New best
	Reward: 0.48789176146016605
	Count Off-policy: False
	Count On-policy: True
	Originally on Policy: True
	Invalid: False
	Traversal: div,x1,mul,mul,inv,mul,div,x2,sub,inv,sub,div,x1,1.0000005734599255,x1,x1,-0.00025180106389937793,x2,x2
	Expression:
	                         x₁                      
	  ───────────────────────────────────────────────
	     ⎛                        6925316310.1592566⎞
	  x₂⋅⎜3971.3890978618319⋅x₁ + ──────────────────⎟
	     ⎝                                x₁        ⎠

[00:00:00:11.77] Training epoch 10/14, current best R: 0.4879
[00:00:00:15.86] Ending training after epoch 14/14, current best R: 0.4879
-- RUNNING EPOCHS END ---------------

-- EVALUATION START ----------------
Saving Hall of Fame to ./log/regression_config_regression_PQT.json_FeynmanIIICh15Eq14.in_normal_0.0_2023-05-29-051044/dso_regression_config_regression_PQT.json_FeynmanIIICh15Eq14.in_normal_0.0_0_hof.csv
Saving Pareto Front to ./log/regression_config_regression_PQT.json_FeynmanIIICh15Eq14.in_normal_0.0_2023-05-29-051044/dso_regression_config_regression_PQT.json_FeynmanIIICh15Eq14.in_normal_0.0_0_pf.csv
Invalid expressions: 831 of 14336 (5.8%).
Error type counts:
  true_divide: 307 (36.9%)
  reciprocal: 524 (63.1%)
Error node counts:
  divide: 827 (99.5%)
  invalid: 4 (0.5%)

Priority queue entry 0:
	Reward: 0.48789176146016605
	Count Off-policy: False
	Count On-policy: True
	Originally on Policy: True
	Invalid: False
	Traversal: div,x1,mul,mul,inv,mul,div,x2,sub,inv,sub,div,x1,1.0000005734599255,x1,x1,-0.00025180106389937793,x2,x2
	Expression:
	                         x₁                      
	  ───────────────────────────────────────────────
	     ⎛                        6925316310.1592566⎞
	  x₂⋅⎜3971.3890978618319⋅x₁ + ──────────────────⎟
	     ⎝                                x₁        ⎠


Priority queue entry 1:
	Reward: 0.48784226717517354
	Count Off-policy: False
	Count On-policy: True
	Originally on Policy: True
	Invalid: False
	Traversal: inv,sub,inv,div,x1,div,inv,div,inv,sub,div,x2,mul,x1,x1,x2,x2,0.0001656285772215747,x1
	Expression:
	                    1                   
	  ──────────────────────────────────────
	                             ⎛       x₂⎞
	        6037.605446928517⋅x₂⋅⎜-x₂ + ───⎟
	                             ⎜        2⎟
	                             ⎝      x₁ ⎠
	  -x₁ + ────────────────────────────────
	                       x₁               


Priority queue entry 2:
	Reward: 0.4878422671542239
	Count Off-policy: False
	Count On-policy: True
	Originally on Policy: True
	Invalid: False
	Traversal: div,mul,0.01812443398006424,div,x1,add,add,inv,div,mul,mul,inv,div,1.9817900584652175,x1,0.018124433980064254,x1,x2,x1,1.0,x2
	Expression:
	          0.01812443398006424⋅x₁       
	  ─────────────────────────────────────
	     ⎛           109.34355581228428⋅x₂⎞
	  x₂⋅⎜x₁ + 1.0 + ─────────────────────⎟
	     ⎜                      2         ⎟
	     ⎝                    x₁          ⎠


Priority queue entry 3:
	Reward: 0.4878302380997636
	Count Off-policy: False
	Count On-policy: True
	Originally on Policy: True
	Invalid: False
	Traversal: mul,div,x1,div,1.707176926717743,mul,inv,add,inv,sub,div,add,x1,div,x1,1.3750071292725625,x2,x2,1.0,0.2866265428711221,x2
	Expression:
	                      x₁⋅x₂                     
	  ──────────────────────────────────────────────
	                          5.956102005128509     
	  5.956102005128509 + ──────────────────────────
	                      1.7272689564373697⋅x₁     
	                      ───────────────────── - x₂
	                                x₂              


Priority queue entry 4:
	Reward: 0.4878278067896374
	Count Off-policy: False
	Count On-policy: True
	Originally on Policy: True
	Invalid: False
	Traversal: mul,x1,div,-0.2519037599954115,inv,div,mul,sub,mul,sub,x2,mul,mul,div,0.8535693859462455,x1,x2,x1,x2,x1,x1,x1
	Expression:
	     ⎛                                             2⎞
	  x₁⋅⎝0.2519037599954115⋅x₁ - 0.0368864222585777⋅x₂ ⎠


Priority queue entry 5:
	Reward: 0.48782690294385067
	Count Off-policy: False
	Count On-policy: True
	Originally on Policy: True
	Invalid: False
	Traversal: div,x1,inv,mul,1.0000641588503898,mul,div,sub,add,sub,add,sub,sub,div,x1,x2,0.8751501530307608,x2,1.1248498227138186,x1,x1,x1,0.9999358290219003,x1
	Expression:
	                       2 ⎛                        1.000064175096278⋅x₁          
	  1.0000641588503898⋅x₁ ⋅⎜-1.000064175096278⋅x₁ + ──────────────────── - 1.00006
	                         ⎝                                 x₂                   

	                                    ⎞
	  4175096278⋅x₂ + 0.2497156941834004⎟
	                                    ⎠


Priority queue entry 6:
	Reward: 0.48782690293896613
	Count Off-policy: False
	Count On-policy: True
	Originally on Policy: True
	Invalid: False
	Traversal: sub,div,x1,inv,x1,mul,x1,mul,div,0.7503441448561629,add,mul,x1,1.0,div,x2,sub,x2,x1,x1
	Expression:
	                             2
	    2   0.7503441448561629⋅x₁ 
	  x₁  - ──────────────────────
	                      x₂      
	          1.0⋅x₁ + ────────   
	                   -x₁ + x₂   


Priority queue entry 7:
	Reward: 0.4878269029167996
	Count Off-policy: False
	Count On-policy: True
	Originally on Policy: True
	Invalid: False
	Traversal: mul,mul,x2,div,inv,x2,add,inv,sub,x1,mul,sub,0.750345536687754,x1,x1,x1,x1
	Expression:
	                    x₁                  
	  ──────────────────────────────────────
	                       1                
	  x₁ + ─────────────────────────────────
	       -x₁⋅(0.750345536687754 - x₁) + x₁


Priority queue entry 8:
	Reward: 0.4878269029167846
	Count Off-policy: False
	Count On-policy: True
	Originally on Policy: True
	Invalid: False
	Traversal: mul,sub,x1,div,div,x1,inv,div,0.750343929595745,add,inv,x1,add,sub,1.0,x2,x2,x1,x1
	Expression:
	     ⎛                      1                 ⎞
	  x₁⋅⎜x₁ - ───────────────────────────────────⎟
	     ⎜                        1.33272218319772⎟
	     ⎜     1.33272218319772 + ────────────────⎟
	     ⎝                               x₁       ⎠


Priority queue entry 9:
	Reward: 0.48782690291675457
	Count Off-policy: False
	Count On-policy: True
	Originally on Policy: True
	Invalid: False
	Traversal: div,mul,add,x1,0.4993176249418958,mul,mul,x2,x1,x1,add,x2,x2
	Expression:
	    2                          
	  x₁ ⋅(x₁ + 0.4993176249418958)
	  ─────────────────────────────
	                2              

-- EVALUATION END ------------------
== TRAINING SEED 0 END ==============
INFO: Completed run 1 of 1 in 17 s

== POST-PROCESS START =================
-- LOADING LOGS START ----------------
json configure file: ./log/regression_config_regression_PQT.json_FeynmanIIICh15Eq14.in_normal_0.0_2023-05-29-051044
Successfully loaded summary data
Successfully loaded Hall of Fame data
Successfully loaded Pareto Front data
-- LOADING LOGS END ------------------

-- ANALYZING LOG START --------------
Task_____________regression
Source path______./log/regression_config_regression_PQT.json_FeynmanIIICh15Eq14.in_normal_0.0_2023-05-29-051044
Runs_____________1
Max Samples/run__15000
Success_rate_____0.0
Hall of Fame (Top 5 of 100)____
    0: S=000 R=0.487892 <-- [x1/(x2*(3971.3890978618319*x1 + 6925316310.1592566/x1))]
    1: S=000 R=0.487842 <-- [1/(-x1 + 6037.605446928517*x2*(-x2 + x2/x1**2)/x1)]
    2: S=000 R=0.487842 <-- [0.01812443398006424*x1/(x2*(x1 + 1.0 + 109.34355581228428*x2/x1**2))]
    3: S=000 R=0.487830 <-- [x1*x2/(5.956102005128509 + 5.956102005128509/(1.7272689564373697*x1/x2 - x2))]
    4: S=000 R=0.487828 <-- [x1*(0.2519037599954115*x1 - 0.0368864222585777*x2**2)]
  Saving Hall of Fame plot to ./log/regression_config_regression_PQT.json_FeynmanIIICh15Eq14.in_normal_0.0_2023-05-29-051044/dso_regression_config_regression_PQT.json_FeynmanIIICh15Eq14.in_normal_0.0_plot_hof.png
Pareto Front (5 of 5)____
    0: S=000 R=0.487892 C=24.00 <-- [x1/(x2*(3971.3890978618319*x1 + 6925316310.1592566/x1))]
    1: S=000 R=0.487827 C=23.00 <-- [1/(x1*x2 + x1 - 1.0 + 4.0057580746704129/x1**2)]
    2: S=000 R=0.487827 C=20.00 <-- [x1/(x1 + 1/(-x1*(0.750345536687754 - x1) + x1))]
    3: S=000 R=0.487827 C=14.00 <-- [x1**2*(x1 + 0.4993176249418958)/2]
    4: S=000 R=0.487827 C=5.00 <-- [0.24950657052494157*x1**2]
  Saving Pareto Front plot to ./log/regression_config_regression_PQT.json_FeynmanIIICh15Eq14.in_normal_0.0_2023-05-29-051044/dso_regression_config_regression_PQT.json_FeynmanIIICh15Eq14.in_normal_0.0_plot_pf.png
-- ANALYZING LOG END ----------------
== POST-PROCESS END ===================
