debug /depot/yexiang/apps/jiang631/data/scibench/data/unencrypted/equations_feynman/FeynmanICh27Eq6.in
!!!!!!!!!!!!!!!!!!!!!!!!!!!!!i /depot/yexiang/apps/jiang631/data/scibench/data/unencrypted/equations_feynman/FeynmanICh27Eq6.in
['pow', 'add', 'pow', 'X_0', -1, 'mul', 'X_1', 'pow', 'X_2', -1, -1]
--------------------
eq_name 	 feynman-i.27.6
num_vars 	 3
vars_range_and_types 	 [{"name": "LogUniform", "range": [0.001, 0.1], "only_positive": true}, {"name": "LogUniform", "range": [0.1, 10.0], "only_positive": true}, {"name": "LogUniform", "range": [0.001, 10.0], "only_positive": true}]
function_set 	 ['add', 'sub', 'mul', 'div', 'sin', 'cos', 'exp', 'log', 'const']
eq_expression 	 pow,add,pow,X_0,-1,mul,X_1,pow,X_2,-1,-1
expr 	 1/(X_1/X_2 + 1/X_0)
--------------------

== EXPERIMENT SETUP START ===========
Task type            : regression
Starting seed        : 0
Runs                 : 1
== EXPERIMENT SETUP END =============

== TRAINING SEED 0 START ============
self.dataX <dso.symbolic_data_generator.DataX object at 0x2ab214bdd898>, self.data_query_oracle: <dso.symbolic_equation_evaluator_public.Equation_evaluator object at 0x2ab1fb415d68>
generate dataset!
-- BUILDING PRIOR START -------------
WARNING: Skipping invalid 'RelationalConstraint' with arguments {'targets': [], 'effectors': [], 'relationship': None}. Reason: Prior disabled.
WARNING: Skipping invalid 'TrigConstraint' with arguments {}. Reason: There are no target Tokens.
WARNING: Skipping invalid 'UniformArityPrior' with arguments {}. Reason: Prior disabled.
WARNING: Skipping invalid 'LanguageModelPrior' with arguments {'weight': None}. Reason: Prior disabled.
LengthConstraint: Sequences have minimum length 4.
                  Sequences have maximum length 256.
RepeatConstraint: [const] cannot occur more than 10 times.
RelationalConstraint: [inv] cannot be a child of [inv].
ConstConstraint: [const] cannot be the only unique child of [inv, add, sub, mul, div].
NoInputsConstraint: Sequences contain at least one input variable Token.
SoftLengthPrior: No description available.
-- BUILDING PRIOR END ---------------

-- RUNNING EPOCHS START -------------
[00:00:00:06.87] Training epoch 1/14, current best R: 0.8240

	** New best
	Reward: 0.8240454267743528
	Count Off-policy: False
	Count On-policy: True
	Originally on Policy: True
	Invalid: False
	Traversal: mul,x1,inv,add,2.0927831045571867,div,sub,div,div,mul,x2,add,mul,x2,x2,x1,561.2154692936109,x3,x3,x3
	Expression:
	                               x₁                             
	  ────────────────────────────────────────────────────────────
	                                               ⎛       2⎞     
	                       0.001781846821255083⋅x₂⋅⎝x₁ + x₂ ⎠     
	                       ────────────────────────────────── - x₃
	                                       x₃                     
	  2.0927831045571867 + ───────────────────────────────────────
	                                          x₃                  

[00:00:00:52.54] Training epoch 9/14, current best R: 1.0000

	** New best
	Reward: 0.9999999999999996
	Count Off-policy: False
	Count On-policy: True
	Originally on Policy: True
	Invalid: False
	Traversal: inv,div,add,1.0,sub,mul,x1,mul,mul,inv,x3,x2,div,add,x1,x3,x1,x2,x1
	Expression:
	             x₁           
	  ────────────────────────
	        x₂⋅(x₁ + x₃)      
	  -x₂ + ──────────── + 1.0
	             x₃           

[00:00:00:52.55] Early stopping criteria met; breaking early.
-- RUNNING EPOCHS END ---------------

-- EVALUATION START ----------------
Saving Hall of Fame to ./log/regression_config_regression_PQT.json_FeynmanICh27Eq6.in_normal_0.0_2023-05-29-051120/dso_regression_config_regression_PQT.json_FeynmanICh27Eq6.in_normal_0.0_0_hof.csv
Saving Pareto Front to ./log/regression_config_regression_PQT.json_FeynmanICh27Eq6.in_normal_0.0_2023-05-29-051120/dso_regression_config_regression_PQT.json_FeynmanICh27Eq6.in_normal_0.0_0_pf.csv
Invalid expressions: 195 of 9216 (2.1%).
Error type counts:
  true_divide: 89 (45.6%)
  reciprocal: 106 (54.4%)
Error node counts:
  divide: 195 (100.0%)

Priority queue entry 0:
	Reward: 0.9999999999999996
	Count Off-policy: False
	Count On-policy: True
	Originally on Policy: True
	Invalid: False
	Traversal: inv,div,add,1.0,sub,mul,x1,mul,mul,inv,x3,x2,div,add,x1,x3,x1,x2,x1
	Expression:
	             x₁           
	  ────────────────────────
	        x₂⋅(x₁ + x₃)      
	  -x₂ + ──────────── + 1.0
	             x₃           


Priority queue entry 1:
	Reward: 0.8240454267743528
	Count Off-policy: False
	Count On-policy: True
	Originally on Policy: True
	Invalid: False
	Traversal: mul,x1,inv,add,2.0927831045571867,div,sub,div,div,mul,x2,add,mul,x2,x2,x1,561.2154692936109,x3,x3,x3
	Expression:
	                               x₁                             
	  ────────────────────────────────────────────────────────────
	                                               ⎛       2⎞     
	                       0.001781846821255083⋅x₂⋅⎝x₁ + x₂ ⎠     
	                       ────────────────────────────────── - x₃
	                                       x₃                     
	  2.0927831045571867 + ───────────────────────────────────────
	                                          x₃                  


Priority queue entry 2:
	Reward: 0.7931977227642821
	Count Off-policy: False
	Count On-policy: True
	Originally on Policy: True
	Invalid: False
	Traversal: inv,mul,inv,x1,add,sub,div,0.0027582040800574734,mul,div,x3,x2,x3,x1,1.1734169460743102
	Expression:
	                           x₁                        
	  ───────────────────────────────────────────────────
	        0.0027582040800574734⋅x₂                     
	  -x₁ + ──────────────────────── + 1.1734169460743102
	                    2                                
	                  x₃                                 


Priority queue entry 3:
	Reward: 0.7870217090191125
	Count Off-policy: False
	Count On-policy: True
	Originally on Policy: True
	Invalid: False
	Traversal: inv,add,sub,sub,add,inv,x3,0.45373038740597904,sub,x1,inv,sub,mul,sub,add,x2,1.9967550955814921,x2,x1,x1,1.546265257647592,x2
	Expression:
	                            1                           
	  ──────────────────────────────────────────────────────
	                                 1    1.0032554681013342
	  -x₁ + x₂ - 1.092534870241613 + ── + ──────────────────
	                                 x₃           x₁        


Priority queue entry 4:
	Reward: 0.7630322747117827
	Count Off-policy: False
	Count On-policy: True
	Originally on Policy: True
	Invalid: False
	Traversal: inv,add,inv,x3,add,x1,div,div,add,add,inv,x1,x1,add,-0.07743465708245391,x1,0.9833685340638969,0.9833685340638969
	Expression:
	                                   1                                 
	  ───────────────────────────────────────────────────────────────────
	                                               1    1.034111540619527
	  3.068223081239054⋅x₁ - 0.08007607253288117 + ── + ─────────────────
	                                               x₃           x₁       


Priority queue entry 5:
	Reward: 0.7580464448366903
	Count Off-policy: False
	Count On-policy: True
	Originally on Policy: True
	Invalid: False
	Traversal: sub,x1,add,mul,div,x1,sub,-0.1608204930157361,sub,x1,div,add,x3,0.11313362361061902,x1,div,0.08941568664538156,x1,-0.0008086380229208038
	Expression:
	                                               0.08941568664538156              
	  x₁ + 0.0008086380229208038 - ─────────────────────────────────────────────────
	                                                          x₃ + 0.113133623610619
	                               -x₁ - 0.1608204930157361 + ──────────────────────
	                                                                     x₁         

  
	  ──
	  02
	  ──
  


Priority queue entry 6:
	Reward: 0.7553135609768973
	Count Off-policy: False
	Count On-policy: True
	Originally on Policy: True
	Invalid: False
	Traversal: inv,add,mul,inv,x1,0.9566676084386095,div,mul,div,x1,div,add,div,x1,x2,x3,x2,64.56763445450851,x2
	Expression:
	                      1                    
	  ─────────────────────────────────────────
	  64.56763445450851⋅x₁   0.9566676084386095
	  ──────────────────── + ──────────────────
	        x₁                       x₁        
	        ── + x₃                            
	        x₂                                 


Priority queue entry 7:
	Reward: 0.7533374690833494
	Count Off-policy: False
	Count On-policy: True
	Originally on Policy: True
	Invalid: False
	Traversal: mul,x1,mul,0.8875448452367543,add,0.08569676683081152,inv,div,x1,mul,div,x1,add,x3,0.07351802994483954,x3
	Expression:
	     ⎛ 0.8875448452367543⋅x₃                        ⎞
	  x₁⋅⎜──────────────────────── + 0.07605972365414283⎟
	     ⎝x₃ + 0.07351802994483954                      ⎠


Priority queue entry 8:
	Reward: 0.7504871225659738
	Count Off-policy: False
	Count On-policy: True
	Originally on Policy: True
	Invalid: False
	Traversal: div,inv,div,0.00026498079895131396,x1,sub,add,x3,add,3985.0012378751917,mul,213.68532015279024,inv,x3,inv,x3
	Expression:
	             3773.8583473126829⋅x₁            
	  ────────────────────────────────────────────
	                            212.68532015279024
	  x₃ + 3985.0012378751917 + ──────────────────
	                                    x₃        

-- EVALUATION END ------------------
== TRAINING SEED 0 END ==============
INFO: Completed run 1 of 1 in 54 s

== POST-PROCESS START =================
-- LOADING LOGS START ----------------
json configure file: ./log/regression_config_regression_PQT.json_FeynmanICh27Eq6.in_normal_0.0_2023-05-29-051120
Successfully loaded summary data
Successfully loaded Hall of Fame data
Successfully loaded Pareto Front data
-- LOADING LOGS END ------------------

-- ANALYZING LOG START --------------
Task_____________regression
Source path______./log/regression_config_regression_PQT.json_FeynmanICh27Eq6.in_normal_0.0_2023-05-29-051120
Runs_____________1
Max Samples/run__15000
Success_rate_____1.0
Hall of Fame (Top 5 of 100)____
    0: S=000 R=1.000000 <-- [x1/(-x2 + x2*(x1 + x3)/x3 + 1.0)]
    1: S=000 R=0.824045 <-- [x1/(2.0927831045571867 + (0.001781846821255083*x2*(x1 + x2**2)/x3 - x3)/x3)]
    2: S=000 R=0.793198 <-- [x1/(-x1 + 0.0027582040800574734*x2/x3**2 + 1.1734169460743102)]
    3: S=000 R=0.787022 <-- [1/(-x1 + x2 - 1.092534870241613 + 1/x3 + 1.0032554681013342/x1)]
    4: S=000 R=0.782998 <-- [1/(x2 - (x2 - x3)/(-2.620111403757408*x1 - 5.296345453767552) + 1/x3 + 1/x1)]
  Saving Hall of Fame plot to ./log/regression_config_regression_PQT.json_FeynmanICh27Eq6.in_normal_0.0_2023-05-29-051120/dso_regression_config_regression_PQT.json_FeynmanICh27Eq6.in_normal_0.0_plot_hof.png
Pareto Front (5 of 9)____
    0: S=000 R=1.000000 C=23.00 <-- [x1/(-x2 + x2*(x1 + x3)/x3 + 1.0)]
    1: S=000 R=0.793198 C=19.00 <-- [x1/(-x1 + 0.0027582040800574734*x2/x3**2 + 1.1734169460743102)]
    2: S=000 R=0.659726 C=18.00 <-- [(x1*(x3 + 215.780386751441) + x3)/(108.29039021914238*x3 + 108.29039021914238/(x3 + 0.10405786075450349))]
    3: S=000 R=0.658387 C=16.00 <-- [1/(x2 + 1/(x2*x3) + 1/x1)]
    4: S=000 R=0.654559 C=12.00 <-- [1/(x1/x3 + 1.399566048256808/x1)]
  Saving Pareto Front plot to ./log/regression_config_regression_PQT.json_FeynmanICh27Eq6.in_normal_0.0_2023-05-29-051120/dso_regression_config_regression_PQT.json_FeynmanICh27Eq6.in_normal_0.0_plot_pf.png
-- ANALYZING LOG END ----------------
== POST-PROCESS END ===================
