debug /depot/yexiang/apps/jiang631/data/scibench/data/unencrypted/equations_feynman/FeynmanBonus17.in
!!!!!!!!!!!!!!!!!!!!!!!!!!!!!i /depot/yexiang/apps/jiang631/data/scibench/data/unencrypted/equations_feynman/FeynmanBonus17.in
['mul', 0.5, 'mul', 'pow', 'X_0', -1, 'add', 'pow', 'X_1', 2, 'mul', 'pow', 'X_0', 2, 'mul', 'pow', 'X_2', 2, 'mul', 'pow', 'X_3', 2, 'add', 1, 'mul', 'X_3', 'mul', 'X_4', 'pow', 'X_5', -1]
--------------------
eq_name 	 feynman-bonus.17
num_vars 	 6
vars_range_and_types 	 [{"name": "LogUniform", "range": [1e-30, 1e-28], "only_positive": true}, {"name": "LogUniform", "range": [1e-09, 1e-07], "only_positive": false}, {"name": "LogUniform", "range": [1000000000.0, 100000000000.0], "only_positive": false}, {"name": "LogUniform", "range": [1e-11, 1e-09], "only_positive": false}, {"name": "LogUniform", "range": [0.1, 10.0], "only_positive": false}, {"name": "LogUniform", "range": [1e-11, 1e-09], "only_positive": true}]
function_set 	 ['add', 'sub', 'mul', 'div', 'sin', 'cos', 'exp', 'log', 'const']
eq_expression 	 mul,0.5,mul,pow,X_0,-1,add,pow,X_1,2,mul,pow,X_0,2,mul,pow,X_2,2,mul,pow,X_3,2,add,1,mul,X_3,mul,X_4,pow,X_5,-1
expr 	 (X_0**2*X_2**2*X_3**2*(X_3*X_4/X_5 + 1) + X_1**2)/(2*X_0)
--------------------

== EXPERIMENT SETUP START ===========
Task type            : regression
Starting seed        : 0
Runs                 : 1
== EXPERIMENT SETUP END =============

== TRAINING SEED 0 START ============
self.dataX <dso.symbolic_data_generator.DataX object at 0x2acb260eb898>, self.data_query_oracle: <dso.symbolic_equation_evaluator_public.Equation_evaluator object at 0x2acb0c960d68>
generate dataset!
-- BUILDING PRIOR START -------------
WARNING: Skipping invalid 'RelationalConstraint' with arguments {'targets': [], 'effectors': [], 'relationship': None}. Reason: Prior disabled.
WARNING: Skipping invalid 'TrigConstraint' with arguments {}. Reason: There are no target Tokens.
WARNING: Skipping invalid 'UniformArityPrior' with arguments {}. Reason: Prior disabled.
WARNING: Skipping invalid 'LanguageModelPrior' with arguments {'weight': None}. Reason: Prior disabled.
LengthConstraint: Sequences have minimum length 4.
                  Sequences have maximum length 256.
RepeatConstraint: [const] cannot occur more than 10 times.
RelationalConstraint: [inv] cannot be a child of [inv].
ConstConstraint: [const] cannot be the only unique child of [inv, add, sub, mul, div].
NoInputsConstraint: Sequences contain at least one input variable Token.
SoftLengthPrior: No description available.
-- BUILDING PRIOR END ---------------

-- RUNNING EPOCHS START -------------
gen	iter	pop_size	nevals	uncached_size	best_val               	timer  
0  	0   	1024    	1024  	1024         	(-0.48824140987681897,)	1.55041
1  	1   	1024    	774   	714          	(-0.48824140987681897,)	0.425061
2  	2   	1024    	783   	697          	(-0.48824193427104273,)	0.283475
3  	3   	1024    	742   	658          	(-0.48871948635167967,)	0.380949
4  	4   	1024    	758   	662          	(-0.48871953285403624,)	0.427519
5  	5   	1024    	796   	695          	(-0.48871953285403624,)	0.604165
6  	6   	1024    	753   	630          	(-0.4889052542660945,) 	0.659565
7  	7   	1024    	770   	649          	(-0.4927403313900137,) 	0.541766
8  	8   	1024    	762   	650          	(-0.4927403313900137,) 	0.658639
9  	9   	1024    	798   	695          	(-0.4927403313900137,) 	0.764708

--------------------------------------------------
GP Time: 6.54425

Unique expressions evaluated: 7989
Total expression evaluations: 7960
--------------------------------------------------

GP -> best program this epoch:

	Reward: 0.4927403313900137
	Count Off-policy: 1
	Count On-policy: 0
	Originally on Policy: False
	Invalid: False
	Traversal: mul,sub,inv,div,x6,sub,add,-141.76037003989262,x1,div,inv,x5,x5,inv,x2,sub,add,-15.655512028906777,x4,x2
	Expression:
	  ⎛                           1      ⎞                                
	  ⎜x₁ - 141.76037003989262 - ───     ⎟                                
	  ⎜                            2     ⎟                                
	  ⎜                          x₅    1 ⎟                                
	  ⎜───────────────────────────── - ──⎟⋅(-x₂ + x₄ - 15.655512028906777)
	  ⎝              x₆                x₂⎠                                

None

--------------------------------------------------

[00:00:00:08.81] Training epoch 1/14, current best R: 0.4947

	** New best
	Reward: 0.49470990547087534
	Count Off-policy: False
	Count On-policy: True
	Originally on Policy: True
	Invalid: False
	Traversal: mul,add,div,x1,add,x5,x3,mul,div,sub,1.9964481917519883,x2,mul,div,x1,1.9964481917519883,0.0032229474586547013,x4,x4
	Expression:
	     ⎛   x₁     619.44794861326434⋅x₄⋅(1.9964481917519883 - x₂)⎞
	  x₄⋅⎜─────── + ───────────────────────────────────────────────⎟
	     ⎝x₃ + x₅                          x₁                      ⎠

10 	0   	1024    	1024  	1018         	(-0.48845693944556595,)	0.309085
11 	1   	1024    	784   	688          	(-0.4947099054497021,) 	0.343728
12 	2   	1024    	773   	713          	(-0.4947099054497054,) 	0.32541 
13 	3   	1024    	775   	701          	(-0.4947099054497054,) 	0.39027 
14 	4   	1024    	749   	657          	(-0.4947111826010888,) 	0.687804
15 	5   	1024    	776   	684          	(-0.9999999852622157,) 	0.835257
16 	6   	1024    	770   	678          	(-0.9999999852622157,) 	1.18732 
17 	7   	1024    	793   	714          	(-0.9999999852622157,) 	2.22367 
18 	8   	1024    	786   	705          	(-0.9999999852622157,) 	3.43182 
19 	9   	1024    	793   	699          	(-0.9999999852622157,) 	3.8596  

--------------------------------------------------
GP Time: 13.8395

Unique expressions evaluated: 16221
Total expression evaluations: 15983
--------------------------------------------------

GP -> best program this epoch:

	Reward: 0.9999999852622157
	Count Off-policy: 1
	Count On-policy: 0
	Originally on Policy: False
	Invalid: False
	Traversal: inv,mul,div,x1,x2,sub,inv,mul,x2,0.499999992989979,add,add,mul,x2,x6,inv,x3,inv,sub,1.0,div,x3,x2
	Expression:
	                        x₂                      
	  ──────────────────────────────────────────────
	     ⎛            1       1    2.00000002804008⎞
	  x₁⋅⎜-x₂⋅x₆ - ──────── - ── + ────────────────⎟
	     ⎜               x₃   x₃          x₂       ⎟
	     ⎜         1.0 - ──                        ⎟
	     ⎝               x₂                        ⎠

None

--------------------------------------------------

[00:00:00:24.33] Training epoch 2/14, current best R: 1.0000

	** New best
	Reward: 0.9999999852622157
	Count Off-policy: 1
	Count On-policy: 0
	Originally on Policy: False
	Invalid: False
	Traversal: inv,mul,div,x1,x2,sub,inv,mul,x2,0.499999992989979,add,add,mul,x2,x6,inv,x3,inv,sub,1.0,div,x3,x2
	Expression:
	                        x₂                      
	  ──────────────────────────────────────────────
	     ⎛            1       1    2.00000002804008⎞
	  x₁⋅⎜-x₂⋅x₆ - ──────── - ── + ────────────────⎟
	     ⎜               x₃   x₃          x₂       ⎟
	     ⎜         1.0 - ──                        ⎟
	     ⎝               x₂                        ⎠

[00:00:00:24.33] Early stopping criteria met; breaking early.
-- RUNNING EPOCHS END ---------------

-- EVALUATION START ----------------
Saving Hall of Fame to ./log/regression_config_regression_GPMELD.json_FeynmanBonus17.in_normal_0.0_2023-05-29-051944/dso_regression_config_regression_GPMELD.json_FeynmanBonus17.in_normal_0.0_0_hof.csv
Saving Pareto Front to ./log/regression_config_regression_GPMELD.json_FeynmanBonus17.in_normal_0.0_2023-05-29-051944/dso_regression_config_regression_GPMELD.json_FeynmanBonus17.in_normal_0.0_0_pf.csv
Invalid expressions: 119 of 18031 (0.7%).
Error type counts:
  reciprocal: 70 (58.8%)
  true_divide: 49 (41.2%)
Error node counts:
  divide: 119 (100.0%)
-- EVALUATION END ------------------
== TRAINING SEED 0 END ==============
INFO: Completed run 1 of 1 in 26 s

== POST-PROCESS START =================
-- LOADING LOGS START ----------------
json configure file: ./log/regression_config_regression_GPMELD.json_FeynmanBonus17.in_normal_0.0_2023-05-29-051944
Successfully loaded summary data
Successfully loaded Hall of Fame data
Successfully loaded Pareto Front data
-- LOADING LOGS END ------------------

-- ANALYZING LOG START --------------
Task_____________regression
Source path______./log/regression_config_regression_GPMELD.json_FeynmanBonus17.in_normal_0.0_2023-05-29-051944
Runs_____________1
Max Samples/run__15000
Success_rate_____1.0
Hall of Fame (Top 5 of 100)____
    0: S=000 R=1.000000 <-- [x2/(x1*(-x2*x6 - 1/(1.0 - x3/x2) - 1/x3 + 2.00000002804008/x2))]
    1: S=000 R=1.000000 <-- [0.499999992989979*x2**2/x1]
    2: S=000 R=1.000000 <-- [x2/(x1*(-x2*x6 - 1/(1.0 - x3/x2) - 1/x3 + 2.00000002804008/x2))]
    3: S=000 R=1.000000 <-- [0.499999992989979*x2**2/x1]
    4: S=000 R=1.000000 <-- [x2/(x1*(-0.9999999999999994 + 2.000000022976225/x2))]
  Saving Hall of Fame plot to ./log/regression_config_regression_GPMELD.json_FeynmanBonus17.in_normal_0.0_2023-05-29-051944/dso_regression_config_regression_GPMELD.json_FeynmanBonus17.in_normal_0.0_plot_hof.png
Pareto Front (5 of 5)____
    0: S=000 R=1.000000 C=12.00 <-- [0.499999992989979*x2**2/x1]
    1: S=000 R=0.488720 C=10.00 <-- [50.24425950617361*x3**2*x6]
    2: S=000 R=0.488720 C=9.00 <-- [50.822445287641145*x3**2*x6 + x5]
    3: S=000 R=0.487567 C=6.00 <-- [x5**2/x6]
    4: S=000 R=0.487525 C=5.00 <-- [-x3 + 1/x6]
  Saving Pareto Front plot to ./log/regression_config_regression_GPMELD.json_FeynmanBonus17.in_normal_0.0_2023-05-29-051944/dso_regression_config_regression_GPMELD.json_FeynmanBonus17.in_normal_0.0_plot_pf.png
-- ANALYZING LOG END ----------------
== POST-PROCESS END ===================
