debug /depot/yexiang/apps/jiang631/data/scibench/data/unencrypted/equations_feynman/FeynmanICh13Eq4.in
!!!!!!!!!!!!!!!!!!!!!!!!!!!!!i /depot/yexiang/apps/jiang631/data/scibench/data/unencrypted/equations_feynman/FeynmanICh13Eq4.in
['mul', 0.5, 'mul', 'X_0', 'add', 'pow', 'X_1', 2, 'add', 'pow', 'X_2', 2, 'pow', 'X_3', 2]
--------------------
eq_name 	 feynman-i.13.4
num_vars 	 4
vars_range_and_types 	 [{"name": "LogUniform", "range": [0.1, 10.0], "only_positive": true}, {"name": "LogUniform", "range": [0.1, 10.0], "only_positive": false}, {"name": "LogUniform", "range": [0.1, 10.0], "only_positive": false}, {"name": "LogUniform", "range": [0.1, 10.0], "only_positive": false}]
function_set 	 ['add', 'sub', 'mul', 'div', 'const']
eq_expression 	 mul,0.5,mul,X_0,add,pow,X_1,2,add,pow,X_2,2,pow,X_3,2
expr 	 0.5*X_0*(X_1**2 + X_2**2 + X_3**2)
--------------------

== EXPERIMENT SETUP START ===========
Task type            : regression
Starting seed        : 0
Runs                 : 1
== EXPERIMENT SETUP END =============

== TRAINING SEED 0 START ============
self.dataX <dso.symbolic_data_generator.DataX object at 0x2b2dd276c080>, self.data_query_oracle: <dso.symbolic_equation_evaluator_public.Equation_evaluator object at 0x2b2df180dd68>
generate dataset!
-- BUILDING PRIOR START -------------
WARNING: Skipping invalid 'RelationalConstraint' with arguments {'targets': [], 'effectors': [], 'relationship': None}. Reason: Prior disabled.
WARNING: Skipping invalid 'TrigConstraint' with arguments {}. Reason: There are no target Tokens.
WARNING: Skipping invalid 'UniformArityPrior' with arguments {}. Reason: Prior disabled.
WARNING: Skipping invalid 'LanguageModelPrior' with arguments {'weight': None}. Reason: Prior disabled.
LengthConstraint: Sequences have minimum length 4.
                  Sequences have maximum length 256.
RepeatConstraint: [const] cannot occur more than 10 times.
RelationalConstraint: [inv] cannot be a child of [inv].
ConstConstraint: [const] cannot be the only unique child of [inv, add, sub, mul, div].
NoInputsConstraint: Sequences contain at least one input variable Token.
SoftLengthPrior: No description available.
-- BUILDING PRIOR END ---------------

-- RUNNING EPOCHS START -------------
[00:00:00:05.21] Training epoch 1/14, current best R: 0.5954

	** New best
	Reward: 0.5953540121775099
	Count Off-policy: False
	Count On-policy: True
	Originally on Policy: True
	Invalid: False
	Traversal: mul,x1,sub,sub,x3,mul,x2,mul,add,sub,-0.2574259161764289,mul,-0.0005784050110904439,sub,x2,x4,-0.2574259161764352,x2,-10.541641860279928
	Expression:
	     ⎛    2                                                                     
	  x₁⋅⎝- x₂ ⋅(0.0005784050110904439⋅x₂ - 0.0005784050110904439⋅x₄ - 0.51485183235

	                                  ⎞
	  28641) + x₃ + 10.541641860279928⎠

[00:00:00:47.17] Training epoch 10/14, current best R: 0.5954
[00:00:01:04.83] Training epoch 13/14, current best R: 0.5975

	** New best
	Reward: 0.5974926916976773
	Count Off-policy: False
	Count On-policy: True
	Originally on Policy: True
	Invalid: False
	Traversal: mul,add,add,5.352812593899561,mul,0.5028260769982775,add,inv,div,x4,0.08738128506809904,add,mul,x2,x2,x2,5.3528125938995625,x1
	Expression:
	     ⎛                     2                                                0.04
	  x₁⋅⎜0.5028260769982775⋅x₂  + 0.5028260769982775⋅x₂ + 10.705625187799123 + ────
	     ⎝                                                                          

	  39375887738604⎞
	  ──────────────⎟
	      x₄        ⎠

[00:00:01:10.22] Ending training after epoch 14/14, current best R: 0.5975
-- RUNNING EPOCHS END ---------------

-- EVALUATION START ----------------
Saving Hall of Fame to ./log/regression_config_regression_VPG.json_FeynmanICh13Eq4.in_normal_0.0_2023-05-29-052149/dso_regression_config_regression_VPG.json_FeynmanICh13Eq4.in_normal_0.0_0_hof.csv
Saving Pareto Front to ./log/regression_config_regression_VPG.json_FeynmanICh13Eq4.in_normal_0.0_2023-05-29-052149/dso_regression_config_regression_VPG.json_FeynmanICh13Eq4.in_normal_0.0_0_pf.csv
Invalid expressions: 240 of 14336 (1.7%).
Error type counts:
  true_divide: 97 (40.4%)
  reciprocal: 143 (59.6%)
Error node counts:
  divide: 240 (100.0%)
-- EVALUATION END ------------------
== TRAINING SEED 0 END ==============
INFO: Completed run 1 of 1 in 72 s

== POST-PROCESS START =================
-- LOADING LOGS START ----------------
json configure file: ./log/regression_config_regression_VPG.json_FeynmanICh13Eq4.in_normal_0.0_2023-05-29-052149
Successfully loaded summary data
Successfully loaded Hall of Fame data
Successfully loaded Pareto Front data
-- LOADING LOGS END ------------------

-- ANALYZING LOG START --------------
Task_____________regression
Source path______./log/regression_config_regression_VPG.json_FeynmanICh13Eq4.in_normal_0.0_2023-05-29-052149
Runs_____________1
Max Samples/run__15000
Success_rate_____0.0
Hall of Fame (Top 5 of 100)____
    0: S=000 R=0.597493 <-- [x1*(0.5028260769982775*x2**2 + 0.5028260769982775*x2 + 10.705625187799123 + 0.0439375887738604/x4)]
    1: S=000 R=0.596394 <-- [0.5011386723777854*x1*(x2**2 - x3 + 21.53222932213897)]
    2: S=000 R=0.595354 <-- [x1*(-x2**2*(0.0005784050110904439*x2 - 0.0005784050110904439*x4 - 0.5148518323528641) + x3 + 10.541641860279928)]
    3: S=000 R=0.587668 <-- [x1*(-0.38977012042253752*x1 + 0.38977012042253752*x3*(x3 + x4) + 0.38977012042253752*x3 + 0.38977012042253752*x4 + 14.566733521955165)]
    4: S=000 R=0.587465 <-- [x1*(x1 + 0.5965615936798956*x4**2)]
  Saving Hall of Fame plot to ./log/regression_config_regression_VPG.json_FeynmanICh13Eq4.in_normal_0.0_2023-05-29-052149/dso_regression_config_regression_VPG.json_FeynmanICh13Eq4.in_normal_0.0_plot_hof.png
Pareto Front (5 of 6)____
    0: S=000 R=0.597493 C=20.00 <-- [x1*(0.5028260769982775*x2**2 + 0.5028260769982775*x2 + 10.705625187799123 + 0.0439375887738604/x4)]
    1: S=000 R=0.596394 C=18.00 <-- [0.5011386723777854*x1*(x2**2 - x3 + 21.53222932213897)]
    2: S=000 R=0.587465 C=9.00 <-- [x1*(x1 + 0.5965615936798956*x4**2)]
    3: S=000 R=0.554806 C=8.00 <-- [0.7272823128589593*x1*x4**2]
    4: S=000 R=0.546919 C=7.00 <-- [x1*(16.47792270725007 - 0.03089096752267936*x1)]
  Saving Pareto Front plot to ./log/regression_config_regression_VPG.json_FeynmanICh13Eq4.in_normal_0.0_2023-05-29-052149/dso_regression_config_regression_VPG.json_FeynmanICh13Eq4.in_normal_0.0_plot_pf.png
-- ANALYZING LOG END ----------------
== POST-PROCESS END ===================
