debug /depot/yexiang/apps/jiang631/data/scibench/data/unencrypted/equations_feynman/FeynmanIIICh19Eq51.in
!!!!!!!!!!!!!!!!!!!!!!!!!!!!!i /depot/yexiang/apps/jiang631/data/scibench/data/unencrypted/equations_feynman/FeynmanIIICh19Eq51.in
['mul', -3.63185176721637e+87, 'mul', 'X_0', 'mul', 'pow', 'X_1', 4, 'pow', 'X_2', -2]
--------------------
eq_name 	 feynman-iii.19.51
num_vars 	 3
vars_range_and_types 	 [{"name": "LogUniform", "range": [1e-30, 1e-28], "only_positive": true}, {"name": "LogUniform", "range": [1e-11, 1e-09], "only_positive": false}, {"name": "IntegerUniform", "range": [1, 100], "only_positive": true}]
function_set 	 ['add', 'sub', 'mul', 'div', 'sin', 'cos', 'exp', 'log', 'const']
eq_expression 	 mul,-3.63185176721637e+87,mul,X_0,mul,pow,X_1,4,pow,X_2,-2
expr 	 -3.63185176721637e+87*X_0*X_1**4/X_2**2
--------------------

== EXPERIMENT SETUP START ===========
Task type            : regression
Starting seed        : 0
Runs                 : 1
== EXPERIMENT SETUP END =============

== TRAINING SEED 0 START ============
self.dataX <dso.symbolic_data_generator.DataX object at 0x2ab70dddc2e8>, self.data_query_oracle: <dso.symbolic_equation_evaluator_public.Equation_evaluator object at 0x2ab72ce7eda0>
generate dataset!
-- BUILDING PRIOR START -------------
WARNING: Skipping invalid 'RelationalConstraint' with arguments {'targets': [], 'effectors': [], 'relationship': None}. Reason: Prior disabled.
WARNING: Skipping invalid 'TrigConstraint' with arguments {}. Reason: There are no target Tokens.
WARNING: Skipping invalid 'UniformArityPrior' with arguments {}. Reason: Prior disabled.
WARNING: Skipping invalid 'LanguageModelPrior' with arguments {'weight': None}. Reason: Prior disabled.
LengthConstraint: Sequences have minimum length 4.
                  Sequences have maximum length 256.
RepeatConstraint: [const] cannot occur more than 10 times.
RelationalConstraint: [inv] cannot be a child of [inv].
ConstConstraint: [const] cannot be the only unique child of [inv, add, sub, mul, div].
NoInputsConstraint: Sequences contain at least one input variable Token.
SoftLengthPrior: No description available.
-- BUILDING PRIOR END ---------------

-- RUNNING EPOCHS START -------------
gen	iter	pop_size	nevals	uncached_size	best_val              	timer  
0  	0   	1024    	1024  	1024         	(-0.4995408456840456,)	1.79357
1  	1   	1024    	744   	644          	(-0.4995920306775858,)	0.364588
2  	2   	1024    	773   	683          	(-0.4995920306775858,)	0.658032
3  	3   	1024    	790   	661          	(-0.49960091565268144,)	1.16623 
4  	4   	1024    	759   	630          	(-0.49960091565268144,)	1.31646 
5  	5   	1024    	781   	631          	(-0.49960091565268144,)	1.90711 
6  	6   	1024    	761   	596          	(-0.49960091565268144,)	2.16158 
7  	7   	1024    	770   	567          	(-0.49960091565406844,)	3.25432 
8  	8   	1024    	740   	562          	(-0.49995204567840856,)	3.44964 
9  	9   	1024    	779   	588          	(-0.49995204567840856,)	3.8654  

--------------------------------------------------
GP Time: 20.1948

Unique expressions evaluated: 7535
Total expression evaluations: 7921
--------------------------------------------------

GP -> best program this epoch:

	Reward: 0.49995204567840856
	Count Off-policy: 1
	Count On-policy: 0
	Originally on Policy: False
	Invalid: False
	Traversal: add,x1,inv,div,mul,inv,sub,inv,mul,1.0000018616974207,x1,add,sub,x3,x2,inv,x1,x3,0.00044267504362677256
	Expression:
	                              ⎛          1.8616939547891689e-6⎞
	       0.00044267504362677256⋅⎜x₂ - x₃ - ─────────────────────⎟
	                              ⎝                    x₁         ⎠
	  x₁ + ────────────────────────────────────────────────────────
	                                  x₃                           

None

--------------------------------------------------

[00:00:00:22.87] Training epoch 1/14, current best R: 0.5000

	** New best
	Reward: 0.49995204567840856
	Count Off-policy: 1
	Count On-policy: 0
	Originally on Policy: False
	Invalid: False
	Traversal: add,x1,inv,div,mul,inv,sub,inv,mul,1.0000018616974207,x1,add,sub,x3,x2,inv,x1,x3,0.00044267504362677256
	Expression:
	                              ⎛          1.8616939547891689e-6⎞
	       0.00044267504362677256⋅⎜x₂ - x₃ - ─────────────────────⎟
	                              ⎝                    x₁         ⎠
	  x₁ + ────────────────────────────────────────────────────────
	                                  x₃                           

10 	0   	1024    	1024  	1019         	(-0.49952994790128913,)	0.470007
11 	1   	1024    	774   	661          	(-0.499529947925964,)  	0.363681
12 	2   	1024    	780   	677          	(-0.4995413243997271,) 	0.561411
13 	3   	1024    	771   	680          	(-0.49959217834374076,)	0.822704
14 	4   	1024    	758   	665          	(-0.49959217834374076,)	1.17301 
15 	5   	1024    	769   	675          	(-0.4999759046063322,) 	1.55075 
16 	6   	1024    	771   	653          	(-0.4999759046071738,) 	1.61537 
17 	7   	1024    	776   	665          	(-0.4999759046076612,) 	2.43676 
18 	8   	1024    	759   	667          	(-0.4999914913902859,) 	3.42621 
19 	9   	1024    	768   	665          	(-0.4999914913902859,) 	5.02515 

--------------------------------------------------
GP Time: 17.6955

Unique expressions evaluated: 15527
Total expression evaluations: 15871
--------------------------------------------------

GP -> best program this epoch:

	Reward: 0.4999914913902859
	Count Off-policy: 1
	Count On-policy: 0
	Originally on Policy: False
	Invalid: False
	Traversal: mul,sub,1.0,sub,add,x3,inv,mul,x3,mul,x3,1.0,add,add,inv,x2,div,inv,mul,x3,x3,div,add,add,x3,3.9020353402562775,mul,x3,0.06752295149991004,mul,div,x3,inv,div,sub,sub,inv,add,x2,sub,x3,x1,div,x2,x3,x1,x1,sub,x3,mul,x3,1.0000018183581374,x2,0.002665287052348989
	Expression:
                                                                              
                                                                              
	                                                                             0.0
	  0.002665287052348989⋅x₂ - 0.002665287052348989⋅x₃ + 0.002665287052348989 - ───
                                                                              
                                                                              

	                                                                   ⎛      x₂    
	                                             4.8464464001472349e-9⋅⎜-x₁ - ── + ─
	  02665287052348989   0.002665287052348989                         ⎝      x₃   -
	  ───────────────── + ──────────────────── - ───────────────────────────────────
	         2                     x₂             x₁⋅(1.06752295149991⋅x₃ + 3.902035
	       x₃                                                                       

	       1      ⎞
	  ────────────⎟
	  x₁ + x₂ + x₃⎠
	  ─────────────
	  3402562775)  
             

None

--------------------------------------------------

[00:00:00:42.65] Training epoch 2/14, current best R: 0.5000

	** New best
	Reward: 0.4999914913902859
	Count Off-policy: 1
	Count On-policy: 0
	Originally on Policy: False
	Invalid: False
	Traversal: mul,sub,1.0,sub,add,x3,inv,mul,x3,mul,x3,1.0,add,add,inv,x2,div,inv,mul,x3,x3,div,add,add,x3,3.9020353402562775,mul,x3,0.06752295149991004,mul,div,x3,inv,div,sub,sub,inv,add,x2,sub,x3,x1,div,x2,x3,x1,x1,sub,x3,mul,x3,1.0000018183581374,x2,0.002665287052348989
	Expression:
                                                                              
                                                                              
	                                                                             0.0
	  0.002665287052348989⋅x₂ - 0.002665287052348989⋅x₃ + 0.002665287052348989 - ───
                                                                              
                                                                              

	                                                                   ⎛      x₂    
	                                             4.8464464001472349e-9⋅⎜-x₁ - ── + ─
	  02665287052348989   0.002665287052348989                         ⎝      x₃   -
	  ───────────────── + ──────────────────── - ───────────────────────────────────
	         2                     x₂             x₁⋅(1.06752295149991⋅x₃ + 3.902035
	       x₃                                                                       

	       1      ⎞
	  ────────────⎟
	  x₁ + x₂ + x₃⎠
	  ─────────────
	  3402562775)  
             

-- RUNNING EPOCHS END ---------------

-- EVALUATION START ----------------
Saving Hall of Fame to ./log/regression_config_regression_GPMELD.json_FeynmanIIICh19Eq51.in_normal_0.0_2023-05-29-051455/dso_regression_config_regression_GPMELD.json_FeynmanIIICh19Eq51.in_normal_0.0_0_hof.csv
Saving Pareto Front to ./log/regression_config_regression_GPMELD.json_FeynmanIIICh19Eq51.in_normal_0.0_2023-05-29-051455/dso_regression_config_regression_GPMELD.json_FeynmanIIICh19Eq51.in_normal_0.0_0_pf.csv
Invalid expressions: 673 of 17919 (3.8%).
Error type counts:
  true_divide: 357 (53.0%)
  reciprocal: 316 (47.0%)
Error node counts:
  divide: 670 (99.6%)
  invalid: 3 (0.4%)
-- EVALUATION END ------------------
== TRAINING SEED 0 END ==============
INFO: Completed run 1 of 1 in 44 s

== POST-PROCESS START =================
-- LOADING LOGS START ----------------
json configure file: ./log/regression_config_regression_GPMELD.json_FeynmanIIICh19Eq51.in_normal_0.0_2023-05-29-051455
Successfully loaded summary data
Successfully loaded Hall of Fame data
Successfully loaded Pareto Front data
-- LOADING LOGS END ------------------

-- ANALYZING LOG START --------------
Task_____________regression
Source path______./log/regression_config_regression_GPMELD.json_FeynmanIIICh19Eq51.in_normal_0.0_2023-05-29-051455
Runs_____________1
Max Samples/run__15000
Success_rate_____0.0
Hall of Fame (Top 5 of 100)____
    0: S=000 R=0.499991 <-- [0.002665287052348989*x2 - 0.002665287052348989*x3 + 0.002665287052348989 - 0.002665287052348989/x3**2 + 0.002665287052348989/x2 - 4.8464464001472349e-9*(-x1 - x2/x3 + 1/(-x1 + x2 + x3))/(x1*(1.06752295149991*x3 + 3.9020353402562775))]
    1: S=000 R=0.499991 <-- [0.002665287052348989*x2 - 0.002665287052348989*x3 + 0.002665287052348989 - 0.002665287052348989/x3**2 + 0.002665287052348989/x2 - 4.8464464001472349e-9*(-x1 - x2/x3 + 1/(-x1 + x2 + x3))/(x1*(1.06752295149991*x3 + 3.9020353402562775))]
    2: S=000 R=0.499991 <-- [0.0025420242172263666*x2 - 0.0025420242172263666*x3 + 0.0025420242172263666 - 0.0025420242172263666/x3**2 + 0.0025420242172263666/x2 - 4.5879009463126053e-9*(-x1 - x2/x3 + 1/(-x1 + x2 + x3))/(x1*(1.0*x1*x3 + x3 + 3.707721834320961))]
    3: S=000 R=0.499991 <-- [0.0025420242172263666*x2 - 0.0025420242172263666*x3 + 0.0025420242172263666 - 0.0025420242172263666/x3**2 + 0.0025420242172263666/x2 - 4.5879009463126053e-9*(-x1 - x2/x3 + 1/(-x1 + x2 + x3))/(x1*(1.0*x1*x3 + x3 + 3.707721834320961))]
    4: S=000 R=0.499991 <-- [0.0025439159947244754/x2 - 4.5910030641341493e-9/(x1*(x3*(x2/x3 + x3) + 3.710846376590073*x3))]
  Saving Hall of Fame plot to ./log/regression_config_regression_GPMELD.json_FeynmanIIICh19Eq51.in_normal_0.0_2023-05-29-051455/dso_regression_config_regression_GPMELD.json_FeynmanIIICh19Eq51.in_normal_0.0_plot_hof.png
Pareto Front (5 of 13)____
    0: S=000 R=0.499991 C=64.00 <-- [0.002665287052348989*x2 - 0.002665287052348989*x3 + 0.002665287052348989 - 0.002665287052348989/x3**2 + 0.002665287052348989/x2 - 4.8464464001472349e-9*(-x1 - x2/x3 + 1/(-x1 + x2 + x3))/(x1*(1.06752295149991*x3 + 3.9020353402562775))]
    1: S=000 R=0.499991 C=37.00 <-- [0.0025439159947244754/x2 - 4.5910030641341493e-9/(x1*(x3*(x2/x3 + x3) + 3.710846376590073*x3))]
    2: S=000 R=0.499991 C=34.00 <-- [0.0025362284460967465/x2 - 4.6162599313103325e-9/(x1*(x3*(x3 + 1.869126007431095) + 1.8691260074310958*x3))]
    3: S=000 R=0.499976 C=32.00 <-- [0.0010878399903146733*x2 - 0.0010878399903146733*x3 - 2.0233629986340391e-9/(x1*(3.914499655516214*x3 - 1.8191224395847494))]
    4: S=000 R=0.499976 C=30.00 <-- [0.0010915753543756142*x2 - 2.0212928725096071e-9/(x1*(3.9114743670630636*x3 - 1.8183700791226802))]
  Saving Pareto Front plot to ./log/regression_config_regression_GPMELD.json_FeynmanIIICh19Eq51.in_normal_0.0_2023-05-29-051455/dso_regression_config_regression_GPMELD.json_FeynmanIIICh19Eq51.in_normal_0.0_plot_pf.png
-- ANALYZING LOG END ----------------
== POST-PROCESS END ===================
