debug /depot/yexiang/apps/jiang631/data/scibench/data/unencrypted/equations_feynman/FeynmanICh6Eq20b.in
!!!!!!!!!!!!!!!!!!!!!!!!!!!!!i /depot/yexiang/apps/jiang631/data/scibench/data/unencrypted/equations_feynman/FeynmanICh6Eq20b.in
['mul', 0.5, 'mul', 'pow', 2, 0.5, 'mul', 'pow', 3.141592653589793, -0.5, 'exp', 'mul', -0.5, 'mul', 'pow', 'X_2', -2, 'pow', 'add', 'X_0', 'mul', -1, 'X_1', 2]
--------------------
eq_name 	 feynman-i.6.20b
num_vars 	 3
vars_range_and_types 	 [{"name": "LogUniform", "range": [0.1, 10.0], "only_positive": false}, {"name": "LogUniform", "range": [0.1, 10.0], "only_positive": false}, {"name": "LogUniform", "range": [0.1, 10.0], "only_positive": true}]
function_set 	 ['add', 'sub', 'mul', 'div', 'exp', 'const']
eq_expression 	 mul,0.5,mul,pow,2,0.5,mul,pow,3.141592653589793,-0.5,exp,mul,-0.5,mul,pow,X_2,-2,pow,add,X_0,mul,-1,X_1,2
expr 	 sqrt(2)*exp(-(X_0 - X_1)**2/(2*X_2**2))/(2*sqrt(pi))
--------------------

== EXPERIMENT SETUP START ===========
Task type            : regression
Starting seed        : 0
Runs                 : 1
== EXPERIMENT SETUP END =============

== TRAINING SEED 0 START ============
self.dataX <dso.symbolic_data_generator.DataX object at 0x2b365a781828>, self.data_query_oracle: <dso.symbolic_equation_evaluator_public.Equation_evaluator object at 0x2b3640fe4d68>
generate dataset!
-- BUILDING PRIOR START -------------
WARNING: Skipping invalid 'RelationalConstraint' with arguments {'targets': [], 'effectors': [], 'relationship': None}. Reason: Prior disabled.
WARNING: Skipping invalid 'TrigConstraint' with arguments {}. Reason: There are no target Tokens.
WARNING: Skipping invalid 'UniformArityPrior' with arguments {}. Reason: Prior disabled.
WARNING: Skipping invalid 'LanguageModelPrior' with arguments {'weight': None}. Reason: Prior disabled.
LengthConstraint: Sequences have minimum length 4.
                  Sequences have maximum length 256.
RepeatConstraint: [const] cannot occur more than 10 times.
RelationalConstraint: [inv] cannot be a child of [inv].
ConstConstraint: [const] cannot be the only unique child of [inv, add, sub, mul, div].
NoInputsConstraint: Sequences contain at least one input variable Token.
SoftLengthPrior: No description available.
-- BUILDING PRIOR END ---------------

-- RUNNING EPOCHS START -------------
[00:00:00:05.91] Training epoch 1/14, current best R: 0.5739

	** New best
	Reward: 0.5739371910239128
	Count Off-policy: False
	Count On-policy: True
	Originally on Policy: True
	Invalid: False
	Traversal: add,x2,sub,mul,add,inv,x2,sub,sub,x1,add,mul,div,x3,add,2.619825213349933,x3,877.050586810735,x3,x1,-0.000519712297284332,x2
	Expression:
	                             0.455813975305979⋅x₃    0.000519712297284332
	  0.000519712297284332⋅x₃ + ────────────────────── - ────────────────────
	                            x₃ + 2.619825213349933            x₂         

[00:00:00:16.66] Training epoch 3/14, current best R: 0.5805

	** New best
	Reward: 0.5804759175206365
	Count Off-policy: False
	Count On-policy: True
	Originally on Policy: True
	Invalid: False
	Traversal: div,x2,mul,x2,add,inv,mul,mul,div,mul,0.2781163883340899,inv,x2,x2,x3,x3,3.3156578460411303
	Expression:
	                      1                     
	  ──────────────────────────────────────────
	                      2                     
	  3.595616950119245⋅x₂                      
	  ───────────────────── + 3.3156578460411303
	             2                              
	           x₃                               

[00:00:00:51.63] Training epoch 8/14, current best R: 0.5937

	** New best
	Reward: 0.5937067240161312
	Count Off-policy: False
	Count On-policy: True
	Originally on Policy: True
	Invalid: False
	Traversal: sub,div,x3,add,mul,2.4780506427168394,sub,x3,sub,-0.7225174660745056,mul,div,add,x3,x1,x3,x1,2.2645318856683034,-0.02553690684363536
	Expression:
	                                       x₃                                       
	  ──────────────────────────────────────────────────────────────────────────── +
	  2.4780506427168394⋅x₁⋅(x₁ + x₃)                                               
	  ─────────────────────────────── + 2.4780506427168394⋅x₃ + 4.0549667568483742  
	                 x₃                                                             

                    
	   0.02553690684363536
                    
                    
                    

[00:00:01:09.34] Training epoch 10/14, current best R: 0.5937
[00:00:01:41.14] Training epoch 13/14, current best R: 0.6008

	** New best
	Reward: 0.6007679922741096
	Count Off-policy: False
	Count On-policy: True
	Originally on Policy: True
	Invalid: False
	Traversal: div,2.054300031770365,mul,add,div,4.4641706550374565,x2,div,add,add,mul,div,2.6201118289815217,x2,2.6201119707702,-0.016181786239056757,x2,x3,x2
	Expression:
	                             2.054300031770365                            
	  ────────────────────────────────────────────────────────────────────────
	     ⎛                            6.8649863678710877                     ⎞
	     ⎜x₂ - 0.016181786239056757 + ──────────────────                     ⎟
	     ⎜                                    x₂           4.4641706550374565⎟
	  x₂⋅⎜────────────────────────────────────────────── + ──────────────────⎟
	     ⎝                      x₃                                 x₂        ⎠

[00:00:01:54.82] Ending training after epoch 14/14, current best R: 0.6008
-- RUNNING EPOCHS END ---------------

-- EVALUATION START ----------------
Saving Hall of Fame to ./log/regression_config_regression_DSR.json_FeynmanICh6Eq20b.in_normal_0.0_2023-05-29-052021/dso_regression_config_regression_DSR.json_FeynmanICh6Eq20b.in_normal_0.0_0_hof.csv
Saving Pareto Front to ./log/regression_config_regression_DSR.json_FeynmanICh6Eq20b.in_normal_0.0_2023-05-29-052021/dso_regression_config_regression_DSR.json_FeynmanICh6Eq20b.in_normal_0.0_0_pf.csv
Invalid expressions: 270 of 14336 (1.9%).
Error type counts:
  reciprocal: 172 (63.7%)
  true_divide: 98 (36.3%)
Error node counts:
  divide: 269 (99.6%)
  invalid: 1 (0.4%)
-- EVALUATION END ------------------
== TRAINING SEED 0 END ==============
INFO: Completed run 1 of 1 in 116 s

== POST-PROCESS START =================
-- LOADING LOGS START ----------------
json configure file: ./log/regression_config_regression_DSR.json_FeynmanICh6Eq20b.in_normal_0.0_2023-05-29-052021
Successfully loaded summary data
Successfully loaded Hall of Fame data
Successfully loaded Pareto Front data
-- LOADING LOGS END ------------------

-- ANALYZING LOG START --------------
Task_____________regression
Source path______./log/regression_config_regression_DSR.json_FeynmanICh6Eq20b.in_normal_0.0_2023-05-29-052021
Runs_____________1
Max Samples/run__15000
Success_rate_____0.0
Hall of Fame (Top 5 of 100)____
    0: S=000 R=0.600768 <-- [2.054300031770365/(x2*((x2 - 0.016181786239056757 + 6.8649863678710877/x2)/x3 + 4.4641706550374565/x2))]
    1: S=000 R=0.593707 <-- [x3/(2.4780506427168394*x1*(x1 + x3)/x3 + 2.4780506427168394*x3 + 4.0549667568483742) + 0.02553690684363536]
    2: S=000 R=0.580476 <-- [1/(3.595616950119245*x2**2/x3**2 + 3.3156578460411303)]
    3: S=000 R=0.576898 <-- [0.04144955302788185*x3 - 0.04144955302788185*(2.2190897093046535 - 0.3501036034501471*x1)*(-0.15115836940719554*x1 - 0.9517068460645915)]
    4: S=000 R=0.576827 <-- [x2**2*(9.4541671963297924e-5 - 0.0023535150822449904*x3)/x3 + 0.04214098328606989*x3 + 0.08564730081163718]
  Saving Hall of Fame plot to ./log/regression_config_regression_DSR.json_FeynmanICh6Eq20b.in_normal_0.0_2023-05-29-052021/dso_regression_config_regression_DSR.json_FeynmanICh6Eq20b.in_normal_0.0_plot_hof.png
Pareto Front (5 of 7)____
    0: S=000 R=0.600768 C=23.00 <-- [2.054300031770365/(x2*((x2 - 0.016181786239056757 + 6.8649863678710877/x2)/x3 + 4.4641706550374565/x2))]
    1: S=000 R=0.593707 C=21.00 <-- [x3/(2.4780506427168394*x1*(x1 + x3)/x3 + 2.4780506427168394*x3 + 4.0549667568483742) + 0.02553690684363536]
    2: S=000 R=0.576898 C=16.00 <-- [0.04144955302788185*x3 - 0.04144955302788185*(2.2190897093046535 - 0.3501036034501471*x1)*(-0.15115836940719554*x1 - 0.9517068460645915)]
    3: S=000 R=0.573928 C=12.00 <-- [1/(2.162394554142089 + 11.478549700462196/(2*x3 - 0.004991452780186013))]
    4: S=000 R=0.573928 C=9.00 <-- [1/(2.158865994952136 + 5.760642334292159/x3)]
  Saving Pareto Front plot to ./log/regression_config_regression_DSR.json_FeynmanICh6Eq20b.in_normal_0.0_2023-05-29-052021/dso_regression_config_regression_DSR.json_FeynmanICh6Eq20b.in_normal_0.0_plot_pf.png
-- ANALYZING LOG END ----------------
== POST-PROCESS END ===================
