debug /depot/yexiang/apps/jiang631/data/scibench/data/unencrypted/equations_feynman/FeynmanICh34Eq14.in
!!!!!!!!!!!!!!!!!!!!!!!!!!!!!i /depot/yexiang/apps/jiang631/data/scibench/data/unencrypted/equations_feynman/FeynmanICh34Eq14.in
['mul', 'X_1', 'mul', 'pow', 'add', 1, 'mul', -1.11265005605362e-17, 'pow', 'X_0', 2, -0.5, 'add', 1, 'mul', 3.33564095198152e-09, 'X_0']
--------------------
eq_name 	 feynman-i.34.14
num_vars 	 2
vars_range_and_types 	 [{"name": "LogUniform", "range": [1000000.0, 100000000.0], "only_positive": false}, {"name": "LogUniform", "range": [1000000000.0, 100000000000.0], "only_positive": true}]
function_set 	 ['add', 'sub', 'mul', 'div', 'sin', 'cos', 'exp', 'log', 'const']
eq_expression 	 mul,X_1,mul,pow,add,1,mul,-1.11265005605362e-17,pow,X_0,2,-0.5,add,1,mul,3.33564095198152e-09,X_0
expr 	 X_1*(3.33564095198152e-9*X_0 + 1)/sqrt(1 - 1.11265005605362e-17*X_0**2)
--------------------

== EXPERIMENT SETUP START ===========
Task type            : regression
Starting seed        : 0
Runs                 : 1
== EXPERIMENT SETUP END =============

== TRAINING SEED 0 START ============
self.dataX <dso.symbolic_data_generator.DataX object at 0x2b9666d8c080>, self.data_query_oracle: <dso.symbolic_equation_evaluator_public.Equation_evaluator object at 0x2b9685e2dda0>
generate dataset!
-- BUILDING PRIOR START -------------
WARNING: Skipping invalid 'RelationalConstraint' with arguments {'targets': [], 'effectors': [], 'relationship': None}. Reason: Prior disabled.
WARNING: Skipping invalid 'TrigConstraint' with arguments {}. Reason: There are no target Tokens.
WARNING: Skipping invalid 'UniformArityPrior' with arguments {}. Reason: Prior disabled.
WARNING: Skipping invalid 'LanguageModelPrior' with arguments {'weight': None}. Reason: Prior disabled.
LengthConstraint: Sequences have minimum length 4.
                  Sequences have maximum length 256.
RepeatConstraint: [const] cannot occur more than 10 times.
RelationalConstraint: [inv] cannot be a child of [inv].
ConstConstraint: [const] cannot be the only unique child of [inv, add, sub, mul, div].
NoInputsConstraint: Sequences contain at least one input variable Token.
SoftLengthPrior: No description available.
-- BUILDING PRIOR END ---------------

-- RUNNING EPOCHS START -------------
gen	iter	pop_size	nevals	uncached_size	best_val              	timer  
0  	0   	1024    	1024  	1024         	(-0.9008407308269327,)	2.53372
1  	1   	1024    	764   	649          	(-0.900840730827359,) 	0.957592
2  	2   	1024    	779   	640          	(-0.9008413563498661,)	1.67964 
3  	3   	1024    	796   	664          	(-0.9010904693504577,)	3.15029 
4  	4   	1024    	737   	579          	(-0.9010904693504577,)	6.03502 
5  	5   	1024    	753   	603          	(-0.9010905529569937,)	4.60108 
6  	6   	1024    	750   	597          	(-0.9010905529569937,)	7.30696 
7  	7   	1024    	809   	638          	(-0.9109780438039536,)	8.57888 
8  	8   	1024    	761   	605          	(-0.9109780438039536,)	9.26147 
9  	9   	1024    	790   	614          	(-0.9110293212834584,)	12.8672 

--------------------------------------------------
GP Time: 57.2158

Unique expressions evaluated: 7531
Total expression evaluations: 7963
--------------------------------------------------

GP -> best program this epoch:

	Reward: 0.9110293212834584
	Count Off-policy: 1
	Count On-policy: 0
	Originally on Policy: False
	Invalid: False
	Traversal: sub,mul,sub,mul,div,-25.07878428183942,div,add,add,sub,add,x1,add,add,inv,x1,1.0,1.0,x1,x2,1.0,add,x1,x1,add,x2,add,x1,add,add,mul,add,1.0614249646891756,add,inv,x1,div,-5.022470235233655e-07,inv,x1,x1,x2,1.0,x2,-1.0044587446450306,1.0
	Expression:
	                        ⎛   ⎛                                                1 ⎞
	  50.381208353919898⋅x₁⋅⎜x₁⋅⎜-5.022470235233655e-7⋅x₁ + 1.0614249646891756 + ──⎟
	                        ⎝   ⎝                                                x₁⎠
	  ──────────────────────────────────────────────────────────────────────────────
	                                                       1                        
	                                            x₂ + 3.0 + ──                       
	                                                       x₁                       

	                    ⎞                              
	   + x₁ + 2⋅x₂ + 1.0⎟                              
	                    ⎠                              
	  ─────────────────── + 1.0044587446450306⋅x₂ - 1.0
                                                 
                                                 
                                                 

None

--------------------------------------------------

[00:00:01:03.09] Training epoch 1/14, current best R: 0.9110

	** New best
	Reward: 0.9110293212834584
	Count Off-policy: 1
	Count On-policy: 0
	Originally on Policy: False
	Invalid: False
	Traversal: sub,mul,sub,mul,div,-25.07878428183942,div,add,add,sub,add,x1,add,add,inv,x1,1.0,1.0,x1,x2,1.0,add,x1,x1,add,x2,add,x1,add,add,mul,add,1.0614249646891756,add,inv,x1,div,-5.022470235233655e-07,inv,x1,x1,x2,1.0,x2,-1.0044587446450306,1.0
	Expression:
	                        ⎛   ⎛                                                1 ⎞
	  50.381208353919898⋅x₁⋅⎜x₁⋅⎜-5.022470235233655e-7⋅x₁ + 1.0614249646891756 + ──⎟
	                        ⎝   ⎝                                                x₁⎠
	  ──────────────────────────────────────────────────────────────────────────────
	                                                       1                        
	                                            x₂ + 3.0 + ──                       
	                                                       x₁                       

	                    ⎞                              
	   + x₁ + 2⋅x₂ + 1.0⎟                              
	                    ⎠                              
	  ─────────────────── + 1.0044587446450306⋅x₂ - 1.0
                                                 
                                                 
                                                 

10 	0   	1024    	1024  	1013         	(-0.9844506560272376,)	0.958864
11 	1   	1024    	770   	623          	(-0.9844506560272376,)	0.975654
12 	2   	1024    	771   	659          	(-0.9844506560272376,)	1.68276 
13 	3   	1024    	793   	629          	(-0.9844506560272376,)	3.18098 
14 	4   	1024    	771   	581          	(-0.9847866648246059,)	4.14977 
15 	5   	1024    	759   	570          	(-0.9847866648246059,)	5.94069 
16 	6   	1024    	739   	537          	(-0.9847866648246059,)	10.1555 
17 	7   	1024    	775   	554          	(-0.9847875502422553,)	13.2785 
18 	8   	1024    	785   	536          	(-0.9847875502422553,)	25.6764 
19 	9   	1024    	782   	478          	(-0.9847875502422553,)	15.1263 

--------------------------------------------------
GP Time: 81.3714

Unique expressions evaluated: 14623
Total expression evaluations: 15932
--------------------------------------------------

GP -> best program this epoch:

	Reward: 0.9847875502422553
	Count Off-policy: 1
	Count On-policy: 0
	Originally on Policy: False
	Invalid: False
	Traversal: sub,x1,div,add,-9953.65572604709,sub,add,x1,inv,div,sub,inv,x2,0.9999329964271264,x1,9955.472095927966,div,19788.04762150599,x2
	Expression:
	                               ⎛                x₁                              
	  x₁ - 5.053555657068375e-5⋅x₂⋅⎜x₁ + ──────────────────────── - 19909.1278219750
	                               ⎜                           1                    
	                               ⎜     -0.9999329964271264 + ──                   
	                               ⎝                           x₂                   

	   ⎞
	  6⎟
	   ⎟
	   ⎟
	   ⎠

None

--------------------------------------------------

[00:00:02:28.24] Training epoch 2/14, current best R: 0.9848

	** New best
	Reward: 0.9847875502422553
	Count Off-policy: 1
	Count On-policy: 0
	Originally on Policy: False
	Invalid: False
	Traversal: sub,x1,div,add,-9953.65572604709,sub,add,x1,inv,div,sub,inv,x2,0.9999329964271264,x1,9955.472095927966,div,19788.04762150599,x2
	Expression:
	                               ⎛                x₁                              
	  x₁ - 5.053555657068375e-5⋅x₂⋅⎜x₁ + ──────────────────────── - 19909.1278219750
	                               ⎜                           1                    
	                               ⎜     -0.9999329964271264 + ──                   
	                               ⎝                           x₂                   

	   ⎞
	  6⎟
	   ⎟
	   ⎟
	   ⎠

-- RUNNING EPOCHS END ---------------

-- EVALUATION START ----------------
Saving Hall of Fame to ./log/regression_config_regression_GPMELD.json_FeynmanICh34Eq14.in_normal_0.0_2023-05-29-052348/dso_regression_config_regression_GPMELD.json_FeynmanICh34Eq14.in_normal_0.0_0_hof.csv
Saving Pareto Front to ./log/regression_config_regression_GPMELD.json_FeynmanICh34Eq14.in_normal_0.0_2023-05-29-052348/dso_regression_config_regression_GPMELD.json_FeynmanICh34Eq14.in_normal_0.0_0_pf.csv
Invalid expressions: 255 of 17980 (1.4%).
Error type counts:
  reciprocal: 134 (52.5%)
  true_divide: 121 (47.5%)
Error node counts:
  divide: 255 (100.0%)
-- EVALUATION END ------------------
== TRAINING SEED 0 END ==============
INFO: Completed run 1 of 1 in 150 s

== POST-PROCESS START =================
-- LOADING LOGS START ----------------
json configure file: ./log/regression_config_regression_GPMELD.json_FeynmanICh34Eq14.in_normal_0.0_2023-05-29-052348
Successfully loaded summary data
Successfully loaded Hall of Fame data
Successfully loaded Pareto Front data
-- LOADING LOGS END ------------------

-- ANALYZING LOG START --------------
Task_____________regression
Source path______./log/regression_config_regression_GPMELD.json_FeynmanICh34Eq14.in_normal_0.0_2023-05-29-052348
Runs_____________1
Max Samples/run__15000
Success_rate_____0.0
Hall of Fame (Top 5 of 100)____
    0: S=000 R=0.984788 <-- [x1 - 5.053555657068375e-5*x2*(x1 + x1/(-0.9999329964271264 + 1/x2) - 19909.12782197506)]
    1: S=000 R=0.984788 <-- [x1 - 5.053555657068375e-5*x2*(x1 + x1/(-0.9999329964271264 + 1/x2) - 19909.12782197506)]
    2: S=000 R=0.984787 <-- [-2.383877634391506e-5*x2*(x1 + x1/(-0.9998571467293161 + 1/x2) - 42205.337802402115) + 1/x1]
    3: S=000 R=0.984787 <-- [-2.383877634391506e-5*x2*(x1 + x1/(-0.9998571467293161 + 1/x2) - 42205.337802402115) + 1/x1]
    4: S=000 R=0.984787 <-- [-4.024074391347943e-5*x2*(x1 + x1/(-0.9999153637684338 + 1/x2) - 25002.679949075344) + 1.0/x2]
  Saving Hall of Fame plot to ./log/regression_config_regression_GPMELD.json_FeynmanICh34Eq14.in_normal_0.0_2023-05-29-052348/dso_regression_config_regression_GPMELD.json_FeynmanICh34Eq14.in_normal_0.0_plot_hof.png
Pareto Front (5 of 11)____
    0: S=000 R=0.984788 C=24.00 <-- [x1 - 5.053555657068375e-5*x2*(x1 + x1/(-0.9999329964271264 + 1/x2) - 19909.12782197506)]
    1: S=000 R=0.984486 C=20.00 <-- [-5.3935553698470489e-5*x2*(-6.44562626730405e-5*x1 - 18666.57638798808) + 1.0]
    2: S=000 R=0.900869 C=19.00 <-- [74.068668036085378*x1 - 73.0642691240034*x1*(x1 + 1.0)/x2 + 1.0043989120819774*x2]
    3: S=000 R=0.900851 C=17.00 <-- [x2*(74.00288541156053*x1/(0.4665765858184595*x1 + x2 + 1.0) + 1.0043608514572364)]
    4: S=000 R=0.900841 C=15.00 <-- [-1.004327551769353*x1*(x1 - 73.6603607863413*x2)/x2 + 1.004327551769353*x2]
  Saving Pareto Front plot to ./log/regression_config_regression_GPMELD.json_FeynmanICh34Eq14.in_normal_0.0_2023-05-29-052348/dso_regression_config_regression_GPMELD.json_FeynmanICh34Eq14.in_normal_0.0_plot_pf.png
-- ANALYZING LOG END ----------------
== POST-PROCESS END ===================
