debug /depot/yexiang/apps/jiang631/data/scibench/data/unencrypted/equations_feynman/FeynmanIICh34Eq29b.in
!!!!!!!!!!!!!!!!!!!!!!!!!!!!!i /depot/yexiang/apps/jiang631/data/scibench/data/unencrypted/equations_feynman/FeynmanIICh34Eq29b.in
['mul', 27992786230.9085, 'mul', 3.141592653589793, 'mul', 'X_0', 'mul', 'X_1', 'X_2']
--------------------
eq_name 	 feynman-ii.34.29b
num_vars 	 3
vars_range_and_types 	 [{"name": "Uniform", "range": [-1.0, 1.0], "only_positive": true}, {"name": "LogUniform", "range": [0.001, 0.1], "only_positive": false}, {"name": "LogUniform", "range": [1e-26, 1e-22], "only_positive": false}]
function_set 	 ['add', 'sub', 'mul', 'div', 'sin', 'cos', 'exp', 'log', 'const']
eq_expression 	 mul,27992786230.9085,mul,3.141592653589793,mul,X_0,mul,X_1,X_2
expr 	 27992786230.9085*pi*X_0*X_1*X_2
--------------------

== EXPERIMENT SETUP START ===========
Task type            : regression
Starting seed        : 0
Runs                 : 1
== EXPERIMENT SETUP END =============

== TRAINING SEED 0 START ============
self.dataX <dso.symbolic_data_generator.DataX object at 0x2b9d0aa3f0b8>, self.data_query_oracle: <dso.symbolic_equation_evaluator_public.Equation_evaluator object at 0x2b9d29ae1d68>
generate dataset!
-- BUILDING PRIOR START -------------
WARNING: Skipping invalid 'RelationalConstraint' with arguments {'targets': [], 'effectors': [], 'relationship': None}. Reason: Prior disabled.
WARNING: Skipping invalid 'TrigConstraint' with arguments {}. Reason: There are no target Tokens.
WARNING: Skipping invalid 'UniformArityPrior' with arguments {}. Reason: Prior disabled.
WARNING: Skipping invalid 'LanguageModelPrior' with arguments {'weight': None}. Reason: Prior disabled.
LengthConstraint: Sequences have minimum length 4.
                  Sequences have maximum length 256.
RepeatConstraint: [const] cannot occur more than 10 times.
RelationalConstraint: [inv] cannot be a child of [inv].
ConstConstraint: [const] cannot be the only unique child of [inv, add, sub, mul, div].
NoInputsConstraint: Sequences contain at least one input variable Token.
SoftLengthPrior: No description available.
-- BUILDING PRIOR END ---------------

-- RUNNING EPOCHS START -------------
[00:00:00:01.78] Training epoch 1/14, current best R: 0.5000

	** New best
	Reward: 0.5000007801228334
	Count Off-policy: False
	Count On-policy: True
	Originally on Policy: True
	Invalid: False
	Traversal: sub,x3,add,sub,x3,x3,div,x3,sub,sub,inv,add,1.0,add,inv,x2,x1,x2,x3
	Expression:
	                  x₃           
	  x₃ - ────────────────────────
	                        1      
	       -x₂ - x₃ + ─────────────
	                             1 
	                  x₁ + 1.0 + ──
	                             x₂

[00:00:00:05.61] Training epoch 5/14, current best R: 0.5000

	** New best
	Reward: 0.500004345150506
	Count Off-policy: False
	Count On-policy: True
	Originally on Policy: True
	Invalid: False
	Traversal: add,div,mul,div,sub,x2,x1,div,sub,inv,sub,1.0025845018727595,x3,0.9980679917313322,1.0045089721638418,x3,x2,x3
	Expression:
	                          x₃⋅(-x₁ + x₂)                   
	  x₃ + ───────────────────────────────────────────────────
	          ⎛                         0.99551126740647334  ⎞
	       x₂⋅⎜-0.99358793140629208 + ───────────────────────⎟
	          ⎝                       1.0025845018727595 - x₃⎠

[00:00:00:06.47] Training epoch 6/14, current best R: 0.5000

	** New best
	Reward: 0.500009480203844
	Count Off-policy: False
	Count On-policy: True
	Originally on Policy: True
	Invalid: False
	Traversal: sub,x2,sub,1.0,sub,x1,div,sub,x2,sub,mul,mul,inv,mul,x1,1.0,x1,1.0,x1,1.0
	Expression:
	  0

[00:00:00:08.27] Training epoch 8/14, current best R: 0.5001

	** New best
	Reward: 0.5001026772491212
	Count Off-policy: False
	Count On-policy: True
	Originally on Policy: True
	Invalid: False
	Traversal: inv,div,div,inv,x1,div,x3,add,add,x3,sub,mul,x1,mul,sub,inv,x2,x2,x3,1.0000362286186537,1.0000362562754272,x2
	Expression:
	                    x₁⋅x₂⋅x₃                  
	  ────────────────────────────────────────────
	        ⎛      1 ⎞                            
	  x₁⋅x₃⋅⎜-x₂ + ──⎟ + x₃ + 2.765677349983453e-8
	        ⎝      x₂⎠                            

[00:00:00:10.28] Training epoch 10/14, current best R: 0.5001
[00:00:00:13.86] Ending training after epoch 14/14, current best R: 0.5001
-- RUNNING EPOCHS END ---------------

-- EVALUATION START ----------------
Saving Hall of Fame to ./log/regression_config_regression_DSR.json_FeynmanIICh34Eq29b.in_normal_0.0_2023-05-29-052403/dso_regression_config_regression_DSR.json_FeynmanIICh34Eq29b.in_normal_0.0_0_hof.csv
Saving Pareto Front to ./log/regression_config_regression_DSR.json_FeynmanIICh34Eq29b.in_normal_0.0_2023-05-29-052403/dso_regression_config_regression_DSR.json_FeynmanIICh34Eq29b.in_normal_0.0_0_pf.csv
Invalid expressions: 484 of 14336 (3.4%).
Error type counts:
  reciprocal: 289 (59.7%)
  true_divide: 195 (40.3%)
Error node counts:
  divide: 480 (99.2%)
  invalid: 4 (0.8%)
-- EVALUATION END ------------------
== TRAINING SEED 0 END ==============
INFO: Completed run 1 of 1 in 15 s

== POST-PROCESS START =================
-- LOADING LOGS START ----------------
json configure file: ./log/regression_config_regression_DSR.json_FeynmanIICh34Eq29b.in_normal_0.0_2023-05-29-052403
Successfully loaded summary data
Successfully loaded Hall of Fame data
Successfully loaded Pareto Front data
-- LOADING LOGS END ------------------

-- ANALYZING LOG START --------------
Task_____________regression
Source path______./log/regression_config_regression_DSR.json_FeynmanIICh34Eq29b.in_normal_0.0_2023-05-29-052403
Runs_____________1
Max Samples/run__15000
Success_rate_____0.0
Hall of Fame (Top 5 of 100)____
    0: S=000 R=0.500103 <-- [x1*x2*x3/(x1*x3*(-x2 + 1/x2) + x3 + 2.765677349983453e-8)]
    1: S=000 R=0.500100 <-- [x2*x3*(11207093.62944889*x1 + 11207093.62944889)/(x1 - x2)]
    2: S=000 R=0.500052 <-- [x3*(-x1 + 12091523.022175012*x2 + x3 + 1.0)/x1]
    3: S=000 R=0.500009 <-- [0]
    4: S=000 R=0.500007 <-- [0]
  Saving Hall of Fame plot to ./log/regression_config_regression_DSR.json_FeynmanIICh34Eq29b.in_normal_0.0_2023-05-29-052403/dso_regression_config_regression_DSR.json_FeynmanIICh34Eq29b.in_normal_0.0_plot_hof.png
Pareto Front (5 of 8)____
    0: S=000 R=0.500103 C=28.00 <-- [x1*x2*x3/(x1*x3*(-x2 + 1/x2) + x3 + 2.765677349983453e-8)]
    1: S=000 R=0.500100 C=21.00 <-- [x2*x3*(11207093.62944889*x1 + 11207093.62944889)/(x1 - x2)]
    2: S=000 R=0.500007 C=14.00 <-- [0]
    3: S=000 R=0.500000 C=12.00 <-- [0]
    4: S=000 R=0.500000 C=9.00 <-- [x1*x3/x2**2]
  Saving Pareto Front plot to ./log/regression_config_regression_DSR.json_FeynmanIICh34Eq29b.in_normal_0.0_2023-05-29-052403/dso_regression_config_regression_DSR.json_FeynmanIICh34Eq29b.in_normal_0.0_plot_pf.png
-- ANALYZING LOG END ----------------
== POST-PROCESS END ===================
