debug /depot/yexiang/apps/jiang631/data/scibench/data/unencrypted/equations_feynman/FeynmanBonus10.in
!!!!!!!!!!!!!!!!!!!!!!!!!!!!!i /depot/yexiang/apps/jiang631/data/scibench/data/unencrypted/equations_feynman/FeynmanBonus10.in
['mul', 'pow', 'add', 1, 'mul', -3.33564095198152e-09, 'mul', 'X_1', 'cos', 'X_0', -1, 'add', 'mul', -3.33564095198152e-09, 'X_1', 'cos', 'X_0']
--------------------
eq_name 	 feynman-bonus.10
num_vars 	 2
vars_range_and_types 	 [{"name": "Uniform", "range": [0, 6.283185307179586], "only_positive": true}, {"name": "LogUniform", "range": [100000.0, 10000000.0], "only_positive": true}]
function_set 	 ['add', 'sub', 'mul', 'div', 'sin', 'cos', 'exp', 'log', 'const']
eq_expression 	 mul,pow,add,1,mul,-3.33564095198152e-09,mul,X_1,cos,X_0,-1,add,mul,-3.33564095198152e-09,X_1,cos,X_0
expr 	 (-3.33564095198152e-9*X_1 + cos(X_0))/(-3.33564095198152e-9*X_1*cos(X_0) + 1)
--------------------

== EXPERIMENT SETUP START ===========
Task type            : regression
Starting seed        : 0
Runs                 : 1
== EXPERIMENT SETUP END =============

== TRAINING SEED 0 START ============
self.dataX <dso.symbolic_data_generator.DataX object at 0x2af93b6bca90>, self.data_query_oracle: <dso.symbolic_equation_evaluator_public.Equation_evaluator object at 0x2af925f55cf8>
generate dataset!
-- BUILDING PRIOR START -------------
WARNING: Skipping invalid 'RelationalConstraint' with arguments {'targets': [], 'effectors': [], 'relationship': None}. Reason: Prior disabled.
WARNING: Skipping invalid 'TrigConstraint' with arguments {}. Reason: There are no target Tokens.
WARNING: Skipping invalid 'UniformArityPrior' with arguments {}. Reason: Prior disabled.
WARNING: Skipping invalid 'LanguageModelPrior' with arguments {'weight': None}. Reason: Prior disabled.
LengthConstraint: Sequences have minimum length 4.
                  Sequences have maximum length 256.
RepeatConstraint: [const] cannot occur more than 10 times.
RelationalConstraint: [inv] cannot be a child of [inv].
ConstConstraint: [const] cannot be the only unique child of [inv, add, sub, mul, div].
NoInputsConstraint: Sequences contain at least one input variable Token.
SoftLengthPrior: No description available.
-- BUILDING PRIOR END ---------------

-- RUNNING EPOCHS START -------------
[00:00:00:03.98] Training epoch 1/14, current best R: 0.7819

	** New best
	Reward: 0.7819319474261968
	Count Off-policy: False
	Count On-policy: True
	Originally on Policy: True
	Invalid: False
	Traversal: sub,x1,div,sub,mul,0.9991987512327003,add,sub,0.033279766334569,inv,add,add,mul,0.00030811576060245713,div,0.051495232809688186,x1,29.872919509596304,x1,x1,x1,0.00012063524903395727
	Expression:
	                                                              8282.8092057192895
	  7.6419124900563615⋅x₁ - 275.64995496015501 + ─────────────────────────────────
	                                                                         1.58664
	                                               x₁ + 29.872919509596304 + ───────
                                                                              

              
	  ──────────────
	  92824557681e-5
	  ──────────────
	     x₁         

[00:00:00:10.47] Training epoch 3/14, current best R: 0.7860

	** New best
	Reward: 0.7860000073389749
	Count Off-policy: False
	Count On-policy: True
	Originally on Policy: True
	Invalid: False
	Traversal: add,1.520447188488104,add,x1,div,mul,div,add,x1,-10.58488442680643,2.076109248966041,x1,2.07610988917486
	Expression:
	  0.481670072096928⋅x₁⋅(0.4816702206292984⋅x₁ - 5.098423617195478) + x₁ + 1.5204
	  47188488104

[00:00:00:16.07] Training epoch 5/14, current best R: 0.7910

	** New best
	Reward: 0.7909980119711174
	Count Off-policy: False
	Count On-policy: True
	Originally on Policy: True
	Invalid: False
	Traversal: add,inv,div,add,0.813693560479244,add,inv,div,sub,inv,add,x1,0.3395204759447882,0.84388914558626,add,-0.5048356414617248,x1,x1,x1,x1
	Expression:
	                                        x₁                                 
	  x₁ + ────────────────────────────────────────────────────────────────────
	                                          x₁ - 0.5048356414617248          
	       x₁ + 0.813693560479244 + ───────────────────────────────────────────
	                                                               1           
	                                -0.84388914558626 + ───────────────────────
	                                                    x₁ + 0.3395204759447882

[00:00:00:23.65] Training epoch 7/14, current best R: 0.8009

	** New best
	Reward: 0.8009340328956346
	Count Off-policy: False
	Count On-policy: True
	Originally on Policy: True
	Invalid: False
	Traversal: mul,add,x1,-1.4086017066687404,div,add,1.1602490617188186,mul,x1,-0.23327395723629143,div,div,add,0.05352343136991604,x1,-1.0907293461333136,x1
	Expression:
	  x₁⋅(1.1602490617188186 - 0.23327395723629143⋅x₁)⋅(x₁ - 1.4086017066687404)
	  ──────────────────────────────────────────────────────────────────────────
	                -0.91681772709705358⋅x₁ - 0.049071230695001561              

[00:00:00:29.59] Training epoch 8/14, current best R: 0.8301

	** New best
	Reward: 0.8301221988562575
	Count Off-policy: False
	Count On-policy: True
	Originally on Policy: True
	Invalid: False
	Traversal: add,sub,x1,inv,sub,mul,mul,x1,inv,sub,div,add,x1,x1,x2,24.244441437747994,x1,0.15098303874718286,-5.715978388287106
	Expression:
	                                                  1                       
	  x₁ - 5.715978388287106 - ───────────────────────────────────────────────
	                                        2                                 
	                                      x₁                                  
	                           ───────────────────────── - 0.15098303874718286
	                           2⋅x₁                                           
	                           ──── - 24.244441437747994                      
	                            x₂                                            

[00:00:00:37.66] Training epoch 10/14, current best R: 0.9260

	** New best
	Reward: 0.9260059122572856
	Count Off-policy: False
	Count On-policy: True
	Originally on Policy: True
	Invalid: False
	Traversal: sub,2.488899375175502,inv,add,-24.28852581094734,add,x1,div,-11.737443628182593,inv,div,inv,sub,sub,mul,x1,0.11889261154572103,-1.0964395718286504,-1.0964395776588394,-0.21338751507354417
	Expression:
	                                                         1                      
	  2.488899375175502 - ──────────────────────────────────────────────────────────
	                                                             11.737443628182593 
	                      x₁ - 24.28852581094734 - ─────────────────────────────────
	                                               -0.025370198938345578⋅x₁ - 0.4679

             
	  ─────────────
             
	  ─────────────
	  3303256572245

[00:00:00:37.67] Training epoch 10/14, current best R: 0.9260
[00:00:01:06.82] Ending training after epoch 14/14, current best R: 0.9260
-- RUNNING EPOCHS END ---------------

-- EVALUATION START ----------------
Saving Hall of Fame to ./log/regression_config_regression_VPG.json_FeynmanBonus10.in_normal_0.0_2023-05-29-051011/dso_regression_config_regression_VPG.json_FeynmanBonus10.in_normal_0.0_0_hof.csv
Saving Pareto Front to ./log/regression_config_regression_VPG.json_FeynmanBonus10.in_normal_0.0_2023-05-29-051011/dso_regression_config_regression_VPG.json_FeynmanBonus10.in_normal_0.0_0_pf.csv
Invalid expressions: 419 of 14336 (2.9%).
Error type counts:
  true_divide: 175 (41.8%)
  reciprocal: 244 (58.2%)
Error node counts:
  divide: 418 (99.8%)
  invalid: 1 (0.2%)
-- EVALUATION END ------------------
== TRAINING SEED 0 END ==============
INFO: Completed run 1 of 1 in 68 s

== POST-PROCESS START =================
-- LOADING LOGS START ----------------
json configure file: ./log/regression_config_regression_VPG.json_FeynmanBonus10.in_normal_0.0_2023-05-29-051011
Successfully loaded summary data
Successfully loaded Hall of Fame data
Successfully loaded Pareto Front data
-- LOADING LOGS END ------------------

-- ANALYZING LOG START --------------
Task_____________regression
Source path______./log/regression_config_regression_VPG.json_FeynmanBonus10.in_normal_0.0_2023-05-29-051011
Runs_____________1
Max Samples/run__15000
Success_rate_____0.0
Hall of Fame (Top 5 of 100)____
    0: S=000 R=0.926006 <-- [2.488899375175502 - 1/(x1 - 24.28852581094734 - 11.737443628182593/(-0.025370198938345578*x1 - 0.46793303256572245))]
    1: S=000 R=0.830122 <-- [x1 - 5.715978388287106 - 1/(x1**2/(2*x1/x2 - 24.244441437747994) - 0.15098303874718286)]
    2: S=000 R=0.820023 <-- [1/(-x1/(x1 + 1/(0.040425602717237879*x1**2 - 0.11547239111224405*x1 - 0.56996274932159826)) + 1.4650463520958013)]
    3: S=000 R=0.800934 <-- [x1*(1.1602490617188186 - 0.23327395723629143*x1)*(x1 - 1.4086017066687404)/(-0.91681772709705358*x1 - 0.049071230695001561)]
    4: S=000 R=0.800934 <-- [x1*(0.25443832943613853*x1 - 1.6375358073838929 + 3.7405027604596273/(2*x1 + 0.107045844872452*(x1 + x2 - 1.0000397040510496)/x2))]
  Saving Hall of Fame plot to ./log/regression_config_regression_VPG.json_FeynmanBonus10.in_normal_0.0_2023-05-29-051011/dso_regression_config_regression_VPG.json_FeynmanBonus10.in_normal_0.0_plot_hof.png
Pareto Front (5 of 10)____
    0: S=000 R=0.926006 C=25.00 <-- [2.488899375175502 - 1/(x1 - 24.28852581094734 - 11.737443628182593/(-0.025370198938345578*x1 - 0.46793303256572245))]
    1: S=000 R=0.830122 C=22.00 <-- [x1 - 5.715978388287106 - 1/(x1**2/(2*x1/x2 - 24.244441437747994) - 0.15098303874718286)]
    2: S=000 R=0.800934 C=20.00 <-- [x1*(1.1602490617188186 - 0.23327395723629143*x1)*(x1 - 1.4086017066687404)/(-0.91681772709705358*x1 - 0.049071230695001561)]
    3: S=000 R=0.786000 C=15.00 <-- [0.481670072096928*x1*(0.4816702206292984*x1 - 5.098423617195478) + x1 + 1.520447188488104]
    4: S=000 R=0.610737 C=12.00 <-- [-0.03461116340216244*x1**2*(5.042796961527519 - x1)]
  Saving Pareto Front plot to ./log/regression_config_regression_VPG.json_FeynmanBonus10.in_normal_0.0_2023-05-29-051011/dso_regression_config_regression_VPG.json_FeynmanBonus10.in_normal_0.0_plot_pf.png
-- ANALYZING LOG END ----------------
== POST-PROCESS END ===================
