debug /depot/yexiang/apps/jiang631/data/scibench/data/unencrypted/equations_feynman/FeynmanIICh34Eq2a.in
!!!!!!!!!!!!!!!!!!!!!!!!!!!!!i /depot/yexiang/apps/jiang631/data/scibench/data/unencrypted/equations_feynman/FeynmanIICh34Eq2a.in
['mul', 0.5, 'mul', 'X_0', 'mul', 'X_1', 'mul', 'pow', 3.141592653589793, -1, 'pow', 'X_2', -1]
--------------------
eq_name 	 feynman-ii.34.2a
num_vars 	 3
vars_range_and_types 	 [{"name": "LogUniform", "range": [1e-11, 1e-09], "only_positive": false}, {"name": "LogUniform", "range": [100000.0, 10000000.0], "only_positive": false}, {"name": "LogUniform", "range": [1e-11, 1e-09], "only_positive": true}]
function_set 	 ['add', 'sub', 'mul', 'div', 'sin', 'cos', 'exp', 'log', 'const']
eq_expression 	 mul,0.5,mul,X_0,mul,X_1,mul,pow,3.141592653589793,-1,pow,X_2,-1
expr 	 X_0*X_1/(2*pi*X_2)
--------------------

== EXPERIMENT SETUP START ===========
Task type            : regression
Starting seed        : 0
Runs                 : 1
== EXPERIMENT SETUP END =============

== TRAINING SEED 0 START ============
self.dataX <dso.symbolic_data_generator.DataX object at 0x2b95b7801240>, self.data_query_oracle: <dso.symbolic_equation_evaluator_public.Equation_evaluator object at 0x2b95d68a3d68>
generate dataset!
-- BUILDING PRIOR START -------------
WARNING: Skipping invalid 'RelationalConstraint' with arguments {'targets': [], 'effectors': [], 'relationship': None}. Reason: Prior disabled.
WARNING: Skipping invalid 'TrigConstraint' with arguments {}. Reason: There are no target Tokens.
WARNING: Skipping invalid 'UniformArityPrior' with arguments {}. Reason: Prior disabled.
WARNING: Skipping invalid 'LanguageModelPrior' with arguments {'weight': None}. Reason: Prior disabled.
LengthConstraint: Sequences have minimum length 4.
                  Sequences have maximum length 256.
RepeatConstraint: [const] cannot occur more than 10 times.
RelationalConstraint: [inv] cannot be a child of [inv].
ConstConstraint: [const] cannot be the only unique child of [inv, add, sub, mul, div].
NoInputsConstraint: Sequences contain at least one input variable Token.
SoftLengthPrior: No description available.
-- BUILDING PRIOR END ---------------

-- RUNNING EPOCHS START -------------
[00:00:00:02.31] Training epoch 1/14, current best R: 1.0000

	** New best
	Reward: 0.9999999671086002
	Count Off-policy: False
	Count On-policy: True
	Originally on Policy: True
	Invalid: False
	Traversal: sub,sub,div,add,x1,x2,div,x3,mul,x1,0.15915493877237136,div,-5.6303772309779264e-08,div,1.8980871152720087,x2,x3
	Expression:
	  0.15915493877237136⋅x₁⋅(x₁ + x₂)                                
	  ──────────────────────────────── + 2.9663428963169877e-8⋅x₂ - x₃
	                 x₃                                               

[00:00:00:02.59] Early stopping criteria met; breaking early.
-- RUNNING EPOCHS END ---------------

-- EVALUATION START ----------------
Saving Hall of Fame to ./log/regression_config_regression_VPG.json_FeynmanIICh34Eq2a.in_normal_0.0_2023-05-29-051041/dso_regression_config_regression_VPG.json_FeynmanIICh34Eq2a.in_normal_0.0_0_hof.csv
Saving Pareto Front to ./log/regression_config_regression_VPG.json_FeynmanIICh34Eq2a.in_normal_0.0_2023-05-29-051041/dso_regression_config_regression_VPG.json_FeynmanIICh34Eq2a.in_normal_0.0_0_pf.csv
Invalid expressions: 22 of 1024 (2.1%).
Error type counts:
  true_divide: 9 (40.9%)
  reciprocal: 13 (59.1%)
Error node counts:
  divide: 22 (100.0%)
-- EVALUATION END ------------------
== TRAINING SEED 0 END ==============
INFO: Completed run 1 of 1 in 4 s

== POST-PROCESS START =================
-- LOADING LOGS START ----------------
json configure file: ./log/regression_config_regression_VPG.json_FeynmanIICh34Eq2a.in_normal_0.0_2023-05-29-051041
Successfully loaded summary data
Successfully loaded Hall of Fame data
Successfully loaded Pareto Front data
-- LOADING LOGS END ------------------

-- ANALYZING LOG START --------------
Task_____________regression
Source path______./log/regression_config_regression_VPG.json_FeynmanIICh34Eq2a.in_normal_0.0_2023-05-29-051041
Runs_____________1
Max Samples/run__15000
Success_rate_____1.0
Hall of Fame (Top 5 of 100)____
    0: S=000 R=1.000000 <-- [0.15915493877237136*x1*(x1 + x2)/x3 + 2.9663428963169877e-8*x2 - x3]
    1: S=000 R=0.995512 <-- [0.15908405827497318*x1/(x3*(x1 + 1/x2))]
    2: S=000 R=0.637951 <-- [0.06883197177237468*x1*x2/x3]
    3: S=000 R=0.500111 <-- [2*x2*(-0.9956779242005112*x1 - 0.02372100711347361 + 0.0007161375165220611/(x1*(x2 + 1/x3)))]
    4: S=000 R=0.500103 <-- [0.57873322361504643*x2**2*(x1 + x3 + (-x1 + x3 - 0.08237655509553134)/x2)]
  Saving Hall of Fame plot to ./log/regression_config_regression_VPG.json_FeynmanIICh34Eq2a.in_normal_0.0_2023-05-29-051041/dso_regression_config_regression_VPG.json_FeynmanIICh34Eq2a.in_normal_0.0_plot_hof.png
Pareto Front (4 of 4)____
    0: S=000 R=1.000000 C=21.00 <-- [0.15915493877237136*x1*(x1 + x2)/x3 + 2.9663428963169877e-8*x2 - x3]
    1: S=000 R=0.637951 C=10.00 <-- [0.06883197177237468*x1*x2/x3]
    2: S=000 R=0.500101 C=7.00 <-- [0.04765210522500753*x1 - 0.04765210522500753*x2 - 0.04765210522500753]
    3: S=000 R=0.500101 C=5.00 <-- [0.04765216090613716 - 0.04765216090613716*x2]
  Saving Pareto Front plot to ./log/regression_config_regression_VPG.json_FeynmanIICh34Eq2a.in_normal_0.0_2023-05-29-051041/dso_regression_config_regression_VPG.json_FeynmanIICh34Eq2a.in_normal_0.0_plot_pf.png
-- ANALYZING LOG END ----------------
== POST-PROCESS END ===================
