debug /depot/yexiang/apps/jiang631/data/scibench/data/unencrypted/equations_feynman/FeynmanIICh10Eq9.in
!!!!!!!!!!!!!!!!!!!!!!!!!!!!!i /depot/yexiang/apps/jiang631/data/scibench/data/unencrypted/equations_feynman/FeynmanIICh10Eq9.in
['mul', 112943302462.164, 'mul', 'X_0', 'pow', 'add', 1, 'X_1', -1]
--------------------
eq_name 	 feynman-ii.10.9
num_vars 	 2
vars_range_and_types 	 [{"name": "LogUniform", "range": [0.001, 0.1], "only_positive": false}, {"name": "LogUniform", "range": [1.0, 100.0], "only_positive": true}]
function_set 	 ['add', 'sub', 'mul', 'div', 'sin', 'cos', 'exp', 'log', 'const']
eq_expression 	 mul,112943302462.164,mul,X_0,pow,add,1,X_1,-1
expr 	 112943302462.164*X_0/(X_1 + 1)
--------------------

== EXPERIMENT SETUP START ===========
Task type            : regression
Starting seed        : 0
Runs                 : 1
== EXPERIMENT SETUP END =============

== TRAINING SEED 0 START ============
self.dataX <dso.symbolic_data_generator.DataX object at 0x2b5a745cf240>, self.data_query_oracle: <dso.symbolic_equation_evaluator_public.Equation_evaluator object at 0x2b5a93671da0>
generate dataset!
-- BUILDING PRIOR START -------------
WARNING: Skipping invalid 'RelationalConstraint' with arguments {'targets': [], 'effectors': [], 'relationship': None}. Reason: Prior disabled.
WARNING: Skipping invalid 'TrigConstraint' with arguments {}. Reason: There are no target Tokens.
WARNING: Skipping invalid 'UniformArityPrior' with arguments {}. Reason: Prior disabled.
WARNING: Skipping invalid 'LanguageModelPrior' with arguments {'weight': None}. Reason: Prior disabled.
LengthConstraint: Sequences have minimum length 4.
                  Sequences have maximum length 256.
RepeatConstraint: [const] cannot occur more than 10 times.
RelationalConstraint: [inv] cannot be a child of [inv].
ConstConstraint: [const] cannot be the only unique child of [inv, add, sub, mul, div].
NoInputsConstraint: Sequences contain at least one input variable Token.
SoftLengthPrior: No description available.
-- BUILDING PRIOR END ---------------

-- RUNNING EPOCHS START -------------
gen	iter	pop_size	nevals	uncached_size	best_val              	timer  
0  	0   	1024    	1024  	1024         	(-0.5000064569429693,)	1.91925
1  	1   	1024    	742   	648          	(-0.5000064569429693,)	0.745516
2  	2   	1024    	767   	651          	(-0.5010284500956965,)	1.27645 
3  	3   	1024    	761   	634          	(-0.5010371223140051,)	1.48793 
4  	4   	1024    	791   	662          	(-0.5010371223140051,)	2.28496 
5  	5   	1024    	758   	603          	(-0.5010571956216463,)	2.98933 
6  	6   	1024    	780   	635          	(-0.502094273927186,) 	3.52721 
7  	7   	1024    	793   	643          	(-0.5022240012583973,)	4.72916 
8  	8   	1024    	754   	604          	(-0.5030733439537427,)	6.64597 
9  	9   	1024    	759   	569          	(-0.5923969448804083,)	7.16749 

--------------------------------------------------
GP Time: 33.0289

Unique expressions evaluated: 7603
Total expression evaluations: 7929
--------------------------------------------------

GP -> best program this epoch:

	Reward: 0.5923969448804083
	Count Off-policy: 1
	Count On-policy: 0
	Originally on Policy: False
	Invalid: False
	Traversal: div,add,add,mul,65.40845066976432,mul,add,sub,div,sub,x1,sub,sub,add,mul,x1,1.0563690926974,-60.34198065655274,65.40890929135638,65.40890929135638,sub,mul,x1,1.0000492895364592,x1,x1,1.0,65.40845066976432,inv,x2,x1,inv,mul,x1,x1
	Expression:
	    2 ⎛                                            1    86798653.960977008⋅(191.
	  x₁ ⋅⎜-4277.265419018993⋅x₁ + 4278.265419018993 + ── + ────────────────────────
	      ⎝                                            x₂                           

	  1597992392655 - 0.0563690926974001⋅x₁)⎞
	  ──────────────────────────────────────⎟
	        x₁                              ⎠

None

--------------------------------------------------

[00:00:00:37.10] Training epoch 1/14, current best R: 0.5924

	** New best
	Reward: 0.5923969448804083
	Count Off-policy: 1
	Count On-policy: 0
	Originally on Policy: False
	Invalid: False
	Traversal: div,add,add,mul,65.40845066976432,mul,add,sub,div,sub,x1,sub,sub,add,mul,x1,1.0563690926974,-60.34198065655274,65.40890929135638,65.40890929135638,sub,mul,x1,1.0000492895364592,x1,x1,1.0,65.40845066976432,inv,x2,x1,inv,mul,x1,x1
	Expression:
	    2 ⎛                                            1    86798653.960977008⋅(191.
	  x₁ ⋅⎜-4277.265419018993⋅x₁ + 4278.265419018993 + ── + ────────────────────────
	      ⎝                                            x₂                           

	  1597992392655 - 0.0563690926974001⋅x₁)⎞
	  ──────────────────────────────────────⎟
	        x₁                              ⎠

10 	0   	1024    	1024  	1021         	(-0.5009229237083159,)	0.807559
11 	1   	1024    	767   	631          	(-0.5009229237083159,)	0.60401 
12 	2   	1024    	767   	618          	(-0.5010376837942832,)	1.32904 
13 	3   	1024    	785   	647          	(-0.5012112852278957,)	1.92661 
14 	4   	1024    	755   	619          	(-0.5027127018044417,)	3.56591 
15 	5   	1024    	759   	558          	(-0.5027127018044417,)	4.35271 
16 	6   	1024    	743   	548          	(-0.5124859283765382,)	7.81481 
17 	7   	1024    	778   	562          	(-0.5124859283765382,)	11.4363 
18 	8   	1024    	772   	522          	(-0.5213325939059182,)	16.4236 
19 	9   	1024    	770   	527          	(-0.5377851603891958,)	17.0983 

--------------------------------------------------
GP Time: 65.6323

Unique expressions evaluated: 14771
Total expression evaluations: 15849
--------------------------------------------------

GP -> best program this epoch:

	Reward: 0.5377851603891958
	Count Off-policy: 1
	Count On-policy: 0
	Originally on Policy: False
	Invalid: False
	Traversal: sub,x1,div,add,1455.7998710661052,mul,sub,inv,sub,x1,inv,add,22.334658772602666,mul,sub,-124.64903328715631,x2,x1,add,x1,x1,66.03153006041885,sub,x1,div,x1,1.0001434546072077
	Expression:
	                          ⎛                                                     
	       6971.8461754187624⋅⎜-132.0630601208377⋅x₁ + 1455.7998710661052 + ────────
	                          ⎜                                                     
	                          ⎜                                             x₁ - ───
	                          ⎝                                                  x₁⋅
	  x₁ - ─────────────────────────────────────────────────────────────────────────
	                                                                   x₁           

	             66.03153006041885                   ⎞
	  ───────────────────────────────────────────────⎟
	                       1                         ⎟
	  ───────────────────────────────────────────────⎟
	  (-x₂ - 124.64903328715631) + 22.334658772602666⎠
	  ────────────────────────────────────────────────
                                                

None

--------------------------------------------------

-- RUNNING EPOCHS END ---------------

-- EVALUATION START ----------------
Saving Hall of Fame to ./log/regression_config_regression_GPMELD.json_FeynmanIICh10Eq9.in_normal_0.0_2023-05-29-051154/dso_regression_config_regression_GPMELD.json_FeynmanIICh10Eq9.in_normal_0.0_0_hof.csv
Saving Pareto Front to ./log/regression_config_regression_GPMELD.json_FeynmanIICh10Eq9.in_normal_0.0_2023-05-29-051154/dso_regression_config_regression_GPMELD.json_FeynmanIICh10Eq9.in_normal_0.0_0_pf.csv
Invalid expressions: 498 of 17897 (2.8%).
Error type counts:
  true_divide: 275 (55.2%)
  reciprocal: 223 (44.8%)
Error node counts:
  divide: 495 (99.4%)
  invalid: 3 (0.6%)
-- EVALUATION END ------------------
== TRAINING SEED 0 END ==============
INFO: Completed run 1 of 1 in 110 s

== POST-PROCESS START =================
-- LOADING LOGS START ----------------
json configure file: ./log/regression_config_regression_GPMELD.json_FeynmanIICh10Eq9.in_normal_0.0_2023-05-29-051154
Successfully loaded summary data
Successfully loaded Hall of Fame data
Successfully loaded Pareto Front data
-- LOADING LOGS END ------------------

-- ANALYZING LOG START --------------
Task_____________regression
Source path______./log/regression_config_regression_GPMELD.json_FeynmanIICh10Eq9.in_normal_0.0_2023-05-29-051154
Runs_____________1
Max Samples/run__15000
Success_rate_____0.0
Hall of Fame (Top 5 of 100)____
    0: S=000 R=0.592397 <-- [x1**2*(-4277.265419018993*x1 + 4278.265419018993 + 1/x2 + 86798653.960977008*(191.1597992392655 - 0.0563690926974001*x1)/x1)]
    1: S=000 R=0.592397 <-- [x1**2*(-4277.265419018993*x1 + 4278.265419018993 + 1/x2 + 86798653.960977008*(191.1597992392655 - 0.0563690926974001*x1)/x1)]
    2: S=000 R=0.537785 <-- [x1 - 6971.8461754187624*(-132.0630601208377*x1 + 1455.7998710661052 + 66.03153006041885/(x1 - 1/(x1*(-x2 - 124.64903328715631) + 22.334658772602666)))/x1]
    3: S=000 R=0.537785 <-- [x1 - 6971.8461754187624*(-132.0630601208377*x1 + 1455.7998710661052 + 66.03153006041885/(x1 - 1/(x1*(-x2 - 124.64903328715631) + 22.334658772602666)))/x1]
    4: S=000 R=0.521333 <-- [x1 - 30768.370360350535*(-78.53832877069961*x1 + 643.1468384906384 + 78.53832877069961/(x1 - 1/(x1*(16.419236465662845 - x2) + 8.248309764351923)))/x1]
  Saving Hall of Fame plot to ./log/regression_config_regression_GPMELD.json_FeynmanIICh10Eq9.in_normal_0.0_2023-05-29-051154/dso_regression_config_regression_GPMELD.json_FeynmanIICh10Eq9.in_normal_0.0_plot_hof.png
Pareto Front (5 of 15)____
    0: S=000 R=0.592397 C=39.00 <-- [x1**2*(-4277.265419018993*x1 + 4278.265419018993 + 1/x2 + 86798653.960977008*(191.1597992392655 - 0.0563690926974001*x1)/x1)]
    1: S=000 R=0.537785 C=31.00 <-- [x1 - 6971.8461754187624*(-132.0630601208377*x1 + 1455.7998710661052 + 66.03153006041885/(x1 - 1/(x1*(-x2 - 124.64903328715631) + 22.334658772602666)))/x1]
    2: S=000 R=0.521333 C=29.00 <-- [x1 - 30768.370360350535*(-78.53832877069961*x1 + 643.1468384906384 + 78.53832877069961/(x1 - 1/(x1*(16.419236465662845 - x2) + 8.248309764351923)))/x1]
    3: S=000 R=0.502713 C=28.00 <-- [x1 + 98497.682185922488/(x1*(x1 + 0.09966382600973957)*(x2 - 0.009742224006157756))]
    4: S=000 R=0.502572 C=26.00 <-- [1.0 + 278374.89136357431/(x1*(x1 + 0.10008894928043569)*(2.1668628631625064*x2 + 1.0192169591019604))]
  Saving Pareto Front plot to ./log/regression_config_regression_GPMELD.json_FeynmanIICh10Eq9.in_normal_0.0_2023-05-29-051154/dso_regression_config_regression_GPMELD.json_FeynmanIICh10Eq9.in_normal_0.0_plot_pf.png
-- ANALYZING LOG END ----------------
== POST-PROCESS END ===================
