debug /depot/yexiang/apps/jiang631/data/scibench/data/unencrypted/equations_feynman/FeynmanBonus9.in
!!!!!!!!!!!!!!!!!!!!!!!!!!!!!i /depot/yexiang/apps/jiang631/data/scibench/data/unencrypted/equations_feynman/FeynmanBonus9.in
['mul', -5.24444281156413e-83, 'mul', 'pow', 'X_0', 2, 'mul', 'pow', 'X_1', 2, 'mul', 'pow', 'X_2', -5, 'add', 'X_0', 'X_1']
--------------------
eq_name 	 feynman-bonus.9
num_vars 	 3
vars_range_and_types 	 [{"name": "LogUniform", "range": [1e+23, 1e+25], "only_positive": true}, {"name": "LogUniform", "range": [1e+23, 1e+25], "only_positive": true}, {"name": "LogUniform", "range": [100000000.0, 10000000000.0], "only_positive": true}]
function_set 	 ['add', 'sub', 'mul', 'div', 'sin', 'cos', 'exp', 'log', 'const']
eq_expression 	 mul,-5.24444281156413e-83,mul,pow,X_0,2,mul,pow,X_1,2,mul,pow,X_2,-5,add,X_0,X_1
expr 	 -5.24444281156413e-83*X_0**2*X_1**2*(X_0 + X_1)/X_2**5
--------------------

== EXPERIMENT SETUP START ===========
Task type            : regression
Starting seed        : 0
Runs                 : 1
== EXPERIMENT SETUP END =============

== TRAINING SEED 0 START ============
self.dataX <dso.symbolic_data_generator.DataX object at 0x2b3bbe182898>, self.data_query_oracle: <dso.symbolic_equation_evaluator_public.Equation_evaluator object at 0x2b3ba499bd68>
generate dataset!
-- BUILDING PRIOR START -------------
WARNING: Skipping invalid 'RelationalConstraint' with arguments {'targets': [], 'effectors': [], 'relationship': None}. Reason: Prior disabled.
WARNING: Skipping invalid 'TrigConstraint' with arguments {}. Reason: There are no target Tokens.
WARNING: Skipping invalid 'UniformArityPrior' with arguments {}. Reason: Prior disabled.
WARNING: Skipping invalid 'LanguageModelPrior' with arguments {'weight': None}. Reason: Prior disabled.
LengthConstraint: Sequences have minimum length 4.
                  Sequences have maximum length 256.
RepeatConstraint: [const] cannot occur more than 10 times.
RelationalConstraint: [inv] cannot be a child of [inv].
ConstConstraint: [const] cannot be the only unique child of [inv, add, sub, mul, div].
NoInputsConstraint: Sequences contain at least one input variable Token.
SoftLengthPrior: No description available.
-- BUILDING PRIOR END ---------------

-- RUNNING EPOCHS START -------------
[00:00:00:02.17] Training epoch 1/14, current best R: 0.5000

	** New best
	Reward: 0.4999999999988174
	Count Off-policy: False
	Count On-policy: True
	Originally on Policy: True
	Invalid: False
	Traversal: add,sub,inv,x2,0.3319648531867392,inv,sub,add,div,x2,add,mul,sub,sub,x3,x2,1.0,x3,1.0,x2,x1
	Expression:
	                                         1                     1 
	  -0.3319648531867392 + ──────────────────────────────────── + ──
	                                               x₂              x₂
	                        -x₁ + x₂ + ─────────────────────────     
	                                   x₃⋅(-x₂ + x₃ - 1.0) + 1.0     

[00:00:00:03.37] Training epoch 2/14, current best R: 0.5004

	** New best
	Reward: 0.5004219033358607
	Count Off-policy: False
	Count On-policy: True
	Originally on Policy: True
	Invalid: False
	Traversal: div,-1.4212910975381923,div,add,x1,mul,mul,-0.8184412172739793,div,sub,div,x1,x1,x2,x1,x2,x2
	Expression:
	        -1.4212910975381923⋅x₂       
	  ───────────────────────────────────
	       0.8184412172739793⋅x₂⋅(1 - x₂)
	  x₁ - ──────────────────────────────
	                     x₁              

[00:00:00:04.36] Training epoch 3/14, current best R: 0.5035

	** New best
	Reward: 0.5034607655112857
	Count Off-policy: False
	Count On-policy: True
	Originally on Policy: True
	Invalid: False
	Traversal: div,div,add,x1,inv,x1,sub,sub,1.0,mul,x2,add,x2,sub,x3,x2,x1,0.30093689364165577
	Expression:
	                     ⎛     1 ⎞
	  3.3229558127584119⋅⎜x₁ + ──⎟
	                     ⎝     x₁⎠
	  ────────────────────────────
	       -x₁ - x₂⋅x₃ + 1.0      

[00:00:00:07.26] Training epoch 6/14, current best R: 0.5086

	** New best
	Reward: 0.508613615825296
	Count Off-policy: False
	Count On-policy: True
	Originally on Policy: True
	Invalid: False
	Traversal: div,add,x2,x3,sub,1.0,mul,x3,mul,add,x3,1.0,x3
	Expression:
	         x₂ + x₃        
	  ──────────────────────
	      2                 
	  - x₃ ⋅(x₃ + 1.0) + 1.0

[00:00:00:11.38] Training epoch 10/14, current best R: 0.5086
[00:00:00:14.51] Training epoch 13/14, current best R: 0.5176

	** New best
	Reward: 0.5176493719031999
	Count Off-policy: False
	Count On-policy: True
	Originally on Policy: True
	Invalid: False
	Traversal: div,1.887362757024258,mul,sub,1.0,x3,div,div,x3,1.887362757024258,div,x1,x3
	Expression:
	  3.562138176602208⋅x₁
	  ────────────────────
	       2              
	     x₃ ⋅(1.0 - x₃)   

[00:00:00:15.59] Ending training after epoch 14/14, current best R: 0.5176
-- RUNNING EPOCHS END ---------------

-- EVALUATION START ----------------
Saving Hall of Fame to ./log/regression_config_regression_PQT.json_FeynmanBonus9.in_normal_0.0_2023-05-29-052325/dso_regression_config_regression_PQT.json_FeynmanBonus9.in_normal_0.0_0_hof.csv
Saving Pareto Front to ./log/regression_config_regression_PQT.json_FeynmanBonus9.in_normal_0.0_2023-05-29-052325/dso_regression_config_regression_PQT.json_FeynmanBonus9.in_normal_0.0_0_pf.csv
Invalid expressions: 728 of 14336 (5.1%).
Error type counts:
  reciprocal: 435 (59.8%)
  true_divide: 293 (40.2%)
Error node counts:
  divide: 725 (99.6%)
  invalid: 3 (0.4%)

Priority queue entry 0:
	Reward: 0.5176493719031999
	Count Off-policy: False
	Count On-policy: True
	Originally on Policy: True
	Invalid: False
	Traversal: div,1.887362757024258,mul,sub,1.0,x3,div,div,x3,1.887362757024258,div,x1,x3
	Expression:
	  3.562138176602208⋅x₁
	  ────────────────────
	       2              
	     x₃ ⋅(1.0 - x₃)   


Priority queue entry 1:
	Reward: 0.508613615825296
	Count Off-policy: False
	Count On-policy: True
	Originally on Policy: True
	Invalid: False
	Traversal: div,add,x2,x3,sub,1.0,mul,x3,mul,add,x3,1.0,x3
	Expression:
	         x₂ + x₃        
	  ──────────────────────
	      2                 
	  - x₃ ⋅(x₃ + 1.0) + 1.0


Priority queue entry 2:
	Reward: 0.5034607655112857
	Count Off-policy: False
	Count On-policy: True
	Originally on Policy: True
	Invalid: False
	Traversal: div,div,add,x1,inv,x1,sub,sub,1.0,mul,x2,add,x2,sub,x3,x2,x1,0.30093689364165577
	Expression:
	                     ⎛     1 ⎞
	  3.3229558127584119⋅⎜x₁ + ──⎟
	                     ⎝     x₁⎠
	  ────────────────────────────
	       -x₁ - x₂⋅x₃ + 1.0      


Priority queue entry 3:
	Reward: 0.5004219033358607
	Count Off-policy: False
	Count On-policy: True
	Originally on Policy: True
	Invalid: False
	Traversal: div,-1.4212910975381923,div,add,x1,mul,mul,-0.8184412172739793,div,sub,div,x1,x1,x2,x1,x2,x2
	Expression:
	        -1.4212910975381923⋅x₂       
	  ───────────────────────────────────
	       0.8184412172739793⋅x₂⋅(1 - x₂)
	  x₁ - ──────────────────────────────
	                     x₁              


Priority queue entry 4:
	Reward: 0.5000561837076922
	Count Off-policy: False
	Count On-policy: True
	Originally on Policy: True
	Invalid: False
	Traversal: inv,sub,-0.5272107060083177,mul,add,add,mul,-0.8613761864791667,x1,x2,x1,div,1.8190354483259272,x2
	Expression:
	                                    1                                  
	  ─────────────────────────────────────────────────────────────────────
	                        1.8190354483259272⋅(0.1386238135208333⋅x₁ + x₂)
	  -0.5272107060083177 - ───────────────────────────────────────────────
	                                               x₂                      


Priority queue entry 5:
	Reward: 0.5000468890089235
	Count Off-policy: False
	Count On-policy: True
	Originally on Policy: True
	Invalid: False
	Traversal: inv,sub,sub,div,sub,mul,sub,div,x2,sub,inv,add,sub,1.0,x3,x3,x1,x2,-0.7777369962956232,x2,x1,1.2069160953190845,1.2069160953206937
	Expression:
	                                   1                                  
	  ────────────────────────────────────────────────────────────────────
	                                                 0.7777369962956232⋅x₂
	                        -0.2222630037043768⋅x₂ - ─────────────────────
	                                                        1.0 - x₁      
	  -2.4138321906397782 + ──────────────────────────────────────────────
	                                              x₁                      


Priority queue entry 6:
	Reward: 0.5000464708749275
	Count Off-policy: False
	Count On-policy: True
	Originally on Policy: True
	Invalid: False
	Traversal: sub,mul,div,x2,x2,-0.41047298305797575,mul,add,add,div,sub,x1,sub,inv,x1,x3,x2,1.0420785010927807,1.0420785010927807,-0.011661742457083003
	Expression:
	                                              ⎛          1 ⎞
	                         0.011661742457083003⋅⎜x₁ + x₃ - ──⎟
	                                              ⎝          x₁⎠
	  -0.38616808085836156 + ───────────────────────────────────
	                                          x₂                


Priority queue entry 7:
	Reward: 0.5000464708632789
	Count Off-policy: False
	Count On-policy: True
	Originally on Policy: True
	Invalid: False
	Traversal: sub,-0.3978515181439816,mul,mul,inv,x2,add,x1,x2,-0.011658220504223013
	Expression:
	                        0.011658220504223013⋅(x₁ + x₂)
	  -0.3978515181439816 + ──────────────────────────────
	                                      x₂              


Priority queue entry 8:
	Reward: 0.5000430504174675
	Count Off-policy: False
	Count On-policy: True
	Originally on Policy: True
	Invalid: False
	Traversal: add,div,x1,div,x1,-0.38409461732433303,mul,sub,x2,x3,div,sub,inv,mul,x3,0.9999999789465266,-0.01161959503652191,x1
	Expression:
	                         ⎛                      1.000000021053474⎞          
	                         ⎜0.01161959503652191 + ─────────────────⎟⋅(x₂ - x₃)
	                         ⎝                              x₃       ⎠          
	  -0.38409461732433303 + ───────────────────────────────────────────────────
	                                                  x₁                        


Priority queue entry 9:
	Reward: 0.500043050112903
	Count Off-policy: False
	Count On-policy: True
	Originally on Policy: True
	Invalid: False
	Traversal: add,inv,x3,add,div,inv,mul,mul,inv,x3,div,x3,x2,86.09791696787752,x1,-0.38435782781173744
	Expression:
	                         1    0.01161468285432611⋅x₂
	  -0.38435782781173744 + ── + ──────────────────────
	                         x₃             x₁          

-- EVALUATION END ------------------
== TRAINING SEED 0 END ==============
INFO: Completed run 1 of 1 in 17 s

== POST-PROCESS START =================
-- LOADING LOGS START ----------------
json configure file: ./log/regression_config_regression_PQT.json_FeynmanBonus9.in_normal_0.0_2023-05-29-052325
Successfully loaded summary data
Successfully loaded Hall of Fame data
Successfully loaded Pareto Front data
-- LOADING LOGS END ------------------

-- ANALYZING LOG START --------------
Task_____________regression
Source path______./log/regression_config_regression_PQT.json_FeynmanBonus9.in_normal_0.0_2023-05-29-052325
Runs_____________1
Max Samples/run__15000
Success_rate_____0.0
Hall of Fame (Top 5 of 100)____
    0: S=000 R=0.517649 <-- [3.562138176602208*x1/(x3**2*(1.0 - x3))]
    1: S=000 R=0.508614 <-- [(x2 + x3)/(-x3**2*(x3 + 1.0) + 1.0)]
    2: S=000 R=0.503461 <-- [3.3229558127584119*(x1 + 1/x1)/(-x1 - x2*x3 + 1.0)]
    3: S=000 R=0.501484 <-- [x1/(-x1 - 0.22474625407969742*x3**3 + 2*x3)]
    4: S=000 R=0.500422 <-- [-1.4212910975381923*x2/(x1 - 0.8184412172739793*x2*(1 - x2)/x1)]
  Saving Hall of Fame plot to ./log/regression_config_regression_PQT.json_FeynmanBonus9.in_normal_0.0_2023-05-29-052325/dso_regression_config_regression_PQT.json_FeynmanBonus9.in_normal_0.0_plot_hof.png
Pareto Front (5 of 8)____
    0: S=000 R=0.517649 C=17.00 <-- [3.562138176602208*x1/(x3**2*(1.0 - x3))]
    1: S=000 R=0.508614 C=14.00 <-- [(x2 + x3)/(-x3**2*(x3 + 1.0) + 1.0)]
    2: S=000 R=0.500046 C=11.00 <-- [-0.3978515181439816 + 0.011658220504223013*(x1 + x2)/x2]
    3: S=000 R=0.500046 C=10.00 <-- [0.01168788932136208*x1/x2 - 0.3867553860793968]
    4: S=000 R=0.500000 C=8.00 <-- [-0.3319465512602232]
  Saving Pareto Front plot to ./log/regression_config_regression_PQT.json_FeynmanBonus9.in_normal_0.0_2023-05-29-052325/dso_regression_config_regression_PQT.json_FeynmanBonus9.in_normal_0.0_plot_pf.png
-- ANALYZING LOG END ----------------
== POST-PROCESS END ===================
