debug /depot/yexiang/apps/jiang631/data/scibench/data/unencrypted/equations_feynman/FeynmanBonus3.in
!!!!!!!!!!!!!!!!!!!!!!!!!!!!!i /depot/yexiang/apps/jiang631/data/scibench/data/unencrypted/equations_feynman/FeynmanBonus3.in
['mul', 'X_0', 'mul', 'pow', 'add', 1, 'mul', 'X_1', 'cos', 'add', 'X_2', 'mul', -1, 'X_3', -1, 'add', 1, 'mul', -1, 'pow', 'X_1', 2]
--------------------
eq_name 	 feynman-bonus.3
num_vars 	 4
vars_range_and_types 	 [{"name": "LogUniform", "range": [100000000.0, 10000000000.0], "only_positive": true}, {"name": "Uniform", "range": [0.0, 1.0], "only_positive": true}, {"name": "Uniform", "range": [0, 6.283185307179586], "only_positive": true}, {"name": "Uniform", "range": [0, 6.283185307179586], "only_positive": true}]
function_set 	 ['add', 'sub', 'mul', 'div', 'sin', 'cos', 'exp', 'log', 'const']
eq_expression 	 mul,X_0,mul,pow,add,1,mul,X_1,cos,add,X_2,mul,-1,X_3,-1,add,1,mul,-1,pow,X_1,2
expr 	 X_0*(1 - X_1**2)/(X_1*cos(X_2 - X_3) + 1)
--------------------

== EXPERIMENT SETUP START ===========
Task type            : regression
Starting seed        : 0
Runs                 : 1
== EXPERIMENT SETUP END =============

== TRAINING SEED 0 START ============
self.dataX <dso.symbolic_data_generator.DataX object at 0x2b4947eb1898>, self.data_query_oracle: <dso.symbolic_equation_evaluator_public.Equation_evaluator object at 0x2b493274ad68>
generate dataset!
-- BUILDING PRIOR START -------------
WARNING: Skipping invalid 'RelationalConstraint' with arguments {'targets': [], 'effectors': [], 'relationship': None}. Reason: Prior disabled.
WARNING: Skipping invalid 'TrigConstraint' with arguments {}. Reason: There are no target Tokens.
WARNING: Skipping invalid 'UniformArityPrior' with arguments {}. Reason: Prior disabled.
WARNING: Skipping invalid 'LanguageModelPrior' with arguments {'weight': None}. Reason: Prior disabled.
LengthConstraint: Sequences have minimum length 4.
                  Sequences have maximum length 256.
RepeatConstraint: [const] cannot occur more than 10 times.
RelationalConstraint: [inv] cannot be a child of [inv].
ConstConstraint: [const] cannot be the only unique child of [inv, add, sub, mul, div].
NoInputsConstraint: Sequences contain at least one input variable Token.
SoftLengthPrior: No description available.
-- BUILDING PRIOR END ---------------

-- RUNNING EPOCHS START -------------
gen	iter	pop_size	nevals	uncached_size	best_val              	timer  
0  	0   	1024    	1024  	1024         	(-0.6709503840029094,)	1.92523
1  	1   	1024    	780   	696          	(-0.6709503840029094,)	0.605669
2  	2   	1024    	801   	671          	(-0.6709503840029094,)	0.942967
3  	3   	1024    	767   	660          	(-0.671314866546618,) 	1.3696  
4  	4   	1024    	754   	645          	(-0.671314866546618,) 	1.73872 
5  	5   	1024    	766   	641          	(-0.6713148665495412,)	2.49837 
6  	6   	1024    	789   	667          	(-0.6731680872516878,)	4.75123 
7  	7   	1024    	766   	661          	(-0.6731680872666961,)	5.9412  
8  	8   	1024    	753   	645          	(-0.6731680872666961,)	4.20256 
9  	9   	1024    	778   	689          	(-0.6749189303471382,)	7.84205 

--------------------------------------------------
GP Time: 32.0596

Unique expressions evaluated: 7917
Total expression evaluations: 7978
--------------------------------------------------

GP -> best program this epoch:

	Reward: 0.6749189303471382
	Count Off-policy: 1
	Count On-policy: 0
	Originally on Policy: False
	Invalid: False
	Traversal: sub,x1,div,div,add,add,mul,x2,sub,mul,add,1.0,x1,x2,x3,x2,mul,x1,mul,0.012306099256289052,add,sub,mul,add,inv,mul,x3,sub,x1,sub,1.0,x4,x4,x3,x2,-3.0160745989009166,sub,1.420385690768558,x2,3.0484430777599663
	Expression:
	                           ⎛   ⎛                                                
	       0.32803630394004679⋅⎜x₁⋅⎜-0.012306099256289052⋅x₂ + 0.012306099256289052⋅
	                           ⎝   ⎝                                                
	  x₁ - ─────────────────────────────────────────────────────────────────────────
	                                                                           1.420

	     ⎛             1         ⎞                       ⎞                          
	  x₃⋅⎜x₄ + ──────────────────⎟ - 0.037116113378446871⎟ + x₂⋅(x₂⋅(x₁ + 1.0) - x₃)
	     ⎝     x₃⋅(x₁ + x₄ - 1.0)⎠                       ⎠                          
	  ──────────────────────────────────────────────────────────────────────────────
	  385690768558 - x₂                                                             

	       ⎞
	   + x₂⎟
	       ⎠
	  ──────
      

None

--------------------------------------------------

[00:00:00:35.50] Training epoch 1/14, current best R: 0.6749

	** New best
	Reward: 0.6749189303471382
	Count Off-policy: 1
	Count On-policy: 0
	Originally on Policy: False
	Invalid: False
	Traversal: sub,x1,div,div,add,add,mul,x2,sub,mul,add,1.0,x1,x2,x3,x2,mul,x1,mul,0.012306099256289052,add,sub,mul,add,inv,mul,x3,sub,x1,sub,1.0,x4,x4,x3,x2,-3.0160745989009166,sub,1.420385690768558,x2,3.0484430777599663
	Expression:
	                           ⎛   ⎛                                                
	       0.32803630394004679⋅⎜x₁⋅⎜-0.012306099256289052⋅x₂ + 0.012306099256289052⋅
	                           ⎝   ⎝                                                
	  x₁ - ─────────────────────────────────────────────────────────────────────────
	                                                                           1.420

	     ⎛             1         ⎞                       ⎞                          
	  x₃⋅⎜x₄ + ──────────────────⎟ - 0.037116113378446871⎟ + x₂⋅(x₂⋅(x₁ + 1.0) - x₃)
	     ⎝     x₃⋅(x₁ + x₄ - 1.0)⎠                       ⎠                          
	  ──────────────────────────────────────────────────────────────────────────────
	  385690768558 - x₂                                                             

	       ⎞
	   + x₂⎟
	       ⎠
	  ──────
      

10 	0   	1024    	1024  	1021         	(-0.660181721598298,) 	0.67657 
11 	1   	1024    	783   	683          	(-0.660181721598298,) 	0.6986  
12 	2   	1024    	778   	651          	(-0.6604686142996858,)	1.97416 
13 	3   	1024    	748   	642          	(-0.6709503840053042,)	1.95678 
14 	4   	1024    	737   	624          	(-0.6709503840053042,)	2.24027 
15 	5   	1024    	784   	665          	(-0.6709503840057447,)	4.42389 
16 	6   	1024    	755   	632          	(-0.6721444574595941,)	5.19135 
17 	7   	1024    	789   	651          	(-0.6731405998379933,)	6.96893 
18 	8   	1024    	749   	635          	(-0.6731405998379933,)	6.35944 
19 	9   	1024    	783   	658          	(-0.6731985492249397,)	9.64763 

--------------------------------------------------
GP Time: 40.3861

Unique expressions evaluated: 15733
Total expression evaluations: 15908
--------------------------------------------------

GP -> best program this epoch:

	Reward: 0.6731985492249397
	Count Off-policy: 1
	Count On-policy: 0
	Originally on Policy: False
	Invalid: False
	Traversal: add,mul,-0.001668433307133402,add,add,mul,x1,x2,mul,1.0,inv,x3,mul,add,x1,x2,div,inv,div,mul,sub,inv,add,x3,9.380453116672282,add,sub,inv,x2,0.7476186277836766,inv,x1,div,-0.3075088950241282,x1,add,24.87722178004229,x3,x1,x1
	Expression:
	                                     0.005425642425733705⋅(x₁ + x₂)⋅(x₃ + 24.877
	  -0.001668433307133402⋅x₁⋅x₂ + x₁ + ───────────────────────────────────────────
	                                                                     1          
	                                      0.7476186277836766 + ─────────────────────
	                                                           x₃ + 9.38045311667228

	  22178004229)   0.001668433307133402
	  ──────────── - ────────────────────
	      1    1              x₃         
	  ─ - ── - ──                        
	  2   x₂   x₁                        

None

--------------------------------------------------

-- RUNNING EPOCHS END ---------------

-- EVALUATION START ----------------
Saving Hall of Fame to ./log/regression_config_regression_GPMELD.json_FeynmanBonus3.in_normal_0.0_2023-05-29-051348/dso_regression_config_regression_GPMELD.json_FeynmanBonus3.in_normal_0.0_0_hof.csv
Saving Pareto Front to ./log/regression_config_regression_GPMELD.json_FeynmanBonus3.in_normal_0.0_2023-05-29-051348/dso_regression_config_regression_GPMELD.json_FeynmanBonus3.in_normal_0.0_0_pf.csv
Invalid expressions: 169 of 17956 (0.9%).
Error type counts:
  reciprocal: 91 (53.8%)
  true_divide: 78 (46.2%)
Error node counts:
  divide: 169 (100.0%)
-- EVALUATION END ------------------
== TRAINING SEED 0 END ==============
INFO: Completed run 1 of 1 in 80 s

== POST-PROCESS START =================
-- LOADING LOGS START ----------------
json configure file: ./log/regression_config_regression_GPMELD.json_FeynmanBonus3.in_normal_0.0_2023-05-29-051348
Successfully loaded summary data
Successfully loaded Hall of Fame data
Successfully loaded Pareto Front data
-- LOADING LOGS END ------------------

-- ANALYZING LOG START --------------
Task_____________regression
Source path______./log/regression_config_regression_GPMELD.json_FeynmanBonus3.in_normal_0.0_2023-05-29-051348
Runs_____________1
Max Samples/run__15000
Success_rate_____0.0
Hall of Fame (Top 5 of 100)____
    0: S=000 R=0.674919 <-- [x1 - 0.32803630394004679*(x1*(-0.012306099256289052*x2 + 0.012306099256289052*x3*(x4 + 1/(x3*(x1 + x4 - 1.0))) - 0.037116113378446871) + x2*(x2*(x1 + 1.0) - x3) + x2)/(1.420385690768558 - x2)]
    1: S=000 R=0.674919 <-- [x1 - 0.32803630394004679*(x1*(-0.012306099256289052*x2 + 0.012306099256289052*x3*(x4 + 1/(x3*(x1 + x4 - 1.0))) - 0.037116113378446871) + x2*(x2*(x1 + 1.0) - x3) + x2)/(1.420385690768558 - x2)]
    2: S=000 R=0.673199 <-- [-0.001668433307133402*x1*x2 + x1 + 0.005425642425733705*(x1 + x2)*(x3 + 24.87722178004229)/(0.7476186277836766 + 1/(x3 + 9.380453116672282) - 1/x2 - 1/x1) - 0.001668433307133402/x3]
    3: S=000 R=0.673199 <-- [-0.001668433307133402*x1*x2 + x1 + 0.005425642425733705*(x1 + x2)*(x3 + 24.87722178004229)/(0.7476186277836766 + 1/(x3 + 9.380453116672282) - 1/x2 - 1/x1) - 0.001668433307133402/x3]
    4: S=000 R=0.673168 <-- [x1*(-0.023733702658603403*x2 + 0.023733702658603403*x3*(1/(x3*(x1 - x4)) + x4*(x3 + x4)/x1**2) + 1.1981818604613149) - 0.224458795788093*(x1 + x3 - 1/x4)/(1.2119742917552612 - x2)]
  Saving Hall of Fame plot to ./log/regression_config_regression_GPMELD.json_FeynmanBonus3.in_normal_0.0_2023-05-29-051348/dso_regression_config_regression_GPMELD.json_FeynmanBonus3.in_normal_0.0_plot_hof.png
Pareto Front (5 of 8)____
    0: S=000 R=0.674919 C=43.00 <-- [x1 - 0.32803630394004679*(x1*(-0.012306099256289052*x2 + 0.012306099256289052*x3*(x4 + 1/(x3*(x1 + x4 - 1.0))) - 0.037116113378446871) + x2*(x2*(x1 + 1.0) - x3) + x2)/(1.420385690768558 - x2)]
    1: S=000 R=0.673168 C=27.00 <-- [x3 + (x1 - x2)*(-1.2109911673404683*x2 + 1.2380415890922655 - 1.9164705791357137e-8/x2)/(1.2251070686581684 - x2)]
    2: S=000 R=0.673168 C=18.00 <-- [x1*(0.7154577911917874 + 1/(2.018052501193646 + 1/(0.7295770480164712 - x2)))]
    3: S=000 R=0.673141 C=13.00 <-- [x1 + x1/(5.410264566717894 - 6.5341548326120481/x2)]
    4: S=000 R=0.671873 C=11.00 <-- [-x1*x2*(0.937898184597378*x2 - 0.22429713187936282) + x1]
  Saving Pareto Front plot to ./log/regression_config_regression_GPMELD.json_FeynmanBonus3.in_normal_0.0_2023-05-29-051348/dso_regression_config_regression_GPMELD.json_FeynmanBonus3.in_normal_0.0_plot_pf.png
-- ANALYZING LOG END ----------------
== POST-PROCESS END ===================
