debug /depot/yexiang/apps/jiang631/data/scibench/data/unencrypted/equations_feynman/FeynmanICh29Eq4.in
!!!!!!!!!!!!!!!!!!!!!!!!!!!!!i /depot/yexiang/apps/jiang631/data/scibench/data/unencrypted/equations_feynman/FeynmanICh29Eq4.in
['mul', 3.33564095198152e-09, 'X_0']
--------------------
eq_name 	 feynman-i.29.4
num_vars 	 1
vars_range_and_types 	 [{"name": "LogUniform", "range": [1000000000.0, 100000000000.0], "only_positive": true}]
function_set 	 ['add', 'sub', 'mul', 'div', 'sin', 'cos', 'exp', 'log', 'const']
eq_expression 	 mul,3.33564095198152e-09,X_0
expr 	 3.33564095198152e-9*X_0
--------------------

== EXPERIMENT SETUP START ===========
Task type            : regression
Starting seed        : 0
Runs                 : 1
== EXPERIMENT SETUP END =============

== TRAINING SEED 0 START ============
self.dataX <dso.symbolic_data_generator.DataX object at 0x2b5733c57048>, self.data_query_oracle: <dso.symbolic_equation_evaluator_public.Equation_evaluator object at 0x2b5752cf8cf8>
generate dataset!
-- BUILDING PRIOR START -------------
WARNING: Skipping invalid 'RelationalConstraint' with arguments {'targets': [], 'effectors': [], 'relationship': None}. Reason: Prior disabled.
WARNING: Skipping invalid 'TrigConstraint' with arguments {}. Reason: There are no target Tokens.
WARNING: Skipping invalid 'UniformArityPrior' with arguments {}. Reason: Prior disabled.
WARNING: Skipping invalid 'LanguageModelPrior' with arguments {'weight': None}. Reason: Prior disabled.
LengthConstraint: Sequences have minimum length 4.
                  Sequences have maximum length 256.
RepeatConstraint: [const] cannot occur more than 10 times.
RelationalConstraint: [inv] cannot be a child of [inv].
ConstConstraint: [const] cannot be the only unique child of [inv, add, sub, mul, div].
NoInputsConstraint: Sequences contain at least one input variable Token.
SoftLengthPrior: No description available.
-- BUILDING PRIOR END ---------------

-- RUNNING EPOCHS START -------------
[00:00:00:03.29] Training epoch 1/14, current best R: 0.5001

	** New best
	Reward: 0.5000562623658228
	Count Off-policy: False
	Count On-policy: True
	Originally on Policy: True
	Invalid: False
	Traversal: div,add,add,div,sub,0.8101553084377058,add,1.1175221357048586,inv,sub,mul,mul,x1,1.0047439206803688,0.9953285256486752,x1,0.20231382808421336,0.7659617084730738,0.7659617090039472,0.0001843823561407106
	Expression:
	                      533107352.22067282
	  68.69304786271344 - ──────────────────
	                              x₁        

[00:00:00:05.58] Training epoch 2/14, current best R: 0.9910

	** New best
	Reward: 0.9910001809393131
	Count Off-policy: False
	Count On-policy: True
	Originally on Policy: True
	Invalid: False
	Traversal: add,inv,div,inv,x1,inv,x1,div,0.06447436079060864,div,inv,sub,div,1.0001430561408076,inv,mul,0.9998577618672572,x1,x1,0.06447436079060864
	Expression:
	  3.3158274224030933e-9⋅x₁ + 1

[00:00:00:12.81] Training epoch 5/14, current best R: 0.9955

	** New best
	Reward: 0.9954523489683399
	Count Off-policy: False
	Count On-policy: True
	Originally on Policy: True
	Invalid: False
	Traversal: div,sub,div,mul,x1,0.012025595995230565,inv,add,inv,div,sub,sub,div,mul,1.0,x1,x1,x1,1.0,x1,1.0000005530496638,1.0000308026453115,1.9879436013594578
	Expression:
	  3.3455435142136e-9⋅x₁ - 0.50304787417582629

[00:00:00:23.36] Training epoch 9/14, current best R: 1.0000

	** New best
	Reward: 0.9999984890617603
	Count Off-policy: False
	Count On-policy: True
	Originally on Policy: True
	Invalid: False
	Traversal: inv,div,inv,sub,add,inv,sub,div,x1,mul,1.0,div,x1,1.0,x1,div,x1,1.000000512670905,x1,-0.006506408798304442
	Expression:
	                            0.006506408798304442
	  3.335644776878908e-9⋅x₁ - ────────────────────
	                                  1.0 - x₁      

[00:00:00:26.09] Training epoch 10/14, current best R: 1.0000
[00:00:00:31.59] Training epoch 12/14, current best R: 1.0000

	** New best
	Reward: 0.9999997945984807
	Count Off-policy: False
	Count On-policy: True
	Originally on Policy: True
	Invalid: False
	Traversal: inv,div,1.9551773379149524,div,inv,mul,1.9551773379149524,div,inv,add,div,mul,div,x1,sub,1.0,add,x1,1.0,x1,1.0000005562114005,x1,0.044822703641270056,1.9551773379149524
	Expression:
	  3.3356404320071381e-9⋅x₁

[00:00:00:31.60] Early stopping criteria met; breaking early.
-- RUNNING EPOCHS END ---------------

-- EVALUATION START ----------------
Saving Hall of Fame to ./log/regression_config_regression_VPG.json_FeynmanICh29Eq4.in_normal_0.0_2023-05-29-051415/dso_regression_config_regression_VPG.json_FeynmanICh29Eq4.in_normal_0.0_0_hof.csv
Saving Pareto Front to ./log/regression_config_regression_VPG.json_FeynmanICh29Eq4.in_normal_0.0_2023-05-29-051415/dso_regression_config_regression_VPG.json_FeynmanICh29Eq4.in_normal_0.0_0_pf.csv
Invalid expressions: 660 of 12288 (5.4%).
Error type counts:
  true_divide: 193 (29.2%)
  reciprocal: 467 (70.8%)
Error node counts:
  divide: 660 (100.0%)
-- EVALUATION END ------------------
== TRAINING SEED 0 END ==============
INFO: Completed run 1 of 1 in 33 s

== POST-PROCESS START =================
-- LOADING LOGS START ----------------
json configure file: ./log/regression_config_regression_VPG.json_FeynmanICh29Eq4.in_normal_0.0_2023-05-29-051415
Successfully loaded summary data
Successfully loaded Hall of Fame data
Successfully loaded Pareto Front data
-- LOADING LOGS END ------------------

-- ANALYZING LOG START --------------
Task_____________regression
Source path______./log/regression_config_regression_VPG.json_FeynmanICh29Eq4.in_normal_0.0_2023-05-29-051415
Runs_____________1
Max Samples/run__15000
Success_rate_____1.0
Hall of Fame (Top 5 of 100)____
    0: S=000 R=1.000000 <-- [3.3356404320071381e-9*x1]
    1: S=000 R=0.999998 <-- [3.335644776878908e-9*x1 - 0.006506408798304442/(1.0 - x1)]
    2: S=000 R=0.995452 <-- [3.3455435142136e-9*x1 - 0.50304787417582629]
    3: S=000 R=0.995351 <-- [1/(x1/(0.0018870677598216528*x1 - 1056.1673633923384) - 529.9226341946122)]
    4: S=000 R=0.991000 <-- [3.3158274224030933e-9*x1 + 1]
  Saving Hall of Fame plot to ./log/regression_config_regression_VPG.json_FeynmanICh29Eq4.in_normal_0.0_2023-05-29-051415/dso_regression_config_regression_VPG.json_FeynmanICh29Eq4.in_normal_0.0_plot_hof.png
Pareto Front (5 of 8)____
    0: S=000 R=1.000000 C=32.00 <-- [3.3356404320071381e-9*x1]
    1: S=000 R=0.999998 C=27.00 <-- [3.335644776878908e-9*x1 - 0.006506408798304442/(1.0 - x1)]
    2: S=000 R=0.987035 C=26.00 <-- [1/(-4.047986925200463 + 3.3057759608282959/(0.8166215351677068 - 58456602.819090105/x1))]
    3: S=000 R=0.566390 C=13.00 <-- [1/(0.0070918337528853 + 29653931.229722/x1)]
    4: S=000 R=0.500000 C=11.00 <-- [x1/(0.013947772600040986*x1 + 1.0)]
  Saving Pareto Front plot to ./log/regression_config_regression_VPG.json_FeynmanICh29Eq4.in_normal_0.0_2023-05-29-051415/dso_regression_config_regression_VPG.json_FeynmanICh29Eq4.in_normal_0.0_plot_pf.png
-- ANALYZING LOG END ----------------
== POST-PROCESS END ===================
