debug /depot/yexiang/apps/jiang631/data/scibench/data/unencrypted/equations_feynman/FeynmanIIICh15Eq27.in
!!!!!!!!!!!!!!!!!!!!!!!!!!!!!i /depot/yexiang/apps/jiang631/data/scibench/data/unencrypted/equations_feynman/FeynmanIIICh15Eq27.in
['mul', 2, 'mul', 3.141592653589793, 'mul', 'X_0', 'mul', 'pow', 'X_1', -1, 'pow', 'X_2', -1]
--------------------
eq_name 	 feynman-iii.15.27
num_vars 	 3
vars_range_and_types 	 [{"name": "IntegerUniform", "range": [1, 100], "only_positive": false}, {"name": "IntegerUniform", "range": [1, 100], "only_positive": true}, {"name": "LogUniform", "range": [1e-10, 1e-08], "only_positive": true}]
function_set 	 ['add', 'sub', 'mul', 'div', 'sin', 'cos', 'exp', 'log', 'const']
eq_expression 	 mul,2,mul,3.141592653589793,mul,X_0,mul,pow,X_1,-1,pow,X_2,-1
expr 	 2*pi*X_0/(X_1*X_2)
--------------------

== EXPERIMENT SETUP START ===========
Task type            : regression
Starting seed        : 0
Runs                 : 1
== EXPERIMENT SETUP END =============

== TRAINING SEED 0 START ============
self.dataX <dso.symbolic_data_generator.DataX object at 0x2ac1d3051898>, self.data_query_oracle: <dso.symbolic_equation_evaluator_public.Equation_evaluator object at 0x2ac1bd8eed68>
generate dataset!
-- BUILDING PRIOR START -------------
WARNING: Skipping invalid 'RelationalConstraint' with arguments {'targets': [], 'effectors': [], 'relationship': None}. Reason: Prior disabled.
WARNING: Skipping invalid 'TrigConstraint' with arguments {}. Reason: There are no target Tokens.
WARNING: Skipping invalid 'UniformArityPrior' with arguments {}. Reason: Prior disabled.
WARNING: Skipping invalid 'LanguageModelPrior' with arguments {'weight': None}. Reason: Prior disabled.
LengthConstraint: Sequences have minimum length 4.
                  Sequences have maximum length 256.
RepeatConstraint: [const] cannot occur more than 10 times.
RelationalConstraint: [inv] cannot be a child of [inv].
ConstConstraint: [const] cannot be the only unique child of [inv, add, sub, mul, div].
NoInputsConstraint: Sequences contain at least one input variable Token.
SoftLengthPrior: No description available.
-- BUILDING PRIOR END ---------------

-- RUNNING EPOCHS START -------------
[00:00:00:03.01] Training epoch 1/14, current best R: 1.0000

	** New best
	Reward: 0.9999999956563825
	Count Off-policy: False
	Count On-policy: True
	Originally on Policy: True
	Invalid: False
	Traversal: div,x1,div,x2,sub,div,6.283185304016028,x3,sub,sub,1.0,sub,x2,x3,x1
	Expression:
	     ⎛                     6.283185304016028⎞
	  x₁⋅⎜x₁ + x₂ - x₃ - 1.0 + ─────────────────⎟
	     ⎝                             x₃       ⎠
	  ───────────────────────────────────────────
	                       x₂                    

[00:00:00:03.33] Early stopping criteria met; breaking early.
-- RUNNING EPOCHS END ---------------

-- EVALUATION START ----------------
Saving Hall of Fame to ./log/regression_config_regression_DSR.json_FeynmanIIICh15Eq27.in_normal_0.0_2023-05-29-051206/dso_regression_config_regression_DSR.json_FeynmanIIICh15Eq27.in_normal_0.0_0_hof.csv
Saving Pareto Front to ./log/regression_config_regression_DSR.json_FeynmanIIICh15Eq27.in_normal_0.0_2023-05-29-051206/dso_regression_config_regression_DSR.json_FeynmanIIICh15Eq27.in_normal_0.0_0_pf.csv
Invalid expressions: 99 of 1024 (9.7%).
Error type counts:
  true_divide: 37 (37.4%)
  reciprocal: 62 (62.6%)
Error node counts:
  divide: 98 (99.0%)
  invalid: 1 (1.0%)
-- EVALUATION END ------------------
== TRAINING SEED 0 END ==============
INFO: Completed run 1 of 1 in 5 s

== POST-PROCESS START =================
-- LOADING LOGS START ----------------
json configure file: ./log/regression_config_regression_DSR.json_FeynmanIIICh15Eq27.in_normal_0.0_2023-05-29-051206
Successfully loaded summary data
Successfully loaded Hall of Fame data
Successfully loaded Pareto Front data
-- LOADING LOGS END ------------------

-- ANALYZING LOG START --------------
Task_____________regression
Source path______./log/regression_config_regression_DSR.json_FeynmanIIICh15Eq27.in_normal_0.0_2023-05-29-051206
Runs_____________1
Max Samples/run__15000
Success_rate_____1.0
Hall of Fame (Top 5 of 100)____
    0: S=000 R=1.000000 <-- [x1*(x1 + x2 - x3 - 1.0 + 6.283185304016028/x3)/x2]
    1: S=000 R=1.000000 <-- [x1*(-1.0 + 1/(x3*(x2*(-x3 - 0.8408450658559871) + x2 + 3.0039580284257898e-9)))]
    2: S=000 R=0.999999 <-- [5.962740345953592*x1 - 5.962740345953592*(-1.0537411197064177*x1/x2 - 6.22156726423785e-6)/x3]
    3: S=000 R=0.996906 <-- [(x2 + 164417.84848963274/x2)*(-0.9944411521800207*x1 + 3.818783491228072e-5*x1/x3 + x2)]
    4: S=000 R=0.686382 <-- [0.009272251061495437*x1**2*(0.09629252858605157*x1 + 0.09629252858605157*x2 - 0.6013726245838728)/(x2*x3) + x1 + x2]
  Saving Hall of Fame plot to ./log/regression_config_regression_DSR.json_FeynmanIIICh15Eq27.in_normal_0.0_2023-05-29-051206/dso_regression_config_regression_DSR.json_FeynmanIIICh15Eq27.in_normal_0.0_plot_hof.png
Pareto Front (5 of 5)____
    0: S=000 R=1.000000 C=18.00 <-- [x1*(x1 + x2 - x3 - 1.0 + 6.283185304016028/x3)/x2]
    1: S=000 R=0.524842 C=11.00 <-- [(0.3005495854834748*x1 - 1/x2)/x3]
    2: S=000 R=0.524763 C=9.00 <-- [0.30055494242016273*x1/x3]
    3: S=000 R=0.499974 C=7.00 <-- [1.0*x1 - 2*x2]
    4: S=000 R=0.499974 C=5.00 <-- [x1*x3 + 1.0]
  Saving Pareto Front plot to ./log/regression_config_regression_DSR.json_FeynmanIIICh15Eq27.in_normal_0.0_2023-05-29-051206/dso_regression_config_regression_DSR.json_FeynmanIIICh15Eq27.in_normal_0.0_plot_pf.png
-- ANALYZING LOG END ----------------
== POST-PROCESS END ===================
