debug /depot/yexiang/apps/jiang631/data/scibench/data/unencrypted/equations_feynman/FeynmanBonus5.in
!!!!!!!!!!!!!!!!!!!!!!!!!!!!!i /depot/yexiang/apps/jiang631/data/scibench/data/unencrypted/equations_feynman/FeynmanBonus5.in
['mul', 244808.861301089, 'mul', 3.141592653589793, 'mul', 'pow', 'X_0', 1.5, 'pow', 'add', 'X_1', 'X_2', -0.5]
--------------------
eq_name 	 feynman-bonus.5
num_vars 	 3
vars_range_and_types 	 [{"name": "LogUniform", "range": [100000000.0, 10000000000.0], "only_positive": true}, {"name": "LogUniform", "range": [1e+23, 1e+25], "only_positive": true}, {"name": "LogUniform", "range": [1e+23, 1e+25], "only_positive": true}]
function_set 	 ['add', 'sub', 'mul', 'div', 'sin', 'cos', 'exp', 'log', 'const']
eq_expression 	 mul,244808.861301089,mul,3.141592653589793,mul,pow,X_0,1.5,pow,add,X_1,X_2,-0.5
expr 	 244808.861301089*pi*X_0**1.5/sqrt(X_1 + X_2)
--------------------

== EXPERIMENT SETUP START ===========
Task type            : regression
Starting seed        : 0
Runs                 : 1
== EXPERIMENT SETUP END =============

== TRAINING SEED 0 START ============
self.dataX <dso.symbolic_data_generator.DataX object at 0x2b027ad0fc50>, self.data_query_oracle: <dso.symbolic_equation_evaluator_public.Equation_evaluator object at 0x2b0265589d68>
generate dataset!
-- BUILDING PRIOR START -------------
WARNING: Skipping invalid 'RelationalConstraint' with arguments {'targets': [], 'effectors': [], 'relationship': None}. Reason: Prior disabled.
WARNING: Skipping invalid 'TrigConstraint' with arguments {}. Reason: There are no target Tokens.
WARNING: Skipping invalid 'UniformArityPrior' with arguments {}. Reason: Prior disabled.
WARNING: Skipping invalid 'LanguageModelPrior' with arguments {'weight': None}. Reason: Prior disabled.
LengthConstraint: Sequences have minimum length 4.
                  Sequences have maximum length 256.
RepeatConstraint: [const] cannot occur more than 10 times.
RelationalConstraint: [inv] cannot be a child of [inv].
ConstConstraint: [const] cannot be the only unique child of [inv, add, sub, mul, div].
NoInputsConstraint: Sequences contain at least one input variable Token.
SoftLengthPrior: No description available.
-- BUILDING PRIOR END ---------------

-- RUNNING EPOCHS START -------------
[00:00:00:02.15] Training epoch 1/14, current best R: 0.6289

	** New best
	Reward: 0.6288835640940631
	Count Off-policy: False
	Count On-policy: True
	Originally on Policy: True
	Invalid: False
	Traversal: mul,0.041812456790511265,sub,x1,add,1.0,inv,x2
	Expression:
	                                                   0.041812456790511265
	  0.041812456790511265⋅x₁ - 0.041812456790511265 - ────────────────────
	                                                            x₂         

[00:00:00:03.46] Training epoch 2/14, current best R: 0.6289

	** New best
	Reward: 0.6288835645459478
	Count Off-policy: False
	Count On-policy: True
	Originally on Policy: True
	Invalid: False
	Traversal: mul,x1,add,inv,mul,1.0118303194459153,div,sub,1.0,x1,x1,1.0301204662637007
	Expression:
	     ⎛0.98830800064145769⋅x₁                     ⎞
	  x₁⋅⎜────────────────────── + 1.0301204662637007⎟
	     ⎝       1.0 - x₁                            ⎠

[00:00:00:08.59] Training epoch 7/14, current best R: 0.6331

	** New best
	Reward: 0.6330710116350085
	Count Off-policy: False
	Count On-policy: True
	Originally on Policy: True
	Invalid: False
	Traversal: sub,x1,mul,x1,add,div,add,sub,div,mul,sub,x3,x2,0.9984426608770176,0.9989343121639399,x3,x2,x3,0.9563430837437942
	Expression:
	       ⎛                     0.0004921757926777542⋅x₂ - 0.0004921757926777542⋅x₃
	  - x₁⋅⎜0.9563430837437942 + ───────────────────────────────────────────────────
	       ⎝                                              x₃                        

	  ⎞     
	  ⎟ + x₁
	  ⎠     

[00:00:00:11.83] Training epoch 10/14, current best R: 0.6333

	** New best
	Reward: 0.6332599534048355
	Count Off-policy: False
	Count On-policy: True
	Originally on Policy: True
	Invalid: False
	Traversal: div,inv,div,add,mul,inv,sub,x1,sub,x1,x3,x2,51.42071614774323,x1,0.43388435919685464
	Expression:
	  2.3047615771424869⋅x₁ 
	  ──────────────────────
	  x₂                    
	  ── + 51.42071614774323
	  x₃                    

[00:00:00:11.84] Training epoch 10/14, current best R: 0.6333
[00:00:00:16.15] Ending training after epoch 14/14, current best R: 0.6333
-- RUNNING EPOCHS END ---------------

-- EVALUATION START ----------------
Saving Hall of Fame to ./log/regression_config_regression_VPG.json_FeynmanBonus5.in_normal_0.0_2023-05-29-051641/dso_regression_config_regression_VPG.json_FeynmanBonus5.in_normal_0.0_0_hof.csv
Saving Pareto Front to ./log/regression_config_regression_VPG.json_FeynmanBonus5.in_normal_0.0_2023-05-29-051641/dso_regression_config_regression_VPG.json_FeynmanBonus5.in_normal_0.0_0_pf.csv
Invalid expressions: 546 of 14336 (3.8%).
Error type counts:
  true_divide: 224 (41.0%)
  reciprocal: 322 (59.0%)
Error node counts:
  divide: 545 (99.8%)
  invalid: 1 (0.2%)
-- EVALUATION END ------------------
== TRAINING SEED 0 END ==============
INFO: Completed run 1 of 1 in 17 s

== POST-PROCESS START =================
-- LOADING LOGS START ----------------
json configure file: ./log/regression_config_regression_VPG.json_FeynmanBonus5.in_normal_0.0_2023-05-29-051641
Successfully loaded summary data
Successfully loaded Hall of Fame data
Successfully loaded Pareto Front data
-- LOADING LOGS END ------------------

-- ANALYZING LOG START --------------
Task_____________regression
Source path______./log/regression_config_regression_VPG.json_FeynmanBonus5.in_normal_0.0_2023-05-29-051641
Runs_____________1
Max Samples/run__15000
Success_rate_____0.0
Hall of Fame (Top 5 of 100)____
    0: S=000 R=0.633260 <-- [2.3047615771424869*x1/(x2/x3 + 51.42071614774323)]
    1: S=000 R=0.633071 <-- [0.04415193412772471*(x1*(-x1 - 0.0111529134730282*x2 + x3) + x1)/x3]
    2: S=000 R=0.633071 <-- [-x1*(0.9563430837437942 + (0.0004921757926777542*x2 - 0.0004921757926777542*x3)/x3) + x1]
    3: S=000 R=0.633046 <-- [x1/(22.435040886638767 - 1/(x3 - (x3 - 1.0)/x3) + 0.43458433535147445*x3/x2)]
    4: S=000 R=0.630910 <-- [x1*x2/(21.6856528564065*x2 + x2/(1.0 - x2) + x3) - 1.0]
  Saving Hall of Fame plot to ./log/regression_config_regression_VPG.json_FeynmanBonus5.in_normal_0.0_2023-05-29-051641/dso_regression_config_regression_VPG.json_FeynmanBonus5.in_normal_0.0_plot_hof.png
Pareto Front (5 of 5)____
    0: S=000 R=0.633260 C=19.00 <-- [2.3047615771424869*x1/(x2/x3 + 51.42071614774323)]
    1: S=000 R=0.630910 C=16.00 <-- [x1*x2/(21.68566624567517*x2 + x3)]
    2: S=000 R=0.630173 C=15.00 <-- [0.04241589331048753*x1 - 2850885.8582921708]
    3: S=000 R=0.628884 C=7.00 <-- [x1*(0.04181245698811793 - 1/x1)]
    4: S=000 R=0.628884 C=5.00 <-- [0.04181246332252604*x1]
  Saving Pareto Front plot to ./log/regression_config_regression_VPG.json_FeynmanBonus5.in_normal_0.0_2023-05-29-051641/dso_regression_config_regression_VPG.json_FeynmanBonus5.in_normal_0.0_plot_pf.png
-- ANALYZING LOG END ----------------
== POST-PROCESS END ===================
