debug /depot/yexiang/apps/jiang631/data/scibench/data/unencrypted/equations_feynman/FeynmanBonus8.in
!!!!!!!!!!!!!!!!!!!!!!!!!!!!!i /depot/yexiang/apps/jiang631/data/scibench/data/unencrypted/equations_feynman/FeynmanBonus8.in
['mul', 'X_0', 'pow', 'add', 1, 'mul', 12214328760283.5, 'mul', 'X_0', 'add', 1, 'mul', -1, 'cos', 'X_1', -1]
--------------------
eq_name 	 feynman-bonus.8
num_vars 	 2
vars_range_and_types 	 [{"name": "LogUniform", "range": [1e-24, 1e-22], "only_positive": true}, {"name": "Uniform", "range": [-3.141592653589793, 3.141592653589793], "only_positive": false}]
function_set 	 ['add', 'sub', 'mul', 'div', 'sin', 'cos', 'exp', 'log', 'const']
eq_expression 	 mul,X_0,pow,add,1,mul,12214328760283.5,mul,X_0,add,1,mul,-1,cos,X_1,-1
expr 	 X_0/(12214328760283.5*X_0*(1 - cos(X_1)) + 1)
--------------------

== EXPERIMENT SETUP START ===========
Task type            : regression
Starting seed        : 0
Runs                 : 1
== EXPERIMENT SETUP END =============

== TRAINING SEED 0 START ============
self.dataX <dso.symbolic_data_generator.DataX object at 0x2b0b06079e80>, self.data_query_oracle: <dso.symbolic_equation_evaluator_public.Equation_evaluator object at 0x2b0aec7efd68>
generate dataset!
-- BUILDING PRIOR START -------------
WARNING: Skipping invalid 'RelationalConstraint' with arguments {'targets': [], 'effectors': [], 'relationship': None}. Reason: Prior disabled.
WARNING: Skipping invalid 'TrigConstraint' with arguments {}. Reason: There are no target Tokens.
WARNING: Skipping invalid 'UniformArityPrior' with arguments {}. Reason: Prior disabled.
WARNING: Skipping invalid 'LanguageModelPrior' with arguments {'weight': None}. Reason: Prior disabled.
LengthConstraint: Sequences have minimum length 4.
                  Sequences have maximum length 256.
RepeatConstraint: [const] cannot occur more than 10 times.
RelationalConstraint: [inv] cannot be a child of [inv].
ConstConstraint: [const] cannot be the only unique child of [inv, add, sub, mul, div].
NoInputsConstraint: Sequences contain at least one input variable Token.
SoftLengthPrior: No description available.
-- BUILDING PRIOR END ---------------

-- RUNNING EPOCHS START -------------
[00:00:00:04.63] Training epoch 1/14, current best R: 1.0000

	** New best
	Reward: 0.9999999986017531
	Count Off-policy: False
	Count On-policy: True
	Originally on Policy: True
	Invalid: False
	Traversal: inv,sub,1.0,sub,sub,inv,x2,x1,inv,x1
	Expression:
	          1         
	  ──────────────────
	             1    1 
	  x₁ + 1.0 - ── + ──
	             x₂   x₁

[00:00:00:04.64] Early stopping criteria met; breaking early.
-- RUNNING EPOCHS END ---------------

-- EVALUATION START ----------------
Saving Hall of Fame to ./log/regression_config_regression_PQT.json_FeynmanBonus8.in_normal_0.0_2023-05-29-052146/dso_regression_config_regression_PQT.json_FeynmanBonus8.in_normal_0.0_0_hof.csv
Saving Pareto Front to ./log/regression_config_regression_PQT.json_FeynmanBonus8.in_normal_0.0_2023-05-29-052146/dso_regression_config_regression_PQT.json_FeynmanBonus8.in_normal_0.0_0_pf.csv
Invalid expressions: 40 of 1024 (3.9%).
Error type counts:
  true_divide: 21 (52.5%)
  reciprocal: 19 (47.5%)
Error node counts:
  divide: 39 (97.5%)
  invalid: 1 (2.5%)

Priority queue entry 0:
	Reward: 0.9999999986017531
	Count Off-policy: False
	Count On-policy: True
	Originally on Policy: True
	Invalid: False
	Traversal: inv,sub,1.0,sub,sub,inv,x2,x1,inv,x1
	Expression:
	          1         
	  ──────────────────
	             1    1 
	  x₁ + 1.0 - ── + ──
	             x₂   x₁

-- EVALUATION END ------------------
== TRAINING SEED 0 END ==============
INFO: Completed run 1 of 1 in 6 s

== POST-PROCESS START =================
-- LOADING LOGS START ----------------
json configure file: ./log/regression_config_regression_PQT.json_FeynmanBonus8.in_normal_0.0_2023-05-29-052146
Successfully loaded summary data
Successfully loaded Hall of Fame data
Successfully loaded Pareto Front data
-- LOADING LOGS END ------------------

-- ANALYZING LOG START --------------
Task_____________regression
Source path______./log/regression_config_regression_PQT.json_FeynmanBonus8.in_normal_0.0_2023-05-29-052146
Runs_____________1
Max Samples/run__15000
Success_rate_____1.0
Hall of Fame (Top 5 of 100)____
    0: S=000 R=1.000000 <-- [1/(2*x1**2 + 1.0/x1)]
    1: S=000 R=1.000000 <-- [x1**2*(-x2 + 1 + 1.0/x1)]
    2: S=000 R=1.000000 <-- [x1**2*(x1*x2*(1.0/x2 + 1.0/(x1**2*x2)) - 1.0)]
    3: S=000 R=1.000000 <-- [x1 + 1/(-x1 + x2*(1.0 - 1/(x1*x2*(1.0*x1/x2 + 1.0*x2)))/x1)]
    4: S=000 R=1.000000 <-- [x1/(x1 + 1.0)]
  Saving Hall of Fame plot to ./log/regression_config_regression_PQT.json_FeynmanBonus8.in_normal_0.0_2023-05-29-052146/dso_regression_config_regression_PQT.json_FeynmanBonus8.in_normal_0.0_plot_hof.png
Pareto Front (2 of 2)____
    0: S=000 R=1.000000 C=7.00 <-- [x1/(x1 + 1.0)]
    1: S=000 R=0.000000 C=5.00 <-- [1/(x1 + 1.0)]
  Saving Pareto Front plot to ./log/regression_config_regression_PQT.json_FeynmanBonus8.in_normal_0.0_2023-05-29-052146/dso_regression_config_regression_PQT.json_FeynmanBonus8.in_normal_0.0_plot_pf.png
-- ANALYZING LOG END ----------------
== POST-PROCESS END ===================
