debug /depot/yexiang/apps/jiang631/data/scibench/data/unencrypted/equations_feynman/FeynmanIIICh19Eq51.in
!!!!!!!!!!!!!!!!!!!!!!!!!!!!!i /depot/yexiang/apps/jiang631/data/scibench/data/unencrypted/equations_feynman/FeynmanIIICh19Eq51.in
['mul', -3.63185176721637e+87, 'mul', 'X_0', 'mul', 'pow', 'X_1', 4, 'pow', 'X_2', -2]
--------------------
eq_name 	 feynman-iii.19.51
num_vars 	 3
vars_range_and_types 	 [{"name": "LogUniform", "range": [1e-30, 1e-28], "only_positive": true}, {"name": "LogUniform", "range": [1e-11, 1e-09], "only_positive": false}, {"name": "IntegerUniform", "range": [1, 100], "only_positive": true}]
function_set 	 ['add', 'sub', 'mul', 'div', 'sin', 'cos', 'exp', 'log', 'const']
eq_expression 	 mul,-3.63185176721637e+87,mul,X_0,mul,pow,X_1,4,pow,X_2,-2
expr 	 -3.63185176721637e+87*X_0*X_1**4/X_2**2
--------------------

== EXPERIMENT SETUP START ===========
Task type            : regression
Starting seed        : 0
Runs                 : 1
== EXPERIMENT SETUP END =============

== TRAINING SEED 0 START ============
self.dataX <dso.symbolic_data_generator.DataX object at 0x2ba4b0dea048>, self.data_query_oracle: <dso.symbolic_equation_evaluator_public.Equation_evaluator object at 0x2ba4cfe8bcf8>
generate dataset!
-- BUILDING PRIOR START -------------
WARNING: Skipping invalid 'RelationalConstraint' with arguments {'targets': [], 'effectors': [], 'relationship': None}. Reason: Prior disabled.
WARNING: Skipping invalid 'TrigConstraint' with arguments {}. Reason: There are no target Tokens.
WARNING: Skipping invalid 'UniformArityPrior' with arguments {}. Reason: Prior disabled.
WARNING: Skipping invalid 'LanguageModelPrior' with arguments {'weight': None}. Reason: Prior disabled.
LengthConstraint: Sequences have minimum length 4.
                  Sequences have maximum length 256.
RepeatConstraint: [const] cannot occur more than 10 times.
RelationalConstraint: [inv] cannot be a child of [inv].
ConstConstraint: [const] cannot be the only unique child of [inv, add, sub, mul, div].
NoInputsConstraint: Sequences contain at least one input variable Token.
SoftLengthPrior: No description available.
-- BUILDING PRIOR END ---------------

-- RUNNING EPOCHS START -------------
[00:00:00:02.09] Training epoch 1/14, current best R: 0.4999

	** New best
	Reward: 0.4999236706451836
	Count Off-policy: False
	Count On-policy: True
	Originally on Policy: True
	Invalid: False
	Traversal: add,div,mul,mul,x2,add,x2,add,mul,-3.03935614246412,inv,mul,x3,x1,x3,x3,x3,x3
	Expression:
	     ⎛          3.03935614246412⎞     
	  x₂⋅⎜x₂ + x₃ - ────────────────⎟ + x₃
	     ⎝               x₁⋅x₃      ⎠     

[00:00:00:03.23] Training epoch 2/14, current best R: 0.4999

	** New best
	Reward: 0.4999236709022533
	Count Off-policy: False
	Count On-policy: True
	Originally on Policy: True
	Invalid: False
	Traversal: add,sub,x1,x2,inv,mul,div,sub,sub,inv,div,1.4926751520924566,x3,x3,x2,x2,x1
	Expression:
	                            x₂               
	  x₁ - x₂ + ─────────────────────────────────
	            x₁⋅(-x₂ - 0.33006187006048601⋅x₃)

[00:00:00:04.23] Training epoch 3/14, current best R: 0.4999

	** New best
	Reward: 0.4999236710442729
	Count Off-policy: False
	Count On-policy: True
	Originally on Policy: True
	Invalid: False
	Traversal: sub,x1,div,x2,mul,inv,add,1.0,add,div,add,mul,x2,x2,3.034369858124239,x1,x3,x3
	Expression:
	          ⎛             2                    ⎞
	          ⎜           x₂  + 3.034369858124239⎟
	       x₂⋅⎜x₃ + 1.0 + ───────────────────────⎟
	          ⎝                      x₁          ⎠
	  x₁ - ───────────────────────────────────────
	                          x₃                  

[00:00:00:05.26] Training epoch 4/14, current best R: 0.5000

	** New best
	Reward: 0.5000140237907039
	Count Off-policy: False
	Count On-policy: True
	Originally on Policy: True
	Invalid: False
	Traversal: div,7.887426266769541,mul,sub,inv,sub,sub,x1,x2,mul,x3,x2,div,x3,div,div,x2,x3,x3,x1
	Expression:
	      7.887426266769541     
	  ──────────────────────────
	     ⎛                    3⎞
	     ⎜       1          x₃ ⎟
	  x₁⋅⎜─────────────── - ───⎟
	     ⎝x₁ - x₂⋅x₃ - x₂    x₂⎠

[00:00:00:06.29] Training epoch 5/14, current best R: 0.5001

	** New best
	Reward: 0.5000519688258682
	Count Off-policy: False
	Count On-policy: True
	Originally on Policy: True
	Invalid: False
	Traversal: sub,div,div,inv,x1,x3,div,x3,mul,sub,1.0000120782822026,add,mul,add,x1,x3,x1,1.0000120797360346,1.0000224332694279,1.0
	Expression:
	         -1.0000224332694279⋅x₁⋅(x₁ + x₃) - 1.4538646134368221e-9
	  -1.0 + ────────────────────────────────────────────────────────
	                                       2                         
	                                  x₁⋅x₃                          

[00:00:00:11.60] Training epoch 10/14, current best R: 0.5001
[00:00:00:15.70] Ending training after epoch 14/14, current best R: 0.5001
-- RUNNING EPOCHS END ---------------

-- EVALUATION START ----------------
Saving Hall of Fame to ./log/regression_config_regression_PQT.json_FeynmanIIICh19Eq51.in_normal_0.0_2023-05-29-051455/dso_regression_config_regression_PQT.json_FeynmanIIICh19Eq51.in_normal_0.0_0_hof.csv
Saving Pareto Front to ./log/regression_config_regression_PQT.json_FeynmanIIICh19Eq51.in_normal_0.0_2023-05-29-051455/dso_regression_config_regression_PQT.json_FeynmanIIICh19Eq51.in_normal_0.0_0_pf.csv
Invalid expressions: 733 of 14336 (5.1%).
Error type counts:
  reciprocal: 439 (59.9%)
  true_divide: 294 (40.1%)
Error node counts:
  divide: 730 (99.6%)
  invalid: 3 (0.4%)

Priority queue entry 0:
	Reward: 0.5000519688258682
	Count Off-policy: False
	Count On-policy: True
	Originally on Policy: True
	Invalid: False
	Traversal: sub,div,div,inv,x1,x3,div,x3,mul,sub,1.0000120782822026,add,mul,add,x1,x3,x1,1.0000120797360346,1.0000224332694279,1.0
	Expression:
	         -1.0000224332694279⋅x₁⋅(x₁ + x₃) - 1.4538646134368221e-9
	  -1.0 + ────────────────────────────────────────────────────────
	                                       2                         
	                                  x₁⋅x₃                          


Priority queue entry 1:
	Reward: 0.5000370040197611
	Count Off-policy: False
	Count On-policy: True
	Originally on Policy: True
	Invalid: False
	Traversal: add,x3,mul,x3,div,x2,mul,x1,div,sub,1.0034809492273724,x3,-0.019793934398035916
	Expression:
	                            x₂⋅x₃                     
	  x₃ + ───────────────────────────────────────────────
	       x₁⋅(50.520527141851423⋅x₃ - 50.696386531772297)


Priority queue entry 2:
	Reward: 0.5000314251754594
	Count Off-policy: False
	Count On-policy: True
	Originally on Policy: True
	Invalid: False
	Traversal: mul,inv,mul,div,x3,inv,sub,inv,add,div,x3,div,mul,4.712735687255125,x3,x3,x3,x3,x1,x2
	Expression:
	                 x₂              
	  ───────────────────────────────
	        ⎛      0.824952517542347⎞
	  x₁⋅x₃⋅⎜-x₃ + ─────────────────⎟
	        ⎝              x₃       ⎠


Priority queue entry 3:
	Reward: 0.5000295876671378
	Count Off-policy: False
	Count On-policy: True
	Originally on Policy: True
	Invalid: False
	Traversal: inv,div,x1,mul,mul,div,inv,div,mul,add,2.315485576089743,div,x3,-0.4013205395927264,x1,x2,x3,x3,x1
	Expression:
	                        x₂                     
	  ─────────────────────────────────────────────
	  x₁⋅(2.315485576089743 - 2.491773785151474⋅x₃)


Priority queue entry 4:
	Reward: 0.5000265019497403
	Count Off-policy: False
	Count On-policy: True
	Originally on Policy: True
	Invalid: False
	Traversal: add,sub,mul,inv,mul,sub,x2,div,add,-0.352281776188329,add,x2,x3,div,div,3.668667473896463,x3,x3,x1,x2,1.0,x1
	Expression:
	                                           x₂                              
	  x₁ - 1.0 + ──────────────────────────────────────────────────────────────
	                ⎛                          2                              ⎞
	             x₁⋅⎝x₂ - 0.2725785335180318⋅x₃ ⋅(x₂ + x₃ - 0.352281776188329)⎠


Priority queue entry 5:
	Reward: 0.5000228223246571
	Count Off-policy: False
	Count On-policy: True
	Originally on Policy: True
	Invalid: False
	Traversal: sub,1.0,mul,2.34145088493824,div,div,sub,x1,div,x2,x3,mul,div,x3,sub,x2,2.34145088493824,x3,x1
	Expression:
	                         ⎛     x₂⎞                        
	        2.34145088493824⋅⎜x₁ - ──⎟⋅(x₂ - 2.34145088493824)
	                         ⎝     x₃⎠                        
	  1.0 - ──────────────────────────────────────────────────
	                                   2                      
	                              x₁⋅x₃                       


Priority queue entry 6:
	Reward: 0.5000140237907039
	Count Off-policy: False
	Count On-policy: True
	Originally on Policy: True
	Invalid: False
	Traversal: div,7.887426266769541,mul,sub,inv,sub,sub,x1,x2,mul,x3,x2,div,x3,div,div,x2,x3,x3,x1
	Expression:
	      7.887426266769541     
	  ──────────────────────────
	     ⎛                    3⎞
	     ⎜       1          x₃ ⎟
	  x₁⋅⎜─────────────── - ───⎟
	     ⎝x₁ - x₂⋅x₃ - x₂    x₂⎠


Priority queue entry 7:
	Reward: 0.500009599207276
	Count Off-policy: False
	Count On-policy: True
	Originally on Policy: True
	Invalid: False
	Traversal: div,div,x2,inv,sub,x3,6.043123725488009,mul,x3,mul,x3,x1
	Expression:
	  x₂⋅(x₃ - 6.043123725488009)
	  ───────────────────────────
	                  2          
	             x₁⋅x₃           


Priority queue entry 8:
	Reward: 0.49999852860544575
	Count Off-policy: False
	Count On-policy: True
	Originally on Policy: True
	Invalid: False
	Traversal: inv,mul,div,mul,sub,x3,mul,1.2035612354930334,x3,div,mul,add,x1,x3,x1,x3,x2,x3
	Expression:
	  -4.9125266781662052⋅x₂ 
	  ───────────────────────
	      x₁⋅x₃⋅(x₁ + x₃)    


Priority queue entry 9:
	Reward: 0.49999852855389215
	Count Off-policy: False
	Count On-policy: True
	Originally on Policy: True
	Invalid: False
	Traversal: div,inv,x3,mul,mul,sub,div,inv,sub,inv,mul,1.0,inv,x1,x2,4.915065122198101,x3,x3,x1
	Expression:
	                 1                
	  ────────────────────────────────
	       2 ⎛      0.203456103863947⎞
	  x₁⋅x₃ ⋅⎜-x₃ + ─────────────────⎟
	         ⎝         1.0⋅x₁ - x₂   ⎠

-- EVALUATION END ------------------
== TRAINING SEED 0 END ==============
INFO: Completed run 1 of 1 in 17 s

== POST-PROCESS START =================
-- LOADING LOGS START ----------------
json configure file: ./log/regression_config_regression_PQT.json_FeynmanIIICh19Eq51.in_normal_0.0_2023-05-29-051455
Successfully loaded summary data
Successfully loaded Hall of Fame data
Successfully loaded Pareto Front data
-- LOADING LOGS END ------------------

-- ANALYZING LOG START --------------
Task_____________regression
Source path______./log/regression_config_regression_PQT.json_FeynmanIIICh19Eq51.in_normal_0.0_2023-05-29-051455
Runs_____________1
Max Samples/run__15000
Success_rate_____0.0
Hall of Fame (Top 5 of 100)____
    0: S=000 R=0.500052 <-- [-1.0 + (-1.0000224332694279*x1*(x1 + x3) - 1.4538646134368221e-9)/(x1*x3**2)]
    1: S=000 R=0.500037 <-- [x3 + x2*x3/(x1*(50.520527141851423*x3 - 50.696386531772297))]
    2: S=000 R=0.500031 <-- [x2/(x1*x3*(-x3 + 0.824952517542347/x3))]
    3: S=000 R=0.500030 <-- [x2/(x1*(2.315485576089743 - 2.491773785151474*x3))]
    4: S=000 R=0.500027 <-- [x1 - 1.0 + x2/(x1*(x2 - 0.2725785335180318*x3**2*(x2 + x3 - 0.352281776188329)))]
  Saving Hall of Fame plot to ./log/regression_config_regression_PQT.json_FeynmanIIICh19Eq51.in_normal_0.0_2023-05-29-051455/dso_regression_config_regression_PQT.json_FeynmanIIICh19Eq51.in_normal_0.0_plot_hof.png
Pareto Front (5 of 7)____
    0: S=000 R=0.500052 C=24.00 <-- [-1.0 + (-1.0000224332694279*x1*(x1 + x3) - 1.4538646134368221e-9)/(x1*x3**2)]
    1: S=000 R=0.500037 C=15.00 <-- [x3 + x2*x3/(x1*(50.520527141851423*x3 - 50.696386531772297))]
    2: S=000 R=0.499924 C=12.00 <-- [x2/(x1*(-0.3334517200594562*x1 + x2 - 0.3334517200594562*x3))]
    3: S=000 R=0.499820 C=8.00 <-- [0.04966321451757526*x1 - 0.04966321451757526*x2/x1]
    4: S=000 R=0.499820 C=7.00 <-- [-0.050360739739447935*x2/x1]
  Saving Pareto Front plot to ./log/regression_config_regression_PQT.json_FeynmanIIICh19Eq51.in_normal_0.0_2023-05-29-051455/dso_regression_config_regression_PQT.json_FeynmanIIICh19Eq51.in_normal_0.0_plot_pf.png
-- ANALYZING LOG END ----------------
== POST-PROCESS END ===================
