debug /depot/yexiang/apps/jiang631/data/scibench/data/unencrypted/equations_feynman/FeynmanIIICh21Eq20.in
!!!!!!!!!!!!!!!!!!!!!!!!!!!!!i /depot/yexiang/apps/jiang631/data/scibench/data/unencrypted/equations_feynman/FeynmanIIICh21Eq20.in
['mul', -1, 'mul', 'X_0', 'mul', 'X_1', 'mul', 'X_2', 'pow', 'X_3', -1]
--------------------
eq_name 	 feynman-iii.21.20
num_vars 	 4
vars_range_and_types 	 [{"name": "LogUniform", "range": [1e+27, 1e+29], "only_positive": false}, {"name": "LogUniform", "range": [1e-11, 1e-09], "only_positive": true}, {"name": "LogUniform", "range": [0.001, 0.1], "only_positive": false}, {"name": "LogUniform", "range": [1e-30, 1e-28], "only_positive": true}]
function_set 	 ['add', 'sub', 'mul', 'div', 'sin', 'cos', 'exp', 'log', 'const']
eq_expression 	 mul,-1,mul,X_0,mul,X_1,mul,X_2,pow,X_3,-1
expr 	 -X_0*X_1*X_2/X_3
--------------------

== EXPERIMENT SETUP START ===========
Task type            : regression
Starting seed        : 0
Runs                 : 1
== EXPERIMENT SETUP END =============

== TRAINING SEED 0 START ============
self.dataX <dso.symbolic_data_generator.DataX object at 0x2b23e9626160>, self.data_query_oracle: <dso.symbolic_equation_evaluator_public.Equation_evaluator object at 0x2b24086c7d68>
generate dataset!
-- BUILDING PRIOR START -------------
WARNING: Skipping invalid 'RelationalConstraint' with arguments {'targets': [], 'effectors': [], 'relationship': None}. Reason: Prior disabled.
WARNING: Skipping invalid 'TrigConstraint' with arguments {}. Reason: There are no target Tokens.
WARNING: Skipping invalid 'UniformArityPrior' with arguments {}. Reason: Prior disabled.
WARNING: Skipping invalid 'LanguageModelPrior' with arguments {'weight': None}. Reason: Prior disabled.
LengthConstraint: Sequences have minimum length 4.
                  Sequences have maximum length 256.
RepeatConstraint: [const] cannot occur more than 10 times.
RelationalConstraint: [inv] cannot be a child of [inv].
ConstConstraint: [const] cannot be the only unique child of [inv, add, sub, mul, div].
NoInputsConstraint: Sequences contain at least one input variable Token.
SoftLengthPrior: No description available.
-- BUILDING PRIOR END ---------------

-- RUNNING EPOCHS START -------------
[00:00:00:01.76] Training epoch 1/14, current best R: 1.0000

	** New best
	Reward: 0.9999999999999998
	Count Off-policy: False
	Count On-policy: True
	Originally on Policy: True
	Invalid: False
	Traversal: sub,inv,x1,mul,sub,add,add,mul,mul,1.0,mul,1.0,inv,div,1.0,x1,div,x3,x4,x4,x3,1.0,x2
	Expression:
	       ⎛1.0⋅x₁⋅x₃                ⎞   1 
	  - x₂⋅⎜───────── + x₃ + x₄ - 1.0⎟ + ──
	       ⎝    x₄                   ⎠   x₁

[00:00:00:02.10] Early stopping criteria met; breaking early.
-- RUNNING EPOCHS END ---------------

-- EVALUATION START ----------------
Saving Hall of Fame to ./log/regression_config_regression_VPG.json_FeynmanIIICh21Eq20.in_normal_0.0_2023-05-29-051629/dso_regression_config_regression_VPG.json_FeynmanIIICh21Eq20.in_normal_0.0_0_hof.csv
Saving Pareto Front to ./log/regression_config_regression_VPG.json_FeynmanIIICh21Eq20.in_normal_0.0_2023-05-29-051629/dso_regression_config_regression_VPG.json_FeynmanIIICh21Eq20.in_normal_0.0_0_pf.csv
Invalid expressions: 23 of 1024 (2.2%).
Error type counts:
  reciprocal: 13 (56.5%)
  true_divide: 10 (43.5%)
Error node counts:
  divide: 23 (100.0%)
-- EVALUATION END ------------------
== TRAINING SEED 0 END ==============
INFO: Completed run 1 of 1 in 3 s

== POST-PROCESS START =================
-- LOADING LOGS START ----------------
json configure file: ./log/regression_config_regression_VPG.json_FeynmanIIICh21Eq20.in_normal_0.0_2023-05-29-051629
Successfully loaded summary data
Successfully loaded Hall of Fame data
Successfully loaded Pareto Front data
-- LOADING LOGS END ------------------

-- ANALYZING LOG START --------------
Task_____________regression
Source path______./log/regression_config_regression_VPG.json_FeynmanIIICh21Eq20.in_normal_0.0_2023-05-29-051629
Runs_____________1
Max Samples/run__15000
Success_rate_____1.0
Hall of Fame (Top 5 of 100)____
    0: S=000 R=1.000000 <-- [-x2*(1.0*x1*x3/x4 + x3 + x4 - 1.0) + 1/x1]
    1: S=000 R=0.501226 <-- [x1 + x2*(0.0031446686166887007*x1/x4 + x3 - 1.0)]
    2: S=000 R=0.500016 <-- [x1**2*x2*(-0.0017306702015742218 + 1/x1) + x2 + 2*x4]
    3: S=000 R=0.500000 <-- [1.6499422311744283e-6*x1*x2*(x1/x3 + x4)]
    4: S=000 R=0.499999 <-- [1.0*x1*x2*(x2 - x2/x4)/x3 - x1 + 1.0]
  Saving Hall of Fame plot to ./log/regression_config_regression_VPG.json_FeynmanIIICh21Eq20.in_normal_0.0_2023-05-29-051629/dso_regression_config_regression_VPG.json_FeynmanIIICh21Eq20.in_normal_0.0_plot_hof.png
Pareto Front (5 of 6)____
    0: S=000 R=1.000000 C=27.00 <-- [-x2*(1.0*x1*x3/x4 + x3 + x4 - 1.0) + 1/x1]
    1: S=000 R=0.501226 C=14.00 <-- [x1 + x2*(0.0031446686166887007*x1/x4 + x3 - 1.0)]
    2: S=000 R=0.499999 C=13.00 <-- [-1.0*x1/(x2*x3) + x2]
    3: S=000 R=0.499999 C=11.00 <-- [1/(x2*x4)]
    4: S=000 R=0.499999 C=7.00 <-- [(x1 - x3)/x2]
  Saving Pareto Front plot to ./log/regression_config_regression_VPG.json_FeynmanIIICh21Eq20.in_normal_0.0_2023-05-29-051629/dso_regression_config_regression_VPG.json_FeynmanIIICh21Eq20.in_normal_0.0_plot_pf.png
-- ANALYZING LOG END ----------------
== POST-PROCESS END ===================
