debug /depot/yexiang/apps/jiang631/data/scibench/data/unencrypted/equations_feynman/FeynmanBonus3.in
!!!!!!!!!!!!!!!!!!!!!!!!!!!!!i /depot/yexiang/apps/jiang631/data/scibench/data/unencrypted/equations_feynman/FeynmanBonus3.in
['mul', 'X_0', 'mul', 'pow', 'add', 1, 'mul', 'X_1', 'cos', 'add', 'X_2', 'mul', -1, 'X_3', -1, 'add', 1, 'mul', -1, 'pow', 'X_1', 2]
--------------------
eq_name 	 feynman-bonus.3
num_vars 	 4
vars_range_and_types 	 [{"name": "LogUniform", "range": [100000000.0, 10000000000.0], "only_positive": true}, {"name": "Uniform", "range": [0.0, 1.0], "only_positive": true}, {"name": "Uniform", "range": [0, 6.283185307179586], "only_positive": true}, {"name": "Uniform", "range": [0, 6.283185307179586], "only_positive": true}]
function_set 	 ['add', 'sub', 'mul', 'div', 'sin', 'cos', 'exp', 'log', 'const']
eq_expression 	 mul,X_0,mul,pow,add,1,mul,X_1,cos,add,X_2,mul,-1,X_3,-1,add,1,mul,-1,pow,X_1,2
expr 	 X_0*(1 - X_1**2)/(X_1*cos(X_2 - X_3) + 1)
--------------------

== EXPERIMENT SETUP START ===========
Task type            : regression
Starting seed        : 0
Runs                 : 1
== EXPERIMENT SETUP END =============

== TRAINING SEED 0 START ============
self.dataX <dso.symbolic_data_generator.DataX object at 0x2b3148177a90>, self.data_query_oracle: <dso.symbolic_equation_evaluator_public.Equation_evaluator object at 0x2b312e9efcf8>
generate dataset!
-- BUILDING PRIOR START -------------
WARNING: Skipping invalid 'RelationalConstraint' with arguments {'targets': [], 'effectors': [], 'relationship': None}. Reason: Prior disabled.
WARNING: Skipping invalid 'TrigConstraint' with arguments {}. Reason: There are no target Tokens.
WARNING: Skipping invalid 'UniformArityPrior' with arguments {}. Reason: Prior disabled.
WARNING: Skipping invalid 'LanguageModelPrior' with arguments {'weight': None}. Reason: Prior disabled.
LengthConstraint: Sequences have minimum length 4.
                  Sequences have maximum length 256.
RepeatConstraint: [const] cannot occur more than 10 times.
RelationalConstraint: [inv] cannot be a child of [inv].
ConstConstraint: [const] cannot be the only unique child of [inv, add, sub, mul, div].
NoInputsConstraint: Sequences contain at least one input variable Token.
SoftLengthPrior: No description available.
-- BUILDING PRIOR END ---------------

-- RUNNING EPOCHS START -------------
[00:00:00:02.04] Training epoch 1/14, current best R: 0.6661

	** New best
	Reward: 0.6660603381502317
	Count Off-policy: False
	Count On-policy: True
	Originally on Policy: True
	Invalid: False
	Traversal: add,mul,mul,-0.48031705321446655,x2,x1,x1
	Expression:
	  -0.48031705321446655⋅x₁⋅x₂ + x₁

[00:00:00:03.34] Training epoch 2/14, current best R: 0.6761

	** New best
	Reward: 0.6760620540366773
	Count Off-policy: False
	Count On-policy: True
	Originally on Policy: True
	Invalid: False
	Traversal: sub,x1,div,x1,add,div,div,6.131514904734957,div,x3,add,div,inv,div,x2,x2,186.55607365185975,x3,x2,-5.005239637191822
	Expression:
	                                        x₁                                
	  x₁ - ───────────────────────────────────────────────────────────────────
	                            6.131514904734957⋅(x₃ + 0.0053603186453534752)
	       -5.005239637191822 + ──────────────────────────────────────────────
	                                                x₂⋅x₃                     

[00:00:00:14.15] Training epoch 10/14, current best R: 0.6761
[00:00:00:19.37] Ending training after epoch 14/14, current best R: 0.6761
-- RUNNING EPOCHS END ---------------

-- EVALUATION START ----------------
Saving Hall of Fame to ./log/regression_config_regression_VPG.json_FeynmanBonus3.in_normal_0.0_2023-05-29-051351/dso_regression_config_regression_VPG.json_FeynmanBonus3.in_normal_0.0_0_hof.csv
Saving Pareto Front to ./log/regression_config_regression_VPG.json_FeynmanBonus3.in_normal_0.0_2023-05-29-051351/dso_regression_config_regression_VPG.json_FeynmanBonus3.in_normal_0.0_0_pf.csv
Invalid expressions: 252 of 14336 (1.8%).
Error type counts:
  reciprocal: 129 (51.2%)
  true_divide: 123 (48.8%)
Error node counts:
  divide: 250 (99.2%)
  invalid: 2 (0.8%)
-- EVALUATION END ------------------
== TRAINING SEED 0 END ==============
INFO: Completed run 1 of 1 in 21 s

== POST-PROCESS START =================
-- LOADING LOGS START ----------------
json configure file: ./log/regression_config_regression_VPG.json_FeynmanBonus3.in_normal_0.0_2023-05-29-051351
Successfully loaded summary data
Successfully loaded Hall of Fame data
Successfully loaded Pareto Front data
-- LOADING LOGS END ------------------

-- ANALYZING LOG START --------------
Task_____________regression
Source path______./log/regression_config_regression_VPG.json_FeynmanBonus3.in_normal_0.0_2023-05-29-051351
Runs_____________1
Max Samples/run__15000
Success_rate_____0.0
Hall of Fame (Top 5 of 100)____
    0: S=000 R=0.676062 <-- [x1 - x1/(-5.005239637191822 + 6.131514904734957*(x3 + 0.0053603186453534752)/(x2*x3))]
    1: S=000 R=0.674479 <-- [1.0262232306005736*x1 + 1.0262232306005736*x2*(-0.6844160774332759*x1*x2 - 0.6844160774332759)]
    2: S=000 R=0.674288 <-- [33.415936275208194*x1*x2**2/(x2 - x3 - 48.493901251362125) + x1]
    3: S=000 R=0.669813 <-- [x1*(-0.6817663911222329*x2 + 1.1338147062656734 - 6.480715502475525e-6/(x2*x3))]
    4: S=000 R=0.669810 <-- [x1 + (-0.6814173992659424 + x4/x1)*(x1*x2*(x2 - 0.19600698612152845) + 1.0)/x2]
  Saving Hall of Fame plot to ./log/regression_config_regression_VPG.json_FeynmanBonus3.in_normal_0.0_2023-05-29-051351/dso_regression_config_regression_VPG.json_FeynmanBonus3.in_normal_0.0_plot_hof.png
Pareto Front (5 of 7)____
    0: S=000 R=0.676062 C=27.00 <-- [x1 - x1/(-5.005239637191822 + 6.131514904734957*(x3 + 0.0053603186453534752)/(x2*x3))]
    1: S=000 R=0.674479 C=20.00 <-- [1.0262232306005736*x1 + 1.0262232306005736*x2*(-0.6844160774332759*x1*x2 - 0.6844160774332759)]
    2: S=000 R=0.669810 C=19.00 <-- [-0.68142606048966628*x1*x2 + 1.133566644456077*x1 + 0.5667833222280384/x1]
    3: S=000 R=0.669810 C=17.00 <-- [1.699417456495734*x1 + 1.699417456495734*(-0.4009692758748017*x1 - 0.9999999976668658)*(x2 + 0.8304171214839581)]
    4: S=000 R=0.667689 C=15.00 <-- [-0.5680665045614192*x1*(x2 - 0.03260565671862817*x3 - 1/x1) + x1]
  Saving Pareto Front plot to ./log/regression_config_regression_VPG.json_FeynmanBonus3.in_normal_0.0_2023-05-29-051351/dso_regression_config_regression_VPG.json_FeynmanBonus3.in_normal_0.0_plot_pf.png
-- ANALYZING LOG END ----------------
== POST-PROCESS END ===================
