debug /depot/yexiang/apps/jiang631/data/scibench/data/unencrypted/equations_feynman/FeynmanICh13Eq4.in
!!!!!!!!!!!!!!!!!!!!!!!!!!!!!i /depot/yexiang/apps/jiang631/data/scibench/data/unencrypted/equations_feynman/FeynmanICh13Eq4.in
['mul', 0.5, 'mul', 'X_0', 'add', 'pow', 'X_1', 2, 'add', 'pow', 'X_2', 2, 'pow', 'X_3', 2]
--------------------
eq_name 	 feynman-i.13.4
num_vars 	 4
vars_range_and_types 	 [{"name": "LogUniform", "range": [0.1, 10.0], "only_positive": true}, {"name": "LogUniform", "range": [0.1, 10.0], "only_positive": false}, {"name": "LogUniform", "range": [0.1, 10.0], "only_positive": false}, {"name": "LogUniform", "range": [0.1, 10.0], "only_positive": false}]
function_set 	 ['add', 'sub', 'mul', 'div', 'const']
eq_expression 	 mul,0.5,mul,X_0,add,pow,X_1,2,add,pow,X_2,2,pow,X_3,2
expr 	 0.5*X_0*(X_1**2 + X_2**2 + X_3**2)
--------------------

== EXPERIMENT SETUP START ===========
Task type            : regression
Starting seed        : 0
Runs                 : 1
== EXPERIMENT SETUP END =============

== TRAINING SEED 0 START ============
self.dataX <dso.symbolic_data_generator.DataX object at 0x2af7b6f84780>, self.data_query_oracle: <dso.symbolic_equation_evaluator_public.Equation_evaluator object at 0x2af7a181ed68>
generate dataset!
-- BUILDING PRIOR START -------------
WARNING: Skipping invalid 'RelationalConstraint' with arguments {'targets': [], 'effectors': [], 'relationship': None}. Reason: Prior disabled.
WARNING: Skipping invalid 'TrigConstraint' with arguments {}. Reason: There are no target Tokens.
WARNING: Skipping invalid 'UniformArityPrior' with arguments {}. Reason: Prior disabled.
WARNING: Skipping invalid 'LanguageModelPrior' with arguments {'weight': None}. Reason: Prior disabled.
LengthConstraint: Sequences have minimum length 4.
                  Sequences have maximum length 256.
RepeatConstraint: [const] cannot occur more than 10 times.
RelationalConstraint: [inv] cannot be a child of [inv].
ConstConstraint: [const] cannot be the only unique child of [inv, add, sub, mul, div].
NoInputsConstraint: Sequences contain at least one input variable Token.
SoftLengthPrior: No description available.
-- BUILDING PRIOR END ---------------

-- RUNNING EPOCHS START -------------
[00:00:00:03.70] Training epoch 1/14, current best R: 0.5560

	** New best
	Reward: 0.5560138880715061
	Count Off-policy: False
	Count On-policy: True
	Originally on Policy: True
	Invalid: False
	Traversal: mul,-0.6927475333426123,mul,x2,sub,sub,sub,x1,div,div,x4,x3,div,x3,-0.023814336287233683,mul,x2,x1,x4
	Expression:
	                         ⎛                   0.023814336287233683⋅x₄⎞
	  -0.6927475333426123⋅x₂⋅⎜-x₁⋅x₂ + x₁ - x₄ + ───────────────────────⎟
	                         ⎜                               2          ⎟
	                         ⎝                             x₃           ⎠

[00:00:00:06.98] Training epoch 2/14, current best R: 0.5885

	** New best
	Reward: 0.5885109438026783
	Count Off-policy: False
	Count On-policy: True
	Originally on Policy: True
	Invalid: False
	Traversal: div,x1,div,2.340913656398262,sub,sub,mul,x1,div,x3,div,add,x1,div,div,-2.14132370138687,x3,x3,x3,x1,-34.61511294931222
	Expression:
	     ⎛                        2                                            ⎞
	     ⎜0.4271836328805922⋅x₁⋅x₃                                             ⎟
	  x₁⋅⎜───────────────────────── - 0.4271836328805922⋅x₁ + 14.78700970225923⎟
	     ⎜       2.14132370138687                                              ⎟
	     ⎜  x₁ - ────────────────                                              ⎟
	     ⎜               2                                                     ⎟
	     ⎝             x₃                                                      ⎠

[00:00:00:24.04] Training epoch 7/14, current best R: 0.5988

	** New best
	Reward: 0.5988110584434754
	Count Off-policy: False
	Count On-policy: True
	Originally on Policy: True
	Invalid: False
	Traversal: inv,div,inv,sub,11.163030157268093,mul,-0.5144605895910995,mul,mul,sub,0.9623740958041129,mul,mul,x2,x3,-0.013530861379738092,x4,x4,x1
	Expression:
	     ⎛                     2                                                    
	  x₁⋅⎝0.5144605895910995⋅x₄ ⋅(0.013530861379738092⋅x₂⋅x₃ + 0.9623740958041129) +

	                     ⎞
	   11.163030157268093⎠

[00:00:00:36.30] Training epoch 10/14, current best R: 0.5988
[00:00:00:59.38] Ending training after epoch 14/14, current best R: 0.5988
-- RUNNING EPOCHS END ---------------

-- EVALUATION START ----------------
Saving Hall of Fame to ./log/regression_config_regression_DSR.json_FeynmanICh13Eq4.in_normal_0.0_2023-05-29-052146/dso_regression_config_regression_DSR.json_FeynmanICh13Eq4.in_normal_0.0_0_hof.csv
Saving Pareto Front to ./log/regression_config_regression_DSR.json_FeynmanICh13Eq4.in_normal_0.0_2023-05-29-052146/dso_regression_config_regression_DSR.json_FeynmanICh13Eq4.in_normal_0.0_0_pf.csv
Invalid expressions: 245 of 14336 (1.7%).
Error type counts:
  reciprocal: 128 (52.2%)
  true_divide: 117 (47.8%)
Error node counts:
  divide: 245 (100.0%)
-- EVALUATION END ------------------
== TRAINING SEED 0 END ==============
INFO: Completed run 1 of 1 in 61 s

== POST-PROCESS START =================
-- LOADING LOGS START ----------------
json configure file: ./log/regression_config_regression_DSR.json_FeynmanICh13Eq4.in_normal_0.0_2023-05-29-052146
Successfully loaded summary data
Successfully loaded Hall of Fame data
Successfully loaded Pareto Front data
-- LOADING LOGS END ------------------

-- ANALYZING LOG START --------------
Task_____________regression
Source path______./log/regression_config_regression_DSR.json_FeynmanICh13Eq4.in_normal_0.0_2023-05-29-052146
Runs_____________1
Max Samples/run__15000
Success_rate_____0.0
Hall of Fame (Top 5 of 100)____
    0: S=000 R=0.598811 <-- [x1*(0.5144605895910995*x4**2*(0.013530861379738092*x2*x3 + 0.9623740958041129) + 11.163030157268093)]
    1: S=000 R=0.593347 <-- [-0.27681346096841086*x3*(2.1128701751155893*x1*(-x3 - 0.07868365274488114*(x1 + 217.85690828135353)/x3) + 2.1128701751155893*x3) + 6.4677755381095587]
    2: S=000 R=0.589791 <-- [0.67502836849166109*x1*x3**2 + 1.3065878154789088*x2**2]
    3: S=000 R=0.589781 <-- [x1*(0.0653266090998717*x1*x4**2 + 11.83634354891124) + x2]
    4: S=000 R=0.588511 <-- [x1*(0.4271836328805922*x1*x3**2/(x1 - 2.14132370138687/x3**2) - 0.4271836328805922*x1 + 14.78700970225923)]
  Saving Hall of Fame plot to ./log/regression_config_regression_DSR.json_FeynmanICh13Eq4.in_normal_0.0_2023-05-29-052146/dso_regression_config_regression_DSR.json_FeynmanICh13Eq4.in_normal_0.0_plot_hof.png
Pareto Front (5 of 6)____
    0: S=000 R=0.598811 C=22.00 <-- [x1*(0.5144605895910995*x4**2*(0.013530861379738092*x2*x3 + 0.9623740958041129) + 11.163030157268093)]
    1: S=000 R=0.578555 C=19.00 <-- [x1*(x3*(0.01679236745415623*x3*x4**2 + 1/x3) + x3 + 13.557668224072646)]
    2: S=000 R=0.567499 C=12.00 <-- [16.57348170536733*x1 + x4**2 + x4 - 10.851103901361906]
    3: S=000 R=0.567353 C=9.00 <-- [14.388297214790521*x1 + 0.9876604507797504*x2**2]
    4: S=000 R=0.549510 C=7.00 <-- [16.60816963323854*x1 + 0.1524393398884698*x3]
  Saving Pareto Front plot to ./log/regression_config_regression_DSR.json_FeynmanICh13Eq4.in_normal_0.0_2023-05-29-052146/dso_regression_config_regression_DSR.json_FeynmanICh13Eq4.in_normal_0.0_plot_pf.png
-- ANALYZING LOG END ----------------
== POST-PROCESS END ===================
