debug /depot/yexiang/apps/jiang631/data/scibench/data/unencrypted/equations_feynman/FeynmanIICh15Eq4.in
!!!!!!!!!!!!!!!!!!!!!!!!!!!!!i /depot/yexiang/apps/jiang631/data/scibench/data/unencrypted/equations_feynman/FeynmanIICh15Eq4.in
['mul', -1, 'mul', 'X_0', 'mul', 'X_1', 'cos', 'X_2']
--------------------
eq_name 	 feynman-ii.15.4
num_vars 	 3
vars_range_and_types 	 [{"name": "LogUniform", "range": [1e-25, 1e-23], "only_positive": false}, {"name": "LogUniform", "range": [0.001, 0.1], "only_positive": false}, {"name": "Uniform", "range": [0, 6.283185307179586], "only_positive": true}]
function_set 	 ['add', 'sub', 'mul', 'div', 'sin', 'cos', 'exp', 'log', 'const']
eq_expression 	 mul,-1,mul,X_0,mul,X_1,cos,X_2
expr 	 -X_0*X_1*cos(X_2)
--------------------

== EXPERIMENT SETUP START ===========
Task type            : regression
Starting seed        : 0
Runs                 : 1
== EXPERIMENT SETUP END =============

== TRAINING SEED 0 START ============
self.dataX <dso.symbolic_data_generator.DataX object at 0x2b7d9c8c6550>, self.data_query_oracle: <dso.symbolic_equation_evaluator_public.Equation_evaluator object at 0x2b7ddd19cd68>
generate dataset!
-- BUILDING PRIOR START -------------
WARNING: Skipping invalid 'RelationalConstraint' with arguments {'targets': [], 'effectors': [], 'relationship': None}. Reason: Prior disabled.
WARNING: Skipping invalid 'TrigConstraint' with arguments {}. Reason: There are no target Tokens.
WARNING: Skipping invalid 'UniformArityPrior' with arguments {}. Reason: Prior disabled.
WARNING: Skipping invalid 'LanguageModelPrior' with arguments {'weight': None}. Reason: Prior disabled.
LengthConstraint: Sequences have minimum length 4.
                  Sequences have maximum length 256.
RepeatConstraint: [const] cannot occur more than 10 times.
RelationalConstraint: [inv] cannot be a child of [inv].
ConstConstraint: [const] cannot be the only unique child of [inv, add, sub, mul, div].
NoInputsConstraint: Sequences contain at least one input variable Token.
SoftLengthPrior: No description available.
-- BUILDING PRIOR END ---------------

-- RUNNING EPOCHS START -------------
[00:00:00:02.03] Training epoch 1/14, current best R: 0.5012

	** New best
	Reward: 0.5011811280181754
	Count Off-policy: False
	Count On-policy: True
	Originally on Policy: True
	Invalid: False
	Traversal: mul,div,x2,add,1.0,sub,x1,mul,x3,sub,add,div,sub,1.9873887524284035,x2,x1,x1,1.0,0.011968646962714899
	Expression:
	               0.011968646962714899⋅x₂              
	  ──────────────────────────────────────────────────
	          ⎛           1.9873887524284035 - x₂⎞      
	  x₁ - x₃⋅⎜x₁ - 1.0 + ───────────────────────⎟ + 1.0
	          ⎝                      x₁          ⎠      

[00:00:00:03.91] Training epoch 2/14, current best R: 0.5113

	** New best
	Reward: 0.5113408157927414
	Count Off-policy: False
	Count On-policy: True
	Originally on Policy: True
	Invalid: False
	Traversal: mul,mul,-0.352244722145022,x2,div,x1,add,sub,div,x3,mul,inv,x2,125.18752735865428,sub,-0.18270096672242778,x3,x3
	Expression:
	                 -0.352244722145022⋅x₁⋅x₂                 
	  ────────────────────────────────────────────────────────
	  0.0079880162273280132⋅x₂⋅x₃ + 2⋅x₃ + 0.18270096672242778

[00:00:00:06.19] Training epoch 4/14, current best R: 0.5113

	** New best
	Reward: 0.5113413457525923
	Count Off-policy: False
	Count On-policy: True
	Originally on Policy: True
	Invalid: False
	Traversal: mul,mul,div,mul,div,x1,sub,sub,add,x3,x3,x3,-0.09135936788012908,add,mul,x1,1.0,-0.17612772012547903,x1,x2,x1
	Expression:
	  x₁⋅x₂⋅(1.0⋅x₁ - 0.17612772012547903)
	  ────────────────────────────────────
	        x₃ + 0.09135936788012908      

[00:00:00:10.47] Training epoch 7/14, current best R: 0.5130

	** New best
	Reward: 0.5130192429561762
	Count Off-policy: False
	Count On-policy: True
	Originally on Policy: True
	Invalid: False
	Traversal: mul,0.2624088984937453,div,x2,add,x2,div,mul,1.503733563583943,sub,div,-0.004882291053970706,x3,add,x1,x3,x1
	Expression:
	                           0.2624088984937453⋅x₂                          
	  ────────────────────────────────────────────────────────────────────────
	                                                      0.007341664925041375
	       -1.503733563583943⋅x₁ - 1.503733563583943⋅x₃ - ────────────────────
	                                                               x₃         
	  x₂ + ───────────────────────────────────────────────────────────────────
	                                        x₁                                

[00:00:00:14.30] Training epoch 10/14, current best R: 0.5130
[00:00:00:20.07] Training epoch 14/14, current best R: 0.5152

	** New best
	Reward: 0.5152300235964896
	Count Off-policy: False
	Count On-policy: True
	Originally on Policy: True
	Invalid: False
	Traversal: div,mul,x2,x1,sub,sub,0.37323461772994965,x1,div,add,mul,mul,sub,add,x3,x1,-2.3226545521953255,x1,x3,x1,x1
	Expression:
	                                  x₁⋅x₂                                
	  ─────────────────────────────────────────────────────────────────────
	                              x₁⋅x₃⋅(x₁ + x₃ + 2.3226545521953255) + x₁
	  -x₁ + 0.37323461772994965 - ─────────────────────────────────────────
	                                                  x₁                   

[00:00:00:20.08] Ending training after epoch 14/14, current best R: 0.5152
-- RUNNING EPOCHS END ---------------

-- EVALUATION START ----------------
Saving Hall of Fame to ./log/regression_config_regression_VPG.json_FeynmanIICh15Eq4.in_normal_0.0_2023-05-29-051034/dso_regression_config_regression_VPG.json_FeynmanIICh15Eq4.in_normal_0.0_0_hof.csv
Saving Pareto Front to ./log/regression_config_regression_VPG.json_FeynmanIICh15Eq4.in_normal_0.0_2023-05-29-051034/dso_regression_config_regression_VPG.json_FeynmanIICh15Eq4.in_normal_0.0_0_pf.csv
Invalid expressions: 490 of 14336 (3.4%).
Error type counts:
  reciprocal: 250 (51.0%)
  true_divide: 240 (49.0%)
Error node counts:
  divide: 487 (99.4%)
  invalid: 3 (0.6%)
-- EVALUATION END ------------------
== TRAINING SEED 0 END ==============
INFO: Completed run 1 of 1 in 21 s

== POST-PROCESS START =================
-- LOADING LOGS START ----------------
json configure file: ./log/regression_config_regression_VPG.json_FeynmanIICh15Eq4.in_normal_0.0_2023-05-29-051034
Successfully loaded summary data
Successfully loaded Hall of Fame data
Successfully loaded Pareto Front data
-- LOADING LOGS END ------------------

-- ANALYZING LOG START --------------
Task_____________regression
Source path______./log/regression_config_regression_VPG.json_FeynmanIICh15Eq4.in_normal_0.0_2023-05-29-051034
Runs_____________1
Max Samples/run__15000
Success_rate_____0.0
Hall of Fame (Top 5 of 100)____
    0: S=000 R=0.515230 <-- [x1*x2/(-x1 + 0.37323461772994965 - (x1*x3*(x1 + x3 + 2.3226545521953255) + x1)/x1)]
    1: S=000 R=0.513019 <-- [0.2624088984937453*x2/(x2 + (-1.503733563583943*x1 - 1.503733563583943*x3 - 0.007341664925041375/x3)/x1)]
    2: S=000 R=0.511389 <-- [x1/(x1 - (x3 + 0.08844735885904711)*(x3 + 5.738482733996283/x2) + 1.0767509928473913)]
    3: S=000 R=0.511349 <-- [x1/(x2 + (5.6745447037439765*x3 + 0.52010004764352493)/(-x2 - 0.0006934901622393908))]
    4: S=000 R=0.511341 <-- [x1*x2*(1.0*x1 - 0.17612772012547903)/(x3 + 0.09135936788012908)]
  Saving Hall of Fame plot to ./log/regression_config_regression_VPG.json_FeynmanIICh15Eq4.in_normal_0.0_2023-05-29-051034/dso_regression_config_regression_VPG.json_FeynmanIICh15Eq4.in_normal_0.0_plot_hof.png
Pareto Front (5 of 9)____
    0: S=000 R=0.515230 C=23.00 <-- [x1*x2/(-x1 + 0.37323461772994965 - (x1*x3*(x1 + x3 + 2.3226545521953255) + x1)/x1)]
    1: S=000 R=0.513019 C=20.00 <-- [0.2624088984937453*x2/(x2 + (-1.503733563583943*x1 - 1.503733563583943*x3 - 0.007341664925041375/x3)/x1)]
    2: S=000 R=0.511349 C=18.00 <-- [x1/(x2 + (5.6745447037439765*x3 + 0.52010004764352493)/(-x2 - 0.0006934901622393908))]
    3: S=000 R=0.511341 C=12.00 <-- [0.17613613080861318*x1*x2/(-x3 - 0.091367425711943399)]
    4: S=000 R=0.501186 C=11.00 <-- [x1*(-0.006006218406500985*x1 - 0.006006218406500985*x2)/x3]
  Saving Pareto Front plot to ./log/regression_config_regression_VPG.json_FeynmanIICh15Eq4.in_normal_0.0_2023-05-29-051034/dso_regression_config_regression_VPG.json_FeynmanIICh15Eq4.in_normal_0.0_plot_pf.png
-- ANALYZING LOG END ----------------
== POST-PROCESS END ===================
