debug /depot/yexiang/apps/jiang631/data/scibench/data/unencrypted/equations_feynman/FeynmanBonus4.in
!!!!!!!!!!!!!!!!!!!!!!!!!!!!!i /depot/yexiang/apps/jiang631/data/scibench/data/unencrypted/equations_feynman/FeynmanBonus4.in
['mul', 'pow', 2, 0.5, 'pow', 'mul', 'pow', 'X_0', -1, 'add', 'X_1', 'add', 'mul', -1, 'X_2', 'mul', -0.5, 'mul', 'pow', 'X_0', -1, 'mul', 'pow', 'X_3', 2, 'pow', 'X_4', -2, 0.5]
--------------------
eq_name 	 feynman-bonus.4
num_vars 	 5
vars_range_and_types 	 [{"name": "LogUniform", "range": [1e+23, 1e+25], "only_positive": true}, {"name": "LogUniform", "range": [1e+25, 1e+27], "only_positive": true}, {"name": "LogUniform", "range": [1e+25, 1e+27], "only_positive": true}, {"name": "LogUniform", "range": [100000000.0, 10000000000.0], "only_positive": false}, {"name": "LogUniform", "range": [100000000.0, 10000000000.0], "only_positive": true}]
function_set 	 ['add', 'sub', 'mul', 'div', 'sin', 'cos', 'exp', 'log', 'const']
eq_expression 	 mul,pow,2,0.5,pow,mul,pow,X_0,-1,add,X_1,add,mul,-1,X_2,mul,-0.5,mul,pow,X_0,-1,mul,pow,X_3,2,pow,X_4,-2,0.5
expr 	 sqrt(2)*sqrt((X_1 - X_2 - X_3**2/(2*X_0*X_4**2))/X_0)
--------------------

== EXPERIMENT SETUP START ===========
Task type            : regression
Starting seed        : 0
Runs                 : 1
== EXPERIMENT SETUP END =============

== TRAINING SEED 0 START ============
self.dataX <dso.symbolic_data_generator.DataX object at 0x2ac6234bd160>, self.data_query_oracle: <dso.symbolic_equation_evaluator_public.Equation_evaluator object at 0x2ac64255ed68>
generate dataset!
-- BUILDING PRIOR START -------------
WARNING: Skipping invalid 'RelationalConstraint' with arguments {'targets': [], 'effectors': [], 'relationship': None}. Reason: Prior disabled.
WARNING: Skipping invalid 'TrigConstraint' with arguments {}. Reason: There are no target Tokens.
WARNING: Skipping invalid 'UniformArityPrior' with arguments {}. Reason: Prior disabled.
WARNING: Skipping invalid 'LanguageModelPrior' with arguments {'weight': None}. Reason: Prior disabled.
LengthConstraint: Sequences have minimum length 4.
                  Sequences have maximum length 256.
RepeatConstraint: [const] cannot occur more than 10 times.
RelationalConstraint: [inv] cannot be a child of [inv].
ConstConstraint: [const] cannot be the only unique child of [inv, add, sub, mul, div].
NoInputsConstraint: Sequences contain at least one input variable Token.
SoftLengthPrior: No description available.
-- BUILDING PRIOR END ---------------

-- RUNNING EPOCHS START -------------
