debug /depot/yexiang/apps/jiang631/data/scibench/data/unencrypted/equations_feynman/FeynmanICh12Eq11.in
!!!!!!!!!!!!!!!!!!!!!!!!!!!!!i /depot/yexiang/apps/jiang631/data/scibench/data/unencrypted/equations_feynman/FeynmanICh12Eq11.in
['mul', 'X_0', 'add', 'X_1', 'mul', 'X_2', 'mul', 'X_3', 'sin', 'X_4']
--------------------
eq_name 	 feynman-i.12.11
num_vars 	 5
vars_range_and_types 	 [{"name": "LogUniform", "range": [0.1, 10.0], "only_positive": false}, {"name": "LogUniform", "range": [0.1, 10.0], "only_positive": true}, {"name": "LogUniform", "range": [0.1, 10.0], "only_positive": true}, {"name": "LogUniform", "range": [0.1, 10.0], "only_positive": true}, {"name": "Uniform", "range": [0.0, 6.283185307179586], "only_positive": true}]
function_set 	 ['add', 'sub', 'mul', 'div', 'sin', 'cos']
eq_expression 	 mul,X_0,add,X_1,mul,X_2,mul,X_3,sin,X_4
expr 	 X_0*(X_1 + X_2*X_3*sin(X_4))
--------------------

== EXPERIMENT SETUP START ===========
Task type            : regression
Starting seed        : 0
Runs                 : 1
== EXPERIMENT SETUP END =============

== TRAINING SEED 0 START ============
self.dataX <dso.symbolic_data_generator.DataX object at 0x2abad301e828>, self.data_query_oracle: <dso.symbolic_equation_evaluator_public.Equation_evaluator object at 0x2ababd8b8d68>
generate dataset!
-- BUILDING PRIOR START -------------
WARNING: Skipping invalid 'RelationalConstraint' with arguments {'targets': [], 'effectors': [], 'relationship': None}. Reason: Prior disabled.
WARNING: Skipping invalid 'TrigConstraint' with arguments {}. Reason: There are no target Tokens.
WARNING: Skipping invalid 'UniformArityPrior' with arguments {}. Reason: Prior disabled.
WARNING: Skipping invalid 'LanguageModelPrior' with arguments {'weight': None}. Reason: Prior disabled.
LengthConstraint: Sequences have minimum length 4.
                  Sequences have maximum length 256.
RepeatConstraint: [const] cannot occur more than 10 times.
RelationalConstraint: [inv] cannot be a child of [inv].
ConstConstraint: [const] cannot be the only unique child of [inv, add, sub, mul, div].
NoInputsConstraint: Sequences contain at least one input variable Token.
SoftLengthPrior: No description available.
-- BUILDING PRIOR END ---------------

-- RUNNING EPOCHS START -------------
[00:00:00:03.60] Training epoch 1/14, current best R: 0.5227

	** New best
	Reward: 0.5226981242336187
	Count Off-policy: False
	Count On-policy: True
	Originally on Policy: True
	Invalid: False
	Traversal: mul,sub,inv,x4,-0.13838426042915683,mul,x1,mul,sub,inv,x2,sub,x5,x2,x4
	Expression:
	        ⎛                      1 ⎞ ⎛          1 ⎞
	  x₁⋅x₄⋅⎜0.13838426042915683 + ──⎟⋅⎜x₂ - x₅ + ──⎟
	        ⎝                      x₄⎠ ⎝          x₂⎠

[00:00:00:16.70] Training epoch 6/14, current best R: 0.5283

	** New best
	Reward: 0.5283278452301053
	Count Off-policy: False
	Count On-policy: True
	Originally on Policy: True
	Invalid: False
	Traversal: sub,div,mul,x1,mul,div,sub,3.5813590100073602,x5,x5,x3,inv,x5,0.4483669275530432
	Expression:
	  x₁⋅x₃⋅(3.5813590100073602 - x₅) - 0.4483669275530432

[00:00:00:24.11] Training epoch 9/14, current best R: 0.5287

	** New best
	Reward: 0.5286900871133592
	Count Off-policy: False
	Count On-policy: True
	Originally on Policy: True
	Invalid: False
	Traversal: add,-0.26150458729950377,mul,x3,sub,x1,mul,x4,mul,mul,0.10012547963321979,x5,x1
	Expression:
	  x₃⋅(-0.10012547963321979⋅x₁⋅x₄⋅x₅ + x₁) - 0.26150458729950377

[00:00:00:27.09] Training epoch 10/14, current best R: 0.5342

	** New best
	Reward: 0.5341782277631935
	Count Off-policy: False
	Count On-policy: True
	Originally on Policy: True
	Invalid: False
	Traversal: sub,mul,inv,div,inv,x5,inv,div,inv,x1,x3,add,-0.6794873131694683,div,2.5989856955364776,x5,x2
	Expression:
	           ⎛                      2.5989856955364776⎞     
	  x₁⋅x₃⋅x₅⋅⎜-0.6794873131694683 + ──────────────────⎟ - x₂
	           ⎝                              x₅        ⎠     

[00:00:00:27.10] Training epoch 10/14, current best R: 0.5342
[00:00:00:39.07] Ending training after epoch 14/14, current best R: 0.5342
-- RUNNING EPOCHS END ---------------

-- EVALUATION START ----------------
Saving Hall of Fame to ./log/regression_config_regression_DSR.json_FeynmanICh12Eq11.in_normal_0.0_2023-05-29-051226/dso_regression_config_regression_DSR.json_FeynmanICh12Eq11.in_normal_0.0_0_hof.csv
Saving Pareto Front to ./log/regression_config_regression_DSR.json_FeynmanICh12Eq11.in_normal_0.0_2023-05-29-051226/dso_regression_config_regression_DSR.json_FeynmanICh12Eq11.in_normal_0.0_0_pf.csv
Invalid expressions: 190 of 14336 (1.3%).
Error type counts:
  reciprocal: 107 (56.3%)
  true_divide: 83 (43.7%)
Error node counts:
  divide: 190 (100.0%)
-- EVALUATION END ------------------
== TRAINING SEED 0 END ==============
INFO: Completed run 1 of 1 in 40 s

== POST-PROCESS START =================
-- LOADING LOGS START ----------------
json configure file: ./log/regression_config_regression_DSR.json_FeynmanICh12Eq11.in_normal_0.0_2023-05-29-051226
Successfully loaded summary data
Successfully loaded Hall of Fame data
Successfully loaded Pareto Front data
-- LOADING LOGS END ------------------

-- ANALYZING LOG START --------------
Task_____________regression
Source path______./log/regression_config_regression_DSR.json_FeynmanICh12Eq11.in_normal_0.0_2023-05-29-051226
Runs_____________1
Max Samples/run__15000
Success_rate_____0.0
Hall of Fame (Top 5 of 100)____
    0: S=000 R=0.534178 <-- [x1*x3*x5*(-0.6794873131694683 + 2.5989856955364776/x5) - x2]
    1: S=000 R=0.528690 <-- [x3*(-0.10012547963321979*x1*x4*x5 + x1) - 0.26150458729950377]
    2: S=000 R=0.528328 <-- [x1*x3*(3.5813590100073602 - x5) - 0.4483669275530432]
    3: S=000 R=0.524637 <-- [(x1 - 0.07982610439878154)*(x2 - 0.081857887964972004*x5**2)]
    4: S=000 R=0.523214 <-- [-0.2152984243804258*x1*x5*(x4*(x5 - 3.903916173829714) - 2.5653732789172095)]
  Saving Hall of Fame plot to ./log/regression_config_regression_DSR.json_FeynmanICh12Eq11.in_normal_0.0_2023-05-29-051226/dso_regression_config_regression_DSR.json_FeynmanICh12Eq11.in_normal_0.0_plot_hof.png
Pareto Front (5 of 7)____
    0: S=000 R=0.534178 C=24.00 <-- [x1*x3*x5*(-0.6794873131694683 + 2.5989856955364776/x5) - x2]
    1: S=000 R=0.528690 C=13.00 <-- [x3*(-0.10012547963321979*x1*x4*x5 + x1) - 0.26150458729950377]
    2: S=000 R=0.524637 C=12.00 <-- [(x1 - 0.07982610439878154)*(x2 - 0.081857887964972004*x5**2)]
    3: S=000 R=0.520364 C=8.00 <-- [x1*x2 + 0.2329301072124681*x1]
    4: S=000 R=0.520294 C=7.00 <-- [0.9958460567723382*x2*(x1 - 0.06875979782466696)]
  Saving Pareto Front plot to ./log/regression_config_regression_DSR.json_FeynmanICh12Eq11.in_normal_0.0_2023-05-29-051226/dso_regression_config_regression_DSR.json_FeynmanICh12Eq11.in_normal_0.0_plot_pf.png
-- ANALYZING LOG END ----------------
== POST-PROCESS END ===================
