debug /depot/yexiang/apps/jiang631/data/scibench/data/unencrypted/equations_feynman/FeynmanIICh8Eq7.in
!!!!!!!!!!!!!!!!!!!!!!!!!!!!!i /depot/yexiang/apps/jiang631/data/scibench/data/unencrypted/equations_feynman/FeynmanIICh8Eq7.in
['mul', 16941495369.3246, 'mul', 'pow', 3.141592653589793, -1, 'mul', 'pow', 'X_0', 2, 'pow', 'X_1', -1]
--------------------
eq_name 	 feynman-ii.8.7
num_vars 	 2
vars_range_and_types 	 [{"name": "LogUniform", "range": [1e-11, 1e-09], "only_positive": false}, {"name": "LogUniform", "range": [1e-12, 1e-10], "only_positive": true}]
function_set 	 ['add', 'sub', 'mul', 'div', 'sin', 'cos', 'exp', 'log', 'const']
eq_expression 	 mul,16941495369.3246,mul,pow,3.141592653589793,-1,mul,pow,X_0,2,pow,X_1,-1
expr 	 16941495369.3246*X_0**2/(pi*X_1)
--------------------

== EXPERIMENT SETUP START ===========
Task type            : regression
Starting seed        : 0
Runs                 : 1
== EXPERIMENT SETUP END =============

== TRAINING SEED 0 START ============
self.dataX <dso.symbolic_data_generator.DataX object at 0x2b4b92955898>, self.data_query_oracle: <dso.symbolic_equation_evaluator_public.Equation_evaluator object at 0x2b4b79168d68>
generate dataset!
-- BUILDING PRIOR START -------------
WARNING: Skipping invalid 'RelationalConstraint' with arguments {'targets': [], 'effectors': [], 'relationship': None}. Reason: Prior disabled.
WARNING: Skipping invalid 'TrigConstraint' with arguments {}. Reason: There are no target Tokens.
WARNING: Skipping invalid 'UniformArityPrior' with arguments {}. Reason: Prior disabled.
WARNING: Skipping invalid 'LanguageModelPrior' with arguments {'weight': None}. Reason: Prior disabled.
LengthConstraint: Sequences have minimum length 4.
                  Sequences have maximum length 256.
RepeatConstraint: [const] cannot occur more than 10 times.
RelationalConstraint: [inv] cannot be a child of [inv].
ConstConstraint: [const] cannot be the only unique child of [inv, add, sub, mul, div].
NoInputsConstraint: Sequences contain at least one input variable Token.
SoftLengthPrior: No description available.
-- BUILDING PRIOR END ---------------

-- RUNNING EPOCHS START -------------
[00:00:00:03.83] Training epoch 1/14, current best R: 0.7382

	** New best
	Reward: 0.738156594066527
	Count Off-policy: False
	Count On-policy: True
	Originally on Policy: True
	Invalid: False
	Traversal: add,x2,div,mul,inv,x2,mul,div,x1,137.16512427437857,mul,x1,div,x1,x2,x1
	Expression:
	                          2     
	  0.0072904829510426259⋅x₁      
	  ───────────────────────── + x₂
	               2                
	             x₂                 

[00:00:00:06.52] Training epoch 2/14, current best R: 0.7382

	** New best
	Reward: 0.738156944395299
	Count Off-policy: False
	Count On-policy: True
	Originally on Policy: True
	Invalid: False
	Traversal: mul,inv,mul,x2,x2,mul,inv,add,1.0,div,mul,inv,x1,2.007880186468588,0.014648419190470127,x1
	Expression:
	                x₁              
	  ──────────────────────────────
	    2 ⎛      137.07145872606251⎞
	  x₂ ⋅⎜1.0 + ──────────────────⎟
	      ⎝              x₁        ⎠

[00:00:00:08.66] Training epoch 3/14, current best R: 0.7382

	** New best
	Reward: 0.7382196425853218
	Count Off-policy: False
	Count On-policy: True
	Originally on Policy: True
	Invalid: False
	Traversal: sub,mul,sub,inv,sub,x1,div,x2,x1,-4.4499535843084,add,inv,div,div,x2,x1,-0.007293818366840938,x2,x1
	Expression:
	        ⎛                     1   ⎞ ⎛  0.007293818366840938⋅x₁     ⎞
	  -x₁ + ⎜4.4499535843084 + ───────⎟⋅⎜- ─────────────────────── + x₂⎟
	        ⎜                       x₂⎟ ⎝             x₂               ⎠
	        ⎜                  x₁ - ──⎟                                 
	        ⎝                       x₁⎠                                 

[00:00:00:10.97] Training epoch 4/14, current best R: 0.7402

	** New best
	Reward: 0.7402384979657562
	Count Off-policy: False
	Count On-policy: True
	Originally on Policy: True
	Invalid: False
	Traversal: mul,div,add,sub,inv,div,sub,0.9998843402834431,div,sub,x1,x2,x1,x2,x1,x2,x2,59.852214809869274
	Expression:
	                     ⎛                        x₂             ⎞
	  59.852214809869274⋅⎜-x₁ + x₂ + ────────────────────────────⎟
	                     ⎜                                x₁ - x₂⎟
	                     ⎜           0.9998843402834431 - ───────⎟
	                     ⎝                                   x₁  ⎠
	  ────────────────────────────────────────────────────────────
	                               x₂                             

[00:00:00:13.15] Training epoch 5/14, current best R: 0.7475

	** New best
	Reward: 0.7474748412341051
	Count Off-policy: False
	Count On-policy: True
	Originally on Policy: True
	Invalid: False
	Traversal: add,sub,mul,div,add,mul,div,inv,sub,x1,inv,x1,mul,2.303474885040279,mul,x2,x2,x1,x1,2.303474885040279,-0.03776045517575512,-42.3834701730789,x2
	Expression:
	                           0.007116562336276069⋅x₁                        
	  -0.0163928226094355⋅x₁ - ─────────────────────── + x₂ + 42.3834701730789
	                                  2 ⎛     1 ⎞                             
	                                x₂ ⋅⎜x₁ - ──⎟                             
	                                    ⎝     x₁⎠                             

[00:00:00:17.71] Training epoch 7/14, current best R: 0.7835

	** New best
	Reward: 0.7835332207043179
	Count Off-policy: False
	Count On-policy: True
	Originally on Policy: True
	Invalid: False
	Traversal: add,inv,sub,div,inv,div,x2,div,div,div,x2,div,div,x2,x1,x1,sub,x2,58250.07423805404,58250.074237638466,x2,0.00015496529605514475,6474.153576077137
	Expression:
	                                                1                          
	  6474.153576077137 + ─────────────────────────────────────────────────────
	                                               2                           
	                       1.7167360095033954e-5⋅x₁                            
	                      ──────────────────────────── - 0.00015496529605514475
	                        2                                                  
	                      x₂ ⋅(x₂ - 58250.07423805404)                         

[00:00:00:24.04] Training epoch 10/14, current best R: 0.7835
[00:00:00:31.70] Ending training after epoch 14/14, current best R: 0.7835
-- RUNNING EPOCHS END ---------------

-- EVALUATION START ----------------
Saving Hall of Fame to ./log/regression_config_regression_PQT.json_FeynmanIICh8Eq7.in_normal_0.0_2023-05-29-051620/dso_regression_config_regression_PQT.json_FeynmanIICh8Eq7.in_normal_0.0_0_hof.csv
Saving Pareto Front to ./log/regression_config_regression_PQT.json_FeynmanIICh8Eq7.in_normal_0.0_2023-05-29-051620/dso_regression_config_regression_PQT.json_FeynmanIICh8Eq7.in_normal_0.0_0_pf.csv
Invalid expressions: 578 of 14336 (4.0%).
Error type counts:
  reciprocal: 359 (62.1%)
  true_divide: 219 (37.9%)
Error node counts:
  divide: 577 (99.8%)
  invalid: 1 (0.2%)

Priority queue entry 0:
	Reward: 0.7835332207043179
	Count Off-policy: False
	Count On-policy: True
	Originally on Policy: True
	Invalid: False
	Traversal: add,inv,sub,div,inv,div,x2,div,div,div,x2,div,div,x2,x1,x1,sub,x2,58250.07423805404,58250.074237638466,x2,0.00015496529605514475,6474.153576077137
	Expression:
	                                                1                          
	  6474.153576077137 + ─────────────────────────────────────────────────────
	                                               2                           
	                       1.7167360095033954e-5⋅x₁                            
	                      ──────────────────────────── - 0.00015496529605514475
	                        2                                                  
	                      x₂ ⋅(x₂ - 58250.07423805404)                         


Priority queue entry 1:
	Reward: 0.7474748415304304
	Count Off-policy: False
	Count On-policy: True
	Originally on Policy: True
	Invalid: False
	Traversal: add,div,add,inv,add,div,div,mul,add,add,inv,x1,mul,x2,1.0,x1,x2,x1,0.007116549076325581,0.9999962884830116,x2,x2,41.38451642850823
	Expression:
	                                                        1                       
	                      x₂ + ─────────────────────────────────────────────────────
	                                                                     ⎛          
	                                                140.5175442865519⋅x₂⋅⎜x₁ + 1.0⋅x
	                                                                     ⎝          
	                           0.9999962884830116 + ────────────────────────────────
	                                                                   x₁           
	  41.38451642850823 + ──────────────────────────────────────────────────────────
	                                                      x₂                        

       
	  ───────
	      1 ⎞
	  ₂ + ──⎟
	      x₁⎠
	  ───────
       
	  ───────
       


Priority queue entry 2:
	Reward: 0.7474748412341051
	Count Off-policy: False
	Count On-policy: True
	Originally on Policy: True
	Invalid: False
	Traversal: add,sub,mul,div,add,mul,div,inv,sub,x1,inv,x1,mul,2.303474885040279,mul,x2,x2,x1,x1,2.303474885040279,-0.03776045517575512,-42.3834701730789,x2
	Expression:
	                           0.007116562336276069⋅x₁                        
	  -0.0163928226094355⋅x₁ - ─────────────────────── + x₂ + 42.3834701730789
	                                  2 ⎛     1 ⎞                             
	                                x₂ ⋅⎜x₁ - ──⎟                             
	                                    ⎝     x₁⎠                             


Priority queue entry 3:
	Reward: 0.7474748411914911
	Count Off-policy: False
	Count On-policy: True
	Originally on Policy: True
	Invalid: False
	Traversal: sub,sub,add,mul,div,sub,div,mul,sub,sub,sub,mul,mul,x1,1.0,x2,x1,x1,x1,-0.0023721945319498624,x2,x1,x2,x1,22.189917315223944,x1,-20.193477805625964
	Expression:
	           ⎛      -0.0023721945319498624⋅x₁⋅x₂ + 0.0071165835958495872⋅x₁⎞      
	        x₁⋅⎜-x₁ + ───────────────────────────────────────────────────────⎟      
	           ⎝                                 x₂                          ⎠      
	  -x₁ + ────────────────────────────────────────────────────────────────── + 42.
	                                        x₂                                      

               
               
               
	  383395120849908
               


Priority queue entry 4:
	Reward: 0.7474747985589706
	Count Off-policy: False
	Count On-policy: True
	Originally on Policy: True
	Invalid: False
	Traversal: add,42.383379492303824,inv,div,x2,div,mul,-0.007116564809835715,x1,sub,x1,mul,inv,x1,x2
	Expression:
	    0.007116564809835715⋅x₁                     
	  - ─────────────────────── + 42.383379492303824
	             ⎛     x₂⎞                          
	          x₂⋅⎜x₁ - ──⎟                          
	             ⎝     x₁⎠                          


Priority queue entry 5:
	Reward: 0.7402384979657562
	Count Off-policy: False
	Count On-policy: True
	Originally on Policy: True
	Invalid: False
	Traversal: mul,div,add,sub,inv,div,sub,0.9998843402834431,div,sub,x1,x2,x1,x2,x1,x2,x2,59.852214809869274
	Expression:
	                     ⎛                        x₂             ⎞
	  59.852214809869274⋅⎜-x₁ + x₂ + ────────────────────────────⎟
	                     ⎜                                x₁ - x₂⎟
	                     ⎜           0.9998843402834431 - ───────⎟
	                     ⎝                                   x₁  ⎠
	  ────────────────────────────────────────────────────────────
	                               x₂                             


Priority queue entry 6:
	Reward: 0.7382196904934188
	Count Off-policy: False
	Count On-policy: True
	Originally on Policy: True
	Invalid: False
	Traversal: sub,mul,div,x1,x2,sub,add,div,sub,x1,mul,sub,0.9927061781126463,mul,1.0,x2,x1,x2,x1,0.03246386589399025,x2
	Expression:
	     ⎛                           -x₁⋅(0.9927061781126463 - x₂) + x₁⎞     
	  x₁⋅⎜x₁ - 0.03246386589399025 + ──────────────────────────────────⎟     
	     ⎝                                           x₂                ⎠     
	  ────────────────────────────────────────────────────────────────── - x₂
	                                  x₂                                     


Priority queue entry 7:
	Reward: 0.738219642624271
	Count Off-policy: False
	Count On-policy: True
	Originally on Policy: True
	Invalid: False
	Traversal: div,x1,div,x2,add,-0.0324644467944591,add,div,x1,div,add,mul,sub,sub,x1,x1,x1,x1,x2,0.007293802930174514,x1
	Expression:
	     ⎛                           x₁                                           ⎞
	  x₁⋅⎜x₁ + ────────────────────────────────────────────── - 0.0324644467944591⎟
	     ⎜                           2                                            ⎟
	     ⎝     - 137.1026897180061⋅x₁  + 137.1026897180061⋅x₂                     ⎠
	  ─────────────────────────────────────────────────────────────────────────────
	                                        x₂                                     


Priority queue entry 8:
	Reward: 0.7382196425853218
	Count Off-policy: False
	Count On-policy: True
	Originally on Policy: True
	Invalid: False
	Traversal: sub,mul,sub,inv,sub,x1,div,x2,x1,-4.4499535843084,add,inv,div,div,x2,x1,-0.007293818366840938,x2,x1
	Expression:
	        ⎛                     1   ⎞ ⎛  0.007293818366840938⋅x₁     ⎞
	  -x₁ + ⎜4.4499535843084 + ───────⎟⋅⎜- ─────────────────────── + x₂⎟
	        ⎜                       x₂⎟ ⎝             x₂               ⎠
	        ⎜                  x₁ - ──⎟                                 
	        ⎝                       x₁⎠                                 


Priority queue entry 9:
	Reward: 0.7381819718912285
	Count Off-policy: False
	Count On-policy: True
	Originally on Policy: True
	Invalid: False
	Traversal: mul,sub,x2,x1,mul,sub,x1,mul,mul,inv,mul,x1,mul,x2,x2,x1,0.007295194749976902,x1
	Expression:
	                ⎛     0.007295194749976902⎞
	  x₁⋅(-x₁ + x₂)⋅⎜x₁ - ────────────────────⎟
	                ⎜               2         ⎟
	                ⎝             x₂          ⎠

-- EVALUATION END ------------------
== TRAINING SEED 0 END ==============
INFO: Completed run 1 of 1 in 33 s

== POST-PROCESS START =================
-- LOADING LOGS START ----------------
json configure file: ./log/regression_config_regression_PQT.json_FeynmanIICh8Eq7.in_normal_0.0_2023-05-29-051620
Successfully loaded summary data
Successfully loaded Hall of Fame data
Successfully loaded Pareto Front data
-- LOADING LOGS END ------------------

-- ANALYZING LOG START --------------
Task_____________regression
Source path______./log/regression_config_regression_PQT.json_FeynmanIICh8Eq7.in_normal_0.0_2023-05-29-051620
Runs_____________1
Max Samples/run__15000
Success_rate_____0.0
Hall of Fame (Top 5 of 100)____
    0: S=000 R=0.783533 <-- [6474.153576077137 + 1/(1.7167360095033954e-5*x1**2/(x2**2*(x2 - 58250.07423805404)) - 0.00015496529605514475)]
    1: S=000 R=0.747475 <-- [41.38451642850823 + (x2 + 1/(0.9999962884830116 + 140.5175442865519*x2*(x1 + 1.0*x2 + 1/x1)/x1))/x2]
    2: S=000 R=0.747475 <-- [-0.0163928226094355*x1 - 0.007116562336276069*x1/(x2**2*(x1 - 1/x1)) + x2 + 42.3834701730789]
    3: S=000 R=0.747475 <-- [-x1 + x1*(-x1 + (-0.0023721945319498624*x1*x2 + 0.0071165835958495872*x1)/x2)/x2 + 42.383395120849908]
    4: S=000 R=0.747475 <-- [-0.007116564809835715*x1/(x2*(x1 - x2/x1)) + 42.383379492303824]
  Saving Hall of Fame plot to ./log/regression_config_regression_PQT.json_FeynmanIICh8Eq7.in_normal_0.0_2023-05-29-051620/dso_regression_config_regression_PQT.json_FeynmanIICh8Eq7.in_normal_0.0_plot_hof.png
Pareto Front (5 of 10)____
    0: S=000 R=0.783533 C=32.00 <-- [6474.153576077137 + 1/(1.7167360095033954e-5*x1**2/(x2**2*(x2 - 58250.07423805404)) - 0.00015496529605514475)]
    1: S=000 R=0.747475 C=28.00 <-- [41.38451642850823 + (x2 + 1/(0.9999962884830116 + 140.5175442865519*x2*(x1 + 1.0*x2 + 1/x1)/x1))/x2]
    2: S=000 R=0.747475 C=27.00 <-- [-0.0163928226094355*x1 - 0.007116562336276069*x1/(x2**2*(x1 - 1/x1)) + x2 + 42.3834701730789]
    3: S=000 R=0.747475 C=19.00 <-- [-0.007116564809835715*x1/(x2*(x1 - x2/x1)) + 42.383379492303824]
    4: S=000 R=0.738157 C=18.00 <-- [1/(x2*(137.07157170309056 + 137.0715029854483*x2/x1**2))]
  Saving Pareto Front plot to ./log/regression_config_regression_PQT.json_FeynmanIICh8Eq7.in_normal_0.0_2023-05-29-051620/dso_regression_config_regression_PQT.json_FeynmanIICh8Eq7.in_normal_0.0_plot_pf.png
-- ANALYZING LOG END ----------------
== POST-PROCESS END ===================
