debug /depot/yexiang/apps/jiang631/data/scibench/data/unencrypted/equations_feynman/FeynmanICh9Eq18.in
!!!!!!!!!!!!!!!!!!!!!!!!!!!!!i /depot/yexiang/apps/jiang631/data/scibench/data/unencrypted/equations_feynman/FeynmanICh9Eq18.in
['mul', 6.6743e-11, 'mul', 'X_0', 'mul', 'X_1', 'pow', 'add', 'pow', 'add', 'X_2', 'mul', -1, 'X_3', 2, 'add', 'pow', 'add', 'X_4', 'mul', -1, 'X_5', 2, 'pow', 'add', 'X_6', 'mul', -1, 'X_7', 2, -1]
--------------------
eq_name 	 feynman-i.9.18
num_vars 	 8
vars_range_and_types 	 [{"name": "LogUniform", "range": [0.1, 10.0], "only_positive": true}, {"name": "LogUniform", "range": [0.1, 10.0], "only_positive": true}, {"name": "LogUniform", "range": [0.1, 10.0], "only_positive": false}, {"name": "LogUniform", "range": [0.1, 10.0], "only_positive": false}, {"name": "LogUniform", "range": [0.1, 10.0], "only_positive": false}, {"name": "LogUniform", "range": [0.1, 10.0], "only_positive": false}, {"name": "LogUniform", "range": [0.1, 10.0], "only_positive": false}, {"name": "LogUniform", "range": [0.1, 10.0], "only_positive": false}]
function_set 	 ['add', 'sub', 'mul', 'div', 'n2', 'const']
eq_expression 	 mul,6.6743e-11,mul,X_0,mul,X_1,pow,add,pow,add,X_2,mul,-1,X_3,2,add,pow,add,X_4,mul,-1,X_5,2,pow,add,X_6,mul,-1,X_7,2,-1
expr 	 6.6743e-11*X_0*X_1/((X_2 - X_3)**2 + (X_4 - X_5)**2 + (X_6 - X_7)**2)
--------------------

== EXPERIMENT SETUP START ===========
Task type            : regression
Starting seed        : 0
Runs                 : 1
== EXPERIMENT SETUP END =============

== TRAINING SEED 0 START ============
self.dataX <dso.symbolic_data_generator.DataX object at 0x2af2db9eb1d0>, self.data_query_oracle: <dso.symbolic_equation_evaluator_public.Equation_evaluator object at 0x2af2faa8cd68>
generate dataset!
-- BUILDING PRIOR START -------------
WARNING: Skipping invalid 'RelationalConstraint' with arguments {'targets': [], 'effectors': [], 'relationship': None}. Reason: Prior disabled.
WARNING: Skipping invalid 'TrigConstraint' with arguments {}. Reason: There are no target Tokens.
WARNING: Skipping invalid 'UniformArityPrior' with arguments {}. Reason: Prior disabled.
WARNING: Skipping invalid 'LanguageModelPrior' with arguments {'weight': None}. Reason: Prior disabled.
LengthConstraint: Sequences have minimum length 4.
                  Sequences have maximum length 256.
RepeatConstraint: [const] cannot occur more than 10 times.
RelationalConstraint: [inv] cannot be a child of [inv].
ConstConstraint: [const] cannot be the only unique child of [inv, add, sub, mul, div].
NoInputsConstraint: Sequences contain at least one input variable Token.
SoftLengthPrior: No description available.
-- BUILDING PRIOR END ---------------

-- RUNNING EPOCHS START -------------
[00:00:00:01.75] Training epoch 1/14, current best R: 0.4985

	** New best
	Reward: 0.49849383848855644
	Count Off-policy: False
	Count On-policy: True
	Originally on Policy: True
	Invalid: False
	Traversal: mul,sub,x5,x5,inv,x5
	Expression:
	  0

[00:00:00:07.47] Training epoch 8/14, current best R: 0.4985

	** New best
	Reward: 0.49849383885115267
	Count Off-policy: False
	Count On-policy: True
	Originally on Policy: True
	Invalid: False
	Traversal: sub,x4,inv,div,1.0,x4
	Expression:
	  0

[00:00:00:09.09] Training epoch 10/14, current best R: 0.4985
[00:00:00:12.32] Ending training after epoch 14/14, current best R: 0.4985
-- RUNNING EPOCHS END ---------------

-- EVALUATION START ----------------
Saving Hall of Fame to ./log/regression_config_regression_VPG.json_FeynmanICh9Eq18.in_normal_0.0_2023-05-29-051016/dso_regression_config_regression_VPG.json_FeynmanICh9Eq18.in_normal_0.0_0_hof.csv
Saving Pareto Front to ./log/regression_config_regression_VPG.json_FeynmanICh9Eq18.in_normal_0.0_2023-05-29-051016/dso_regression_config_regression_VPG.json_FeynmanICh9Eq18.in_normal_0.0_0_pf.csv
Invalid expressions: 171 of 14336 (1.2%).
Error type counts:
  reciprocal: 82 (48.0%)
  true_divide: 89 (52.0%)
Error node counts:
  divide: 171 (100.0%)
-- EVALUATION END ------------------
== TRAINING SEED 0 END ==============
INFO: Completed run 1 of 1 in 13 s

== POST-PROCESS START =================
-- LOADING LOGS START ----------------
json configure file: ./log/regression_config_regression_VPG.json_FeynmanICh9Eq18.in_normal_0.0_2023-05-29-051016
Successfully loaded summary data
Successfully loaded Hall of Fame data
Successfully loaded Pareto Front data
-- LOADING LOGS END ------------------

-- ANALYZING LOG START --------------
Task_____________regression
Source path______./log/regression_config_regression_VPG.json_FeynmanICh9Eq18.in_normal_0.0_2023-05-29-051016
Runs_____________1
Max Samples/run__15000
Success_rate_____0.0
Hall of Fame (Top 5 of 100)____
    0: S=000 R=0.498494 <-- [0]
    1: S=000 R=0.498494 <-- [0]
    2: S=000 R=0.498494 <-- [0]
    3: S=000 R=0.498494 <-- [0]
    4: S=000 R=0.498494 <-- [0]
  Saving Hall of Fame plot to ./log/regression_config_regression_VPG.json_FeynmanICh9Eq18.in_normal_0.0_2023-05-29-051016/dso_regression_config_regression_VPG.json_FeynmanICh9Eq18.in_normal_0.0_plot_hof.png
Pareto Front (2 of 2)____
    0: S=000 R=0.498494 C=8.00 <-- [0]
    1: S=000 R=0.498494 C=5.00 <-- [0]
  Saving Pareto Front plot to ./log/regression_config_regression_VPG.json_FeynmanICh9Eq18.in_normal_0.0_2023-05-29-051016/dso_regression_config_regression_VPG.json_FeynmanICh9Eq18.in_normal_0.0_plot_pf.png
-- ANALYZING LOG END ----------------
== POST-PROCESS END ===================
