debug /depot/yexiang/apps/jiang631/data/scibench/data/unencrypted/equations_feynman/FeynmanIIICh14Eq14.in
!!!!!!!!!!!!!!!!!!!!!!!!!!!!!i /depot/yexiang/apps/jiang631/data/scibench/data/unencrypted/equations_feynman/FeynmanIIICh14Eq14.in
['mul', 'X_0', 'add', -1, 'exp', 'mul', 7.24297051603992e+22, 'mul', 'X_1', 'mul', 'X_2', 'pow', 'X_3', -1]
--------------------
eq_name 	 feynman-iii.14.14
num_vars 	 4
vars_range_and_types 	 [{"name": "LogUniform", "range": [0.001, 0.1], "only_positive": false}, {"name": "LogUniform", "range": [1e-22, 1e-20], "only_positive": true}, {"name": "LogUniform", "range": [0.1, 10.0], "only_positive": false}, {"name": "LogUniform", "range": [10.0, 1000.0], "only_positive": true}]
function_set 	 ['add', 'sub', 'mul', 'div', 'sin', 'cos', 'exp', 'log', 'const']
eq_expression 	 mul,X_0,add,-1,exp,mul,7.24297051603992e+22,mul,X_1,mul,X_2,pow,X_3,-1
expr 	 X_0*(exp(7.24297051603992e+22*X_1*X_2/X_3) - 1)
--------------------

== EXPERIMENT SETUP START ===========
Task type            : regression
Starting seed        : 0
Runs                 : 1
== EXPERIMENT SETUP END =============

== TRAINING SEED 0 START ============
self.dataX <dso.symbolic_data_generator.DataX object at 0x2b8ac5039160>, self.data_query_oracle: <dso.symbolic_equation_evaluator_public.Equation_evaluator object at 0x2b8ae40dbda0>
generate dataset!
-- BUILDING PRIOR START -------------
WARNING: Skipping invalid 'RelationalConstraint' with arguments {'targets': [], 'effectors': [], 'relationship': None}. Reason: Prior disabled.
WARNING: Skipping invalid 'TrigConstraint' with arguments {}. Reason: There are no target Tokens.
WARNING: Skipping invalid 'UniformArityPrior' with arguments {}. Reason: Prior disabled.
WARNING: Skipping invalid 'LanguageModelPrior' with arguments {'weight': None}. Reason: Prior disabled.
LengthConstraint: Sequences have minimum length 4.
                  Sequences have maximum length 256.
RepeatConstraint: [const] cannot occur more than 10 times.
RelationalConstraint: [inv] cannot be a child of [inv].
ConstConstraint: [const] cannot be the only unique child of [inv, add, sub, mul, div].
NoInputsConstraint: Sequences contain at least one input variable Token.
SoftLengthPrior: No description available.
-- BUILDING PRIOR END ---------------

-- RUNNING EPOCHS START -------------
gen	iter	pop_size	nevals	uncached_size	best_val              	timer  
0  	0   	1024    	1024  	1024         	(-0.4999949941844653,)	1.59691
1  	1   	1024    	778   	696          	(-0.4999949941844653,)	0.275338
2  	2   	1024    	779   	685          	(-0.4999949942617369,)	0.269337
3  	3   	1024    	784   	696          	(-0.4999949942617369,)	0.26158 
4  	4   	1024    	777   	679          	(-0.499994994270888,) 	0.277003
5  	5   	1024    	791   	682          	(-0.499994994270888,) 	0.553108
6  	6   	1024    	765   	658          	(-0.499994994270888,) 	0.415267
7  	7   	1024    	770   	672          	(-0.4999949942837876,)	0.461606
8  	8   	1024    	769   	675          	(-0.499994994283789,) 	0.412435
9  	9   	1024    	746   	653          	(-0.49999499429670974,)	0.699631

--------------------------------------------------
GP Time: 5.46368

Unique expressions evaluated: 8089
Total expression evaluations: 7983
--------------------------------------------------

GP -> best program this epoch:

	Reward: 0.49999499429670974
	Count Off-policy: 1
	Count On-policy: 0
	Originally on Policy: False
	Invalid: False
	Traversal: div,div,sub,x4,mul,mul,inv,mul,add,2.000000783010886,x2,inv,div,inv,div,x2,x4,inv,div,x2,mul,x2,sub,inv,x1,div,x3,x3,add,sub,-7.70952992296872e-07,x3,mul,x3,1.142990153616956,-6.513783625246042e-07,x4,x2
	Expression:
	       6.513783625246042e-7⋅x₄⋅(0.142990153616956⋅x₃ - 7.70952992296872e-7)
	  x₄ + ────────────────────────────────────────────────────────────────────
	                         ⎛     1 ⎞                                         
	                      x₂⋅⎜-1 + ──⎟⋅(x₂ + 2.000000783010886)                
	                         ⎝     x₁⎠                                         
	  ─────────────────────────────────────────────────────────────────────────
	                                    x₂⋅x₄                                  

None

--------------------------------------------------

[00:00:00:07.69] Training epoch 1/14, current best R: 0.5000

	** New best
	Reward: 0.49999499429670974
	Count Off-policy: 1
	Count On-policy: 0
	Originally on Policy: False
	Invalid: False
	Traversal: div,div,sub,x4,mul,mul,inv,mul,add,2.000000783010886,x2,inv,div,inv,div,x2,x4,inv,div,x2,mul,x2,sub,inv,x1,div,x3,x3,add,sub,-7.70952992296872e-07,x3,mul,x3,1.142990153616956,-6.513783625246042e-07,x4,x2
	Expression:
	       6.513783625246042e-7⋅x₄⋅(0.142990153616956⋅x₃ - 7.70952992296872e-7)
	  x₄ + ────────────────────────────────────────────────────────────────────
	                         ⎛     1 ⎞                                         
	                      x₂⋅⎜-1 + ──⎟⋅(x₂ + 2.000000783010886)                
	                         ⎝     x₁⎠                                         
	  ─────────────────────────────────────────────────────────────────────────
	                                    x₂⋅x₄                                  

10 	0   	1024    	1024  	1016         	(-0.4999949941844653,) 	0.39389 
11 	1   	1024    	766   	675          	(-0.49999499421322974,)	0.28169 
12 	2   	1024    	783   	673          	(-0.49999499421322974,)	0.29781 
13 	3   	1024    	762   	647          	(-0.49999499421322974,)	0.264617
14 	4   	1024    	804   	698          	(-0.49999499421322974,)	0.273798
15 	5   	1024    	753   	643          	(-0.49999499421322974,)	0.27228 
16 	6   	1024    	794   	667          	(-0.49999499421322974,)	0.449402
17 	7   	1024    	773   	660          	(-0.49999499421322974,)	0.280908
18 	8   	1024    	747   	621          	(-0.49999499421322974,)	0.269237
19 	9   	1024    	759   	632          	(-0.499994994345277,)  	0.261117

--------------------------------------------------
GP Time: 3.28652

Unique expressions evaluated: 16012
Total expression evaluations: 15948
--------------------------------------------------

GP -> best program this epoch:

	Reward: 0.499994994345277
	Count Off-policy: 1
	Count On-policy: 0
	Originally on Policy: False
	Invalid: False
	Traversal: mul,inv,x2,div,inv,mul,sub,x4,x2,div,1.7255355404531212,div,3.152937648454924e-05,x4,div,x2,mul,x1,x3
	Expression:
	  1.827222664812207e-5⋅x₁⋅x₃
	  ──────────────────────────
	        2                   
	      x₂ ⋅x₄⋅(-x₂ + x₄)     

None

--------------------------------------------------

[00:00:00:12.14] Training epoch 2/14, current best R: 0.5000

	** New best
	Reward: 0.499994994345277
	Count Off-policy: 1
	Count On-policy: 0
	Originally on Policy: False
	Invalid: False
	Traversal: mul,inv,x2,div,inv,mul,sub,x4,x2,div,1.7255355404531212,div,3.152937648454924e-05,x4,div,x2,mul,x1,x3
	Expression:
	  1.827222664812207e-5⋅x₁⋅x₃
	  ──────────────────────────
	        2                   
	      x₂ ⋅x₄⋅(-x₂ + x₄)     

-- RUNNING EPOCHS END ---------------

-- EVALUATION START ----------------
Saving Hall of Fame to ./log/regression_config_regression_GPMELD.json_FeynmanIIICh14Eq14.in_normal_0.0_2023-05-29-052312/dso_regression_config_regression_GPMELD.json_FeynmanIIICh14Eq14.in_normal_0.0_0_hof.csv
Saving Pareto Front to ./log/regression_config_regression_GPMELD.json_FeynmanIIICh14Eq14.in_normal_0.0_2023-05-29-052312/dso_regression_config_regression_GPMELD.json_FeynmanIIICh14Eq14.in_normal_0.0_0_pf.csv
Invalid expressions: 202 of 17996 (1.1%).
Error type counts:
  reciprocal: 112 (55.4%)
  true_divide: 90 (44.6%)
Error node counts:
  divide: 201 (99.5%)
  invalid: 1 (0.5%)
-- EVALUATION END ------------------
== TRAINING SEED 0 END ==============
INFO: Completed run 1 of 1 in 13 s

== POST-PROCESS START =================
-- LOADING LOGS START ----------------
json configure file: ./log/regression_config_regression_GPMELD.json_FeynmanIIICh14Eq14.in_normal_0.0_2023-05-29-052312
Successfully loaded summary data
Successfully loaded Hall of Fame data
Successfully loaded Pareto Front data
-- LOADING LOGS END ------------------

-- ANALYZING LOG START --------------
Task_____________regression
Source path______./log/regression_config_regression_GPMELD.json_FeynmanIIICh14Eq14.in_normal_0.0_2023-05-29-052312
Runs_____________1
Max Samples/run__15000
Success_rate_____0.0
Hall of Fame (Top 5 of 100)____
    0: S=000 R=0.499995 <-- [1.827222664812207e-5*x1*x3/(x2**2*x4*(-x2 + x4))]
    1: S=000 R=0.499995 <-- [1.827222664812207e-5*x1*x3/(x2**2*x4*(-x2 + x4))]
    2: S=000 R=0.499995 <-- [(x4 + 6.513783625246042e-7*x4*(0.142990153616956*x3 - 7.70952992296872e-7)/(x2*(-1 + 1/x1)*(x2 + 2.000000783010886)))/(x2*x4)]
    3: S=000 R=0.499995 <-- [(x4 + 6.513783625246042e-7*x4*(0.142990153616956*x3 - 7.70952992296872e-7)/(x2*(-1 + 1/x1)*(x2 + 2.000000783010886)))/(x2*x4)]
    4: S=000 R=0.499995 <-- [(1.0 + 9.675097242910816e-7*x4/(x2*(2.0000009756070862 - 0.1550411085164135*x3)*(x2 + 2.0000009756070862)*(-2*x3/(x2 + x4) + 2/x1)))/(x2*x4)]
  Saving Hall of Fame plot to ./log/regression_config_regression_GPMELD.json_FeynmanIIICh14Eq14.in_normal_0.0_2023-05-29-052312/dso_regression_config_regression_GPMELD.json_FeynmanIIICh14Eq14.in_normal_0.0_plot_hof.png
Pareto Front (5 of 6)____
    0: S=000 R=0.499995 C=25.00 <-- [1.827222664812207e-5*x1*x3/(x2**2*x4*(-x2 + x4))]
    1: S=000 R=0.499995 C=21.00 <-- [4.5307700380502365e-6*x1/(x2**2*x4)]
    2: S=000 R=0.499995 C=20.00 <-- [7.77856672562658e-8*x1/x2**2 + x4]
    3: S=000 R=0.499995 C=17.00 <-- [x3*(1/x1 + 1/(x1**2*x2))/x1]
    4: S=000 R=0.499995 C=11.00 <-- [1/(x1**3*x2)]
  Saving Pareto Front plot to ./log/regression_config_regression_GPMELD.json_FeynmanIIICh14Eq14.in_normal_0.0_2023-05-29-052312/dso_regression_config_regression_GPMELD.json_FeynmanIIICh14Eq14.in_normal_0.0_plot_pf.png
-- ANALYZING LOG END ----------------
== POST-PROCESS END ===================
