debug /depot/yexiang/apps/jiang631/data/scibench/data/unencrypted/equations_feynman/FeynmanICh12Eq4.in
!!!!!!!!!!!!!!!!!!!!!!!!!!!!!i /depot/yexiang/apps/jiang631/data/scibench/data/unencrypted/equations_feynman/FeynmanICh12Eq4.in
['mul', 28235825615.541, 'mul', 'X_0', 'mul', 'pow', 3.141592653589793, -1, 'pow', 'X_1', -2]
--------------------
eq_name 	 feynman-i.12.4
num_vars 	 2
vars_range_and_types 	 [{"name": "LogUniform", "range": [0.1, 10.0], "only_positive": false}, {"name": "LogUniform", "range": [0.1, 10.0], "only_positive": true}]
function_set 	 ['add', 'sub', 'mul', 'div', 'n3', 'const']
eq_expression 	 mul,28235825615.541,mul,X_0,mul,pow,3.141592653589793,-1,pow,X_1,-2
expr 	 28235825615.541*X_0/(pi*X_1**2)
--------------------

== EXPERIMENT SETUP START ===========
Task type            : regression
Starting seed        : 0
Runs                 : 1
== EXPERIMENT SETUP END =============

== TRAINING SEED 0 START ============
self.dataX <dso.symbolic_data_generator.DataX object at 0x2b2f579b1828>, self.data_query_oracle: <dso.symbolic_equation_evaluator_public.Equation_evaluator object at 0x2b2f4224dd68>
generate dataset!
-- BUILDING PRIOR START -------------
WARNING: Skipping invalid 'RelationalConstraint' with arguments {'targets': [], 'effectors': [], 'relationship': None}. Reason: Prior disabled.
WARNING: Skipping invalid 'TrigConstraint' with arguments {}. Reason: There are no target Tokens.
WARNING: Skipping invalid 'UniformArityPrior' with arguments {}. Reason: Prior disabled.
WARNING: Skipping invalid 'LanguageModelPrior' with arguments {'weight': None}. Reason: Prior disabled.
LengthConstraint: Sequences have minimum length 4.
                  Sequences have maximum length 256.
RepeatConstraint: [const] cannot occur more than 10 times.
RelationalConstraint: [inv] cannot be a child of [inv].
ConstConstraint: [const] cannot be the only unique child of [inv, add, sub, mul, div].
NoInputsConstraint: Sequences contain at least one input variable Token.
SoftLengthPrior: No description available.
-- BUILDING PRIOR END ---------------

-- RUNNING EPOCHS START -------------
[00:00:00:02.07] Training epoch 1/14, current best R: 0.7510

	** New best
	Reward: 0.7510045200992753
	Count Off-policy: False
	Count On-policy: True
	Originally on Policy: True
	Invalid: False
	Traversal: mul,x2,inv,div,x2,div,add,x1,x1,mul,0.0011578674023814091,mul,div,sub,mul,x2,1.0000512284503196,x2,2.051412771155388,0.0011578674023814091
	Expression:
	  59738481274.713474⋅x₁
	  ─────────────────────
	            x₂         

[00:00:00:11.93] Training epoch 10/14, current best R: 0.7510
[00:00:00:15.91] Ending training after epoch 14/14, current best R: 0.7510
-- RUNNING EPOCHS END ---------------

-- EVALUATION START ----------------
Saving Hall of Fame to ./log/regression_config_regression_DSR.json_FeynmanICh12Eq4.in_normal_0.0_2023-05-29-051646/dso_regression_config_regression_DSR.json_FeynmanICh12Eq4.in_normal_0.0_0_hof.csv
Saving Pareto Front to ./log/regression_config_regression_DSR.json_FeynmanICh12Eq4.in_normal_0.0_2023-05-29-051646/dso_regression_config_regression_DSR.json_FeynmanICh12Eq4.in_normal_0.0_0_pf.csv
Invalid expressions: 386 of 14336 (2.7%).
Error type counts:
  reciprocal: 237 (61.4%)
  true_divide: 149 (38.6%)
Error node counts:
  divide: 385 (99.7%)
  invalid: 1 (0.3%)
-- EVALUATION END ------------------
== TRAINING SEED 0 END ==============
INFO: Completed run 1 of 1 in 17 s

== POST-PROCESS START =================
-- LOADING LOGS START ----------------
json configure file: ./log/regression_config_regression_DSR.json_FeynmanICh12Eq4.in_normal_0.0_2023-05-29-051646
Successfully loaded summary data
Successfully loaded Hall of Fame data
Successfully loaded Pareto Front data
-- LOADING LOGS END ------------------

-- ANALYZING LOG START --------------
Task_____________regression
Source path______./log/regression_config_regression_DSR.json_FeynmanICh12Eq4.in_normal_0.0_2023-05-29-051646
Runs_____________1
Max Samples/run__15000
Success_rate_____0.0
Hall of Fame (Top 5 of 100)____
    0: S=000 R=0.751005 <-- [59738481274.713474*x1/x2]
    1: S=000 R=0.500885 <-- [-27351.68955658152*x1*(0.999999412734359 - 1167.7540573043653/x2**2) + 27351.68955658152*x2 - 27351.68865067652]
    2: S=000 R=0.500592 <-- [611189804.44826898*x1*(x1 + x2)/x2]
    3: S=000 R=0.500098 <-- [3695315.1781333073*x1/x2**2]
    4: S=000 R=0.500098 <-- [27594408.336449281*x1/x2]
  Saving Hall of Fame plot to ./log/regression_config_regression_DSR.json_FeynmanICh12Eq4.in_normal_0.0_2023-05-29-051646/dso_regression_config_regression_DSR.json_FeynmanICh12Eq4.in_normal_0.0_plot_hof.png
Pareto Front (5 of 10)____
    0: S=000 R=0.751005 C=24.00 <-- [59738481274.713474*x1/x2]
    1: S=000 R=0.500885 C=20.00 <-- [-27351.68955658152*x1*(0.999999412734359 - 1167.7540573043653/x2**2) + 27351.68955658152*x2 - 27351.68865067652]
    2: S=000 R=0.500098 C=18.00 <-- [27594408.336449281*x1/x2]
    3: S=000 R=0.500006 C=16.00 <-- [20238503.515945082*x1]
    4: S=000 R=0.499995 C=15.00 <-- [x1**3/x2**3]
  Saving Pareto Front plot to ./log/regression_config_regression_DSR.json_FeynmanICh12Eq4.in_normal_0.0_2023-05-29-051646/dso_regression_config_regression_DSR.json_FeynmanICh12Eq4.in_normal_0.0_plot_pf.png
-- ANALYZING LOG END ----------------
== POST-PROCESS END ===================
