debug /depot/yexiang/apps/jiang631/data/scibench/data/unencrypted/equations_feynman/FeynmanBonus11.in
!!!!!!!!!!!!!!!!!!!!!!!!!!!!!i /depot/yexiang/apps/jiang631/data/scibench/data/unencrypted/equations_feynman/FeynmanBonus11.in
['mul', 4, 'mul', 'X_0', 'mul', 'pow', 'X_1', -2, 'mul', 'pow', 'sin', 'mul', 0.5, 'X_1', 2, 'mul', 'pow', 'sin', 'mul', 0.5, 'X_3', -2, 'pow', 'sin', 'mul', 0.5, 'mul', 'X_2', 'X_3', 2]
--------------------
eq_name 	 feynman-bonus.11
num_vars 	 4
vars_range_and_types 	 [{"name": "LogUniform", "range": [0.001, 0.1], "only_positive": true}, {"name": "LogUniform", "range": [1e-11, 1e-09], "only_positive": true}, {"name": "IntegerUniform", "range": [1, 100], "only_positive": true}, {"name": "LogUniform", "range": [1e-11, 1e-09], "only_positive": true}]
function_set 	 ['add', 'sub', 'mul', 'div', 'sin', 'cos', 'exp', 'log', 'const']
eq_expression 	 mul,4,mul,X_0,mul,pow,X_1,-2,mul,pow,sin,mul,0.5,X_1,2,mul,pow,sin,mul,0.5,X_3,-2,pow,sin,mul,0.5,mul,X_2,X_3,2
expr 	 4*X_0*sin(X_1/2)**2*sin(X_2*X_3/2)**2/(X_1**2*sin(X_3/2)**2)
--------------------

== EXPERIMENT SETUP START ===========
Task type            : regression
Starting seed        : 0
Runs                 : 1
== EXPERIMENT SETUP END =============

== TRAINING SEED 0 START ============
self.dataX <dso.symbolic_data_generator.DataX object at 0x2b9139f207b8>, self.data_query_oracle: <dso.symbolic_equation_evaluator_public.Equation_evaluator object at 0x2b91206a4d68>
generate dataset!
-- BUILDING PRIOR START -------------
WARNING: Skipping invalid 'RelationalConstraint' with arguments {'targets': [], 'effectors': [], 'relationship': None}. Reason: Prior disabled.
WARNING: Skipping invalid 'TrigConstraint' with arguments {}. Reason: There are no target Tokens.
WARNING: Skipping invalid 'UniformArityPrior' with arguments {}. Reason: Prior disabled.
WARNING: Skipping invalid 'LanguageModelPrior' with arguments {'weight': None}. Reason: Prior disabled.
LengthConstraint: Sequences have minimum length 4.
                  Sequences have maximum length 256.
RepeatConstraint: [const] cannot occur more than 10 times.
RelationalConstraint: [inv] cannot be a child of [inv].
ConstConstraint: [const] cannot be the only unique child of [inv, add, sub, mul, div].
NoInputsConstraint: Sequences contain at least one input variable Token.
SoftLengthPrior: No description available.
-- BUILDING PRIOR END ---------------

-- RUNNING EPOCHS START -------------
[00:00:00:02.65] Training epoch 1/14, current best R: 0.9927

	** New best
	Reward: 0.9927040751965388
	Count Off-policy: False
	Count On-policy: True
	Originally on Policy: True
	Invalid: False
	Traversal: mul,x1,add,mul,mul,x3,x3,div,add,mul,x2,x4,x2,x2,add,-50.36192357515703,x3
	Expression:
	     ⎛                           2             ⎞
	     ⎜                         x₃ ⋅(x₂⋅x₄ + x₂)⎟
	  x₁⋅⎜x₃ - 50.36192357515703 + ────────────────⎟
	     ⎝                                x₂       ⎠

[00:00:00:04.22] Training epoch 2/14, current best R: 1.0000

	** New best
	Reward: 0.9999999994051498
	Count Off-policy: False
	Count On-policy: True
	Originally on Policy: True
	Invalid: False
	Traversal: add,mul,mul,x3,inv,div,sub,mul,inv,x3,div,mul,x4,x4,x1,7.133985707650432,x3,mul,x1,-7.133985711351858,x4
	Expression:
	                            2      
	     7.133985711351858⋅x₁⋅x₃       
	  - ────────────────────────── + x₄
	                            2      
	                          x₄       
	    -7.133985707650432 + ─────     
	                         x₁⋅x₃     

[00:00:00:04.23] Early stopping criteria met; breaking early.
-- RUNNING EPOCHS END ---------------

-- EVALUATION START ----------------
Saving Hall of Fame to ./log/regression_config_regression_PQT.json_FeynmanBonus11.in_normal_0.0_2023-05-29-051056/dso_regression_config_regression_PQT.json_FeynmanBonus11.in_normal_0.0_0_hof.csv
Saving Pareto Front to ./log/regression_config_regression_PQT.json_FeynmanBonus11.in_normal_0.0_2023-05-29-051056/dso_regression_config_regression_PQT.json_FeynmanBonus11.in_normal_0.0_0_pf.csv
Invalid expressions: 47 of 2048 (2.3%).
Error type counts:
  reciprocal: 31 (66.0%)
  true_divide: 16 (34.0%)
Error node counts:
  divide: 47 (100.0%)

Priority queue entry 0:
	Reward: 0.9999999994051498
	Count Off-policy: False
	Count On-policy: True
	Originally on Policy: True
	Invalid: False
	Traversal: add,mul,mul,x3,inv,div,sub,mul,inv,x3,div,mul,x4,x4,x1,7.133985707650432,x3,mul,x1,-7.133985711351858,x4
	Expression:
	                            2      
	     7.133985711351858⋅x₁⋅x₃       
	  - ────────────────────────── + x₄
	                            2      
	                          x₄       
	    -7.133985707650432 + ─────     
	                         x₁⋅x₃     


Priority queue entry 1:
	Reward: 0.9927040751965388
	Count Off-policy: False
	Count On-policy: True
	Originally on Policy: True
	Invalid: False
	Traversal: mul,x1,add,mul,mul,x3,x3,div,add,mul,x2,x4,x2,x2,add,-50.36192357515703,x3
	Expression:
	     ⎛                           2             ⎞
	     ⎜                         x₃ ⋅(x₂⋅x₄ + x₂)⎟
	  x₁⋅⎜x₃ - 50.36192357515703 + ────────────────⎟
	     ⎝                                x₂       ⎠

-- EVALUATION END ------------------
== TRAINING SEED 0 END ==============
INFO: Completed run 1 of 1 in 6 s

== POST-PROCESS START =================
-- LOADING LOGS START ----------------
json configure file: ./log/regression_config_regression_PQT.json_FeynmanBonus11.in_normal_0.0_2023-05-29-051056
Successfully loaded summary data
Successfully loaded Hall of Fame data
Successfully loaded Pareto Front data
-- LOADING LOGS END ------------------

-- ANALYZING LOG START --------------
Task_____________regression
Source path______./log/regression_config_regression_PQT.json_FeynmanBonus11.in_normal_0.0_2023-05-29-051056
Runs_____________1
Max Samples/run__15000
Success_rate_____1.0
Hall of Fame (Top 5 of 100)____
    0: S=000 R=1.000000 <-- [-7.133985711351858*x1*x3**2/(-7.133985707650432 + x4**2/(x1*x3)) + x4]
    1: S=000 R=0.992704 <-- [x1*(x3 - 50.36192357515703 + x3**2*(x2*x4 + x2)/x2)]
    2: S=000 R=0.841509 <-- [x1*(x1 + x2*x3 + x3*(-x1/x3 + 100.87092291061784) - x3 - 1669.8896104933158) - 0.08215052193195538]
    3: S=000 R=0.841509 <-- [99.88843958478137*x1*(x3 - 16.74503616830258)]
    4: S=000 R=0.841504 <-- [(x4 + 0.1466385827380821)*(-x1*(-38.540200011634084*x3*(17.74064579343786 - x1) + 11369.569416864951) - 1.810700309329985)]
  Saving Hall of Fame plot to ./log/regression_config_regression_PQT.json_FeynmanBonus11.in_normal_0.0_2023-05-29-051056/dso_regression_config_regression_PQT.json_FeynmanBonus11.in_normal_0.0_plot_hof.png
Pareto Front (4 of 4)____
    0: S=000 R=1.000000 C=25.00 <-- [-7.133985711351858*x1*x3**2/(-7.133985707650432 + x4**2/(x1*x3)) + x4]
    1: S=000 R=0.992704 C=18.00 <-- [x1*(x3 - 50.36192357515703 + x3**2*(x2*x4 + x2)/x2)]
    2: S=000 R=0.841509 C=7.00 <-- [99.88843958478137*x1*(x3 - 16.74503616830258)]
    3: S=000 R=0.568868 C=5.00 <-- [x1*(3347.2206538797254 - x1)]
  Saving Pareto Front plot to ./log/regression_config_regression_PQT.json_FeynmanBonus11.in_normal_0.0_2023-05-29-051056/dso_regression_config_regression_PQT.json_FeynmanBonus11.in_normal_0.0_plot_pf.png
-- ANALYZING LOG END ----------------
== POST-PROCESS END ===================
