debug /depot/yexiang/apps/jiang631/data/scibench/data/unencrypted/equations_feynman/FeynmanICh10Eq7.in
!!!!!!!!!!!!!!!!!!!!!!!!!!!!!i /depot/yexiang/apps/jiang631/data/scibench/data/unencrypted/equations_feynman/FeynmanICh10Eq7.in
['mul', 'X_0', 'pow', 'add', 1, 'mul', -1.11265005605362e-17, 'pow', 'X_1', 2, -0.5]
--------------------
eq_name 	 feynman-i.10.7
num_vars 	 2
vars_range_and_types 	 [{"name": "LogUniform", "range": [0.1, 10.0], "only_positive": true}, {"name": "LogUniform", "range": [100000.0, 100000000.0], "only_positive": true}]
function_set 	 ['add', 'sub', 'mul', 'div', 'sqrt', 'n2', 'const']
eq_expression 	 mul,X_0,pow,add,1,mul,-1.11265005605362e-17,pow,X_1,2,-0.5
expr 	 X_0/sqrt(1 - 1.11265005605362e-17*X_1**2)
--------------------

== EXPERIMENT SETUP START ===========
Task type            : regression
Starting seed        : 0
Runs                 : 1
== EXPERIMENT SETUP END =============

== TRAINING SEED 0 START ============
self.dataX <dso.symbolic_data_generator.DataX object at 0x2b4549afdb00>, self.data_query_oracle: <dso.symbolic_equation_evaluator_public.Equation_evaluator object at 0x2b4530372cf8>
generate dataset!
-- BUILDING PRIOR START -------------
WARNING: Skipping invalid 'RelationalConstraint' with arguments {'targets': [], 'effectors': [], 'relationship': None}. Reason: Prior disabled.
WARNING: Skipping invalid 'TrigConstraint' with arguments {}. Reason: There are no target Tokens.
WARNING: Skipping invalid 'UniformArityPrior' with arguments {}. Reason: Prior disabled.
WARNING: Skipping invalid 'LanguageModelPrior' with arguments {'weight': None}. Reason: Prior disabled.
LengthConstraint: Sequences have minimum length 4.
                  Sequences have maximum length 256.
RepeatConstraint: [const] cannot occur more than 10 times.
RelationalConstraint: [inv] cannot be a child of [inv].
ConstConstraint: [const] cannot be the only unique child of [inv, add, sub, mul, div].
NoInputsConstraint: Sequences contain at least one input variable Token.
SoftLengthPrior: No description available.
-- BUILDING PRIOR END ---------------

-- RUNNING EPOCHS START -------------
[00:00:00:03.81] Training epoch 1/14, current best R: 0.9866

	** New best
	Reward: 0.9865874650053553
	Count Off-policy: False
	Count On-policy: True
	Originally on Policy: True
	Invalid: False
	Traversal: sub,mul,sub,div,mul,inv,div,sub,1.0028939034319428,add,1.0029099791533853,sub,x2,x2,sub,x1,0.07908163509437047,-0.02016181665568114,x2,x1,-1.0062867684687207,0.0005130726813422576
	Expression:
	                                                  1.0062867684687207⋅(1254.17803
	  1.0062867684687207⋅x₁ - 0.0005130726813422576 - ──────────────────────────────
                                                                              

	  03794249⋅x₁ - 99.182449341841964)
	  ─────────────────────────────────
	   x₂                              

[00:00:00:23.17] Training epoch 6/14, current best R: 0.9957

	** New best
	Reward: 0.9956764581329046
	Count Off-policy: False
	Count On-policy: True
	Originally on Policy: True
	Invalid: False
	Traversal: mul,mul,x1,sub,2.096023375382993e-05,div,mul,-1.5535347803622925,inv,x2,101.757582133968,sub,sub,div,x2,0.9999773993654394,-47521.434696270975,x2
	Expression:
	     ⎛                       0.015267017432833659⎞                              
	  x₁⋅⎜2.096023375382993e-5 + ────────────────────⎟⋅(2.26011453608177e-5⋅x₂ + 475
	     ⎝                                x₂         ⎠                              

                
	  21.434696270975)
                

[00:00:00:42.95] Training epoch 10/14, current best R: 0.9957
[00:00:01:07.07] Ending training after epoch 14/14, current best R: 0.9957
-- RUNNING EPOCHS END ---------------

-- EVALUATION START ----------------
Saving Hall of Fame to ./log/regression_config_regression_VPG.json_FeynmanICh10Eq7.in_normal_0.0_2023-05-29-051013/dso_regression_config_regression_VPG.json_FeynmanICh10Eq7.in_normal_0.0_0_hof.csv
Saving Pareto Front to ./log/regression_config_regression_VPG.json_FeynmanICh10Eq7.in_normal_0.0_2023-05-29-051013/dso_regression_config_regression_VPG.json_FeynmanICh10Eq7.in_normal_0.0_0_pf.csv
Invalid expressions: 419 of 14336 (2.9%).
Error type counts:
  reciprocal: 254 (60.6%)
  true_divide: 165 (39.4%)
Error node counts:
  divide: 417 (99.5%)
  invalid: 2 (0.5%)
-- EVALUATION END ------------------
== TRAINING SEED 0 END ==============
INFO: Completed run 1 of 1 in 68 s

== POST-PROCESS START =================
-- LOADING LOGS START ----------------
json configure file: ./log/regression_config_regression_VPG.json_FeynmanICh10Eq7.in_normal_0.0_2023-05-29-051013
Successfully loaded summary data
Successfully loaded Hall of Fame data
Successfully loaded Pareto Front data
-- LOADING LOGS END ------------------

-- ANALYZING LOG START --------------
Task_____________regression
Source path______./log/regression_config_regression_VPG.json_FeynmanICh10Eq7.in_normal_0.0_2023-05-29-051013
Runs_____________1
Max Samples/run__15000
Success_rate_____0.0
Hall of Fame (Top 5 of 100)____
    0: S=000 R=0.995676 <-- [x1*(2.096023375382993e-5 + 0.015267017432833659/x2)*(2.26011453608177e-5*x2 + 47521.434696270975)]
    1: S=000 R=0.995298 <-- [x1*(-0.00030482575931813647*x1 + 4.3555100037817946e-10*x2 + 1/(x1*x2)) + x1]
    2: S=000 R=0.987000 <-- [1.003004564721265*x1 + 1.8734110096563228e-10*x2]
    3: S=000 R=0.986587 <-- [1.0062867684687207*x1 - 0.0005130726813422576 - 1.0062867684687207*(1254.1780303794249*x1 - 99.182449341841964)/x2]
    4: S=000 R=0.986581 <-- [0.012451567858171*x1*(x1 + 6440.369239547818)*(0.01253196675586994*x2 - 13.970432702694129)/x2]
  Saving Hall of Fame plot to ./log/regression_config_regression_VPG.json_FeynmanICh10Eq7.in_normal_0.0_2023-05-29-051013/dso_regression_config_regression_VPG.json_FeynmanICh10Eq7.in_normal_0.0_plot_hof.png
Pareto Front (5 of 10)____
    0: S=000 R=0.995676 C=21.00 <-- [x1*(2.096023375382993e-5 + 0.015267017432833659/x2)*(2.26011453608177e-5*x2 + 47521.434696270975)]
    1: S=000 R=0.986575 C=19.00 <-- [(-1.0063540231297248 + 72.39126495900756/(-x1 + (x1 + x2)/(x1 + 10.132782551253092)))*(0.0010018809114536525 - x1)]
    2: S=000 R=0.986513 C=16.00 <-- [1/(0.994127903219081/(-0.006358312668657443*x1 + 0.006358312668657443*x2) + 0.994127903219081/x1)]
    3: S=000 R=0.986510 C=15.00 <-- [x1*(-12.4809978523109*x1/(0.08012040938317799*x2 + 0.9999987557274795) + 1.0058914369188576)]
    4: S=000 R=0.986106 C=14.00 <-- [2.0043277285584806*x1*x2/(x2 + 2.0000030862699006) - x1]
  Saving Pareto Front plot to ./log/regression_config_regression_VPG.json_FeynmanICh10Eq7.in_normal_0.0_2023-05-29-051013/dso_regression_config_regression_VPG.json_FeynmanICh10Eq7.in_normal_0.0_plot_pf.png
-- ANALYZING LOG END ----------------
== POST-PROCESS END ===================
