debug /depot/yexiang/apps/jiang631/data/scibench/data/unencrypted/equations_feynman/FeynmanIICh34Eq29a.in
!!!!!!!!!!!!!!!!!!!!!!!!!!!!!i /depot/yexiang/apps/jiang631/data/scibench/data/unencrypted/equations_feynman/FeynmanIICh34Eq29a.in
['mul', 1.6565e-34, 'mul', 'X_0', 'mul', 'pow', 3.141592653589793, -1, 'pow', 'X_1', -1]
--------------------
eq_name 	 feynman-ii.34.29a
num_vars 	 2
vars_range_and_types 	 [{"name": "LogUniform", "range": [1e-11, 1e-09], "only_positive": false}, {"name": "LogUniform", "range": [1e-30, 1e-28], "only_positive": true}]
function_set 	 ['add', 'sub', 'mul', 'div', 'sin', 'cos', 'exp', 'log', 'const']
eq_expression 	 mul,1.6565e-34,mul,X_0,mul,pow,3.141592653589793,-1,pow,X_1,-1
expr 	 1.6565e-34*X_0/(pi*X_1)
--------------------

== EXPERIMENT SETUP START ===========
Task type            : regression
Starting seed        : 0
Runs                 : 1
== EXPERIMENT SETUP END =============

== TRAINING SEED 0 START ============
self.dataX <dso.symbolic_data_generator.DataX object at 0x2abfcddf3048>, self.data_query_oracle: <dso.symbolic_equation_evaluator_public.Equation_evaluator object at 0x2abfece94d68>
generate dataset!
-- BUILDING PRIOR START -------------
WARNING: Skipping invalid 'RelationalConstraint' with arguments {'targets': [], 'effectors': [], 'relationship': None}. Reason: Prior disabled.
WARNING: Skipping invalid 'TrigConstraint' with arguments {}. Reason: There are no target Tokens.
WARNING: Skipping invalid 'UniformArityPrior' with arguments {}. Reason: Prior disabled.
WARNING: Skipping invalid 'LanguageModelPrior' with arguments {'weight': None}. Reason: Prior disabled.
LengthConstraint: Sequences have minimum length 4.
                  Sequences have maximum length 256.
RepeatConstraint: [const] cannot occur more than 10 times.
RelationalConstraint: [inv] cannot be a child of [inv].
ConstConstraint: [const] cannot be the only unique child of [inv, add, sub, mul, div].
NoInputsConstraint: Sequences contain at least one input variable Token.
SoftLengthPrior: No description available.
-- BUILDING PRIOR END ---------------

-- RUNNING EPOCHS START -------------
[00:00:00:02.47] Training epoch 1/14, current best R: 0.5696

	** New best
	Reward: 0.5695558465868191
	Count Off-policy: False
	Count On-policy: True
	Originally on Policy: True
	Invalid: False
	Traversal: inv,add,div,mul,sub,div,div,x1,mul,add,inv,add,1.9999540590461828,x2,x2,add,x1,4.594095381726948e-05,x1,x1,1.9999540460851215,x1,x2
	Expression:
	                                             1                                  
	  ──────────────────────────────────────────────────────────────────────────────
	                                                    1.9999540460851215          
	       -1.9999540460851215⋅x₁ + ────────────────────────────────────────────────
	                                                            ⎛                1  
	                                (x₁ + 4.594095381726948e-5)⋅⎜x₂ + ──────────────
	                                                            ⎝     x₂ + 1.9999540
	  x₂ + ─────────────────────────────────────────────────────────────────────────
	                                                x₁                              

          
	  ──────────
          
	  ──────────
	           ⎞
	  ─────────⎟
	  590461828⎠
	  ──────────
          

[00:00:00:05.50] Training epoch 3/14, current best R: 0.5696

	** New best
	Reward: 0.5695558643959913
	Count Off-policy: False
	Count On-policy: True
	Originally on Policy: True
	Invalid: False
	Traversal: div,mul,x1,add,sub,2.295516272247853e-05,x2,mul,add,mul,x1,1.0000002384596456,x1,1.0000006733108426,1.9982516529236891
	Expression:
	  0.50043746919307006⋅x₁⋅(2.0000015850814914⋅x₁ - x₂ + 2.295516272247853e-5)

[00:00:00:06.95] Training epoch 4/14, current best R: 0.5696

	** New best
	Reward: 0.5695582306331399
	Count Off-policy: False
	Count On-policy: True
	Originally on Policy: True
	Invalid: False
	Traversal: add,inv,add,x1,sub,inv,x1,inv,sub,div,x2,x1,mul,add,x2,x1,1.1480505139549457e-05,x2
	Expression:
	                                        1                                 
	  x₂ + ───────────────────────────────────────────────────────────────────
	                                        1                               1 
	       x₁ - ───────────────────────────────────────────────────────── + ──
	                                                                   x₂   x₁
	            -1.1480505139549457e-5⋅x₁ - 1.1480505139549457e-5⋅x₂ + ──     
	                                                                   x₁     

[00:00:00:08.45] Training epoch 5/14, current best R: 0.5698

	** New best
	Reward: 0.5697528702624062
	Count Off-policy: False
	Count On-policy: True
	Originally on Policy: True
	Invalid: False
	Traversal: sub,mul,1.000011512970352,add,mul,div,x2,x1,inv,add,inv,sub,mul,add,x1,1.0,x1,163.07540298445147,x2,x1,x1
	Expression:
	                                        1.000011512970352⋅x₂            
	  1.151297035201226e-5⋅x₁ + ────────────────────────────────────────────
	                               ⎛                     1                 ⎞
	                            x₁⋅⎜x₂ + ──────────────────────────────────⎟
	                               ⎝     x₁⋅(x₁ + 1.0) - 163.07540298445147⎠

[00:00:00:16.02] Training epoch 10/14, current best R: 0.5711

	** New best
	Reward: 0.5711173157882344
	Count Off-policy: False
	Count On-policy: True
	Originally on Policy: True
	Invalid: False
	Traversal: mul,add,mul,add,mul,mul,0.9999999222309353,x1,add,x1,add,inv,div,1.000000064807554,mul,div,x1,x2,x1,1.0,1.0,x1,1.1407002835750468e-05,x1
	Expression:
	     ⎛   ⎛                      ⎛                     2           ⎞      ⎞      
	     ⎜   ⎜                      ⎜0.9999999351924502⋅x₁            ⎟      ⎟      
	  x₁⋅⎜x₁⋅⎜0.9999999222309353⋅x₁⋅⎜────────────────────── + x₁ + 1.0⎟ + 1.0⎟ + 1.1
	     ⎝   ⎝                      ⎝          x₂                     ⎠      ⎠      

	                    ⎞
	                    ⎟
	  407002835750468e-5⎟
	                    ⎠

[00:00:00:16.03] Training epoch 10/14, current best R: 0.5711
[00:00:00:22.75] Ending training after epoch 14/14, current best R: 0.5711
-- RUNNING EPOCHS END ---------------

-- EVALUATION START ----------------
Saving Hall of Fame to ./log/regression_config_regression_VPG.json_FeynmanIICh34Eq29a.in_normal_0.0_2023-05-29-052256/dso_regression_config_regression_VPG.json_FeynmanIICh34Eq29a.in_normal_0.0_0_hof.csv
Saving Pareto Front to ./log/regression_config_regression_VPG.json_FeynmanIICh34Eq29a.in_normal_0.0_2023-05-29-052256/dso_regression_config_regression_VPG.json_FeynmanIICh34Eq29a.in_normal_0.0_0_pf.csv
Invalid expressions: 843 of 14336 (5.9%).
Error type counts:
  true_divide: 286 (33.9%)
  reciprocal: 557 (66.1%)
Error node counts:
  divide: 841 (99.8%)
  invalid: 2 (0.2%)
-- EVALUATION END ------------------
== TRAINING SEED 0 END ==============
INFO: Completed run 1 of 1 in 24 s

== POST-PROCESS START =================
-- LOADING LOGS START ----------------
json configure file: ./log/regression_config_regression_VPG.json_FeynmanIICh34Eq29a.in_normal_0.0_2023-05-29-052256
Successfully loaded summary data
Successfully loaded Hall of Fame data
Successfully loaded Pareto Front data
-- LOADING LOGS END ------------------

-- ANALYZING LOG START --------------
Task_____________regression
Source path______./log/regression_config_regression_VPG.json_FeynmanIICh34Eq29a.in_normal_0.0_2023-05-29-052256
Runs_____________1
Max Samples/run__15000
Success_rate_____0.0
Hall of Fame (Top 5 of 100)____
    0: S=000 R=0.571117 <-- [x1*(x1*(0.9999999222309353*x1*(0.9999999351924502*x1**2/x2 + x1 + 1.0) + 1.0) + 1.1407002835750468e-5)]
    1: S=000 R=0.569753 <-- [1.151297035201226e-5*x1 + 1.000011512970352*x2/(x1*(x2 + 1/(x1*(x1 + 1.0) - 163.07540298445147)))]
    2: S=000 R=0.569558 <-- [1/(x2 - 1/(-1.149527433685904e-5*x1 - 1/(x1 + 1.0*x1*(x2 - 1.0)/x2)))]
    3: S=000 R=0.569558 <-- [x2 + 1/(x1 - 1/(-1.1480505139549457e-5*x1 - 1.1480505139549457e-5*x2 + x2/x1) + 1/x1)]
    4: S=000 R=0.569556 <-- [-x1 + 1.0*(-x1 - 1.0000114876193425)/(1.0 + 1.0/(-x1 + x2))]
  Saving Hall of Fame plot to ./log/regression_config_regression_VPG.json_FeynmanIICh34Eq29a.in_normal_0.0_2023-05-29-052256/dso_regression_config_regression_VPG.json_FeynmanIICh34Eq29a.in_normal_0.0_plot_hof.png
Pareto Front (5 of 12)____
    0: S=000 R=0.571117 C=27.00 <-- [x1*(x1*(0.9999999222309353*x1*(0.9999999351924502*x1**2/x2 + x1 + 1.0) + 1.0) + 1.1407002835750468e-5)]
    1: S=000 R=0.569753 C=24.00 <-- [1.151297035201226e-5*x1 + 1.000011512970352*x2/(x1*(x2 + 1/(x1*(x1 + 1.0) - 163.07540298445147)))]
    2: S=000 R=0.569558 C=22.00 <-- [x2 + 1/(x1 - 1/(-1.1480505139549457e-5*x1 - 1.1480505139549457e-5*x2 + x2/x1) + 1/x1)]
    3: S=000 R=0.569556 C=17.00 <-- [x1*(2*x1 + x2 + 1.1490102875388181e-5)]
    4: S=000 R=0.569556 C=16.00 <-- [0.50043746919307006*x1*(2.0000015850814914*x1 - x2 + 2.295516272247853e-5)]
  Saving Pareto Front plot to ./log/regression_config_regression_VPG.json_FeynmanIICh34Eq29a.in_normal_0.0_2023-05-29-052256/dso_regression_config_regression_VPG.json_FeynmanIICh34Eq29a.in_normal_0.0_plot_pf.png
-- ANALYZING LOG END ----------------
== POST-PROCESS END ===================
