debug /depot/yexiang/apps/jiang631/data/scibench/data/unencrypted/equations_feynman/FeynmanIICh38Eq14.in
!!!!!!!!!!!!!!!!!!!!!!!!!!!!!i /depot/yexiang/apps/jiang631/data/scibench/data/unencrypted/equations_feynman/FeynmanIICh38Eq14.in
['mul', 'X_0', 'pow', 'add', 2, 'mul', 2, 'X_1', -1]
--------------------
eq_name 	 feynman-ii.38.14
num_vars 	 2
vars_range_and_types 	 [{"name": "LogUniform", "range": [0.1, 10.0], "only_positive": true}, {"name": "LogUniform", "range": [0.01, 1.0], "only_positive": true}]
function_set 	 ['add', 'sub', 'mul', 'div', 'sin', 'cos', 'exp', 'log', 'const']
eq_expression 	 mul,X_0,pow,add,2,mul,2,X_1,-1
expr 	 X_0/(2*X_1 + 2)
--------------------

== EXPERIMENT SETUP START ===========
Task type            : regression
Starting seed        : 0
Runs                 : 1
== EXPERIMENT SETUP END =============

== TRAINING SEED 0 START ============
self.dataX <dso.symbolic_data_generator.DataX object at 0x2b88a5dbd898>, self.data_query_oracle: <dso.symbolic_equation_evaluator_public.Equation_evaluator object at 0x2b888c61ad68>
generate dataset!
-- BUILDING PRIOR START -------------
WARNING: Skipping invalid 'RelationalConstraint' with arguments {'targets': [], 'effectors': [], 'relationship': None}. Reason: Prior disabled.
WARNING: Skipping invalid 'TrigConstraint' with arguments {}. Reason: There are no target Tokens.
WARNING: Skipping invalid 'UniformArityPrior' with arguments {}. Reason: Prior disabled.
WARNING: Skipping invalid 'LanguageModelPrior' with arguments {'weight': None}. Reason: Prior disabled.
LengthConstraint: Sequences have minimum length 4.
                  Sequences have maximum length 256.
RepeatConstraint: [const] cannot occur more than 10 times.
RelationalConstraint: [inv] cannot be a child of [inv].
ConstConstraint: [const] cannot be the only unique child of [inv, add, sub, mul, div].
NoInputsConstraint: Sequences contain at least one input variable Token.
SoftLengthPrior: No description available.
-- BUILDING PRIOR END ---------------

-- RUNNING EPOCHS START -------------
[00:00:00:13.80] Training epoch 1/14, current best R: 1.0000

	** New best
	Reward: 0.9999991591952466
	Count Off-policy: False
	Count On-policy: True
	Originally on Policy: True
	Invalid: False
	Traversal: mul,sub,2.049927866133033e-08,x2,inv,div,div,mul,1.4673981020074212,mul,add,add,mul,-1.893191711033824e-07,x1,x2,0.999995660217157,x2,-0.7336957367585081,x1
	Expression:
	   -0.49999774141373226⋅x₁⋅(2.049927866133033e-8 - x₂)  
	  ──────────────────────────────────────────────────────
	  x₂⋅(-1.893191711033824e-7⋅x₁ + x₂ + 0.999995660217157)

[00:00:00:14.15] Early stopping criteria met; breaking early.
-- RUNNING EPOCHS END ---------------

-- EVALUATION START ----------------
Saving Hall of Fame to ./log/regression_config_regression_DSR.json_FeynmanIICh38Eq14.in_normal_0.0_2023-05-29-051910/dso_regression_config_regression_DSR.json_FeynmanIICh38Eq14.in_normal_0.0_0_hof.csv
Saving Pareto Front to ./log/regression_config_regression_DSR.json_FeynmanIICh38Eq14.in_normal_0.0_2023-05-29-051910/dso_regression_config_regression_DSR.json_FeynmanIICh38Eq14.in_normal_0.0_0_pf.csv
Invalid expressions: 31 of 1024 (3.0%).
Error type counts:
  reciprocal: 20 (64.5%)
  true_divide: 11 (35.5%)
Error node counts:
  divide: 31 (100.0%)
-- EVALUATION END ------------------
== TRAINING SEED 0 END ==============
INFO: Completed run 1 of 1 in 16 s

== POST-PROCESS START =================
-- LOADING LOGS START ----------------
json configure file: ./log/regression_config_regression_DSR.json_FeynmanIICh38Eq14.in_normal_0.0_2023-05-29-051910
Successfully loaded summary data
Successfully loaded Hall of Fame data
Successfully loaded Pareto Front data
-- LOADING LOGS END ------------------

-- ANALYZING LOG START --------------
Task_____________regression
Source path______./log/regression_config_regression_DSR.json_FeynmanIICh38Eq14.in_normal_0.0_2023-05-29-051910
Runs_____________1
Max Samples/run__15000
Success_rate_____1.0
Hall of Fame (Top 5 of 100)____
    0: S=000 R=0.999999 <-- [-0.49999774141373226*x1*(2.049927866133033e-8 - x2)/(x2*(-1.893191711033824e-7*x1 + x2 + 0.999995660217157))]
    1: S=000 R=0.999721 <-- [0.4999980272122323/(0.0005698738350455784*x2*(x1 + 1747.713232445661)/x1 + 1/x1)]
    2: S=000 R=0.999337 <-- [x1*(x2/(30.112193681246709 + 1/(0.0018094492527728447*x2 - 0.031105965045799384)) - 0.50029190923712202) + x1]
    3: S=000 R=0.998490 <-- [x1*(-0.003437485366069567*x2 + 0.00063397668149700367 + 0.0058514830071644829/(0.011616716050255207*x2 + 0.011715314523500818))]
    4: S=000 R=0.974811 <-- [-x1 + 13.427755195762493*x1/(2*x2 + 9.01312414830667) + 0.00018093006458769502]
  Saving Hall of Fame plot to ./log/regression_config_regression_DSR.json_FeynmanIICh38Eq14.in_normal_0.0_2023-05-29-051910/dso_regression_config_regression_DSR.json_FeynmanIICh38Eq14.in_normal_0.0_plot_hof.png
Pareto Front (5 of 8)____
    0: S=000 R=0.999999 C=23.00 <-- [-0.49999774141373226*x1*(2.049927866133033e-8 - x2)/(x2*(-1.893191711033824e-7*x1 + x2 + 0.999995660217157))]
    1: S=000 R=0.942049 C=20.00 <-- [-0.01777797438648409 + 0.45415114555401104/(x2*(0.1251579013454586 - 0.013135320174704415/x2) + 1/x1)]
    2: S=000 R=0.941338 C=19.00 <-- [3.5935241656153617/(x2 - 0.1235561013473708 + 8.100508765613373/x1)]
    3: S=000 R=0.921652 C=15.00 <-- [x1/(x2 + 2.16952061541585 - 2.838523501467841e-5/x2**2)]
    4: S=000 R=0.914291 C=12.00 <-- [x1/(x2 + 2.129341863161275)]
  Saving Pareto Front plot to ./log/regression_config_regression_DSR.json_FeynmanIICh38Eq14.in_normal_0.0_2023-05-29-051910/dso_regression_config_regression_DSR.json_FeynmanIICh38Eq14.in_normal_0.0_plot_pf.png
-- ANALYZING LOG END ----------------
== POST-PROCESS END ===================
