debug /depot/yexiang/apps/jiang631/data/scibench/data/unencrypted/equations_feynman/FeynmanIICh38Eq3.in
!!!!!!!!!!!!!!!!!!!!!!!!!!!!!i /depot/yexiang/apps/jiang631/data/scibench/data/unencrypted/equations_feynman/FeynmanIICh38Eq3.in
['mul', 'X_0', 'mul', 'X_1', 'mul', 'X_2', 'pow', 'X_3', -1]
--------------------
eq_name 	 feynman-ii.38.3
num_vars 	 4
vars_range_and_types 	 [{"name": "LogUniform", "range": [0.1, 10.0], "only_positive": true}, {"name": "LogUniform", "range": [0.0001, 0.01], "only_positive": true}, {"name": "LogUniform", "range": [0.001, 0.1], "only_positive": false}, {"name": "LogUniform", "range": [0.01, 1.0], "only_positive": true}]
function_set 	 ['add', 'sub', 'mul', 'div', 'sin', 'cos', 'exp', 'log', 'const']
eq_expression 	 mul,X_0,mul,X_1,mul,X_2,pow,X_3,-1
expr 	 X_0*X_1*X_2/X_3
--------------------

== EXPERIMENT SETUP START ===========
Task type            : regression
Starting seed        : 0
Runs                 : 1
== EXPERIMENT SETUP END =============

== TRAINING SEED 0 START ============
self.dataX <dso.symbolic_data_generator.DataX object at 0x2b077be89080>, self.data_query_oracle: <dso.symbolic_equation_evaluator_public.Equation_evaluator object at 0x2b079af2bd30>
generate dataset!
-- BUILDING PRIOR START -------------
WARNING: Skipping invalid 'RelationalConstraint' with arguments {'targets': [], 'effectors': [], 'relationship': None}. Reason: Prior disabled.
WARNING: Skipping invalid 'TrigConstraint' with arguments {}. Reason: There are no target Tokens.
WARNING: Skipping invalid 'UniformArityPrior' with arguments {}. Reason: Prior disabled.
WARNING: Skipping invalid 'LanguageModelPrior' with arguments {'weight': None}. Reason: Prior disabled.
LengthConstraint: Sequences have minimum length 4.
                  Sequences have maximum length 256.
RepeatConstraint: [const] cannot occur more than 10 times.
RelationalConstraint: [inv] cannot be a child of [inv].
ConstConstraint: [const] cannot be the only unique child of [inv, add, sub, mul, div].
NoInputsConstraint: Sequences contain at least one input variable Token.
SoftLengthPrior: No description available.
-- BUILDING PRIOR END ---------------

-- RUNNING EPOCHS START -------------
gen	iter	pop_size	nevals	uncached_size	best_val             	timer  
0  	0   	1024    	1024  	1024         	(-0.999986176992471,)	3.83377
1  	1   	1024    	774   	668          	(-0.999986176992471,)	2.91654
2  	2   	1024    	758   	648          	(-0.999986176992471,)	3.37041
3  	3   	1024    	758   	660          	(-0.9999949542692187,)	4.10972
4  	4   	1024    	765   	637          	(-0.9999999999999998,)	5.30649
5  	5   	1024    	793   	674          	(-0.9999999999999998,)	10.3204
6  	6   	1024    	739   	618          	(-0.9999999999999998,)	10.1297
7  	7   	1024    	769   	618          	(-0.9999999999999998,)	10.2504
8  	8   	1024    	763   	592          	(-0.9999999999999998,)	10.8514
9  	9   	1024    	769   	603          	(-0.9999999999999998,)	8.02722

--------------------------------------------------
GP Time: 69.358

Unique expressions evaluated: 7668
Total expression evaluations: 7912
--------------------------------------------------

GP -> best program this epoch:

	Reward: 0.9999999999999998
	Count Off-policy: 1
	Count On-policy: 0
	Originally on Policy: False
	Invalid: False
	Traversal: mul,x3,mul,mul,x1,1.0,div,x2,div,x4,1.0
	Expression:
	  1.0⋅x₁⋅x₂⋅x₃
	  ────────────
	       x₄     

None

--------------------------------------------------

[00:00:01:13.79] Training epoch 1/14, current best R: 1.0000

	** New best
	Reward: 0.9999999999999998
	Count Off-policy: 1
	Count On-policy: 0
	Originally on Policy: False
	Invalid: False
	Traversal: mul,x3,mul,mul,x1,1.0,div,x2,div,x4,1.0
	Expression:
	  1.0⋅x₁⋅x₂⋅x₃
	  ────────────
	       x₄     

[00:00:01:13.79] Early stopping criteria met; breaking early.
-- RUNNING EPOCHS END ---------------

-- EVALUATION START ----------------
Saving Hall of Fame to ./log/regression_config_regression_GPMELD.json_FeynmanIICh38Eq3.in_normal_0.0_2023-05-29-052106/dso_regression_config_regression_GPMELD.json_FeynmanIICh38Eq3.in_normal_0.0_0_hof.csv
Saving Pareto Front to ./log/regression_config_regression_GPMELD.json_FeynmanIICh38Eq3.in_normal_0.0_2023-05-29-052106/dso_regression_config_regression_GPMELD.json_FeynmanIICh38Eq3.in_normal_0.0_0_pf.csv
Invalid expressions: 91 of 8936 (1.0%).
Error type counts:
  reciprocal: 49 (53.8%)
  true_divide: 42 (46.2%)
Error node counts:
  divide: 91 (100.0%)
-- EVALUATION END ------------------
== TRAINING SEED 0 END ==============
INFO: Completed run 1 of 1 in 75 s

== POST-PROCESS START =================
-- LOADING LOGS START ----------------
json configure file: ./log/regression_config_regression_GPMELD.json_FeynmanIICh38Eq3.in_normal_0.0_2023-05-29-052106
Successfully loaded summary data
Successfully loaded Hall of Fame data
Successfully loaded Pareto Front data
-- LOADING LOGS END ------------------

-- ANALYZING LOG START --------------
Task_____________regression
Source path______./log/regression_config_regression_GPMELD.json_FeynmanIICh38Eq3.in_normal_0.0_2023-05-29-052106
Runs_____________1
Max Samples/run__15000
Success_rate_____1.0
Hall of Fame (Top 5 of 100)____
    0: S=000 R=1.000000 <-- [1.0*x1*x2*x3/x4]
    1: S=000 R=1.000000 <-- [1.0*x1*x2*x3/x4]
    2: S=000 R=1.000000 <-- [1.0*x1*x2*x3/x4]
    3: S=000 R=1.000000 <-- [1.0*x1*x2*x3/x4]
    4: S=000 R=1.000000 <-- [x1*x2*x3/x4]
  Saving Hall of Fame plot to ./log/regression_config_regression_GPMELD.json_FeynmanIICh38Eq3.in_normal_0.0_2023-05-29-052106/dso_regression_config_regression_GPMELD.json_FeynmanIICh38Eq3.in_normal_0.0_plot_hof.png
Pareto Front (4 of 4)____
    0: S=000 R=1.000000 C=8.00 <-- [x1*x2*x3/x4]
    1: S=000 R=0.567444 C=7.00 <-- [20.281900516785644*x1*x2*x3]
    2: S=000 R=0.543898 C=6.00 <-- [x2*x3/x4]
    3: S=000 R=0.525906 C=5.00 <-- [47.249024796640484*x2*x3]
  Saving Pareto Front plot to ./log/regression_config_regression_GPMELD.json_FeynmanIICh38Eq3.in_normal_0.0_2023-05-29-052106/dso_regression_config_regression_GPMELD.json_FeynmanIICh38Eq3.in_normal_0.0_plot_pf.png
-- ANALYZING LOG END ----------------
== POST-PROCESS END ===================
