debug /depot/yexiang/apps/jiang631/data/scibench/data/unencrypted/equations_feynman/FeynmanICh26Eq2.in
!!!!!!!!!!!!!!!!!!!!!!!!!!!!!i /depot/yexiang/apps/jiang631/data/scibench/data/unencrypted/equations_feynman/FeynmanICh26Eq2.in
['mul', 'pow', 'sin', 'X_1', -1, 'sin', 'X_0']
--------------------
eq_name 	 feynman-i.26.2
num_vars 	 2
vars_range_and_types 	 [{"name": "Uniform", "range": [0, 6.283185307179586], "only_positive": true}, {"name": "Uniform", "range": [0, 6.283185307179586], "only_positive": true}]
function_set 	 ['add', 'sub', 'mul', 'div', 'sin', 'cos', 'exp', 'log', 'const']
eq_expression 	 mul,pow,sin,X_1,-1,sin,X_0
expr 	 sin(X_0)/sin(X_1)
--------------------

== EXPERIMENT SETUP START ===========
Task type            : regression
Starting seed        : 0
Runs                 : 1
== EXPERIMENT SETUP END =============

== TRAINING SEED 0 START ============
self.dataX <dso.symbolic_data_generator.DataX object at 0x2b69159ce080>, self.data_query_oracle: <dso.symbolic_equation_evaluator_public.Equation_evaluator object at 0x2b6934a6fd68>
generate dataset!
-- BUILDING PRIOR START -------------
WARNING: Skipping invalid 'RelationalConstraint' with arguments {'targets': [], 'effectors': [], 'relationship': None}. Reason: Prior disabled.
WARNING: Skipping invalid 'TrigConstraint' with arguments {}. Reason: There are no target Tokens.
WARNING: Skipping invalid 'UniformArityPrior' with arguments {}. Reason: Prior disabled.
WARNING: Skipping invalid 'LanguageModelPrior' with arguments {'weight': None}. Reason: Prior disabled.
LengthConstraint: Sequences have minimum length 4.
                  Sequences have maximum length 256.
RepeatConstraint: [const] cannot occur more than 10 times.
RelationalConstraint: [inv] cannot be a child of [inv].
ConstConstraint: [const] cannot be the only unique child of [inv, add, sub, mul, div].
NoInputsConstraint: Sequences contain at least one input variable Token.
SoftLengthPrior: No description available.
-- BUILDING PRIOR END ---------------

-- RUNNING EPOCHS START -------------
[00:00:00:06.47] Training epoch 1/14, current best R: 0.5938

	** New best
	Reward: 0.5937620655363963
	Count Off-policy: False
	Count On-policy: True
	Originally on Policy: True
	Invalid: False
	Traversal: div,x1,div,add,mul,x2,mul,-0.15914243382050694,x1,add,-0.00010996928246546239,x1,mul,x1,add,-6.188067845980993,x2
	Expression:
	                  2                                       
	                x₁ ⋅(x₂ - 6.188067845980993)              
	  ────────────────────────────────────────────────────────
	  -0.15914243382050694⋅x₁⋅x₂ + x₁ - 0.00010996928246546239

[00:00:00:25.84] Training epoch 4/14, current best R: 0.6635

	** New best
	Reward: 0.6635056773296206
	Count Off-policy: False
	Count On-policy: True
	Originally on Policy: True
	Invalid: False
	Traversal: mul,x1,inv,add,-22.068873780494663,div,sub,144.9310801670304,add,inv,mul,inv,div,x1,sub,0.426361388522024,x1,69.74225619488242,x2,x2
	Expression:
	                                     x₁                                  
	  ───────────────────────────────────────────────────────────────────────
	                          0.0143385094569593⋅x₁                          
	                        - ────────────────────── - x₂ + 144.9310801670304
	                          0.426361388522024 - x₁                         
	  -22.068873780494663 + ─────────────────────────────────────────────────
	                                                x₂                       

[00:00:00:38.48] Training epoch 6/14, current best R: 0.8060

	** New best
	Reward: 0.8060127346906729
	Count Off-policy: False
	Count On-policy: True
	Originally on Policy: True
	Invalid: False
	Traversal: mul,x2,sub,-0.3637733296618195,div,sub,x1,inv,add,inv,x2,-0.1591561011404585,938.5193518877903
	Expression:
	     ⎛                                                  0.001065508130427512  ⎞
	  x₂⋅⎜-0.001065508130427512⋅x₁ - 0.3637733296618195 + ────────────────────────⎟
	     ⎜                                                                      1 ⎟
	     ⎜                                                -0.1591561011404585 + ──⎟
	     ⎝                                                                      x₂⎠

[00:00:01:12.52] Training epoch 10/14, current best R: 0.8060
[00:00:01:42.87] Ending training after epoch 14/14, current best R: 0.8060
-- RUNNING EPOCHS END ---------------

-- EVALUATION START ----------------
Saving Hall of Fame to ./log/regression_config_regression_DSR.json_FeynmanICh26Eq2.in_normal_0.0_2023-05-29-051014/dso_regression_config_regression_DSR.json_FeynmanICh26Eq2.in_normal_0.0_0_hof.csv
Saving Pareto Front to ./log/regression_config_regression_DSR.json_FeynmanICh26Eq2.in_normal_0.0_2023-05-29-051014/dso_regression_config_regression_DSR.json_FeynmanICh26Eq2.in_normal_0.0_0_pf.csv
Invalid expressions: 366 of 14336 (2.6%).
Error type counts:
  true_divide: 132 (36.1%)
  reciprocal: 234 (63.9%)
Error node counts:
  divide: 365 (99.7%)
  invalid: 1 (0.3%)
-- EVALUATION END ------------------
== TRAINING SEED 0 END ==============
INFO: Completed run 1 of 1 in 104 s

== POST-PROCESS START =================
-- LOADING LOGS START ----------------
json configure file: ./log/regression_config_regression_DSR.json_FeynmanICh26Eq2.in_normal_0.0_2023-05-29-051014
Successfully loaded summary data
Successfully loaded Hall of Fame data
Successfully loaded Pareto Front data
-- LOADING LOGS END ------------------

-- ANALYZING LOG START --------------
Task_____________regression
Source path______./log/regression_config_regression_DSR.json_FeynmanICh26Eq2.in_normal_0.0_2023-05-29-051014
Runs_____________1
Max Samples/run__15000
Success_rate_____0.0
Hall of Fame (Top 5 of 100)____
    0: S=000 R=0.806013 <-- [x2*(-0.001065508130427512*x1 - 0.3637733296618195 + 0.001065508130427512/(-0.1591561011404585 + 1/x2))]
    1: S=000 R=0.738868 <-- [x1**2/(-x2 + 232.9921249881593/(x1*x2*(x2 - 6.2999495898415745 + 5.983439129592005/x1)))]
    2: S=000 R=0.719022 <-- [0.01396350792629728*x1*x2/(x2/(x2 - 3.346191699867434 - 1/x2) - 2.2618963963710423)]
    3: S=000 R=0.663506 <-- [x1/(-22.068873780494663 + (-0.0143385094569593*x1/(0.426361388522024 - x1) - x2 + 144.9310801670304)/x2)]
    4: S=000 R=0.654167 <-- [x1/(-2.483517543676785*x2 + 15.38686863114657 + 8.60062424927708/x2**2)]
  Saving Hall of Fame plot to ./log/regression_config_regression_DSR.json_FeynmanICh26Eq2.in_normal_0.0_2023-05-29-051014/dso_regression_config_regression_DSR.json_FeynmanICh26Eq2.in_normal_0.0_plot_hof.png
Pareto Front (5 of 7)____
    0: S=000 R=0.806013 C=16.00 <-- [x2*(-0.001065508130427512*x1 - 0.3637733296618195 + 0.001065508130427512/(-0.1591561011404585 + 1/x2))]
    1: S=000 R=0.501057 C=14.00 <-- [-0.19025156397279097*x1*(x1 - 4.024134322811813)/x2]
    2: S=000 R=0.500920 C=11.00 <-- [0.3807400898682103*x2 - 0.3807400898682103*(x1 - 2.8699880662710817)/x2]
    3: S=000 R=0.500498 C=10.00 <-- [-0.0322097664289314*x1**2/x2]
    4: S=000 R=0.500323 C=8.00 <-- [x1 - 0.12195036514247465*x1/x2]
  Saving Pareto Front plot to ./log/regression_config_regression_DSR.json_FeynmanICh26Eq2.in_normal_0.0_2023-05-29-051014/dso_regression_config_regression_DSR.json_FeynmanICh26Eq2.in_normal_0.0_plot_pf.png
-- ANALYZING LOG END ----------------
== POST-PROCESS END ===================
