debug /depot/yexiang/apps/jiang631/data/scibench/data/unencrypted/equations_feynman/FeynmanIICh21Eq32.in
!!!!!!!!!!!!!!!!!!!!!!!!!!!!!i /depot/yexiang/apps/jiang631/data/scibench/data/unencrypted/equations_feynman/FeynmanIICh21Eq32.in
['mul', 28235825615.541, 'mul', 'X_0', 'mul', 'pow', 3.141592653589793, -1, 'mul', 'pow', 'X_1', -1, 'pow', 'add', 1, 'mul', -3.33564095198152e-09, 'X_2', -1]
--------------------
eq_name 	 feynman-ii.21.32
num_vars 	 3
vars_range_and_types 	 [{"name": "LogUniform", "range": [0.001, 0.1], "only_positive": false}, {"name": "LogUniform", "range": [1.0, 100.0], "only_positive": true}, {"name": "LogUniform", "range": [1000000.0, 100000000.0], "only_positive": true}]
function_set 	 ['add', 'sub', 'mul', 'div', 'sin', 'cos', 'exp', 'log', 'const']
eq_expression 	 mul,28235825615.541,mul,X_0,mul,pow,3.141592653589793,-1,mul,pow,X_1,-1,pow,add,1,mul,-3.33564095198152e-09,X_2,-1
expr 	 28235825615.541*X_0/(pi*X_1*(1 - 3.33564095198152e-9*X_2))
--------------------

== EXPERIMENT SETUP START ===========
Task type            : regression
Starting seed        : 0
Runs                 : 1
== EXPERIMENT SETUP END =============

== TRAINING SEED 0 START ============
self.dataX <dso.symbolic_data_generator.DataX object at 0x2ad7cc317c50>, self.data_query_oracle: <dso.symbolic_equation_evaluator_public.Equation_evaluator object at 0x2ad7b2b55d68>
generate dataset!
-- BUILDING PRIOR START -------------
WARNING: Skipping invalid 'RelationalConstraint' with arguments {'targets': [], 'effectors': [], 'relationship': None}. Reason: Prior disabled.
WARNING: Skipping invalid 'TrigConstraint' with arguments {}. Reason: There are no target Tokens.
WARNING: Skipping invalid 'UniformArityPrior' with arguments {}. Reason: Prior disabled.
WARNING: Skipping invalid 'LanguageModelPrior' with arguments {'weight': None}. Reason: Prior disabled.
LengthConstraint: Sequences have minimum length 4.
                  Sequences have maximum length 256.
RepeatConstraint: [const] cannot occur more than 10 times.
RelationalConstraint: [inv] cannot be a child of [inv].
ConstConstraint: [const] cannot be the only unique child of [inv, add, sub, mul, div].
NoInputsConstraint: Sequences contain at least one input variable Token.
SoftLengthPrior: No description available.
-- BUILDING PRIOR END ---------------

-- RUNNING EPOCHS START -------------
[00:00:00:02.14] Training epoch 1/14, current best R: 0.5936

	** New best
	Reward: 0.5935805848296969
	Count Off-policy: False
	Count On-policy: True
	Originally on Policy: True
	Invalid: False
	Traversal: sub,mul,inv,div,0.009398293730602832,add,inv,mul,x2,inv,add,x1,add,add,add,0.0008494875379607993,x1,x2,0.0008494875375181538,-1.0002301607013315,x3,x2
	Expression:
	           ⎛                     106.4022926569946⋅(2⋅x₁ + x₂ + 0.00169897507547
	  -x₂ + x₃⋅⎜-106.4267822832958 + ───────────────────────────────────────────────
	           ⎝                                              x₂                    

	  8953)⎞
	  ─────⎟
	       ⎠

[00:00:00:04.99] Training epoch 3/14, current best R: 0.5937

	** New best
	Reward: 0.5936732706047261
	Count Off-policy: False
	Count On-policy: True
	Originally on Policy: True
	Invalid: False
	Traversal: sub,inv,x1,mul,x1,inv,div,sub,inv,div,sub,inv,div,2443.907073716878,x1,add,230.01582983853993,x2,x2,0.0005751250299754617,x3
	Expression:
	                                      x₁⋅x₃                                     
	  - ────────────────────────────────────────────────────────────────────────── +
	                            x₂                                                  
	    ────────────────────────────────────────────────── - 0.0005751250299754617  
	    0.0004091808607432543⋅x₁ - x₂ - 230.01582983853993                          

	   1 
	   ──
	   x₁
   
   

[00:00:00:08.89] Training epoch 6/14, current best R: 0.5937

	** New best
	Reward: 0.5937024482095672
	Count Off-policy: False
	Count On-policy: True
	Originally on Policy: True
	Invalid: False
	Traversal: mul,mul,add,div,x1,sub,-0.1618381143556323,x2,mul,0.999661060949218,mul,x1,inv,x3,-236.06657115289568,x3
	Expression:
	     ⎛   236.06657115289568⋅x₁     235.98655897334776⋅x₁⎞
	  x₃⋅⎜- ──────────────────────── - ─────────────────────⎟
	     ⎝  -x₂ - 0.1618381143556323             x₃         ⎠

[00:00:00:12.99] Training epoch 9/14, current best R: 0.5937

	** New best
	Reward: 0.5937024530329028
	Count Off-policy: False
	Count On-policy: True
	Originally on Policy: True
	Invalid: False
	Traversal: div,div,sub,mul,x3,x1,0.9999937960652653,0.008102364421793394,inv,div,1.9127376588087042,sub,x2,-0.16186460472972938
	Expression:
	   123.4207631182625⋅x₁⋅x₃ - 123.4199974239032 
	  ─────────────────────────────────────────────
	  0.52281084935757597⋅x₂ + 0.084624571479678126

[00:00:00:14.37] Training epoch 10/14, current best R: 0.5937
[00:00:00:21.18] Ending training after epoch 14/14, current best R: 0.5937
-- RUNNING EPOCHS END ---------------

-- EVALUATION START ----------------
Saving Hall of Fame to ./log/regression_config_regression_VPG.json_FeynmanIICh21Eq32.in_normal_0.0_2023-05-29-051314/dso_regression_config_regression_VPG.json_FeynmanIICh21Eq32.in_normal_0.0_0_hof.csv
Saving Pareto Front to ./log/regression_config_regression_VPG.json_FeynmanIICh21Eq32.in_normal_0.0_2023-05-29-051314/dso_regression_config_regression_VPG.json_FeynmanIICh21Eq32.in_normal_0.0_0_pf.csv
Invalid expressions: 317 of 14336 (2.2%).
Error type counts:
  true_divide: 133 (42.0%)
  reciprocal: 184 (58.0%)
Error node counts:
  divide: 316 (99.7%)
  invalid: 1 (0.3%)
-- EVALUATION END ------------------
== TRAINING SEED 0 END ==============
INFO: Completed run 1 of 1 in 22 s

== POST-PROCESS START =================
-- LOADING LOGS START ----------------
json configure file: ./log/regression_config_regression_VPG.json_FeynmanIICh21Eq32.in_normal_0.0_2023-05-29-051314
Successfully loaded summary data
Successfully loaded Hall of Fame data
Successfully loaded Pareto Front data
-- LOADING LOGS END ------------------

-- ANALYZING LOG START --------------
Task_____________regression
Source path______./log/regression_config_regression_VPG.json_FeynmanIICh21Eq32.in_normal_0.0_2023-05-29-051314
Runs_____________1
Max Samples/run__15000
Success_rate_____0.0
Hall of Fame (Top 5 of 100)____
    0: S=000 R=0.593702 <-- [(123.4207631182625*x1*x3 - 123.4199974239032)/(0.52281084935757597*x2 + 0.084624571479678126)]
    1: S=000 R=0.593702 <-- [x3*(-236.06657115289568*x1/(-x2 - 0.1618381143556323) - 235.98655897334776*x1/x3)]
    2: S=000 R=0.593673 <-- [-x1*x3/(x2/(0.0004091808607432543*x1 - x2 - 230.01582983853993) - 0.0005751250299754617) + 1/x1]
    3: S=000 R=0.593621 <-- [x3*(-(0.01430098200527912 + 1/x2)*(x1 + 0.0008643150336355911)*(x2 - 209.11568550889655 + 1/x3) - 0.027269806000963848)]
    4: S=000 R=0.593617 <-- [x3/(-0.002268323225139732 + x2*(0.004701725840658971 - 3.760375842770432e-5*x1)/x1)]
  Saving Hall of Fame plot to ./log/regression_config_regression_VPG.json_FeynmanIICh21Eq32.in_normal_0.0_2023-05-29-051314/dso_regression_config_regression_VPG.json_FeynmanIICh21Eq32.in_normal_0.0_plot_hof.png
Pareto Front (5 of 10)____
    0: S=000 R=0.593702 C=18.00 <-- [(123.4207631182625*x1*x3 - 123.4199974239032)/(0.52281084935757597*x2 + 0.084624571479678126)]
    1: S=000 R=0.593579 C=17.00 <-- [-x1*x3*(0.046231500513853734*x2 - 2.8925693504547985 - 207.57487008247438/x2) + x1]
    2: S=000 R=0.593528 C=13.00 <-- [x1 + (212.7040304138449*x1*x3 + 212.7040304138449*x2)/x2]
    3: S=000 R=0.593528 C=12.00 <-- [212.7040242887549*x1*(x3 + 1.0)/x2]
    4: S=000 R=0.593527 C=11.00 <-- [212.7043471601481*x1*(x1 + x3/x2)]
  Saving Pareto Front plot to ./log/regression_config_regression_VPG.json_FeynmanIICh21Eq32.in_normal_0.0_2023-05-29-051314/dso_regression_config_regression_VPG.json_FeynmanIICh21Eq32.in_normal_0.0_plot_pf.png
-- ANALYZING LOG END ----------------
== POST-PROCESS END ===================
