debug /depot/yexiang/apps/jiang631/data/scibench/data/unencrypted/equations_feynman/FeynmanICh6Eq20.in
!!!!!!!!!!!!!!!!!!!!!!!!!!!!!i /depot/yexiang/apps/jiang631/data/scibench/data/unencrypted/equations_feynman/FeynmanICh6Eq20.in
['mul', 0.5, 'mul', 'pow', 2, 0.5, 'mul', 'pow', 3.141592653589793, -0.5, 'mul', 'pow', 'X_1', -1, 'exp', 'mul', -0.5, 'mul', 'pow', 'X_0', 2, 'pow', 'X_1', -2]
--------------------
eq_name 	 feynman-i.6.20
num_vars 	 2
vars_range_and_types 	 [{"name": "LogUniform", "range": [0.1, 10.0], "only_positive": false}, {"name": "LogUniform", "range": [0.1, 10.0], "only_positive": true}]
function_set 	 ['add', 'sub', 'mul', 'div', 'exp', 'const']
eq_expression 	 mul,0.5,mul,pow,2,0.5,mul,pow,3.141592653589793,-0.5,mul,pow,X_1,-1,exp,mul,-0.5,mul,pow,X_0,2,pow,X_1,-2
expr 	 sqrt(2)*exp(-X_0**2/(2*X_1**2))/(2*sqrt(pi)*X_1)
--------------------

== EXPERIMENT SETUP START ===========
Task type            : regression
Starting seed        : 0
Runs                 : 1
== EXPERIMENT SETUP END =============

== TRAINING SEED 0 START ============
self.dataX <dso.symbolic_data_generator.DataX object at 0x2b9090335828>, self.data_query_oracle: <dso.symbolic_equation_evaluator_public.Equation_evaluator object at 0x2b9076baed68>
generate dataset!
-- BUILDING PRIOR START -------------
WARNING: Skipping invalid 'RelationalConstraint' with arguments {'targets': [], 'effectors': [], 'relationship': None}. Reason: Prior disabled.
WARNING: Skipping invalid 'TrigConstraint' with arguments {}. Reason: There are no target Tokens.
WARNING: Skipping invalid 'UniformArityPrior' with arguments {}. Reason: Prior disabled.
WARNING: Skipping invalid 'LanguageModelPrior' with arguments {'weight': None}. Reason: Prior disabled.
LengthConstraint: Sequences have minimum length 4.
                  Sequences have maximum length 256.
RepeatConstraint: [const] cannot occur more than 10 times.
RelationalConstraint: [inv] cannot be a child of [inv].
ConstConstraint: [const] cannot be the only unique child of [inv, add, sub, mul, div].
NoInputsConstraint: Sequences contain at least one input variable Token.
SoftLengthPrior: No description available.
-- BUILDING PRIOR END ---------------

-- RUNNING EPOCHS START -------------
[00:00:00:09.16] Training epoch 1/14, current best R: 0.6478

	** New best
	Reward: 0.6477737787029318
	Count Off-policy: False
	Count On-policy: True
	Originally on Policy: True
	Invalid: False
	Traversal: inv,mul,sub,0.1273581656739416,inv,div,-0.2749334790701296,add,0.532313339213364,mul,x1,add,inv,div,0.03842642332704384,x1,x1,x2
	Expression:
	                        1                       
	  ──────────────────────────────────────────────
	     ⎛                    2                    ⎞
	  x₂⋅⎝98.29199271986575⋅x₁  + 2.063511379948666⎠

[00:00:00:19.51] Training epoch 2/14, current best R: 0.6549

	** New best
	Reward: 0.6548672291427653
	Count Off-policy: False
	Count On-policy: True
	Originally on Policy: True
	Invalid: False
	Traversal: sub,div,div,div,-1.159878948922126e-05,x1,inv,sub,div,sub,x2,add,add,340.03680351976067,inv,x1,x2,x1,-4.2748859465928835,x2,-0.10887849208146759
	Expression:
	                                             ⎛                                  
	                                             ⎜                     -340.03680351
	                                             ⎜                                  
	                        1.159878948922126e-5⋅⎜4.2748859465928835 + ─────────────
	                                             ⎝                                x₁
	  0.10887849208146759 - ────────────────────────────────────────────────────────
	                                                       x₁⋅x₂                    

	           1 ⎞
	  976067 - ──⎟
	           x₁⎟
	  ───────────⎟
	             ⎠
	  ────────────
            

[00:00:00:40.41] Training epoch 4/14, current best R: 0.6905

	** New best
	Reward: 0.6904596800547625
	Count Off-policy: False
	Count On-policy: True
	Originally on Policy: True
	Invalid: False
	Traversal: inv,add,0.3722846723129083,mul,mul,div,mul,add,inv,x2,div,x2,0.012264812988285708,add,div,x2,x2,0.5313671681923477,1.8108728245166303,x1,x1
	Expression:
	                                    1                                   
	  ──────────────────────────────────────────────────────────────────────
	    2 ⎛                        0.84565141596904242⎞                     
	  x₁ ⋅⎜68.949393421386511⋅x₂ + ───────────────────⎟ + 0.3722846723129083
	      ⎝                                 x₂        ⎠                     

[00:00:01:03.74] Training epoch 6/14, current best R: 0.8500

	** New best
	Reward: 0.8500343045402747
	Count Off-policy: False
	Count On-policy: True
	Originally on Policy: True
	Invalid: False
	Traversal: mul,div,sub,45.50010052671336,x2,mul,30.348756905068758,add,mul,x1,div,add,sub,sub,x1,x1,-0.0018969476516618423,x1,x2,x2,0.2932825839114329
	Expression:
	                 0.2932825839114329⋅(45.50010052671336 - x₂)                
	  ──────────────────────────────────────────────────────────────────────────
	  30.348756905068758⋅x₁⋅(x₁ + 0.0018969476516618423)                        
	  ────────────────────────────────────────────────── + 30.348756905068758⋅x₂
	                          x₂                                                

[00:00:01:50.44] Training epoch 10/14, current best R: 0.8500
[00:00:02:45.69] Ending training after epoch 14/14, current best R: 0.8500
-- RUNNING EPOCHS END ---------------

-- EVALUATION START ----------------
Saving Hall of Fame to ./log/regression_config_regression_DSR.json_FeynmanICh6Eq20.in_normal_0.0_2023-05-29-052232/dso_regression_config_regression_DSR.json_FeynmanICh6Eq20.in_normal_0.0_0_hof.csv
Saving Pareto Front to ./log/regression_config_regression_DSR.json_FeynmanICh6Eq20.in_normal_0.0_2023-05-29-052232/dso_regression_config_regression_DSR.json_FeynmanICh6Eq20.in_normal_0.0_0_pf.csv
Invalid expressions: 360 of 14336 (2.5%).
Error type counts:
  true_divide: 156 (43.3%)
  reciprocal: 204 (56.7%)
Error node counts:
  divide: 357 (99.2%)
  invalid: 3 (0.8%)
-- EVALUATION END ------------------
== TRAINING SEED 0 END ==============
INFO: Completed run 1 of 1 in 167 s

== POST-PROCESS START =================
-- LOADING LOGS START ----------------
json configure file: ./log/regression_config_regression_DSR.json_FeynmanICh6Eq20.in_normal_0.0_2023-05-29-052232
Successfully loaded summary data
Successfully loaded Hall of Fame data
Successfully loaded Pareto Front data
-- LOADING LOGS END ------------------

-- ANALYZING LOG START --------------
Task_____________regression
Source path______./log/regression_config_regression_DSR.json_FeynmanICh6Eq20.in_normal_0.0_2023-05-29-052232
Runs_____________1
Max Samples/run__15000
Success_rate_____0.0
Hall of Fame (Top 5 of 100)____
    0: S=000 R=0.850034 <-- [0.2932825839114329*(45.50010052671336 - x2)/(30.348756905068758*x1*(x1 + 0.0018969476516618423)/x2 + 30.348756905068758*x2)]
    1: S=000 R=0.782559 <-- [0.061611608839605454 - 3.4223654308075293*(x1**2/(7.0003464718173276*x1**2 + x2) - 0.13712720402232503)/x2]
    2: S=000 R=0.772738 <-- [1.073379890097292/(12.957334895527467*x1**2 + 1.7430079409598219*x2 + 0.1258181557174695) - 0.010546706322990618/x2]
    3: S=000 R=0.768275 <-- [1/(1.640479563945119*x2 + 51.61198439590904 - 1.640479563945119/(x1*(0.0091096956164974617*x1 + 2.631624276339379e-5 + 0.031842307175066939/x1)))]
    4: S=000 R=0.766773 <-- [0.6075802079150453/(8.505900674968982*x1**2 + x2 + 0.06300005452311842)]
  Saving Hall of Fame plot to ./log/regression_config_regression_DSR.json_FeynmanICh6Eq20.in_normal_0.0_2023-05-29-052232/dso_regression_config_regression_DSR.json_FeynmanICh6Eq20.in_normal_0.0_plot_hof.png
Pareto Front (5 of 11)____
    0: S=000 R=0.850034 C=23.00 <-- [0.2932825839114329*(45.50010052671336 - x2)/(30.348756905068758*x1*(x1 + 0.0018969476516618423)/x2 + 30.348756905068758*x2)]
    1: S=000 R=0.761467 C=17.00 <-- [-0.527733771316353/(-8.5752005702354112*x1**2 - 0.016650027122285901*x1 - x2)]
    2: S=000 R=0.655080 C=16.00 <-- [0.1087833144310943 + 0.00394621961222633/(x1**2*x2)]
    3: S=000 R=0.643027 C=14.00 <-- [0.07389670133702794 + 0.023112935653934726/(x1*(x1*x2 + x1))]
    4: S=000 R=0.622132 C=13.00 <-- [0.004370352415252527/(x1**2*x2)]
  Saving Pareto Front plot to ./log/regression_config_regression_DSR.json_FeynmanICh6Eq20.in_normal_0.0_2023-05-29-052232/dso_regression_config_regression_DSR.json_FeynmanICh6Eq20.in_normal_0.0_plot_pf.png
-- ANALYZING LOG END ----------------
== POST-PROCESS END ===================
