debug /depot/yexiang/apps/jiang631/data/scibench/data/unencrypted/equations_feynman/FeynmanIICh34Eq2.in
!!!!!!!!!!!!!!!!!!!!!!!!!!!!!i /depot/yexiang/apps/jiang631/data/scibench/data/unencrypted/equations_feynman/FeynmanIICh34Eq2.in
['mul', 0.5, 'mul', 'X_0', 'mul', 'X_1', 'X_2']
--------------------
eq_name 	 feynman-ii.34.2
num_vars 	 3
vars_range_and_types 	 [{"name": "LogUniform", "range": [1e-11, 1e-09], "only_positive": false}, {"name": "LogUniform", "range": [100000.0, 10000000.0], "only_positive": false}, {"name": "LogUniform", "range": [1e-11, 1e-09], "only_positive": true}]
function_set 	 ['add', 'sub', 'mul', 'div', 'sin', 'cos', 'exp', 'log', 'const']
eq_expression 	 mul,0.5,mul,X_0,mul,X_1,X_2
expr 	 X_0*X_1*X_2/2
--------------------

== EXPERIMENT SETUP START ===========
Task type            : regression
Starting seed        : 0
Runs                 : 1
== EXPERIMENT SETUP END =============

== TRAINING SEED 0 START ============
self.dataX <dso.symbolic_data_generator.DataX object at 0x2b2bdb127048>, self.data_query_oracle: <dso.symbolic_equation_evaluator_public.Equation_evaluator object at 0x2b2bfa1c8d68>
generate dataset!
-- BUILDING PRIOR START -------------
WARNING: Skipping invalid 'RelationalConstraint' with arguments {'targets': [], 'effectors': [], 'relationship': None}. Reason: Prior disabled.
WARNING: Skipping invalid 'TrigConstraint' with arguments {}. Reason: There are no target Tokens.
WARNING: Skipping invalid 'UniformArityPrior' with arguments {}. Reason: Prior disabled.
WARNING: Skipping invalid 'LanguageModelPrior' with arguments {'weight': None}. Reason: Prior disabled.
LengthConstraint: Sequences have minimum length 4.
                  Sequences have maximum length 256.
RepeatConstraint: [const] cannot occur more than 10 times.
RelationalConstraint: [inv] cannot be a child of [inv].
ConstConstraint: [const] cannot be the only unique child of [inv, add, sub, mul, div].
NoInputsConstraint: Sequences contain at least one input variable Token.
SoftLengthPrior: No description available.
-- BUILDING PRIOR END ---------------

-- RUNNING EPOCHS START -------------
[00:00:00:02.17] Training epoch 1/14, current best R: 1.0000

	** New best
	Reward: 0.9999998148497994
	Count Off-policy: False
	Count On-policy: True
	Originally on Policy: True
	Invalid: False
	Traversal: div,0.8442430064255907,mul,sub,div,x1,x3,inv,x3,add,div,sub,x3,div,inv,x1,x2,0.5922465313524956,5.984358600645828e-05
	Expression:
	                               0.8442430064255907                            
	  ───────────────────────────────────────────────────────────────────────────
	  ⎛x₁   1 ⎞ ⎛                                              1.688486039278829⎞
	  ⎜── - ──⎟⋅⎜1.688486039278829⋅x₃ + 5.984358600645828e-5 - ─────────────────⎟
	  ⎝x₃   x₃⎠ ⎝                                                    x₁⋅x₂      ⎠

[00:00:00:02.52] Early stopping criteria met; breaking early.
-- RUNNING EPOCHS END ---------------

-- EVALUATION START ----------------
Saving Hall of Fame to ./log/regression_config_regression_DSR.json_FeynmanIICh34Eq2.in_normal_0.0_2023-05-29-051200/dso_regression_config_regression_DSR.json_FeynmanIICh34Eq2.in_normal_0.0_0_hof.csv
Saving Pareto Front to ./log/regression_config_regression_DSR.json_FeynmanIICh34Eq2.in_normal_0.0_2023-05-29-051200/dso_regression_config_regression_DSR.json_FeynmanIICh34Eq2.in_normal_0.0_0_pf.csv
Invalid expressions: 35 of 1024 (3.4%).
Error type counts:
  reciprocal: 22 (62.9%)
  true_divide: 13 (37.1%)
Error node counts:
  divide: 35 (100.0%)
-- EVALUATION END ------------------
== TRAINING SEED 0 END ==============
INFO: Completed run 1 of 1 in 4 s

== POST-PROCESS START =================
-- LOADING LOGS START ----------------
json configure file: ./log/regression_config_regression_DSR.json_FeynmanIICh34Eq2.in_normal_0.0_2023-05-29-051200
Successfully loaded summary data
Successfully loaded Hall of Fame data
Successfully loaded Pareto Front data
-- LOADING LOGS END ------------------

-- ANALYZING LOG START --------------
Task_____________regression
Source path______./log/regression_config_regression_DSR.json_FeynmanIICh34Eq2.in_normal_0.0_2023-05-29-051200
Runs_____________1
Max Samples/run__15000
Success_rate_____1.0
Hall of Fame (Top 5 of 100)____
    0: S=000 R=1.000000 <-- [0.8442430064255907/((x1/x3 - 1/x3)*(1.688486039278829*x3 + 5.984358600645828e-5 - 1.688486039278829/(x1*x2)))]
    1: S=000 R=0.525954 <-- [0.0951947909955931*x2*x3*(x1 + x3)]
    2: S=000 R=0.500376 <-- [x1*(x1 + x2/(0.10861649638290499*x2**2 + x3))]
    3: S=000 R=0.500376 <-- [9.207146063927236*x1/x2]
    4: S=000 R=0.500376 <-- [1/((x1 + 0.1086150887760467)*(x2 + x3 + (x1 + x2)/x1))]
  Saving Hall of Fame plot to ./log/regression_config_regression_DSR.json_FeynmanIICh34Eq2.in_normal_0.0_2023-05-29-051200/dso_regression_config_regression_DSR.json_FeynmanIICh34Eq2.in_normal_0.0_plot_hof.png
Pareto Front (5 of 8)____
    0: S=000 R=1.000000 C=25.00 <-- [0.8442430064255907/((x1/x3 - 1/x3)*(1.688486039278829*x3 + 5.984358600645828e-5 - 1.688486039278829/(x1*x2)))]
    1: S=000 R=0.525954 C=15.00 <-- [0.0951947909955931*x2*x3*(x1 + x3)]
    2: S=000 R=0.500376 C=13.00 <-- [9.2083062846198822*x1/x2]
    3: S=000 R=0.500376 C=11.00 <-- [9.2096916691797473*x1/x2]
    4: S=000 R=0.500376 C=10.00 <-- [x1*(x1 + 9.213008755322662)/(x2 - x3)]
  Saving Pareto Front plot to ./log/regression_config_regression_DSR.json_FeynmanIICh34Eq2.in_normal_0.0_2023-05-29-051200/dso_regression_config_regression_DSR.json_FeynmanIICh34Eq2.in_normal_0.0_plot_pf.png
-- ANALYZING LOG END ----------------
== POST-PROCESS END ===================
