debug /depot/yexiang/apps/jiang631/data/scibench/data/unencrypted/equations_feynman/FeynmanICh6Eq20a.in
!!!!!!!!!!!!!!!!!!!!!!!!!!!!!i /depot/yexiang/apps/jiang631/data/scibench/data/unencrypted/equations_feynman/FeynmanICh6Eq20a.in
['mul', 0.5, 'mul', 'pow', 2, 0.5, 'mul', 'pow', 3.141592653589793, -0.5, 'exp', 'mul', -0.5, 'pow', 'X_0', 2]
--------------------
eq_name 	 feynman-i.6.20a
num_vars 	 1
vars_range_and_types 	 [{"name": "LogUniform", "range": [0.1, 10.0], "only_positive": false}]
function_set 	 ['sub', 'mul', 'div', 'exp', 'const']
eq_expression 	 mul,0.5,mul,pow,2,0.5,mul,pow,3.141592653589793,-0.5,exp,mul,-0.5,pow,X_0,2
expr 	 sqrt(2)*exp(-X_0**2/2)/(2*sqrt(pi))
--------------------

== EXPERIMENT SETUP START ===========
Task type            : regression
Starting seed        : 0
Runs                 : 1
== EXPERIMENT SETUP END =============

== TRAINING SEED 0 START ============
self.dataX <dso.symbolic_data_generator.DataX object at 0x2b23a4208048>, self.data_query_oracle: <dso.symbolic_equation_evaluator_public.Equation_evaluator object at 0x2b23c32a9dd8>
generate dataset!
-- BUILDING PRIOR START -------------
WARNING: Skipping invalid 'RelationalConstraint' with arguments {'targets': [], 'effectors': [], 'relationship': None}. Reason: Prior disabled.
WARNING: Skipping invalid 'TrigConstraint' with arguments {}. Reason: There are no target Tokens.
WARNING: Skipping invalid 'UniformArityPrior' with arguments {}. Reason: Prior disabled.
WARNING: Skipping invalid 'LanguageModelPrior' with arguments {'weight': None}. Reason: Prior disabled.
LengthConstraint: Sequences have minimum length 4.
                  Sequences have maximum length 256.
RepeatConstraint: [const] cannot occur more than 10 times.
RelationalConstraint: [inv] cannot be a child of [inv].
ConstConstraint: [const] cannot be the only unique child of [inv, add, sub, mul, div].
NoInputsConstraint: Sequences contain at least one input variable Token.
SoftLengthPrior: No description available.
-- BUILDING PRIOR END ---------------

-- RUNNING EPOCHS START -------------
gen	iter	pop_size	nevals	uncached_size	best_val              	timer 
0  	0   	1024    	1024  	1024         	(-0.9285427511726232,)	27.471
1  	1   	1024    	779   	578          	(-0.9736296185067902,)	18.8346
2  	2   	1024    	758   	536          	(-0.9781714823264963,)	21.8742
3  	3   	1024    	767   	516          	(-0.9916494175774019,)	28.2709
4  	4   	1024    	746   	505          	(-0.9916494175774019,)	33.0686
5  	5   	1024    	765   	493          	(-0.991650818695515,) 	45.8554
6  	6   	1024    	774   	469          	(-0.9977165009268326,)	55.2948
7  	7   	1024    	749   	396          	(-0.9977165009268326,)	55.4066
8  	8   	1024    	764   	413          	(-0.9977165009268326,)	60.792 
9  	9   	1024    	772   	372          	(-0.9977165009268326,)	61.9038

--------------------------------------------------
GP Time: 409.027

Unique expressions evaluated: 6190
Total expression evaluations: 7898
--------------------------------------------------

GP -> best program this epoch:

	Reward: 0.9977165009268326
	Count Off-policy: 1
	Count On-policy: 0
	Originally on Policy: False
	Invalid: False
	Traversal: inv,add,mul,sub,sub,mul,add,sub,mul,-0.8610395638701743,x1,mul,0.7935786035404432,sub,mul,x1,x1,x1,div,x1,div,sub,3.7002187114287852,x1,5.785634108748495,sub,x1,sub,0.09957172928332905,mul,inv,add,3.7066511736549694,x1,7.332191417436473,0.00024589164829349157,div,x1,0.6541612623951476,x1,2.504996833142082
	Expression:
                                                                              
	  ──────────────────────────────────────────────────────────────────────────────
	     ⎛                        ⎛                              7.332191417436473  
	  x₁⋅⎜-1.528675049235715⋅x₁ + ⎜x₁ - 0.09957172928332905 + ──────────────────────
	     ⎝                        ⎝                           x₁ + 3.706651173654969

	                                   1                                            
	  ──────────────────────────────────────────────────────────────────────────────
	   ⎞ ⎛                       2                                                x₁
	  ─⎟⋅⎜- 0.7935786035404432⋅x₁  - 0.0674609603297311⋅x₁ + ───────────────────────
	  4⎠ ⎝                                                   0.63955283757637912 - 0

                                                                   
	  ───────────────────────────────────────────────────────────────────
	                      ⎞                         ⎞                    
	  ────────────────────⎟ - 0.00024589164829349157⎟ + 2.504996833142082
	  .1728419013722097⋅x₁⎠                         ⎠                    

None

--------------------------------------------------

[00:00:07:22.91] Training epoch 1/14, current best R: 0.9977

	** New best
	Reward: 0.9977165009268326
	Count Off-policy: 1
	Count On-policy: 0
	Originally on Policy: False
	Invalid: False
	Traversal: inv,add,mul,sub,sub,mul,add,sub,mul,-0.8610395638701743,x1,mul,0.7935786035404432,sub,mul,x1,x1,x1,div,x1,div,sub,3.7002187114287852,x1,5.785634108748495,sub,x1,sub,0.09957172928332905,mul,inv,add,3.7066511736549694,x1,7.332191417436473,0.00024589164829349157,div,x1,0.6541612623951476,x1,2.504996833142082
	Expression:
                                                                              
	  ──────────────────────────────────────────────────────────────────────────────
	     ⎛                        ⎛                              7.332191417436473  
	  x₁⋅⎜-1.528675049235715⋅x₁ + ⎜x₁ - 0.09957172928332905 + ──────────────────────
	     ⎝                        ⎝                           x₁ + 3.706651173654969

	                                   1                                            
	  ──────────────────────────────────────────────────────────────────────────────
	   ⎞ ⎛                       2                                                x₁
	  ─⎟⋅⎜- 0.7935786035404432⋅x₁  - 0.0674609603297311⋅x₁ + ───────────────────────
	  4⎠ ⎝                                                   0.63955283757637912 - 0

                                                                   
	  ───────────────────────────────────────────────────────────────────
	                      ⎞                         ⎞                    
	  ────────────────────⎟ - 0.00024589164829349157⎟ + 2.504996833142082
	  .1728419013722097⋅x₁⎠                         ⎠                    

10 	0   	1024    	1024  	1014         	(-0.9162060780999228,)	23.526 
11 	1   	1024    	769   	576          	(-0.9736448717286015,)	17.8667
12 	2   	1024    	771   	567          	(-0.9736452060990682,)	26.7899
13 	3   	1024    	771   	538          	(-0.9781872870549426,)	30.9925
14 	4   	1024    	774   	519          	(-0.9781872870549426,)	26.5043
15 	5   	1024    	770   	481          	(-0.9919106871727685,)	29.999 
16 	6   	1024    	748   	479          	(-0.9931503933120289,)	30.1246
17 	7   	1024    	766   	509          	(-0.9940816842315114,)	33.0216
18 	8   	1024    	755   	480          	(-0.9940816842315114,)	28.806 
19 	9   	1024    	792   	466          	(-0.9982796630455788,)	28.495 

--------------------------------------------------
GP Time: 276.381

Unique expressions evaluated: 12699
Total expression evaluations: 15838
--------------------------------------------------

GP -> best program this epoch:

	Reward: 0.9982796630455788
	Count Off-policy: 1
	Count On-policy: 0
	Originally on Policy: False
	Invalid: False
	Traversal: sub,inv,add,mul,add,add,x1,mul,sub,div,mul,add,add,x1,mul,mul,div,add,mul,add,x1,x1,mul,x1,mul,x1,x1,0.6208071651485522,2.008380281990962,0.05553978122895423,x1,2.7299329630179794,x1,2.730367861878206,sub,sub,add,x1,x1,0.11605052072107298,add,0.1160505207210739,x1,x1,6.51523493889105e-05,x1,2.5053724421870545,0.000331778720599162
	Expression:
                                                                              
	  -0.000331778720599162 + ──────────────────────────────────────────────────────
	                             ⎛   ⎛                      ⎛   ⎛                   
	                          x₁⋅⎝x₁⋅⎝0.3662510147303394⋅x₁⋅⎝x₁⋅⎝0.05530803277345079

	                                       1                                        
	  ──────────────────────────────────────────────────────────────────────────────
	     4                     ⎞                          ⎞                         
	  ⋅x₁  + 0.0171678115180146⎠ + x₁ + 2.7299329630179794⎠ - x₁ + 0.232101041442146

                                                    
	  ────────────────────────────────────────────────────
	    ⎞                           ⎞                     
	  88⎠ + x₁ + 6.51523493889105e-5⎠ + 2.5053724421870545

None

--------------------------------------------------

[00:00:12:19.18] Training epoch 2/14, current best R: 0.9983

	** New best
	Reward: 0.9982796630455788
	Count Off-policy: 1
	Count On-policy: 0
	Originally on Policy: False
	Invalid: False
	Traversal: sub,inv,add,mul,add,add,x1,mul,sub,div,mul,add,add,x1,mul,mul,div,add,mul,add,x1,x1,mul,x1,mul,x1,x1,0.6208071651485522,2.008380281990962,0.05553978122895423,x1,2.7299329630179794,x1,2.730367861878206,sub,sub,add,x1,x1,0.11605052072107298,add,0.1160505207210739,x1,x1,6.51523493889105e-05,x1,2.5053724421870545,0.000331778720599162
	Expression:
                                                                              
	  -0.000331778720599162 + ──────────────────────────────────────────────────────
	                             ⎛   ⎛                      ⎛   ⎛                   
	                          x₁⋅⎝x₁⋅⎝0.3662510147303394⋅x₁⋅⎝x₁⋅⎝0.05530803277345079

	                                       1                                        
	  ──────────────────────────────────────────────────────────────────────────────
	     4                     ⎞                          ⎞                         
	  ⋅x₁  + 0.0171678115180146⎠ + x₁ + 2.7299329630179794⎠ - x₁ + 0.232101041442146

                                                    
	  ────────────────────────────────────────────────────
	    ⎞                           ⎞                     
	  88⎠ + x₁ + 6.51523493889105e-5⎠ + 2.5053724421870545

-- RUNNING EPOCHS END ---------------

-- EVALUATION START ----------------
Saving Hall of Fame to ./log/regression_config_regression_GPMELD.json_FeynmanICh6Eq20a.in_normal_0.0_2023-05-29-051838/dso_regression_config_regression_GPMELD.json_FeynmanICh6Eq20a.in_normal_0.0_0_hof.csv
Saving Pareto Front to ./log/regression_config_regression_GPMELD.json_FeynmanICh6Eq20a.in_normal_0.0_2023-05-29-051838/dso_regression_config_regression_GPMELD.json_FeynmanICh6Eq20a.in_normal_0.0_0_pf.csv
Invalid expressions: 252 of 17886 (1.4%).
Error type counts:
  reciprocal: 157 (62.3%)
  true_divide: 95 (37.7%)
Error node counts:
  divide: 251 (99.6%)
  invalid: 1 (0.4%)
-- EVALUATION END ------------------
== TRAINING SEED 0 END ==============
INFO: Completed run 1 of 1 in 741 s

== POST-PROCESS START =================
-- LOADING LOGS START ----------------
json configure file: ./log/regression_config_regression_GPMELD.json_FeynmanICh6Eq20a.in_normal_0.0_2023-05-29-051838
Successfully loaded summary data
Successfully loaded Hall of Fame data
Successfully loaded Pareto Front data
-- LOADING LOGS END ------------------

-- ANALYZING LOG START --------------
Task_____________regression
Source path______./log/regression_config_regression_GPMELD.json_FeynmanICh6Eq20a.in_normal_0.0_2023-05-29-051838
Runs_____________1
Max Samples/run__15000
Success_rate_____0.0
Hall of Fame (Top 5 of 100)____
    0: S=000 R=0.998280 <-- [-0.000331778720599162 + 1/(x1*(x1*(0.3662510147303394*x1*(x1*(0.05530803277345079*x1**4 + 0.0171678115180146) + x1 + 2.7299329630179794) - x1 + 0.23210104144214688) + x1 + 6.51523493889105e-5) + 2.5053724421870545)]
    1: S=000 R=0.998280 <-- [-0.000331778720599162 + 1/(x1*(x1*(0.3662510147303394*x1*(x1*(0.05530803277345079*x1**4 + 0.0171678115180146) + x1 + 2.7299329630179794) - x1 + 0.23210104144214688) + x1 + 6.51523493889105e-5) + 2.5053724421870545)]
    2: S=000 R=0.997717 <-- [1/(x1*(-1.528675049235715*x1 + (x1 - 0.09957172928332905 + 7.332191417436473/(x1 + 3.7066511736549694))*(-0.7935786035404432*x1**2 - 0.0674609603297311*x1 + x1/(0.63955283757637912 - 0.1728419013722097*x1)) - 0.00024589164829349157) + 2.504996833142082)]
    3: S=000 R=0.997717 <-- [1/(x1*(-1.528675049235715*x1 + (x1 - 0.09957172928332905 + 7.332191417436473/(x1 + 3.7066511736549694))*(-0.7935786035404432*x1**2 - 0.0674609603297311*x1 + x1/(0.63955283757637912 - 0.1728419013722097*x1)) - 0.00024589164829349157) + 2.504996833142082)]
    4: S=000 R=0.996606 <-- [1/(x1*((x1**2 + 4.575318289674525)*(0.0027655875896771417*x1**2 + 0.27842685940328865*x1 + x1*(0.89510404558252708*x1**3*(x1 - 0.07571008057278272) - 0.1175146337682536*x1)/(72.77740502100771 - x1)) - 0.001209717844898605) + 2.505456597128749)]
  Saving Hall of Fame plot to ./log/regression_config_regression_GPMELD.json_FeynmanICh6Eq20a.in_normal_0.0_2023-05-29-051838/dso_regression_config_regression_GPMELD.json_FeynmanICh6Eq20a.in_normal_0.0_plot_hof.png
Pareto Front (5 of 20)____
    0: S=000 R=0.998280 C=51.00 <-- [-0.000331778720599162 + 1/(x1*(x1*(0.3662510147303394*x1*(x1*(0.05530803277345079*x1**4 + 0.0171678115180146) + x1 + 2.7299329630179794) - x1 + 0.23210104144214688) + x1 + 6.51523493889105e-5) + 2.5053724421870545)]
    1: S=000 R=0.997717 C=46.00 <-- [1/(x1*(-1.528675049235715*x1 + (x1 - 0.09957172928332905 + 7.332191417436473/(x1 + 3.7066511736549694))*(-0.7935786035404432*x1**2 - 0.0674609603297311*x1 + x1/(0.63955283757637912 - 0.1728419013722097*x1)) - 0.00024589164829349157) + 2.504996833142082)]
    2: S=000 R=0.994081 C=39.00 <-- [-0.0011512633863207222 + 1/(x1*(x1*(0.13065539698288991*x1*(x1**3 + 1.1158348724724751*x1) + 0.32392945495278301) + x1 + 1.974875362520876e-5) + 2.4951374897634917)]
    3: S=000 R=0.993151 C=37.00 <-- [1/(x1*(0.14241285350106757*x1**2*(x1 - 0.00038186799304104933)*(x1**2 + 0.8711490856922435) + 0.0011230113037597874*x1**2 + 1.34399360319947*x1 - 0.0005051752718602463) + 2.501623632270763)]
    4: S=000 R=0.993151 C=34.00 <-- [1/((x1 + 0.0020711632427268837)*(x1**2*(0.1424050865454958*x1**3 + 0.1240885474032167*x1) + 1.3439819863673147*x1 - 0.0030477469541956598) + 2.5016308196594768)]
  Saving Pareto Front plot to ./log/regression_config_regression_GPMELD.json_FeynmanICh6Eq20a.in_normal_0.0_2023-05-29-051838/dso_regression_config_regression_GPMELD.json_FeynmanICh6Eq20a.in_normal_0.0_plot_pf.png
-- ANALYZING LOG END ----------------
== POST-PROCESS END ===================
