debug /depot/yexiang/apps/jiang631/data/scibench/data/unencrypted/equations_feynman/FeynmanICh18Eq16.in
!!!!!!!!!!!!!!!!!!!!!!!!!!!!!i /depot/yexiang/apps/jiang631/data/scibench/data/unencrypted/equations_feynman/FeynmanICh18Eq16.in
['mul', 'X_0', 'mul', 'X_1', 'mul', 'X_2', 'sin', 'X_3']
--------------------
eq_name 	 feynman-i.18.16
num_vars 	 4
vars_range_and_types 	 [{"name": "LogUniform", "range": [0.1, 10.0], "only_positive": true}, {"name": "LogUniform", "range": [0.1, 10.0], "only_positive": true}, {"name": "LogUniform", "range": [0.1, 10.0], "only_positive": true}, {"name": "Uniform", "range": [0, 6.283185307179586], "only_positive": true}]
function_set 	 ['add', 'sub', 'mul', 'div', 'sin', 'cos', 'exp', 'log', 'const']
eq_expression 	 mul,X_0,mul,X_1,mul,X_2,sin,X_3
expr 	 X_0*X_1*X_2*sin(X_3)
--------------------

== EXPERIMENT SETUP START ===========
Task type            : regression
Starting seed        : 0
Runs                 : 1
== EXPERIMENT SETUP END =============

== TRAINING SEED 0 START ============
self.dataX <dso.symbolic_data_generator.DataX object at 0x2b6990c8c048>, self.data_query_oracle: <dso.symbolic_equation_evaluator_public.Equation_evaluator object at 0x2b69afd2dd68>
generate dataset!
-- BUILDING PRIOR START -------------
WARNING: Skipping invalid 'RelationalConstraint' with arguments {'targets': [], 'effectors': [], 'relationship': None}. Reason: Prior disabled.
WARNING: Skipping invalid 'TrigConstraint' with arguments {}. Reason: There are no target Tokens.
WARNING: Skipping invalid 'UniformArityPrior' with arguments {}. Reason: Prior disabled.
WARNING: Skipping invalid 'LanguageModelPrior' with arguments {'weight': None}. Reason: Prior disabled.
LengthConstraint: Sequences have minimum length 4.
                  Sequences have maximum length 256.
RepeatConstraint: [const] cannot occur more than 10 times.
RelationalConstraint: [inv] cannot be a child of [inv].
ConstConstraint: [const] cannot be the only unique child of [inv, add, sub, mul, div].
NoInputsConstraint: Sequences contain at least one input variable Token.
SoftLengthPrior: No description available.
-- BUILDING PRIOR END ---------------

-- RUNNING EPOCHS START -------------
[00:00:00:04.90] Training epoch 1/14, current best R: 0.5357

	** New best
	Reward: 0.535651010941877
	Count Off-policy: False
	Count On-policy: True
	Originally on Policy: True
	Invalid: False
	Traversal: add,x4,add,-3.0929314171568665,mul,x2,mul,mul,-0.6497925424065545,add,-3.189052510024279,x4,x1
	Expression:
	  x₁⋅x₂⋅(2.07222253835668 - 0.6497925424065545⋅x₄) + x₄ - 3.0929314171568665

[00:00:00:32.22] Training epoch 9/14, current best R: 0.6030

	** New best
	Reward: 0.6029642826258659
	Count Off-policy: False
	Count On-policy: True
	Originally on Policy: True
	Invalid: False
	Traversal: mul,add,inv,add,x4,377.50636941252753,mul,mul,x1,-0.2765060645606529,mul,add,-3.3260819122870786,x4,x2,x3
	Expression:
	     ⎛                                                                 1        
	  x₃⋅⎜-0.2765060645606529⋅x₁⋅x₂⋅(x₄ - 3.3260819122870786) + ────────────────────
	     ⎝                                                      x₄ + 377.50636941252

	     ⎞
	  ───⎟
	  753⎠

[00:00:00:37.12] Training epoch 10/14, current best R: 0.6030
[00:00:00:55.23] Ending training after epoch 14/14, current best R: 0.6030
-- RUNNING EPOCHS END ---------------

-- EVALUATION START ----------------
Saving Hall of Fame to ./log/regression_config_regression_PQT.json_FeynmanICh18Eq16.in_normal_0.0_2023-05-29-051823/dso_regression_config_regression_PQT.json_FeynmanICh18Eq16.in_normal_0.0_0_hof.csv
Saving Pareto Front to ./log/regression_config_regression_PQT.json_FeynmanICh18Eq16.in_normal_0.0_2023-05-29-051823/dso_regression_config_regression_PQT.json_FeynmanICh18Eq16.in_normal_0.0_0_pf.csv
Invalid expressions: 212 of 14336 (1.5%).
Error type counts:
  reciprocal: 121 (57.1%)
  true_divide: 91 (42.9%)
Error node counts:
  divide: 212 (100.0%)

Priority queue entry 0:
	Reward: 0.6029642826258659
	Count Off-policy: False
	Count On-policy: True
	Originally on Policy: True
	Invalid: False
	Traversal: mul,add,inv,add,x4,377.50636941252753,mul,mul,x1,-0.2765060645606529,mul,add,-3.3260819122870786,x4,x2,x3
	Expression:
	     ⎛                                                                 1        
	  x₃⋅⎜-0.2765060645606529⋅x₁⋅x₂⋅(x₄ - 3.3260819122870786) + ────────────────────
	     ⎝                                                      x₄ + 377.50636941252

	     ⎞
	  ───⎟
	  753⎠


Priority queue entry 1:
	Reward: 0.5401884658440517
	Count Off-policy: False
	Count On-policy: True
	Originally on Policy: True
	Invalid: False
	Traversal: mul,sub,x4,3.1396703095663705,mul,sub,x4,sub,x2,mul,x4,sub,mul,x1,-0.10397242500703674,0.6123716176154402,x3
	Expression:
	  x₃⋅(x₄ - 3.1396703095663705)⋅(-x₂ + x₄⋅(-0.10397242500703674⋅x₁ - 0.6123716176
	  154402) + x₄)


Priority queue entry 2:
	Reward: 0.536531120071949
	Count Off-policy: False
	Count On-policy: True
	Originally on Policy: True
	Invalid: False
	Traversal: div,x2,div,div,0.8649206797687026,x1,sub,1.6879384373794042,mul,0.5281514822512681,x4
	Expression:
	  1.156175385085509⋅x₁⋅x₂⋅(1.6879384373794042 - 0.5281514822512681⋅x₄)


Priority queue entry 3:
	Reward: 0.535651010941877
	Count Off-policy: False
	Count On-policy: True
	Originally on Policy: True
	Invalid: False
	Traversal: add,x4,add,-3.0929314171568665,mul,x2,mul,mul,-0.6497925424065545,add,-3.189052510024279,x4,x1
	Expression:
	  x₁⋅x₂⋅(2.07222253835668 - 0.6497925424065545⋅x₄) + x₄ - 3.0929314171568665


Priority queue entry 4:
	Reward: 0.5304346477065003
	Count Off-policy: False
	Count On-policy: True
	Originally on Policy: True
	Invalid: False
	Traversal: mul,add,x3,-0.7350820651795521,mul,sub,add,x3,mul,add,x3,-3.1769465600302955,-0.9922342769864562,x4,x2
	Expression:
	  x₂⋅(x₃ - 0.7350820651795521)⋅(0.007765723013543793⋅x₃ - x₄ + 3.152275273016269
	  4)


Priority queue entry 5:
	Reward: 0.5250890616748873
	Count Off-policy: False
	Count On-policy: True
	Originally on Policy: True
	Invalid: False
	Traversal: div,x3,inv,add,mul,add,sub,3.2149916405918497,x4,mul,mul,inv,x1,-0.0008762392609313181,add,0.9019661952672569,x3,x2,-0.0321693110418294
	Expression:
	     ⎛   ⎛                           0.0008762392609313181⋅(x₃ + 0.9019661952672
	  x₃⋅⎜x₂⋅⎜-x₄ + 3.2149916405918497 - ───────────────────────────────────────────
	     ⎝   ⎝                                                  x₁                  

	  569)⎞                     ⎞
	  ────⎟ - 0.0321693110418294⎟
	      ⎠                     ⎠


Priority queue entry 6:
	Reward: 0.5235118252877673
	Count Off-policy: False
	Count On-policy: True
	Originally on Policy: True
	Invalid: False
	Traversal: mul,mul,0.08923826932036691,x4,div,x2,inv,mul,sub,div,mul,0.9873229743750307,x1,x4,x3,x1
	Expression:
	                               ⎛0.9873229743750307⋅x₁     ⎞
	  0.08923826932036691⋅x₁⋅x₂⋅x₄⋅⎜───────────────────── - x₃⎟
	                               ⎝          x₄              ⎠


Priority queue entry 7:
	Reward: 0.5190829278923924
	Count Off-policy: False
	Count On-policy: True
	Originally on Policy: True
	Invalid: False
	Traversal: mul,div,add,36.419575039571264,mul,add,-3.6133965391856617,sub,sub,-3.613396539159145,div,x2,x4,x3,x4,7.063869950536166,x2
	Expression:
	     ⎛                      ⎛  x₂                          ⎞                    
	  x₂⋅⎜0.1415654601517823⋅x₄⋅⎜- ── - x₃ - 7.2267930783448067⎟ + 5.155753899009271
	     ⎝                      ⎝  x₄                          ⎠                    

	  ⎞
	  ⎟
	  ⎠


Priority queue entry 8:
	Reward: 0.5172622696491459
	Count Off-policy: False
	Count On-policy: True
	Originally on Policy: True
	Invalid: False
	Traversal: mul,x3,mul,x2,div,mul,-0.9705773899989854,add,mul,sub,inv,div,inv,add,x4,x3,x3,x4,-0.03549652670118899,x4,2.4870517827091843
	Expression:
	  x₂⋅x₃⋅(0.01385259707063279⋅x₃⋅(x₃ + x₄) - 0.40410478110104341⋅x₄)


Priority queue entry 9:
	Reward: 0.5167186921939396
	Count Off-policy: False
	Count On-policy: True
	Originally on Policy: True
	Invalid: False
	Traversal: add,x4,mul,mul,x1,x1,mul,sub,mul,add,sub,add,-0.21727964429258764,x4,2.217280067427432,-0.21727964429258836,x3,x2,-0.06541532778893584
	Expression:
	    2                                                                           
	  x₁ ⋅(0.06541532778893584⋅x₂ - 0.06541532778893584⋅x₃⋅(x₄ - 2.651839356012608))

     
	   + x₄

-- EVALUATION END ------------------
== TRAINING SEED 0 END ==============
INFO: Completed run 1 of 1 in 57 s

== POST-PROCESS START =================
-- LOADING LOGS START ----------------
json configure file: ./log/regression_config_regression_PQT.json_FeynmanICh18Eq16.in_normal_0.0_2023-05-29-051823
Successfully loaded summary data
Successfully loaded Hall of Fame data
Successfully loaded Pareto Front data
-- LOADING LOGS END ------------------

-- ANALYZING LOG START --------------
Task_____________regression
Source path______./log/regression_config_regression_PQT.json_FeynmanICh18Eq16.in_normal_0.0_2023-05-29-051823
Runs_____________1
Max Samples/run__15000
Success_rate_____0.0
Hall of Fame (Top 5 of 100)____
    0: S=000 R=0.602964 <-- [x3*(-0.2765060645606529*x1*x2*(x4 - 3.3260819122870786) + 1/(x4 + 377.50636941252753))]
    1: S=000 R=0.540188 <-- [x3*(x4 - 3.1396703095663705)*(-x2 + x4*(-0.10397242500703674*x1 - 0.6123716176154402) + x4)]
    2: S=000 R=0.536531 <-- [1.156175385085509*x1*x2*(1.6879384373794042 - 0.5281514822512681*x4)]
    3: S=000 R=0.535651 <-- [x1*x2*(2.07222253835668 - 0.6497925424065545*x4) + x4 - 3.0929314171568665]
    4: S=000 R=0.530435 <-- [x2*(x3 - 0.7350820651795521)*(0.007765723013543793*x3 - x4 + 3.1522752730162694)]
  Saving Hall of Fame plot to ./log/regression_config_regression_PQT.json_FeynmanICh18Eq16.in_normal_0.0_2023-05-29-051823/dso_regression_config_regression_PQT.json_FeynmanICh18Eq16.in_normal_0.0_plot_hof.png
Pareto Front (5 of 6)____
    0: S=000 R=0.602964 C=17.00 <-- [x3*(-0.2765060645606529*x1*x2*(x4 - 3.3260819122870786) + 1/(x4 + 377.50636941252753))]
    1: S=000 R=0.536531 C=14.00 <-- [1.156175385085509*x1*x2*(1.6879384373794042 - 0.5281514822512681*x4)]
    2: S=000 R=0.535651 C=13.00 <-- [x1*x2*(2.07222253835668 - 0.6497925424065545*x4) + x4 - 3.0929314171568665]
    3: S=000 R=0.515401 C=9.00 <-- [-0.06232343220424692*x1*x2*x3*x4]
    4: S=000 R=0.510080 C=7.00 <-- [x3*(2.615415596687265 - x4) + x4]
  Saving Pareto Front plot to ./log/regression_config_regression_PQT.json_FeynmanICh18Eq16.in_normal_0.0_2023-05-29-051823/dso_regression_config_regression_PQT.json_FeynmanICh18Eq16.in_normal_0.0_plot_pf.png
-- ANALYZING LOG END ----------------
== POST-PROCESS END ===================
