debug /depot/yexiang/apps/jiang631/data/scibench/data/unencrypted/equations_feynman/FeynmanIICh8Eq7.in
!!!!!!!!!!!!!!!!!!!!!!!!!!!!!i /depot/yexiang/apps/jiang631/data/scibench/data/unencrypted/equations_feynman/FeynmanIICh8Eq7.in
['mul', 16941495369.3246, 'mul', 'pow', 3.141592653589793, -1, 'mul', 'pow', 'X_0', 2, 'pow', 'X_1', -1]
--------------------
eq_name 	 feynman-ii.8.7
num_vars 	 2
vars_range_and_types 	 [{"name": "LogUniform", "range": [1e-11, 1e-09], "only_positive": false}, {"name": "LogUniform", "range": [1e-12, 1e-10], "only_positive": true}]
function_set 	 ['add', 'sub', 'mul', 'div', 'sin', 'cos', 'exp', 'log', 'const']
eq_expression 	 mul,16941495369.3246,mul,pow,3.141592653589793,-1,mul,pow,X_0,2,pow,X_1,-1
expr 	 16941495369.3246*X_0**2/(pi*X_1)
--------------------

== EXPERIMENT SETUP START ===========
Task type            : regression
Starting seed        : 0
Runs                 : 1
== EXPERIMENT SETUP END =============

== TRAINING SEED 0 START ============
self.dataX <dso.symbolic_data_generator.DataX object at 0x2ae589731710>, self.data_query_oracle: <dso.symbolic_equation_evaluator_public.Equation_evaluator object at 0x2ae56ff98cf8>
generate dataset!
-- BUILDING PRIOR START -------------
WARNING: Skipping invalid 'RelationalConstraint' with arguments {'targets': [], 'effectors': [], 'relationship': None}. Reason: Prior disabled.
WARNING: Skipping invalid 'TrigConstraint' with arguments {}. Reason: There are no target Tokens.
WARNING: Skipping invalid 'UniformArityPrior' with arguments {}. Reason: Prior disabled.
WARNING: Skipping invalid 'LanguageModelPrior' with arguments {'weight': None}. Reason: Prior disabled.
LengthConstraint: Sequences have minimum length 4.
                  Sequences have maximum length 256.
RepeatConstraint: [const] cannot occur more than 10 times.
RelationalConstraint: [inv] cannot be a child of [inv].
ConstConstraint: [const] cannot be the only unique child of [inv, add, sub, mul, div].
NoInputsConstraint: Sequences contain at least one input variable Token.
SoftLengthPrior: No description available.
-- BUILDING PRIOR END ---------------

-- RUNNING EPOCHS START -------------
[00:00:00:03.17] Training epoch 1/14, current best R: 0.6958

	** New best
	Reward: 0.6957898881398078
	Count Off-policy: False
	Count On-policy: True
	Originally on Policy: True
	Invalid: False
	Traversal: div,add,div,0.03130396408238477,mul,x2,add,x2,mul,add,sub,mul,inv,mul,x1,x1,2.094019159364118,x2,x1,2.094019159364118,x1,x2
	Expression:
	                               0.03130396408238477                         
	  x₁ + ────────────────────────────────────────────────────────────────────
	          ⎛                                              4.384916239784007⎞
	       x₂⋅⎜2.094019159364118⋅x₁ - 1.094019159364118⋅x₂ + ─────────────────⎟
	          ⎜                                                       2       ⎟
	          ⎝                                                     x₁        ⎠
	  ─────────────────────────────────────────────────────────────────────────
	                                      x₂                                   

[00:00:00:05.11] Training epoch 2/14, current best R: 0.7462

	** New best
	Reward: 0.7462030494881662
	Count Off-policy: False
	Count On-policy: True
	Originally on Policy: True
	Invalid: False
	Traversal: sub,x2,add,div,mul,div,mul,0.01437017663920348,inv,mul,add,sub,1.0,sub,sub,inv,x1,1.0,x2,x1,x2,x2,x1,2.0069254692857936,x2
	Expression:
	  -0.007160294121095293⋅x₁ 
	  ─────────────────────────
	     2 ⎛                1 ⎞
	   x₂ ⋅⎜x₁ + x₂ + 2.0 - ──⎟
	       ⎝                x₁⎠

[00:00:00:07.07] Training epoch 3/14, current best R: 0.7462

	** New best
	Reward: 0.7462030498341018
	Count Off-policy: False
	Count On-policy: True
	Originally on Policy: True
	Invalid: False
	Traversal: inv,add,x2,mul,x2,div,div,inv,mul,mul,x1,sub,inv,x2,1.0,0.0846185475848051,0.0846185328291125,x1
	Expression:
	             1            
	  ────────────────────────
	       139.659004587702⋅x₂
	  x₂ + ───────────────────
	           2 ⎛       1 ⎞  
	         x₁ ⋅⎜-1.0 + ──⎟  
	             ⎝       x₂⎠  

[00:00:00:10.22] Training epoch 4/14, current best R: 0.7462

	** New best
	Reward: 0.746206709400003
	Count Off-policy: False
	Count On-policy: True
	Originally on Policy: True
	Invalid: False
	Traversal: mul,div,x1,mul,mul,div,div,x2,add,div,mul,sub,x2,x1,x1,x2,x1,-0.007160571140410549,x1,x2,x2
	Expression:
	                        ⎛     x₁⋅(-x₁ + x₂)⎞ 
	  -0.007160571140410549⋅⎜x₁ + ─────────────⎟ 
	                        ⎝           x₂     ⎠ 
	  ───────────────────────────────────────────
	                       x₂                    

[00:00:00:14.80] Training epoch 6/14, current best R: 0.7876

	** New best
	Reward: 0.7876388733359881
	Count Off-policy: False
	Count On-policy: True
	Originally on Policy: True
	Invalid: False
	Traversal: inv,add,0.00014515715161626442,div,mul,add,add,0.9999995052648986,div,mul,sub,div,x2,add,x1,mul,x1,x1,-2.2425946404227918e-05,3.138147656988178,x1,0.9999995052648986,x2,0.03792860580391098
	Expression:
	                                                         1                      
	  ──────────────────────────────────────────────────────────────────────────────
	                       ⎛                    3.138147656988178⋅x₂                
	                       ⎜                    ──────────────────── + 7.03759311641
	                       ⎜                            2                           
	                       ⎜                          x₁  + x₁                      
	  26.36532450388371⋅x₂⋅⎜1.999999010529797 + ────────────────────────────────────
	                       ⎝                                         x₁             

                                  
	  ──────────────────────────────────
	          ⎞                         
	  70296e-5⎟                         
	          ⎟                         
	          ⎟                         
	  ────────⎟ + 0.00014515715161626442
	          ⎠                         

[00:00:00:24.04] Training epoch 10/14, current best R: 0.7876
[00:00:00:26.08] Training epoch 11/14, current best R: 0.7876

	** New best
	Reward: 0.7876388923631151
	Count Off-policy: False
	Count On-policy: True
	Originally on Policy: True
	Invalid: False
	Traversal: div,1.11825788927178,add,sub,div,mul,2.5357002667380124,div,mul,add,2.245900571234058e-05,mul,inv,x1,x2,x2,0.027407144739142787,x1,x1,0.0001623421018265686
	Expression:
	                                  1.11825788927178                              
	  ──────────────────────────────────────────────────────────────────────────────
	                                                      ⎛                       x₂
	                                92.519680210121789⋅x₂⋅⎜2.245900571234058e-5 + ──
	                                                      ⎝                       x₁
	  -x₁ + 0.0001623421018265686 + ────────────────────────────────────────────────
	                                                        x₁                      

 
	  ─
	  ⎞
	  ⎟
	  ⎠
	  ─
 

[00:00:00:31.72] Ending training after epoch 14/14, current best R: 0.7876
-- RUNNING EPOCHS END ---------------

-- EVALUATION START ----------------
Saving Hall of Fame to ./log/regression_config_regression_DSR.json_FeynmanIICh8Eq7.in_normal_0.0_2023-05-29-051619/dso_regression_config_regression_DSR.json_FeynmanIICh8Eq7.in_normal_0.0_0_hof.csv
Saving Pareto Front to ./log/regression_config_regression_DSR.json_FeynmanIICh8Eq7.in_normal_0.0_2023-05-29-051619/dso_regression_config_regression_DSR.json_FeynmanIICh8Eq7.in_normal_0.0_0_pf.csv
Invalid expressions: 477 of 14336 (3.3%).
Error type counts:
  reciprocal: 285 (59.7%)
  true_divide: 192 (40.3%)
Error node counts:
  divide: 475 (99.6%)
  invalid: 2 (0.4%)
-- EVALUATION END ------------------
== TRAINING SEED 0 END ==============
INFO: Completed run 1 of 1 in 33 s

== POST-PROCESS START =================
-- LOADING LOGS START ----------------
json configure file: ./log/regression_config_regression_DSR.json_FeynmanIICh8Eq7.in_normal_0.0_2023-05-29-051619
Successfully loaded summary data
Successfully loaded Hall of Fame data
Successfully loaded Pareto Front data
-- LOADING LOGS END ------------------

-- ANALYZING LOG START --------------
Task_____________regression
Source path______./log/regression_config_regression_DSR.json_FeynmanIICh8Eq7.in_normal_0.0_2023-05-29-051619
Runs_____________1
Max Samples/run__15000
Success_rate_____0.0
Hall of Fame (Top 5 of 100)____
    0: S=000 R=0.787639 <-- [1.11825788927178/(-x1 + 0.0001623421018265686 + 92.519680210121789*x2*(2.245900571234058e-5 + x2/x1)/x1)]
    1: S=000 R=0.787639 <-- [1/(26.36532450388371*x2*(1.999999010529797 + (3.138147656988178*x2/(x1**2 + x1) + 7.0375931164170296e-5)/x1) + 0.00014515715161626442)]
    2: S=000 R=0.754989 <-- [0.006997694483014388*x1*(x1 + 1/(0.8026715477713341*x2 - 0.6442816136016291/x2))/x2**2 + 42.11677349018995]
    3: S=000 R=0.754980 <-- [-0.07548475853321215*x1**2/(x2**2*(x2 - 10.78846735681141)) + 42.316577822669736]
    4: S=000 R=0.746209 <-- [0.0071604379395728574/(-x1 + (x1*x2/(x1 - x2) - x2)/(x1 + x2))]
  Saving Hall of Fame plot to ./log/regression_config_regression_DSR.json_FeynmanIICh8Eq7.in_normal_0.0_2023-05-29-051619/dso_regression_config_regression_DSR.json_FeynmanIICh8Eq7.in_normal_0.0_plot_hof.png
Pareto Front (5 of 8)____
    0: S=000 R=0.787639 C=24.00 <-- [1.11825788927178/(-x1 + 0.0001623421018265686 + 92.519680210121789*x2*(2.245900571234058e-5 + x2/x1)/x1)]
    1: S=000 R=0.746208 C=23.00 <-- [x1*(0.02292835837173955*x1/x2 - 0.029684161026071076)/(x2*(x1 + 3.2020628521163395))]
    2: S=000 R=0.746203 C=20.00 <-- [x1**3*(1.0 + 0.0071603050722834904/x1)/x2**2]
    3: S=000 R=0.746203 C=12.00 <-- [0.007160291673601006*x1**2/x2**2 - x1]
    4: S=000 R=0.500000 C=11.00 <-- [-x1 + 1/(x1 + x2 + 0.0078904402756134091)]
  Saving Pareto Front plot to ./log/regression_config_regression_DSR.json_FeynmanIICh8Eq7.in_normal_0.0_2023-05-29-051619/dso_regression_config_regression_DSR.json_FeynmanIICh8Eq7.in_normal_0.0_plot_pf.png
-- ANALYZING LOG END ----------------
== POST-PROCESS END ===================
