debug /depot/yexiang/apps/jiang631/data/scibench/data/unencrypted/equations_feynman/FeynmanICh12Eq2.in
!!!!!!!!!!!!!!!!!!!!!!!!!!!!!i /depot/yexiang/apps/jiang631/data/scibench/data/unencrypted/equations_feynman/FeynmanICh12Eq2.in
['mul', 28235825615.541, 'mul', 'X_0', 'mul', 'X_1', 'mul', 'pow', 3.141592653589793, -1, 'pow', 'X_2', -2]
--------------------
eq_name 	 feynman-i.12.2
num_vars 	 3
vars_range_and_types 	 [{"name": "LogUniform", "range": [0.1, 10.0], "only_positive": false}, {"name": "LogUniform", "range": [0.1, 10.0], "only_positive": false}, {"name": "LogUniform", "range": [0.1, 10.0], "only_positive": true}]
function_set 	 ['add', 'sub', 'mul', 'div', 'n3', 'const']
eq_expression 	 mul,28235825615.541,mul,X_0,mul,X_1,mul,pow,3.141592653589793,-1,pow,X_2,-2
expr 	 28235825615.541*X_0*X_1/(pi*X_2**2)
--------------------

== EXPERIMENT SETUP START ===========
Task type            : regression
Starting seed        : 0
Runs                 : 1
== EXPERIMENT SETUP END =============

== TRAINING SEED 0 START ============
self.dataX <dso.symbolic_data_generator.DataX object at 0x2b9289a382b0>, self.data_query_oracle: <dso.symbolic_equation_evaluator_public.Equation_evaluator object at 0x2b92a8ad9cf8>
generate dataset!
-- BUILDING PRIOR START -------------
WARNING: Skipping invalid 'RelationalConstraint' with arguments {'targets': [], 'effectors': [], 'relationship': None}. Reason: Prior disabled.
WARNING: Skipping invalid 'TrigConstraint' with arguments {}. Reason: There are no target Tokens.
WARNING: Skipping invalid 'UniformArityPrior' with arguments {}. Reason: Prior disabled.
WARNING: Skipping invalid 'LanguageModelPrior' with arguments {'weight': None}. Reason: Prior disabled.
LengthConstraint: Sequences have minimum length 4.
                  Sequences have maximum length 256.
RepeatConstraint: [const] cannot occur more than 10 times.
RelationalConstraint: [inv] cannot be a child of [inv].
ConstConstraint: [const] cannot be the only unique child of [inv, add, sub, mul, div].
NoInputsConstraint: Sequences contain at least one input variable Token.
SoftLengthPrior: No description available.
-- BUILDING PRIOR END ---------------

-- RUNNING EPOCHS START -------------
[00:00:00:02.08] Training epoch 1/14, current best R: 0.5000

	** New best
	Reward: 0.4999767974190616
	Count Off-policy: False
	Count On-policy: True
	Originally on Policy: True
	Invalid: False
	Traversal: div,div,mul,x1,x2,sub,sub,1.0000256263950382,sub,sub,1.0000256264275185,x1,1.0000256263950382,add,1.0000256264275185,x1,x2
	Expression:
	  -15393945804.585734⋅x₁

[00:00:00:10.71] Training epoch 10/14, current best R: 0.5000
[00:00:00:12.61] Training epoch 12/14, current best R: 0.5000

	** New best
	Reward: 0.4999807157328793
	Count Off-policy: False
	Count On-policy: True
	Originally on Policy: True
	Invalid: False
	Traversal: sub,1.0,div,x2,mul,div,sub,mul,x3,1.0001183383523329,x3,-1263.2191747111665,inv,x2
	Expression:
	                       2      
	  10674638.862281786⋅x₂       
	  ────────────────────── + 1.0
	            x₃                

[00:00:00:14.50] Ending training after epoch 14/14, current best R: 0.5000
-- RUNNING EPOCHS END ---------------

-- EVALUATION START ----------------
Saving Hall of Fame to ./log/regression_config_regression_PQT.json_FeynmanICh12Eq2.in_normal_0.0_2023-05-29-051525/dso_regression_config_regression_PQT.json_FeynmanICh12Eq2.in_normal_0.0_0_hof.csv
Saving Pareto Front to ./log/regression_config_regression_PQT.json_FeynmanICh12Eq2.in_normal_0.0_2023-05-29-051525/dso_regression_config_regression_PQT.json_FeynmanICh12Eq2.in_normal_0.0_0_pf.csv
Invalid expressions: 366 of 14336 (2.6%).
Error type counts:
  true_divide: 165 (45.1%)
  reciprocal: 201 (54.9%)
Error node counts:
  divide: 366 (100.0%)

Priority queue entry 0:
	Reward: 0.4999807157328793
	Count Off-policy: False
	Count On-policy: True
	Originally on Policy: True
	Invalid: False
	Traversal: sub,1.0,div,x2,mul,div,sub,mul,x3,1.0001183383523329,x3,-1263.2191747111665,inv,x2
	Expression:
	                       2      
	  10674638.862281786⋅x₂       
	  ────────────────────── + 1.0
	            x₃                


Priority queue entry 1:
	Reward: 0.4999767974190616
	Count Off-policy: False
	Count On-policy: True
	Originally on Policy: True
	Invalid: False
	Traversal: div,div,mul,x1,x2,sub,sub,1.0000256263950382,sub,sub,1.0000256264275185,x1,1.0000256263950382,add,1.0000256264275185,x1,x2
	Expression:
	  -15393945804.585734⋅x₁


Priority queue entry 2:
	Reward: 0.49997440367225615
	Count Off-policy: False
	Count On-policy: True
	Originally on Policy: True
	Invalid: False
	Traversal: div,inv,sub,mul,1.0000034620513205,x3,x3,inv,sub,inv,add,x2,x3,x1
	Expression:
	                     ⎛         1   ⎞
	  288846.09366675212⋅⎜-x₁ + ───────⎟
	                     ⎝      x₂ + x₃⎠
	  ──────────────────────────────────
	                  x₃                


Priority queue entry 3:
	Reward: 0.49997437548751067
	Count Off-policy: False
	Count On-policy: True
	Originally on Policy: True
	Invalid: False
	Traversal: mul,x2,mul,div,inv,div,inv,sub,mul,x1,mul,mul,sub,x3,x2,x2,x2,x1,x2,x3,x2
	Expression:
	    3 ⎛     2                ⎞
	  x₂ ⋅⎝x₁⋅x₂ ⋅(-x₂ + x₃) - x₁⎠
	  ────────────────────────────
	               x₃             


Priority queue entry 4:
	Reward: 0.49997437259046384
	Count Off-policy: False
	Count On-policy: True
	Originally on Policy: True
	Invalid: False
	Traversal: add,div,add,sub,x1,inv,add,x3,div,x2,x1,x2,add,x1,div,x2,x3,x3
	Expression:
	                    1   
	       x₁ + x₂ - ───────
	                      x₂
	                 x₃ + ──
	                      x₁
	  x₃ + ─────────────────
	                 x₂     
	            x₁ + ──     
	                 x₃     


Priority queue entry 5:
	Reward: 0.4999743695988474
	Count Off-policy: False
	Count On-policy: True
	Originally on Policy: True
	Invalid: False
	Traversal: div,x1,mul,div,x1,sub,mul,x3,x1,add,x2,add,x2,x3,sub,x1,mul,x1,1.0000512589877022
	Expression:
	  -19508.773872198136⋅(x₁⋅x₃ - 2⋅x₂ - x₃) 
	  ────────────────────────────────────────
	                     x₁                   


Priority queue entry 6:
	Reward: 0.49997436938722006
	Count Off-policy: False
	Count On-policy: True
	Originally on Policy: True
	Invalid: False
	Traversal: mul,x1,mul,div,add,mul,sub,x2,x1,x1,x2,add,div,1.0,x1,x3,1.0
	Expression:
	  1.0⋅x₁⋅(x₁⋅(-x₁ + x₂) + x₂)
	  ───────────────────────────
	                 1.0         
	            x₃ + ───         
	                  x₁         


Priority queue entry 7:
	Reward: 0.49997436874227913
	Count Off-policy: False
	Count On-policy: True
	Originally on Policy: True
	Invalid: False
	Traversal: mul,x1,sub,x1,div,div,sub,x3,mul,mul,x1,mul,x1,x2,1.0,x3,x3
	Expression:
	     ⎛         2        ⎞
	     ⎜     - x₁ ⋅x₂ + x₃⎟
	  x₁⋅⎜x₁ - ─────────────⎟
	     ⎜            2     ⎟
	     ⎝          x₃      ⎠


Priority queue entry 8:
	Reward: 0.4999743679503771
	Count Off-policy: False
	Count On-policy: True
	Originally on Policy: True
	Invalid: False
	Traversal: div,inv,sub,x1,inv,x2,add,x2,sub,sub,sub,div,x1,inv,x2,x1,x2,x3
	Expression:
	               1             
	  ───────────────────────────
	  ⎛     1 ⎞                  
	  ⎜x₁ - ──⎟⋅(x₁⋅x₂ - x₁ - x₃)
	  ⎝     x₂⎠                  


Priority queue entry 9:
	Reward: 0.49997436765366543
	Count Off-policy: False
	Count On-policy: True
	Originally on Policy: True
	Invalid: False
	Traversal: inv,mul,mul,x3,mul,x3,sub,inv,div,div,inv,x2,x1,x1,x1,1.0
	Expression:
	         1.0       
	  ─────────────────
	    2 ⎛  2        ⎞
	  x₃ ⋅⎝x₁ ⋅x₂ - x₁⎠

-- EVALUATION END ------------------
== TRAINING SEED 0 END ==============
INFO: Completed run 1 of 1 in 16 s

== POST-PROCESS START =================
-- LOADING LOGS START ----------------
json configure file: ./log/regression_config_regression_PQT.json_FeynmanICh12Eq2.in_normal_0.0_2023-05-29-051525
Successfully loaded summary data
Successfully loaded Hall of Fame data
Successfully loaded Pareto Front data
-- LOADING LOGS END ------------------

-- ANALYZING LOG START --------------
Task_____________regression
Source path______./log/regression_config_regression_PQT.json_FeynmanICh12Eq2.in_normal_0.0_2023-05-29-051525
Runs_____________1
Max Samples/run__15000
Success_rate_____0.0
Hall of Fame (Top 5 of 100)____
    0: S=000 R=0.499981 <-- [10674638.862281786*x2**2/x3 + 1.0]
    1: S=000 R=0.499977 <-- [-15393945804.585734*x1]
    2: S=000 R=0.499974 <-- [288846.09366675212*(-x1 + 1/(x2 + x3))/x3]
    3: S=000 R=0.499974 <-- [x2**3*(x1*x2**2*(-x2 + x3) - x1)/x3]
    4: S=000 R=0.499974 <-- [x3 + (x1 + x2 - 1/(x3 + x2/x1))/(x1 + x2/x3)]
  Saving Hall of Fame plot to ./log/regression_config_regression_PQT.json_FeynmanICh12Eq2.in_normal_0.0_2023-05-29-051525/dso_regression_config_regression_PQT.json_FeynmanICh12Eq2.in_normal_0.0_plot_hof.png
Pareto Front (5 of 7)____
    0: S=000 R=0.499981 C=17.00 <-- [10674638.862281786*x2**2/x3 + 1.0]
    1: S=000 R=0.499974 C=15.00 <-- [1/(x1*(x1 - 1/x2))]
    2: S=000 R=0.499974 C=14.00 <-- [x1 + x3/(x1*(x1 - 1.0/x2))]
    3: S=000 R=0.499974 C=13.00 <-- [-x1 + x3 - 1.0 - 1/(-x1 + 1/x2)]
    4: S=000 R=0.499974 C=9.00 <-- [x1*x2**2*(x2 + x3)]
  Saving Pareto Front plot to ./log/regression_config_regression_PQT.json_FeynmanICh12Eq2.in_normal_0.0_2023-05-29-051525/dso_regression_config_regression_PQT.json_FeynmanICh12Eq2.in_normal_0.0_plot_pf.png
-- ANALYZING LOG END ----------------
== POST-PROCESS END ===================
