debug /depot/yexiang/apps/jiang631/data/scibench/data/unencrypted/equations_feynman/FeynmanICh29Eq4.in
!!!!!!!!!!!!!!!!!!!!!!!!!!!!!i /depot/yexiang/apps/jiang631/data/scibench/data/unencrypted/equations_feynman/FeynmanICh29Eq4.in
['mul', 3.33564095198152e-09, 'X_0']
--------------------
eq_name 	 feynman-i.29.4
num_vars 	 1
vars_range_and_types 	 [{"name": "LogUniform", "range": [1000000000.0, 100000000000.0], "only_positive": true}]
function_set 	 ['add', 'sub', 'mul', 'div', 'sin', 'cos', 'exp', 'log', 'const']
eq_expression 	 mul,3.33564095198152e-09,X_0
expr 	 3.33564095198152e-9*X_0
--------------------

== EXPERIMENT SETUP START ===========
Task type            : regression
Starting seed        : 0
Runs                 : 1
== EXPERIMENT SETUP END =============

== TRAINING SEED 0 START ============
self.dataX <dso.symbolic_data_generator.DataX object at 0x2ba6ff2a3048>, self.data_query_oracle: <dso.symbolic_equation_evaluator_public.Equation_evaluator object at 0x2ba71e344d68>
generate dataset!
-- BUILDING PRIOR START -------------
WARNING: Skipping invalid 'RelationalConstraint' with arguments {'targets': [], 'effectors': [], 'relationship': None}. Reason: Prior disabled.
WARNING: Skipping invalid 'TrigConstraint' with arguments {}. Reason: There are no target Tokens.
WARNING: Skipping invalid 'UniformArityPrior' with arguments {}. Reason: Prior disabled.
WARNING: Skipping invalid 'LanguageModelPrior' with arguments {'weight': None}. Reason: Prior disabled.
LengthConstraint: Sequences have minimum length 4.
                  Sequences have maximum length 256.
RepeatConstraint: [const] cannot occur more than 10 times.
RelationalConstraint: [inv] cannot be a child of [inv].
ConstConstraint: [const] cannot be the only unique child of [inv, add, sub, mul, div].
NoInputsConstraint: Sequences contain at least one input variable Token.
SoftLengthPrior: No description available.
-- BUILDING PRIOR END ---------------

-- RUNNING EPOCHS START -------------
[00:00:00:03.30] Training epoch 1/14, current best R: 0.5262

	** New best
	Reward: 0.5261921450640382
	Count Off-policy: False
	Count On-policy: True
	Originally on Policy: True
	Invalid: False
	Traversal: inv,add,0.014038647081215,div,-4970.301291532947,sub,x1,mul,mul,mul,div,add,inv,sub,sub,1.0,x1,x1,1.316881256837898,x1,x1,0.7594334036582819,x1
	Expression:
	                                    1                                   
	  ──────────────────────────────────────────────────────────────────────
	                                      4970.301291532947                 
	  0.014038647081215 - ──────────────────────────────────────────────────
	                           ⎛                    0.7594334036582819⎞     
	                      - x₁⋅⎜1.000083615094201 + ──────────────────⎟ + x₁
	                           ⎝                        1.0 - 2⋅x₁    ⎠     

[00:00:00:05.55] Training epoch 2/14, current best R: 0.9645

	** New best
	Reward: 0.9644691573851907
	Count Off-policy: False
	Count On-policy: True
	Originally on Policy: True
	Invalid: False
	Traversal: inv,sub,add,inv,sub,1.0334106131248673,inv,x1,inv,mul,0.018219924715175553,div,sub,mul,x1,1.000000450271799,x1,2.6724715264046837,0.9679937487339968
	Expression:
	                                  1                                
	  ─────────────────────────────────────────────────────────────────
	                                   1              325755503.0894359
	  -0.9679937487339968 + ─────────────────────── + ─────────────────
	                                             1            x₁       
	                        1.0334106131248673 - ──                    
	                                             x₁                    

[00:00:00:24.94] Training epoch 10/14, current best R: 0.9645
[00:00:00:34.78] Training epoch 14/14, current best R: 0.9910

	** New best
	Reward: 0.9910061802861438
	Count Off-policy: False
	Count On-policy: True
	Originally on Policy: True
	Invalid: False
	Traversal: sub,div,1.0,x1,add,div,sub,1.0,mul,div,x1,inv,sub,div,x1,1.0000005124887148,x1,-0.006547266064095725,x1,0.9999686125540539
	Expression:
	                                                      2      
	                        1.0 - 3.3553982510400525e-9⋅x₁    1.0
	  -0.9999686125540539 - ─────────────────────────────── + ───
	                                       x₁                  x₁

[00:00:00:34.79] Ending training after epoch 14/14, current best R: 0.9910
-- RUNNING EPOCHS END ---------------

-- EVALUATION START ----------------
Saving Hall of Fame to ./log/regression_config_regression_PQT.json_FeynmanICh29Eq4.in_normal_0.0_2023-05-29-051408/dso_regression_config_regression_PQT.json_FeynmanICh29Eq4.in_normal_0.0_0_hof.csv
Saving Pareto Front to ./log/regression_config_regression_PQT.json_FeynmanICh29Eq4.in_normal_0.0_2023-05-29-051408/dso_regression_config_regression_PQT.json_FeynmanICh29Eq4.in_normal_0.0_0_pf.csv
Invalid expressions: 854 of 14336 (6.0%).
Error type counts:
  reciprocal: 628 (73.5%)
  true_divide: 226 (26.5%)
Error node counts:
  divide: 851 (99.6%)
  invalid: 3 (0.4%)

Priority queue entry 0:
	Reward: 0.9910061802861438
	Count Off-policy: False
	Count On-policy: True
	Originally on Policy: True
	Invalid: False
	Traversal: sub,div,1.0,x1,add,div,sub,1.0,mul,div,x1,inv,sub,div,x1,1.0000005124887148,x1,-0.006547266064095725,x1,0.9999686125540539
	Expression:
	                                                      2      
	                        1.0 - 3.3553982510400525e-9⋅x₁    1.0
	  -0.9999686125540539 - ─────────────────────────────── + ───
	                                       x₁                  x₁


Priority queue entry 1:
	Reward: 0.9644691573851907
	Count Off-policy: False
	Count On-policy: True
	Originally on Policy: True
	Invalid: False
	Traversal: inv,sub,add,inv,sub,1.0334106131248673,inv,x1,inv,mul,0.018219924715175553,div,sub,mul,x1,1.000000450271799,x1,2.6724715264046837,0.9679937487339968
	Expression:
	                                  1                                
	  ─────────────────────────────────────────────────────────────────
	                                   1              325755503.0894359
	  -0.9679937487339968 + ─────────────────────── + ─────────────────
	                                             1            x₁       
	                        1.0334106131248673 - ──                    
	                                             x₁                    


Priority queue entry 2:
	Reward: 0.5500545224616668
	Count Off-policy: False
	Count On-policy: True
	Originally on Policy: True
	Invalid: False
	Traversal: div,add,inv,mul,inv,sub,div,add,div,inv,mul,sub,div,x1,mul,1.0,x1,x1,1.0,x1,x1,0.9999904771606604,x1,86.74090793541501,1.0026733510092158,86.73823204319761
	Expression:
	                                                   0.0001329136566433615
	  1.265715398253133e-9⋅x₁ + 0.011559762372258887 + ─────────────────────
	                                                       x₁⋅(1.0 - x₁)    


Priority queue entry 3:
	Reward: 0.5271787226764112
	Count Off-policy: False
	Count On-policy: True
	Originally on Policy: True
	Invalid: False
	Traversal: sub,inv,add,0.013872008081322846,inv,mul,0.0004086626626524925,add,sub,sub,sub,mul,x1,1.0000409853967693,x1,div,1.0,x1,0.9997084974633267,1.0002915025452725,0.06955370635337167
	Expression:
	                                                                        1       
	  -0.06955370635337167 + ───────────────────────────────────────────────────────
                                                                              
	                         0.013872008081322846 + ────────────────────────────────
                                                                              
	                                                1.6749201373611016e-8⋅x₁ + 2.382
                                                                              

                                        
	  ────────────────────────────────────────
	     1                                    
	  ────────────────────────────────────────
	                     0.0004086626626524925
	  5240912790597e-7 - ─────────────────────
	                               x₁         


Priority queue entry 4:
	Reward: 0.5261921450640382
	Count Off-policy: False
	Count On-policy: True
	Originally on Policy: True
	Invalid: False
	Traversal: inv,add,0.014038647081215,div,-4970.301291532947,sub,x1,mul,mul,mul,div,add,inv,sub,sub,1.0,x1,x1,1.316881256837898,x1,x1,0.7594334036582819,x1
	Expression:
	                                    1                                   
	  ──────────────────────────────────────────────────────────────────────
	                                      4970.301291532947                 
	  0.014038647081215 - ──────────────────────────────────────────────────
	                           ⎛                    0.7594334036582819⎞     
	                      - x₁⋅⎜1.000083615094201 + ──────────────────⎟ + x₁
	                           ⎝                        1.0 - 2⋅x₁    ⎠     


Priority queue entry 5:
	Reward: 0.500000983635614
	Count Off-policy: False
	Count On-policy: True
	Originally on Policy: True
	Invalid: False
	Traversal: sub,71.97298628281077,mul,156.09337487423647,inv,sub,mul,inv,sub,inv,sub,1.0000451315493146,inv,div,add,1.0,x1,x1,1.0,x1,1.220913333087591
	Expression:
	                                          156.09337487423647                    
	  71.97298628281077 - ──────────────────────────────────────────────────────────
	                                        x₁                                      
	                      ────────────────────────────────────── - 1.220913333087591
	                                            1                                   
	                      -1.0 + ───────────────────────────────                    
	                                  x₁                                            
	                             - ──────── + 1.0000451315493146                    
	                               x₁ + 1.0                                         


Priority queue entry 6:
	Reward: 0.5000004429424154
	Count Off-policy: False
	Count On-policy: True
	Originally on Policy: True
	Invalid: False
	Traversal: sub,div,mul,mul,mul,add,1.0,x1,inv,x1,mul,x1,inv,sub,x1,mul,1.0000493084747888,x1,50.192213025302294,x1,-71.8127248038935
	Expression:
	                     1017922.6439326632⋅(x₁ + 1.0)
	  71.8127248038935 - ─────────────────────────────
	                                    2             
	                                  x₁              


Priority queue entry 7:
	Reward: 0.5000001288262779
	Count Off-policy: False
	Count On-policy: True
	Originally on Policy: True
	Invalid: False
	Traversal: inv,add,inv,div,sub,add,add,sub,x1,add,add,add,1.0,x1,x1,x1,x1,x1,0.9084600933066934,1.1830793405614057,0.6338406118086832
	Expression:
	  71.800139245163988


Priority queue entry 8:
	Reward: 0.5000000989780011
	Count Off-policy: False
	Count On-policy: True
	Originally on Policy: True
	Invalid: False
	Traversal: mul,10.58402315935074,add,5.781904658491265,div,x1,add,sub,1.0,inv,mul,sub,inv,div,x1,x1,1.0000512548699887,0.8506613923471242,x1
	Expression:
	    10.58402315935074⋅x₁                     
	  ─────────────────────── + 61.19581281062948
	  x₁ + 22936.496242691495                    


Priority queue entry 9:
	Reward: 0.5000000362578809
	Count Off-policy: False
	Count On-policy: True
	Originally on Policy: True
	Invalid: False
	Traversal: div,inv,add,div,div,add,mul,mul,sub,1.0,add,inv,div,-0.849076379564198,x1,x1,x1,4.648287638147156,x1,x1,x1,-0.8213380202247219,2.844240086759832
	Expression:
	                               0.3515877596462693                             
	  ────────────────────────────────────────────────────────────────────────────
	                        4.648287638147156⋅x₁⋅(0.177750346221227⋅x₁ + 1.0) + x₁
	  -0.8213380202247219 + ──────────────────────────────────────────────────────
	                                                   2                          
	                                                 x₁                           

-- EVALUATION END ------------------
== TRAINING SEED 0 END ==============
INFO: Completed run 1 of 1 in 36 s

== POST-PROCESS START =================
-- LOADING LOGS START ----------------
json configure file: ./log/regression_config_regression_PQT.json_FeynmanICh29Eq4.in_normal_0.0_2023-05-29-051408
Successfully loaded summary data
Successfully loaded Hall of Fame data
Successfully loaded Pareto Front data
-- LOADING LOGS END ------------------

-- ANALYZING LOG START --------------
Task_____________regression
Source path______./log/regression_config_regression_PQT.json_FeynmanICh29Eq4.in_normal_0.0_2023-05-29-051408
Runs_____________1
Max Samples/run__15000
Success_rate_____0.0
Hall of Fame (Top 5 of 100)____
    0: S=000 R=0.991006 <-- [-0.9999686125540539 - (1.0 - 3.3553982510400525e-9*x1**2)/x1 + 1.0/x1]
    1: S=000 R=0.964469 <-- [1/(-0.9679937487339968 + 1/(1.0334106131248673 - 1/x1) + 325755503.0894359/x1)]
    2: S=000 R=0.550055 <-- [1.265715398253133e-9*x1 + 0.011559762372258887 + 0.0001329136566433615/(x1*(1.0 - 1.0*x1))]
    3: S=000 R=0.529697 <-- [2.1939936307293286/(0.029336729655910198 - 0.34241357852309906/(-2.5083676660761039e-9*x1 - 1.051113128210159) - 0.75124037625357304/x1)]
    4: S=000 R=0.527179 <-- [-0.06955370635337167 + 1/(0.013872008081322846 + 1/(1.6749201373611016e-8*x1 + 2.3825240912790597e-7 - 0.0004086626626524925/x1))]
  Saving Hall of Fame plot to ./log/regression_config_regression_PQT.json_FeynmanICh29Eq4.in_normal_0.0_2023-05-29-051408/dso_regression_config_regression_PQT.json_FeynmanICh29Eq4.in_normal_0.0_plot_hof.png
Pareto Front (5 of 7)____
    0: S=000 R=0.991006 C=25.00 <-- [-0.9999686125540539 - (1.0 - 3.3553982510400525e-9*x1**2)/x1 + 1.0/x1]
    1: S=000 R=0.964469 C=24.00 <-- [1/(-0.9679937487339968 + 1/(1.0334106131248673 - 1/x1) + 325755503.0894359/x1)]
    2: S=000 R=0.500000 C=23.00 <-- [10.58402315935074*x1/(x1 + 22936.496242691495) + 61.19581281062948]
    3: S=000 R=0.500000 C=9.00 <-- [71.79998447539009 - 19507.429069241137/x1]
    4: S=000 R=0.500000 C=8.00 <-- [71.80004904137796]
  Saving Pareto Front plot to ./log/regression_config_regression_PQT.json_FeynmanICh29Eq4.in_normal_0.0_2023-05-29-051408/dso_regression_config_regression_PQT.json_FeynmanICh29Eq4.in_normal_0.0_plot_pf.png
-- ANALYZING LOG END ----------------
== POST-PROCESS END ===================
