debug /depot/yexiang/apps/jiang631/data/scibench/data/unencrypted/equations_feynman/FeynmanICh43Eq43.in
!!!!!!!!!!!!!!!!!!!!!!!!!!!!!i /depot/yexiang/apps/jiang631/data/scibench/data/unencrypted/equations_feynman/FeynmanICh43Eq43.in
['mul', 1.380649e-23, 'mul', 'X_1', 'mul', 'pow', 'X_2', -1, 'pow', 'add', -1, 'X_0', -1]
--------------------
eq_name 	 feynman-i.43.43
num_vars 	 3
vars_range_and_types 	 [{"name": "Uniform", "range": [1, 2], "only_positive": true}, {"name": "LogUniform", "range": [100.0, 10000.0], "only_positive": true}, {"name": "LogUniform", "range": [1e-21, 1e-19], "only_positive": true}]
function_set 	 ['add', 'sub', 'mul', 'div', 'sin', 'cos', 'exp', 'log', 'const']
eq_expression 	 mul,1.380649e-23,mul,X_1,mul,pow,X_2,-1,pow,add,-1,X_0,-1
expr 	 1.380649e-23*X_1/(X_2*(X_0 - 1))
--------------------

== EXPERIMENT SETUP START ===========
Task type            : regression
Starting seed        : 0
Runs                 : 1
== EXPERIMENT SETUP END =============

== TRAINING SEED 0 START ============
self.dataX <dso.symbolic_data_generator.DataX object at 0x2abac3d16710>, self.data_query_oracle: <dso.symbolic_equation_evaluator_public.Equation_evaluator object at 0x2abaae585cf8>
generate dataset!
-- BUILDING PRIOR START -------------
WARNING: Skipping invalid 'RelationalConstraint' with arguments {'targets': [], 'effectors': [], 'relationship': None}. Reason: Prior disabled.
WARNING: Skipping invalid 'TrigConstraint' with arguments {}. Reason: There are no target Tokens.
WARNING: Skipping invalid 'UniformArityPrior' with arguments {}. Reason: Prior disabled.
WARNING: Skipping invalid 'LanguageModelPrior' with arguments {'weight': None}. Reason: Prior disabled.
LengthConstraint: Sequences have minimum length 4.
                  Sequences have maximum length 256.
RepeatConstraint: [const] cannot occur more than 10 times.
RelationalConstraint: [inv] cannot be a child of [inv].
ConstConstraint: [const] cannot be the only unique child of [inv, add, sub, mul, div].
NoInputsConstraint: Sequences contain at least one input variable Token.
SoftLengthPrior: No description available.
-- BUILDING PRIOR END ---------------

-- RUNNING EPOCHS START -------------
[00:00:00:02.19] Training epoch 1/14, current best R: 0.5400

	** New best
	Reward: 0.5399911389625275
	Count Off-policy: False
	Count On-policy: True
	Originally on Policy: True
	Invalid: False
	Traversal: inv,mul,0.16304274363249815,inv,mul,x1,mul,2.056568752482432,inv,sub,x1,0.9999349599458077
	Expression:
	   12.613678515604363⋅x₁ 
	  ───────────────────────
	  x₁ - 0.9999349599458077

[00:00:00:07.01] Training epoch 4/14, current best R: 0.5401

	** New best
	Reward: 0.5401217037541238
	Count Off-policy: False
	Count On-policy: True
	Originally on Policy: True
	Invalid: False
	Traversal: div,div,sub,x1,inv,x2,0.07891320960780815,sub,x1,0.9999347924168428
	Expression:
	                         12.67214963084018
	  12.67214963084018⋅x₁ - ─────────────────
	                                 x₂       
	  ────────────────────────────────────────
	          x₁ - 0.9999347924168428         

[00:00:00:09.66] Training epoch 6/14, current best R: 0.8151

	** New best
	Reward: 0.8150989793328268
	Count Off-policy: False
	Count On-policy: True
	Originally on Policy: True
	Invalid: False
	Traversal: inv,mul,mul,sub,x1,x3,div,sub,sub,x1,1.0028939450759435,mul,x1,sub,0.9972210284636726,x1,x1,0.9996658240155147
	Expression:
	                          1.000334287695405⋅x₁                       
	  ───────────────────────────────────────────────────────────────────
	  (x₁ - x₃)⋅(-x₁⋅(0.9972210284636726 - x₁) + x₁ - 1.0028939450759435)

[00:00:00:15.31] Training epoch 10/14, current best R: 0.8151
[00:00:00:21.29] Training epoch 14/14, current best R: 0.8308

	** New best
	Reward: 0.8308051269943675
	Count Off-policy: False
	Count On-policy: True
	Originally on Policy: True
	Invalid: False
	Traversal: inv,sub,sub,add,x1,inv,mul,add,sub,sub,mul,div,sub,x2,inv,x2,x1,x1,x1,0.9927901789443012,x2,x1,1.0002596906088048,x3
	Expression:
	                                     1                                    
	  ────────────────────────────────────────────────────────────────────────
	                                                     1                    
	  x₁ - x₃ - 1.0002596906088048 + ─────────────────────────────────────────
	                                    ⎛                                  1 ⎞
	                                 x₁⋅⎜-x₁ + 2⋅x₂ - 0.9927901789443012 - ──⎟
	                                    ⎝                                  x₂⎠

[00:00:00:21.30] Ending training after epoch 14/14, current best R: 0.8308
-- RUNNING EPOCHS END ---------------

-- EVALUATION START ----------------
Saving Hall of Fame to ./log/regression_config_regression_DSR.json_FeynmanICh43Eq43.in_normal_0.0_2023-05-29-051131/dso_regression_config_regression_DSR.json_FeynmanICh43Eq43.in_normal_0.0_0_hof.csv
Saving Pareto Front to ./log/regression_config_regression_DSR.json_FeynmanICh43Eq43.in_normal_0.0_2023-05-29-051131/dso_regression_config_regression_DSR.json_FeynmanICh43Eq43.in_normal_0.0_0_pf.csv
Invalid expressions: 486 of 14336 (3.4%).
Error type counts:
  reciprocal: 274 (56.4%)
  true_divide: 212 (43.6%)
Error node counts:
  divide: 484 (99.6%)
  invalid: 2 (0.4%)
-- EVALUATION END ------------------
== TRAINING SEED 0 END ==============
INFO: Completed run 1 of 1 in 22 s

== POST-PROCESS START =================
-- LOADING LOGS START ----------------
json configure file: ./log/regression_config_regression_DSR.json_FeynmanICh43Eq43.in_normal_0.0_2023-05-29-051131
Successfully loaded summary data
Successfully loaded Hall of Fame data
Successfully loaded Pareto Front data
-- LOADING LOGS END ------------------

-- ANALYZING LOG START --------------
Task_____________regression
Source path______./log/regression_config_regression_DSR.json_FeynmanICh43Eq43.in_normal_0.0_2023-05-29-051131
Runs_____________1
Max Samples/run__15000
Success_rate_____0.0
Hall of Fame (Top 5 of 100)____
    0: S=000 R=0.830805 <-- [1/(x1 - x3 - 1.0002596906088048 + 1/(x1*(-x1 + 2*x2 - 0.9927901789443012 - 1/x2)))]
    1: S=000 R=0.815099 <-- [1.000334287695405*x1/((x1 - x3)*(-x1*(0.9972210284636726 - x1) + x1 - 1.0028939450759435))]
    2: S=000 R=0.815084 <-- [-x1/(-x1 + 1/(x1 - x3 - 0.0001148089745329067)) + x3]
    3: S=000 R=0.780401 <-- [1/(0.9999436808979839 - 1/x1)]
    4: S=000 R=0.780401 <-- [1/(0.999943680897984 - 1/(x1 + x3))]
  Saving Hall of Fame plot to ./log/regression_config_regression_DSR.json_FeynmanICh43Eq43.in_normal_0.0_2023-05-29-051131/dso_regression_config_regression_DSR.json_FeynmanICh43Eq43.in_normal_0.0_plot_hof.png
Pareto Front (5 of 8)____
    0: S=000 R=0.830805 C=28.00 <-- [1/(x1 - x3 - 1.0002596906088048 + 1/(x1*(-x1 + 2*x2 - 0.9927901789443012 - 1/x2)))]
    1: S=000 R=0.815099 C=20.00 <-- [1.000334287695405*x1/((x1 - x3)*(-x1*(0.9972210284636726 - x1) + x1 - 1.0028939450759435))]
    2: S=000 R=0.815084 C=17.00 <-- [-x1/(-x1 + 1/(x1 - x3 - 0.0001148089745329067)) + x3]
    3: S=000 R=0.780401 C=15.00 <-- [1/(0.9999436808979839 - 1/x1)]
    4: S=000 R=0.780401 C=9.00 <-- [1/(0.999943680897984 - 1/(x1 + x3))]
  Saving Pareto Front plot to ./log/regression_config_regression_DSR.json_FeynmanICh43Eq43.in_normal_0.0_2023-05-29-051131/dso_regression_config_regression_DSR.json_FeynmanICh43Eq43.in_normal_0.0_plot_pf.png
-- ANALYZING LOG END ----------------
== POST-PROCESS END ===================
