debug /depot/yexiang/apps/jiang631/data/scibench/data/unencrypted/equations_feynman/FeynmanICh32Eq17.in
!!!!!!!!!!!!!!!!!!!!!!!!!!!!!i /depot/yexiang/apps/jiang631/data/scibench/data/unencrypted/equations_feynman/FeynmanICh32Eq17.in
['mul', 0.00353914989750933, 'mul', 3.141592653589793, 'mul', 'pow', 'X_0', 2, 'mul', 'pow', 'X_1', 2, 'mul', 'pow', 'X_2', 4, 'pow', 'add', 'pow', 'X_2', 2, 'mul', -1, 'pow', 'X_3', 2, -2]
--------------------
eq_name 	 feynman-i.32.17
num_vars 	 4
vars_range_and_types 	 [{"name": "LogUniform", "range": [10.0, 1000.0], "only_positive": false}, {"name": "LogUniform", "range": [0.01, 1.0], "only_positive": true}, {"name": "LogUniform", "range": [1000000000.0, 100000000000.0], "only_positive": false}, {"name": "LogUniform", "range": [1000000000.0, 100000000000.0], "only_positive": false}]
function_set 	 ['add', 'sub', 'mul', 'div', 'sin', 'cos', 'exp', 'log', 'const']
eq_expression 	 mul,0.00353914989750933,mul,3.141592653589793,mul,pow,X_0,2,mul,pow,X_1,2,mul,pow,X_2,4,pow,add,pow,X_2,2,mul,-1,pow,X_3,2,-2
expr 	 0.00353914989750933*pi*X_0**2*X_1**2*X_2**4/(X_2**2 - X_3**2)**2
--------------------

== EXPERIMENT SETUP START ===========
Task type            : regression
Starting seed        : 0
Runs                 : 1
== EXPERIMENT SETUP END =============

== TRAINING SEED 0 START ============
self.dataX <dso.symbolic_data_generator.DataX object at 0x2ac811878080>, self.data_query_oracle: <dso.symbolic_equation_evaluator_public.Equation_evaluator object at 0x2ac830919da0>
generate dataset!
-- BUILDING PRIOR START -------------
WARNING: Skipping invalid 'RelationalConstraint' with arguments {'targets': [], 'effectors': [], 'relationship': None}. Reason: Prior disabled.
WARNING: Skipping invalid 'TrigConstraint' with arguments {}. Reason: There are no target Tokens.
WARNING: Skipping invalid 'UniformArityPrior' with arguments {}. Reason: Prior disabled.
WARNING: Skipping invalid 'LanguageModelPrior' with arguments {'weight': None}. Reason: Prior disabled.
LengthConstraint: Sequences have minimum length 4.
                  Sequences have maximum length 256.
RepeatConstraint: [const] cannot occur more than 10 times.
RelationalConstraint: [inv] cannot be a child of [inv].
ConstConstraint: [const] cannot be the only unique child of [inv, add, sub, mul, div].
NoInputsConstraint: Sequences contain at least one input variable Token.
SoftLengthPrior: No description available.
-- BUILDING PRIOR END ---------------

-- RUNNING EPOCHS START -------------
gen	iter	pop_size	nevals	uncached_size	best_val              	timer  
0  	0   	1024    	1024  	1024         	(-0.4999874036356354,)	1.76847
1  	1   	1024    	773   	684          	(-0.5002414704271216,)	0.625604
2  	2   	1024    	793   	676          	(-0.5093241530911872,)	0.690279
3  	3   	1024    	787   	648          	(-0.5093241530911872,)	0.88905 
4  	4   	1024    	790   	649          	(-0.5093241530911872,)	1.76329 
5  	5   	1024    	779   	650          	(-0.5093241530911872,)	2.11392 
6  	6   	1024    	766   	650          	(-0.5093241530911872,)	2.71485 
7  	7   	1024    	785   	639          	(-0.5859933258771816,)	3.48404 
8  	8   	1024    	776   	625          	(-0.5859933258771816,)	4.15742 
9  	9   	1024    	791   	665          	(-0.5859933258771816,)	5.54751 

--------------------------------------------------
GP Time: 24.0091

Unique expressions evaluated: 7828
Total expression evaluations: 8064
--------------------------------------------------

GP -> best program this epoch:

	Reward: 0.5859933258771816
	Count Off-policy: 1
	Count On-policy: 0
	Originally on Policy: False
	Invalid: False
	Traversal: inv,mul,div,mul,inv,x1,1.1406565346636623,x3,sub,x3,div,x4,1.0050753954981444
	Expression:
	   0.87668809112189346⋅x₁⋅x₃ 
	  ───────────────────────────
	  x₃ - 0.99495023406116823⋅x₄

None

--------------------------------------------------

[00:00:00:26.63] Training epoch 1/14, current best R: 0.5860

	** New best
	Reward: 0.5859933258771816
	Count Off-policy: 1
	Count On-policy: 0
	Originally on Policy: False
	Invalid: False
	Traversal: inv,mul,div,mul,inv,x1,1.1406565346636623,x3,sub,x3,div,x4,1.0050753954981444
	Expression:
	   0.87668809112189346⋅x₁⋅x₃ 
	  ───────────────────────────
	  x₃ - 0.99495023406116823⋅x₄

10 	0   	1024    	1024  	1019         	(-0.4999953188435908,)	0.46517 
11 	1   	1024    	758   	651          	(-0.5002456750736783,)	0.448345
12 	2   	1024    	774   	650          	(-0.5002456750741123,)	1.4546  
13 	3   	1024    	772   	657          	(-0.5005726407984499,)	0.716951
14 	4   	1024    	772   	619          	(-0.5859755973685759,)	1.37346 
15 	5   	1024    	769   	607          	(-0.5859810215062977,)	1.53753 
16 	6   	1024    	768   	626          	(-0.5859810226594633,)	2.33391 
17 	7   	1024    	747   	612          	(-0.585981023280297,) 	1.73208 
18 	8   	1024    	768   	637          	(-0.5859812959051193,)	1.95227 
19 	9   	1024    	736   	642          	(-0.586745947960588,) 	2.34862 

--------------------------------------------------
GP Time: 14.6114

Unique expressions evaluated: 15475
Total expression evaluations: 15952
--------------------------------------------------

GP -> best program this epoch:

	Reward: 0.586745947960588
	Count Off-policy: 1
	Count On-policy: 0
	Originally on Policy: False
	Invalid: False
	Traversal: sub,mul,inv,add,inv,div,div,mul,x2,div,mul,x2,sub,mul,x1,div,x2,2.0359220293500497,mul,mul,div,x1,add,sub,div,inv,x1,sub,x3,1.0,x4,sub,add,mul,add,div,sub,add,x4,x3,inv,x1,add,sub,x2,x3,inv,x2,x4,1.0047526327281202,x3,x4,x3,0.05247125320535106,x3,sub,2.1582158176561714,x2,inv,x1,x2,x3,add,inv,sub,x1,x4,x1
	Expression:
	                                                                   x₃           
	  -x₁ + ────────────────────────────────────────────────────────────────────────
	                                                         x₃⋅(2.1582158176561714 
	        x₂ + ───────────────────────────────────────────────────────────────────
	                  2 ⎛                                                      0.052
	             x₁⋅x₂ ⋅⎜0.49117794570907082⋅x₁⋅x₂ - ───────────────────────────────
	                    ⎜                                                           
	                    ⎜                                                         1.
	                    ⎜                                                           
	                    ⎜                            x₃ - 0.9952473672718798⋅x₄ + ──
	                    ⎜                                                           
	                    ⎜                                                           
	                    ⎝                                                           

	                                                        1   
	  ──────────────────────────────────────────────── - ───────
	  - x₂)                                              x₁ - x₄
	  ────────────────────────────────────────────────          
	  47125320535106⋅x₁⋅x₃                           ⎞          
	  ───────────────────────────────────────────────⎟          
	                   ⎛          1 ⎞                ⎟          
	  0047526327281202⋅⎜x₃ + x₄ - ──⎟                ⎟          
	                   ⎝          x₁⎠         1      ⎟          
	  ─────────────────────────────── + ─────────────⎟          
	                     1              x₁⋅(x₃ - 1.0)⎟          
	           x₂ - x₃ + ──                          ⎟          
	                     x₂                          ⎠          

None

--------------------------------------------------

[00:00:00:43.22] Training epoch 2/14, current best R: 0.5867

	** New best
	Reward: 0.586745947960588
	Count Off-policy: 1
	Count On-policy: 0
	Originally on Policy: False
	Invalid: False
	Traversal: sub,mul,inv,add,inv,div,div,mul,x2,div,mul,x2,sub,mul,x1,div,x2,2.0359220293500497,mul,mul,div,x1,add,sub,div,inv,x1,sub,x3,1.0,x4,sub,add,mul,add,div,sub,add,x4,x3,inv,x1,add,sub,x2,x3,inv,x2,x4,1.0047526327281202,x3,x4,x3,0.05247125320535106,x3,sub,2.1582158176561714,x2,inv,x1,x2,x3,add,inv,sub,x1,x4,x1
	Expression:
	                                                                   x₃           
	  -x₁ + ────────────────────────────────────────────────────────────────────────
	                                                         x₃⋅(2.1582158176561714 
	        x₂ + ───────────────────────────────────────────────────────────────────
	                  2 ⎛                                                      0.052
	             x₁⋅x₂ ⋅⎜0.49117794570907082⋅x₁⋅x₂ - ───────────────────────────────
	                    ⎜                                                           
	                    ⎜                                                         1.
	                    ⎜                                                           
	                    ⎜                            x₃ - 0.9952473672718798⋅x₄ + ──
	                    ⎜                                                           
	                    ⎜                                                           
	                    ⎝                                                           

	                                                        1   
	  ──────────────────────────────────────────────── - ───────
	  - x₂)                                              x₁ - x₄
	  ────────────────────────────────────────────────          
	  47125320535106⋅x₁⋅x₃                           ⎞          
	  ───────────────────────────────────────────────⎟          
	                   ⎛          1 ⎞                ⎟          
	  0047526327281202⋅⎜x₃ + x₄ - ──⎟                ⎟          
	                   ⎝          x₁⎠         1      ⎟          
	  ─────────────────────────────── + ─────────────⎟          
	                     1              x₁⋅(x₃ - 1.0)⎟          
	           x₂ - x₃ + ──                          ⎟          
	                     x₂                          ⎠          

-- RUNNING EPOCHS END ---------------

-- EVALUATION START ----------------
Saving Hall of Fame to ./log/regression_config_regression_GPMELD.json_FeynmanICh32Eq17.in_normal_0.0_2023-05-29-051830/dso_regression_config_regression_GPMELD.json_FeynmanICh32Eq17.in_normal_0.0_0_hof.csv
Saving Pareto Front to ./log/regression_config_regression_GPMELD.json_FeynmanICh32Eq17.in_normal_0.0_2023-05-29-051830/dso_regression_config_regression_GPMELD.json_FeynmanICh32Eq17.in_normal_0.0_0_pf.csv
Invalid expressions: 179 of 18000 (1.0%).
Error type counts:
  true_divide: 87 (48.6%)
  reciprocal: 92 (51.4%)
Error node counts:
  divide: 177 (98.9%)
  invalid: 2 (1.1%)
-- EVALUATION END ------------------
== TRAINING SEED 0 END ==============
INFO: Completed run 1 of 1 in 45 s

== POST-PROCESS START =================
-- LOADING LOGS START ----------------
json configure file: ./log/regression_config_regression_GPMELD.json_FeynmanICh32Eq17.in_normal_0.0_2023-05-29-051830
Successfully loaded summary data
Successfully loaded Hall of Fame data
Successfully loaded Pareto Front data
-- LOADING LOGS END ------------------

-- ANALYZING LOG START --------------
Task_____________regression
Source path______./log/regression_config_regression_GPMELD.json_FeynmanICh32Eq17.in_normal_0.0_2023-05-29-051830
Runs_____________1
Max Samples/run__15000
Success_rate_____0.0
Hall of Fame (Top 5 of 100)____
    0: S=000 R=0.586746 <-- [-x1 + x3/(x2 + x3*(2.1582158176561714 - x2)/(x1*x2**2*(0.49117794570907082*x1*x2 - 0.05247125320535106*x1*x3/(x3 - 0.9952473672718798*x4 + 1.0047526327281202*(x3 + x4 - 1/x1)/(x2 - x3 + 1/x2) + 1/(x1*(x3 - 1.0)))))) - 1/(x1 - x4)]
    1: S=000 R=0.586746 <-- [-x1 + x3/(x2 + x3*(2.1582158176561714 - x2)/(x1*x2**2*(0.49117794570907082*x1*x2 - 0.05247125320535106*x1*x3/(x3 - 0.9952473672718798*x4 + 1.0047526327281202*(x3 + x4 - 1/x1)/(x2 - x3 + 1/x2) + 1/(x1*(x3 - 1.0)))))) - 1/(x1 - x4)]
    2: S=000 R=0.586420 <-- [2.907362465790695*x2*(-2.925353156932579*x1*x4 + (-x1 + x4 - 1/x1**2)/x2 + 1.0/x1)/(-1.0049555092437883*x3 + x4) + 1.0001916927621783 + 6.7483195801711679e-8*x4/x1]
    3: S=000 R=0.586420 <-- [2.907362465790695*x2*(-2.925353156932579*x1*x4 + (-x1 + x4 - 1/x1**2)/x2 + 1.0/x1)/(-1.0049555092437883*x3 + x4) + 1.0001916927621783 + 6.7483195801711679e-8*x4/x1]
    4: S=000 R=0.586420 <-- [2.905745887375505*x2*(-x2*(-1.0 + 2.923088452606165*x4*(x1 - x2)/x2) + (-x1**2 - x1 + x4)/x2 + 1.0/x1)/(-1.0049555879278045*x3 + x4) + 0.9944426520201217 + 1.3954097422318244e-11*x4/x1]
  Saving Hall of Fame plot to ./log/regression_config_regression_GPMELD.json_FeynmanICh32Eq17.in_normal_0.0_2023-05-29-051830/dso_regression_config_regression_GPMELD.json_FeynmanICh32Eq17.in_normal_0.0_plot_hof.png
Pareto Front (5 of 8)____
    0: S=000 R=0.586746 C=82.00 <-- [-x1 + x3/(x2 + x3*(2.1582158176561714 - x2)/(x1*x2**2*(0.49117794570907082*x1*x2 - 0.05247125320535106*x1*x3/(x3 - 0.9952473672718798*x4 + 1.0047526327281202*(x3 + x4 - 1/x1)/(x2 - x3 + 1/x2) + 1/(x1*(x3 - 1.0)))))) - 1/(x1 - x4)]
    1: S=000 R=0.586420 C=57.00 <-- [2.907362465790695*x2*(-2.925353156932579*x1*x4 + (-x1 + x4 - 1/x1**2)/x2 + 1.0/x1)/(-1.0049555092437883*x3 + x4) + 1.0001916927621783 + 6.7483195801711679e-8*x4/x1]
    2: S=000 R=0.585994 C=27.00 <-- [0.8713958110581286*x1*x3/(x3 - 0.994950092668766*x4 + 1.005049907331234 + 1/(x1*x3)) - 0.8713958110581286*x1]
    3: S=000 R=0.585993 C=17.00 <-- [0.87668809112189346*x1*x3/(x3 - 0.99495023406116823*x4)]
    4: S=000 R=0.509324 C=14.00 <-- [15.179800873765883*x1*(1.0 - x4)/(x3 + x4 + 1.0)]
  Saving Pareto Front plot to ./log/regression_config_regression_GPMELD.json_FeynmanICh32Eq17.in_normal_0.0_2023-05-29-051830/dso_regression_config_regression_GPMELD.json_FeynmanICh32Eq17.in_normal_0.0_plot_pf.png
-- ANALYZING LOG END ----------------
== POST-PROCESS END ===================
