debug /depot/yexiang/apps/jiang631/data/scibench/data/unencrypted/equations_feynman/FeynmanIICh34Eq29b.in
!!!!!!!!!!!!!!!!!!!!!!!!!!!!!i /depot/yexiang/apps/jiang631/data/scibench/data/unencrypted/equations_feynman/FeynmanIICh34Eq29b.in
['mul', 27992786230.9085, 'mul', 3.141592653589793, 'mul', 'X_0', 'mul', 'X_1', 'X_2']
--------------------
eq_name 	 feynman-ii.34.29b
num_vars 	 3
vars_range_and_types 	 [{"name": "Uniform", "range": [-1.0, 1.0], "only_positive": true}, {"name": "LogUniform", "range": [0.001, 0.1], "only_positive": false}, {"name": "LogUniform", "range": [1e-26, 1e-22], "only_positive": false}]
function_set 	 ['add', 'sub', 'mul', 'div', 'sin', 'cos', 'exp', 'log', 'const']
eq_expression 	 mul,27992786230.9085,mul,3.141592653589793,mul,X_0,mul,X_1,X_2
expr 	 27992786230.9085*pi*X_0*X_1*X_2
--------------------

== EXPERIMENT SETUP START ===========
Task type            : regression
Starting seed        : 0
Runs                 : 1
== EXPERIMENT SETUP END =============

== TRAINING SEED 0 START ============
self.dataX <dso.symbolic_data_generator.DataX object at 0x2b6738897198>, self.data_query_oracle: <dso.symbolic_equation_evaluator_public.Equation_evaluator object at 0x2b6757939d68>
generate dataset!
-- BUILDING PRIOR START -------------
WARNING: Skipping invalid 'RelationalConstraint' with arguments {'targets': [], 'effectors': [], 'relationship': None}. Reason: Prior disabled.
WARNING: Skipping invalid 'TrigConstraint' with arguments {}. Reason: There are no target Tokens.
WARNING: Skipping invalid 'UniformArityPrior' with arguments {}. Reason: Prior disabled.
WARNING: Skipping invalid 'LanguageModelPrior' with arguments {'weight': None}. Reason: Prior disabled.
LengthConstraint: Sequences have minimum length 4.
                  Sequences have maximum length 256.
RepeatConstraint: [const] cannot occur more than 10 times.
RelationalConstraint: [inv] cannot be a child of [inv].
ConstConstraint: [const] cannot be the only unique child of [inv, add, sub, mul, div].
NoInputsConstraint: Sequences contain at least one input variable Token.
SoftLengthPrior: No description available.
-- BUILDING PRIOR END ---------------

-- RUNNING EPOCHS START -------------
[00:00:00:02.00] Training epoch 1/14, current best R: 0.5000

	** New best
	Reward: 0.5000006619282068
	Count Off-policy: False
	Count On-policy: True
	Originally on Policy: True
	Invalid: False
	Traversal: mul,x3,div,x1,add,mul,mul,x2,inv,div,0.044496455329758544,div,x2,x1,sub,x3,x2,x3
	Expression:
	                  x₁⋅x₃                 
	  ──────────────────────────────────────
	                            2           
	       22.473700266439322⋅x₂ ⋅(-x₂ + x₃)
	  x₃ + ─────────────────────────────────
	                       x₁               

[00:00:00:03.05] Training epoch 2/14, current best R: 0.5000

	** New best
	Reward: 0.5000127525381747
	Count Off-policy: False
	Count On-policy: True
	Originally on Policy: True
	Invalid: False
	Traversal: mul,x3,add,mul,div,add,div,mul,inv,add,0.9945510683420546,inv,sub,x3,1.0056664334883934,x2,x2,x3,x2,x1,x1
	Expression:
	     ⎛        ⎛                          1                      ⎞⎞
	     ⎜     x₁⋅⎜x₃ + ────────────────────────────────────────────⎟⎟
	     ⎜        ⎜                                     1           ⎟⎟
	     ⎜        ⎜     0.9945510683420546 + ───────────────────────⎟⎟
	     ⎜        ⎝                          x₃ - 1.0056664334883934⎠⎟
	  x₃⋅⎜x₁ + ──────────────────────────────────────────────────────⎟
	     ⎝                               x₂                          ⎠

[00:00:00:07.39] Training epoch 7/14, current best R: 0.5001

	** New best
	Reward: 0.5000500634275873
	Count Off-policy: False
	Count On-policy: True
	Originally on Policy: True
	Invalid: False
	Traversal: sub,x3,inv,div,div,mul,1.0,sub,add,1.000036250643159,sub,div,x3,x2,x3,1.0000362342187872,x1,x3
	Expression:
	                   x₁⋅x₃                     
	  - ──────────────────────────────────── + x₃
	                                  1.0⋅x₃     
	    -x₃ + 1.6424371813983374e-8 + ──────     
	                                    x₂       

[00:00:00:10.15] Training epoch 10/14, current best R: 0.5001
[00:00:00:13.66] Ending training after epoch 14/14, current best R: 0.5001
-- RUNNING EPOCHS END ---------------

-- EVALUATION START ----------------
Saving Hall of Fame to ./log/regression_config_regression_PQT.json_FeynmanIICh34Eq29b.in_normal_0.0_2023-05-29-052403/dso_regression_config_regression_PQT.json_FeynmanIICh34Eq29b.in_normal_0.0_0_hof.csv
Saving Pareto Front to ./log/regression_config_regression_PQT.json_FeynmanIICh34Eq29b.in_normal_0.0_2023-05-29-052403/dso_regression_config_regression_PQT.json_FeynmanIICh34Eq29b.in_normal_0.0_0_pf.csv
Invalid expressions: 493 of 14336 (3.4%).
Error type counts:
  true_divide: 198 (40.2%)
  reciprocal: 295 (59.8%)
Error node counts:
  divide: 493 (100.0%)

Priority queue entry 0:
	Reward: 0.5000500634275873
	Count Off-policy: False
	Count On-policy: True
	Originally on Policy: True
	Invalid: False
	Traversal: sub,x3,inv,div,div,mul,1.0,sub,add,1.000036250643159,sub,div,x3,x2,x3,1.0000362342187872,x1,x3
	Expression:
	                   x₁⋅x₃                     
	  - ──────────────────────────────────── + x₃
	                                  1.0⋅x₃     
	    -x₃ + 1.6424371813983374e-8 + ──────     
	                                    x₂       


Priority queue entry 1:
	Reward: 0.5000470148008699
	Count Off-policy: False
	Count On-policy: True
	Originally on Policy: True
	Invalid: False
	Traversal: mul,sub,div,867.0875111817746,sub,1.000025054043677,add,x3,mul,inv,x1,x1,x2,x3
	Expression:
	     ⎛          867.0875111817746    ⎞
	  x₃⋅⎜-x₂ + ─────────────────────────⎟
	     ⎝      2.505404367700304e-5 - x₃⎠


Priority queue entry 2:
	Reward: 0.5000127525381747
	Count Off-policy: False
	Count On-policy: True
	Originally on Policy: True
	Invalid: False
	Traversal: mul,x3,add,mul,div,add,div,mul,inv,add,0.9945510683420546,inv,sub,x3,1.0056664334883934,x2,x2,x3,x2,x1,x1
	Expression:
	     ⎛        ⎛                          1                      ⎞⎞
	     ⎜     x₁⋅⎜x₃ + ────────────────────────────────────────────⎟⎟
	     ⎜        ⎜                                     1           ⎟⎟
	     ⎜        ⎜     0.9945510683420546 + ───────────────────────⎟⎟
	     ⎜        ⎝                          x₃ - 1.0056664334883934⎠⎟
	  x₃⋅⎜x₁ + ──────────────────────────────────────────────────────⎟
	     ⎝                               x₂                          ⎠


Priority queue entry 3:
	Reward: 0.5000040059234806
	Count Off-policy: False
	Count On-policy: True
	Originally on Policy: True
	Invalid: False
	Traversal: sub,sub,x2,sub,mul,x3,inv,mul,x2,sub,inv,x1,mul,inv,x1,1.0004613953886907,x3,x2
	Expression:
	  2167.3385224713621⋅x₁⋅x₃     
	  ──────────────────────── + x₃
	             x₂                


Priority queue entry 4:
	Reward: 0.5000024303975279
	Count Off-policy: False
	Count On-policy: True
	Originally on Policy: True
	Invalid: False
	Traversal: sub,x1,inv,div,1.0,inv,div,mul,div,inv,x2,x1,x2,div,x1,x1
	Expression:
	  0


Priority queue entry 5:
	Reward: 0.5000021993521646
	Count Off-policy: False
	Count On-policy: True
	Originally on Policy: True
	Invalid: False
	Traversal: mul,inv,x3,sub,x3,mul,x3,add,add,sub,sub,1.0,x2,x1,x1,x2
	Expression:
	  0


Priority queue entry 6:
	Reward: 0.5000017223995527
	Count Off-policy: False
	Count On-policy: True
	Originally on Policy: True
	Invalid: False
	Traversal: sub,1.0,inv,mul,add,x3,mul,div,div,x2,x2,x3,1.0,x3
	Expression:
	              1      
	  1.0 - ─────────────
	           ⎛     1.0⎞
	        x₃⋅⎜x₃ + ───⎟
	           ⎝      x₃⎠


Priority queue entry 7:
	Reward: 0.5000009849395647
	Count Off-policy: False
	Count On-policy: True
	Originally on Policy: True
	Invalid: False
	Traversal: sub,mul,sub,add,inv,x3,1.0,1.0,x3,1.0
	Expression:
	  0


Priority queue entry 8:
	Reward: 0.5000006619282068
	Count Off-policy: False
	Count On-policy: True
	Originally on Policy: True
	Invalid: False
	Traversal: mul,x3,div,x1,add,mul,mul,x2,inv,div,0.044496455329758544,div,x2,x1,sub,x3,x2,x3
	Expression:
	                  x₁⋅x₃                 
	  ──────────────────────────────────────
	                            2           
	       22.473700266439322⋅x₂ ⋅(-x₂ + x₃)
	  x₃ + ─────────────────────────────────
	                       x₁               


Priority queue entry 9:
	Reward: 0.5000006608040887
	Count Off-policy: False
	Count On-policy: True
	Originally on Policy: True
	Invalid: False
	Traversal: inv,sub,sub,sub,div,mul,x1,inv,add,x3,sub,div,sub,add,x2,1.0,x2,1.0,1.0,x1,x1,x1,x3
	Expression:
	         1       
	  ───────────────
	               1 
	  -2⋅x₁ - x₃ + ──
	               x₃

-- EVALUATION END ------------------
== TRAINING SEED 0 END ==============
INFO: Completed run 1 of 1 in 15 s

== POST-PROCESS START =================
-- LOADING LOGS START ----------------
json configure file: ./log/regression_config_regression_PQT.json_FeynmanIICh34Eq29b.in_normal_0.0_2023-05-29-052403
Successfully loaded summary data
Successfully loaded Hall of Fame data
Successfully loaded Pareto Front data
-- LOADING LOGS END ------------------

-- ANALYZING LOG START --------------
Task_____________regression
Source path______./log/regression_config_regression_PQT.json_FeynmanIICh34Eq29b.in_normal_0.0_2023-05-29-052403
Runs_____________1
Max Samples/run__15000
Success_rate_____0.0
Hall of Fame (Top 5 of 100)____
    0: S=000 R=0.500050 <-- [-x1*x3/(-1.0*x3 + 1.6424371813983374e-8 + 1.0*x3/x2) + x3]
    1: S=000 R=0.500047 <-- [x3*(-x2 + 867.0875111817746/(2.505404367700304e-5 - x3))]
    2: S=000 R=0.500013 <-- [x3*(x1 + x1*(x3 + 1/(0.9945510683420546 + 1/(x3 - 1.0056664334883934)))/x2)]
    3: S=000 R=0.500004 <-- [2167.3385224713621*x1*x3/x2 + x3]
    4: S=000 R=0.500002 <-- [0]
  Saving Hall of Fame plot to ./log/regression_config_regression_PQT.json_FeynmanIICh34Eq29b.in_normal_0.0_2023-05-29-052403/dso_regression_config_regression_PQT.json_FeynmanIICh34Eq29b.in_normal_0.0_plot_hof.png
Pareto Front (5 of 7)____
    0: S=000 R=0.500050 C=22.00 <-- [-x1*x3/(-1.0*x3 + 1.6424371813983374e-8 + 1.0*x3/x2) + x3]
    1: S=000 R=0.500047 C=16.00 <-- [x3*(-x2 + 867.0875111817746/(2.505404367700304e-5 - x3))]
    2: S=000 R=0.500001 C=11.00 <-- [0]
    3: S=000 R=0.500000 C=10.00 <-- [x3*(x3 + x2**(-2))]
    4: S=000 R=0.500000 C=9.00 <-- [1.0*x1*x3/x2]
  Saving Pareto Front plot to ./log/regression_config_regression_PQT.json_FeynmanIICh34Eq29b.in_normal_0.0_2023-05-29-052403/dso_regression_config_regression_PQT.json_FeynmanIICh34Eq29b.in_normal_0.0_plot_pf.png
-- ANALYZING LOG END ----------------
== POST-PROCESS END ===================
