debug /depot/yexiang/apps/jiang631/data/scibench/data/unencrypted/equations_feynman/FeynmanICh39Eq11.in
!!!!!!!!!!!!!!!!!!!!!!!!!!!!!i /depot/yexiang/apps/jiang631/data/scibench/data/unencrypted/equations_feynman/FeynmanICh39Eq11.in
['mul', 'X_1', 'mul', 'X_2', 'pow', 'add', -1, 'X_0', -1]
--------------------
eq_name 	 feynman-i.39.11
num_vars 	 3
vars_range_and_types 	 [{"name": "Uniform", "range": [1, 2], "only_positive": true}, {"name": "LogUniform", "range": [10000.0, 1000000.0], "only_positive": true}, {"name": "LogUniform", "range": [1e-05, 0.001], "only_positive": true}]
function_set 	 ['add', 'sub', 'mul', 'div', 'sin', 'cos', 'exp', 'log', 'const']
eq_expression 	 mul,X_1,mul,X_2,pow,add,-1,X_0,-1
expr 	 X_1*X_2/(X_0 - 1)
--------------------

== EXPERIMENT SETUP START ===========
Task type            : regression
Starting seed        : 0
Runs                 : 1
== EXPERIMENT SETUP END =============

== TRAINING SEED 0 START ============
self.dataX <dso.symbolic_data_generator.DataX object at 0x2b795cb89898>, self.data_query_oracle: <dso.symbolic_equation_evaluator_public.Equation_evaluator object at 0x2b7943419d68>
generate dataset!
-- BUILDING PRIOR START -------------
WARNING: Skipping invalid 'RelationalConstraint' with arguments {'targets': [], 'effectors': [], 'relationship': None}. Reason: Prior disabled.
WARNING: Skipping invalid 'TrigConstraint' with arguments {}. Reason: There are no target Tokens.
WARNING: Skipping invalid 'UniformArityPrior' with arguments {}. Reason: Prior disabled.
WARNING: Skipping invalid 'LanguageModelPrior' with arguments {'weight': None}. Reason: Prior disabled.
LengthConstraint: Sequences have minimum length 4.
                  Sequences have maximum length 256.
RepeatConstraint: [const] cannot occur more than 10 times.
RelationalConstraint: [inv] cannot be a child of [inv].
ConstConstraint: [const] cannot be the only unique child of [inv, add, sub, mul, div].
NoInputsConstraint: Sequences contain at least one input variable Token.
SoftLengthPrior: No description available.
-- BUILDING PRIOR END ---------------

-- RUNNING EPOCHS START -------------
[00:00:00:03.00] Training epoch 1/14, current best R: 0.9748

	** New best
	Reward: 0.9748320597819248
	Count Off-policy: False
	Count On-policy: True
	Originally on Policy: True
	Invalid: False
	Traversal: mul,x1,add,x1,mul,div,x2,add,-1.2021137721482322,add,x1,inv,sub,4.948028696430619,x3,add,-8.778098513924039e-07,x3
	Expression:
	     ⎛              x₂⋅(x₃ - 8.778098513924039e-7)         ⎞
	  x₁⋅⎜x₁ + ────────────────────────────────────────────────⎟
	     ⎜                                         1           ⎟
	     ⎜     x₁ - 1.2021137721482322 + ──────────────────────⎟
	     ⎝                               4.948028696430619 - x₃⎠

[00:00:00:10.41] Training epoch 5/14, current best R: 0.9998

	** New best
	Reward: 0.999777447972997
	Count Off-policy: False
	Count On-policy: True
	Originally on Policy: True
	Invalid: False
	Traversal: add,mul,x2,inv,mul,1.000062898833974,div,sub,add,x1,-1.0000000861675444,mul,mul,inv,x1,x3,-0.00025041970883733214,x3,1.007528880488643
	Expression:
	                0.9999371051220405⋅x₂⋅x₃                                 
	  ─────────────────────────────────────────────────── + 1.007528880488643
	                            0.00025041970883733214⋅x₃                    
	  x₁ - 1.0000000861675444 + ─────────────────────────                    
	                                        x₁                               

[00:00:00:21.78] Training epoch 10/14, current best R: 0.9998
[00:00:00:29.15] Ending training after epoch 14/14, current best R: 0.9998
-- RUNNING EPOCHS END ---------------

-- EVALUATION START ----------------
Saving Hall of Fame to ./log/regression_config_regression_DSR.json_FeynmanICh39Eq11.in_normal_0.0_2023-05-29-051705/dso_regression_config_regression_DSR.json_FeynmanICh39Eq11.in_normal_0.0_0_hof.csv
Saving Pareto Front to ./log/regression_config_regression_DSR.json_FeynmanICh39Eq11.in_normal_0.0_2023-05-29-051705/dso_regression_config_regression_DSR.json_FeynmanICh39Eq11.in_normal_0.0_0_pf.csv
Invalid expressions: 322 of 14336 (2.2%).
Error type counts:
  reciprocal: 195 (60.6%)
  true_divide: 127 (39.4%)
Error node counts:
  divide: 321 (99.7%)
  invalid: 1 (0.3%)
-- EVALUATION END ------------------
== TRAINING SEED 0 END ==============
INFO: Completed run 1 of 1 in 30 s

== POST-PROCESS START =================
-- LOADING LOGS START ----------------
json configure file: ./log/regression_config_regression_DSR.json_FeynmanICh39Eq11.in_normal_0.0_2023-05-29-051705
Successfully loaded summary data
Successfully loaded Hall of Fame data
Successfully loaded Pareto Front data
-- LOADING LOGS END ------------------

-- ANALYZING LOG START --------------
Task_____________regression
Source path______./log/regression_config_regression_DSR.json_FeynmanICh39Eq11.in_normal_0.0_2023-05-29-051705
Runs_____________1
Max Samples/run__15000
Success_rate_____0.0
Hall of Fame (Top 5 of 100)____
    0: S=000 R=0.999777 <-- [0.9999371051220405*x2*x3/(x1 - 1.0000000861675444 + 0.00025041970883733214*x3/x1) + 1.007528880488643]
    1: S=000 R=0.998462 <-- [1.056703640727379*x2*x3/(1.058782714977444*x1 - 1.0587828349918953)]
    2: S=000 R=0.986585 <-- [x1 + 1.0061167775010733*x3*(x2 - x3)/(x1*(x1 - 0.9999990366722676))]
    3: S=000 R=0.986483 <-- [0.63463907368011386*x2*x3/(x1*(0.6307690386663179*x1 - 0.6307684282267893))]
    4: S=000 R=0.982515 <-- [3.0240827840237097*x2*x3/(x1*(x1**2 + x1 - 1.999996194000358))]
  Saving Hall of Fame plot to ./log/regression_config_regression_DSR.json_FeynmanICh39Eq11.in_normal_0.0_2023-05-29-051705/dso_regression_config_regression_DSR.json_FeynmanICh39Eq11.in_normal_0.0_plot_hof.png
Pareto Front (5 of 7)____
    0: S=000 R=0.999777 C=22.00 <-- [0.9999371051220405*x2*x3/(x1 - 1.0000000861675444 + 0.00025041970883733214*x3/x1) + 1.007528880488643]
    1: S=000 R=0.998462 C=16.00 <-- [1.056703640727379*x2*x3/(1.058782714977444*x1 - 1.0587828349918953)]
    2: S=000 R=0.600235 C=10.00 <-- [-0.0001571808750018812*x2/(1.0000465432088605 - x1) + 74.19026261369333]
    3: S=000 R=0.569815 C=9.00 <-- [x1 + 336.48202961403945 - 1/(1.000134461885809 - x1)]
    4: S=000 R=0.569026 C=8.00 <-- [1/(x1 - 1.000134463114651)]
  Saving Pareto Front plot to ./log/regression_config_regression_DSR.json_FeynmanICh39Eq11.in_normal_0.0_2023-05-29-051705/dso_regression_config_regression_DSR.json_FeynmanICh39Eq11.in_normal_0.0_plot_pf.png
-- ANALYZING LOG END ----------------
== POST-PROCESS END ===================
