debug /depot/yexiang/apps/jiang631/data/scibench/data/unencrypted/equations_feynman/FeynmanICh40Eq1.in
!!!!!!!!!!!!!!!!!!!!!!!!!!!!!i /depot/yexiang/apps/jiang631/data/scibench/data/unencrypted/equations_feynman/FeynmanICh40Eq1.in
['mul', 'X_0', 'exp', 'mul', -7.10292768111229e+23, 'mul', 'X_1', 'mul', 'X_2', 'pow', 'X_3', -1]
--------------------
eq_name 	 feynman-i.40.1
num_vars 	 4
vars_range_and_types 	 [{"name": "LogUniform", "range": [1e+25, 1e+27], "only_positive": true}, {"name": "LogUniform", "range": [1e-24, 1e-22], "only_positive": true}, {"name": "LogUniform", "range": [0.01, 1.0], "only_positive": false}, {"name": "LogUniform", "range": [10.0, 1000.0], "only_positive": true}]
function_set 	 ['add', 'sub', 'mul', 'div', 'sin', 'cos', 'exp', 'log', 'const']
eq_expression 	 mul,X_0,exp,mul,-7.10292768111229e+23,mul,X_1,mul,X_2,pow,X_3,-1
expr 	 X_0*exp(-7.10292768111229e+23*X_1*X_2/X_3)
--------------------

== EXPERIMENT SETUP START ===========
Task type            : regression
Starting seed        : 0
Runs                 : 1
== EXPERIMENT SETUP END =============

== TRAINING SEED 0 START ============
self.dataX <dso.symbolic_data_generator.DataX object at 0x2b3261605898>, self.data_query_oracle: <dso.symbolic_equation_evaluator_public.Equation_evaluator object at 0x2b3247e96d68>
generate dataset!
-- BUILDING PRIOR START -------------
WARNING: Skipping invalid 'RelationalConstraint' with arguments {'targets': [], 'effectors': [], 'relationship': None}. Reason: Prior disabled.
WARNING: Skipping invalid 'TrigConstraint' with arguments {}. Reason: There are no target Tokens.
WARNING: Skipping invalid 'UniformArityPrior' with arguments {}. Reason: Prior disabled.
WARNING: Skipping invalid 'LanguageModelPrior' with arguments {'weight': None}. Reason: Prior disabled.
LengthConstraint: Sequences have minimum length 4.
                  Sequences have maximum length 256.
RepeatConstraint: [const] cannot occur more than 10 times.
RelationalConstraint: [inv] cannot be a child of [inv].
ConstConstraint: [const] cannot be the only unique child of [inv, add, sub, mul, div].
NoInputsConstraint: Sequences contain at least one input variable Token.
SoftLengthPrior: No description available.
-- BUILDING PRIOR END ---------------

-- RUNNING EPOCHS START -------------
[00:00:00:02.07] Training epoch 1/14, current best R: 0.5052

	** New best
	Reward: 0.5051717857120734
	Count Off-policy: False
	Count On-policy: True
	Originally on Policy: True
	Invalid: False
	Traversal: mul,mul,div,x3,x4,mul,x1,add,add,x3,x2,-65.37993976751784,1.7395553537106954
	Expression:
	  1.7395553537106954⋅x₁⋅x₃⋅(x₂ + x₃ - 65.37993976751784)
	  ──────────────────────────────────────────────────────
	                            x₄                          

[00:00:00:03.40] Training epoch 2/14, current best R: 0.5254

	** New best
	Reward: 0.5253892127047747
	Count Off-policy: False
	Count On-policy: True
	Originally on Policy: True
	Invalid: False
	Traversal: add,div,mul,div,div,x1,inv,x4,inv,x3,x3,sub,add,x4,-3.9796524002394955,5.978946617176603,x1
	Expression:
	              2               
	         x₁⋅x₃ ⋅x₄            
	  ─────────────────────── + x₁
	  x₄ - 9.9585990174160985     

[00:00:00:10.61] Training epoch 9/14, current best R: 0.5896

	** New best
	Reward: 0.5895770325621965
	Count Off-policy: False
	Count On-policy: True
	Originally on Policy: True
	Invalid: False
	Traversal: add,add,inv,x3,1.0,add,mul,inv,add,add,add,div,x4,13.329983915894703,0.1798656203507554,x2,x3,x1,1.0
	Expression:
	                           x₁                                  1 
	  ──────────────────────────────────────────────────── + 2.0 + ──
	  x₂ + x₃ + 0.0750188452071272⋅x₄ + 0.1798656203507554         x₃

[00:00:00:11.66] Training epoch 10/14, current best R: 0.5896
[00:00:00:15.19] Training epoch 13/14, current best R: 0.6040

	** New best
	Reward: 0.6039573531969749
	Count Off-policy: False
	Count On-policy: True
	Originally on Policy: True
	Invalid: False
	Traversal: mul,75.50051110030395,mul,add,x1,x4,inv,add,mul,add,sub,-0.630382196238436,add,x3,x2,x2,-28.23419086859459,x4
	Expression:
	           75.50051110030395⋅(x₁ + x₄)         
	  ─────────────────────────────────────────────
	  28.23419086859459⋅x₃ + x₄ + 17.79833124875985

[00:00:00:16.39] Ending training after epoch 14/14, current best R: 0.6040
-- RUNNING EPOCHS END ---------------

-- EVALUATION START ----------------
Saving Hall of Fame to ./log/regression_config_regression_DSR.json_FeynmanICh40Eq1.in_normal_0.0_2023-05-29-052009/dso_regression_config_regression_DSR.json_FeynmanICh40Eq1.in_normal_0.0_0_hof.csv
Saving Pareto Front to ./log/regression_config_regression_DSR.json_FeynmanICh40Eq1.in_normal_0.0_2023-05-29-052009/dso_regression_config_regression_DSR.json_FeynmanICh40Eq1.in_normal_0.0_0_pf.csv
Invalid expressions: 410 of 14336 (2.9%).
Error type counts:
  true_divide: 162 (39.5%)
  reciprocal: 248 (60.5%)
Error node counts:
  divide: 410 (100.0%)
-- EVALUATION END ------------------
== TRAINING SEED 0 END ==============
INFO: Completed run 1 of 1 in 18 s

== POST-PROCESS START =================
-- LOADING LOGS START ----------------
json configure file: ./log/regression_config_regression_DSR.json_FeynmanICh40Eq1.in_normal_0.0_2023-05-29-052009
Successfully loaded summary data
Successfully loaded Hall of Fame data
Successfully loaded Pareto Front data
-- LOADING LOGS END ------------------

-- ANALYZING LOG START --------------
Task_____________regression
Source path______./log/regression_config_regression_DSR.json_FeynmanICh40Eq1.in_normal_0.0_2023-05-29-052009
Runs_____________1
Max Samples/run__15000
Success_rate_____0.0
Hall of Fame (Top 5 of 100)____
    0: S=000 R=0.603957 <-- [75.50051110030395*(x1 + x4)/(28.23419086859459*x3 + x4 + 17.79833124875985)]
    1: S=000 R=0.589577 <-- [x1/(x2 + x3 + 0.0750188452071272*x4 + 0.1798656203507554) + 2.0 + 1/x3]
    2: S=000 R=0.539219 <-- [x1*(x4 - 35.1377366137574 + 32.70825065418673/(x3 + 1.0229070592692144))/x4]
    3: S=000 R=0.534160 <-- [x1*x4*(1.0857890448700578 - x3)/(x3 + 2*x4 - 19.106256809055182 - x4/x1)]
    4: S=000 R=0.525389 <-- [x1*x3**2*x4/(x4 - 9.9585990174160985) + x1]
  Saving Hall of Fame plot to ./log/regression_config_regression_DSR.json_FeynmanICh40Eq1.in_normal_0.0_2023-05-29-052009/dso_regression_config_regression_DSR.json_FeynmanICh40Eq1.in_normal_0.0_plot_hof.png
Pareto Front (5 of 6)____
    0: S=000 R=0.603957 C=19.00 <-- [75.50051110030395*(x1 + x4)/(28.23419086859459*x3 + x4 + 17.79833124875985)]
    1: S=000 R=0.539219 C=18.00 <-- [x1*(x4 - 35.1377366137574 + 32.70825065418673/(x3 + 1.0229070592692144))/x4]
    2: S=000 R=0.513334 C=16.00 <-- [x3*(-271.77950160072847*x1*x3**2/x4 + x4)]
    3: S=000 R=0.510583 C=10.00 <-- [x1/(x4*(x3 + 0.9848020884137656))]
    4: S=000 R=0.510132 C=6.00 <-- [x1/(x3 + 1.0538870882442042)]
  Saving Pareto Front plot to ./log/regression_config_regression_DSR.json_FeynmanICh40Eq1.in_normal_0.0_2023-05-29-052009/dso_regression_config_regression_DSR.json_FeynmanICh40Eq1.in_normal_0.0_plot_pf.png
-- ANALYZING LOG END ----------------
== POST-PROCESS END ===================
