debug /depot/yexiang/apps/jiang631/data/scibench/data/unencrypted/equations_feynman/FeynmanICh43Eq31.in
!!!!!!!!!!!!!!!!!!!!!!!!!!!!!i /depot/yexiang/apps/jiang631/data/scibench/data/unencrypted/equations_feynman/FeynmanICh43Eq31.in
['mul', 1.380649e-23, 'mul', 'X_0', 'X_1']
--------------------
eq_name 	 feynman-i.43.31
num_vars 	 2
vars_range_and_types 	 [{"name": "LogUniform", "range": [10000000000000.0, 1000000000000000.0], "only_positive": true}, {"name": "LogUniform", "range": [10.0, 1000.0], "only_positive": true}]
function_set 	 ['add', 'sub', 'mul', 'div', 'sin', 'cos', 'exp', 'log', 'const']
eq_expression 	 mul,1.380649e-23,mul,X_0,X_1
expr 	 1.380649e-23*X_0*X_1
--------------------

== EXPERIMENT SETUP START ===========
Task type            : regression
Starting seed        : 0
Runs                 : 1
== EXPERIMENT SETUP END =============

== TRAINING SEED 0 START ============
self.dataX <dso.symbolic_data_generator.DataX object at 0x2b44fe180080>, self.data_query_oracle: <dso.symbolic_equation_evaluator_public.Equation_evaluator object at 0x2b451d221da0>
generate dataset!
-- BUILDING PRIOR START -------------
WARNING: Skipping invalid 'RelationalConstraint' with arguments {'targets': [], 'effectors': [], 'relationship': None}. Reason: Prior disabled.
WARNING: Skipping invalid 'TrigConstraint' with arguments {}. Reason: There are no target Tokens.
WARNING: Skipping invalid 'UniformArityPrior' with arguments {}. Reason: Prior disabled.
WARNING: Skipping invalid 'LanguageModelPrior' with arguments {'weight': None}. Reason: Prior disabled.
LengthConstraint: Sequences have minimum length 4.
                  Sequences have maximum length 256.
RepeatConstraint: [const] cannot occur more than 10 times.
RelationalConstraint: [inv] cannot be a child of [inv].
ConstConstraint: [const] cannot be the only unique child of [inv, add, sub, mul, div].
NoInputsConstraint: Sequences contain at least one input variable Token.
SoftLengthPrior: No description available.
-- BUILDING PRIOR END ---------------

-- RUNNING EPOCHS START -------------
gen	iter	pop_size	nevals	uncached_size	best_val              	timer  
0  	0   	1024    	1024  	1024         	(-0.4999999652975588,)	2.27712
1  	1   	1024    	761   	649          	(-0.5000001527734349,)	0.844174
2  	2   	1024    	776   	643          	(-0.5000001541897023,)	1.33686 
3  	3   	1024    	778   	621          	(-0.5298210157371145,)	2.84477 
4  	4   	1024    	793   	643          	(-0.5443456399528268,)	4.85502 
5  	5   	1024    	749   	576          	(-0.5443456399528268,)	4.43323 
6  	6   	1024    	784   	594          	(-0.5443456399528268,)	6.08411 
7  	7   	1024    	751   	546          	(-0.5443456399528268,)	7.00279 
8  	8   	1024    	752   	524          	(-0.5444619018341385,)	8.13615 
9  	9   	1024    	765   	518          	(-0.5444812580049909,)	9.14946 

--------------------------------------------------
GP Time: 47.2083

Unique expressions evaluated: 7245
Total expression evaluations: 7933
--------------------------------------------------

GP -> best program this epoch:

	Reward: 0.5444812580049909
	Count Off-policy: 1
	Count On-policy: 0
	Originally on Policy: False
	Invalid: False
	Traversal: div,-7.466249782849692e-05,mul,div,div,add,mul,x2,-6.010467899002945e-05,div,add,x2,x1,x1,div,add,sub,inv,add,add,sub,x1,x2,inv,x1,add,x2,x2,x1,mul,inv,add,1.0000170975704203,div,div,1.0,x1,x1,x1,x1,x2,0.44135893345572214
	Expression:
	                             ⎛                 x₁                   1      ⎞ 
	  -0.00016916503138139649⋅x₂⋅⎜-x₁ + ──────────────────────── + ────────────⎟ 
	                             ⎜                           1.0             1 ⎟ 
	                             ⎜      1.0000170975704203 + ───   x₁ + x₂ + ──⎟ 
	                             ⎜                             2             x₁⎟ 
	                             ⎝                           x₁                ⎠ 
	  ───────────────────────────────────────────────────────────────────────────
	                       ⎛                           x₁ + x₂⎞                  
	                    x₁⋅⎜-6.010467899002945e-5⋅x₂ + ───────⎟                  
	                       ⎝                              x₁  ⎠                  

None

--------------------------------------------------

[00:00:00:51.27] Training epoch 1/14, current best R: 0.5445

	** New best
	Reward: 0.5444812580049909
	Count Off-policy: 1
	Count On-policy: 0
	Originally on Policy: False
	Invalid: False
	Traversal: div,-7.466249782849692e-05,mul,div,div,add,mul,x2,-6.010467899002945e-05,div,add,x2,x1,x1,div,add,sub,inv,add,add,sub,x1,x2,inv,x1,add,x2,x2,x1,mul,inv,add,1.0000170975704203,div,div,1.0,x1,x1,x1,x1,x2,0.44135893345572214
	Expression:
	                             ⎛                 x₁                   1      ⎞ 
	  -0.00016916503138139649⋅x₂⋅⎜-x₁ + ──────────────────────── + ────────────⎟ 
	                             ⎜                           1.0             1 ⎟ 
	                             ⎜      1.0000170975704203 + ───   x₁ + x₂ + ──⎟ 
	                             ⎜                             2             x₁⎟ 
	                             ⎝                           x₁                ⎠ 
	  ───────────────────────────────────────────────────────────────────────────
	                       ⎛                           x₁ + x₂⎞                  
	                    x₁⋅⎜-6.010467899002945e-5⋅x₂ + ───────⎟                  
	                       ⎝                              x₁  ⎠                  

10 	0   	1024    	1024  	1020         	(-0.49999769169118174,)	0.807089
11 	1   	1024    	746   	614          	(-0.4999978775133433,) 	0.823004
12 	2   	1024    	758   	611          	(-0.5000001513569855,) 	1.34275 
13 	3   	1024    	766   	612          	(-0.5443485294910881,) 	2.04849 
14 	4   	1024    	730   	547          	(-0.5443485294910881,) 	2.26875 
15 	5   	1024    	789   	600          	(-0.5444169205598716,) 	4.81907 
16 	6   	1024    	777   	579          	(-0.5444169205598716,) 	5.00305 
17 	7   	1024    	804   	599          	(-0.5444169205598716,) 	6.67521 
18 	8   	1024    	752   	585          	(-0.5444364309477162,) 	8.68896 
19 	9   	1024    	765   	577          	(-0.5444589208752155,) 	10.1791 

--------------------------------------------------
GP Time: 42.9034

Unique expressions evaluated: 14495
Total expression evaluations: 15844
--------------------------------------------------

GP -> best program this epoch:

	Reward: 0.5444589208752155
	Count Off-policy: 1
	Count On-policy: 0
	Originally on Policy: False
	Invalid: False
	Traversal: inv,mul,add,mul,div,156.80650645455566,add,div,mul,inv,mul,156.80653198094927,div,156.8065276155415,x1,add,x2,x2,156.80650902089522,1.0,x1,x2,inv,add,inv,add,x2,add,10446.704021352021,inv,x2,0.9122473224077413
	Expression:
	                                    1              
	  0.9122473224077413 + ────────────────────────────
	                                                 1 
	                       x₂ + 10446.704021352021 + ──
	                                                 x₂
	  ─────────────────────────────────────────────────
	              156.80650645455566⋅x₁                
	        ───────────────────────────────── + x₂     
	        5.1872552852134382e-7⋅x₁⋅x₂ + 1.0          

None

--------------------------------------------------

-- RUNNING EPOCHS END ---------------

-- EVALUATION START ----------------
Saving Hall of Fame to ./log/regression_config_regression_GPMELD.json_FeynmanICh43Eq31.in_normal_0.0_2023-05-29-051011/dso_regression_config_regression_GPMELD.json_FeynmanICh43Eq31.in_normal_0.0_0_hof.csv
Saving Pareto Front to ./log/regression_config_regression_GPMELD.json_FeynmanICh43Eq31.in_normal_0.0_2023-05-29-051011/dso_regression_config_regression_GPMELD.json_FeynmanICh43Eq31.in_normal_0.0_0_pf.csv
Invalid expressions: 352 of 17892 (2.0%).
Error type counts:
  reciprocal: 225 (63.9%)
  true_divide: 127 (36.1%)
Error node counts:
  divide: 351 (99.7%)
  invalid: 1 (0.3%)
-- EVALUATION END ------------------
== TRAINING SEED 0 END ==============
INFO: Completed run 1 of 1 in 100 s

== POST-PROCESS START =================
-- LOADING LOGS START ----------------
json configure file: ./log/regression_config_regression_GPMELD.json_FeynmanICh43Eq31.in_normal_0.0_2023-05-29-051011
Successfully loaded summary data
Successfully loaded Hall of Fame data
Successfully loaded Pareto Front data
-- LOADING LOGS END ------------------

-- ANALYZING LOG START --------------
Task_____________regression
Source path______./log/regression_config_regression_GPMELD.json_FeynmanICh43Eq31.in_normal_0.0_2023-05-29-051011
Runs_____________1
Max Samples/run__15000
Success_rate_____0.0
Hall of Fame (Top 5 of 100)____
    0: S=000 R=0.544481 <-- [-0.00016916503138139649*x2*(-x1 + x1/(1.0000170975704203 + 1.0/x1**2) + 1/(x1 + x2 + 1/x1))/(x1*(-6.010467899002945e-5*x2 + (x1 + x2)/x1))]
    1: S=000 R=0.544481 <-- [-0.00016916503138139649*x2*(-x1 + x1/(1.0000170975704203 + 1.0/x1**2) + 1/(x1 + x2 + 1/x1))/(x1*(-6.010467899002945e-5*x2 + (x1 + x2)/x1))]
    2: S=000 R=0.544462 <-- [-0.0064091671760489021*x2*(-x1 + x1/(1.0000004701803527 + 1.0/x1**2) + 1/(x2 + 1.0 + 1/x1))/x1]
    3: S=000 R=0.544462 <-- [-0.0064091671760489021*x2*(-x1 + x1/(1.0000004701803527 + 1.0/x1**2) + 1/(x2 + 1.0 + 1/x1))/x1]
    4: S=000 R=0.544462 <-- [-0.0064091666940597086*x2*(-x1 + x1/(1.0000004701803953 + 1.0/x1**2) + 1/(x1 + x2 + 1/x1))/x1]
  Saving Hall of Fame plot to ./log/regression_config_regression_GPMELD.json_FeynmanICh43Eq31.in_normal_0.0_2023-05-29-051011/dso_regression_config_regression_GPMELD.json_FeynmanICh43Eq31.in_normal_0.0_plot_hof.png
Pareto Front (5 of 11)____
    0: S=000 R=0.544481 C=52.00 <-- [-0.00016916503138139649*x2*(-x1 + x1/(1.0000170975704203 + 1.0/x1**2) + 1/(x1 + x2 + 1/x1))/(x1*(-6.010467899002945e-5*x2 + (x1 + x2)/x1))]
    1: S=000 R=0.544462 C=43.00 <-- [-0.0064091671760489021*x2*(-x1 + x1/(1.0000004701803527 + 1.0/x1**2) + 1/(x2 + 1.0 + 1/x1))/x1]
    2: S=000 R=0.544462 C=41.00 <-- [-0.0064091666940597086*x2*(-x1 + x1/(1.0000004701803953 + 1.0/x1**2) + 1/(2*x1 + x2))/x1]
    3: S=000 R=0.544459 C=40.00 <-- [(0.9122473224077413 + 1/(x2 + 10446.704021352021 + 1/x2))/(156.80650645455566*x1/(5.1872552852134382e-7*x1*x2 + 1.0) + x2)]
    4: S=000 R=0.544443 C=23.00 <-- [0.1655019521446775/(54436746.44239841*x1/(x2*(x1 + 1.0)) + x2 + 14.657706039742045)]
  Saving Pareto Front plot to ./log/regression_config_regression_GPMELD.json_FeynmanICh43Eq31.in_normal_0.0_2023-05-29-051011/dso_regression_config_regression_GPMELD.json_FeynmanICh43Eq31.in_normal_0.0_plot_pf.png
-- ANALYZING LOG END ----------------
== POST-PROCESS END ===================
