debug /depot/yexiang/apps/jiang631/data/scibench/data/unencrypted/equations_feynman/FeynmanICh34Eq8.in
!!!!!!!!!!!!!!!!!!!!!!!!!!!!!i /depot/yexiang/apps/jiang631/data/scibench/data/unencrypted/equations_feynman/FeynmanICh34Eq8.in
['mul', 'X_0', 'mul', 'X_1', 'mul', 'X_2', 'pow', 'X_3', -1]
--------------------
eq_name 	 feynman-i.34.8
num_vars 	 4
vars_range_and_types 	 [{"name": "LogUniform", "range": [1e-11, 1e-09], "only_positive": false}, {"name": "LogUniform", "range": [100000.0, 10000000.0], "only_positive": false}, {"name": "LogUniform", "range": [10.0, 1000.0], "only_positive": false}, {"name": "LogUniform", "range": [1000000000.0, 100000000000.0], "only_positive": false}]
function_set 	 ['add', 'sub', 'mul', 'div', 'sin', 'cos', 'exp', 'log', 'const']
eq_expression 	 mul,X_0,mul,X_1,mul,X_2,pow,X_3,-1
expr 	 X_0*X_1*X_2/X_3
--------------------

== EXPERIMENT SETUP START ===========
Task type            : regression
Starting seed        : 0
Runs                 : 1
== EXPERIMENT SETUP END =============

== TRAINING SEED 0 START ============
self.dataX <dso.symbolic_data_generator.DataX object at 0x2abe463e4080>, self.data_query_oracle: <dso.symbolic_equation_evaluator_public.Equation_evaluator object at 0x2abe65485d68>
generate dataset!
-- BUILDING PRIOR START -------------
WARNING: Skipping invalid 'RelationalConstraint' with arguments {'targets': [], 'effectors': [], 'relationship': None}. Reason: Prior disabled.
WARNING: Skipping invalid 'TrigConstraint' with arguments {}. Reason: There are no target Tokens.
WARNING: Skipping invalid 'UniformArityPrior' with arguments {}. Reason: Prior disabled.
WARNING: Skipping invalid 'LanguageModelPrior' with arguments {'weight': None}. Reason: Prior disabled.
LengthConstraint: Sequences have minimum length 4.
                  Sequences have maximum length 256.
RepeatConstraint: [const] cannot occur more than 10 times.
RelationalConstraint: [inv] cannot be a child of [inv].
ConstConstraint: [const] cannot be the only unique child of [inv, add, sub, mul, div].
NoInputsConstraint: Sequences contain at least one input variable Token.
SoftLengthPrior: No description available.
-- BUILDING PRIOR END ---------------

-- RUNNING EPOCHS START -------------
gen	iter	pop_size	nevals	uncached_size	best_val              	timer  
0  	0   	1024    	1024  	1024         	(-0.5006175829902038,)	1.77959
1  	1   	1024    	763   	686          	(-0.5006175830232568,)	0.493785
2  	2   	1024    	768   	652          	(-0.5204341189736068,)	0.618576
3  	3   	1024    	745   	660          	(-0.9999921517526552,)	0.870321
4  	4   	1024    	779   	676          	(-0.9999999999999998,)	1.17475 
5  	5   	1024    	765   	656          	(-0.9999999999999998,)	1.44203 
6  	6   	1024    	766   	646          	(-0.9999999999999998,)	2.9885  
7  	7   	1024    	791   	680          	(-0.9999999999999998,)	2.67438 
8  	8   	1024    	781   	659          	(-0.9999999999999998,)	2.99021 
9  	9   	1024    	744   	620          	(-1.0,)               	2.48553 

--------------------------------------------------
GP Time: 17.7572

Unique expressions evaluated: 7910
Total expression evaluations: 7926
--------------------------------------------------

GP -> best program this epoch:

	Reward: 1.0
	Count Off-policy: 1
	Count On-policy: 0
	Originally on Policy: False
	Invalid: False
	Traversal: mul,mul,div,x3,div,x4,1.0,add,div,mul,sub,x2,sub,x2,1.0,1.0,inv,x1,sub,x2,x1,x1
	Expression:
	  1.0⋅x₁⋅x₂⋅x₃
	  ────────────
	       x₄     

None

--------------------------------------------------

[00:00:00:20.01] Training epoch 1/14, current best R: 1.0000

	** New best
	Reward: 1.0
	Count Off-policy: 1
	Count On-policy: 0
	Originally on Policy: False
	Invalid: False
	Traversal: mul,mul,div,x3,div,x4,1.0,add,div,mul,sub,x2,sub,x2,1.0,1.0,inv,x1,sub,x2,x1,x1
	Expression:
	  1.0⋅x₁⋅x₂⋅x₃
	  ────────────
	       x₄     

[00:00:00:20.02] Early stopping criteria met; breaking early.
-- RUNNING EPOCHS END ---------------

-- EVALUATION START ----------------
Saving Hall of Fame to ./log/regression_config_regression_GPMELD.json_FeynmanICh34Eq8.in_normal_0.0_2023-05-29-051134/dso_regression_config_regression_GPMELD.json_FeynmanICh34Eq8.in_normal_0.0_0_hof.csv
Saving Pareto Front to ./log/regression_config_regression_GPMELD.json_FeynmanICh34Eq8.in_normal_0.0_2023-05-29-051134/dso_regression_config_regression_GPMELD.json_FeynmanICh34Eq8.in_normal_0.0_0_pf.csv
Invalid expressions: 128 of 8950 (1.4%).
Error type counts:
  reciprocal: 51 (39.8%)
  true_divide: 77 (60.2%)
Error node counts:
  divide: 127 (99.2%)
  invalid: 1 (0.8%)
-- EVALUATION END ------------------
== TRAINING SEED 0 END ==============
INFO: Completed run 1 of 1 in 21 s

== POST-PROCESS START =================
-- LOADING LOGS START ----------------
json configure file: ./log/regression_config_regression_GPMELD.json_FeynmanICh34Eq8.in_normal_0.0_2023-05-29-051134
Successfully loaded summary data
Successfully loaded Hall of Fame data
Successfully loaded Pareto Front data
-- LOADING LOGS END ------------------

-- ANALYZING LOG START --------------
Task_____________regression
Source path______./log/regression_config_regression_GPMELD.json_FeynmanICh34Eq8.in_normal_0.0_2023-05-29-051134
Runs_____________1
Max Samples/run__15000
Success_rate_____1.0
Hall of Fame (Top 5 of 100)____
    0: S=000 R=1.000000 <-- [1.0*x1*x2*x3/x4]
    1: S=000 R=1.000000 <-- [1.0*x1*x2*x3/x4]
    2: S=000 R=1.000000 <-- [x1*x2*x3/(x4 + 1/x4)]
    3: S=000 R=1.000000 <-- [x1*x2*x3/(x4 + 1/(x2 + x4/x1))]
    4: S=000 R=1.000000 <-- [x1*x2*x3/(x1**2*(2*x2 + 1.0/x1) + x4)]
  Saving Hall of Fame plot to ./log/regression_config_regression_GPMELD.json_FeynmanICh34Eq8.in_normal_0.0_2023-05-29-051134/dso_regression_config_regression_GPMELD.json_FeynmanICh34Eq8.in_normal_0.0_plot_hof.png
Pareto Front (5 of 6)____
    0: S=000 R=1.000000 C=26.00 <-- [1.0*x1*x2*x3/x4]
    1: S=000 R=1.000000 C=13.00 <-- [x1*x2*x3/x4]
    2: S=000 R=0.501096 C=12.00 <-- [-15.05298972544314*x1**2*x2]
    3: S=000 R=0.500235 C=11.00 <-- [-0.0015053747615047773/(0.9844091352517466*x2*x3 - x4)]
    4: S=000 R=0.500224 C=8.00 <-- [-5.1764890869776536e-5*x3/x4]
  Saving Pareto Front plot to ./log/regression_config_regression_GPMELD.json_FeynmanICh34Eq8.in_normal_0.0_2023-05-29-051134/dso_regression_config_regression_GPMELD.json_FeynmanICh34Eq8.in_normal_0.0_plot_pf.png
-- ANALYZING LOG END ----------------
== POST-PROCESS END ===================
