debug /depot/yexiang/apps/jiang631/data/scibench/data/unencrypted/equations_feynman/FeynmanICh50Eq26.in
!!!!!!!!!!!!!!!!!!!!!!!!!!!!!i /depot/yexiang/apps/jiang631/data/scibench/data/unencrypted/equations_feynman/FeynmanICh50Eq26.in
['mul', 'X_0', 'add', 'mul', 'X_3', 'pow', 'cos', 'mul', 'X_1', 'X_2', 2, 'cos', 'mul', 'X_1', 'X_2']
--------------------
eq_name 	 feynman-i.50.26
num_vars 	 4
vars_range_and_types 	 [{"name": "LogUniform", "range": [0.1, 10.0], "only_positive": true}, {"name": "LogUniform", "range": [10.0, 1000.0], "only_positive": false}, {"name": "LogUniform", "range": [0.001, 0.1], "only_positive": true}, {"name": "LogUniform", "range": [0.001, 0.1], "only_positive": false}]
function_set 	 ['add', 'sub', 'mul', 'div', 'sin', 'cos', 'exp', 'log', 'const']
eq_expression 	 mul,X_0,add,mul,X_3,pow,cos,mul,X_1,X_2,2,cos,mul,X_1,X_2
expr 	 X_0*(X_3*cos(X_1*X_2)**2 + cos(X_1*X_2))
--------------------

== EXPERIMENT SETUP START ===========
Task type            : regression
Starting seed        : 0
Runs                 : 1
== EXPERIMENT SETUP END =============

== TRAINING SEED 0 START ============
self.dataX <dso.symbolic_data_generator.DataX object at 0x2b94eab3f898>, self.data_query_oracle: <dso.symbolic_equation_evaluator_public.Equation_evaluator object at 0x2b94d13b8d68>
generate dataset!
-- BUILDING PRIOR START -------------
WARNING: Skipping invalid 'RelationalConstraint' with arguments {'targets': [], 'effectors': [], 'relationship': None}. Reason: Prior disabled.
WARNING: Skipping invalid 'TrigConstraint' with arguments {}. Reason: There are no target Tokens.
WARNING: Skipping invalid 'UniformArityPrior' with arguments {}. Reason: Prior disabled.
WARNING: Skipping invalid 'LanguageModelPrior' with arguments {'weight': None}. Reason: Prior disabled.
LengthConstraint: Sequences have minimum length 4.
                  Sequences have maximum length 256.
RepeatConstraint: [const] cannot occur more than 10 times.
RelationalConstraint: [inv] cannot be a child of [inv].
ConstConstraint: [const] cannot be the only unique child of [inv, add, sub, mul, div].
NoInputsConstraint: Sequences contain at least one input variable Token.
SoftLengthPrior: No description available.
-- BUILDING PRIOR END ---------------

-- RUNNING EPOCHS START -------------
[00:00:00:04.92] Training epoch 1/14, current best R: 0.5396

	** New best
	Reward: 0.5395885093730539
	Count Off-policy: False
	Count On-policy: True
	Originally on Policy: True
	Invalid: False
	Traversal: div,div,x1,mul,x3,26.54868425791787,26.54868425791787
	Expression:
	  0.001418776528171424⋅x₁
	  ───────────────────────
	             x₃          

[00:00:00:08.56] Training epoch 2/14, current best R: 0.5407

	** New best
	Reward: 0.5407148839496279
	Count Off-policy: False
	Count On-policy: True
	Originally on Policy: True
	Invalid: False
	Traversal: add,mul,-12.527671819667072,x3,mul,sub,0.13013294841189996,x1,add,sub,x4,inv,x1,div,-0.0011020940117356978,x3
	Expression:
	                                                      ⎛     0.001102094011735697
	  -12.527671819667072⋅x₃ + (0.13013294841189996 - x₁)⋅⎜x₄ - ────────────────────
	                                                      ⎝               x₃        

	  8   1 ⎞
	  ─ - ──⎟
	      x₁⎠

[00:00:00:17.41] Training epoch 5/14, current best R: 0.5430

	** New best
	Reward: 0.542988852028182
	Count Off-policy: False
	Count On-policy: True
	Originally on Policy: True
	Invalid: False
	Traversal: add,add,mul,x4,x4,mul,div,x1,29.660064691217848,sub,sub,inv,mul,x3,29.52671521454239,-3.9704302184196267,x3,0.02181531852899699
	Expression:
	                          ⎛                           0.03386763453821249⎞     2
	  0.033715368135933078⋅x₁⋅⎜-x₃ + 3.9704302184196267 + ───────────────────⎟ + x₄ 
	                          ⎝                                    x₃        ⎠      

                      
	   + 0.02181531852899699
                      

[00:00:00:21.59] Training epoch 6/14, current best R: 0.5478

	** New best
	Reward: 0.5477653420360046
	Count Off-policy: False
	Count On-policy: True
	Originally on Policy: True
	Invalid: False
	Traversal: mul,mul,x1,0.004290117135193141,inv,add,0.0034341299168714856,x3
	Expression:
	   0.004290117135193141⋅x₁  
	  ──────────────────────────
	  x₃ + 0.0034341299168714856

[00:00:00:28.25] Training epoch 8/14, current best R: 0.5478

	** New best
	Reward: 0.5477653420368256
	Count Off-policy: False
	Count On-policy: True
	Originally on Policy: True
	Invalid: False
	Traversal: div,mul,0.008580308102913568,x1,add,x3,sub,add,x3,1.0038607468203367,0.996992447340139
	Expression:
	    0.008580308102913568⋅x₁   
	  ────────────────────────────
	  2⋅x₃ + 0.0068682994801976677

[00:00:00:31.99] Training epoch 9/14, current best R: 0.5478

	** New best
	Reward: 0.5477681240631964
	Count Off-policy: False
	Count On-policy: True
	Originally on Policy: True
	Invalid: False
	Traversal: inv,mul,inv,x1,sub,0.8015584581108421,mul,-232.56919172811178,inv,sub,inv,sub,x3,sub,x1,x1,x3
	Expression:
	                     x₁                  
	  ───────────────────────────────────────
	                       232.56919172811178
	  0.8015584581108421 + ──────────────────
	                                  1      
	                            -x₃ + ──     
	                                  x₃     

[00:00:00:36.55] Training epoch 10/14, current best R: 0.5478
[00:00:00:52.19] Ending training after epoch 14/14, current best R: 0.5478
-- RUNNING EPOCHS END ---------------

-- EVALUATION START ----------------
Saving Hall of Fame to ./log/regression_config_regression_DSR.json_FeynmanICh50Eq26.in_normal_0.0_2023-05-29-051707/dso_regression_config_regression_DSR.json_FeynmanICh50Eq26.in_normal_0.0_0_hof.csv
Saving Pareto Front to ./log/regression_config_regression_DSR.json_FeynmanICh50Eq26.in_normal_0.0_2023-05-29-051707/dso_regression_config_regression_DSR.json_FeynmanICh50Eq26.in_normal_0.0_0_pf.csv
Invalid expressions: 270 of 14336 (1.9%).
Error type counts:
  reciprocal: 145 (53.7%)
  true_divide: 125 (46.3%)
Error node counts:
  divide: 270 (100.0%)
-- EVALUATION END ------------------
== TRAINING SEED 0 END ==============
INFO: Completed run 1 of 1 in 54 s

== POST-PROCESS START =================
-- LOADING LOGS START ----------------
json configure file: ./log/regression_config_regression_DSR.json_FeynmanICh50Eq26.in_normal_0.0_2023-05-29-051707
Successfully loaded summary data
Successfully loaded Hall of Fame data
Successfully loaded Pareto Front data
-- LOADING LOGS END ------------------

-- ANALYZING LOG START --------------
Task_____________regression
Source path______./log/regression_config_regression_DSR.json_FeynmanICh50Eq26.in_normal_0.0_2023-05-29-051707
Runs_____________1
Max Samples/run__15000
Success_rate_____0.0
Hall of Fame (Top 5 of 100)____
    0: S=000 R=0.547768 <-- [x1/(0.8015584581108421 + 232.56919172811178/(-x3 + 1/x3))]
    1: S=000 R=0.547765 <-- [0.008580308102913568*x1/(2*x3 + 0.0068682994801976677)]
    2: S=000 R=0.547765 <-- [0.004290117135193141*x1/(x3 + 0.0034341299168714856)]
    3: S=000 R=0.547765 <-- [x1/(233.0667596329044*x3 + 0.8005278725781368)]
    4: S=000 R=0.547765 <-- [x1/(233.04985417383617*x3 + 0.8005621461263284)]
  Saving Hall of Fame plot to ./log/regression_config_regression_DSR.json_FeynmanICh50Eq26.in_normal_0.0_2023-05-29-051707/dso_regression_config_regression_DSR.json_FeynmanICh50Eq26.in_normal_0.0_plot_hof.png
Pareto Front (5 of 6)____
    0: S=000 R=0.547768 C=21.00 <-- [x1/(0.8015584581108421 + 232.56919172811178/(-x3 + 1/x3))]
    1: S=000 R=0.547765 C=12.00 <-- [0.008580308102913568*x1/(2*x3 + 0.0068682994801976677)]
    2: S=000 R=0.547765 C=9.00 <-- [0.004290117135193141*x1/(x3 + 0.0034341299168714856)]
    3: S=000 R=0.547765 C=8.00 <-- [x1/(233.0667596329044*x3 + 0.8005278725781368)]
    4: S=000 R=0.539589 C=7.00 <-- [0.0014171191467887514*x1/x3]
  Saving Pareto Front plot to ./log/regression_config_regression_DSR.json_FeynmanICh50Eq26.in_normal_0.0_2023-05-29-051707/dso_regression_config_regression_DSR.json_FeynmanICh50Eq26.in_normal_0.0_plot_pf.png
-- ANALYZING LOG END ----------------
== POST-PROCESS END ===================
