debug /depot/yexiang/apps/jiang631/data/scibench/data/unencrypted/equations_feynman/FeynmanICh40Eq1.in
!!!!!!!!!!!!!!!!!!!!!!!!!!!!!i /depot/yexiang/apps/jiang631/data/scibench/data/unencrypted/equations_feynman/FeynmanICh40Eq1.in
['mul', 'X_0', 'exp', 'mul', -7.10292768111229e+23, 'mul', 'X_1', 'mul', 'X_2', 'pow', 'X_3', -1]
--------------------
eq_name 	 feynman-i.40.1
num_vars 	 4
vars_range_and_types 	 [{"name": "LogUniform", "range": [1e+25, 1e+27], "only_positive": true}, {"name": "LogUniform", "range": [1e-24, 1e-22], "only_positive": true}, {"name": "LogUniform", "range": [0.01, 1.0], "only_positive": false}, {"name": "LogUniform", "range": [10.0, 1000.0], "only_positive": true}]
function_set 	 ['add', 'sub', 'mul', 'div', 'sin', 'cos', 'exp', 'log', 'const']
eq_expression 	 mul,X_0,exp,mul,-7.10292768111229e+23,mul,X_1,mul,X_2,pow,X_3,-1
expr 	 X_0*exp(-7.10292768111229e+23*X_1*X_2/X_3)
--------------------

== EXPERIMENT SETUP START ===========
Task type            : regression
Starting seed        : 0
Runs                 : 1
== EXPERIMENT SETUP END =============

== TRAINING SEED 0 START ============
self.dataX <dso.symbolic_data_generator.DataX object at 0x2adcf844b898>, self.data_query_oracle: <dso.symbolic_equation_evaluator_public.Equation_evaluator object at 0x2adcdec73d68>
generate dataset!
-- BUILDING PRIOR START -------------
WARNING: Skipping invalid 'RelationalConstraint' with arguments {'targets': [], 'effectors': [], 'relationship': None}. Reason: Prior disabled.
WARNING: Skipping invalid 'TrigConstraint' with arguments {}. Reason: There are no target Tokens.
WARNING: Skipping invalid 'UniformArityPrior' with arguments {}. Reason: Prior disabled.
WARNING: Skipping invalid 'LanguageModelPrior' with arguments {'weight': None}. Reason: Prior disabled.
LengthConstraint: Sequences have minimum length 4.
                  Sequences have maximum length 256.
RepeatConstraint: [const] cannot occur more than 10 times.
RelationalConstraint: [inv] cannot be a child of [inv].
ConstConstraint: [const] cannot be the only unique child of [inv, add, sub, mul, div].
NoInputsConstraint: Sequences contain at least one input variable Token.
SoftLengthPrior: No description available.
-- BUILDING PRIOR END ---------------

-- RUNNING EPOCHS START -------------
[00:00:00:02.41] Training epoch 1/14, current best R: 0.5650

	** New best
	Reward: 0.5650234741373543
	Count Off-policy: False
	Count On-policy: True
	Originally on Policy: True
	Invalid: False
	Traversal: inv,div,add,sub,add,sub,1.7399511550736015,x2,x2,inv,x1,x3,mul,add,x1,x3,1.7331161686810574
	Expression:
	  1.7331161686810574⋅x₁ + 1.7331161686810574⋅x₃
	  ─────────────────────────────────────────────
	                                     1         
	           x₃ + 1.7399511550736015 - ──        
	                                     x₁        

[00:00:00:08.32] Training epoch 6/14, current best R: 0.5650

	** New best
	Reward: 0.5650234741587415
	Count Off-policy: False
	Count On-policy: True
	Originally on Policy: True
	Invalid: False
	Traversal: div,sub,sub,x4,x1,1.0,div,add,1.7398806463010408,x3,-1.7330382536262048
	Expression:
	                 -x₁ + x₄ - 1.0               
	  ────────────────────────────────────────────
	  -0.57702130804533747⋅x₃ - 1.0039482063713937

[00:00:00:13.08] Training epoch 10/14, current best R: 0.5650
[00:00:00:14.37] Training epoch 11/14, current best R: 0.5676

	** New best
	Reward: 0.5675578061887885
	Count Off-policy: False
	Count On-policy: True
	Originally on Policy: True
	Invalid: False
	Traversal: div,-1460.7148678784886,mul,inv,x1,sub,add,sub,add,inv,div,sub,x2,0.0010062781193148163,x3,-1348.4738088756637,x3,x3,x4
	Expression:
	                -1460.7148678784886⋅x₁                
	  ────────────────────────────────────────────────────
	              x₃                                      
	  ────────────────────────── - x₄ - 1348.4738088756637
	  x₂ - 0.0010062781193148163                          

[00:00:00:15.53] Training epoch 12/14, current best R: 0.5696

	** New best
	Reward: 0.5695513152385028
	Count Off-policy: False
	Count On-policy: True
	Originally on Policy: True
	Invalid: False
	Traversal: div,sub,inv,div,div,x2,1.160079533167185,mul,add,div,mul,mul,x1,x3,-26.13063261285708,x4,x1,x2,1.0,1.1077269842285484
	Expression:
	    27.365598666893265⋅x₁⋅x₃                                              
	  - ──────────────────────── + 1.0472612382690094⋅x₁ - 0.90274951701788465
	               x₄                                                         

[00:00:00:17.93] Ending training after epoch 14/14, current best R: 0.5696
-- RUNNING EPOCHS END ---------------

-- EVALUATION START ----------------
Saving Hall of Fame to ./log/regression_config_regression_PQT.json_FeynmanICh40Eq1.in_normal_0.0_2023-05-29-052014/dso_regression_config_regression_PQT.json_FeynmanICh40Eq1.in_normal_0.0_0_hof.csv
Saving Pareto Front to ./log/regression_config_regression_PQT.json_FeynmanICh40Eq1.in_normal_0.0_2023-05-29-052014/dso_regression_config_regression_PQT.json_FeynmanICh40Eq1.in_normal_0.0_0_pf.csv
Invalid expressions: 409 of 14336 (2.9%).
Error type counts:
  reciprocal: 217 (53.1%)
  true_divide: 192 (46.9%)
Error node counts:
  divide: 409 (100.0%)

Priority queue entry 0:
	Reward: 0.5695513152385028
	Count Off-policy: False
	Count On-policy: True
	Originally on Policy: True
	Invalid: False
	Traversal: div,sub,inv,div,div,x2,1.160079533167185,mul,add,div,mul,mul,x1,x3,-26.13063261285708,x4,x1,x2,1.0,1.1077269842285484
	Expression:
	    27.365598666893265⋅x₁⋅x₃                                              
	  - ──────────────────────── + 1.0472612382690094⋅x₁ - 0.90274951701788465
	               x₄                                                         


Priority queue entry 1:
	Reward: 0.5675578061887885
	Count Off-policy: False
	Count On-policy: True
	Originally on Policy: True
	Invalid: False
	Traversal: div,-1460.7148678784886,mul,inv,x1,sub,add,sub,add,inv,div,sub,x2,0.0010062781193148163,x3,-1348.4738088756637,x3,x3,x4
	Expression:
	                -1460.7148678784886⋅x₁                
	  ────────────────────────────────────────────────────
	              x₃                                      
	  ────────────────────────── - x₄ - 1348.4738088756637
	  x₂ - 0.0010062781193148163                          


Priority queue entry 2:
	Reward: 0.5650234741587415
	Count Off-policy: False
	Count On-policy: True
	Originally on Policy: True
	Invalid: False
	Traversal: div,sub,sub,x4,x1,1.0,div,add,1.7398806463010408,x3,-1.7330382536262048
	Expression:
	                 -x₁ + x₄ - 1.0               
	  ────────────────────────────────────────────
	  -0.57702130804533747⋅x₃ - 1.0039482063713937


Priority queue entry 3:
	Reward: 0.5650234741374031
	Count Off-policy: False
	Count On-policy: True
	Originally on Policy: True
	Invalid: False
	Traversal: div,mul,x1,1.7331158197306555,sub,1.7399509014267933,sub,sub,x2,inv,x1,x3
	Expression:
	        1.7331158197306555⋅x₁       
	  ──────────────────────────────────
	                                  1 
	  -x₂ + x₃ + 1.7399509014267933 + ──
	                                  x₁


Priority queue entry 4:
	Reward: 0.5650234741373543
	Count Off-policy: False
	Count On-policy: True
	Originally on Policy: True
	Invalid: False
	Traversal: inv,div,add,sub,add,sub,1.7399511550736015,x2,x2,inv,x1,x3,mul,add,x1,x3,1.7331161686810574
	Expression:
	  1.7331161686810574⋅x₁ + 1.7331161686810574⋅x₃
	  ─────────────────────────────────────────────
	                                     1         
	           x₃ + 1.7399511550736015 - ──        
	                                     x₁        


Priority queue entry 5:
	Reward: 0.5631374289334871
	Count Off-policy: False
	Count On-policy: True
	Originally on Policy: True
	Invalid: False
	Traversal: mul,x1,mul,sub,sub,x4,x4,-0.546892375316867,sub,div,1.9660879472142254,mul,1.0288104427787046,div,x3,x3,x3
	Expression:
	  x₁⋅(1.0451279096951514 - 0.546892375316867⋅x₃)


Priority queue entry 6:
	Reward: 0.5631374289329911
	Count Off-policy: False
	Count On-policy: True
	Originally on Policy: True
	Invalid: False
	Traversal: mul,inv,x2,mul,mul,mul,-0.2734429304381988,add,x3,sub,x3,3.8221107563722336,sub,x1,x2,x2
	Expression:
	  (1.0451291656817841 - 0.5468858608763976⋅x₃)⋅(x₁ - x₂)


Priority queue entry 7:
	Reward: 0.5631374289324577
	Count Off-policy: False
	Count On-policy: True
	Originally on Policy: True
	Invalid: False
	Traversal: sub,div,1.0451259471350849,inv,x1,mul,0.5468915656781784,mul,add,add,div,div,x3,1.0,x3,x2,x1,x3
	Expression:
	  1.0451259471350849⋅x₁ - 0.5468915656781784⋅x₃⋅(x₁ + x₂ + 1.0)


Priority queue entry 8:
	Reward: 0.56313742892477
	Count Off-policy: False
	Count On-policy: True
	Originally on Policy: True
	Invalid: False
	Traversal: inv,div,div,inv,x1,sub,1.910976816918322,x3,add,inv,add,x1,add,x3,1.0,0.5469042652767984
	Expression:
	     ⎛                           1      ⎞                         
	  x₁⋅⎜0.5469042652767984 + ─────────────⎟⋅(1.910976816918322 - x₃)
	     ⎝                     x₁ + x₃ + 1.0⎠                         


Priority queue entry 9:
	Reward: 0.5631374289064912
	Count Off-policy: False
	Count On-policy: True
	Originally on Policy: True
	Invalid: False
	Traversal: sub,mul,sub,1.0,mul,x1,0.5468647310248489,x3,div,x1,inv,mul,div,-1.0451173597621213,add,x2,add,x3,x2,x3
	Expression:
	  1.0451173597621213⋅x₁⋅x₃                                   
	  ──────────────────────── + x₃⋅(1.0 - 0.5468647310248489⋅x₁)
	         2⋅x₂ + x₃                                           

-- EVALUATION END ------------------
== TRAINING SEED 0 END ==============
INFO: Completed run 1 of 1 in 20 s

== POST-PROCESS START =================
-- LOADING LOGS START ----------------
json configure file: ./log/regression_config_regression_PQT.json_FeynmanICh40Eq1.in_normal_0.0_2023-05-29-052014
Successfully loaded summary data
Successfully loaded Hall of Fame data
Successfully loaded Pareto Front data
-- LOADING LOGS END ------------------

-- ANALYZING LOG START --------------
Task_____________regression
Source path______./log/regression_config_regression_PQT.json_FeynmanICh40Eq1.in_normal_0.0_2023-05-29-052014
Runs_____________1
Max Samples/run__15000
Success_rate_____0.0
Hall of Fame (Top 5 of 100)____
    0: S=000 R=0.569551 <-- [-27.365598666893265*x1*x3/x4 + 1.0472612382690094*x1 - 0.90274951701788465]
    1: S=000 R=0.567558 <-- [-1460.7148678784886*x1/(x3/(x2 - 0.0010062781193148163) - x4 - 1348.4738088756637)]
    2: S=000 R=0.565023 <-- [0.9406409061704614*x1/(-x3*(-0.5427703513529563 + 1/(x1*x4)) + 0.9443449675642255)]
    3: S=000 R=0.565023 <-- [(-x1 + x4 - 1.0)/(-0.57702130804533747*x3 - 1.0039482063713937)]
    4: S=000 R=0.565023 <-- [x1/(x2 + 0.57699402971986244*x3 + 1.0039364496538457)]
  Saving Hall of Fame plot to ./log/regression_config_regression_PQT.json_FeynmanICh40Eq1.in_normal_0.0_2023-05-29-052014/dso_regression_config_regression_PQT.json_FeynmanICh40Eq1.in_normal_0.0_plot_hof.png
Pareto Front (5 of 9)____
    0: S=000 R=0.569551 C=25.00 <-- [-27.365598666893265*x1*x3/x4 + 1.0472612382690094*x1 - 0.90274951701788465]
    1: S=000 R=0.567558 C=23.00 <-- [-1460.7148678784886*x1/(x3/(x2 - 0.0010062781193148163) - x4 - 1348.4738088756637)]
    2: S=000 R=0.565023 C=20.00 <-- [0.9406409061704614*x1/(-x3*(-0.5427703513529563 + 1/(x1*x4)) + 0.9443449675642255)]
    3: S=000 R=0.565023 C=13.00 <-- [(-x1 + x4 - 1.0)/(-0.57702130804533747*x3 - 1.0039482063713937)]
    4: S=000 R=0.563137 C=10.00 <-- [(-x1 + x2)*(0.54677404743503676*x3 - 1.0451251706627909)]
  Saving Pareto Front plot to ./log/regression_config_regression_PQT.json_FeynmanICh40Eq1.in_normal_0.0_2023-05-29-052014/dso_regression_config_regression_PQT.json_FeynmanICh40Eq1.in_normal_0.0_plot_pf.png
-- ANALYZING LOG END ----------------
== POST-PROCESS END ===================
