debug /depot/yexiang/apps/jiang631/data/scibench/data/unencrypted/equations_feynman/FeynmanICh26Eq2.in
!!!!!!!!!!!!!!!!!!!!!!!!!!!!!i /depot/yexiang/apps/jiang631/data/scibench/data/unencrypted/equations_feynman/FeynmanICh26Eq2.in
['mul', 'pow', 'sin', 'X_1', -1, 'sin', 'X_0']
--------------------
eq_name 	 feynman-i.26.2
num_vars 	 2
vars_range_and_types 	 [{"name": "Uniform", "range": [0, 6.283185307179586], "only_positive": true}, {"name": "Uniform", "range": [0, 6.283185307179586], "only_positive": true}]
function_set 	 ['add', 'sub', 'mul', 'div', 'sin', 'cos', 'exp', 'log', 'const']
eq_expression 	 mul,pow,sin,X_1,-1,sin,X_0
expr 	 sin(X_0)/sin(X_1)
--------------------

== EXPERIMENT SETUP START ===========
Task type            : regression
Starting seed        : 0
Runs                 : 1
== EXPERIMENT SETUP END =============

== TRAINING SEED 0 START ============
self.dataX <dso.symbolic_data_generator.DataX object at 0x2ac5712590f0>, self.data_query_oracle: <dso.symbolic_equation_evaluator_public.Equation_evaluator object at 0x2ac5902fbd68>
generate dataset!
-- BUILDING PRIOR START -------------
WARNING: Skipping invalid 'RelationalConstraint' with arguments {'targets': [], 'effectors': [], 'relationship': None}. Reason: Prior disabled.
WARNING: Skipping invalid 'TrigConstraint' with arguments {}. Reason: There are no target Tokens.
WARNING: Skipping invalid 'UniformArityPrior' with arguments {}. Reason: Prior disabled.
WARNING: Skipping invalid 'LanguageModelPrior' with arguments {'weight': None}. Reason: Prior disabled.
LengthConstraint: Sequences have minimum length 4.
                  Sequences have maximum length 256.
RepeatConstraint: [const] cannot occur more than 10 times.
RelationalConstraint: [inv] cannot be a child of [inv].
ConstConstraint: [const] cannot be the only unique child of [inv, add, sub, mul, div].
NoInputsConstraint: Sequences contain at least one input variable Token.
SoftLengthPrior: No description available.
-- BUILDING PRIOR END ---------------

-- RUNNING EPOCHS START -------------
gen	iter	pop_size	nevals	uncached_size	best_val              	timer  
0  	0   	1024    	1024  	1024         	(-0.7728255839400732,)	5.97263
1  	1   	1024    	783   	661          	(-0.7926133102896488,)	5.24732
2  	2   	1024    	741   	598          	(-0.7926133102896488,)	4.93557
3  	3   	1024    	769   	653          	(-0.7926133102896488,)	10.0033
4  	4   	1024    	779   	645          	(-0.7926133102896488,)	12.2326
5  	5   	1024    	773   	607          	(-0.875301785927156,) 	15.2893
6  	6   	1024    	756   	564          	(-0.8803728859718305,)	15.722 
7  	7   	1024    	762   	505          	(-0.8803728859718305,)	18.4692
8  	8   	1024    	758   	477          	(-0.8803728859718305,)	19.3514
9  	9   	1024    	778   	477          	(-0.8803728859718305,)	18.0182

--------------------------------------------------
GP Time: 125.493

Unique expressions evaluated: 7141
Total expression evaluations: 7923
--------------------------------------------------

GP -> best program this epoch:

	Reward: 0.8803728859718305
	Count Off-policy: 1
	Count On-policy: 0
	Originally on Policy: False
	Invalid: False
	Traversal: inv,add,inv,add,x2,mul,x1,mul,0.15137834531195732,x1,inv,div,x2,div,inv,add,inv,add,x2,mul,x1,mul,5.128280291400764,x1,sub,5.797884572751222,x2,2.441157663755683
	Expression:
	                                                      1                         
	  ──────────────────────────────────────────────────────────────────────────────
	               1                                                      1         
	  ──────────────────────────── + ───────────────────────────────────────────────
	                        2           ⎛                                           
	  0.15137834531195732⋅x₁  + x₂   x₂⋅⎜-2.441157663755683⋅x₂ + 14.15355035834249 +
	                                    ⎜                                           
	                                    ⎝                                           

                            
	  ────────────────────────────
                            
	  ────────────────────────────
	       2.441157663755683     ⎞
	   ──────────────────────────⎟
	                       2     ⎟
	   5.128280291400764⋅x₁  + x₂⎠

None

--------------------------------------------------

[00:00:02:15.79] Training epoch 1/14, current best R: 0.8804

	** New best
	Reward: 0.8803728859718305
	Count Off-policy: 1
	Count On-policy: 0
	Originally on Policy: False
	Invalid: False
	Traversal: inv,add,inv,add,x2,mul,x1,mul,0.15137834531195732,x1,inv,div,x2,div,inv,add,inv,add,x2,mul,x1,mul,5.128280291400764,x1,sub,5.797884572751222,x2,2.441157663755683
	Expression:
	                                                      1                         
	  ──────────────────────────────────────────────────────────────────────────────
	               1                                                      1         
	  ──────────────────────────── + ───────────────────────────────────────────────
	                        2           ⎛                                           
	  0.15137834531195732⋅x₁  + x₂   x₂⋅⎜-2.441157663755683⋅x₂ + 14.15355035834249 +
	                                    ⎜                                           
	                                    ⎝                                           

                            
	  ────────────────────────────
                            
	  ────────────────────────────
	       2.441157663755683     ⎞
	   ──────────────────────────⎟
	                       2     ⎟
	   5.128280291400764⋅x₁  + x₂⎠

10 	0   	1024    	1024  	1019         	(-0.5005794504273245,)	7.80261
11 	1   	1024    	778   	663          	(-0.5005794504273245,)	4.59315
12 	2   	1024    	772   	634          	(-0.6464460477302617,)	9.49587
13 	3   	1024    	751   	607          	(-0.6464460477302617,)	7.64284
14 	4   	1024    	768   	632          	(-0.6464460477302617,)	9.07378
15 	5   	1024    	770   	602          	(-0.8559617595988527,)	11.7344
16 	6   	1024    	755   	569          	(-0.8614629641658572,)	11.9981
17 	7   	1024    	767   	572          	(-0.8614629641658572,)	17.1856
18 	8   	1024    	807   	583          	(-0.8618350317379422,)	18.2163
19 	9   	1024    	763   	542          	(-0.8834412058390614,)	23.2245

--------------------------------------------------
GP Time: 121.219

Unique expressions evaluated: 14499
Total expression evaluations: 15878
--------------------------------------------------

GP -> best program this epoch:

	Reward: 0.8834412058390614
	Count Off-policy: 1
	Count On-policy: 0
	Originally on Policy: False
	Invalid: False
	Traversal: div,add,inv,sub,mul,div,x2,mul,inv,add,inv,sub,0.8219387637435445,div,add,1.127924204931637,x2,x1,div,x2,add,add,mul,mul,inv,mul,1.1855028601052988,div,1.1855032834182617,div,add,1.087323907218332,x2,x1,1.7955563646319244,1.795554032522804,x1,x1,div,x2,x2,x1,2.0382914395894347,1.3888257465267926,inv,x2
	Expression:
	     ⎛                                                                          
	  x₂⋅⎜1.3888257465267926 + ─────────────────────────────────────────────────────
	     ⎜                           ⎛                        x₂                    
	     ⎜                     x₁⋅x₂⋅⎜──────────────────────────────────────────────
	     ⎜                           ⎜       2.2939933472266303⋅(x₂ + 1.087323907218
	     ⎜                           ⎜2⋅x₁ + ───────────────────────────────────────
	     ⎝                           ⎝                            x₁                

	           1                                                              ⎞
	  ────────────────────────────────────────────────────────────────────────⎟
	                              1                     ⎞                     ⎟
	  ──── + ───────────────────────────────────────────⎟ - 2.0382914395894347⎟
	  332)                        x₂ + 1.127924204931637⎟                     ⎟
	  ────   0.8219387637435445 - ──────────────────────⎟                     ⎟
	                                        x₁          ⎠                     ⎠

None

--------------------------------------------------

[00:00:04:24.77] Training epoch 2/14, current best R: 0.8834

	** New best
	Reward: 0.8834412058390614
	Count Off-policy: 1
	Count On-policy: 0
	Originally on Policy: False
	Invalid: False
	Traversal: div,add,inv,sub,mul,div,x2,mul,inv,add,inv,sub,0.8219387637435445,div,add,1.127924204931637,x2,x1,div,x2,add,add,mul,mul,inv,mul,1.1855028601052988,div,1.1855032834182617,div,add,1.087323907218332,x2,x1,1.7955563646319244,1.795554032522804,x1,x1,div,x2,x2,x1,2.0382914395894347,1.3888257465267926,inv,x2
	Expression:
	     ⎛                                                                          
	  x₂⋅⎜1.3888257465267926 + ─────────────────────────────────────────────────────
	     ⎜                           ⎛                        x₂                    
	     ⎜                     x₁⋅x₂⋅⎜──────────────────────────────────────────────
	     ⎜                           ⎜       2.2939933472266303⋅(x₂ + 1.087323907218
	     ⎜                           ⎜2⋅x₁ + ───────────────────────────────────────
	     ⎝                           ⎝                            x₁                

	           1                                                              ⎞
	  ────────────────────────────────────────────────────────────────────────⎟
	                              1                     ⎞                     ⎟
	  ──── + ───────────────────────────────────────────⎟ - 2.0382914395894347⎟
	  332)                        x₂ + 1.127924204931637⎟                     ⎟
	  ────   0.8219387637435445 - ──────────────────────⎟                     ⎟
	                                        x₁          ⎠                     ⎠

-- RUNNING EPOCHS END ---------------

-- EVALUATION START ----------------
Saving Hall of Fame to ./log/regression_config_regression_GPMELD.json_FeynmanICh26Eq2.in_normal_0.0_2023-05-29-051012/dso_regression_config_regression_GPMELD.json_FeynmanICh26Eq2.in_normal_0.0_0_hof.csv
Saving Pareto Front to ./log/regression_config_regression_GPMELD.json_FeynmanICh26Eq2.in_normal_0.0_2023-05-29-051012/dso_regression_config_regression_GPMELD.json_FeynmanICh26Eq2.in_normal_0.0_0_pf.csv
Invalid expressions: 254 of 17926 (1.4%).
Error type counts:
  reciprocal: 131 (51.6%)
  true_divide: 123 (48.4%)
Error node counts:
  divide: 252 (99.2%)
  invalid: 2 (0.8%)
-- EVALUATION END ------------------
== TRAINING SEED 0 END ==============
INFO: Completed run 1 of 1 in 266 s

== POST-PROCESS START =================
-- LOADING LOGS START ----------------
json configure file: ./log/regression_config_regression_GPMELD.json_FeynmanICh26Eq2.in_normal_0.0_2023-05-29-051012
Successfully loaded summary data
Successfully loaded Hall of Fame data
Successfully loaded Pareto Front data
-- LOADING LOGS END ------------------

-- ANALYZING LOG START --------------
Task_____________regression
Source path______./log/regression_config_regression_GPMELD.json_FeynmanICh26Eq2.in_normal_0.0_2023-05-29-051012
Runs_____________1
Max Samples/run__15000
Success_rate_____0.0
Hall of Fame (Top 5 of 100)____
    0: S=000 R=0.883441 <-- [x2*(1.3888257465267926 + 1/(x1*x2*(x2/(2*x1 + 2.2939933472266303*(x2 + 1.087323907218332)/x1) + 1/(0.8219387637435445 - (x2 + 1.127924204931637)/x1)) - 2.0382914395894347))]
    1: S=000 R=0.883441 <-- [x2*(1.3888257465267926 + 1/(x1*x2*(x2/(2*x1 + 2.2939933472266303*(x2 + 1.087323907218332)/x1) + 1/(0.8219387637435445 - (x2 + 1.127924204931637)/x1)) - 2.0382914395894347))]
    2: S=000 R=0.880373 <-- [1/(1/(0.15137834531195732*x1**2 + x2) + 1/(x2*(-2.441157663755683*x2 + 14.15355035834249 + 2.441157663755683/(5.128280291400764*x1**2 + x2))))]
    3: S=000 R=0.880373 <-- [1/(1/(0.15137834531195732*x1**2 + x2) + 1/(x2*(-2.441157663755683*x2 + 14.15355035834249 + 2.441157663755683/(5.128280291400764*x1**2 + x2))))]
    4: S=000 R=0.878564 <-- [x2 - 1.0000019200876107 + 1/(x1*(0.9038677737064722 + 1/(1.0488006007253845 - (x2 + 0.9825902863300455)/x1)) - 1.0289358638299688)]
  Saving Hall of Fame plot to ./log/regression_config_regression_GPMELD.json_FeynmanICh26Eq2.in_normal_0.0_2023-05-29-051012/dso_regression_config_regression_GPMELD.json_FeynmanICh26Eq2.in_normal_0.0_plot_hof.png
Pareto Front (5 of 17)____
    0: S=000 R=0.883441 C=58.00 <-- [x2*(1.3888257465267926 + 1/(x1*x2*(x2/(2*x1 + 2.2939933472266303*(x2 + 1.087323907218332)/x1) + 1/(0.8219387637435445 - (x2 + 1.127924204931637)/x1)) - 2.0382914395894347))]
    1: S=000 R=0.880373 C=35.00 <-- [1/(1/(0.15137834531195732*x1**2 + x2) + 1/(x2*(-2.441157663755683*x2 + 14.15355035834249 + 2.441157663755683/(5.128280291400764*x1**2 + x2))))]
    2: S=000 R=0.878564 C=30.00 <-- [x2 - 1.0000019200876107 + 1/(x1*(0.9038677737064722 + 1/(1.0488006007253845 - (x2 + 0.9825902863300455)/x1)) - 1.0289358638299688)]
    3: S=000 R=0.787362 C=29.00 <-- [1/(1/(0.022270599581447333*x1*(x1 - 4.3945446857468475) + x2) + 1/(14.25827294093091 - 3.2524521960537546*x2))]
    4: S=000 R=0.772826 C=27.00 <-- [1/(1/(0.0003997905812822987*x1**2 + x2) + 1/(x2*(11.213034478112719 - 1.943780123201386*x2)))]
  Saving Pareto Front plot to ./log/regression_config_regression_GPMELD.json_FeynmanICh26Eq2.in_normal_0.0_2023-05-29-051012/dso_regression_config_regression_GPMELD.json_FeynmanICh26Eq2.in_normal_0.0_plot_pf.png
-- ANALYZING LOG END ----------------
== POST-PROCESS END ===================
