debug /depot/yexiang/apps/jiang631/data/scibench/data/unencrypted/equations_feynman/FeynmanICh18Eq4.in
!!!!!!!!!!!!!!!!!!!!!!!!!!!!!i /depot/yexiang/apps/jiang631/data/scibench/data/unencrypted/equations_feynman/FeynmanICh18Eq4.in
['mul', 'pow', 'add', 'X_0', 'X_2', -1, 'add', 'mul', 'X_0', 'X_1', 'mul', 'X_2', 'X_3']
--------------------
eq_name 	 feynman-i.18.4
num_vars 	 4
vars_range_and_types 	 [{"name": "LogUniform", "range": [0.1, 10.0], "only_positive": true}, {"name": "LogUniform", "range": [0.1, 10.0], "only_positive": false}, {"name": "LogUniform", "range": [0.1, 10.0], "only_positive": true}, {"name": "LogUniform", "range": [0.1, 10.0], "only_positive": false}]
function_set 	 ['add', 'sub', 'mul', 'div', 'sin', 'cos', 'exp', 'log', 'const']
eq_expression 	 mul,pow,add,X_0,X_2,-1,add,mul,X_0,X_1,mul,X_2,X_3
expr 	 (X_0*X_1 + X_2*X_3)/(X_0 + X_2)
--------------------

== EXPERIMENT SETUP START ===========
Task type            : regression
Starting seed        : 0
Runs                 : 1
== EXPERIMENT SETUP END =============

== TRAINING SEED 0 START ============
self.dataX <dso.symbolic_data_generator.DataX object at 0x2b5ad1c7da90>, self.data_query_oracle: <dso.symbolic_equation_evaluator_public.Equation_evaluator object at 0x2b5ab850acf8>
generate dataset!
-- BUILDING PRIOR START -------------
WARNING: Skipping invalid 'RelationalConstraint' with arguments {'targets': [], 'effectors': [], 'relationship': None}. Reason: Prior disabled.
WARNING: Skipping invalid 'TrigConstraint' with arguments {}. Reason: There are no target Tokens.
WARNING: Skipping invalid 'UniformArityPrior' with arguments {}. Reason: Prior disabled.
WARNING: Skipping invalid 'LanguageModelPrior' with arguments {'weight': None}. Reason: Prior disabled.
LengthConstraint: Sequences have minimum length 4.
                  Sequences have maximum length 256.
RepeatConstraint: [const] cannot occur more than 10 times.
RelationalConstraint: [inv] cannot be a child of [inv].
ConstConstraint: [const] cannot be the only unique child of [inv, add, sub, mul, div].
NoInputsConstraint: Sequences contain at least one input variable Token.
SoftLengthPrior: No description available.
-- BUILDING PRIOR END ---------------

-- RUNNING EPOCHS START -------------
[00:00:00:04.70] Training epoch 1/14, current best R: 0.6552

	** New best
	Reward: 0.6552409256106403
	Count Off-policy: False
	Count On-policy: True
	Originally on Policy: True
	Invalid: False
	Traversal: sub,0.0053796511195248215,mul,-3.883447512789777,div,div,add,div,x2,div,div,x2,1.013955479589745,x4,x2,2.7794900554711828,2.779490055471183
	Expression:
	  0.50267488897479146⋅x₂ + 0.5096899581281565⋅x₄ + 0.0053796511195248215

[00:00:00:39.49] Training epoch 10/14, current best R: 0.6644

	** New best
	Reward: 0.6643881362600369
	Count Off-policy: False
	Count On-policy: True
	Originally on Policy: True
	Invalid: False
	Traversal: mul,div,add,add,x4,x2,mul,-0.05987552560037579,div,sub,x3,sub,2.0812603208399434,add,x2,-0.08126433142073614,x1,1.7856819523478245,0.9653659837671374
	Expression:
	                                                    0.032369591683884733⋅(x₂ + x
	  0.54061473965051216⋅x₂ + 0.54061473965051216⋅x₄ - ────────────────────────────
	                                                                             x₁ 

	  ₃ - 2.1625246522606795)
	  ───────────────────────
                       

[00:00:00:39.51] Training epoch 10/14, current best R: 0.6644
[00:00:00:59.97] Ending training after epoch 14/14, current best R: 0.6644
-- RUNNING EPOCHS END ---------------

-- EVALUATION START ----------------
Saving Hall of Fame to ./log/regression_config_regression_VPG.json_FeynmanICh18Eq4.in_normal_0.0_2023-05-29-051959/dso_regression_config_regression_VPG.json_FeynmanICh18Eq4.in_normal_0.0_0_hof.csv
Saving Pareto Front to ./log/regression_config_regression_VPG.json_FeynmanICh18Eq4.in_normal_0.0_2023-05-29-051959/dso_regression_config_regression_VPG.json_FeynmanICh18Eq4.in_normal_0.0_0_pf.csv
Invalid expressions: 234 of 14336 (1.6%).
Error type counts:
  reciprocal: 132 (56.4%)
  true_divide: 102 (43.6%)
Error node counts:
  divide: 233 (99.6%)
  invalid: 1 (0.4%)
-- EVALUATION END ------------------
== TRAINING SEED 0 END ==============
INFO: Completed run 1 of 1 in 61 s

== POST-PROCESS START =================
-- LOADING LOGS START ----------------
json configure file: ./log/regression_config_regression_VPG.json_FeynmanICh18Eq4.in_normal_0.0_2023-05-29-051959
Successfully loaded summary data
Successfully loaded Hall of Fame data
Successfully loaded Pareto Front data
-- LOADING LOGS END ------------------

-- ANALYZING LOG START --------------
Task_____________regression
Source path______./log/regression_config_regression_VPG.json_FeynmanICh18Eq4.in_normal_0.0_2023-05-29-051959
Runs_____________1
Max Samples/run__15000
Success_rate_____0.0
Hall of Fame (Top 5 of 100)____
    0: S=000 R=0.664388 <-- [0.54061473965051216*x2 + 0.54061473965051216*x4 - 0.032369591683884733*(x2 + x3 - 2.1625246522606795)/x1]
    1: S=000 R=0.655241 <-- [0.50267488897479146*x2 + 0.5096899581281565*x4 + 0.0053796511195248215]
    2: S=000 R=0.655225 <-- [0.50622249493464038*x2 + 0.50622249493464038*x4]
    3: S=000 R=0.655225 <-- [0.50622249493464038*x2 + 0.50622249493464038*x4]
    4: S=000 R=0.655195 <-- [0.4964686804856022*x2 + 0.5035313195143978*x4]
  Saving Hall of Fame plot to ./log/regression_config_regression_VPG.json_FeynmanICh18Eq4.in_normal_0.0_2023-05-29-051959/dso_regression_config_regression_VPG.json_FeynmanICh18Eq4.in_normal_0.0_plot_hof.png
Pareto Front (5 of 5)____
    0: S=000 R=0.664388 C=21.00 <-- [0.54061473965051216*x2 + 0.54061473965051216*x4 - 0.032369591683884733*(x2 + x3 - 2.1625246522606795)/x1]
    1: S=000 R=0.655225 C=11.00 <-- [0.50622249493464038*x2 + 0.50622249493464038*x4]
    2: S=000 R=0.629511 C=9.00 <-- [0.30398173316599697*x2 + 0.60796346633199394*x4 + 0.0040436932633673049]
    3: S=000 R=0.629510 C=7.00 <-- [0.30398786384968307*x2 + 0.60797572769936614*x4]
    4: S=000 R=0.556883 C=5.00 <-- [0.5083202830344252*x4 + 0.010958985278219206]
  Saving Pareto Front plot to ./log/regression_config_regression_VPG.json_FeynmanICh18Eq4.in_normal_0.0_2023-05-29-051959/dso_regression_config_regression_VPG.json_FeynmanICh18Eq4.in_normal_0.0_plot_pf.png
-- ANALYZING LOG END ----------------
== POST-PROCESS END ===================
