debug /depot/yexiang/apps/jiang631/data/scibench/data/unencrypted/equations_feynman/FeynmanICh13Eq4.in
!!!!!!!!!!!!!!!!!!!!!!!!!!!!!i /depot/yexiang/apps/jiang631/data/scibench/data/unencrypted/equations_feynman/FeynmanICh13Eq4.in
['mul', 0.5, 'mul', 'X_0', 'add', 'pow', 'X_1', 2, 'add', 'pow', 'X_2', 2, 'pow', 'X_3', 2]
--------------------
eq_name 	 feynman-i.13.4
num_vars 	 4
vars_range_and_types 	 [{"name": "LogUniform", "range": [0.1, 10.0], "only_positive": true}, {"name": "LogUniform", "range": [0.1, 10.0], "only_positive": false}, {"name": "LogUniform", "range": [0.1, 10.0], "only_positive": false}, {"name": "LogUniform", "range": [0.1, 10.0], "only_positive": false}]
function_set 	 ['add', 'sub', 'mul', 'div', 'const']
eq_expression 	 mul,0.5,mul,X_0,add,pow,X_1,2,add,pow,X_2,2,pow,X_3,2
expr 	 0.5*X_0*(X_1**2 + X_2**2 + X_3**2)
--------------------

== EXPERIMENT SETUP START ===========
Task type            : regression
Starting seed        : 0
Runs                 : 1
== EXPERIMENT SETUP END =============

== TRAINING SEED 0 START ============
self.dataX <dso.symbolic_data_generator.DataX object at 0x2acff6b38828>, self.data_query_oracle: <dso.symbolic_equation_evaluator_public.Equation_evaluator object at 0x2acfdd2d3d68>
generate dataset!
-- BUILDING PRIOR START -------------
WARNING: Skipping invalid 'RelationalConstraint' with arguments {'targets': [], 'effectors': [], 'relationship': None}. Reason: Prior disabled.
WARNING: Skipping invalid 'TrigConstraint' with arguments {}. Reason: There are no target Tokens.
WARNING: Skipping invalid 'UniformArityPrior' with arguments {}. Reason: Prior disabled.
WARNING: Skipping invalid 'LanguageModelPrior' with arguments {'weight': None}. Reason: Prior disabled.
LengthConstraint: Sequences have minimum length 4.
                  Sequences have maximum length 256.
RepeatConstraint: [const] cannot occur more than 10 times.
RelationalConstraint: [inv] cannot be a child of [inv].
ConstConstraint: [const] cannot be the only unique child of [inv, add, sub, mul, div].
NoInputsConstraint: Sequences contain at least one input variable Token.
SoftLengthPrior: No description available.
-- BUILDING PRIOR END ---------------

-- RUNNING EPOCHS START -------------
[00:00:00:04.70] Training epoch 1/14, current best R: 0.5661

	** New best
	Reward: 0.5660918669328632
	Count Off-policy: False
	Count On-policy: True
	Originally on Policy: True
	Invalid: False
	Traversal: add,x3,add,x1,mul,sub,sub,x4,mul,div,x1,inv,x3,x3,inv,x1,-0.697317515200496
	Expression:
	                         2                                    0.697317515200496
	  0.697317515200496⋅x₁⋅x₃  + x₁ + x₃ - 0.697317515200496⋅x₄ + ─────────────────
	                                                                      x₁       

[00:00:00:08.14] Training epoch 2/14, current best R: 0.5885

	** New best
	Reward: 0.5885394098609946
	Count Off-policy: False
	Count On-policy: True
	Originally on Policy: True
	Invalid: False
	Traversal: mul,x1,add,12.567114221559791,mul,x1,mul,0.00757100476906603,div,div,x4,inv,x4,inv,x1
	Expression:
	     ⎛                      2   2                     ⎞
	  x₁⋅⎝0.00757100476906603⋅x₁ ⋅x₄  + 12.567114221559791⎠

[00:00:00:33.00] Training epoch 10/14, current best R: 0.5885
[00:00:00:44.17] Training epoch 13/14, current best R: 0.6007

	** New best
	Reward: 0.6007367221354457
	Count Off-policy: False
	Count On-policy: True
	Originally on Policy: True
	Invalid: False
	Traversal: sub,mul,0.4947105220634707,add,sub,mul,mul,sub,x4,div,sub,add,-15.092810275273749,x3,x1,x4,x4,x1,x3,4.615557019346399,x2
	Expression:
	                           ⎛     -x₁ + x₃ - 15.092810275273749⎞                 
	  0.4947105220634707⋅x₁⋅x₄⋅⎜x₄ - ─────────────────────────────⎟ - x₂ - 0.4947105
	                           ⎝                   x₄             ⎠                 

                                
	  220634707⋅x₃ + 2.283364622654574
                                

[00:00:00:48.64] Ending training after epoch 14/14, current best R: 0.6007
-- RUNNING EPOCHS END ---------------

-- EVALUATION START ----------------
Saving Hall of Fame to ./log/regression_config_regression_PQT.json_FeynmanICh13Eq4.in_normal_0.0_2023-05-29-052146/dso_regression_config_regression_PQT.json_FeynmanICh13Eq4.in_normal_0.0_0_hof.csv
Saving Pareto Front to ./log/regression_config_regression_PQT.json_FeynmanICh13Eq4.in_normal_0.0_2023-05-29-052146/dso_regression_config_regression_PQT.json_FeynmanICh13Eq4.in_normal_0.0_0_pf.csv
Invalid expressions: 292 of 14336 (2.0%).
Error type counts:
  reciprocal: 150 (51.4%)
  true_divide: 142 (48.6%)
Error node counts:
  divide: 292 (100.0%)

Priority queue entry 0:
	Reward: 0.6007367221354457
	Count Off-policy: False
	Count On-policy: True
	Originally on Policy: True
	Invalid: False
	Traversal: sub,mul,0.4947105220634707,add,sub,mul,mul,sub,x4,div,sub,add,-15.092810275273749,x3,x1,x4,x4,x1,x3,4.615557019346399,x2
	Expression:
	                           ⎛     -x₁ + x₃ - 15.092810275273749⎞                 
	  0.4947105220634707⋅x₁⋅x₄⋅⎜x₄ - ─────────────────────────────⎟ - x₂ - 0.4947105
	                           ⎝                   x₄             ⎠                 

                                
	  220634707⋅x₃ + 2.283364622654574
                                


Priority queue entry 1:
	Reward: 0.5885394098609946
	Count Off-policy: False
	Count On-policy: True
	Originally on Policy: True
	Invalid: False
	Traversal: mul,x1,add,12.567114221559791,mul,x1,mul,0.00757100476906603,div,div,x4,inv,x4,inv,x1
	Expression:
	     ⎛                      2   2                     ⎞
	  x₁⋅⎝0.00757100476906603⋅x₁ ⋅x₄  + 12.567114221559791⎠


Priority queue entry 2:
	Reward: 0.5843514707010063
	Count Off-policy: False
	Count On-policy: True
	Originally on Policy: True
	Invalid: False
	Traversal: mul,x1,sub,x1,div,x4,inv,div,-0.5436733487390627,inv,add,add,-6.676835940032449,x1,x4
	Expression:
	  x₁⋅(x₁ - x₄⋅(-0.5436733487390627⋅x₁ - 0.5436733487390627⋅x₄ + 3.63001775449876
	  9))


Priority queue entry 3:
	Reward: 0.5730047566460964
	Count Off-policy: False
	Count On-policy: True
	Originally on Policy: True
	Invalid: False
	Traversal: sub,sub,x3,x2,sub,add,sub,add,mul,mul,-654.5786465679186,mul,x3,div,x3,add,978.7729428214385,x1,x1,-9.857085895172435,x2,-9.85708589517243,x2
	Expression:
	                         2                              
	  654.5786465679186⋅x₁⋅x₃                               
	  ──────────────────────── + x₂ + x₃ + 19.71417179034486
	   x₁ + 978.7729428214385                               


Priority queue entry 4:
	Reward: 0.5728373792261771
	Count Off-policy: False
	Count On-policy: True
	Originally on Policy: True
	Invalid: False
	Traversal: inv,mul,1.4195827433401365,inv,mul,add,div,mul,mul,x3,x4,mul,x1,x4,x3,30.674855141405782,0.9254994815883715
	Expression:
	                           2                     
	  0.65195176958178824⋅x₁⋅x₄  + 19.998526091104515


Priority queue entry 5:
	Reward: 0.5699225716209086
	Count Off-policy: False
	Count On-policy: True
	Originally on Policy: True
	Invalid: False
	Traversal: mul,x1,mul,mul,37.29095149083792,inv,add,x1,div,div,div,14676.9642762067,add,x4,x4,x4,add,247.81405618581482,x1,x1
	Expression:
	                            2       
	        37.29095149083792⋅x₁        
	  ──────────────────────────────────
	              7338.48213810335      
	  x₁ + ─────────────────────────────
	         2                          
	       x₄ ⋅(x₁ + 247.81405618581482)


Priority queue entry 6:
	Reward: 0.5698225817503442
	Count Off-policy: False
	Count On-policy: True
	Originally on Policy: True
	Invalid: False
	Traversal: mul,14.296111762542594,add,x1,mul,x4,div,mul,x1,sub,x1,add,x4,div,x2,61.19701951846289,-63.91003527883043
	Expression:
	  -0.22369118871818305⋅x₁⋅x₄⋅(x₁ - 0.01634066508252586⋅x₂ - x₄) + 14.29611176254
	  2594⋅x₁


Priority queue entry 7:
	Reward: 0.5660918669328632
	Count Off-policy: False
	Count On-policy: True
	Originally on Policy: True
	Invalid: False
	Traversal: add,x3,add,x1,mul,sub,sub,x4,mul,div,x1,inv,x3,x3,inv,x1,-0.697317515200496
	Expression:
	                         2                                    0.697317515200496
	  0.697317515200496⋅x₁⋅x₃  + x₁ + x₃ - 0.697317515200496⋅x₄ + ─────────────────
	                                                                      x₁       


Priority queue entry 8:
	Reward: 0.5655092933908701
	Count Off-policy: False
	Count On-policy: True
	Originally on Policy: True
	Invalid: False
	Traversal: sub,23.5161636303941,mul,sub,add,add,x4,x4,div,x4,3.517202528471066,mul,sub,x1,-1.1862450554498711,x4,x4
	Expression:
	  -x₄⋅(-x₄⋅(x₁ + 1.1862450554498711) + 2.28431686600507⋅x₄) + 23.5161636303941


Priority queue entry 9:
	Reward: 0.5620516815345218
	Count Off-policy: False
	Count On-policy: True
	Originally on Policy: True
	Invalid: False
	Traversal: div,0.6996892416613749,mul,inv,x1,div,inv,div,x3,x3,sub,mul,add,x3,inv,x3,x3,x3
	Expression:
	                        ⎛   ⎛     1 ⎞     ⎞
	  0.6996892416613749⋅x₁⋅⎜x₃⋅⎜x₃ + ──⎟ - x₃⎟
	                        ⎝   ⎝     x₃⎠     ⎠

-- EVALUATION END ------------------
== TRAINING SEED 0 END ==============
INFO: Completed run 1 of 1 in 50 s

== POST-PROCESS START =================
-- LOADING LOGS START ----------------
json configure file: ./log/regression_config_regression_PQT.json_FeynmanICh13Eq4.in_normal_0.0_2023-05-29-052146
Successfully loaded summary data
Successfully loaded Hall of Fame data
Successfully loaded Pareto Front data
-- LOADING LOGS END ------------------

-- ANALYZING LOG START --------------
Task_____________regression
Source path______./log/regression_config_regression_PQT.json_FeynmanICh13Eq4.in_normal_0.0_2023-05-29-052146
Runs_____________1
Max Samples/run__15000
Success_rate_____0.0
Hall of Fame (Top 5 of 100)____
    0: S=000 R=0.600737 <-- [0.4947105220634707*x1*x4*(x4 - (-x1 + x3 - 15.092810275273749)/x4) - x2 - 0.4947105220634707*x3 + 2.283364622654574]
    1: S=000 R=0.590094 <-- [x1*(1.369007183545678*x1 + 0.6845035917728391*x2 + 0.5513476102105717*x4**2 - x4)]
    2: S=000 R=0.588539 <-- [x1*(0.00757100476906603*x1**2*x4**2 + 12.567114221559791)]
    3: S=000 R=0.584351 <-- [x1*(x1 - x4*(-0.5436733487390627*x1 - 0.5436733487390627*x4 + 3.630017754498769))]
    4: S=000 R=0.583370 <-- [-0.007624818437771882*x1*(2*x2 - 49.870405626870223*x3*(x3 - x4) - 1659.643605864934)]
  Saving Hall of Fame plot to ./log/regression_config_regression_PQT.json_FeynmanICh13Eq4.in_normal_0.0_2023-05-29-052146/dso_regression_config_regression_PQT.json_FeynmanICh13Eq4.in_normal_0.0_plot_hof.png
Pareto Front (5 of 7)____
    0: S=000 R=0.600737 C=22.00 <-- [0.4947105220634707*x1*x4*(x4 - (-x1 + x3 - 15.092810275273749)/x4) - x2 - 0.4947105220634707*x3 + 2.283364622654574]
    1: S=000 R=0.590094 C=17.00 <-- [x1*(1.369007183545678*x1 + 0.6845035917728391*x2 + 0.5513476102105717*x4**2 - x4)]
    2: S=000 R=0.560352 C=16.00 <-- [x1*(0.036984904664686431*x3*(19.35387031776016*x3 + 1.90299053317268*x4) + 0.036984904664686431*x3)]
    3: S=000 R=0.560068 C=11.00 <-- [0.0016393758068080843*x1*x3**2*(x1 + 431.30558410957065)]
    4: S=000 R=0.552527 C=9.00 <-- [x1*(x1 + x4*(x4 - 0.04331842556948536))]
  Saving Pareto Front plot to ./log/regression_config_regression_PQT.json_FeynmanICh13Eq4.in_normal_0.0_2023-05-29-052146/dso_regression_config_regression_PQT.json_FeynmanICh13Eq4.in_normal_0.0_plot_pf.png
-- ANALYZING LOG END ----------------
== POST-PROCESS END ===================
