debug /depot/yexiang/apps/jiang631/data/scibench/data/unencrypted/equations_feynman/FeynmanICh34Eq27.in
!!!!!!!!!!!!!!!!!!!!!!!!!!!!!i /depot/yexiang/apps/jiang631/data/scibench/data/unencrypted/equations_feynman/FeynmanICh34Eq27.in
['mul', 3.313e-34, 'mul', 'X_0', 'pow', 3.141592653589793, -1]
--------------------
eq_name 	 feynman-i.34.27
num_vars 	 1
vars_range_and_types 	 [{"name": "LogUniform", "range": [1000000000.0, 100000000000.0], "only_positive": true}]
function_set 	 ['add', 'sub', 'mul', 'div', 'sin', 'cos', 'exp', 'log', 'const']
eq_expression 	 mul,3.313e-34,mul,X_0,pow,3.141592653589793,-1
expr 	 3.313e-34*X_0/pi
--------------------

== EXPERIMENT SETUP START ===========
Task type            : regression
Starting seed        : 0
Runs                 : 1
== EXPERIMENT SETUP END =============

== TRAINING SEED 0 START ============
self.dataX <dso.symbolic_data_generator.DataX object at 0x2b6270b4e198>, self.data_query_oracle: <dso.symbolic_equation_evaluator_public.Equation_evaluator object at 0x2b628fbefd68>
generate dataset!
-- BUILDING PRIOR START -------------
WARNING: Skipping invalid 'RelationalConstraint' with arguments {'targets': [], 'effectors': [], 'relationship': None}. Reason: Prior disabled.
WARNING: Skipping invalid 'TrigConstraint' with arguments {}. Reason: There are no target Tokens.
WARNING: Skipping invalid 'UniformArityPrior' with arguments {}. Reason: Prior disabled.
WARNING: Skipping invalid 'LanguageModelPrior' with arguments {'weight': None}. Reason: Prior disabled.
LengthConstraint: Sequences have minimum length 4.
                  Sequences have maximum length 256.
RepeatConstraint: [const] cannot occur more than 10 times.
RelationalConstraint: [inv] cannot be a child of [inv].
ConstConstraint: [const] cannot be the only unique child of [inv, add, sub, mul, div].
NoInputsConstraint: Sequences contain at least one input variable Token.
SoftLengthPrior: No description available.
-- BUILDING PRIOR END ---------------

-- RUNNING EPOCHS START -------------
[00:00:00:02.38] Training epoch 1/14, current best R: 0.4317

	** New best
	Reward: 0.4317189721403273
	Count Off-policy: False
	Count On-policy: True
	Originally on Policy: True
	Invalid: False
	Traversal: inv,sub,x1,div,mul,mul,inv,sub,inv,x1,inv,mul,add,1.0,add,1.0,x1,0.999999586207512,x1,x1,x1
	Expression:
	                           1                         
	  ───────────────────────────────────────────────────
	                             x₁                      
	  x₁ - ──────────────────────────────────────────────
	                            1                      1 
	       - ─────────────────────────────────────── + ──
	         0.999999586207512⋅x₁ + 1.99999917241502   x₁

[00:00:00:14.14] Training epoch 10/14, current best R: 0.4317
[00:00:00:19.72] Ending training after epoch 14/14, current best R: 0.4317
-- RUNNING EPOCHS END ---------------

-- EVALUATION START ----------------
Saving Hall of Fame to ./log/regression_config_regression_PQT.json_FeynmanICh34Eq27.in_normal_0.0_2023-05-29-051012/dso_regression_config_regression_PQT.json_FeynmanICh34Eq27.in_normal_0.0_0_hof.csv
Saving Pareto Front to ./log/regression_config_regression_PQT.json_FeynmanICh34Eq27.in_normal_0.0_2023-05-29-051012/dso_regression_config_regression_PQT.json_FeynmanICh34Eq27.in_normal_0.0_0_pf.csv
Invalid expressions: 1319 of 14336 (9.2%).
Error type counts:
  reciprocal: 1008 (76.4%)
  true_divide: 311 (23.6%)
Error node counts:
  divide: 1317 (99.8%)
  invalid: 2 (0.2%)

Priority queue entry 0:
	Reward: 0.4317189721403273
	Count Off-policy: False
	Count On-policy: True
	Originally on Policy: True
	Invalid: False
	Traversal: inv,sub,x1,div,mul,mul,inv,sub,inv,x1,inv,mul,add,1.0,add,1.0,x1,0.999999586207512,x1,x1,x1
	Expression:
	                           1                         
	  ───────────────────────────────────────────────────
	                             x₁                      
	  x₁ - ──────────────────────────────────────────────
	                            1                      1 
	       - ─────────────────────────────────────── + ──
	         0.999999586207512⋅x₁ + 1.99999917241502   x₁


Priority queue entry 1:
	Reward: 0.43171893937124617
	Count Off-policy: False
	Count On-policy: True
	Originally on Policy: True
	Invalid: False
	Traversal: div,mul,add,inv,sub,div,inv,x1,0.9999998706368644,sub,0.99999691980754,inv,x1,1.0000034864935183,inv,x1,x1
	Expression:
	                                         1                  
	  1.0000034864935183 + ─────────────────────────────────────
	                                           2.000000129363152
	                       -0.99999691980754 + ─────────────────
	                                                   x₁       
	  ──────────────────────────────────────────────────────────
	                               2                            
	                             x₁                             


Priority queue entry 2:
	Reward: 0.43171879749505265
	Count Off-policy: False
	Count On-policy: True
	Originally on Policy: True
	Invalid: False
	Traversal: mul,div,1.000013262419574,mul,x1,mul,inv,add,inv,sub,div,1.0000001668443834,sub,add,1.0,x1,1.0,0.9999971357337897,1.0000032697676753,x1,1.000013262419574
	Expression:
	                   ⎛                                        1                   
	  1.00002652501504⋅⎜1.0000032697676753 + ───────────────────────────────────────
	                   ⎜                                           1.000000166844383
	                   ⎜                     -0.9999971357337897 + ─────────────────
	                   ⎝                                                   x₁       
	  ──────────────────────────────────────────────────────────────────────────────
	                                          2                                     
	                                        x₁                                      

	   ⎞
	  ─⎟
	  4⎟
	  ─⎟
	   ⎠
	  ──
  
  


Priority queue entry 3:
	Reward: 0.4317187973053865
	Count Off-policy: False
	Count On-policy: True
	Originally on Policy: True
	Invalid: False
	Traversal: inv,add,div,x1,x1,mul,sub,x1,mul,inv,sub,div,div,x1,x1,x1,4.0548315005661806e-07,x1,x1
	Expression:
	                      1                    
	  ─────────────────────────────────────────
	     ⎛                  x₁            ⎞    
	  x₁⋅⎜x₁ - ───────────────────────────⎟ + 1
	     ⎜                              1 ⎟    
	     ⎜     -4.0548315005661806e-7 + ──⎟    
	     ⎝                              x₁⎠    


Priority queue entry 4:
	Reward: 0.4317187973053222
	Count Off-policy: False
	Count On-policy: True
	Originally on Policy: True
	Invalid: False
	Traversal: div,inv,add,sub,sub,sub,add,div,x1,add,4.054833195876739e-07,inv,sub,1.0,add,x1,1.0,x1,1.0,1.0,1.0,x1,x1
	Expression:
	                       1                     
	  ───────────────────────────────────────────
	     ⎛                   x₁                 ⎞
	  x₁⋅⎜2⋅x₁ + ───────────────────────── - 3.0⎟
	     ⎜                              1       ⎟
	     ⎜       4.054833195876739e-7 - ──      ⎟
	     ⎝                              x₁      ⎠


Priority queue entry 5:
	Reward: 0.4317187943508079
	Count Off-policy: False
	Count On-policy: True
	Originally on Policy: True
	Invalid: False
	Traversal: div,mul,0.9999406847300447,mul,div,sub,inv,sub,sub,2.021952259724893,inv,sub,div,sub,1.0,x1,1.0000000008301844,1.0,1.0218685583832023,0.9999158849063537,x1,0.9999406847300447,x1
	Expression:
	                     ⎛                                                       1  
	  0.9998813729783907⋅⎜-0.9999158849063537 + ────────────────────────────────────
	                     ⎜                                                          
	                     ⎜                      1.0000837013416907 - ───────────────
	                     ⎝                                           -0.999999999169
	  ──────────────────────────────────────────────────────────────────────────────
	                                                          2                     
	                                                        x₁                      

	                                  ⎞
	  ────────────────────────────────⎟
	          1                       ⎟
	  ────────────────────────────────⎟
	  8156⋅x₁ - 8.3018439952370349e-10⎠
	  ─────────────────────────────────
                                 
                                 


Priority queue entry 6:
	Reward: 0.4317186882251606
	Count Off-policy: False
	Count On-policy: True
	Originally on Policy: True
	Invalid: False
	Traversal: inv,sub,sub,div,x1,div,mul,sub,0.000641975969419839,inv,add,mul,mul,add,sub,1.0,x1,x1,x1,1.0,1.0,0.000641975969419839,x1,1.0,1.0
	Expression:
	                         1                        
	  ────────────────────────────────────────────────
	                       2                          
	                     x₁                           
	  ────────────────────────────────────────── - 2.0
	                        0.000641975969419839      
	  4.12133145312542e-7 - ────────────────────      
	                            1.0⋅x₁ + 1.0          


Priority queue entry 7:
	Reward: 0.43171868813415254
	Count Off-policy: False
	Count On-policy: True
	Originally on Policy: True
	Invalid: False
	Traversal: div,mul,-0.0009080991918286596,div,div,-0.0009080991918286596,sub,x1,sub,add,1.0,sub,div,sub,sub,x1,add,1.0,x1,1.0,1.0,1.0,1.0,x1,2.0009081095951897
	Expression:
	  4.1213493925350784e-7
	  ─────────────────────
	      x₁⋅(x₁ + 3.0)    


Priority queue entry 8:
	Reward: 0.431718688134094
	Count Off-policy: False
	Count On-policy: True
	Originally on Policy: True
	Invalid: False
	Traversal: inv,mul,add,x1,1.0,sub,mul,div,div,mul,mul,inv,sub,x1,1.0,x1,x1,-0.0009080991862258081,-0.0009080991862258081,2.0009080783795046,1.0
	Expression:
	                      1                    
	  ─────────────────────────────────────────
	             ⎛                     2      ⎞
	             ⎜2426389.7609609526⋅x₁       ⎟
	  (x₁ + 1.0)⋅⎜────────────────────── - 1.0⎟
	             ⎝       x₁ - 1.0             ⎠


Priority queue entry 9:
	Reward: 0.43171868813403635
	Count Off-policy: False
	Count On-policy: True
	Originally on Policy: True
	Invalid: False
	Traversal: inv,sub,mul,div,add,1.0,mul,2.0013465640857078,sub,div,mul,sub,1.0,sub,1.0,add,1.0,x1,x1,-0.001284815773801462,x1,-0.001284815773801462,2.0013465640857078,x1
	Expression:
	                                       1                                      
	  ────────────────────────────────────────────────────────────────────────────
	  2426402.698043209⋅x₁⋅(x₁ + 1.0) + 3116.4804600403407⋅x₁ - 1557.6914643289309

-- EVALUATION END ------------------
== TRAINING SEED 0 END ==============
INFO: Completed run 1 of 1 in 21 s

== POST-PROCESS START =================
-- LOADING LOGS START ----------------
json configure file: ./log/regression_config_regression_PQT.json_FeynmanICh34Eq27.in_normal_0.0_2023-05-29-051012
Successfully loaded summary data
Successfully loaded Hall of Fame data
Successfully loaded Pareto Front data
-- LOADING LOGS END ------------------

-- ANALYZING LOG START --------------
Task_____________regression
Source path______./log/regression_config_regression_PQT.json_FeynmanICh34Eq27.in_normal_0.0_2023-05-29-051012
Runs_____________1
Max Samples/run__15000
Success_rate_____0.0
Hall of Fame (Top 5 of 100)____
    0: S=000 R=0.431719 <-- [1/(x1 - x1/(-1/(0.999999586207512*x1 + 1.99999917241502) + 1/x1))]
    1: S=000 R=0.431719 <-- [(1.0000034864935183 + 1/(-0.99999691980754 + 2.000000129363152/x1))/x1**2]
    2: S=000 R=0.431719 <-- [1.00002652501504*(1.0000032697676753 + 1/(-0.9999971357337897 + 1.0000001668443834/x1))/x1**2]
    3: S=000 R=0.431719 <-- [1/(x1*(x1 - x1/(-4.0548315005661806e-7 + 1/x1)) + 1)]
    4: S=000 R=0.431719 <-- [1/(x1*(2*x1 + x1/(4.054833195876739e-7 - 1/x1) - 3.0))]
  Saving Hall of Fame plot to ./log/regression_config_regression_PQT.json_FeynmanICh34Eq27.in_normal_0.0_2023-05-29-051012/dso_regression_config_regression_PQT.json_FeynmanICh34Eq27.in_normal_0.0_plot_hof.png
Pareto Front (5 of 11)____
    0: S=000 R=0.431719 C=26.00 <-- [1/(x1 - x1/(-1/(0.999999586207512*x1 + 1.99999917241502) + 1/x1))]
    1: S=000 R=0.431719 C=23.00 <-- [(1.0000034864935183 + 1/(-0.99999691980754 + 2.000000129363152/x1))/x1**2]
    2: S=000 R=0.431719 C=22.00 <-- [8.246441431209495e-7/(x1*(2.0009081199990577 - 1.0/x1)*(x1 + 1.0))]
    3: S=000 R=0.431719 C=21.00 <-- [8.246441513715948e-7/(x1*(2.0009081200036003*x1 + 1.0))]
    4: S=000 R=0.431719 C=18.00 <-- [4.121325359122241e-7/(x1**2 + 1.0)]
  Saving Pareto Front plot to ./log/regression_config_regression_PQT.json_FeynmanICh34Eq27.in_normal_0.0_2023-05-29-051012/dso_regression_config_regression_PQT.json_FeynmanICh34Eq27.in_normal_0.0_plot_pf.png
-- ANALYZING LOG END ----------------
== POST-PROCESS END ===================
