debug /depot/yexiang/apps/jiang631/data/scibench/data/unencrypted/equations_feynman/FeynmanIICh13Eq34.in
!!!!!!!!!!!!!!!!!!!!!!!!!!!!!i /depot/yexiang/apps/jiang631/data/scibench/data/unencrypted/equations_feynman/FeynmanIICh13Eq34.in
['mul', 'X_0', 'mul', 'X_1', 'pow', 'add', 1, 'mul', -1.11265005605362e-17, 'pow', 'X_1', 2, -0.5]
--------------------
eq_name 	 feynman-ii.13.34
num_vars 	 2
vars_range_and_types 	 [{"name": "LogUniform", "range": [1e+27, 1e+29], "only_positive": true}, {"name": "LogUniform", "range": [1000000.0, 100000000.0], "only_positive": true}]
function_set 	 ['add', 'sub', 'mul', 'div', 'sin', 'cos', 'exp', 'log', 'const']
eq_expression 	 mul,X_0,mul,X_1,pow,add,1,mul,-1.11265005605362e-17,pow,X_1,2,-0.5
expr 	 X_0*X_1/sqrt(1 - 1.11265005605362e-17*X_1**2)
--------------------

== EXPERIMENT SETUP START ===========
Task type            : regression
Starting seed        : 0
Runs                 : 1
== EXPERIMENT SETUP END =============

== TRAINING SEED 0 START ============
self.dataX <dso.symbolic_data_generator.DataX object at 0x2b8aabd20a90>, self.data_query_oracle: <dso.symbolic_equation_evaluator_public.Equation_evaluator object at 0x2b8a965bad30>
generate dataset!
-- BUILDING PRIOR START -------------
WARNING: Skipping invalid 'RelationalConstraint' with arguments {'targets': [], 'effectors': [], 'relationship': None}. Reason: Prior disabled.
WARNING: Skipping invalid 'TrigConstraint' with arguments {}. Reason: There are no target Tokens.
WARNING: Skipping invalid 'UniformArityPrior' with arguments {}. Reason: Prior disabled.
WARNING: Skipping invalid 'LanguageModelPrior' with arguments {'weight': None}. Reason: Prior disabled.
LengthConstraint: Sequences have minimum length 4.
                  Sequences have maximum length 256.
RepeatConstraint: [const] cannot occur more than 10 times.
RelationalConstraint: [inv] cannot be a child of [inv].
ConstConstraint: [const] cannot be the only unique child of [inv, add, sub, mul, div].
NoInputsConstraint: Sequences contain at least one input variable Token.
SoftLengthPrior: No description available.
-- BUILDING PRIOR END ---------------

-- RUNNING EPOCHS START -------------
[00:00:00:01.98] Training epoch 1/14, current best R: 0.9821

	** New best
	Reward: 0.9820907220572428
	Count Off-policy: False
	Count On-policy: True
	Originally on Policy: True
	Invalid: False
	Traversal: mul,div,x1,sub,inv,sub,1.253672134364147,add,inv,mul,add,add,inv,mul,sub,1.0,x2,x1,x2,1.0,0.9999999999832558,0.7463278665793132,1.0000029214033146,x2
	Expression:
	                                                    x₁⋅x₂                       
	  ──────────────────────────────────────────────────────────────────────────────
	                                                                 1              
	  -1.0000029214033146 + ────────────────────────────────────────────────────────
	                                                                            1   
	                        0.5073442677848338 - ───────────────────────────────────
                                                                              
	                                             0.9999999999832558⋅x₂ + 0.999999999
                                                                              

                            
	  ────────────────────────────
                            
	  ────────────────────────────
                            
	  ────────────────────────────
	            0.9999999999832558
	  9832558 + ──────────────────
	              x₁⋅(1.0 - x₂)   

[00:00:00:12.00] Training epoch 10/14, current best R: 0.9821
[00:00:00:16.54] Training epoch 14/14, current best R: 0.9822

	** New best
	Reward: 0.9821620990142571
	Count Off-policy: False
	Count On-policy: True
	Originally on Policy: True
	Invalid: False
	Traversal: add,div,x1,div,sub,1.0001537979130277,div,x2,x2,sub,mul,mul,div,sub,x2,1.0000546496423268,x1,1.000158402322034,x1,x2,x2
	Expression:
	  x₁⋅(1.0299380460740322⋅x₂ - 6503.4241423084275) + x₂

[00:00:00:16.55] Ending training after epoch 14/14, current best R: 0.9822
-- RUNNING EPOCHS END ---------------

-- EVALUATION START ----------------
Saving Hall of Fame to ./log/regression_config_regression_VPG.json_FeynmanIICh13Eq34.in_normal_0.0_2023-05-29-052404/dso_regression_config_regression_VPG.json_FeynmanIICh13Eq34.in_normal_0.0_0_hof.csv
Saving Pareto Front to ./log/regression_config_regression_VPG.json_FeynmanIICh13Eq34.in_normal_0.0_2023-05-29-052404/dso_regression_config_regression_VPG.json_FeynmanIICh13Eq34.in_normal_0.0_0_pf.csv
Invalid expressions: 710 of 14336 (5.0%).
Error type counts:
  true_divide: 231 (32.5%)
  reciprocal: 479 (67.5%)
Error node counts:
  divide: 708 (99.7%)
  invalid: 2 (0.3%)
-- EVALUATION END ------------------
== TRAINING SEED 0 END ==============
INFO: Completed run 1 of 1 in 18 s

== POST-PROCESS START =================
-- LOADING LOGS START ----------------
json configure file: ./log/regression_config_regression_VPG.json_FeynmanIICh13Eq34.in_normal_0.0_2023-05-29-052404
Successfully loaded summary data
Successfully loaded Hall of Fame data
Successfully loaded Pareto Front data
-- LOADING LOGS END ------------------

-- ANALYZING LOG START --------------
Task_____________regression
Source path______./log/regression_config_regression_VPG.json_FeynmanIICh13Eq34.in_normal_0.0_2023-05-29-052404
Runs_____________1
Max Samples/run__15000
Success_rate_____0.0
Hall of Fame (Top 5 of 100)____
    0: S=000 R=0.982162 <-- [x1*(1.0299380460740322*x2 - 6503.4241423084275) + x2]
    1: S=000 R=0.982091 <-- [x1*x2/(-1.0000029214033146 + 1/(0.5073442677848338 - 1/(0.9999999999832558*x2 + 0.9999999999832558 + 0.9999999999832558/(x1*(1.0 - x2)))))]
    2: S=000 R=0.982091 <-- [x1*(-1.000006361380892*x2 + 1.000006361380892*x2/(0.49265656329811397 + (1.0000000447235062 + 1.0/x2)/x2) + 1.0000000007023075)]
    3: S=000 R=0.982091 <-- [x1*(1.029818100820379*x2 - 3.089454637760806 + 1.0298181886778805/(-x1 + x2 + 1.0)) - x2]
    4: S=000 R=0.982091 <-- [(-x1 + 1/x1)*(-1.02981811098983*x2 + 3.0894547811346468 + 1.0298182450739489/x1)]
  Saving Hall of Fame plot to ./log/regression_config_regression_VPG.json_FeynmanIICh13Eq34.in_normal_0.0_2023-05-29-052404/dso_regression_config_regression_VPG.json_FeynmanIICh13Eq34.in_normal_0.0_plot_hof.png
Pareto Front (5 of 9)____
    0: S=000 R=0.982162 C=25.00 <-- [x1*(1.0299380460740322*x2 - 6503.4241423084275) + x2]
    1: S=000 R=0.982091 C=24.00 <-- [(-x1 + 1/x1)*(-1.02981811098983*x2 + 3.0894547811346468 + 1.0298182450739489/x1)]
    2: S=000 R=0.982091 C=22.00 <-- [-1.029818103171199*x1*(x1/(0.9999999999951555*x1 - 0.9999999999951555*x2) - x2 + 2.0000001897052666) - 0.5149090515855997]
    3: S=000 R=0.982091 C=19.00 <-- [1.0298180851484713*x1*(x2 - 2.0000000135007788)]
    4: S=000 R=0.982091 C=18.00 <-- [x1*(0.9999999686584878 - (1.000000009602341 - x2)/(0.9710453010642912 + 1/x2))]
  Saving Pareto Front plot to ./log/regression_config_regression_VPG.json_FeynmanIICh13Eq34.in_normal_0.0_2023-05-29-052404/dso_regression_config_regression_VPG.json_FeynmanIICh13Eq34.in_normal_0.0_plot_pf.png
-- ANALYZING LOG END ----------------
== POST-PROCESS END ===================
