debug /depot/yexiang/apps/jiang631/data/scibench/data/unencrypted/equations_feynman/FeynmanIICh34Eq11.in
!!!!!!!!!!!!!!!!!!!!!!!!!!!!!i /depot/yexiang/apps/jiang631/data/scibench/data/unencrypted/equations_feynman/FeynmanIICh34Eq11.in
['mul', 0.5, 'mul', 'X_0', 'mul', 'X_1', 'mul', 'X_2', 'pow', 'X_3', -1]
--------------------
eq_name 	 feynman-ii.34.11
num_vars 	 4
vars_range_and_types 	 [{"name": "Uniform", "range": [-1.0, 1.0], "only_positive": true}, {"name": "LogUniform", "range": [1e-11, 1e-09], "only_positive": false}, {"name": "LogUniform", "range": [1e-09, 1e-07], "only_positive": false}, {"name": "LogUniform", "range": [1e-30, 1e-28], "only_positive": true}]
function_set 	 ['add', 'sub', 'mul', 'div', 'sin', 'cos', 'exp', 'log', 'const']
eq_expression 	 mul,0.5,mul,X_0,mul,X_1,mul,X_2,pow,X_3,-1
expr 	 X_0*X_1*X_2/(2*X_3)
--------------------

== EXPERIMENT SETUP START ===========
Task type            : regression
Starting seed        : 0
Runs                 : 1
== EXPERIMENT SETUP END =============

== TRAINING SEED 0 START ============
self.dataX <dso.symbolic_data_generator.DataX object at 0x2b55aaad4898>, self.data_query_oracle: <dso.symbolic_equation_evaluator_public.Equation_evaluator object at 0x2b55912e5d68>
generate dataset!
-- BUILDING PRIOR START -------------
WARNING: Skipping invalid 'RelationalConstraint' with arguments {'targets': [], 'effectors': [], 'relationship': None}. Reason: Prior disabled.
WARNING: Skipping invalid 'TrigConstraint' with arguments {}. Reason: There are no target Tokens.
WARNING: Skipping invalid 'UniformArityPrior' with arguments {}. Reason: Prior disabled.
WARNING: Skipping invalid 'LanguageModelPrior' with arguments {'weight': None}. Reason: Prior disabled.
LengthConstraint: Sequences have minimum length 4.
                  Sequences have maximum length 256.
RepeatConstraint: [const] cannot occur more than 10 times.
RelationalConstraint: [inv] cannot be a child of [inv].
ConstConstraint: [const] cannot be the only unique child of [inv, add, sub, mul, div].
NoInputsConstraint: Sequences contain at least one input variable Token.
SoftLengthPrior: No description available.
-- BUILDING PRIOR END ---------------

-- RUNNING EPOCHS START -------------
[00:00:00:02.50] Training epoch 1/14, current best R: 1.0000

	** New best
	Reward: 0.9999999938605744
	Count Off-policy: False
	Count On-policy: True
	Originally on Policy: True
	Invalid: False
	Traversal: div,-0.50000000308796,div,mul,x4,sub,add,sub,1.521224848700245e-09,x1,x1,inv,x1,mul,x2,x3
	Expression:
	     -0.50000000308796⋅x₂⋅x₃    
	  ──────────────────────────────
	     ⎛                       1 ⎞
	  x₄⋅⎜1.521224848700245e-9 - ──⎟
	     ⎝                       x₁⎠

[00:00:00:02.69] Early stopping criteria met; breaking early.
-- RUNNING EPOCHS END ---------------

-- EVALUATION START ----------------
Saving Hall of Fame to ./log/regression_config_regression_PQT.json_FeynmanIICh34Eq11.in_normal_0.0_2023-05-29-052050/dso_regression_config_regression_PQT.json_FeynmanIICh34Eq11.in_normal_0.0_0_hof.csv
Saving Pareto Front to ./log/regression_config_regression_PQT.json_FeynmanIICh34Eq11.in_normal_0.0_2023-05-29-052050/dso_regression_config_regression_PQT.json_FeynmanIICh34Eq11.in_normal_0.0_0_pf.csv
Invalid expressions: 25 of 1024 (2.4%).
Error type counts:
  reciprocal: 12 (48.0%)
  true_divide: 13 (52.0%)
Error node counts:
  divide: 25 (100.0%)

Priority queue entry 0:
	Reward: 0.9999999938605744
	Count Off-policy: False
	Count On-policy: True
	Originally on Policy: True
	Invalid: False
	Traversal: div,-0.50000000308796,div,mul,x4,sub,add,sub,1.521224848700245e-09,x1,x1,inv,x1,mul,x2,x3
	Expression:
	     -0.50000000308796⋅x₂⋅x₃    
	  ──────────────────────────────
	     ⎛                       1 ⎞
	  x₄⋅⎜1.521224848700245e-9 - ──⎟
	     ⎝                       x₁⎠

-- EVALUATION END ------------------
== TRAINING SEED 0 END ==============
INFO: Completed run 1 of 1 in 4 s

== POST-PROCESS START =================
-- LOADING LOGS START ----------------
json configure file: ./log/regression_config_regression_PQT.json_FeynmanIICh34Eq11.in_normal_0.0_2023-05-29-052050
Successfully loaded summary data
Successfully loaded Hall of Fame data
Successfully loaded Pareto Front data
-- LOADING LOGS END ------------------

-- ANALYZING LOG START --------------
Task_____________regression
Source path______./log/regression_config_regression_PQT.json_FeynmanIICh34Eq11.in_normal_0.0_2023-05-29-052050
Runs_____________1
Max Samples/run__15000
Success_rate_____1.0
Hall of Fame (Top 5 of 100)____
    0: S=000 R=1.000000 <-- [-0.50000000308796*x2*x3/(x4*(1.521224848700245e-9 - 1/x1))]
    1: S=000 R=0.500764 <-- [-0.022276000337676086*x3/(x4*(-1.0*x4 + 1/x2))]
    2: S=000 R=0.500565 <-- [-x1/(x4 - 1/(x2**2/(x4*(1.31646660577011 - x1)) + x2 + x4)) + x4]
    3: S=000 R=0.500321 <-- [x1*(1.19151476880821*x2**2/x4 + x3)]
    4: S=000 R=0.500293 <-- [x3/(x4*(x1 - x2 + 13106.82908845929/(x3*(x1 - x3 + 0.6526001052798973))))]
  Saving Hall of Fame plot to ./log/regression_config_regression_PQT.json_FeynmanIICh34Eq11.in_normal_0.0_2023-05-29-052050/dso_regression_config_regression_PQT.json_FeynmanIICh34Eq11.in_normal_0.0_plot_hof.png
Pareto Front (5 of 7)____
    0: S=000 R=1.000000 C=19.00 <-- [-0.50000000308796*x2*x3/(x4*(1.521224848700245e-9 - 1/x1))]
    1: S=000 R=0.499979 C=16.00 <-- [-x1*(x2 + x3) + (-0.05748841808350924*x1 + x2 + 0.05748841808350924*x3)/x2]
    2: S=000 R=0.499979 C=12.00 <-- [x1*(x2/x3**2 + x4)]
    3: S=000 R=0.499979 C=9.00 <-- [x1/x3]
    4: S=000 R=0.499979 C=8.00 <-- [1.0 + x3/x2]
  Saving Pareto Front plot to ./log/regression_config_regression_PQT.json_FeynmanIICh34Eq11.in_normal_0.0_2023-05-29-052050/dso_regression_config_regression_PQT.json_FeynmanIICh34Eq11.in_normal_0.0_plot_pf.png
-- ANALYZING LOG END ----------------
== POST-PROCESS END ===================
