debug /depot/yexiang/apps/jiang631/data/scibench/data/unencrypted/equations_feynman/FeynmanICh27Eq6.in
!!!!!!!!!!!!!!!!!!!!!!!!!!!!!i /depot/yexiang/apps/jiang631/data/scibench/data/unencrypted/equations_feynman/FeynmanICh27Eq6.in
['pow', 'add', 'pow', 'X_0', -1, 'mul', 'X_1', 'pow', 'X_2', -1, -1]
--------------------
eq_name 	 feynman-i.27.6
num_vars 	 3
vars_range_and_types 	 [{"name": "LogUniform", "range": [0.001, 0.1], "only_positive": true}, {"name": "LogUniform", "range": [0.1, 10.0], "only_positive": true}, {"name": "LogUniform", "range": [0.001, 10.0], "only_positive": true}]
function_set 	 ['add', 'sub', 'mul', 'div', 'sin', 'cos', 'exp', 'log', 'const']
eq_expression 	 pow,add,pow,X_0,-1,mul,X_1,pow,X_2,-1,-1
expr 	 1/(X_1/X_2 + 1/X_0)
--------------------

== EXPERIMENT SETUP START ===========
Task type            : regression
Starting seed        : 0
Runs                 : 1
== EXPERIMENT SETUP END =============

== TRAINING SEED 0 START ============
self.dataX <dso.symbolic_data_generator.DataX object at 0x2b80bce0d898>, self.data_query_oracle: <dso.symbolic_equation_evaluator_public.Equation_evaluator object at 0x2b80a3677d68>
generate dataset!
-- BUILDING PRIOR START -------------
WARNING: Skipping invalid 'RelationalConstraint' with arguments {'targets': [], 'effectors': [], 'relationship': None}. Reason: Prior disabled.
WARNING: Skipping invalid 'TrigConstraint' with arguments {}. Reason: There are no target Tokens.
WARNING: Skipping invalid 'UniformArityPrior' with arguments {}. Reason: Prior disabled.
WARNING: Skipping invalid 'LanguageModelPrior' with arguments {'weight': None}. Reason: Prior disabled.
LengthConstraint: Sequences have minimum length 4.
                  Sequences have maximum length 256.
RepeatConstraint: [const] cannot occur more than 10 times.
RelationalConstraint: [inv] cannot be a child of [inv].
ConstConstraint: [const] cannot be the only unique child of [inv, add, sub, mul, div].
NoInputsConstraint: Sequences contain at least one input variable Token.
SoftLengthPrior: No description available.
-- BUILDING PRIOR END ---------------

-- RUNNING EPOCHS START -------------
[00:00:00:05.98] Training epoch 1/14, current best R: 0.7685

	** New best
	Reward: 0.76849100377267
	Count Off-policy: False
	Count On-policy: True
	Originally on Policy: True
	Invalid: False
	Traversal: sub,div,x1,div,add,mul,x1,add,add,add,x3,add,mul,x3,x1,x1,0.3799070857327769,0.3799070857327769,x3,x3,9.271364504898005e-07
	Expression:
	                      x₁⋅x₃                                            
	  ────────────────────────────────────────────── - 9.271364504898005e-7
	  x₁⋅(x₁⋅x₃ + x₁ + x₃ + 0.7598141714655538) + x₃                       

[00:00:00:19.98] Training epoch 4/14, current best R: 0.7909

	** New best
	Reward: 0.7908667178008274
	Count Off-policy: False
	Count On-policy: True
	Originally on Policy: True
	Invalid: False
	Traversal: inv,sub,add,div,1.371835410050033,x1,mul,x2,inv,mul,x3,1.5638699721820675,x3
	Expression:
	                         1                       
	  ───────────────────────────────────────────────
	  0.63943935096132076⋅x₂        1.371835410050033
	  ────────────────────── - x₃ + ─────────────────
	            x₃                          x₁       

[00:00:00:24.58] Training epoch 5/14, current best R: 0.9125

	** New best
	Reward: 0.9124893702746082
	Count Off-policy: False
	Count On-policy: True
	Originally on Policy: True
	Invalid: False
	Traversal: sub,0.0015062323573332547,div,mul,x1,-14.640253833987083,mul,inv,x3,add,add,x3,mul,14.116368993789148,x3,x2
	Expression:
	   14.640253833987083⋅x₁⋅x₃                         
	  ────────────────────────── + 0.0015062323573332547
	  x₂ + 15.116368993789148⋅x₃                        

[00:00:00:35.15] Training epoch 7/14, current best R: 1.0000

	** New best
	Reward: 1.0
	Count Off-policy: False
	Count On-policy: True
	Originally on Policy: True
	Invalid: False
	Traversal: inv,add,inv,div,x1,1.0,div,x2,x3
	Expression:
	     1    
	  ────────
	  x₂   1.0
	  ── + ───
	  x₃    x₁

[00:00:00:35.16] Early stopping criteria met; breaking early.
-- RUNNING EPOCHS END ---------------

-- EVALUATION START ----------------
Saving Hall of Fame to ./log/regression_config_regression_DSR.json_FeynmanICh27Eq6.in_normal_0.0_2023-05-29-051118/dso_regression_config_regression_DSR.json_FeynmanICh27Eq6.in_normal_0.0_0_hof.csv
Saving Pareto Front to ./log/regression_config_regression_DSR.json_FeynmanICh27Eq6.in_normal_0.0_2023-05-29-051118/dso_regression_config_regression_DSR.json_FeynmanICh27Eq6.in_normal_0.0_0_pf.csv
Invalid expressions: 165 of 7168 (2.3%).
Error type counts:
  true_divide: 61 (37.0%)
  reciprocal: 104 (63.0%)
Error node counts:
  divide: 165 (100.0%)
-- EVALUATION END ------------------
== TRAINING SEED 0 END ==============
INFO: Completed run 1 of 1 in 36 s

== POST-PROCESS START =================
-- LOADING LOGS START ----------------
json configure file: ./log/regression_config_regression_DSR.json_FeynmanICh27Eq6.in_normal_0.0_2023-05-29-051118
Successfully loaded summary data
Successfully loaded Hall of Fame data
Successfully loaded Pareto Front data
-- LOADING LOGS END ------------------

-- ANALYZING LOG START --------------
Task_____________regression
Source path______./log/regression_config_regression_DSR.json_FeynmanICh27Eq6.in_normal_0.0_2023-05-29-051118
Runs_____________1
Max Samples/run__15000
Success_rate_____1.0
Hall of Fame (Top 5 of 100)____
    0: S=000 R=1.000000 <-- [1/(x2/x3 + 1.0/x1)]
    1: S=000 R=0.912489 <-- [14.640253833987083*x1*x3/(x2 + 15.116368993789148*x3) + 0.0015062323573332547]
    2: S=000 R=0.838719 <-- [x1/(0.9963712290314596 + 1/(x3*(x2 + 1/(-0.07623660621081577*x1 + 0.07623660621081577*x2 + 0.07623660621081577*x3))))]
    3: S=000 R=0.790867 <-- [1/(0.63943935096132076*x2/x3 - x3 + 1.371835410050033/x1)]
    4: S=000 R=0.768527 <-- [1/(1/x3 + 1.0386503073079933/x1)]
  Saving Hall of Fame plot to ./log/regression_config_regression_DSR.json_FeynmanICh27Eq6.in_normal_0.0_2023-05-29-051118/dso_regression_config_regression_DSR.json_FeynmanICh27Eq6.in_normal_0.0_plot_hof.png
Pareto Front (5 of 6)____
    0: S=000 R=1.000000 C=13.00 <-- [1/(x2/x3 + 1.0/x1)]
    1: S=000 R=0.768527 C=10.00 <-- [1/(1/x3 + 1.0386503073079933/x1)]
    2: S=000 R=0.616091 C=8.00 <-- [x1/(1.9831729353323102 - 0.1306677512320393*x3)]
    3: S=000 R=0.604765 C=7.00 <-- [0.5135733664048542*x1 + 0.001888005565215085*x3]
    4: S=000 R=0.590152 C=6.00 <-- [0.5547036289437423*x1]
  Saving Pareto Front plot to ./log/regression_config_regression_DSR.json_FeynmanICh27Eq6.in_normal_0.0_2023-05-29-051118/dso_regression_config_regression_DSR.json_FeynmanICh27Eq6.in_normal_0.0_plot_pf.png
-- ANALYZING LOG END ----------------
== POST-PROCESS END ===================
