debug /depot/yexiang/apps/jiang631/data/scibench/data/unencrypted/equations_feynman/FeynmanIICh38Eq14.in
!!!!!!!!!!!!!!!!!!!!!!!!!!!!!i /depot/yexiang/apps/jiang631/data/scibench/data/unencrypted/equations_feynman/FeynmanIICh38Eq14.in
['mul', 'X_0', 'pow', 'add', 2, 'mul', 2, 'X_1', -1]
--------------------
eq_name 	 feynman-ii.38.14
num_vars 	 2
vars_range_and_types 	 [{"name": "LogUniform", "range": [0.1, 10.0], "only_positive": true}, {"name": "LogUniform", "range": [0.01, 1.0], "only_positive": true}]
function_set 	 ['add', 'sub', 'mul', 'div', 'sin', 'cos', 'exp', 'log', 'const']
eq_expression 	 mul,X_0,pow,add,2,mul,2,X_1,-1
expr 	 X_0/(2*X_1 + 2)
--------------------

== EXPERIMENT SETUP START ===========
Task type            : regression
Starting seed        : 0
Runs                 : 1
== EXPERIMENT SETUP END =============

== TRAINING SEED 0 START ============
self.dataX <dso.symbolic_data_generator.DataX object at 0x2ae5cd292c50>, self.data_query_oracle: <dso.symbolic_equation_evaluator_public.Equation_evaluator object at 0x2ae5b3ad8d68>
generate dataset!
-- BUILDING PRIOR START -------------
WARNING: Skipping invalid 'RelationalConstraint' with arguments {'targets': [], 'effectors': [], 'relationship': None}. Reason: Prior disabled.
WARNING: Skipping invalid 'TrigConstraint' with arguments {}. Reason: There are no target Tokens.
WARNING: Skipping invalid 'UniformArityPrior' with arguments {}. Reason: Prior disabled.
WARNING: Skipping invalid 'LanguageModelPrior' with arguments {'weight': None}. Reason: Prior disabled.
LengthConstraint: Sequences have minimum length 4.
                  Sequences have maximum length 256.
RepeatConstraint: [const] cannot occur more than 10 times.
RelationalConstraint: [inv] cannot be a child of [inv].
ConstConstraint: [const] cannot be the only unique child of [inv, add, sub, mul, div].
NoInputsConstraint: Sequences contain at least one input variable Token.
SoftLengthPrior: No description available.
-- BUILDING PRIOR END ---------------

-- RUNNING EPOCHS START -------------
[00:00:00:10.61] Training epoch 1/14, current best R: 0.9999

	** New best
	Reward: 0.9999411481107096
	Count Off-policy: False
	Count On-policy: True
	Originally on Policy: True
	Invalid: False
	Traversal: inv,div,div,inv,x1,div,inv,sub,1.9999565384961684,inv,div,add,x1,div,6937.593727243007,x2,-13883.032336131502,x1,x1
	Expression:
	                                   x₁                                 
	  ────────────────────────────────────────────────────────────────────
	                                              1                       
	  1.9999565384961684 - ───────────────────────────────────────────────
	                                                   0.49971746512377303
	                       -7.2030373177006469e-5⋅x₁ - ───────────────────
	                                                            x₂        

[00:00:00:22.17] Training epoch 2/14, current best R: 1.0000

	** New best
	Reward: 0.9999974416290364
	Count Off-policy: False
	Count On-policy: True
	Originally on Policy: True
	Invalid: False
	Traversal: inv,div,mul,1.2698746792007771,div,div,add,add,mul,mul,add,mul,x2,1.0151702809698218,add,x1,1.1551861737938351,x1,6.291455460398038e-08,1.0000004479955802,x2,0.7968312653292875,x1,0.7968312955721248
	Expression:
	                                                  0.62748813613137612⋅x₁        
	  ──────────────────────────────────────────────────────────────────────────────
	  7.895593125099224e-8⋅x₁⋅(x₁ + 1.0151702809698218⋅x₂ + 1.1551861737938351) + 1.

                                       
	  ───────────────────────────────────────
	  254970837002428⋅x₂ + 1.2549713992238166

[00:00:00:45.59] Training epoch 4/14, current best R: 1.0000

	** New best
	Reward: 0.9999981886153957
	Count Off-policy: False
	Count On-policy: True
	Originally on Policy: True
	Invalid: False
	Traversal: mul,div,0.7128663449078058,mul,div,1.3877147634755798,div,x1,sub,x2,sub,div,-0.043726318047599966,inv,div,x2,1.596443427358581,1.027398000498417,x2,x2
	Expression:
	            0.51369803339297717⋅x₁         
	  ─────────────────────────────────────────
	  1.0273898324852939⋅x₂ + 1.027398000498417

[00:00:00:58.11] Training epoch 5/14, current best R: 1.0000

	** New best
	Reward: 0.9999999999999998
	Count Off-policy: False
	Count On-policy: True
	Originally on Policy: True
	Invalid: False
	Traversal: div,x1,add,x2,add,1.0,add,x2,1.0
	Expression:
	      x₁    
	  ──────────
	  2⋅x₂ + 2.0

[00:00:00:58.11] Early stopping criteria met; breaking early.
-- RUNNING EPOCHS END ---------------

-- EVALUATION START ----------------
Saving Hall of Fame to ./log/regression_config_regression_VPG.json_FeynmanIICh38Eq14.in_normal_0.0_2023-05-29-051921/dso_regression_config_regression_VPG.json_FeynmanIICh38Eq14.in_normal_0.0_0_hof.csv
Saving Pareto Front to ./log/regression_config_regression_VPG.json_FeynmanIICh38Eq14.in_normal_0.0_2023-05-29-051921/dso_regression_config_regression_VPG.json_FeynmanIICh38Eq14.in_normal_0.0_0_pf.csv
Invalid expressions: 135 of 5120 (2.6%).
Error type counts:
  reciprocal: 85 (63.0%)
  true_divide: 50 (37.0%)
Error node counts:
  divide: 135 (100.0%)
-- EVALUATION END ------------------
== TRAINING SEED 0 END ==============
INFO: Completed run 1 of 1 in 59 s

== POST-PROCESS START =================
-- LOADING LOGS START ----------------
json configure file: ./log/regression_config_regression_VPG.json_FeynmanIICh38Eq14.in_normal_0.0_2023-05-29-051921
Successfully loaded summary data
Successfully loaded Hall of Fame data
Successfully loaded Pareto Front data
-- LOADING LOGS END ------------------

-- ANALYZING LOG START --------------
Task_____________regression
Source path______./log/regression_config_regression_VPG.json_FeynmanIICh38Eq14.in_normal_0.0_2023-05-29-051921
Runs_____________1
Max Samples/run__15000
Success_rate_____1.0
Hall of Fame (Top 5 of 100)____
    0: S=000 R=1.000000 <-- [x1/(2*x2 + 2.0)]
    1: S=000 R=0.999998 <-- [0.51369803339297717*x1/(1.0273898324852939*x2 + 1.027398000498417)]
    2: S=000 R=0.999997 <-- [0.62748813613137612*x1/(7.895593125099224e-8*x1*(x1 + 1.0151702809698218*x2 + 1.1551861737938351) + 1.254970837002428*x2 + 1.2549713992238166)]
    3: S=000 R=0.999964 <-- [-0.4998700147789828*x1/(-0.9998346963500176*x2 - 0.9996959037114106 - 0.0001653036499823896/(x2*(x1/x2 + 1/x1)))]
    4: S=000 R=0.999941 <-- [x1/(1.9999565384961684 - 1/(-7.2030373177006469e-5*x1 - 0.49971746512377303/x2))]
  Saving Hall of Fame plot to ./log/regression_config_regression_VPG.json_FeynmanIICh38Eq14.in_normal_0.0_2023-05-29-051921/dso_regression_config_regression_VPG.json_FeynmanIICh38Eq14.in_normal_0.0_plot_hof.png
Pareto Front (4 of 4)____
    0: S=000 R=1.000000 C=10.00 <-- [x1/(2*x2 + 2.0)]
    1: S=000 R=0.964628 C=7.00 <-- [x1*(0.4856491497686015 - 0.2775691979072186*x2)]
    2: S=000 R=0.822400 C=6.00 <-- [0.42579051151354555*x1]
    3: S=000 R=0.822400 C=5.00 <-- [0.4257905088745513*x1]
  Saving Pareto Front plot to ./log/regression_config_regression_VPG.json_FeynmanIICh38Eq14.in_normal_0.0_2023-05-29-051921/dso_regression_config_regression_VPG.json_FeynmanIICh38Eq14.in_normal_0.0_plot_pf.png
-- ANALYZING LOG END ----------------
== POST-PROCESS END ===================
