debug /depot/yexiang/apps/jiang631/data/scibench/data/unencrypted/equations_feynman/FeynmanICh34Eq10.in
!!!!!!!!!!!!!!!!!!!!!!!!!!!!!i /depot/yexiang/apps/jiang631/data/scibench/data/unencrypted/equations_feynman/FeynmanICh34Eq10.in
['mul', 'X_0', 'pow', 'add', 1, 'mul', -3.33564095198152e-09, 'X_1', -1]
--------------------
eq_name 	 feynman-i.34.10
num_vars 	 2
vars_range_and_types 	 [{"name": "LogUniform", "range": [1000000000.0, 100000000000.0], "only_positive": true}, {"name": "LogUniform", "range": [100000.0, 10000000.0], "only_positive": false}]
function_set 	 ['add', 'sub', 'mul', 'div', 'sin', 'cos', 'exp', 'log', 'const']
eq_expression 	 mul,X_0,pow,add,1,mul,-3.33564095198152e-09,X_1,-1
expr 	 X_0/(1 - 3.33564095198152e-9*X_1)
--------------------

== EXPERIMENT SETUP START ===========
Task type            : regression
Starting seed        : 0
Runs                 : 1
== EXPERIMENT SETUP END =============

== TRAINING SEED 0 START ============
self.dataX <dso.symbolic_data_generator.DataX object at 0x2af2b81070b8>, self.data_query_oracle: <dso.symbolic_equation_evaluator_public.Equation_evaluator object at 0x2af2d71a9cf8>
generate dataset!
-- BUILDING PRIOR START -------------
WARNING: Skipping invalid 'RelationalConstraint' with arguments {'targets': [], 'effectors': [], 'relationship': None}. Reason: Prior disabled.
WARNING: Skipping invalid 'TrigConstraint' with arguments {}. Reason: There are no target Tokens.
WARNING: Skipping invalid 'UniformArityPrior' with arguments {}. Reason: Prior disabled.
WARNING: Skipping invalid 'LanguageModelPrior' with arguments {'weight': None}. Reason: Prior disabled.
LengthConstraint: Sequences have minimum length 4.
                  Sequences have maximum length 256.
RepeatConstraint: [const] cannot occur more than 10 times.
RelationalConstraint: [inv] cannot be a child of [inv].
ConstConstraint: [const] cannot be the only unique child of [inv, add, sub, mul, div].
NoInputsConstraint: Sequences contain at least one input variable Token.
SoftLengthPrior: No description available.
-- BUILDING PRIOR END ---------------

-- RUNNING EPOCHS START -------------
[00:00:00:03.70] Training epoch 1/14, current best R: 0.9890

	** New best
	Reward: 0.9890412404402796
	Count Off-policy: False
	Count On-policy: True
	Originally on Policy: True
	Invalid: False
	Traversal: add,add,x2,1.0,mul,x1,add,div,inv,mul,0.23886706617420503,mul,div,add,div,x2,x2,x1,x2,0.23886706617422102,0.23886706617422268,1.0000704692195748
	Expression:
	     ⎛73.372137891942389⋅x₂                     ⎞           
	  x₁⋅⎜───────────────────── + 1.0000704692195748⎟ + x₂ + 1.0
	     ⎝        x₁ + 1                            ⎠           

[00:00:00:06.13] Training epoch 2/14, current best R: 0.9890

	** New best
	Reward: 0.9890418289398037
	Count Off-policy: False
	Count On-policy: True
	Originally on Policy: True
	Invalid: False
	Traversal: div,1.0000703687124224,inv,add,x1,mul,sub,div,sub,div,div,sub,sub,mul,x1,1.3507685567974885,1.0,x2,0.6572213717020726,x2,x2,x2,-75.36544525439564,x2
	Expression:
	                                                ⎛                          2.055
	                                                ⎜                    -x₂ + ─────
	                                                ⎜                               
	  1.0000703687124224⋅x₁ + 1.0000703687124224⋅x₂⋅⎜75.36544525439564 + ───────────
	                                                ⎝                               

	  2718078830375⋅x₁ - 1.521557336777103⋅x₂ - 1.521557336777103⎞
	  ───────────────────────────────────────────────────────────⎟
	                            x₂                               ⎟
	  ───────────────────────────────────────────────────────────⎟
	                         x₂                                  ⎠

[00:00:00:07.75] Training epoch 3/14, current best R: 0.9941

	** New best
	Reward: 0.994086189442301
	Count Off-policy: False
	Count On-policy: True
	Originally on Policy: True
	Invalid: False
	Traversal: mul,1.0,div,inv,div,mul,div,add,sub,add,mul,x2,0.9999999953208583,1.0,add,x2,x2,x2,x1,x2,x2,1.0
	Expression:
	             1.0⋅x₁           
	  ────────────────────────────
	  1.0 - 4.67914168522654e-9⋅x₂

[00:00:00:09.43] Training epoch 4/14, current best R: 0.9945

	** New best
	Reward: 0.9944578900715493
	Count Off-policy: False
	Count On-policy: True
	Originally on Policy: True
	Invalid: False
	Traversal: sub,add,x1,div,x2,inv,sub,1.0,mul,div,sub,mul,0.9999999976994389,mul,0.9999999976994389,x1,x1,x2,x2,x2
	Expression:
	  x₁ + x₂⋅(4.601122205460939e-9⋅x₁ + 1.0) - x₂

[00:00:00:21.96] Training epoch 10/14, current best R: 0.9945
[00:00:00:34.27] Ending training after epoch 14/14, current best R: 0.9945
-- RUNNING EPOCHS END ---------------

-- EVALUATION START ----------------
Saving Hall of Fame to ./log/regression_config_regression_PQT.json_FeynmanICh34Eq10.in_normal_0.0_2023-05-29-052211/dso_regression_config_regression_PQT.json_FeynmanICh34Eq10.in_normal_0.0_0_hof.csv
Saving Pareto Front to ./log/regression_config_regression_PQT.json_FeynmanICh34Eq10.in_normal_0.0_2023-05-29-052211/dso_regression_config_regression_PQT.json_FeynmanICh34Eq10.in_normal_0.0_0_pf.csv
Invalid expressions: 468 of 14336 (3.3%).
Error type counts:
  reciprocal: 282 (60.3%)
  true_divide: 186 (39.7%)
Error node counts:
  divide: 465 (99.4%)
  invalid: 3 (0.6%)

Priority queue entry 0:
	Reward: 0.9944578900715493
	Count Off-policy: False
	Count On-policy: True
	Originally on Policy: True
	Invalid: False
	Traversal: sub,add,x1,div,x2,inv,sub,1.0,mul,div,sub,mul,0.9999999976994389,mul,0.9999999976994389,x1,x1,x2,x2,x2
	Expression:
	  x₁ + x₂⋅(4.601122205460939e-9⋅x₁ + 1.0) - x₂


Priority queue entry 1:
	Reward: 0.994086189442301
	Count Off-policy: False
	Count On-policy: True
	Originally on Policy: True
	Invalid: False
	Traversal: mul,1.0,div,inv,div,mul,div,add,sub,add,mul,x2,0.9999999953208583,1.0,add,x2,x2,x2,x1,x2,x2,1.0
	Expression:
	             1.0⋅x₁           
	  ────────────────────────────
	  1.0 - 4.67914168522654e-9⋅x₂


Priority queue entry 2:
	Reward: 0.99304002651225
	Count Off-policy: False
	Count On-policy: True
	Originally on Policy: True
	Invalid: False
	Traversal: div,add,x1,add,mul,x2,sub,sub,inv,div,mul,0.9999999939711958,inv,div,x2,x2,x1,1.0,x1,x1,1.9894193238473392
	Expression:
	  1.0053184746050414⋅x₁ + 0.50265923730252072⋅x₂⋅(6.028804233615404e-9⋅x₁ - 1.0)


Priority queue entry 3:
	Reward: 0.9912442289147314
	Count Off-policy: False
	Count On-policy: True
	Originally on Policy: True
	Invalid: False
	Traversal: mul,x1,sub,div,x2,0.9999999962782898,sub,add,mul,inv,div,div,add,mul,0.9999999978789881,x1,1.0,sub,x2,1.0,0.9999999962782898,x1,1.0,1.0
	Expression:
	     ⎛  0.9999999962782898⋅x₁⋅(x₂ - 1.0)                      ⎞
	  x₁⋅⎜- ──────────────────────────────── + 1.00000000372171⋅x₂⎟
	     ⎝    0.9999999978789881⋅x₁ + 1.0                         ⎠


Priority queue entry 4:
	Reward: 0.9890487459711608
	Count Off-policy: False
	Count On-policy: True
	Originally on Policy: True
	Invalid: False
	Traversal: add,x1,mul,sub,add,x2,sub,mul,-1.9999995461146467,x2,-73.32693601860149,sub,x1,add,x2,add,x1,1.0,x2
	Expression:
	  x₁ + x₂⋅(4.5388535330030677e-7⋅x₂ + 74.32693601860149)


Priority queue entry 5:
	Reward: 0.9890425536331761
	Count Off-policy: False
	Count On-policy: True
	Originally on Policy: True
	Invalid: False
	Traversal: add,inv,mul,div,add,add,sub,div,0.9957756662178485,div,x1,sub,div,sub,add,x2,div,x1,1.0000010707970042,1.0,x2,x2,x2,0.18264800175145746,x2,x2,0.07359119374490654,x1
	Expression:
	                                      13.58858239840977⋅x₂                      
	  x₁ + ─────────────────────────────────────────────────────────────────────────
	                                                ⎛      0.99999892920414241⋅x₁ + 
	                             0.9957756662178485⋅⎜-x₂ + ─────────────────────────
	                                                ⎝                      x₂       
	       0.18264800175145746 + ───────────────────────────────────────────────────
	                                                          x₁                    

         
	  ─────────
	  x₂ - 1.0⎞
	  ────────⎟
	          ⎠
	  ─────────
         


Priority queue entry 6:
	Reward: 0.9890422059190943
	Count Off-policy: False
	Count On-policy: True
	Originally on Policy: True
	Invalid: False
	Traversal: add,add,inv,mul,div,div,sub,sub,div,add,div,sub,mul,0.5097836559062547,x1,1.0,1.4898612435185234,x1,1.9800775876122687,x2,x2,x2,x1,0.020099962675342087,x2,x1
	Expression:
	               49.751336166746425⋅x₁⋅x₂                      
	  ───────────────────────────────────────────────── + x₁ + x₂
	  0.677836340713195⋅x₁ - 2⋅x₂ - 0.33897835606121006          


Priority queue entry 7:
	Reward: 0.9890418289398037
	Count Off-policy: False
	Count On-policy: True
	Originally on Policy: True
	Invalid: False
	Traversal: div,1.0000703687124224,inv,add,x1,mul,sub,div,sub,div,div,sub,sub,mul,x1,1.3507685567974885,1.0,x2,0.6572213717020726,x2,x2,x2,-75.36544525439564,x2
	Expression:
	                                                ⎛                          2.055
	                                                ⎜                    -x₂ + ─────
	                                                ⎜                               
	  1.0000703687124224⋅x₁ + 1.0000703687124224⋅x₂⋅⎜75.36544525439564 + ───────────
	                                                ⎝                               

	  2718078830375⋅x₁ - 1.521557336777103⋅x₂ - 1.521557336777103⎞
	  ───────────────────────────────────────────────────────────⎟
	                            x₂                               ⎟
	  ───────────────────────────────────────────────────────────⎟
	                         x₂                                  ⎠


Priority queue entry 8:
	Reward: 0.9890415762816815
	Count Off-policy: False
	Count On-policy: True
	Originally on Policy: True
	Invalid: False
	Traversal: div,add,x2,1.1698753125872714,inv,add,div,-1.0000704461085368,mul,inv,sub,mul,add,div,1.0,x1,-36.18734757155212,x2,x1,x2,38.18081831479041
	Expression:
	  ⎛                                       ⎛         ⎛                     1.0⎞⎞⎞
	  ⎜                    1.0000704461085368⋅⎜-x₁ + x₂⋅⎜-36.18734757155212 + ───⎟⎟⎟
	  ⎜                                       ⎝         ⎝                      x₁⎠⎠⎟
	  ⎜38.18081831479041 - ────────────────────────────────────────────────────────⎟
	  ⎝                                               x₂                           ⎠

                          
                          
                          
	  ⋅(x₂ + 1.1698753125872714)
                          


Priority queue entry 9:
	Reward: 0.9890415276231292
	Count Off-policy: False
	Count On-policy: True
	Originally on Policy: True
	Invalid: False
	Traversal: sub,inv,x1,div,mul,sub,add,div,add,x1,1.0,x2,add,inv,div,inv,x2,74.36627410753424,x1,1.0,-7.625227735601979,7.624691445408731
	Expression:
	                                                                    1.0000703359
	  1.000070335986326⋅x₁ + 74.37150473277302⋅x₂ - 1.000070335986326 + ────────────
                                                                              

	  86326⋅(x₁ + 1.0)   1 
	  ──────────────── + ──
	   x₂                x₁

-- EVALUATION END ------------------
== TRAINING SEED 0 END ==============
INFO: Completed run 1 of 1 in 36 s

== POST-PROCESS START =================
-- LOADING LOGS START ----------------
json configure file: ./log/regression_config_regression_PQT.json_FeynmanICh34Eq10.in_normal_0.0_2023-05-29-052211
Successfully loaded summary data
Successfully loaded Hall of Fame data
Successfully loaded Pareto Front data
-- LOADING LOGS END ------------------

-- ANALYZING LOG START --------------
Task_____________regression
Source path______./log/regression_config_regression_PQT.json_FeynmanICh34Eq10.in_normal_0.0_2023-05-29-052211
Runs_____________1
Max Samples/run__15000
Success_rate_____0.0
Hall of Fame (Top 5 of 100)____
    0: S=000 R=0.994458 <-- [x1 + x2*(4.601122205460939e-9*x1 + 1.0) - x2]
    1: S=000 R=0.994086 <-- [1.0*x1/(1.0 - 4.67914168522654e-9*x2)]
    2: S=000 R=0.993040 <-- [1.0053184746050414*x1 + 0.50265923730252072*x2*(6.028804233615404e-9*x1 - 1.0)]
    3: S=000 R=0.991244 <-- [x1*(-0.9999999962782898*x1*(x2 - 1.0)/(0.9999999978789881*x1 + 1.0) + 1.00000000372171*x2)]
    4: S=000 R=0.989049 <-- [x1 + x2*(4.5388535330030677e-7*x2 + 74.32693601860149)]
  Saving Hall of Fame plot to ./log/regression_config_regression_PQT.json_FeynmanICh34Eq10.in_normal_0.0_2023-05-29-052211/dso_regression_config_regression_PQT.json_FeynmanICh34Eq10.in_normal_0.0_plot_hof.png
Pareto Front (5 of 7)____
    0: S=000 R=0.994458 C=23.00 <-- [x1 + x2*(4.601122205460939e-9*x1 + 1.0) - x2]
    1: S=000 R=0.989049 C=19.00 <-- [x1 + x2*(4.5388535330030677e-7*x2 + 74.32693601860149)]
    2: S=000 R=0.989049 C=18.00 <-- [x1 + 2*x2*(2.380226841042221e-7*x2 + 37.163387259423615)]
    3: S=000 R=0.989041 C=16.00 <-- [x2*(2.000140917416791*x1/(2*x2 - 1.1646809593085505) + 73.36699912877556) + x2]
    4: S=000 R=0.989041 C=10.00 <-- [1.000070481864123*x1 + 74.37136217650577*x2]
  Saving Pareto Front plot to ./log/regression_config_regression_PQT.json_FeynmanICh34Eq10.in_normal_0.0_2023-05-29-052211/dso_regression_config_regression_PQT.json_FeynmanICh34Eq10.in_normal_0.0_plot_pf.png
-- ANALYZING LOG END ----------------
== POST-PROCESS END ===================
