debug /depot/yexiang/apps/jiang631/data/scibench/data/unencrypted/equations_feynman/FeynmanICh12Eq1.in
!!!!!!!!!!!!!!!!!!!!!!!!!!!!!i /depot/yexiang/apps/jiang631/data/scibench/data/unencrypted/equations_feynman/FeynmanICh12Eq1.in
['mul', 'X_0', 'X_1']
--------------------
eq_name 	 feynman-i.12.1
num_vars 	 2
vars_range_and_types 	 [{"name": "LogUniform", "range": [0.01, 1.0], "only_positive": true}, {"name": "LogUniform", "range": [0.01, 1.0], "only_positive": true}]
function_set 	 ['add', 'sub', 'mul', 'div']
eq_expression 	 mul,X_0,X_1
expr 	 X_0*X_1
--------------------

== EXPERIMENT SETUP START ===========
Task type            : regression
Starting seed        : 0
Runs                 : 1
== EXPERIMENT SETUP END =============

== TRAINING SEED 0 START ============
self.dataX <dso.symbolic_data_generator.DataX object at 0x2b2c96486160>, self.data_query_oracle: <dso.symbolic_equation_evaluator_public.Equation_evaluator object at 0x2b2cb5527d68>
generate dataset!
-- BUILDING PRIOR START -------------
WARNING: Skipping invalid 'RelationalConstraint' with arguments {'targets': [], 'effectors': [], 'relationship': None}. Reason: Prior disabled.
WARNING: Skipping invalid 'TrigConstraint' with arguments {}. Reason: There are no target Tokens.
WARNING: Skipping invalid 'UniformArityPrior' with arguments {}. Reason: Prior disabled.
WARNING: Skipping invalid 'LanguageModelPrior' with arguments {'weight': None}. Reason: Prior disabled.
LengthConstraint: Sequences have minimum length 4.
                  Sequences have maximum length 256.
RepeatConstraint: [const] cannot occur more than 10 times.
RelationalConstraint: [inv] cannot be a child of [inv].
ConstConstraint: [const] cannot be the only unique child of [inv, add, sub, mul, div].
NoInputsConstraint: Sequences contain at least one input variable Token.
SoftLengthPrior: No description available.
-- BUILDING PRIOR END ---------------

-- RUNNING EPOCHS START -------------
gen	iter	pop_size	nevals	uncached_size	best_val              	timer  
0  	0   	1024    	1024  	1024         	(-0.9999999949926219,)	15.0494
1  	1   	1024    	762   	653          	(-1.0,)               	12.2677
2  	2   	1024    	775   	653          	(-1.0,)               	15.696 
3  	3   	1024    	758   	620          	(-1.0,)               	23.0785
4  	4   	1024    	773   	586          	(-1.0,)               	17.2769
5  	5   	1024    	757   	517          	(-1.0,)               	12.4284
6  	6   	1024    	756   	448          	(-1.0,)               	7.53615
7  	7   	1024    	788   	421          	(-1.0,)               	6.20292
8  	8   	1024    	761   	327          	(-1.0,)               	3.04803
9  	9   	1024    	774   	285          	(-1.0,)               	1.71268

--------------------------------------------------
GP Time: 114.556

Unique expressions evaluated: 6427
Total expression evaluations: 7928
--------------------------------------------------

GP -> best program this epoch:

	Reward: 1.0
	Count Off-policy: 1
	Count On-policy: 0
	Originally on Policy: False
	Invalid: False
	Traversal: div,1.0,div,1.0,div,mul,x1,x2,1.0
	Expression:
	  1.0⋅x₁⋅x₂

None

--------------------------------------------------

[00:00:02:05.33] Training epoch 1/14, current best R: 1.0000

	** New best
	Reward: 1.0
	Count Off-policy: 1
	Count On-policy: 0
	Originally on Policy: False
	Invalid: False
	Traversal: div,1.0,div,1.0,div,mul,x1,x2,1.0
	Expression:
	  1.0⋅x₁⋅x₂

[00:00:02:05.33] Early stopping criteria met; breaking early.
-- RUNNING EPOCHS END ---------------

-- EVALUATION START ----------------
Saving Hall of Fame to ./log/regression_config_regression_GPMELD.json_FeynmanICh12Eq1.in_normal_0.0_2023-05-29-051357/dso_regression_config_regression_GPMELD.json_FeynmanICh12Eq1.in_normal_0.0_0_hof.csv
Saving Pareto Front to ./log/regression_config_regression_GPMELD.json_FeynmanICh12Eq1.in_normal_0.0_2023-05-29-051357/dso_regression_config_regression_GPMELD.json_FeynmanICh12Eq1.in_normal_0.0_0_pf.csv
Invalid expressions: 118 of 8952 (1.3%).
Error type counts:
  reciprocal: 78 (66.1%)
  true_divide: 40 (33.9%)
Error node counts:
  divide: 116 (98.3%)
  invalid: 2 (1.7%)
-- EVALUATION END ------------------
== TRAINING SEED 0 END ==============
INFO: Completed run 1 of 1 in 127 s

== POST-PROCESS START =================
-- LOADING LOGS START ----------------
json configure file: ./log/regression_config_regression_GPMELD.json_FeynmanICh12Eq1.in_normal_0.0_2023-05-29-051357
Successfully loaded summary data
Successfully loaded Hall of Fame data
Successfully loaded Pareto Front data
-- LOADING LOGS END ------------------

-- ANALYZING LOG START --------------
Task_____________regression
Source path______./log/regression_config_regression_GPMELD.json_FeynmanICh12Eq1.in_normal_0.0_2023-05-29-051357
Runs_____________1
Max Samples/run__15000
Success_rate_____1.0
Hall of Fame (Top 5 of 100)____
    0: S=000 R=1.000000 <-- [x1*x2]
    1: S=000 R=1.000000 <-- [x1*x2 - 1/(2.5402884692186397*x2 + 1.920288237059785 + 176553072.32343728/((x1 + x2)*(-5.1359542208348596e-9*x2**2 - 2.6020115502782391e-10)))]
    2: S=000 R=1.000000 <-- [1.0*x1*x2]
    3: S=000 R=1.000000 <-- [1.0*x1*x2]
    4: S=000 R=1.000000 <-- [1.0*x1*x2]
  Saving Hall of Fame plot to ./log/regression_config_regression_GPMELD.json_FeynmanICh12Eq1.in_normal_0.0_2023-05-29-051357/dso_regression_config_regression_GPMELD.json_FeynmanICh12Eq1.in_normal_0.0_plot_hof.png
Pareto Front (1 of 1)____
    0: S=000 R=1.000000 C=5.00 <-- [1.0*x1*x2]
  Saving Pareto Front plot to ./log/regression_config_regression_GPMELD.json_FeynmanICh12Eq1.in_normal_0.0_2023-05-29-051357/dso_regression_config_regression_GPMELD.json_FeynmanICh12Eq1.in_normal_0.0_plot_pf.png
-- ANALYZING LOG END ----------------
== POST-PROCESS END ===================
