debug /depot/yexiang/apps/jiang631/data/scibench/data/unencrypted/equations_feynman/FeynmanICh6Eq20b.in
!!!!!!!!!!!!!!!!!!!!!!!!!!!!!i /depot/yexiang/apps/jiang631/data/scibench/data/unencrypted/equations_feynman/FeynmanICh6Eq20b.in
['mul', 0.5, 'mul', 'pow', 2, 0.5, 'mul', 'pow', 3.141592653589793, -0.5, 'exp', 'mul', -0.5, 'mul', 'pow', 'X_2', -2, 'pow', 'add', 'X_0', 'mul', -1, 'X_1', 2]
--------------------
eq_name 	 feynman-i.6.20b
num_vars 	 3
vars_range_and_types 	 [{"name": "LogUniform", "range": [0.1, 10.0], "only_positive": false}, {"name": "LogUniform", "range": [0.1, 10.0], "only_positive": false}, {"name": "LogUniform", "range": [0.1, 10.0], "only_positive": true}]
function_set 	 ['add', 'sub', 'mul', 'div', 'exp', 'const']
eq_expression 	 mul,0.5,mul,pow,2,0.5,mul,pow,3.141592653589793,-0.5,exp,mul,-0.5,mul,pow,X_2,-2,pow,add,X_0,mul,-1,X_1,2
expr 	 sqrt(2)*exp(-(X_0 - X_1)**2/(2*X_2**2))/(2*sqrt(pi))
--------------------

== EXPERIMENT SETUP START ===========
Task type            : regression
Starting seed        : 0
Runs                 : 1
== EXPERIMENT SETUP END =============

== TRAINING SEED 0 START ============
self.dataX <dso.symbolic_data_generator.DataX object at 0x2aed09d60828>, self.data_query_oracle: <dso.symbolic_equation_evaluator_public.Equation_evaluator object at 0x2aecf05b6da0>
generate dataset!
-- BUILDING PRIOR START -------------
WARNING: Skipping invalid 'RelationalConstraint' with arguments {'targets': [], 'effectors': [], 'relationship': None}. Reason: Prior disabled.
WARNING: Skipping invalid 'TrigConstraint' with arguments {}. Reason: There are no target Tokens.
WARNING: Skipping invalid 'UniformArityPrior' with arguments {}. Reason: Prior disabled.
WARNING: Skipping invalid 'LanguageModelPrior' with arguments {'weight': None}. Reason: Prior disabled.
LengthConstraint: Sequences have minimum length 4.
                  Sequences have maximum length 256.
RepeatConstraint: [const] cannot occur more than 10 times.
RelationalConstraint: [inv] cannot be a child of [inv].
ConstConstraint: [const] cannot be the only unique child of [inv, add, sub, mul, div].
NoInputsConstraint: Sequences contain at least one input variable Token.
SoftLengthPrior: No description available.
-- BUILDING PRIOR END ---------------

-- RUNNING EPOCHS START -------------
gen	iter	pop_size	nevals	uncached_size	best_val              	timer  
0  	0   	1024    	1024  	1024         	(-0.5718976496794946,)	7.10957
1  	1   	1024    	734   	641          	(-0.5733493337907798,)	6.17369
2  	2   	1024    	752   	635          	(-0.5741255916804756,)	7.01187
3  	3   	1024    	771   	631          	(-0.5771483291135407,)	11.225 
4  	4   	1024    	777   	617          	(-0.5791969280720973,)	14.8232
5  	5   	1024    	758   	590          	(-0.5918797616511416,)	17.4541
6  	6   	1024    	756   	600          	(-0.5918797616511416,)	19.2667
7  	7   	1024    	751   	602          	(-0.5968207083442102,)	25.2307
8  	8   	1024    	776   	615          	(-0.6064007588595601,)	31.8214
9  	9   	1024    	767   	622          	(-0.610073800498999,) 	37.2141

--------------------------------------------------
GP Time: 177.586

Unique expressions evaluated: 7506
Total expression evaluations: 7866
--------------------------------------------------

GP -> best program this epoch:

	Reward: 0.610073800498999
	Count Off-policy: 1
	Count On-policy: 0
	Originally on Policy: False
	Invalid: False
	Traversal: sub,div,sub,mul,sub,add,mul,add,mul,0.9056009572620237,mul,add,0.20126904701683437,x2,x2,div,x3,x3,-1.0706885445326966,0.9854877640746748,mul,x1,x1,0.007975789053321134,-1.8994930432182222,3.6821691127044467,div,1.319670150463861,add,2.8121014021816193,x3
	Expression:
	                            2                                                   
	  - 0.0021660572366984926⋅x₁  - 0.0021002449901303821⋅x₂⋅(x₂ + 0.201269047016834
                                                                              

	                                 1.319670150463861   
	  37) + 0.51567797177340589 - ───────────────────────
	                              x₃ + 2.8121014021816193

None

--------------------------------------------------

[00:00:03:08.24] Training epoch 1/14, current best R: 0.6101

	** New best
	Reward: 0.610073800498999
	Count Off-policy: 1
	Count On-policy: 0
	Originally on Policy: False
	Invalid: False
	Traversal: sub,div,sub,mul,sub,add,mul,add,mul,0.9056009572620237,mul,add,0.20126904701683437,x2,x2,div,x3,x3,-1.0706885445326966,0.9854877640746748,mul,x1,x1,0.007975789053321134,-1.8994930432182222,3.6821691127044467,div,1.319670150463861,add,2.8121014021816193,x3
	Expression:
	                            2                                                   
	  - 0.0021660572366984926⋅x₁  - 0.0021002449901303821⋅x₂⋅(x₂ + 0.201269047016834
                                                                              

	                                 1.319670150463861   
	  37) + 0.51567797177340589 - ───────────────────────
	                              x₃ + 2.8121014021816193

10 	0   	1024    	1024  	1018         	(-0.5616244496244962,)	3.98245
11 	1   	1024    	763   	653          	(-0.5616244496249329,)	5.06268
12 	2   	1024    	765   	625          	(-0.5766787357552375,)	6.60674
13 	3   	1024    	747   	612          	(-0.5766787357552375,)	6.8518 
14 	4   	1024    	750   	589          	(-0.5766787357552375,)	10.4368
15 	5   	1024    	757   	581          	(-0.6023171695100095,)	16.2562
16 	6   	1024    	729   	585          	(-0.6023171695100095,)	16.8699
17 	7   	1024    	738   	588          	(-0.6023171695100095,)	20.0844
18 	8   	1024    	795   	614          	(-0.6023171695100135,)	27.1988
19 	9   	1024    	788   	601          	(-0.6055502418837068,)	28.1611

--------------------------------------------------
GP Time: 141.76

Unique expressions evaluated: 14922
Total expression evaluations: 15722
--------------------------------------------------

GP -> best program this epoch:

	Reward: 0.6055502418837068
	Count Off-policy: 1
	Count On-policy: 0
	Originally on Policy: False
	Invalid: False
	Traversal: inv,add,div,sub,add,x1,mul,add,add,add,81.87678261123644,x1,mul,div,div,mul,add,div,x1,x3,x1,div,5.505822893485384,div,div,1.7031602672551671,x1,5.505818922165029,1.7031580503884123,x3,x3,x3,0.03641386414015928,x1,x3,2.222923794987925
	Expression:
	                                                              1                 
	  ──────────────────────────────────────────────────────────────────────────────
	                                            ⎛     x₁⎞                           
	                      0.3805401282264603⋅x₁⋅⎜x₁ + ──⎟ + 0.03641386414015929⋅x₁ +
	                                            ⎝     x₃⎠                           
	  2.222923794987925 + ──────────────────────────────────────────────────────────
	                                                                        x₃      

                                           
	  ───────────────────────────────────────────
                                           
	   0.03641386414015928⋅x₃ + 2.981450038238919
                                           
	  ───────────────────────────────────────────
                                           

None

--------------------------------------------------

-- RUNNING EPOCHS END ---------------

-- EVALUATION START ----------------
Saving Hall of Fame to ./log/regression_config_regression_GPMELD.json_FeynmanICh6Eq20b.in_normal_0.0_2023-05-29-052024/dso_regression_config_regression_GPMELD.json_FeynmanICh6Eq20b.in_normal_0.0_0_hof.csv
Saving Pareto Front to ./log/regression_config_regression_GPMELD.json_FeynmanICh6Eq20b.in_normal_0.0_2023-05-29-052024/dso_regression_config_regression_GPMELD.json_FeynmanICh6Eq20b.in_normal_0.0_0_pf.csv
Invalid expressions: 195 of 17770 (1.1%).
Error type counts:
  true_divide: 81 (41.5%)
  reciprocal: 114 (58.5%)
Error node counts:
  divide: 194 (99.5%)
  invalid: 1 (0.5%)
-- EVALUATION END ------------------
== TRAINING SEED 0 END ==============
INFO: Completed run 1 of 1 in 341 s

== POST-PROCESS START =================
-- LOADING LOGS START ----------------
json configure file: ./log/regression_config_regression_GPMELD.json_FeynmanICh6Eq20b.in_normal_0.0_2023-05-29-052024
Successfully loaded summary data
Successfully loaded Hall of Fame data
Successfully loaded Pareto Front data
-- LOADING LOGS END ------------------

-- ANALYZING LOG START --------------
Task_____________regression
Source path______./log/regression_config_regression_GPMELD.json_FeynmanICh6Eq20b.in_normal_0.0_2023-05-29-052024
Runs_____________1
Max Samples/run__15000
Success_rate_____0.0
Hall of Fame (Top 5 of 100)____
    0: S=000 R=0.610074 <-- [-0.0021660572366984926*x1**2 - 0.0021002449901303821*x2*(x2 + 0.20126904701683437) + 0.51567797177340589 - 1.319670150463861/(x3 + 2.8121014021816193)]
    1: S=000 R=0.610074 <-- [-0.0021660572366984926*x1**2 - 0.0021002449901303821*x2*(x2 + 0.20126904701683437) + 0.51567797177340589 - 1.319670150463861/(x3 + 2.8121014021816193)]
    2: S=000 R=0.606401 <-- [0.002965870135903242*x3 - 0.002965870135903242*x3/(-0.0053396090735961785*x2**2/x3 - 0.007638795401987759*x3 - 0.007104652494334274)]
    3: S=000 R=0.606401 <-- [0.002965870135903242*x3 - 0.002965870135903242*x3/(-0.0053396090735961785*x2**2/x3 - 0.007638795401987759*x3 - 0.007104652494334274)]
    4: S=000 R=0.605550 <-- [1/(2.222923794987925 + (0.3805401282264603*x1*(x1 + x1/x3) + 0.03641386414015929*x1 + 0.03641386414015928*x3 + 2.981450038238919)/x3)]
  Saving Hall of Fame plot to ./log/regression_config_regression_GPMELD.json_FeynmanICh6Eq20b.in_normal_0.0_2023-05-29-052024/dso_regression_config_regression_GPMELD.json_FeynmanICh6Eq20b.in_normal_0.0_plot_hof.png
Pareto Front (5 of 12)____
    0: S=000 R=0.610074 C=34.00 <-- [-0.0021660572366984926*x1**2 - 0.0021002449901303821*x2*(x2 + 0.20126904701683437) + 0.51567797177340589 - 1.319670150463861/(x3 + 2.8121014021816193)]
    1: S=000 R=0.591880 C=25.00 <-- [0.22150815139897026 + (x3*(0.004360878740156907*x1 - 0.004360878740156907*x2**2 + 0.008721757480313814*x3 + 0.1670633299021186) - 0.35008284070217177)/(x3 + 1.469376284950452)]
    2: S=000 R=0.591411 C=17.00 <-- [x1*(0.00023675669568978946 - 0.0021612142596239775*x1) + 0.48859971873744606 - 1.2757604614592395/(x3 + 2.7395778018303965)]
    3: S=000 R=0.585365 C=15.00 <-- [x3*(-0.0005481733684072468*x1**2 - 0.023475690354326905 + 1/(x3 + 5.879241827559249))]
    4: S=000 R=0.577148 C=14.00 <-- [0.04138730709605292*x3 - 0.00215415164802688*(x1 - 6.334814356149015)*(x1 + 6.275670291127211)]
  Saving Pareto Front plot to ./log/regression_config_regression_GPMELD.json_FeynmanICh6Eq20b.in_normal_0.0_2023-05-29-052024/dso_regression_config_regression_GPMELD.json_FeynmanICh6Eq20b.in_normal_0.0_plot_pf.png
-- ANALYZING LOG END ----------------
== POST-PROCESS END ===================
