debug /depot/yexiang/apps/jiang631/data/scibench/data/unencrypted/equations_feynman/FeynmanICh6Eq20.in
!!!!!!!!!!!!!!!!!!!!!!!!!!!!!i /depot/yexiang/apps/jiang631/data/scibench/data/unencrypted/equations_feynman/FeynmanICh6Eq20.in
['mul', 0.5, 'mul', 'pow', 2, 0.5, 'mul', 'pow', 3.141592653589793, -0.5, 'mul', 'pow', 'X_1', -1, 'exp', 'mul', -0.5, 'mul', 'pow', 'X_0', 2, 'pow', 'X_1', -2]
--------------------
eq_name 	 feynman-i.6.20
num_vars 	 2
vars_range_and_types 	 [{"name": "LogUniform", "range": [0.1, 10.0], "only_positive": false}, {"name": "LogUniform", "range": [0.1, 10.0], "only_positive": true}]
function_set 	 ['add', 'sub', 'mul', 'div', 'exp', 'const']
eq_expression 	 mul,0.5,mul,pow,2,0.5,mul,pow,3.141592653589793,-0.5,mul,pow,X_1,-1,exp,mul,-0.5,mul,pow,X_0,2,pow,X_1,-2
expr 	 sqrt(2)*exp(-X_0**2/(2*X_1**2))/(2*sqrt(pi)*X_1)
--------------------

== EXPERIMENT SETUP START ===========
Task type            : regression
Starting seed        : 0
Runs                 : 1
== EXPERIMENT SETUP END =============

== TRAINING SEED 0 START ============
self.dataX <dso.symbolic_data_generator.DataX object at 0x2b4f0b546828>, self.data_query_oracle: <dso.symbolic_equation_evaluator_public.Equation_evaluator object at 0x2b4ef5de3d68>
generate dataset!
-- BUILDING PRIOR START -------------
WARNING: Skipping invalid 'RelationalConstraint' with arguments {'targets': [], 'effectors': [], 'relationship': None}. Reason: Prior disabled.
WARNING: Skipping invalid 'TrigConstraint' with arguments {}. Reason: There are no target Tokens.
WARNING: Skipping invalid 'UniformArityPrior' with arguments {}. Reason: Prior disabled.
WARNING: Skipping invalid 'LanguageModelPrior' with arguments {'weight': None}. Reason: Prior disabled.
LengthConstraint: Sequences have minimum length 4.
                  Sequences have maximum length 256.
RepeatConstraint: [const] cannot occur more than 10 times.
RelationalConstraint: [inv] cannot be a child of [inv].
ConstConstraint: [const] cannot be the only unique child of [inv, add, sub, mul, div].
NoInputsConstraint: Sequences contain at least one input variable Token.
SoftLengthPrior: No description available.
-- BUILDING PRIOR END ---------------

-- RUNNING EPOCHS START -------------
gen	iter	pop_size	nevals	uncached_size	best_val              	timer  
0  	0   	1024    	1024  	1024         	(-0.8502394517817288,)	10.8763
1  	1   	1024    	774   	643          	(-0.8502394517817288,)	12.9457
2  	2   	1024    	777   	616          	(-0.8502394517817288,)	13.3901
3  	3   	1024    	763   	618          	(-0.8548478659094227,)	15.6216
4  	4   	1024    	776   	625          	(-0.8597049396205092,)	20.2019
5  	5   	1024    	756   	590          	(-0.8676909336070529,)	18.5337
6  	6   	1024    	767   	597          	(-0.8728705840542359,)	15.6341
7  	7   	1024    	779   	570          	(-0.8826072960158016,)	18.9515
8  	8   	1024    	773   	565          	(-0.9133445764025663,)	22.8089
9  	9   	1024    	772   	576          	(-0.931080765262241,) 	34.7317

--------------------------------------------------
GP Time: 183.952

Unique expressions evaluated: 7333
Total expression evaluations: 7961
--------------------------------------------------

GP -> best program this epoch:

	Reward: 0.931080765262241
	Count Off-policy: 1
	Count On-policy: 0
	Originally on Policy: False
	Invalid: False
	Traversal: inv,div,mul,div,add,mul,div,0.5110331067384616,inv,div,x1,inv,x1,inv,x2,x2,add,inv,div,add,div,add,sub,div,div,add,add,x2,div,mul,add,x2,sub,-0.27633466322014644,x1,x1,add,inv,mul,x2,4.995078798804343,0.4027555769300119,x1,mul,0.6000411478263489,add,mul,1.0146733673883404,x1,div,x1,x2,x2,1.3555715046061176,x1,x1,0.8827118418222376,-0.27193285406591966,x2,x2,0.4243515829097308
	Expression:
	                     ⎛                                                          
	  0.4243515829097308⋅⎜x₂ + ─────────────────────────────────────────────────────
	                     ⎜                                              ⎛           
	                     ⎜                                              ⎜           
	                     ⎜                                              ⎜           
	                     ⎜                                              ⎜           
	                     ⎜                                              ⎜           
	                     ⎜                           3.6773783860540384⋅⎜x₁ - 1.3555
	                     ⎜                                              ⎜           
	                     ⎜                                              ⎜           
	                     ⎜                                              ⎝           
	                     ⎜     -3.2460654482310477 - ───────────────────────────────
	                     ⎝                                                          
	  ──────────────────────────────────────────────────────────────────────────────
	                                                              ⎛                 
	                                                              ⎜0.511033106738461
	                                                           x₂⋅⎜─────────────────
	                                                              ⎝          x₂     

	        1                                                            ⎞
	  ───────────────────────────────────────────────────────────────────⎟
	                         x₁⋅(-x₁ + x₂ - 0.27633466322014644)        ⎞⎟
	                  x₁ + ─────────────────────────────────────── + x₂ ⎟⎟
	                                            0.2001970419844762      ⎟⎟
	                       0.4027555769300119 + ──────────────────      ⎟⎟
	                                                    x₂              ⎟⎟
	  715046061176 + ───────────────────────────────────────────────────⎟⎟
	                    ⎛                         0.6000411478263489⋅x₁⎞⎟⎟
	                 x₂⋅⎜0.60884577203652639⋅x₁ + ─────────────────────⎟⎟⎟
	                    ⎝                                   x₂         ⎠⎠⎟
	  ───────────────────────────────────────────────────────────────────⎟
	                   x₁                                                ⎠
	  ────────────────────────────────────────────────────────────────────
	      2     ⎞                                                         
	  6⋅x₁      ⎟                                                         
	  ───── + x₂⎟                                                         
	            ⎠                                                         

None

--------------------------------------------------

[00:00:03:21.52] Training epoch 1/14, current best R: 0.9311

	** New best
	Reward: 0.931080765262241
	Count Off-policy: 1
	Count On-policy: 0
	Originally on Policy: False
	Invalid: False
	Traversal: inv,div,mul,div,add,mul,div,0.5110331067384616,inv,div,x1,inv,x1,inv,x2,x2,add,inv,div,add,div,add,sub,div,div,add,add,x2,div,mul,add,x2,sub,-0.27633466322014644,x1,x1,add,inv,mul,x2,4.995078798804343,0.4027555769300119,x1,mul,0.6000411478263489,add,mul,1.0146733673883404,x1,div,x1,x2,x2,1.3555715046061176,x1,x1,0.8827118418222376,-0.27193285406591966,x2,x2,0.4243515829097308
	Expression:
	                     ⎛                                                          
	  0.4243515829097308⋅⎜x₂ + ─────────────────────────────────────────────────────
	                     ⎜                                              ⎛           
	                     ⎜                                              ⎜           
	                     ⎜                                              ⎜           
	                     ⎜                                              ⎜           
	                     ⎜                                              ⎜           
	                     ⎜                           3.6773783860540384⋅⎜x₁ - 1.3555
	                     ⎜                                              ⎜           
	                     ⎜                                              ⎜           
	                     ⎜                                              ⎝           
	                     ⎜     -3.2460654482310477 - ───────────────────────────────
	                     ⎝                                                          
	  ──────────────────────────────────────────────────────────────────────────────
	                                                              ⎛                 
	                                                              ⎜0.511033106738461
	                                                           x₂⋅⎜─────────────────
	                                                              ⎝          x₂     

	        1                                                            ⎞
	  ───────────────────────────────────────────────────────────────────⎟
	                         x₁⋅(-x₁ + x₂ - 0.27633466322014644)        ⎞⎟
	                  x₁ + ─────────────────────────────────────── + x₂ ⎟⎟
	                                            0.2001970419844762      ⎟⎟
	                       0.4027555769300119 + ──────────────────      ⎟⎟
	                                                    x₂              ⎟⎟
	  715046061176 + ───────────────────────────────────────────────────⎟⎟
	                    ⎛                         0.6000411478263489⋅x₁⎞⎟⎟
	                 x₂⋅⎜0.60884577203652639⋅x₁ + ─────────────────────⎟⎟⎟
	                    ⎝                                   x₂         ⎠⎠⎟
	  ───────────────────────────────────────────────────────────────────⎟
	                   x₁                                                ⎠
	  ────────────────────────────────────────────────────────────────────
	      2     ⎞                                                         
	  6⋅x₁      ⎟                                                         
	  ───── + x₂⎟                                                         
	            ⎠                                                         

10 	0   	1024    	1024  	1019         	(-0.6251816563363687,)	11.5425
11 	1   	1024    	784   	644          	(-0.6509337230798963,)	12.3938
12 	2   	1024    	769   	629          	(-0.7248667758681088,)	11.5622
13 	3   	1024    	781   	651          	(-0.7665484232494193,)	18.9144
14 	4   	1024    	745   	620          	(-0.7670337090925552,)	15.9823
15 	5   	1024    	767   	610          	(-0.7670337090925552,)	19.3046
16 	6   	1024    	772   	624          	(-0.8210552368140375,)	19.4707
17 	7   	1024    	768   	619          	(-0.87659393317508,)  	27.2583
18 	8   	1024    	777   	625          	(-0.8772580053246589,)	27.1719
19 	9   	1024    	760   	591          	(-0.8772774431079092,)	31.4095

--------------------------------------------------
GP Time: 195.282

Unique expressions evaluated: 14918
Total expression evaluations: 15908
--------------------------------------------------

GP -> best program this epoch:

	Reward: 0.8772774431079092
	Count Off-policy: 1
	Count On-policy: 0
	Originally on Policy: False
	Invalid: False
	Traversal: inv,add,sub,x2,div,sub,add,add,x1,add,mul,737.8129134585156,sub,div,x1,x1,add,x1,x2,sub,-567.5119400047248,mul,sub,add,x2,div,x2,mul,x2,mul,x1,x1,x2,1.0711903557583415,x1,x1,423.1854768329653,mul,mul,add,3.4039622117512716,sub,x1,x1,add,-0.5153667593932654,mul,add,mul,-7.906205530572212e-06,sub,mul,x2,add,add,mul,x2,x2,1678.1911497983226,mul,inv,x2,1048.6568251593867,x2,inv,x2,x1,x1
	Expression:
                                                                              
	  ──────────────────────────────────────────────────────────────────────────────
	     ⎛                      ⎛                          ⎛  2                     
	  x₁⋅⎜3.4039622117512716⋅x₁⋅⎜- 7.906205530572212e-6⋅x₂⋅⎜x₂  + 1678.1911497983226
	     ⎝                      ⎝                          ⎝                        
                                                                              

	                                              1                                 
	  ──────────────────────────────────────────────────────────────────────────────
	     1048.6568251593867⎞                             1 ⎞                     ⎞  
	   + ──────────────────⎟ + 7.906205530572212e-6⋅x₂ + ──⎟ - 1.7542889741673851⎟ +
	             x₂        ⎠                             x₂⎠                     ⎠  
                                                                              

                                                                              
	  ──────────────────────────────────────────────────────────────────────────────
	                                                                      0.00253125
	   1.741111058377227⋅x₁ + 2.743474088430819⋅x₂ - 0.4024263184272979 + ──────────
                                                                              
	                                                                               x

           
	  ───────────
	  50037749734
	  ───────────
	   2         
	  ₁          

None

--------------------------------------------------

-- RUNNING EPOCHS END ---------------

-- EVALUATION START ----------------
Saving Hall of Fame to ./log/regression_config_regression_GPMELD.json_FeynmanICh6Eq20.in_normal_0.0_2023-05-29-052243/dso_regression_config_regression_GPMELD.json_FeynmanICh6Eq20.in_normal_0.0_0_hof.csv
Saving Pareto Front to ./log/regression_config_regression_GPMELD.json_FeynmanICh6Eq20.in_normal_0.0_2023-05-29-052243/dso_regression_config_regression_GPMELD.json_FeynmanICh6Eq20.in_normal_0.0_0_pf.csv
Invalid expressions: 218 of 17956 (1.2%).
Error type counts:
  reciprocal: 131 (60.1%)
  true_divide: 87 (39.9%)
Error node counts:
  divide: 216 (99.1%)
  invalid: 2 (0.9%)
-- EVALUATION END ------------------
== TRAINING SEED 0 END ==============
INFO: Completed run 1 of 1 in 413 s

== POST-PROCESS START =================
-- LOADING LOGS START ----------------
json configure file: ./log/regression_config_regression_GPMELD.json_FeynmanICh6Eq20.in_normal_0.0_2023-05-29-052243
Successfully loaded summary data
Successfully loaded Hall of Fame data
Successfully loaded Pareto Front data
-- LOADING LOGS END ------------------

-- ANALYZING LOG START --------------
Task_____________regression
Source path______./log/regression_config_regression_GPMELD.json_FeynmanICh6Eq20.in_normal_0.0_2023-05-29-052243
Runs_____________1
Max Samples/run__15000
Success_rate_____0.0
Hall of Fame (Top 5 of 100)____
    0: S=000 R=0.931081 <-- [0.4243515829097308*(x2 + 1/(-3.2460654482310477 - 3.6773783860540384*(x1 - 1.3555715046061176 + (x1 + x1*(-x1 + x2 - 0.27633466322014644)/(0.4027555769300119 + 0.2001970419844762/x2) + x2)/(x2*(0.60884577203652639*x1 + 0.6000411478263489*x1/x2)))/x1))/(x2*(0.5110331067384616*x1**2/x2 + x2))]
    1: S=000 R=0.931081 <-- [0.4243515829097308*(x2 + 1/(-3.2460654482310477 - 3.6773783860540384*(x1 - 1.3555715046061176 + (x1 + x1*(-x1 + x2 - 0.27633466322014644)/(0.4027555769300119 + 0.2001970419844762/x2) + x2)/(x2*(0.60884577203652639*x1 + 0.6000411478263489*x1/x2)))/x1))/(x2*(0.5110331067384616*x1**2/x2 + x2))]
    2: S=000 R=0.916941 <-- [0.3991121085675011*x2/((x2 + 0.014991755758633747)*(0.00958992117063598*x1**2*(1.2379567154173072*x1**2*(117.34889069767517 - 61.622337276185945*(0.024789244274375007*x2 - 0.062526709366578724)/x1**2)/x2 + 0.0086630981642154998*x2)/x2 + x2))]
    3: S=000 R=0.916941 <-- [0.3991121085675011*x2/((x2 + 0.014991755758633747)*(0.00958992117063598*x1**2*(1.2379567154173072*x1**2*(117.34889069767517 - 61.622337276185945*(0.024789244274375007*x2 - 0.062526709366578724)/x1**2)/x2 + 0.0086630981642154998*x2)/x2 + x2))]
    4: S=000 R=0.913345 <-- [1/(1.3333866466829627*x1**2*(0.07058074998585812*x1*(x1 + 0.001308357597688433*x2**2/x1)/x2**2 + x2)/x2**2 + 3*x2 - 0.12406501210557966)]
  Saving Hall of Fame plot to ./log/regression_config_regression_GPMELD.json_FeynmanICh6Eq20.in_normal_0.0_2023-05-29-052243/dso_regression_config_regression_GPMELD.json_FeynmanICh6Eq20.in_normal_0.0_plot_hof.png
Pareto Front (5 of 19)____
    0: S=000 R=0.931081 C=77.00 <-- [0.4243515829097308*(x2 + 1/(-3.2460654482310477 - 3.6773783860540384*(x1 - 1.3555715046061176 + (x1 + x1*(-x1 + x2 - 0.27633466322014644)/(0.4027555769300119 + 0.2001970419844762/x2) + x2)/(x2*(0.60884577203652639*x1 + 0.6000411478263489*x1/x2)))/x1))/(x2*(0.5110331067384616*x1**2/x2 + x2))]
    1: S=000 R=0.913345 C=66.00 <-- [1/(1.3333866466829627*x1**2*(0.07058074998585812*x1*(x1 + 0.001308357597688433*x2**2/x1)/x2**2 + x2)/x2**2 + 3*x2 - 0.12406501210557966)]
    2: S=000 R=0.910552 C=59.00 <-- [0.4395174964966024*x2/((x2 + 0.0630445501179134)*(0.008888015008402871*x1**2*(193.37568821362495*x1**2/x2 + 0.01353757144551987*x2)/x2 + x2))]
    3: S=000 R=0.909083 C=47.00 <-- [0.44460070258043694*(x2 + 1/(-1.7415834386887227 - 2.4609847570383884*(x1 + 0.3045754384811571/x1)/x1))/(x2*(0.5708636023557881*x1**2/x2 + x2))]
    4: S=000 R=0.876313 C=46.00 <-- [35.97540541577743*x2/((x2 + 0.12360770216479816)*((x2 + 85.5783038972299)*(0.7322470613868811*x1**2/x2 + x2) - 8.9440247543368643 + 0.026057666973160629/x2))]
  Saving Pareto Front plot to ./log/regression_config_regression_GPMELD.json_FeynmanICh6Eq20.in_normal_0.0_2023-05-29-052243/dso_regression_config_regression_GPMELD.json_FeynmanICh6Eq20.in_normal_0.0_plot_pf.png
-- ANALYZING LOG END ----------------
== POST-PROCESS END ===================
