debug /depot/yexiang/apps/jiang631/data/scibench/data/unencrypted/equations_feynman/FeynmanICh30Eq5.in
!!!!!!!!!!!!!!!!!!!!!!!!!!!!!i /depot/yexiang/apps/jiang631/data/scibench/data/unencrypted/equations_feynman/FeynmanICh30Eq5.in
['mul', 'X_0', 'mul', 'pow', 'X_1', -1, 'pow', 'sin', 'X_2', -1]
--------------------
eq_name 	 feynman-i.30.5
num_vars 	 3
vars_range_and_types 	 [{"name": "LogUniform", "range": [1e-11, 1e-09], "only_positive": true}, {"name": "IntegerUniform", "range": [1, 100], "only_positive": true}, {"name": "Uniform", "range": [0, 6.283185307179586], "only_positive": true}]
function_set 	 ['add', 'sub', 'mul', 'div', 'sin', 'cos', 'exp', 'log', 'const']
eq_expression 	 mul,X_0,mul,pow,X_1,-1,pow,sin,X_2,-1
expr 	 X_0/(X_1*sin(X_2))
--------------------

== EXPERIMENT SETUP START ===========
Task type            : regression
Starting seed        : 0
Runs                 : 1
== EXPERIMENT SETUP END =============

== TRAINING SEED 0 START ============
self.dataX <dso.symbolic_data_generator.DataX object at 0x2b8242791048>, self.data_query_oracle: <dso.symbolic_equation_evaluator_public.Equation_evaluator object at 0x2b8261832d68>
generate dataset!
-- BUILDING PRIOR START -------------
WARNING: Skipping invalid 'RelationalConstraint' with arguments {'targets': [], 'effectors': [], 'relationship': None}. Reason: Prior disabled.
WARNING: Skipping invalid 'TrigConstraint' with arguments {}. Reason: There are no target Tokens.
WARNING: Skipping invalid 'UniformArityPrior' with arguments {}. Reason: Prior disabled.
WARNING: Skipping invalid 'LanguageModelPrior' with arguments {'weight': None}. Reason: Prior disabled.
LengthConstraint: Sequences have minimum length 4.
                  Sequences have maximum length 256.
RepeatConstraint: [const] cannot occur more than 10 times.
RelationalConstraint: [inv] cannot be a child of [inv].
ConstConstraint: [const] cannot be the only unique child of [inv, add, sub, mul, div].
NoInputsConstraint: Sequences contain at least one input variable Token.
SoftLengthPrior: No description available.
-- BUILDING PRIOR END ---------------

-- RUNNING EPOCHS START -------------
[00:00:00:02.30] Training epoch 1/14, current best R: 0.5064

	** New best
	Reward: 0.5063821751686711
	Count Off-policy: False
	Count On-policy: True
	Originally on Policy: True
	Invalid: False
	Traversal: inv,sub,0.9999998979121232,mul,div,x2,sub,mul,x1,sub,add,mul,add,x2,x2,0.4999020793810982,x3,x2,x1,x3
	Expression:
	                                 1                               
	  ───────────────────────────────────────────────────────────────
	                     x₂⋅x₃                                       
	  - ──────────────────────────────────────── + 0.9999998979121232
	    x₁⋅(-0.0001958412378035984⋅x₂ + x₃) - x₁                     

[00:00:00:09.31] Training epoch 6/14, current best R: 0.5066

	** New best
	Reward: 0.5065631347768185
	Count Off-policy: False
	Count On-policy: True
	Originally on Policy: True
	Invalid: False
	Traversal: div,x1,div,56.252739362953065,add,div,add,div,52.082375098336556,inv,add,sub,1.945626705761485,x3,inv,x3,x3,x2,x3
	Expression:
	     ⎛                                             ⎛                            
	     ⎜                         0.01777691204596838⋅⎜-51.082375098336556⋅x₃ + 101
	     ⎜                                             ⎝                            
	  x₁⋅⎜0.01777691204596838⋅x₃ + ─────────────────────────────────────────────────
	     ⎝                                                                   x₂     

	                    52.082375098336556⎞⎞
	  .33285989081055 + ──────────────────⎟⎟
	                            x₃        ⎠⎟
	  ─────────────────────────────────────⎟
	                                       ⎠

[00:00:00:14.77] Training epoch 10/14, current best R: 0.5066
[00:00:00:20.70] Ending training after epoch 14/14, current best R: 0.5066
-- RUNNING EPOCHS END ---------------

-- EVALUATION START ----------------
Saving Hall of Fame to ./log/regression_config_regression_VPG.json_FeynmanICh30Eq5.in_normal_0.0_2023-05-29-051701/dso_regression_config_regression_VPG.json_FeynmanICh30Eq5.in_normal_0.0_0_hof.csv
Saving Pareto Front to ./log/regression_config_regression_VPG.json_FeynmanICh30Eq5.in_normal_0.0_2023-05-29-051701/dso_regression_config_regression_VPG.json_FeynmanICh30Eq5.in_normal_0.0_0_pf.csv
Invalid expressions: 656 of 14336 (4.6%).
Error type counts:
  reciprocal: 357 (54.4%)
  true_divide: 299 (45.6%)
Error node counts:
  divide: 654 (99.7%)
  invalid: 2 (0.3%)
-- EVALUATION END ------------------
== TRAINING SEED 0 END ==============
INFO: Completed run 1 of 1 in 22 s

== POST-PROCESS START =================
-- LOADING LOGS START ----------------
json configure file: ./log/regression_config_regression_VPG.json_FeynmanICh30Eq5.in_normal_0.0_2023-05-29-051701
Successfully loaded summary data
Successfully loaded Hall of Fame data
Successfully loaded Pareto Front data
-- LOADING LOGS END ------------------

-- ANALYZING LOG START --------------
Task_____________regression
Source path______./log/regression_config_regression_VPG.json_FeynmanICh30Eq5.in_normal_0.0_2023-05-29-051701
Runs_____________1
Max Samples/run__15000
Success_rate_____0.0
Hall of Fame (Top 5 of 100)____
    0: S=000 R=0.506563 <-- [x1*(0.01777691204596838*x3 + 0.01777691204596838*(-51.082375098336556*x3 + 101.33285989081055 + 52.082375098336556/x3)/x2)]
    1: S=000 R=0.506384 <-- [x1*(-0.8732680290177423 + 1/x3)/x2]
    2: S=000 R=0.506382 <-- [1/(-x2*x3/(x1*(-0.0001958412378035984*x2 + x3) - x1) + 0.9999998979121232)]
    3: S=000 R=0.506339 <-- [0.51407337092755591*x1*(x1*(x2 + x3 + (-0.06002038219479298 + 1.9523645321691123/(x2*x3))/x1) - 0.060020382194793775)]
    4: S=000 R=0.506338 <-- [x1*(-0.06252185061996934 + 1/(x2*(x1*x2*x3**2 + x3)))]
  Saving Hall of Fame plot to ./log/regression_config_regression_VPG.json_FeynmanICh30Eq5.in_normal_0.0_2023-05-29-051701/dso_regression_config_regression_VPG.json_FeynmanICh30Eq5.in_normal_0.0_plot_hof.png
Pareto Front (5 of 6)____
    0: S=000 R=0.506563 C=25.00 <-- [x1*(0.01777691204596838*x3 + 0.01777691204596838*(-51.082375098336556*x3 + 101.33285989081055 + 52.082375098336556/x3)/x2)]
    1: S=000 R=0.506384 C=11.00 <-- [x1*(-0.8732680290177423 + 1/x3)/x2]
    2: S=000 R=0.506305 C=9.00 <-- [0.99877268685581849*x1/(x2*x3)]
    3: S=000 R=0.502479 C=7.00 <-- [0.03017200764302265*x1/x3]
    4: S=000 R=0.500098 C=6.00 <-- [1.0*x1/x2]
  Saving Pareto Front plot to ./log/regression_config_regression_VPG.json_FeynmanICh30Eq5.in_normal_0.0_2023-05-29-051701/dso_regression_config_regression_VPG.json_FeynmanICh30Eq5.in_normal_0.0_plot_pf.png
-- ANALYZING LOG END ----------------
== POST-PROCESS END ===================
