debug /depot/yexiang/apps/jiang631/data/scibench/data/unencrypted/equations_feynman/FeynmanICh15Eq3x.in
!!!!!!!!!!!!!!!!!!!!!!!!!!!!!i /depot/yexiang/apps/jiang631/data/scibench/data/unencrypted/equations_feynman/FeynmanICh15Eq3x.in
['mul', 'pow', 'add', 1, 'mul', -1.11265005605362e-17, 'pow', 'X_1', 2, -0.5, 'add', 'X_0', 'mul', -1, 'mul', 'X_1', 'X_2']
--------------------
eq_name 	 feynman-i.15.3x
num_vars 	 3
vars_range_and_types 	 [{"name": "LogUniform", "range": [1.0, 100.0], "only_positive": false}, {"name": "LogUniform", "range": [1000000.0, 100000000.0], "only_positive": false}, {"name": "LogUniform", "range": [1e-06, 0.0001], "only_positive": true}]
function_set 	 ['add', 'sub', 'mul', 'div', 'sin', 'cos', 'exp', 'log', 'const']
eq_expression 	 mul,pow,add,1,mul,-1.11265005605362e-17,pow,X_1,2,-0.5,add,X_0,mul,-1,mul,X_1,X_2
expr 	 (X_0 - X_1*X_2)/sqrt(1 - 1.11265005605362e-17*X_1**2)
--------------------

== EXPERIMENT SETUP START ===========
Task type            : regression
Starting seed        : 0
Runs                 : 1
== EXPERIMENT SETUP END =============

== TRAINING SEED 0 START ============
self.dataX <dso.symbolic_data_generator.DataX object at 0x2aade03f5898>, self.data_query_oracle: <dso.symbolic_equation_evaluator_public.Equation_evaluator object at 0x2aadc6c5fd68>
generate dataset!
-- BUILDING PRIOR START -------------
WARNING: Skipping invalid 'RelationalConstraint' with arguments {'targets': [], 'effectors': [], 'relationship': None}. Reason: Prior disabled.
WARNING: Skipping invalid 'TrigConstraint' with arguments {}. Reason: There are no target Tokens.
WARNING: Skipping invalid 'UniformArityPrior' with arguments {}. Reason: Prior disabled.
WARNING: Skipping invalid 'LanguageModelPrior' with arguments {'weight': None}. Reason: Prior disabled.
LengthConstraint: Sequences have minimum length 4.
                  Sequences have maximum length 256.
RepeatConstraint: [const] cannot occur more than 10 times.
RelationalConstraint: [inv] cannot be a child of [inv].
ConstConstraint: [const] cannot be the only unique child of [inv, add, sub, mul, div].
NoInputsConstraint: Sequences contain at least one input variable Token.
SoftLengthPrior: No description available.
-- BUILDING PRIOR END ---------------

-- RUNNING EPOCHS START -------------
[00:00:00:03.28] Training epoch 1/14, current best R: 0.9811

	** New best
	Reward: 0.9810585377318206
	Count Off-policy: False
	Count On-policy: True
	Originally on Policy: True
	Invalid: False
	Traversal: sub,x1,sub,x3,mul,sub,mul,-1.029851594358321,x2,add,x1,inv,sub,mul,x3,x1,x3,x3
	Expression:
	          ⎛                                 1     ⎞     
	  x₁ + x₃⋅⎜-x₁ - 1.029851594358321⋅x₂ - ──────────⎟ - x₃
	          ⎝                             x₁⋅x₃ - x₃⎠     

[00:00:00:07.80] Training epoch 3/14, current best R: 0.9834

	** New best
	Reward: 0.983427278440072
	Count Off-policy: False
	Count On-policy: True
	Originally on Policy: True
	Invalid: False
	Traversal: sub,0.8670374686360117,div,add,sub,div,inv,div,0.9769954194154116,x2,inv,x3,x1,1.1338176094909422,0.9941998723363356
	Expression:
	  1.005833965407815⋅x₁ - 1.029517585670626⋅x₂⋅x₃ - 0.27339479356747232

[00:00:00:21.75] Training epoch 10/14, current best R: 0.9834
[00:00:00:25.77] Training epoch 12/14, current best R: 0.9834

	** New best
	Reward: 0.9834272784476755
	Count Off-policy: False
	Count On-policy: True
	Originally on Policy: True
	Invalid: False
	Traversal: mul,1.0058185915937257,add,add,x1,add,x3,-0.27127774195997684,mul,-1.023561921110756,mul,add,1.0005046099720882,x2,x3
	Expression:
	  1.0058185915937257⋅x₁ - 1.0295176099005888⋅x₃⋅(x₂ + 1.0005046099720882) + 1.00
	  58185915937257⋅x₃ - 0.27285619634891005

[00:00:00:30.00] Ending training after epoch 14/14, current best R: 0.9834
-- RUNNING EPOCHS END ---------------

-- EVALUATION START ----------------
Saving Hall of Fame to ./log/regression_config_regression_DSR.json_FeynmanICh15Eq3x.in_normal_0.0_2023-05-29-051358/dso_regression_config_regression_DSR.json_FeynmanICh15Eq3x.in_normal_0.0_0_hof.csv
Saving Pareto Front to ./log/regression_config_regression_DSR.json_FeynmanICh15Eq3x.in_normal_0.0_2023-05-29-051358/dso_regression_config_regression_DSR.json_FeynmanICh15Eq3x.in_normal_0.0_0_pf.csv
Invalid expressions: 338 of 14336 (2.4%).
Error type counts:
  true_divide: 144 (42.6%)
  reciprocal: 194 (57.4%)
Error node counts:
  divide: 337 (99.7%)
  invalid: 1 (0.3%)
-- EVALUATION END ------------------
== TRAINING SEED 0 END ==============
INFO: Completed run 1 of 1 in 32 s

== POST-PROCESS START =================
-- LOADING LOGS START ----------------
json configure file: ./log/regression_config_regression_DSR.json_FeynmanICh15Eq3x.in_normal_0.0_2023-05-29-051358
Successfully loaded summary data
Successfully loaded Hall of Fame data
Successfully loaded Pareto Front data
-- LOADING LOGS END ------------------

-- ANALYZING LOG START --------------
Task_____________regression
Source path______./log/regression_config_regression_DSR.json_FeynmanICh15Eq3x.in_normal_0.0_2023-05-29-051358
Runs_____________1
Max Samples/run__15000
Success_rate_____0.0
Hall of Fame (Top 5 of 100)____
    0: S=000 R=0.983427 <-- [1.0058185915937257*x1 - 1.0295176099005888*x3*(x2 + 1.0005046099720882) + 1.0058185915937257*x3 - 0.27285619634891005]
    1: S=000 R=0.983427 <-- [1.005833965407815*x1 - 1.029517585670626*x2*x3 - 0.27339479356747232]
    2: S=000 R=0.983426 <-- [x1 + x2*(-1.0295157364549243*x3 + 0.273269963460096/(x1 - x2 + 1/(x1 + x3 + 1.0000000563457137 + 1/x2)))]
    3: S=000 R=0.983426 <-- [x1 - 1.0295157407105096*x2*x3 + x3 - 0.2735394072295627]
    4: S=000 R=0.983426 <-- [1.029515769651457*x3*(x1*(1.0000444674259137 + (x3 + 0.9769534679140518 + x3/x2)/x3) - x2)]
  Saving Hall of Fame plot to ./log/regression_config_regression_DSR.json_FeynmanICh15Eq3x.in_normal_0.0_2023-05-29-051358/dso_regression_config_regression_DSR.json_FeynmanICh15Eq3x.in_normal_0.0_plot_hof.png
Pareto Front (5 of 6)____
    0: S=000 R=0.983427 C=15.00 <-- [1.0058185915937257*x1 - 1.0295176099005888*x3*(x2 + 1.0005046099720882) + 1.0058185915937257*x3 - 0.27285619634891005]
    1: S=000 R=0.983425 C=12.00 <-- [x1 - 1.0184362081533263*x3*(1.010877109300435*x2 + 1.010877109300435)]
    2: S=000 R=0.967821 C=11.00 <-- [x1 + x3*(-x1 - x2 + 1.0) + x3]
    3: S=000 R=0.966609 C=9.00 <-- [-1.0292009531876352*x2*x3 + 1/x1]
    4: S=000 R=0.966587 C=7.00 <-- [x2*(2.265483337287581e-9 - 1.0292479894792417*x3)]
  Saving Pareto Front plot to ./log/regression_config_regression_DSR.json_FeynmanICh15Eq3x.in_normal_0.0_2023-05-29-051358/dso_regression_config_regression_DSR.json_FeynmanICh15Eq3x.in_normal_0.0_plot_pf.png
-- ANALYZING LOG END ----------------
== POST-PROCESS END ===================
