debug /depot/yexiang/apps/jiang631/data/scibench/data/unencrypted/equations_feynman/FeynmanICh41Eq16.in
!!!!!!!!!!!!!!!!!!!!!!!!!!!!!i /depot/yexiang/apps/jiang631/data/scibench/data/unencrypted/equations_feynman/FeynmanICh41Eq16.in
['mul', 3.68620963570564e-51, 'mul', 'pow', 3.141592653589793, -3, 'mul', 'pow', 'X_0', 3, 'pow', 'add', -1, 'exp', 'mul', 2.39959613196403e-11, 'mul', 'X_0', 'mul', 'pow', 3.141592653589793, -1, 'pow', 'X_1', -1, -1]
--------------------
eq_name 	 feynman-i.41.16
num_vars 	 2
vars_range_and_types 	 [{"name": "LogUniform", "range": [0.1, 10.0], "only_positive": true}, {"name": "LogUniform", "range": [10.0, 1000.0], "only_positive": true}]
function_set 	 ['add', 'sub', 'mul', 'div', 'sin', 'cos', 'exp', 'log', 'const']
eq_expression 	 mul,3.68620963570564e-51,mul,pow,3.141592653589793,-3,mul,pow,X_0,3,pow,add,-1,exp,mul,2.39959613196403e-11,mul,X_0,mul,pow,3.141592653589793,-1,pow,X_1,-1,-1
expr 	 3.68620963570564e-51*X_0**3/(pi**3*(exp(2.39959613196403e-11*X_0/(pi*X_1)) - 1))
--------------------

== EXPERIMENT SETUP START ===========
Task type            : regression
Starting seed        : 0
Runs                 : 1
== EXPERIMENT SETUP END =============

== TRAINING SEED 0 START ============
self.dataX <dso.symbolic_data_generator.DataX object at 0x2b70d8cae048>, self.data_query_oracle: <dso.symbolic_equation_evaluator_public.Equation_evaluator object at 0x2b70f7d4fd30>
generate dataset!
-- BUILDING PRIOR START -------------
WARNING: Skipping invalid 'RelationalConstraint' with arguments {'targets': [], 'effectors': [], 'relationship': None}. Reason: Prior disabled.
WARNING: Skipping invalid 'TrigConstraint' with arguments {}. Reason: There are no target Tokens.
WARNING: Skipping invalid 'UniformArityPrior' with arguments {}. Reason: Prior disabled.
WARNING: Skipping invalid 'LanguageModelPrior' with arguments {'weight': None}. Reason: Prior disabled.
LengthConstraint: Sequences have minimum length 4.
                  Sequences have maximum length 256.
RepeatConstraint: [const] cannot occur more than 10 times.
RelationalConstraint: [inv] cannot be a child of [inv].
ConstConstraint: [const] cannot be the only unique child of [inv, add, sub, mul, div].
NoInputsConstraint: Sequences contain at least one input variable Token.
SoftLengthPrior: No description available.
-- BUILDING PRIOR END ---------------

-- RUNNING EPOCHS START -------------
gen	iter	pop_size	nevals	uncached_size	best_val               	timer  
0  	0   	1024    	1024  	1024         	(-0.48789522458779633,)	1.84416
1  	1   	1024    	769   	661          	(-0.48789522458779633,)	0.331095
2  	2   	1024    	745   	625          	(-0.48789522458779633,)	0.336333
3  	3   	1024    	787   	636          	(-0.48789522458779633,)	0.368593
4  	4   	1024    	767   	615          	(-0.48789522458779633,)	0.480434
5  	5   	1024    	767   	616          	(-0.48789522458779633,)	0.622876
6  	6   	1024    	793   	588          	(-0.48789522458779633,)	0.904864
7  	7   	1024    	774   	556          	(-0.48789522458779633,)	0.975361
8  	8   	1024    	713   	528          	(-0.48789522458779633,)	1.14905 
9  	9   	1024    	772   	598          	(-0.48789522458779633,)	1.42249 

--------------------------------------------------
GP Time: 8.70292

Unique expressions evaluated: 7346
Total expression evaluations: 7911
--------------------------------------------------

GP -> best program this epoch:

	Reward: 0.48789522458779633
	Count Off-policy: 1
	Count On-policy: 0
	Originally on Policy: False
	Invalid: False
	Traversal: div,sub,x1,x1,add,add,x2,div,1.0,mul,x1,x1,x2
	Expression:
	  0

None

--------------------------------------------------

[00:00:00:10.71] Training epoch 1/14, current best R: 0.4879

	** New best
	Reward: 0.48789522458779633
	Count Off-policy: False
	Count On-policy: True
	Originally on Policy: True
	Invalid: False
	Traversal: mul,1.0,sub,x2,sub,1.0,sub,1.0,x2
	Expression:
	  0

10 	0   	1024    	1024  	1016         	(-0.48789522458779633,)	0.395398
11 	1   	1024    	752   	611          	(-0.48789522458779633,)	0.307234
12 	2   	1024    	758   	617          	(-0.48789522458779633,)	0.325589
13 	3   	1024    	759   	609          	(-0.48789522458779633,)	0.368719
14 	4   	1024    	785   	620          	(-0.48789522458779633,)	0.511409
15 	5   	1024    	793   	625          	(-0.48789522458779633,)	0.419992
16 	6   	1024    	760   	593          	(-0.48789522458779633,)	0.374956
17 	7   	1024    	740   	576          	(-0.48789522458779633,)	0.390318
18 	8   	1024    	752   	608          	(-0.48789522458779633,)	0.390583
19 	9   	1024    	771   	605          	(-0.48789522458779633,)	0.430477

--------------------------------------------------
GP Time: 4.17228

Unique expressions evaluated: 14759
Total expression evaluations: 15805
--------------------------------------------------

GP -> best program this epoch:

	Reward: 0.48789522458779633
	Count Off-policy: 1
	Count On-policy: 0
	Originally on Policy: False
	Invalid: False
	Traversal: div,mul,add,mul,x2,x1,x1,sub,x1,x1,sub,sub,mul,x1,1.0,1.0,add,x1,x2
	Expression:
	  0

None

--------------------------------------------------

-- RUNNING EPOCHS END ---------------

-- EVALUATION START ----------------
Saving Hall of Fame to ./log/regression_config_regression_GPMELD.json_FeynmanICh41Eq16.in_normal_0.0_2023-05-29-052228/dso_regression_config_regression_GPMELD.json_FeynmanICh41Eq16.in_normal_0.0_0_hof.csv
Saving Pareto Front to ./log/regression_config_regression_GPMELD.json_FeynmanICh41Eq16.in_normal_0.0_2023-05-29-052228/dso_regression_config_regression_GPMELD.json_FeynmanICh41Eq16.in_normal_0.0_0_pf.csv
Invalid expressions: 580 of 17853 (3.2%).
Error type counts:
  reciprocal: 284 (49.0%)
  true_divide: 296 (51.0%)
Error node counts:
  divide: 511 (88.1%)
  invalid: 69 (11.9%)
-- EVALUATION END ------------------
== TRAINING SEED 0 END ==============
INFO: Completed run 1 of 1 in 17 s

== POST-PROCESS START =================
-- LOADING LOGS START ----------------
json configure file: ./log/regression_config_regression_GPMELD.json_FeynmanICh41Eq16.in_normal_0.0_2023-05-29-052228
Successfully loaded summary data
Successfully loaded Hall of Fame data
Successfully loaded Pareto Front data
-- LOADING LOGS END ------------------

-- ANALYZING LOG START --------------
Task_____________regression
Source path______./log/regression_config_regression_GPMELD.json_FeynmanICh41Eq16.in_normal_0.0_2023-05-29-052228
Runs_____________1
Max Samples/run__15000
Success_rate_____0.0
Hall of Fame (Top 5 of 100)____
    0: S=000 R=0.487895 <-- [0]
    1: S=000 R=0.487895 <-- [0]
    2: S=000 R=0.487895 <-- [0]
    3: S=000 R=0.487895 <-- [0]
    4: S=000 R=0.487895 <-- [0]
  Saving Hall of Fame plot to ./log/regression_config_regression_GPMELD.json_FeynmanICh41Eq16.in_normal_0.0_2023-05-29-052228/dso_regression_config_regression_GPMELD.json_FeynmanICh41Eq16.in_normal_0.0_plot_hof.png
Pareto Front (1 of 1)____
    0: S=000 R=0.487895 C=5.00 <-- [0]
  Saving Pareto Front plot to ./log/regression_config_regression_GPMELD.json_FeynmanICh41Eq16.in_normal_0.0_2023-05-29-052228/dso_regression_config_regression_GPMELD.json_FeynmanICh41Eq16.in_normal_0.0_plot_pf.png
-- ANALYZING LOG END ----------------
== POST-PROCESS END ===================
