debug /depot/yexiang/apps/jiang631/data/scibench/data/unencrypted/equations_feynman/FeynmanICh24Eq6.in
!!!!!!!!!!!!!!!!!!!!!!!!!!!!!i /depot/yexiang/apps/jiang631/data/scibench/data/unencrypted/equations_feynman/FeynmanICh24Eq6.in
['mul', 0.25, 'mul', 'X_0', 'mul', 'pow', 'X_3', 2, 'add', 'pow', 'X_1', 2, 'pow', 'X_2', 2]
--------------------
eq_name 	 feynman-i.24.6
num_vars 	 4
vars_range_and_types 	 [{"name": "LogUniform", "range": [0.1, 10.0], "only_positive": true}, {"name": "LogUniform", "range": [0.1, 10.0], "only_positive": false}, {"name": "LogUniform", "range": [0.1, 10.0], "only_positive": false}, {"name": "LogUniform", "range": [0.1, 10.0], "only_positive": false}]
function_set 	 ['add', 'sub', 'mul', 'div', 'sin', 'cos', 'exp', 'log', 'const']
eq_expression 	 mul,0.25,mul,X_0,mul,pow,X_3,2,add,pow,X_1,2,pow,X_2,2
expr 	 0.25*X_0*X_3**2*(X_1**2 + X_2**2)
--------------------

== EXPERIMENT SETUP START ===========
Task type            : regression
Starting seed        : 0
Runs                 : 1
== EXPERIMENT SETUP END =============

== TRAINING SEED 0 START ============
self.dataX <dso.symbolic_data_generator.DataX object at 0x2ba325959898>, self.data_query_oracle: <dso.symbolic_equation_evaluator_public.Equation_evaluator object at 0x2ba30c19cd68>
generate dataset!
-- BUILDING PRIOR START -------------
WARNING: Skipping invalid 'RelationalConstraint' with arguments {'targets': [], 'effectors': [], 'relationship': None}. Reason: Prior disabled.
WARNING: Skipping invalid 'TrigConstraint' with arguments {}. Reason: There are no target Tokens.
WARNING: Skipping invalid 'UniformArityPrior' with arguments {}. Reason: Prior disabled.
WARNING: Skipping invalid 'LanguageModelPrior' with arguments {'weight': None}. Reason: Prior disabled.
LengthConstraint: Sequences have minimum length 4.
                  Sequences have maximum length 256.
RepeatConstraint: [const] cannot occur more than 10 times.
RelationalConstraint: [inv] cannot be a child of [inv].
ConstConstraint: [const] cannot be the only unique child of [inv, add, sub, mul, div].
NoInputsConstraint: Sequences contain at least one input variable Token.
SoftLengthPrior: No description available.
-- BUILDING PRIOR END ---------------

-- RUNNING EPOCHS START -------------
[00:00:00:03.96] Training epoch 1/14, current best R: 0.5225

	** New best
	Reward: 0.5225441592878914
	Count Off-policy: False
	Count On-policy: True
	Originally on Policy: True
	Invalid: False
	Traversal: mul,mul,x2,x2,sub,mul,x4,x4,3.892923422148852
	Expression:
	    2 ⎛  2                    ⎞
	  x₂ ⋅⎝x₄  - 3.892923422148852⎠

[00:00:00:07.11] Training epoch 2/14, current best R: 0.6241

	** New best
	Reward: 0.6240548080255913
	Count Off-policy: False
	Count On-policy: True
	Originally on Policy: True
	Invalid: False
	Traversal: div,div,mul,x1,0.3042497696866914,inv,x3,div,inv,mul,add,x3,0.3079469485897284,x4,x4
	Expression:
	                             2                          
	  0.3042497696866914⋅x₁⋅x₃⋅x₄ ⋅(x₃ + 0.3079469485897284)

[00:00:00:31.61] Training epoch 10/14, current best R: 0.6241
[00:00:00:43.79] Ending training after epoch 14/14, current best R: 0.6241
-- RUNNING EPOCHS END ---------------

-- EVALUATION START ----------------
Saving Hall of Fame to ./log/regression_config_regression_PQT.json_FeynmanICh24Eq6.in_normal_0.0_2023-05-29-052159/dso_regression_config_regression_PQT.json_FeynmanICh24Eq6.in_normal_0.0_0_hof.csv
Saving Pareto Front to ./log/regression_config_regression_PQT.json_FeynmanICh24Eq6.in_normal_0.0_2023-05-29-052159/dso_regression_config_regression_PQT.json_FeynmanICh24Eq6.in_normal_0.0_0_pf.csv
Invalid expressions: 271 of 14336 (1.9%).
Error type counts:
  true_divide: 126 (46.5%)
  reciprocal: 145 (53.5%)
Error node counts:
  divide: 270 (99.6%)
  invalid: 1 (0.4%)

Priority queue entry 0:
	Reward: 0.6240548080255913
	Count Off-policy: False
	Count On-policy: True
	Originally on Policy: True
	Invalid: False
	Traversal: div,div,mul,x1,0.3042497696866914,inv,x3,div,inv,mul,add,x3,0.3079469485897284,x4,x4
	Expression:
	                             2                          
	  0.3042497696866914⋅x₁⋅x₃⋅x₄ ⋅(x₃ + 0.3079469485897284)


Priority queue entry 1:
	Reward: 0.6237470839618787
	Count Off-policy: False
	Count On-policy: True
	Originally on Policy: True
	Invalid: False
	Traversal: add,x4,add,x1,div,mul,x1,mul,x3,add,add,x3,x1,mul,mul,x3,x4,x4,3.370542766433156
	Expression:
	                           ⎛          2     ⎞          
	  0.2966881209634495⋅x₁⋅x₃⋅⎝x₁ + x₃⋅x₄  + x₃⎠ + x₁ + x₄


Priority queue entry 2:
	Reward: 0.5971934453121891
	Count Off-policy: False
	Count On-policy: True
	Originally on Policy: True
	Invalid: False
	Traversal: add,mul,27.205828721620087,x1,mul,mul,mul,mul,sub,sub,x1,mul,add,sub,add,sub,x2,x2,x2,x2,x2,x4,x4,-0.2939866978831161,x4,x1,x2
	Expression:
	  x₁⋅x₂⋅x₄⋅(-0.2939866978831161⋅x₁ + 0.2939866978831161⋅x₂⋅x₄ + 0.29398669788311
	  61⋅x₄) + 27.205828721620087⋅x₁


Priority queue entry 3:
	Reward: 0.5522954517908479
	Count Off-policy: False
	Count On-policy: True
	Originally on Policy: True
	Invalid: False
	Traversal: mul,add,div,x4,inv,sub,sub,add,1.1827426174225921,x2,0.8171544180120583,mul,sub,x4,-0.11450909772343197,-5.71754203425203,-2.3597294479508184,x1
	Expression:
	  x₁⋅(x₄⋅(x₂ + 5.71754203425203⋅x₄ + 1.0202987789485295) - 2.3597294479508184)


Priority queue entry 4:
	Reward: 0.5509975358660559
	Count Off-policy: False
	Count On-policy: True
	Originally on Policy: True
	Invalid: False
	Traversal: sub,x3,mul,mul,x1,sub,div,sub,inv,mul,x4,inv,add,x4,mul,x4,-1.176041840030263,x4,0.17580819776388532,x3,x4
	Expression:
	  -x₁⋅x₄⋅(-x₃ - 5.6880168997751987⋅x₄ - 1.001328961159658) + x₃


Priority queue entry 5:
	Reward: 0.5509693070775464
	Count Off-policy: False
	Count On-policy: True
	Originally on Policy: True
	Invalid: False
	Traversal: sub,mul,mul,x4,div,sub,add,1732.2479379306335,x4,sub,x4,x4,mul,inv,x1,297.4919652080173,x4,x1
	Expression:
	                            2                               
	  0.003361435322465813⋅x₁⋅x₄ ⋅(x₄ + 1732.2479379306335) - x₁


Priority queue entry 6:
	Reward: 0.550964100970276
	Count Off-policy: False
	Count On-policy: True
	Originally on Policy: True
	Invalid: False
	Traversal: mul,5.620428378078578,mul,add,mul,x4,x1,x2,x4
	Expression:
	  5.620428378078578⋅x₄⋅(x₁⋅x₄ + x₂)


Priority queue entry 7:
	Reward: 0.5509637096371345
	Count Off-policy: False
	Count On-policy: True
	Originally on Policy: True
	Invalid: False
	Traversal: mul,inv,x3,mul,div,x3,div,0.4312479776323416,div,mul,1.5677661450130858,x4,inv,mul,1.5677661450130858,x4,x1
	Expression:
	                          2
	  5.6994833899132042⋅x₁⋅x₄ 


Priority queue entry 8:
	Reward: 0.5509637072685463
	Count Off-policy: False
	Count On-policy: True
	Originally on Policy: True
	Invalid: False
	Traversal: mul,5.698426218671931,mul,mul,x1,x4,x4
	Expression:
	                         2
	  5.698426218671931⋅x₁⋅x₄ 


Priority queue entry 9:
	Reward: 0.5503389957057839
	Count Off-policy: False
	Count On-policy: True
	Originally on Policy: True
	Invalid: False
	Traversal: sub,mul,sub,mul,x4,x4,add,x3,0.028808905013787994,mul,mul,add,inv,div,mul,x3,x1,x1,1808.1349829861067,x1,0.0031242445746171494,x1
	Expression:
	                           ⎛                     1 ⎞ ⎛        2                 
	  0.0031242445746171494⋅x₁⋅⎜1808.1349829861067 + ──⎟⋅⎝-x₃ + x₄  - 0.028808905013
	                           ⎝                     x₃⎠                            

	        ⎞     
	  787994⎠ - x₁
            

-- EVALUATION END ------------------
== TRAINING SEED 0 END ==============
INFO: Completed run 1 of 1 in 45 s

== POST-PROCESS START =================
-- LOADING LOGS START ----------------
json configure file: ./log/regression_config_regression_PQT.json_FeynmanICh24Eq6.in_normal_0.0_2023-05-29-052159
Successfully loaded summary data
Successfully loaded Hall of Fame data
Successfully loaded Pareto Front data
-- LOADING LOGS END ------------------

-- ANALYZING LOG START --------------
Task_____________regression
Source path______./log/regression_config_regression_PQT.json_FeynmanICh24Eq6.in_normal_0.0_2023-05-29-052159
Runs_____________1
Max Samples/run__15000
Success_rate_____0.0
Hall of Fame (Top 5 of 100)____
    0: S=000 R=0.624055 <-- [0.3042497696866914*x1*x3*x4**2*(x3 + 0.3079469485897284)]
    1: S=000 R=0.623747 <-- [0.2966881209634495*x1*x3*(x1 + x3*x4**2 + x3) + x1 + x4]
    2: S=000 R=0.597193 <-- [x1*x2*x4*(-0.2939866978831161*x1 + 0.2939866978831161*x2*x4 + 0.2939866978831161*x4) + 27.205828721620087*x1]
    3: S=000 R=0.552295 <-- [x1*(x4*(x2 + 5.71754203425203*x4 + 1.0202987789485295) - 2.3597294479508184)]
    4: S=000 R=0.550998 <-- [-x1*x4*(-x3 - 5.6880168997751987*x4 - 1.001328961159658) + x3]
  Saving Hall of Fame plot to ./log/regression_config_regression_PQT.json_FeynmanICh24Eq6.in_normal_0.0_2023-05-29-052159/dso_regression_config_regression_PQT.json_FeynmanICh24Eq6.in_normal_0.0_plot_hof.png
Pareto Front (4 of 4)____
    0: S=000 R=0.624055 C=20.00 <-- [0.3042497696866914*x1*x3*x4**2*(x3 + 0.3079469485897284)]
    1: S=000 R=0.550964 C=9.00 <-- [5.620428378078578*x4*(x1*x4 + x2)]
    2: S=000 R=0.550964 C=7.00 <-- [5.698426218671931*x1*x4**2]
    3: S=000 R=0.505712 C=5.00 <-- [61.66575766085538*x1 + x2]
  Saving Pareto Front plot to ./log/regression_config_regression_PQT.json_FeynmanICh24Eq6.in_normal_0.0_2023-05-29-052159/dso_regression_config_regression_PQT.json_FeynmanICh24Eq6.in_normal_0.0_plot_pf.png
-- ANALYZING LOG END ----------------
== POST-PROCESS END ===================
