debug /depot/yexiang/apps/jiang631/data/scibench/data/unencrypted/equations_feynman/FeynmanBonus16.in
!!!!!!!!!!!!!!!!!!!!!!!!!!!!!i /depot/yexiang/apps/jiang631/data/scibench/data/unencrypted/equations_feynman/FeynmanBonus16.in
['add', 'mul', 8.98755178736818e+16, 'pow', 'add', 'pow', 'X_3', 2, 'mul', 1.11265005605362e-17, 'pow', 'add', 'X_0', 'mul', -1, 'mul', 'X_1', 'X_2', 2, 0.5, 'mul', 'X_1', 'X_4']
--------------------
eq_name 	 feynman-bonus.16
num_vars 	 5
vars_range_and_types 	 [{"name": "LogUniform", "range": [1e-09, 1e-07], "only_positive": false}, {"name": "LogUniform", "range": [1e-11, 1e-09], "only_positive": false}, {"name": "LogUniform", "range": [10.0, 1000.0], "only_positive": false}, {"name": "LogUniform", "range": [1e-30, 1e-28], "only_positive": true}, {"name": "LogUniform", "range": [0.1, 10.0], "only_positive": false}]
function_set 	 ['add', 'sub', 'mul', 'div', 'sin', 'cos', 'exp', 'log', 'const']
eq_expression 	 add,mul,8.98755178736818e+16,pow,add,pow,X_3,2,mul,1.11265005605362e-17,pow,add,X_0,mul,-1,mul,X_1,X_2,2,0.5,mul,X_1,X_4
expr 	 X_1*X_4 + 8.98755178736818e+16*sqrt(X_3**2 + 1.11265005605362e-17*(X_0 - X_1*X_2)**2)
--------------------

== EXPERIMENT SETUP START ===========
Task type            : regression
Starting seed        : 0
Runs                 : 1
== EXPERIMENT SETUP END =============

== TRAINING SEED 0 START ============
self.dataX <dso.symbolic_data_generator.DataX object at 0x2b5ee27d5898>, self.data_query_oracle: <dso.symbolic_equation_evaluator_public.Equation_evaluator object at 0x2b5ec9013d68>
generate dataset!
-- BUILDING PRIOR START -------------
WARNING: Skipping invalid 'RelationalConstraint' with arguments {'targets': [], 'effectors': [], 'relationship': None}. Reason: Prior disabled.
WARNING: Skipping invalid 'TrigConstraint' with arguments {}. Reason: There are no target Tokens.
WARNING: Skipping invalid 'UniformArityPrior' with arguments {}. Reason: Prior disabled.
WARNING: Skipping invalid 'LanguageModelPrior' with arguments {'weight': None}. Reason: Prior disabled.
LengthConstraint: Sequences have minimum length 4.
                  Sequences have maximum length 256.
RepeatConstraint: [const] cannot occur more than 10 times.
RelationalConstraint: [inv] cannot be a child of [inv].
ConstConstraint: [const] cannot be the only unique child of [inv, add, sub, mul, div].
NoInputsConstraint: Sequences contain at least one input variable Token.
SoftLengthPrior: No description available.
-- BUILDING PRIOR END ---------------

-- RUNNING EPOCHS START -------------
[00:00:00:02.51] Training epoch 1/14, current best R: 0.5000

	** New best
	Reward: 0.5000174464879343
	Count Off-policy: False
	Count On-policy: True
	Originally on Policy: True
	Invalid: False
	Traversal: mul,sub,x4,sub,sub,x5,x3,-11283.75287350647,-0.0015348356086236094
	Expression:
	  -0.0015348356086236094⋅x₃ - 0.0015348356086236094⋅x₄ + 0.0015348356086236094⋅x
	  ₅ + 17.318705709166704

[00:00:00:04.01] Training epoch 2/14, current best R: 0.5000

	** New best
	Reward: 0.500020128550429
	Count Off-policy: False
	Count On-policy: True
	Originally on Policy: True
	Invalid: False
	Traversal: sub,inv,add,0.05766867531671486,x2,sub,x3,mul,0.9988835046994591,add,div,x5,inv,x1,x3
	Expression:
	                                                                  1            
	  0.9988835046994591⋅x₁⋅x₅ - 0.001116495300540907⋅x₃ + ────────────────────────
	                                                       x₂ + 0.05766867531671486

[00:00:00:05.44] Training epoch 3/14, current best R: 0.5157

	** New best
	Reward: 0.5156934235755768
	Count Off-policy: False
	Count On-policy: True
	Originally on Policy: True
	Invalid: False
	Traversal: mul,x3,mul,0.00017380197734184755,add,sub,div,x3,2.0003672037859914,x4,1.0001095651837852
	Expression:
	  x₃⋅(8.6885036413765207e-5⋅x₃ - 0.00017380197734184755⋅x₄ + 0.00017382101998743
	  724)

[00:00:00:16.02] Training epoch 10/14, current best R: 0.5157

	** New best
	Reward: 0.5157024970556743
	Count Off-policy: False
	Count On-policy: True
	Originally on Policy: True
	Invalid: False
	Traversal: inv,div,add,inv,x3,x5,mul,x3,mul,add,-4.954980567272352e-07,div,mul,x5,0.000160723408605887,1.8499368966889984,x3
	Expression:
	    2                                                 
	  x₃ ⋅(8.688048164969758e-5⋅x₅ - 4.954980567272352e-7)
	  ────────────────────────────────────────────────────
	                             1                        
	                        x₅ + ──                       
	                             x₃                       

[00:00:00:16.04] Training epoch 10/14, current best R: 0.5157
[00:00:00:19.11] Training epoch 12/14, current best R: 0.5289

	** New best
	Reward: 0.5289088896151309
	Count Off-policy: False
	Count On-policy: True
	Originally on Policy: True
	Invalid: False
	Traversal: div,x3,sub,div,div,2.4951519266038193,div,11.803042477617918,x3,add,x2,11.803003874973683,div,-1956.9717190263325,x3
	Expression:
	                       x₃                     
	  ────────────────────────────────────────────
	   0.21139904658780735⋅x₃   1956.9717190263325
	  ─────────────────────── + ──────────────────
	  x₂ + 11.803003874973683           x₃        

[00:00:00:22.16] Training epoch 14/14, current best R: 0.5289

	** New best
	Reward: 0.5289096673822468
	Count Off-policy: False
	Count On-policy: True
	Originally on Policy: True
	Invalid: False
	Traversal: inv,sub,1.5098920664175974,add,div,inv,add,div,x3,add,x1,add,x5,-1954.0389145282095,x2,x3,1.49196743705048
	Expression:
	                                1                              
	  ─────────────────────────────────────────────────────────────
	                                           1                   
	  0.017924629367117329 - ──────────────────────────────────────
	                            ⎛                  x₃             ⎞
	                         x₃⋅⎜x₂ + ────────────────────────────⎟
	                            ⎝     x₁ + x₅ - 1954.0389145282095⎠

[00:00:00:22.17] Ending training after epoch 14/14, current best R: 0.5289
-- RUNNING EPOCHS END ---------------

-- EVALUATION START ----------------
Saving Hall of Fame to ./log/regression_config_regression_PQT.json_FeynmanBonus16.in_normal_0.0_2023-05-29-051759/dso_regression_config_regression_PQT.json_FeynmanBonus16.in_normal_0.0_0_hof.csv
Saving Pareto Front to ./log/regression_config_regression_PQT.json_FeynmanBonus16.in_normal_0.0_2023-05-29-051759/dso_regression_config_regression_PQT.json_FeynmanBonus16.in_normal_0.0_0_pf.csv
Invalid expressions: 258 of 14336 (1.8%).
Error type counts:
  true_divide: 121 (46.9%)
  reciprocal: 137 (53.1%)
Error node counts:
  divide: 258 (100.0%)

Priority queue entry 0:
	Reward: 0.5289096673822468
	Count Off-policy: False
	Count On-policy: True
	Originally on Policy: True
	Invalid: False
	Traversal: inv,sub,1.5098920664175974,add,div,inv,add,div,x3,add,x1,add,x5,-1954.0389145282095,x2,x3,1.49196743705048
	Expression:
	                                1                              
	  ─────────────────────────────────────────────────────────────
	                                           1                   
	  0.017924629367117329 - ──────────────────────────────────────
	                            ⎛                  x₃             ⎞
	                         x₃⋅⎜x₂ + ────────────────────────────⎟
	                            ⎝     x₁ + x₅ - 1954.0389145282095⎠


Priority queue entry 1:
	Reward: 0.5289088896151309
	Count Off-policy: False
	Count On-policy: True
	Originally on Policy: True
	Invalid: False
	Traversal: div,x3,sub,div,div,2.4951519266038193,div,11.803042477617918,x3,add,x2,11.803003874973683,div,-1956.9717190263325,x3
	Expression:
	                       x₃                     
	  ────────────────────────────────────────────
	   0.21139904658780735⋅x₃   1956.9717190263325
	  ─────────────────────── + ──────────────────
	  x₂ + 11.803003874973683           x₃        


Priority queue entry 2:
	Reward: 0.5289075116104883
	Count Off-policy: False
	Count On-policy: True
	Originally on Policy: True
	Invalid: False
	Traversal: div,x3,add,div,x3,56.249926046078386,div,1993.1531049025016,sub,x3,x1
	Expression:
	                       x₃                     
	  ────────────────────────────────────────────
	                            1993.1531049025016
	  0.017777801150899783⋅x₃ + ──────────────────
	                                 -x₁ + x₃     


Priority queue entry 3:
	Reward: 0.5157024970556743
	Count Off-policy: False
	Count On-policy: True
	Originally on Policy: True
	Invalid: False
	Traversal: inv,div,add,inv,x3,x5,mul,x3,mul,add,-4.954980567272352e-07,div,mul,x5,0.000160723408605887,1.8499368966889984,x3
	Expression:
	    2                                                 
	  x₃ ⋅(8.688048164969758e-5⋅x₅ - 4.954980567272352e-7)
	  ────────────────────────────────────────────────────
	                             1                        
	                        x₅ + ──                       
	                             x₃                       


Priority queue entry 4:
	Reward: 0.5156934235755768
	Count Off-policy: False
	Count On-policy: True
	Originally on Policy: True
	Invalid: False
	Traversal: mul,x3,mul,0.00017380197734184755,add,sub,div,x3,2.0003672037859914,x4,1.0001095651837852
	Expression:
	  x₃⋅(8.6885036413765207e-5⋅x₃ - 0.00017380197734184755⋅x₄ + 0.00017382101998743
	  724)


Priority queue entry 5:
	Reward: 0.5156811281426277
	Count Off-policy: False
	Count On-policy: True
	Originally on Policy: True
	Invalid: False
	Traversal: sub,x1,mul,-0.04428703115488042,add,x4,mul,x3,mul,mul,-0.04428703115488042,x3,-0.04428703115488042
	Expression:
	                              2                         
	  x₁ + 8.686197566381901e-5⋅x₃  + 0.04428703115488042⋅x₄


Priority queue entry 6:
	Reward: 0.5156811276680504
	Count Off-policy: False
	Count On-policy: True
	Originally on Policy: True
	Invalid: False
	Traversal: div,x3,add,x1,add,inv,sub,sub,x4,mul,x3,-1.0000868694139182,x3,x1
	Expression:
	                   x₃                 
	  ────────────────────────────────────
	                       1              
	  2⋅x₁ + ─────────────────────────────
	         8.6869413918199898e-5⋅x₃ + x₄


Priority queue entry 7:
	Reward: 0.5156745734279787
	Count Off-policy: False
	Count On-policy: True
	Originally on Policy: True
	Invalid: False
	Traversal: mul,sub,8.684060286023865e-05,x4,mul,x3,sub,sub,x3,inv,add,x2,inv,x4,0.9998866526655914
	Expression:
	                                 ⎛                             1   ⎞
	  x₃⋅(8.684060286023865e-5 - x₄)⋅⎜x₃ - 0.9998866526655914 - ───────⎟
	                                 ⎜                               1 ⎟
	                                 ⎜                          x₂ + ──⎟
	                                 ⎝                               x₄⎠


Priority queue entry 8:
	Reward: 0.5156693697827467
	Count Off-policy: False
	Count On-policy: True
	Originally on Policy: True
	Invalid: False
	Traversal: mul,add,x3,add,mul,add,add,x5,1.0001113023800623,x3,sub,inv,x3,x3,x4,-8.686727282802842e-05
	Expression:
	                                                                            ⎛   
	  -8.686727282802842e-5⋅x₃ - 8.686727282802842e-5⋅x₄ - 8.686727282802842e-5⋅⎜-x₃
	                                                                            ⎝   

	     1 ⎞                               
	   + ──⎟⋅(x₃ + x₅ + 1.0001113023800623)
	     x₃⎠                               


Priority queue entry 9:
	Reward: 0.5156561756842312
	Count Off-policy: False
	Count On-policy: True
	Originally on Policy: True
	Invalid: False
	Traversal: div,x3,div,div,x5,sub,add,mul,sub,0.9998866519069632,x3,-8.682981253715916e-05,0.9998866519069632,1.0001133335145038,x5
	Expression:
	  x₃⋅(8.682981253715916e-5⋅x₃ - 0.00031350157808409523)

-- EVALUATION END ------------------
== TRAINING SEED 0 END ==============
INFO: Completed run 1 of 1 in 24 s

== POST-PROCESS START =================
-- LOADING LOGS START ----------------
json configure file: ./log/regression_config_regression_PQT.json_FeynmanBonus16.in_normal_0.0_2023-05-29-051759
Successfully loaded summary data
Successfully loaded Hall of Fame data
Successfully loaded Pareto Front data
-- LOADING LOGS END ------------------

-- ANALYZING LOG START --------------
Task_____________regression
Source path______./log/regression_config_regression_PQT.json_FeynmanBonus16.in_normal_0.0_2023-05-29-051759
Runs_____________1
Max Samples/run__15000
Success_rate_____0.0
Hall of Fame (Top 5 of 100)____
    0: S=000 R=0.528910 <-- [1/(0.017924629367117329 - 1/(x3*(x2 + x3/(x1 + x5 - 1954.0389145282095))))]
    1: S=000 R=0.528909 <-- [x3/(0.21139904658780735*x3/(x2 + 11.803003874973683) + 1956.9717190263325/x3)]
    2: S=000 R=0.528908 <-- [x3/(0.017777801150899783*x3 + 1993.1531049025016/(-x1 + x3))]
    3: S=000 R=0.515702 <-- [x3**2*(8.688048164969758e-5*x5 - 4.954980567272352e-7)/(x5 + 1/x3)]
    4: S=000 R=0.515693 <-- [x3*(8.6885036413765207e-5*x3 - 0.00017380197734184755*x4 + 0.00017382101998743724)]
  Saving Hall of Fame plot to ./log/regression_config_regression_PQT.json_FeynmanBonus16.in_normal_0.0_2023-05-29-051759/dso_regression_config_regression_PQT.json_FeynmanBonus16.in_normal_0.0_plot_hof.png
Pareto Front (5 of 7)____
    0: S=000 R=0.528910 C=21.00 <-- [1/(0.017924629367117329 - 1/(x3*(x2 + x3/(x1 + x5 - 1954.0389145282095))))]
    1: S=000 R=0.528909 C=20.00 <-- [x3/(0.21139904658780735*x3/(x2 + 11.803003874973683) + 1956.9717190263325/x3)]
    2: S=000 R=0.528908 C=14.00 <-- [x3/(0.017777801150899783*x3 + 1993.1531049025016/(-x1 + x3))]
    3: S=000 R=0.515693 C=12.00 <-- [x3*(8.6885036413765207e-5*x3 - 0.00017380197734184755*x4 + 0.00017382101998743724)]
    4: S=000 R=0.515693 C=9.00 <-- [x3*(8.688130591261167e-5*x3 + 0.00017378126563669501)]
  Saving Pareto Front plot to ./log/regression_config_regression_PQT.json_FeynmanBonus16.in_normal_0.0_2023-05-29-051759/dso_regression_config_regression_PQT.json_FeynmanBonus16.in_normal_0.0_plot_pf.png
-- ANALYZING LOG END ----------------
== POST-PROCESS END ===================
