debug /depot/yexiang/apps/jiang631/data/scibench/data/unencrypted/equations_feynman/FeynmanICh48Eq2.in
!!!!!!!!!!!!!!!!!!!!!!!!!!!!!i /depot/yexiang/apps/jiang631/data/scibench/data/unencrypted/equations_feynman/FeynmanICh48Eq2.in
['mul', 8.98755178736818e+16, 'mul', 'X_0', 'pow', 'add', 1, 'mul', -1.11265005605362e-17, 'pow', 'X_1', 2, -0.5]
--------------------
eq_name 	 feynman-i.48.2
num_vars 	 2
vars_range_and_types 	 [{"name": "LogUniform", "range": [1e-29, 1e-27], "only_positive": true}, {"name": "LogUniform", "range": [1000000.0, 100000000.0], "only_positive": true}]
function_set 	 ['add', 'sub', 'mul', 'div', 'sin', 'cos', 'exp', 'log', 'const']
eq_expression 	 mul,8.98755178736818e+16,mul,X_0,pow,add,1,mul,-1.11265005605362e-17,pow,X_1,2,-0.5
expr 	 8.98755178736818e+16*X_0/sqrt(1 - 1.11265005605362e-17*X_1**2)
--------------------

== EXPERIMENT SETUP START ===========
Task type            : regression
Starting seed        : 0
Runs                 : 1
== EXPERIMENT SETUP END =============

== TRAINING SEED 0 START ============
self.dataX <dso.symbolic_data_generator.DataX object at 0x2aafa4fc6710>, self.data_query_oracle: <dso.symbolic_equation_evaluator_public.Equation_evaluator object at 0x2aaf8b826cf8>
generate dataset!
-- BUILDING PRIOR START -------------
WARNING: Skipping invalid 'RelationalConstraint' with arguments {'targets': [], 'effectors': [], 'relationship': None}. Reason: Prior disabled.
WARNING: Skipping invalid 'TrigConstraint' with arguments {}. Reason: There are no target Tokens.
WARNING: Skipping invalid 'UniformArityPrior' with arguments {}. Reason: Prior disabled.
WARNING: Skipping invalid 'LanguageModelPrior' with arguments {'weight': None}. Reason: Prior disabled.
LengthConstraint: Sequences have minimum length 4.
                  Sequences have maximum length 256.
RepeatConstraint: [const] cannot occur more than 10 times.
RelationalConstraint: [inv] cannot be a child of [inv].
ConstConstraint: [const] cannot be the only unique child of [inv, add, sub, mul, div].
NoInputsConstraint: Sequences contain at least one input variable Token.
SoftLengthPrior: No description available.
-- BUILDING PRIOR END ---------------

-- RUNNING EPOCHS START -------------
gen	iter	pop_size	nevals	uncached_size	best_val             	timer  
0  	0   	1024    	1024  	1024         	(-0.462048201588047,)	2.02876
1  	1   	1024    	756   	626          	(-0.4694393472632055,)	1.00831
2  	2   	1024    	771   	648          	(-0.46943934731258047,)	1.73222
3  	3   	1024    	752   	622          	(-0.5266496317221611,) 	2.19043
4  	4   	1024    	772   	633          	(-0.5287778579923248,) 	3.01886
5  	5   	1024    	767   	629          	(-0.5287778579923248,) 	4.63017
6  	6   	1024    	794   	682          	(-0.5287778684818161,) 	7.98999
7  	7   	1024    	792   	652          	(-0.5287778684818161,) 	10.3022
8  	8   	1024    	784   	620          	(-0.5454803554159876,) 	11.7301
9  	9   	1024    	733   	580          	(-0.5454803554159876,) 	14.0862

--------------------------------------------------
GP Time: 58.9685

Unique expressions evaluated: 7641
Total expression evaluations: 7945
--------------------------------------------------

GP -> best program this epoch:

	Reward: 0.5454803554159876
	Count Off-policy: 1
	Count On-policy: 0
	Originally on Policy: False
	Invalid: False
	Traversal: div,0.000916628590465968,sub,x2,mul,div,inv,x1,mul,x2,x2,div,mul,inv,x2,mul,inv,div,sub,x1,inv,div,add,sub,2.776445552391576e-06,div,sub,inv,sub,add,x2,x1,add,1.0,x1,-5.462666740414193,x2,2.776252680281175e-06,x2,x2,x2,sub,add,add,inv,mul,div,x2,sub,div,1.0,x2,1.0,1.0,x2,15.909955485429045,x2
	Expression:
	                                               0.000916628590465968             
	  ──────────────────────────────────────────────────────────────────────────────
	                                                          1                     
	  x₂ - ─────────────────────────────────────────────────────────────────────────
	             ⎛                         ⎛       1.0⎞⎞                            
	             ⎜                     1.0⋅⎜-1.0 + ───⎟⎟                            
	             ⎜                         ⎝        x₂⎠⎟ ⎛                          
	       x₁⋅x₂⋅⎜15.909955485429045 + ────────────────⎟⋅⎜x₁ - ─────────────────────
	             ⎝                            x₂       ⎠ ⎜                          
	                                                     ⎜                          
	                                                     ⎜                          
	                                                     ⎜     5.552698232672751e-6 
	                                                     ⎝                          

                               
	  ───────────────────────────────
                               
	  ───────────────────────────────
                               
                               
	      x₂                        ⎞
	  ──────────────────────────────⎟
	                           1    ⎟
	    5.462666740414193 + ────────⎟
	                        x₂ - 1.0⎟
	  - ────────────────────────────⎟
	                 x₂             ⎠

None

--------------------------------------------------

[00:00:01:03.87] Training epoch 1/14, current best R: 0.5455

	** New best
	Reward: 0.5454803554159876
	Count Off-policy: 1
	Count On-policy: 0
	Originally on Policy: False
	Invalid: False
	Traversal: div,0.000916628590465968,sub,x2,mul,div,inv,x1,mul,x2,x2,div,mul,inv,x2,mul,inv,div,sub,x1,inv,div,add,sub,2.776445552391576e-06,div,sub,inv,sub,add,x2,x1,add,1.0,x1,-5.462666740414193,x2,2.776252680281175e-06,x2,x2,x2,sub,add,add,inv,mul,div,x2,sub,div,1.0,x2,1.0,1.0,x2,15.909955485429045,x2
	Expression:
	                                               0.000916628590465968             
	  ──────────────────────────────────────────────────────────────────────────────
	                                                          1                     
	  x₂ - ─────────────────────────────────────────────────────────────────────────
	             ⎛                         ⎛       1.0⎞⎞                            
	             ⎜                     1.0⋅⎜-1.0 + ───⎟⎟                            
	             ⎜                         ⎝        x₂⎠⎟ ⎛                          
	       x₁⋅x₂⋅⎜15.909955485429045 + ────────────────⎟⋅⎜x₁ - ─────────────────────
	             ⎝                            x₂       ⎠ ⎜                          
	                                                     ⎜                          
	                                                     ⎜                          
	                                                     ⎜     5.552698232672751e-6 
	                                                     ⎝                          

                               
	  ───────────────────────────────
                               
	  ───────────────────────────────
                               
                               
	      x₂                        ⎞
	  ──────────────────────────────⎟
	                           1    ⎟
	    5.462666740414193 + ────────⎟
	                        x₂ - 1.0⎟
	  - ────────────────────────────⎟
	                 x₂             ⎠

10 	0   	1024    	1024  	1021         	(-0.4999555629277731,) 	1.24338
11 	1   	1024    	754   	641          	(-0.4999555629277731,) 	1.46637
12 	2   	1024    	789   	640          	(-0.4999555629277731,) 	2.3654 
13 	3   	1024    	760   	614          	(-0.4999555629277731,) 	2.19766
14 	4   	1024    	780   	624          	(-0.4999555629277731,) 	1.68284
15 	5   	1024    	783   	638          	(-0.5287778579389343,) 	1.84264
16 	6   	1024    	749   	594          	(-0.5287778579389343,) 	2.2071 
17 	7   	1024    	781   	599          	(-0.5287778726712489,) 	3.89965
18 	8   	1024    	777   	557          	(-0.5288402191472568,) 	5.66975
19 	9   	1024    	762   	537          	(-0.5288402191472568,) 	5.62042

--------------------------------------------------
GP Time: 28.449

Unique expressions evaluated: 15046
Total expression evaluations: 15904
--------------------------------------------------

GP -> best program this epoch:

	Reward: 0.5288402191472568
	Count Off-policy: 1
	Count On-policy: 0
	Originally on Policy: False
	Invalid: False
	Traversal: inv,add,div,inv,mul,x2,mul,inv,mul,x1,x2,0.2525818224300274,mul,div,x1,div,inv,x2,div,sub,1.0000022347139301,div,sub,mul,0.25258098594322737,x2,x1,4.648032332265906e-05,sub,inv,div,inv,x2,x1,0.15617867559148912,x1,div,inv,add,inv,x1,x1,sub,mul,x1,div,0.0005423382966818597,x2,div,x1,mul,x2,inv,div,add,inv,sub,1.0,div,mul,1.0,x2,1.0,145.41309511304704,x2
	Expression:
	                                                                           1    
	  ──────────────────────────────────────────────────────────────────────────────
	                                      1                                         
	  ───────────────────────────────────────────────────────────────────────── + ──
	            ⎛                              ⎛                        1    ⎞⎞   x₁
	            ⎜                           x₁⋅⎜145.41309511304704 + ────────⎟⎟     
	  ⎛     1 ⎞ ⎜0.0005423382966818597⋅x₁      ⎝                     1.0 - x₂⎠⎟     
	  ⎜x₁ + ──⎟⋅⎜──────────────────────── - ──────────────────────────────────⎟     
	  ⎝     x₁⎠ ⎜           x₂                               2                ⎟     
	            ⎝                                          x₂                 ⎠     

                                                                      
	  ──────────────────────────────────────────────────────────────────────
	             3.95911309206358⋅(x₁⋅x₂ - 0.15617867559148912)             
	  ──────────────────────────────────────────────────────────────────────
	  ⋅x₂⋅(21514.48029003925⋅x₁ - 5434.148643714246⋅x₂ + 1.0000022347139301)
                                                                      
                                                                      
                                                                      
                                                                      
                                                                      

None

--------------------------------------------------

-- RUNNING EPOCHS END ---------------

-- EVALUATION START ----------------
Saving Hall of Fame to ./log/regression_config_regression_GPMELD.json_FeynmanICh48Eq2.in_normal_0.0_2023-05-29-051554/dso_regression_config_regression_GPMELD.json_FeynmanICh48Eq2.in_normal_0.0_0_hof.csv
Saving Pareto Front to ./log/regression_config_regression_GPMELD.json_FeynmanICh48Eq2.in_normal_0.0_2023-05-29-051554/dso_regression_config_regression_GPMELD.json_FeynmanICh48Eq2.in_normal_0.0_0_pf.csv
Invalid expressions: 393 of 17952 (2.2%).
Error type counts:
  reciprocal: 250 (63.6%)
  true_divide: 143 (36.4%)
Error node counts:
  divide: 391 (99.5%)
  invalid: 2 (0.5%)
-- EVALUATION END ------------------
== TRAINING SEED 0 END ==============
INFO: Completed run 1 of 1 in 99 s

== POST-PROCESS START =================
-- LOADING LOGS START ----------------
json configure file: ./log/regression_config_regression_GPMELD.json_FeynmanICh48Eq2.in_normal_0.0_2023-05-29-051554
Successfully loaded summary data
Successfully loaded Hall of Fame data
Successfully loaded Pareto Front data
-- LOADING LOGS END ------------------

-- ANALYZING LOG START --------------
Task_____________regression
Source path______./log/regression_config_regression_GPMELD.json_FeynmanICh48Eq2.in_normal_0.0_2023-05-29-051554
Runs_____________1
Max Samples/run__15000
Success_rate_____0.0
Hall of Fame (Top 5 of 100)____
    0: S=000 R=0.545480 <-- [0.000916628590465968/(x2 - 1/(x1*x2*(15.909955485429045 + 1.0*(-1.0 + 1.0/x2)/x2)*(x1 - x2/(5.552698232672751e-6 - (5.462666740414193 + 1/(x2 - 1.0))/x2))))]
    1: S=000 R=0.545480 <-- [0.000916628590465968/(x2 - 1/(x1*x2*(15.909955485429045 + 1.0*(-1.0 + 1.0/x2)/x2)*(x1 - x2/(5.552698232672751e-6 - (5.462666740414193 + 1/(x2 - 1.0))/x2))))]
    2: S=000 R=0.531237 <-- [0.00039592366994595766/(x2 + 0.006679415245066028/(x1*(x1 - x2/(x1 - 3.419625846634184e-6 - 1/(x1 - 0.72050428408936002*x2)))*(-x1 + x2 + 1.0001161994482997)))]
    3: S=000 R=0.531237 <-- [0.00039592366994595766/(x2 + 0.006679415245066028/(x1*(x1 - x2/(x1 - 3.419625846634184e-6 - 1/(x1 - 0.72050428408936002*x2)))*(-x1 + x2 + 1.0001161994482997)))]
    4: S=000 R=0.528840 <-- [1/(1/((x1 + 1/x1)*(0.0005423382966818597*x1/x2 - x1*(145.41309511304704 + 1/(1.0 - 1.0*x2))/x2**2)) + 3.95911309206358*(x1*x2 - 0.15617867559148912)/(x1*x2*(21514.48029003925*x1 - 5434.148643714246*x2 + 1.0000022347139301)))]
  Saving Hall of Fame plot to ./log/regression_config_regression_GPMELD.json_FeynmanICh48Eq2.in_normal_0.0_2023-05-29-051554/dso_regression_config_regression_GPMELD.json_FeynmanICh48Eq2.in_normal_0.0_plot_hof.png
Pareto Front (5 of 16)____
    0: S=000 R=0.545480 C=71.00 <-- [0.000916628590465968/(x2 - 1/(x1*x2*(15.909955485429045 + 1.0*(-1.0 + 1.0/x2)/x2)*(x1 - x2/(5.552698232672751e-6 - (5.462666740414193 + 1/(x2 - 1.0))/x2))))]
    1: S=000 R=0.531237 C=64.00 <-- [0.00039592366994595766/(x2 + 0.006679415245066028/(x1*(x1 - x2/(x1 - 3.419625846634184e-6 - 1/(x1 - 0.72050428408936002*x2)))*(-x1 + x2 + 1.0001161994482997)))]
    2: S=000 R=0.528778 C=47.00 <-- [0.0005324190016724235/(x2 - 0.00012906701060158613/(x1*(x1 - x2/(x1 + 0.0004816730025397738))*(-x1 + x2 + 1.0000032680461017)))]
    3: S=000 R=0.528778 C=44.00 <-- [0.0005324079810482512/(x2 + 0.00020029144205436228/(x1*(x1 - x2/(x1 - 0.000620711020707791))*(-x1 + 2*x2 + 1.0000001523206026)))]
    4: S=000 R=0.528358 C=38.00 <-- [0.0005990671636621804/(x2 - 1.0423061537953048e-7/(x1*x2**2*(-1.0798628934208794 + 1/(x2 - 1.0))))]
  Saving Pareto Front plot to ./log/regression_config_regression_GPMELD.json_FeynmanICh48Eq2.in_normal_0.0_2023-05-29-051554/dso_regression_config_regression_GPMELD.json_FeynmanICh48Eq2.in_normal_0.0_plot_pf.png
-- ANALYZING LOG END ----------------
== POST-PROCESS END ===================
