debug /depot/yexiang/apps/jiang631/data/scibench/data/unencrypted/equations_feynman/FeynmanIIICh9Eq52.in
!!!!!!!!!!!!!!!!!!!!!!!!!!!!!i /depot/yexiang/apps/jiang631/data/scibench/data/unencrypted/equations_feynman/FeynmanIIICh9Eq52.in
['mul', 1.2073649260489e+34, 'mul', 3.141592653589793, 'mul', 'X_0', 'mul', 'X_1', 'mul', 'pow', 'X_2', -1, 'mul', 'pow', 'add', 'X_3', 'mul', -1, 'X_4', -2, 'pow', 'sin', 'mul', 0.5, 'mul', 'X_2', 'add', 'X_3', 'mul', -1, 'X_4', 2]
--------------------
eq_name 	 feynman-iii.9.52
num_vars 	 5
vars_range_and_types 	 [{"name": "LogUniform", "range": [1e-22, 1e-20], "only_positive": false}, {"name": "LogUniform", "range": [10.0, 1000.0], "only_positive": false}, {"name": "LogUniform", "range": [1e-18, 1e-16], "only_positive": true}, {"name": "LogUniform", "range": [100000000.0, 10000000000.0], "only_positive": true}, {"name": "LogUniform", "range": [100000000.0, 10000000000.0], "only_positive": true}]
function_set 	 ['add', 'sub', 'mul', 'div', 'sin', 'cos', 'exp', 'log', 'const']
eq_expression 	 mul,1.2073649260489e+34,mul,3.141592653589793,mul,X_0,mul,X_1,mul,pow,X_2,-1,mul,pow,add,X_3,mul,-1,X_4,-2,pow,sin,mul,0.5,mul,X_2,add,X_3,mul,-1,X_4,2
expr 	 1.2073649260489e+34*pi*X_0*X_1*sin(X_2*(X_3 - X_4)/2)**2/(X_2*(X_3 - X_4)**2)
--------------------

== EXPERIMENT SETUP START ===========
Task type            : regression
Starting seed        : 0
Runs                 : 1
== EXPERIMENT SETUP END =============

== TRAINING SEED 0 START ============
self.dataX <dso.symbolic_data_generator.DataX object at 0x2ad5988ca898>, self.data_query_oracle: <dso.symbolic_equation_evaluator_public.Equation_evaluator object at 0x2ad57f12cd68>
generate dataset!
-- BUILDING PRIOR START -------------
WARNING: Skipping invalid 'RelationalConstraint' with arguments {'targets': [], 'effectors': [], 'relationship': None}. Reason: Prior disabled.
WARNING: Skipping invalid 'TrigConstraint' with arguments {}. Reason: There are no target Tokens.
WARNING: Skipping invalid 'UniformArityPrior' with arguments {}. Reason: Prior disabled.
WARNING: Skipping invalid 'LanguageModelPrior' with arguments {'weight': None}. Reason: Prior disabled.
LengthConstraint: Sequences have minimum length 4.
                  Sequences have maximum length 256.
RepeatConstraint: [const] cannot occur more than 10 times.
RelationalConstraint: [inv] cannot be a child of [inv].
ConstConstraint: [const] cannot be the only unique child of [inv, add, sub, mul, div].
NoInputsConstraint: Sequences contain at least one input variable Token.
SoftLengthPrior: No description available.
-- BUILDING PRIOR END ---------------

-- RUNNING EPOCHS START -------------
[00:00:00:01.81] Training epoch 1/14, current best R: 0.5003

	** New best
	Reward: 0.5003321948318402
	Count Off-policy: False
	Count On-policy: True
	Originally on Policy: True
	Invalid: False
	Traversal: mul,sub,x2,1.0,div,x2,inv,mul,x3,sub,x4,inv,add,x2,x4
	Expression:
	                   ⎛        1   ⎞
	  x₂⋅x₃⋅(x₂ - 1.0)⋅⎜x₄ - ───────⎟
	                   ⎝     x₂ + x₄⎠

[00:00:00:03.03] Training epoch 2/14, current best R: 0.5011

	** New best
	Reward: 0.5011358210059562
	Count Off-policy: False
	Count On-policy: True
	Originally on Policy: True
	Invalid: False
	Traversal: sub,x1,div,div,-0.0921810659378834,x3,div,sub,mul,x1,x4,add,sub,1.0,inv,x1,mul,x2,x4,x2
	Expression:
	           0.0921810659378834⋅x₂    
	  x₁ + ─────────────────────────────
	          ⎛                      1 ⎞
	       x₃⋅⎜x₁⋅x₄ - x₂⋅x₄ - 1.0 + ──⎟
	          ⎝                      x₁⎠

[00:00:00:05.88] Training epoch 5/14, current best R: 0.5134

	** New best
	Reward: 0.5133526950816031
	Count Off-policy: False
	Count On-policy: True
	Originally on Policy: True
	Invalid: False
	Traversal: div,x5,div,inv,add,x4,x3,mul,mul,x1,x2,0.00962352364058941
	Expression:
	  0.00962352364058941⋅x₁⋅x₂⋅x₅⋅(x₃ + x₄)

[00:00:00:08.97] Training epoch 8/14, current best R: 0.5226

	** New best
	Reward: 0.5226193245763476
	Count Off-policy: False
	Count On-policy: True
	Originally on Policy: True
	Invalid: False
	Traversal: add,div,mul,x5,div,mul,add,x2,0.999910550038147,1.9593542562722188,mul,inv,x2,div,inv,x2,x1,0.02809636317034618,-0.0005471032242165987
	Expression:
	                         2                                                      
	  35.59179506390466⋅x₁⋅x₂ ⋅x₅⋅(1.9593542562722188⋅x₂ + 1.9591789921087387) - 0.0

                  
	  005471032242165987

[00:00:00:11.17] Training epoch 10/14, current best R: 0.5226
[00:00:00:15.21] Ending training after epoch 14/14, current best R: 0.5226
-- RUNNING EPOCHS END ---------------

-- EVALUATION START ----------------
Saving Hall of Fame to ./log/regression_config_regression_DSR.json_FeynmanIIICh9Eq52.in_normal_0.0_2023-05-29-052427/dso_regression_config_regression_DSR.json_FeynmanIIICh9Eq52.in_normal_0.0_0_hof.csv
Saving Pareto Front to ./log/regression_config_regression_DSR.json_FeynmanIIICh9Eq52.in_normal_0.0_2023-05-29-052427/dso_regression_config_regression_DSR.json_FeynmanIIICh9Eq52.in_normal_0.0_0_pf.csv
Invalid expressions: 288 of 14336 (2.0%).
Error type counts:
  true_divide: 121 (42.0%)
  reciprocal: 167 (58.0%)
Error node counts:
  divide: 288 (100.0%)
-- EVALUATION END ------------------
== TRAINING SEED 0 END ==============
INFO: Completed run 1 of 1 in 16 s

== POST-PROCESS START =================
-- LOADING LOGS START ----------------
json configure file: ./log/regression_config_regression_DSR.json_FeynmanIIICh9Eq52.in_normal_0.0_2023-05-29-052427
Successfully loaded summary data
Successfully loaded Hall of Fame data
Successfully loaded Pareto Front data
-- LOADING LOGS END ------------------

-- ANALYZING LOG START --------------
Task_____________regression
Source path______./log/regression_config_regression_DSR.json_FeynmanIIICh9Eq52.in_normal_0.0_2023-05-29-052427
Runs_____________1
Max Samples/run__15000
Success_rate_____0.0
Hall of Fame (Top 5 of 100)____
    0: S=000 R=0.522619 <-- [35.59179506390466*x1*x2**2*x5*(1.9593542562722188*x2 + 1.9591789921087387) - 0.0005471032242165987]
    1: S=000 R=0.515231 <-- [-0.0046825443699966265*x1*(x2 + x5**2*(-x2 + x3 + 0.9999068211037095))]
    2: S=000 R=0.515226 <-- [x2*x5*(-x3 - 12.047665752082198)/(x5 - 2544.9769655529244/(x1*x5))]
    3: S=000 R=0.515207 <-- [0.0048557328193571457*x1*x2*x5**2]
    4: S=000 R=0.513353 <-- [0.00962352364058941*x1*x2*x5*(x3 + x4)]
  Saving Hall of Fame plot to ./log/regression_config_regression_DSR.json_FeynmanIIICh9Eq52.in_normal_0.0_2023-05-29-052427/dso_regression_config_regression_DSR.json_FeynmanIIICh9Eq52.in_normal_0.0_plot_hof.png
Pareto Front (5 of 9)____
    0: S=000 R=0.522619 C=24.00 <-- [35.59179506390466*x1*x2**2*x5*(1.9593542562722188*x2 + 1.9591789921087387) - 0.0005471032242165987]
    1: S=000 R=0.515231 C=18.00 <-- [-0.0046825443699966265*x1*(x2 + x5**2*(-x2 + x3 + 0.9999068211037095))]
    2: S=000 R=0.515207 C=16.00 <-- [0.0048557328193571457*x1*x2*x5**2]
    3: S=000 R=0.513353 C=15.00 <-- [0.00962352364058941*x1*x2*x5*(x3 + x4)]
    4: S=000 R=0.513132 C=13.00 <-- [0.0042892049844780461*x1*x2*x4**2 - 0.00019887365963815667]
  Saving Pareto Front plot to ./log/regression_config_regression_DSR.json_FeynmanIIICh9Eq52.in_normal_0.0_2023-05-29-052427/dso_regression_config_regression_DSR.json_FeynmanIIICh9Eq52.in_normal_0.0_plot_pf.png
-- ANALYZING LOG END ----------------
== POST-PROCESS END ===================
