debug /depot/yexiang/apps/jiang631/data/scibench/data/unencrypted/equations_feynman/FeynmanBonus15.in
!!!!!!!!!!!!!!!!!!!!!!!!!!!!!i /depot/yexiang/apps/jiang631/data/scibench/data/unencrypted/equations_feynman/FeynmanBonus15.in
['mul', 'X_1', 'mul', 'pow', 'add', 1, 'mul', -1.11265005605362e-17, 'pow', 'X_0', 2, 0.5, 'pow', 'add', 1, 'mul', 3.33564095198152e-09, 'mul', 'X_0', 'cos', 'X_2', -1]
--------------------
eq_name 	 feynman-bonus.15
num_vars 	 3
vars_range_and_types 	 [{"name": "LogUniform", "range": [100000.0, 10000000.0], "only_positive": true}, {"name": "LogUniform", "range": [1000000000.0, 100000000000.0], "only_positive": true}, {"name": "Uniform", "range": [0, 6.283185307179586], "only_positive": true}]
function_set 	 ['add', 'sub', 'mul', 'div', 'sin', 'cos', 'exp', 'log', 'const']
eq_expression 	 mul,X_1,mul,pow,add,1,mul,-1.11265005605362e-17,pow,X_0,2,0.5,pow,add,1,mul,3.33564095198152e-09,mul,X_0,cos,X_2,-1
expr 	 X_1*sqrt(1 - 1.11265005605362e-17*X_0**2)/(3.33564095198152e-9*X_0*cos(X_2) + 1)
--------------------

== EXPERIMENT SETUP START ===========
Task type            : regression
Starting seed        : 0
Runs                 : 1
== EXPERIMENT SETUP END =============

== TRAINING SEED 0 START ============
self.dataX <dso.symbolic_data_generator.DataX object at 0x2b68a7515898>, self.data_query_oracle: <dso.symbolic_equation_evaluator_public.Equation_evaluator object at 0x2b6891dafd68>
generate dataset!
-- BUILDING PRIOR START -------------
WARNING: Skipping invalid 'RelationalConstraint' with arguments {'targets': [], 'effectors': [], 'relationship': None}. Reason: Prior disabled.
WARNING: Skipping invalid 'TrigConstraint' with arguments {}. Reason: There are no target Tokens.
WARNING: Skipping invalid 'UniformArityPrior' with arguments {}. Reason: Prior disabled.
WARNING: Skipping invalid 'LanguageModelPrior' with arguments {'weight': None}. Reason: Prior disabled.
LengthConstraint: Sequences have minimum length 4.
                  Sequences have maximum length 256.
RepeatConstraint: [const] cannot occur more than 10 times.
RelationalConstraint: [inv] cannot be a child of [inv].
ConstConstraint: [const] cannot be the only unique child of [inv, add, sub, mul, div].
NoInputsConstraint: Sequences contain at least one input variable Token.
SoftLengthPrior: No description available.
-- BUILDING PRIOR END ---------------

-- RUNNING EPOCHS START -------------
gen	iter	pop_size	nevals	uncached_size	best_val              	timer  
0  	0   	1024    	1024  	1024         	(-0.9897302302128884,)	2.47276
1  	1   	1024    	750   	643          	(-0.9897302302128884,)	0.850362
2  	2   	1024    	771   	668          	(-0.9897302302139787,)	0.802952
3  	3   	1024    	736   	624          	(-0.9897375811976866,)	0.823593
4  	4   	1024    	754   	642          	(-0.9898567542864872,)	1.45997 
5  	5   	1024    	796   	652          	(-0.9906842854940388,)	2.53528 
6  	6   	1024    	762   	638          	(-0.9906906613774509,)	2.82764 
7  	7   	1024    	797   	675          	(-0.9919859332224297,)	6.06537 
8  	8   	1024    	761   	637          	(-0.9919859332224297,)	5.33254 
9  	9   	1024    	768   	636          	(-0.9932002967636031,)	8.22711 

--------------------------------------------------
GP Time: 31.6742

Unique expressions evaluated: 7789
Total expression evaluations: 7919
--------------------------------------------------

GP -> best program this epoch:

	Reward: 0.9932002967636031
	Count Off-policy: 1
	Count On-policy: 0
	Originally on Policy: False
	Invalid: False
	Traversal: add,x2,mul,sub,inv,mul,1.0,x2,div,x3,div,div,add,add,x2,1.0,div,x1,x2,mul,div,x2,x3,mul,sub,div,mul,x1,div,inv,mul,2.8121624604953848,inv,x3,inv,x3,x3,mul,1.7886755977500477,x1,x2,mul,-0.00035545638988276895,x3,add,x3,div,sub,0.09967665963942562,x1,div,mul,x1,0.9999990808847088,x3
	Expression:
	                                                              ⎛                 
	       ⎛     1.000000919116136⋅x₃⋅(0.09967665963942562 - x₁)⎞ ⎜0.000355456389882
	  x₂ + ⎜x₃ + ───────────────────────────────────────────────⎟⋅⎜─────────────────
	       ⎝                            x₁                      ⎠ ⎜                 
	                                                              ⎜                 
	                                                              ⎝                 

	          2                                                             ⎞
	  76895⋅x₂ ⋅x₃⋅(0.35559823233819928⋅x₁⋅x₃ - 1.7886755977500477⋅x₁)   1.0⎟
	  ──────────────────────────────────────────────────────────────── + ───⎟
	                   x₁                                                 x₂⎟
	                   ── + x₂ + 1.0                                        ⎟
	                   x₂                                                   ⎠

None

--------------------------------------------------

[00:00:00:36.16] Training epoch 1/14, current best R: 0.9932

	** New best
	Reward: 0.9932002967636031
	Count Off-policy: 1
	Count On-policy: 0
	Originally on Policy: False
	Invalid: False
	Traversal: add,x2,mul,sub,inv,mul,1.0,x2,div,x3,div,div,add,add,x2,1.0,div,x1,x2,mul,div,x2,x3,mul,sub,div,mul,x1,div,inv,mul,2.8121624604953848,inv,x3,inv,x3,x3,mul,1.7886755977500477,x1,x2,mul,-0.00035545638988276895,x3,add,x3,div,sub,0.09967665963942562,x1,div,mul,x1,0.9999990808847088,x3
	Expression:
	                                                              ⎛                 
	       ⎛     1.000000919116136⋅x₃⋅(0.09967665963942562 - x₁)⎞ ⎜0.000355456389882
	  x₂ + ⎜x₃ + ───────────────────────────────────────────────⎟⋅⎜─────────────────
	       ⎝                            x₁                      ⎠ ⎜                 
	                                                              ⎜                 
	                                                              ⎝                 

	          2                                                             ⎞
	  76895⋅x₂ ⋅x₃⋅(0.35559823233819928⋅x₁⋅x₃ - 1.7886755977500477⋅x₁)   1.0⎟
	  ──────────────────────────────────────────────────────────────── + ───⎟
	                   x₁                                                 x₂⎟
	                   ── + x₂ + 1.0                                        ⎟
	                   x₂                                                   ⎠

10 	0   	1024    	1024  	1021         	(-0.9897263883481838,)	0.882312
11 	1   	1024    	781   	678          	(-0.9897263934355998,)	1.15183 
12 	2   	1024    	783   	674          	(-0.9905570906864081,)	0.989307
13 	3   	1024    	771   	650          	(-0.9905570906864081,)	2.12357 
14 	4   	1024    	751   	632          	(-0.9910483132147817,)	3.06002 
15 	5   	1024    	741   	627          	(-0.9919495632323982,)	4.60562 
16 	6   	1024    	807   	669          	(-0.9919524088651163,)	10.479  
17 	7   	1024    	765   	642          	(-0.9919524088651163,)	12.2606 
18 	8   	1024    	768   	635          	(-0.9920118327529982,)	13.8542 
19 	9   	1024    	778   	634          	(-0.9920118327529982,)	20.8356 

--------------------------------------------------
GP Time: 70.502

Unique expressions evaluated: 15594
Total expression evaluations: 15888
--------------------------------------------------

GP -> best program this epoch:

	Reward: 0.9920118327529982
	Count Off-policy: 1
	Count On-policy: 0
	Originally on Policy: False
	Invalid: False
	Traversal: sub,add,mul,add,x3,mul,x3,mul,x1,sub,6.319769728459248,x3,17.295567664860595,add,1.0,x2,mul,x1,116.90679544950656
	Expression:
	  17.295567664860595⋅x₁⋅x₃⋅(6.319769728459248 - x₃) - 116.90679544950656⋅x₁ + x₂
	   + 17.295567664860595⋅x₃ + 1.0

None

--------------------------------------------------

-- RUNNING EPOCHS END ---------------

-- EVALUATION START ----------------
Saving Hall of Fame to ./log/regression_config_regression_GPMELD.json_FeynmanBonus15.in_normal_0.0_2023-05-29-051639/dso_regression_config_regression_GPMELD.json_FeynmanBonus15.in_normal_0.0_0_hof.csv
Saving Pareto Front to ./log/regression_config_regression_GPMELD.json_FeynmanBonus15.in_normal_0.0_2023-05-29-051639/dso_regression_config_regression_GPMELD.json_FeynmanBonus15.in_normal_0.0_0_pf.csv
Invalid expressions: 205 of 17936 (1.1%).
Error type counts:
  true_divide: 87 (42.4%)
  reciprocal: 118 (57.6%)
Error node counts:
  divide: 205 (100.0%)
-- EVALUATION END ------------------
== TRAINING SEED 0 END ==============
INFO: Completed run 1 of 1 in 111 s

== POST-PROCESS START =================
-- LOADING LOGS START ----------------
json configure file: ./log/regression_config_regression_GPMELD.json_FeynmanBonus15.in_normal_0.0_2023-05-29-051639
Successfully loaded summary data
Successfully loaded Hall of Fame data
Successfully loaded Pareto Front data
-- LOADING LOGS END ------------------

-- ANALYZING LOG START --------------
Task_____________regression
Source path______./log/regression_config_regression_GPMELD.json_FeynmanBonus15.in_normal_0.0_2023-05-29-051639
Runs_____________1
Max Samples/run__15000
Success_rate_____0.0
Hall of Fame (Top 5 of 100)____
    0: S=000 R=0.993200 <-- [x2 + (x3 + 1.000000919116136*x3*(0.09967665963942562 - x1)/x1)*(0.00035545638988276895*x2**2*x3*(0.35559823233819928*x1*x3 - 1.7886755977500477*x1)/(x1/x2 + x2 + 1.0) + 1.0/x2)]
    1: S=000 R=0.993200 <-- [x2 + (x3 + 1.000000919116136*x3*(0.09967665963942562 - x1)/x1)*(0.00035545638988276895*x2**2*x3*(0.35559823233819928*x1*x3 - 1.7886755977500477*x1)/(x1/x2 + x2 + 1.0) + 1.0/x2)]
    2: S=000 R=0.992461 <-- [x2 + (0.6116465469461767*x3 - 3.0136476003632601)*(-24.667280730780558*x3*(x1 - 1.5609996666785417*x1/x3 + 3.309153153229684e-5*x2) + 1/(x1 - x2))]
    3: S=000 R=0.992461 <-- [x2 + (0.6116465469461767*x3 - 3.0136476003632601)*(-24.667280730780558*x3*(x1 - 1.5609996666785417*x1/x3 + 3.309153153229684e-5*x2) + 1/(x1 - x2))]
    4: S=000 R=0.992012 <-- [17.295567664860595*x1*x3*(6.319769728459248 - x3) - 116.90679544950656*x1 + x2 + 17.295567664860595*x3 + 1.0]
  Saving Hall of Fame plot to ./log/regression_config_regression_GPMELD.json_FeynmanBonus15.in_normal_0.0_2023-05-29-051639/dso_regression_config_regression_GPMELD.json_FeynmanBonus15.in_normal_0.0_plot_hof.png
Pareto Front (5 of 11)____
    0: S=000 R=0.993200 C=68.00 <-- [x2 + (x3 + 1.000000919116136*x3*(0.09967665963942562 - x1)/x1)*(0.00035545638988276895*x2**2*x3*(0.35559823233819928*x1*x3 - 1.7886755977500477*x1)/(x1/x2 + x2 + 1.0) + 1.0/x2)]
    1: S=000 R=0.992461 C=40.00 <-- [x2 + (0.6116465469461767*x3 - 3.0136476003632601)*(-24.667280730780558*x3*(x1 - 1.5609996666785417*x1/x3 + 3.309153153229684e-5*x2) + 1/(x1 - x2))]
    2: S=000 R=0.992012 C=19.00 <-- [17.295567664860595*x1*x3*(6.319769728459248 - x3) - 116.90679544950656*x1 + x2 + 17.295567664860595*x3 + 1.0]
    3: S=000 R=0.990566 C=17.00 <-- [7.427274747126916*x1*x3*(4.732851940408049 - x3) - x1 + x2 + 7.427274747126916*x3 + 1.0]
    4: S=000 R=0.990077 C=14.00 <-- [x2*(1.0020819692733125 - 0.0046792680462041001/(x3 + 0.3368923101637095))]
  Saving Pareto Front plot to ./log/regression_config_regression_GPMELD.json_FeynmanBonus15.in_normal_0.0_2023-05-29-051639/dso_regression_config_regression_GPMELD.json_FeynmanBonus15.in_normal_0.0_plot_pf.png
-- ANALYZING LOG END ----------------
== POST-PROCESS END ===================
