debug /depot/yexiang/apps/jiang631/data/scibench/data/unencrypted/equations_feynman/FeynmanIICh11Eq20.in
!!!!!!!!!!!!!!!!!!!!!!!!!!!!!i /depot/yexiang/apps/jiang631/data/scibench/data/unencrypted/equations_feynman/FeynmanIICh11Eq20.in
['mul', 2.41432350534664e+22, 'mul', 'X_0', 'mul', 'X_2', 'mul', 'pow', 'X_1', 2, 'pow', 'X_3', -1]
--------------------
eq_name 	 feynman-ii.11.20
num_vars 	 4
vars_range_and_types 	 [{"name": "LogUniform", "range": [1e+23, 1e+25], "only_positive": true}, {"name": "LogUniform", "range": [1e-22, 1e-20], "only_positive": false}, {"name": "LogUniform", "range": [10.0, 1000.0], "only_positive": false}, {"name": "LogUniform", "range": [10.0, 1000.0], "only_positive": true}]
function_set 	 ['add', 'sub', 'mul', 'div', 'sin', 'cos', 'exp', 'log', 'const']
eq_expression 	 mul,2.41432350534664e+22,mul,X_0,mul,X_2,mul,pow,X_1,2,pow,X_3,-1
expr 	 2.41432350534664e+22*X_0*X_1**2*X_2/X_3
--------------------

== EXPERIMENT SETUP START ===========
Task type            : regression
Starting seed        : 0
Runs                 : 1
== EXPERIMENT SETUP END =============

== TRAINING SEED 0 START ============
self.dataX <dso.symbolic_data_generator.DataX object at 0x2ac7f95c0198>, self.data_query_oracle: <dso.symbolic_equation_evaluator_public.Equation_evaluator object at 0x2ac818661cf8>
generate dataset!
-- BUILDING PRIOR START -------------
WARNING: Skipping invalid 'RelationalConstraint' with arguments {'targets': [], 'effectors': [], 'relationship': None}. Reason: Prior disabled.
WARNING: Skipping invalid 'TrigConstraint' with arguments {}. Reason: There are no target Tokens.
WARNING: Skipping invalid 'UniformArityPrior' with arguments {}. Reason: Prior disabled.
WARNING: Skipping invalid 'LanguageModelPrior' with arguments {'weight': None}. Reason: Prior disabled.
LengthConstraint: Sequences have minimum length 4.
                  Sequences have maximum length 256.
RepeatConstraint: [const] cannot occur more than 10 times.
RelationalConstraint: [inv] cannot be a child of [inv].
ConstConstraint: [const] cannot be the only unique child of [inv, add, sub, mul, div].
NoInputsConstraint: Sequences contain at least one input variable Token.
SoftLengthPrior: No description available.
-- BUILDING PRIOR END ---------------

-- RUNNING EPOCHS START -------------
[00:00:00:02.22] Training epoch 1/14, current best R: 0.5074

	** New best
	Reward: 0.5074266737824094
	Count Off-policy: False
	Count On-policy: True
	Originally on Policy: True
	Invalid: False
	Traversal: mul,x3,mul,inv,x4,mul,x3,add,x3,sub,1.0,x4
	Expression:
	    2                
	  x₃ ⋅(x₃ - x₄ + 1.0)
	  ───────────────────
	           x₄        

[00:00:00:04.37] Training epoch 3/14, current best R: 0.5114

	** New best
	Reward: 0.5114015256931387
	Count Off-policy: False
	Count On-policy: True
	Originally on Policy: True
	Invalid: False
	Traversal: add,x4,inv,div,mul,x4,sub,mul,inv,div,x3,1.0007372907648056,1.0007673725263662,inv,x3,848.620214671721
	Expression:
	  563781.44217252523⋅x₃     
	  ───────────────────── + x₄
	            x₄              

[00:00:00:11.01] Training epoch 10/14, current best R: 0.5114
[00:00:00:14.79] Ending training after epoch 14/14, current best R: 0.5114
-- RUNNING EPOCHS END ---------------

-- EVALUATION START ----------------
Saving Hall of Fame to ./log/regression_config_regression_PQT.json_FeynmanIICh11Eq20.in_normal_0.0_2023-05-29-051430/dso_regression_config_regression_PQT.json_FeynmanIICh11Eq20.in_normal_0.0_0_hof.csv
Saving Pareto Front to ./log/regression_config_regression_PQT.json_FeynmanIICh11Eq20.in_normal_0.0_2023-05-29-051430/dso_regression_config_regression_PQT.json_FeynmanIICh11Eq20.in_normal_0.0_0_pf.csv
Invalid expressions: 397 of 14336 (2.8%).
Error type counts:
  reciprocal: 225 (56.7%)
  true_divide: 172 (43.3%)
Error node counts:
  divide: 396 (99.7%)
  invalid: 1 (0.3%)

Priority queue entry 0:
	Reward: 0.5114015256931387
	Count Off-policy: False
	Count On-policy: True
	Originally on Policy: True
	Invalid: False
	Traversal: add,x4,inv,div,mul,x4,sub,mul,inv,div,x3,1.0007372907648056,1.0007673725263662,inv,x3,848.620214671721
	Expression:
	  563781.44217252523⋅x₃     
	  ───────────────────── + x₄
	            x₄              


Priority queue entry 1:
	Reward: 0.5078478769029992
	Count Off-policy: False
	Count On-policy: True
	Originally on Policy: True
	Invalid: False
	Traversal: sub,x2,div,mul,mul,x3,inv,x4,sub,sub,0.999999880633373,mul,x3,x3,x3,1.2325195704028218
	Expression:
	                              ⎛    2                         ⎞
	       0.81134614330965316⋅x₃⋅⎝- x₃  - x₃ + 0.999999880633373⎠
	  x₂ - ───────────────────────────────────────────────────────
	                                  x₄                          


Priority queue entry 2:
	Reward: 0.5078477076064016
	Count Off-policy: False
	Count On-policy: True
	Originally on Policy: True
	Invalid: False
	Traversal: mul,mul,div,add,div,x3,x2,x2,x4,x3,mul,div,x3,inv,x2,0.8112392906345575
	Expression:
	                          2 ⎛     x₃⎞
	  0.8112392906345575⋅x₂⋅x₃ ⋅⎜x₂ + ──⎟
	                            ⎝     x₂⎠
	  ───────────────────────────────────
	                   x₄                


Priority queue entry 3:
	Reward: 0.5074266737824094
	Count Off-policy: False
	Count On-policy: True
	Originally on Policy: True
	Invalid: False
	Traversal: mul,x3,mul,inv,x4,mul,x3,add,x3,sub,1.0,x4
	Expression:
	    2                
	  x₃ ⋅(x₃ - x₄ + 1.0)
	  ───────────────────
	           x₄        


Priority queue entry 4:
	Reward: 0.5046537310885323
	Count Off-policy: False
	Count On-policy: True
	Originally on Policy: True
	Invalid: False
	Traversal: div,x3,add,x2,sub,1.0000835937040955,mul,x1,inv,x1
	Expression:
	              x₃            
	  ──────────────────────────
	  x₂ + 8.3593704095500515e-5


Priority queue entry 5:
	Reward: 0.5044949924529832
	Count Off-policy: False
	Count On-policy: True
	Originally on Policy: True
	Invalid: False
	Traversal: mul,mul,mul,1.9954292402106528,sub,x4,add,div,x1,mul,x4,mul,x4,0.0045707597893471785,x3,x3,x2
	Expression:
	        ⎛  436.56401390011598⋅x₁                                                
	  x₂⋅x₃⋅⎜- ───────────────────── - 1.9954292402106528⋅x₃ + 1.9954292402106528⋅x₄
	        ⎜             2                                                         
	        ⎝           x₄                                                          

	  ⎞
	  ⎟
	  ⎟
	  ⎠


Priority queue entry 6:
	Reward: 0.5032135563283159
	Count Off-policy: False
	Count On-policy: True
	Originally on Policy: True
	Invalid: False
	Traversal: div,x3,inv,div,mul,x3,0.017102443291273393,inv,sub,x3,div,div,x4,mul,mul,x1,x2,div,x3,x4,x3
	Expression:
	                           ⎛          2   ⎞
	                         2 ⎜        x₄    ⎟
	  0.017102443291273393⋅x₃ ⋅⎜x₃ - ─────────⎟
	                           ⎜             2⎟
	                           ⎝     x₁⋅x₂⋅x₃ ⎠


Priority queue entry 7:
	Reward: 0.5032135554173319
	Count Off-policy: False
	Count On-policy: True
	Originally on Policy: True
	Invalid: False
	Traversal: mul,x3,mul,0.13077686958726775,mul,0.13077686958726775,mul,x3,x3
	Expression:
	                         3
	  0.017102589619045237⋅x₃ 


Priority queue entry 8:
	Reward: 0.503213102864851
	Count Off-policy: False
	Count On-policy: True
	Originally on Policy: True
	Invalid: False
	Traversal: mul,x3,sub,1.0000017398845336,mul,-0.017098563104669902,mul,add,x3,0.9999497075990703,x3
	Expression:
	  x₃⋅(0.017098563104669902⋅x₃⋅(x₃ + 0.9999497075990703) + 1.0000017398845336)


Priority queue entry 9:
	Reward: 0.5031219311395491
	Count Off-policy: False
	Count On-policy: True
	Originally on Policy: True
	Invalid: False
	Traversal: mul,x3,add,x4,mul,inv,div,57.40604716209196,x3,x3
	Expression:
	     ⎛                      2     ⎞
	  x₃⋅⎝0.01741976759306203⋅x₃  + x₄⎠

-- EVALUATION END ------------------
== TRAINING SEED 0 END ==============
INFO: Completed run 1 of 1 in 16 s

== POST-PROCESS START =================
-- LOADING LOGS START ----------------
json configure file: ./log/regression_config_regression_PQT.json_FeynmanIICh11Eq20.in_normal_0.0_2023-05-29-051430
Successfully loaded summary data
Successfully loaded Hall of Fame data
Successfully loaded Pareto Front data
-- LOADING LOGS END ------------------

-- ANALYZING LOG START --------------
Task_____________regression
Source path______./log/regression_config_regression_PQT.json_FeynmanIICh11Eq20.in_normal_0.0_2023-05-29-051430
Runs_____________1
Max Samples/run__15000
Success_rate_____0.0
Hall of Fame (Top 5 of 100)____
    0: S=000 R=0.511402 <-- [563781.44217252523*x3/x4 + x4]
    1: S=000 R=0.507848 <-- [x2 - 0.81134614330965316*x3*(-x3**2 - x3 + 0.999999880633373)/x4]
    2: S=000 R=0.507848 <-- [0.8112392906345575*x2*x3**2*(x2 + x3/x2)/x4]
    3: S=000 R=0.507427 <-- [x3**2*(x3 - x4 + 1.0)/x4]
    4: S=000 R=0.504654 <-- [x1*x3/(-0.0026619865673862582*x1 + 0.0026619865673862582*x3*(1.0314063620191714*x1/x3 + x3))]
  Saving Hall of Fame plot to ./log/regression_config_regression_PQT.json_FeynmanIICh11Eq20.in_normal_0.0_2023-05-29-051430/dso_regression_config_regression_PQT.json_FeynmanIICh11Eq20.in_normal_0.0_plot_hof.png
Pareto Front (5 of 7)____
    0: S=000 R=0.511402 C=21.00 <-- [563781.44217252523*x3/x4 + x4]
    1: S=000 R=0.507848 C=18.00 <-- [x2 - 0.81134614330965316*x3*(-x3**2 - x3 + 0.999999880633373)/x4]
    2: S=000 R=0.507427 C=13.00 <-- [x3**2*(x3 - x4 + 1.0)/x4]
    3: S=000 R=0.504654 C=12.00 <-- [x3/(x2 + 8.3593704095500515e-5)]
    4: S=000 R=0.503214 C=9.00 <-- [0.017102589619045237*x3**3]
  Saving Pareto Front plot to ./log/regression_config_regression_PQT.json_FeynmanIICh11Eq20.in_normal_0.0_2023-05-29-051430/dso_regression_config_regression_PQT.json_FeynmanIICh11Eq20.in_normal_0.0_plot_pf.png
-- ANALYZING LOG END ----------------
== POST-PROCESS END ===================
