debug /depot/yexiang/apps/jiang631/data/scibench/data/unencrypted/equations_feynman/FeynmanICh6Eq20a.in
!!!!!!!!!!!!!!!!!!!!!!!!!!!!!i /depot/yexiang/apps/jiang631/data/scibench/data/unencrypted/equations_feynman/FeynmanICh6Eq20a.in
['mul', 0.5, 'mul', 'pow', 2, 0.5, 'mul', 'pow', 3.141592653589793, -0.5, 'exp', 'mul', -0.5, 'pow', 'X_0', 2]
--------------------
eq_name 	 feynman-i.6.20a
num_vars 	 1
vars_range_and_types 	 [{"name": "LogUniform", "range": [0.1, 10.0], "only_positive": false}]
function_set 	 ['sub', 'mul', 'div', 'exp', 'const']
eq_expression 	 mul,0.5,mul,pow,2,0.5,mul,pow,3.141592653589793,-0.5,exp,mul,-0.5,pow,X_0,2
expr 	 sqrt(2)*exp(-X_0**2/2)/(2*sqrt(pi))
--------------------

== EXPERIMENT SETUP START ===========
Task type            : regression
Starting seed        : 0
Runs                 : 1
== EXPERIMENT SETUP END =============

== TRAINING SEED 0 START ============
self.dataX <dso.symbolic_data_generator.DataX object at 0x2ad8312f2080>, self.data_query_oracle: <dso.symbolic_equation_evaluator_public.Equation_evaluator object at 0x2ad850393d68>
generate dataset!
-- BUILDING PRIOR START -------------
WARNING: Skipping invalid 'RelationalConstraint' with arguments {'targets': [], 'effectors': [], 'relationship': None}. Reason: Prior disabled.
WARNING: Skipping invalid 'TrigConstraint' with arguments {}. Reason: There are no target Tokens.
WARNING: Skipping invalid 'UniformArityPrior' with arguments {}. Reason: Prior disabled.
WARNING: Skipping invalid 'LanguageModelPrior' with arguments {'weight': None}. Reason: Prior disabled.
LengthConstraint: Sequences have minimum length 4.
                  Sequences have maximum length 256.
RepeatConstraint: [const] cannot occur more than 10 times.
RelationalConstraint: [inv] cannot be a child of [inv].
ConstConstraint: [const] cannot be the only unique child of [inv, add, sub, mul, div].
NoInputsConstraint: Sequences contain at least one input variable Token.
SoftLengthPrior: No description available.
-- BUILDING PRIOR END ---------------

-- RUNNING EPOCHS START -------------
[00:00:00:27.43] Training epoch 1/14, current best R: 0.9200

	** New best
	Reward: 0.9199519234613676
	Count Off-policy: False
	Count On-policy: True
	Originally on Policy: True
	Invalid: False
	Traversal: sub,-0.028593098201489815,div,mul,add,inv,x1,-0.00018692392309858016,sub,mul,sub,inv,add,mul,div,add,4.1643392593950494e-05,x1,0.7964803582037101,x1,1.5999944464927702,-0.03264642194717954,0.9200336274251791,0.6046970541058821,x1
	Expression:
	                          ⎛                                               0.9200
	                          ⎜-0.5746612480993655 + ───────────────────────────────
	                          ⎝                      x₁⋅(1.25552374229954⋅x₁ + 5.228
	  -0.028593098201489815 - ──────────────────────────────────────────────────────
                                                                              

	  336274251791                         ⎞ ⎛                          1 ⎞
	  ─────────────────────────────────────⎟⋅⎜-0.00018692392309858016 + ──⎟
	  426811160566e-5) + 1.5999944464927702⎠ ⎝                          x₁⎠
	  ─────────────────────────────────────────────────────────────────────
	         x₁                                                            

[00:00:01:16.71] Training epoch 3/14, current best R: 0.9283

	** New best
	Reward: 0.9283355307138801
	Count Off-policy: False
	Count On-policy: True
	Originally on Policy: True
	Invalid: False
	Traversal: inv,add,sub,1.3176367431360363,mul,inv,sub,-0.0004582514519116478,div,inv,div,div,mul,x1,add,x1,x1,1.22900649595859,1.22900649595859,x1,x1,1.3176367431360372
	Expression:
	                                  1                                
	  ─────────────────────────────────────────────────────────────────
	                        x₁                                         
	  - ────────────────────────────────────────── + 2.6352734862720735
	                             0.755228483554206                     
	    -0.0004582514519116478 - ─────────────────                     
	                                      3                            
	                                    x₁                             

[00:00:01:45.26] Training epoch 4/14, current best R: 0.9355

	** New best
	Reward: 0.9355333141994645
	Count Off-policy: False
	Count On-policy: True
	Originally on Policy: True
	Invalid: False
	Traversal: inv,div,sub,sub,add,-0.5483814870045728,mul,add,1.7599853749816132,x1,add,inv,add,div,x1,inv,add,0.580909046084684,x1,1.4771518220929734,x1,x1,x1,0.2522521032809486
	Expression:
	                                                                        1       
	  ──────────────────────────────────────────────────────────────────────────────
	                                                                    ⎛           
	  -7.92857611090948⋅x₁ + 3.96428805545474⋅(x₁ + 1.7599853749816132)⋅⎜x₁ + ──────
	                                                                    ⎝     x₁⋅(x₁

                                                               
	  ───────────────────────────────────────────────────────────────
	                   1                        ⎞                    
	  ──────────────────────────────────────────⎟ - 2.173942178764737
	   + 0.580909046084684) + 1.4771518220929734⎠                    

[00:00:04:06.81] Training epoch 9/14, current best R: 0.9693

	** New best
	Reward: 0.9692598571587766
	Count Off-policy: False
	Count On-policy: True
	Originally on Policy: True
	Invalid: False
	Traversal: inv,sub,mul,sub,mul,sub,x1,inv,add,add,mul,sub,mul,mul,mul,x1,0.00021729030079243436,x1,x1,-0.007412196859460383,x1,-0.1029756675116416,-0.10297566734825724,0.8510797621285137,x1,163.29381987866716,672.2620704086612
	Expression:
	                                                              1                 
	  ──────────────────────────────────────────────────────────────────────────────
	                                                                            138.
	  -24.317754499274751⋅x₁ - 672.2620704086612 - ─────────────────────────────────
	                                                  ⎛                         3   
	                                               x₁⋅⎝0.00021729030079243436⋅x₁  + 

                                           
	  ───────────────────────────────────────────
	  97606537939241                             
	  ───────────────────────────────────────────
	                      ⎞                      
	  0.007412196859460383⎠ - 0.20595133485989884

[00:00:04:39.04] Training epoch 10/14, current best R: 0.9693
[00:00:06:57.68] Ending training after epoch 14/14, current best R: 0.9693
-- RUNNING EPOCHS END ---------------

-- EVALUATION START ----------------
Saving Hall of Fame to ./log/regression_config_regression_VPG.json_FeynmanICh6Eq20a.in_normal_0.0_2023-05-29-051838/dso_regression_config_regression_VPG.json_FeynmanICh6Eq20a.in_normal_0.0_0_hof.csv
Saving Pareto Front to ./log/regression_config_regression_VPG.json_FeynmanICh6Eq20a.in_normal_0.0_2023-05-29-051838/dso_regression_config_regression_VPG.json_FeynmanICh6Eq20a.in_normal_0.0_0_pf.csv
Invalid expressions: 379 of 14336 (2.6%).
Error type counts:
  reciprocal: 266 (70.2%)
  true_divide: 113 (29.8%)
Error node counts:
  divide: 378 (99.7%)
  invalid: 1 (0.3%)
-- EVALUATION END ------------------
== TRAINING SEED 0 END ==============
INFO: Completed run 1 of 1 in 419 s

== POST-PROCESS START =================
-- LOADING LOGS START ----------------
json configure file: ./log/regression_config_regression_VPG.json_FeynmanICh6Eq20a.in_normal_0.0_2023-05-29-051838
Successfully loaded summary data
Successfully loaded Hall of Fame data
Successfully loaded Pareto Front data
-- LOADING LOGS END ------------------

-- ANALYZING LOG START --------------
Task_____________regression
Source path______./log/regression_config_regression_VPG.json_FeynmanICh6Eq20a.in_normal_0.0_2023-05-29-051838
Runs_____________1
Max Samples/run__15000
Success_rate_____0.0
Hall of Fame (Top 5 of 100)____
    0: S=000 R=0.969260 <-- [1/(-24.317754499274751*x1 - 672.2620704086612 - 138.97606537939241/(x1*(0.00021729030079243436*x1**3 + 0.007412196859460383) - 0.20595133485989884))]
    1: S=000 R=0.935533 <-- [1/(-7.92857611090948*x1 + 3.96428805545474*(x1 + 1.7599853749816132)*(x1 + 1/(x1*(x1 + 0.580909046084684) + 1.4771518220929734)) - 2.173942178764737)]
    2: S=000 R=0.931648 <-- [-83.11653005160132/(x1*(-299.92090687408561*x1 + 299.92090687408561/(x1 + 0.00336465222378723*(x1 + 322.1164540756035)/x1)) - 211.99691047686102)]
    3: S=000 R=0.931177 <-- [1/(3.6371488675167826*x1**2 + 0.0076021822141657637*x1 - 1.014222556219402 + 3.6371488675167826/(x1**2 + 1.0171296353771695))]
    4: S=000 R=0.929473 <-- [-3.1889253848674577/(-x1**2*(x1**2 + 0.7439676317739686*x1 + 4.73361153324664) + x1 - 7.926523087304875)]
  Saving Hall of Fame plot to ./log/regression_config_regression_VPG.json_FeynmanICh6Eq20a.in_normal_0.0_2023-05-29-051838/dso_regression_config_regression_VPG.json_FeynmanICh6Eq20a.in_normal_0.0_plot_hof.png
Pareto Front (5 of 15)____
    0: S=000 R=0.969260 C=29.00 <-- [1/(-24.317754499274751*x1 - 672.2620704086612 - 138.97606537939241/(x1*(0.00021729030079243436*x1**3 + 0.007412196859460383) - 0.20595133485989884))]
    1: S=000 R=0.931177 C=25.00 <-- [1/(3.6371488675167826*x1**2 + 0.0076021822141657637*x1 - 1.014222556219402 + 3.6371488675167826/(x1**2 + 1.0171296353771695))]
    2: S=000 R=0.929473 C=23.00 <-- [-3.1889253848674577/(-x1**2*(x1**2 + 0.7439676317739686*x1 + 4.73361153324664) + x1 - 7.926523087304875)]
    3: S=000 R=0.915743 C=22.00 <-- [-0.030315494587849053 + 2.9869042509551877/(4.923930301736056*x1*(x1 - 0.0005448934239665956/(x1*(1.470483737296049 - x1))) + 6.7871923378370504)]
    4: S=000 R=0.915720 C=21.00 <-- [x1/(-2.2715897135325336*x1 + 0.007682534693790011 - 0.1257526849699124/(0.04016545747043023*x1 - 0.00010763968900258613)) + 0.40988908368927446]
  Saving Pareto Front plot to ./log/regression_config_regression_VPG.json_FeynmanICh6Eq20a.in_normal_0.0_2023-05-29-051838/dso_regression_config_regression_VPG.json_FeynmanICh6Eq20a.in_normal_0.0_plot_pf.png
-- ANALYZING LOG END ----------------
== POST-PROCESS END ===================
