debug /depot/yexiang/apps/jiang631/data/scibench/data/unencrypted/equations_feynman/FeynmanIICh34Eq11.in
!!!!!!!!!!!!!!!!!!!!!!!!!!!!!i /depot/yexiang/apps/jiang631/data/scibench/data/unencrypted/equations_feynman/FeynmanIICh34Eq11.in
['mul', 0.5, 'mul', 'X_0', 'mul', 'X_1', 'mul', 'X_2', 'pow', 'X_3', -1]
--------------------
eq_name 	 feynman-ii.34.11
num_vars 	 4
vars_range_and_types 	 [{"name": "Uniform", "range": [-1.0, 1.0], "only_positive": true}, {"name": "LogUniform", "range": [1e-11, 1e-09], "only_positive": false}, {"name": "LogUniform", "range": [1e-09, 1e-07], "only_positive": false}, {"name": "LogUniform", "range": [1e-30, 1e-28], "only_positive": true}]
function_set 	 ['add', 'sub', 'mul', 'div', 'sin', 'cos', 'exp', 'log', 'const']
eq_expression 	 mul,0.5,mul,X_0,mul,X_1,mul,X_2,pow,X_3,-1
expr 	 X_0*X_1*X_2/(2*X_3)
--------------------

== EXPERIMENT SETUP START ===========
Task type            : regression
Starting seed        : 0
Runs                 : 1
== EXPERIMENT SETUP END =============

== TRAINING SEED 0 START ============
self.dataX <dso.symbolic_data_generator.DataX object at 0x2b88b0d952b0>, self.data_query_oracle: <dso.symbolic_equation_evaluator_public.Equation_evaluator object at 0x2b88cfe36d68>
generate dataset!
-- BUILDING PRIOR START -------------
WARNING: Skipping invalid 'RelationalConstraint' with arguments {'targets': [], 'effectors': [], 'relationship': None}. Reason: Prior disabled.
WARNING: Skipping invalid 'TrigConstraint' with arguments {}. Reason: There are no target Tokens.
WARNING: Skipping invalid 'UniformArityPrior' with arguments {}. Reason: Prior disabled.
WARNING: Skipping invalid 'LanguageModelPrior' with arguments {'weight': None}. Reason: Prior disabled.
LengthConstraint: Sequences have minimum length 4.
                  Sequences have maximum length 256.
RepeatConstraint: [const] cannot occur more than 10 times.
RelationalConstraint: [inv] cannot be a child of [inv].
ConstConstraint: [const] cannot be the only unique child of [inv, add, sub, mul, div].
NoInputsConstraint: Sequences contain at least one input variable Token.
SoftLengthPrior: No description available.
-- BUILDING PRIOR END ---------------

-- RUNNING EPOCHS START -------------
[00:00:00:01.86] Training epoch 1/14, current best R: 0.5001

	** New best
	Reward: 0.5001073707240978
	Count Off-policy: False
	Count On-policy: True
	Originally on Policy: True
	Invalid: False
	Traversal: div,x2,mul,mul,x4,1.28960022901025,inv,mul,x2,x1
	Expression:
	                         2
	  0.775434105472737⋅x₁⋅x₂ 
	  ────────────────────────
	             x₄           

[00:00:00:03.06] Training epoch 2/14, current best R: 0.5002

	** New best
	Reward: 0.5001864941477989
	Count Off-policy: False
	Count On-policy: True
	Originally on Policy: True
	Invalid: False
	Traversal: mul,x2,inv,mul,2.0153335810199984,div,x4,mul,div,x1,x2,mul,mul,mul,x3,x1,x3,0.00022104632291641835
	Expression:
	                          2   2
	  0.0001096822506200401⋅x₁ ⋅x₃ 
	  ─────────────────────────────
	                x₄             

[00:00:00:06.68] Training epoch 6/14, current best R: 0.9804

	** New best
	Reward: 0.9803550425125074
	Count Off-policy: False
	Count On-policy: True
	Originally on Policy: True
	Invalid: False
	Traversal: mul,mul,x1,inv,div,div,x4,x2,sub,x3,x2,0.5001007775409174
	Expression:
	  0.5001007775409174⋅x₁⋅x₂⋅(-x₂ + x₃)
	  ───────────────────────────────────
	                   x₄                

[00:00:00:08.58] Training epoch 8/14, current best R: 1.0000

	** New best
	Reward: 0.9999999947572695
	Count Off-policy: False
	Count On-policy: True
	Originally on Policy: True
	Invalid: False
	Traversal: div,0.6666666659923004,inv,add,inv,mul,1.3333333389747535,mul,div,inv,mul,x1,x3,x2,x4,x1
	Expression:
	  0.49999999737869275⋅x₁⋅x₂⋅x₃                        
	  ──────────────────────────── + 0.6666666659923004⋅x₁
	               x₄                                     

[00:00:00:08.58] Early stopping criteria met; breaking early.
-- RUNNING EPOCHS END ---------------

-- EVALUATION START ----------------
Saving Hall of Fame to ./log/regression_config_regression_VPG.json_FeynmanIICh34Eq11.in_normal_0.0_2023-05-29-052057/dso_regression_config_regression_VPG.json_FeynmanIICh34Eq11.in_normal_0.0_0_hof.csv
Saving Pareto Front to ./log/regression_config_regression_VPG.json_FeynmanIICh34Eq11.in_normal_0.0_2023-05-29-052057/dso_regression_config_regression_VPG.json_FeynmanIICh34Eq11.in_normal_0.0_0_pf.csv
Invalid expressions: 184 of 8192 (2.2%).
Error type counts:
  reciprocal: 98 (53.3%)
  true_divide: 86 (46.7%)
Error node counts:
  divide: 184 (100.0%)
-- EVALUATION END ------------------
== TRAINING SEED 0 END ==============
INFO: Completed run 1 of 1 in 10 s

== POST-PROCESS START =================
-- LOADING LOGS START ----------------
json configure file: ./log/regression_config_regression_VPG.json_FeynmanIICh34Eq11.in_normal_0.0_2023-05-29-052057
Successfully loaded summary data
Successfully loaded Hall of Fame data
Successfully loaded Pareto Front data
-- LOADING LOGS END ------------------

-- ANALYZING LOG START --------------
Task_____________regression
Source path______./log/regression_config_regression_VPG.json_FeynmanIICh34Eq11.in_normal_0.0_2023-05-29-052057
Runs_____________1
Max Samples/run__15000
Success_rate_____1.0
Hall of Fame (Top 5 of 100)____
    0: S=000 R=1.000000 <-- [0.49999999737869275*x1*x2*x3/x4 + 0.6666666659923004*x1]
    1: S=000 R=1.000000 <-- [0.4999999925494194*x1*x2*(x1 + x2 + x3/x4)]
    2: S=000 R=0.980355 <-- [0.5001007775409174*x1*x2*(-x2 + x3)/x4]
    3: S=000 R=0.500242 <-- [5.52624926637435e-5*x3**2/x4]
    4: S=000 R=0.500242 <-- [x3*(-5.52624921350553e-5*x1 + 5.52624921350553e-5*x3/x4 + 5.52624921350553e-5) + 1/(-x1 + x2)]
  Saving Hall of Fame plot to ./log/regression_config_regression_VPG.json_FeynmanIICh34Eq11.in_normal_0.0_2023-05-29-052057/dso_regression_config_regression_VPG.json_FeynmanIICh34Eq11.in_normal_0.0_plot_hof.png
Pareto Front (5 of 7)____
    0: S=000 R=1.000000 C=21.00 <-- [0.49999999737869275*x1*x2*x3/x4 + 0.6666666659923004*x1]
    1: S=000 R=1.000000 C=17.00 <-- [0.4999999925494194*x1*x2*(x1 + x2 + x3/x4)]
    2: S=000 R=0.980355 C=15.00 <-- [0.5001007775409174*x1*x2*(-x2 + x3)/x4]
    3: S=000 R=0.500242 C=13.00 <-- [5.52624926637435e-5*x3**2/x4]
    4: S=000 R=0.500107 C=12.00 <-- [0.775434105472737*x1*x2**2/x4]
  Saving Pareto Front plot to ./log/regression_config_regression_VPG.json_FeynmanIICh34Eq11.in_normal_0.0_2023-05-29-052057/dso_regression_config_regression_VPG.json_FeynmanIICh34Eq11.in_normal_0.0_plot_pf.png
-- ANALYZING LOG END ----------------
== POST-PROCESS END ===================
