debug /depot/yexiang/apps/jiang631/data/scibench/data/unencrypted/equations_feynman/FeynmanIIICh7Eq38.in
!!!!!!!!!!!!!!!!!!!!!!!!!!!!!i /depot/yexiang/apps/jiang631/data/scibench/data/unencrypted/equations_feynman/FeynmanIIICh7Eq38.in
['mul', 6.03682463024449e+33, 'mul', 3.141592653589793, 'mul', 'X_0', 'X_1']
--------------------
eq_name 	 feynman-iii.7.38
num_vars 	 2
vars_range_and_types 	 [{"name": "LogUniform", "range": [1e-11, 1e-09], "only_positive": false}, {"name": "LogUniform", "range": [0.001, 0.1], "only_positive": false}]
function_set 	 ['add', 'sub', 'mul', 'div', 'sin', 'cos', 'exp', 'log', 'const']
eq_expression 	 mul,6.03682463024449e+33,mul,3.141592653589793,mul,X_0,X_1
expr 	 6.03682463024449e+33*pi*X_0*X_1
--------------------

== EXPERIMENT SETUP START ===========
Task type            : regression
Starting seed        : 0
Runs                 : 1
== EXPERIMENT SETUP END =============

== TRAINING SEED 0 START ============
self.dataX <dso.symbolic_data_generator.DataX object at 0x2b28394fc588>, self.data_query_oracle: <dso.symbolic_equation_evaluator_public.Equation_evaluator object at 0x2b2879dd4da0>
generate dataset!
-- BUILDING PRIOR START -------------
WARNING: Skipping invalid 'RelationalConstraint' with arguments {'targets': [], 'effectors': [], 'relationship': None}. Reason: Prior disabled.
WARNING: Skipping invalid 'TrigConstraint' with arguments {}. Reason: There are no target Tokens.
WARNING: Skipping invalid 'UniformArityPrior' with arguments {}. Reason: Prior disabled.
WARNING: Skipping invalid 'LanguageModelPrior' with arguments {'weight': None}. Reason: Prior disabled.
LengthConstraint: Sequences have minimum length 4.
                  Sequences have maximum length 256.
RepeatConstraint: [const] cannot occur more than 10 times.
RelationalConstraint: [inv] cannot be a child of [inv].
ConstConstraint: [const] cannot be the only unique child of [inv, add, sub, mul, div].
NoInputsConstraint: Sequences contain at least one input variable Token.
SoftLengthPrior: No description available.
-- BUILDING PRIOR END ---------------

-- RUNNING EPOCHS START -------------
gen	iter	pop_size	nevals	uncached_size	best_val              	timer  
0  	0   	1024    	1024  	1024         	(-0.4999965514613263,)	1.74066
1  	1   	1024    	745   	623          	(-0.49999655146333755,)	0.399766
2  	2   	1024    	764   	635          	(-0.5000968777404737,) 	0.47596 
3  	3   	1024    	778   	641          	(-0.5000968777404737,) 	0.751939
4  	4   	1024    	762   	608          	(-0.5000968777404737,) 	0.658618
5  	5   	1024    	781   	650          	(-0.5000968777404737,) 	1.49192 
6  	6   	1024    	776   	637          	(-0.5000968777405652,) 	1.92554 
7  	7   	1024    	730   	588          	(-0.5000968777405652,) 	2.74078 
8  	8   	1024    	757   	580          	(-0.5000968777405652,) 	4.04951 
9  	9   	1024    	765   	575          	(-0.5002217113670153,) 	3.66345 

--------------------------------------------------
GP Time: 18.1516

Unique expressions evaluated: 7485
Total expression evaluations: 7882
--------------------------------------------------

GP -> best program this epoch:

	Reward: 0.5002217113670153
	Count Off-policy: 1
	Count On-policy: 0
	Originally on Policy: False
	Invalid: False
	Traversal: mul,div,x2,1.0,inv,sub,x1,mul,inv,mul,add,inv,div,div,sub,mul,x2,add,0.9999993676906241,div,mul,x2,x1,x2,add,mul,inv,mul,add,div,x1,div,add,inv,div,x2,1.0,inv,sub,x2,x1,x2,inv,x1,1.0,x1,x2,x1,x2,inv,x1,1.0000000000022913,1.0000000000017935
	Expression:
	                                         1.0⋅x₂                                 
	  ──────────────────────────────────────────────────────────────────────────────
	                                      1.0000000000017935                        
	  x₁ - ─────────────────────────────────────────────────────────────────────────
	                        1.0000000000022913⋅x₁⋅x₂                    1.0000000000
	       ────────────────────────────────────────────────────────── + ────────────
	                  x₁                                                        x₁  
	       - ──────────────────── + x₂⋅(x₁ + 0.9999993676906241) - x₂               
	           1.0⋅x₁⋅x₂      1.0                                                   
	         ────────────── + ───                                                   
	            1       1.0    x₁                                                   
	         ──────── + ───                                                         
	         -x₁ + x₂    x₂                                                         

      
	  ──────
      
	  ──────
	  022913
	  ──────
      
      
      
      
      
      
      

None

--------------------------------------------------

[00:00:00:20.58] Training epoch 1/14, current best R: 0.5002

	** New best
	Reward: 0.5002217113670153
	Count Off-policy: 1
	Count On-policy: 0
	Originally on Policy: False
	Invalid: False
	Traversal: mul,div,x2,1.0,inv,sub,x1,mul,inv,mul,add,inv,div,div,sub,mul,x2,add,0.9999993676906241,div,mul,x2,x1,x2,add,mul,inv,mul,add,div,x1,div,add,inv,div,x2,1.0,inv,sub,x2,x1,x2,inv,x1,1.0,x1,x2,x1,x2,inv,x1,1.0000000000022913,1.0000000000017935
	Expression:
	                                         1.0⋅x₂                                 
	  ──────────────────────────────────────────────────────────────────────────────
	                                      1.0000000000017935                        
	  x₁ - ─────────────────────────────────────────────────────────────────────────
	                        1.0000000000022913⋅x₁⋅x₂                    1.0000000000
	       ────────────────────────────────────────────────────────── + ────────────
	                  x₁                                                        x₁  
	       - ──────────────────── + x₂⋅(x₁ + 0.9999993676906241) - x₂               
	           1.0⋅x₁⋅x₂      1.0                                                   
	         ────────────── + ───                                                   
	            1       1.0    x₁                                                   
	         ──────── + ───                                                         
	         -x₁ + x₂    x₂                                                         

      
	  ──────
      
	  ──────
	  022913
	  ──────
      
      
      
      
      
      
      

10 	0   	1024    	1024  	1012         	(-0.4999965362499868,) 	0.726233
11 	1   	1024    	778   	649          	(-0.49999653628958035,)	0.47016 
12 	2   	1024    	761   	626          	(-0.49999653732427146,)	0.445855
13 	3   	1024    	789   	631          	(-0.49999655881159466,)	0.618859
14 	4   	1024    	737   	614          	(-0.49999655881159466,)	0.818233
15 	5   	1024    	773   	644          	(-0.5001122431423338,) 	1.02373 
16 	6   	1024    	747   	625          	(-0.5001122431423338,) 	0.894985
17 	7   	1024    	746   	582          	(-0.5001122431423338,) 	0.810142
18 	8   	1024    	766   	608          	(-0.5001122431423338,) 	1.44494 
19 	9   	1024    	767   	621          	(-0.5001957208494541,) 	1.63097 

--------------------------------------------------
GP Time: 9.132

Unique expressions evaluated: 15014
Total expression evaluations: 15770
--------------------------------------------------

GP -> best program this epoch:

	Reward: 0.5001957208494541
	Count Off-policy: 1
	Count On-policy: 0
	Originally on Policy: False
	Invalid: False
	Traversal: inv,div,sub,inv,add,inv,div,x1,0.9999999999996245,div,x1,add,sub,0.9999997890431651,div,x1,x1,x1,x1,x2
	Expression:
	                           x₂                         
	  ────────────────────────────────────────────────────
	                              1                       
	  -x₁ + ──────────────────────────────────────────────
	                    x₁              0.9999999999996245
	        ───────────────────────── + ──────────────────
	        x₁ - 2.109568349034641e-7           x₁        

None

--------------------------------------------------

-- RUNNING EPOCHS END ---------------

-- EVALUATION START ----------------
Saving Hall of Fame to ./log/regression_config_regression_GPMELD.json_FeynmanIIICh7Eq38.in_normal_0.0_2023-05-29-052130/dso_regression_config_regression_GPMELD.json_FeynmanIIICh7Eq38.in_normal_0.0_0_hof.csv
Saving Pareto Front to ./log/regression_config_regression_GPMELD.json_FeynmanIIICh7Eq38.in_normal_0.0_2023-05-29-052130/dso_regression_config_regression_GPMELD.json_FeynmanIIICh7Eq38.in_normal_0.0_0_pf.csv
Invalid expressions: 336 of 17818 (1.9%).
Error type counts:
  reciprocal: 207 (61.6%)
  true_divide: 129 (38.4%)
Error node counts:
  divide: 336 (100.0%)
-- EVALUATION END ------------------
== TRAINING SEED 0 END ==============
INFO: Completed run 1 of 1 in 33 s

== POST-PROCESS START =================
-- LOADING LOGS START ----------------
json configure file: ./log/regression_config_regression_GPMELD.json_FeynmanIIICh7Eq38.in_normal_0.0_2023-05-29-052130
Successfully loaded summary data
Successfully loaded Hall of Fame data
Successfully loaded Pareto Front data
-- LOADING LOGS END ------------------

-- ANALYZING LOG START --------------
Task_____________regression
Source path______./log/regression_config_regression_GPMELD.json_FeynmanIIICh7Eq38.in_normal_0.0_2023-05-29-052130
Runs_____________1
Max Samples/run__15000
Success_rate_____0.0
Hall of Fame (Top 5 of 100)____
    0: S=000 R=0.500222 <-- [1.0*x2/(x1 - 1.0000000000017935/(1.0000000000022913*x1*x2/(-x1/(1.0*x1*x2/(1/(-x1 + x2) + 1.0/x2) + 1.0/x1) + x2*(x1 + 0.9999993676906241) - x2) + 1.0000000000022913/x1))]
    1: S=000 R=0.500222 <-- [1.0*x2/(x1 - 1.0000000000017935/(1.0000000000022913*x1*x2/(-x1/(1.0*x1*x2/(1/(-x1 + x2) + 1.0/x2) + 1.0/x1) + x2*(x1 + 0.9999993676906241) - x2) + 1.0000000000022913/x1))]
    2: S=000 R=0.500196 <-- [x2/(-x1 + 1/(x1/(x1 - 2.109568349034641e-7) + 0.9999999999996245/x1))]
    3: S=000 R=0.500196 <-- [x2/(-x1 + 1/(x1/(x1 - 2.109568349034641e-7) + 0.9999999999996245/x1))]
    4: S=000 R=0.500196 <-- [x2/(-x1 + 1/(0.9999999999996245*x1/(x1 - 2.109568355973535e-7) + 0.9999999999996245/x1))]
  Saving Hall of Fame plot to ./log/regression_config_regression_GPMELD.json_FeynmanIIICh7Eq38.in_normal_0.0_2023-05-29-052130/dso_regression_config_regression_GPMELD.json_FeynmanIIICh7Eq38.in_normal_0.0_plot_hof.png
Pareto Front (5 of 7)____
    0: S=000 R=0.500222 C=68.00 <-- [1.0*x2/(x1 - 1.0000000000017935/(1.0000000000022913*x1*x2/(-x1/(1.0*x1*x2/(1/(-x1 + x2) + 1.0/x2) + 1.0/x1) + x2*(x1 + 0.9999993676906241) - x2) + 1.0000000000022913/x1))]
    1: S=000 R=0.500196 C=27.00 <-- [x2/(-x1 + 1/(x1/(x1 - 2.109568349034641e-7) + 0.9999999999996245/x1))]
    2: S=000 R=0.500196 C=26.00 <-- [x2/(-x1 + 1/(0.9999999999996245*x1/(x1 - 2.109568355973535e-7) + 0.9999999999996245/x1))]
    3: S=000 R=0.500097 C=12.00 <-- [878842916224.36716*x2/x1]
    4: S=000 R=0.499997 C=8.00 <-- [(-x2 - 0.038405222204811296)/x1**2]
  Saving Pareto Front plot to ./log/regression_config_regression_GPMELD.json_FeynmanIIICh7Eq38.in_normal_0.0_2023-05-29-052130/dso_regression_config_regression_GPMELD.json_FeynmanIIICh7Eq38.in_normal_0.0_plot_pf.png
-- ANALYZING LOG END ----------------
== POST-PROCESS END ===================
