debug /depot/yexiang/apps/jiang631/data/scibench/data/unencrypted/equations_feynman/FeynmanIICh11Eq17.in
!!!!!!!!!!!!!!!!!!!!!!!!!!!!!i /depot/yexiang/apps/jiang631/data/scibench/data/unencrypted/equations_feynman/FeynmanIICh11Eq17.in
['mul', 'X_0', 'add', 1, 'mul', 7.24297051603992e+22, 'mul', 'X_1', 'mul', 'X_2', 'mul', 'pow', 'X_4', -1, 'cos', 'X_3']
--------------------
eq_name 	 feynman-ii.11.17
num_vars 	 5
vars_range_and_types 	 [{"name": "LogUniform", "range": [1e+27, 1e+29], "only_positive": true}, {"name": "LogUniform", "range": [1e-22, 1e-20], "only_positive": false}, {"name": "LogUniform", "range": [10.0, 1000.0], "only_positive": false}, {"name": "Uniform", "range": [0, 6.283185307179586], "only_positive": true}, {"name": "LogUniform", "range": [10.0, 1000.0], "only_positive": true}]
function_set 	 ['add', 'sub', 'mul', 'div', 'sin', 'cos', 'exp', 'log', 'const']
eq_expression 	 mul,X_0,add,1,mul,7.24297051603992e+22,mul,X_1,mul,X_2,mul,pow,X_4,-1,cos,X_3
expr 	 X_0*(7.24297051603992e+22*X_1*X_2*cos(X_3)/X_4 + 1)
--------------------

== EXPERIMENT SETUP START ===========
Task type            : regression
Starting seed        : 0
Runs                 : 1
== EXPERIMENT SETUP END =============

== TRAINING SEED 0 START ============
self.dataX <dso.symbolic_data_generator.DataX object at 0x2b17fbb56128>, self.data_query_oracle: <dso.symbolic_equation_evaluator_public.Equation_evaluator object at 0x2b181abf8d68>
generate dataset!
-- BUILDING PRIOR START -------------
WARNING: Skipping invalid 'RelationalConstraint' with arguments {'targets': [], 'effectors': [], 'relationship': None}. Reason: Prior disabled.
WARNING: Skipping invalid 'TrigConstraint' with arguments {}. Reason: There are no target Tokens.
WARNING: Skipping invalid 'UniformArityPrior' with arguments {}. Reason: Prior disabled.
WARNING: Skipping invalid 'LanguageModelPrior' with arguments {'weight': None}. Reason: Prior disabled.
LengthConstraint: Sequences have minimum length 4.
                  Sequences have maximum length 256.
RepeatConstraint: [const] cannot occur more than 10 times.
RelationalConstraint: [inv] cannot be a child of [inv].
ConstConstraint: [const] cannot be the only unique child of [inv, add, sub, mul, div].
NoInputsConstraint: Sequences contain at least one input variable Token.
SoftLengthPrior: No description available.
-- BUILDING PRIOR END ---------------

-- RUNNING EPOCHS START -------------
[00:00:00:01.81] Training epoch 1/14, current best R: 0.5001

	** New best
	Reward: 0.5001117797039408
	Count Off-policy: False
	Count On-policy: True
	Originally on Policy: True
	Invalid: False
	Traversal: mul,x1,mul,sub,x3,mul,x4,add,sub,add,add,mul,0.20336726416096085,x3,-0.7526282120022171,x2,x5,x5,x4
	Expression:
	  x₁⋅x₄⋅(x₃ - x₄⋅(x₂ + 0.20336726416096085⋅x₃ - 0.7526282120022171))

[00:00:00:04.85] Training epoch 4/14, current best R: 0.5001

	** New best
	Reward: 0.500134059179441
	Count Off-policy: False
	Count On-policy: True
	Originally on Policy: True
	Invalid: False
	Traversal: add,x5,add,1.0,inv,div,mul,0.6796663627028465,x5,mul,x3,mul,x1,x4
	Expression:
	  1.471310123430671⋅x₁⋅x₃⋅x₄           
	  ────────────────────────── + x₅ + 1.0
	              x₅                       

[00:00:00:08.38] Training epoch 8/14, current best R: 0.5001

	** New best
	Reward: 0.5001340675458972
	Count Off-policy: False
	Count On-policy: True
	Originally on Policy: True
	Invalid: False
	Traversal: mul,x3,mul,x4,mul,div,add,x1,sub,x2,div,x4,x4,x5,1.459873309481849
	Expression:
	  1.459873309481849⋅x₃⋅x₄⋅(x₁ + x₂ - 1)
	  ─────────────────────────────────────
	                    x₅                 

[00:00:00:10.20] Training epoch 10/14, current best R: 0.5001
[00:00:00:14.94] Ending training after epoch 14/14, current best R: 0.5001
-- RUNNING EPOCHS END ---------------

-- EVALUATION START ----------------
Saving Hall of Fame to ./log/regression_config_regression_VPG.json_FeynmanIICh11Eq17.in_normal_0.0_2023-05-29-051308/dso_regression_config_regression_VPG.json_FeynmanIICh11Eq17.in_normal_0.0_0_hof.csv
Saving Pareto Front to ./log/regression_config_regression_VPG.json_FeynmanIICh11Eq17.in_normal_0.0_2023-05-29-051308/dso_regression_config_regression_VPG.json_FeynmanIICh11Eq17.in_normal_0.0_0_pf.csv
Invalid expressions: 328 of 14336 (2.3%).
Error type counts:
  true_divide: 141 (43.0%)
  reciprocal: 187 (57.0%)
Error node counts:
  divide: 327 (99.7%)
  invalid: 1 (0.3%)
-- EVALUATION END ------------------
== TRAINING SEED 0 END ==============
INFO: Completed run 1 of 1 in 16 s

== POST-PROCESS START =================
-- LOADING LOGS START ----------------
json configure file: ./log/regression_config_regression_VPG.json_FeynmanIICh11Eq17.in_normal_0.0_2023-05-29-051308
Successfully loaded summary data
Successfully loaded Hall of Fame data
Successfully loaded Pareto Front data
-- LOADING LOGS END ------------------

-- ANALYZING LOG START --------------
Task_____________regression
Source path______./log/regression_config_regression_VPG.json_FeynmanIICh11Eq17.in_normal_0.0_2023-05-29-051308
Runs_____________1
Max Samples/run__15000
Success_rate_____0.0
Hall of Fame (Top 5 of 100)____
    0: S=000 R=0.500134 <-- [1.459873309481849*x3*x4*(x1 + x2 - 1)/x5]
    1: S=000 R=0.500134 <-- [1.471310123430671*x1*x3*x4/x5 + x5 + 1.0]
    2: S=000 R=0.500121 <-- [x3*x4*(x1 + 2*x4)/x5]
    3: S=000 R=0.500121 <-- [x1*x3*x4/x5]
    4: S=000 R=0.500121 <-- [x3*x4*(x1 + x3)/x5 - x4*x5]
  Saving Hall of Fame plot to ./log/regression_config_regression_VPG.json_FeynmanIICh11Eq17.in_normal_0.0_2023-05-29-051308/dso_regression_config_regression_VPG.json_FeynmanIICh11Eq17.in_normal_0.0_plot_hof.png
Pareto Front (5 of 7)____
    0: S=000 R=0.500134 C=17.00 <-- [1.459873309481849*x3*x4*(x1 + x2 - 1)/x5]
    1: S=000 R=0.500134 C=16.00 <-- [1.471310123430671*x1*x3*x4/x5 + x5 + 1.0]
    2: S=000 R=0.500121 C=11.00 <-- [x1*x3*x4/x5]
    3: S=000 R=0.500037 C=9.00 <-- [x1*x3/x5]
    4: S=000 R=0.500036 C=8.00 <-- [x1*(x3 - x5)/x5]
  Saving Pareto Front plot to ./log/regression_config_regression_VPG.json_FeynmanIICh11Eq17.in_normal_0.0_2023-05-29-051308/dso_regression_config_regression_VPG.json_FeynmanIICh11Eq17.in_normal_0.0_plot_pf.png
-- ANALYZING LOG END ----------------
== POST-PROCESS END ===================
