debug /depot/yexiang/apps/jiang631/data/scibench/data/unencrypted/equations_feynman/FeynmanICh6Eq20.in
!!!!!!!!!!!!!!!!!!!!!!!!!!!!!i /depot/yexiang/apps/jiang631/data/scibench/data/unencrypted/equations_feynman/FeynmanICh6Eq20.in
['mul', 0.5, 'mul', 'pow', 2, 0.5, 'mul', 'pow', 3.141592653589793, -0.5, 'mul', 'pow', 'X_1', -1, 'exp', 'mul', -0.5, 'mul', 'pow', 'X_0', 2, 'pow', 'X_1', -2]
--------------------
eq_name 	 feynman-i.6.20
num_vars 	 2
vars_range_and_types 	 [{"name": "LogUniform", "range": [0.1, 10.0], "only_positive": false}, {"name": "LogUniform", "range": [0.1, 10.0], "only_positive": true}]
function_set 	 ['add', 'sub', 'mul', 'div', 'exp', 'const']
eq_expression 	 mul,0.5,mul,pow,2,0.5,mul,pow,3.141592653589793,-0.5,mul,pow,X_1,-1,exp,mul,-0.5,mul,pow,X_0,2,pow,X_1,-2
expr 	 sqrt(2)*exp(-X_0**2/(2*X_1**2))/(2*sqrt(pi)*X_1)
--------------------

== EXPERIMENT SETUP START ===========
Task type            : regression
Starting seed        : 0
Runs                 : 1
== EXPERIMENT SETUP END =============

== TRAINING SEED 0 START ============
self.dataX <dso.symbolic_data_generator.DataX object at 0x2b9e58037780>, self.data_query_oracle: <dso.symbolic_equation_evaluator_public.Equation_evaluator object at 0x2b9e3e8c4cf8>
generate dataset!
-- BUILDING PRIOR START -------------
WARNING: Skipping invalid 'RelationalConstraint' with arguments {'targets': [], 'effectors': [], 'relationship': None}. Reason: Prior disabled.
WARNING: Skipping invalid 'TrigConstraint' with arguments {}. Reason: There are no target Tokens.
WARNING: Skipping invalid 'UniformArityPrior' with arguments {}. Reason: Prior disabled.
WARNING: Skipping invalid 'LanguageModelPrior' with arguments {'weight': None}. Reason: Prior disabled.
LengthConstraint: Sequences have minimum length 4.
                  Sequences have maximum length 256.
RepeatConstraint: [const] cannot occur more than 10 times.
RelationalConstraint: [inv] cannot be a child of [inv].
ConstConstraint: [const] cannot be the only unique child of [inv, add, sub, mul, div].
NoInputsConstraint: Sequences contain at least one input variable Token.
SoftLengthPrior: No description available.
-- BUILDING PRIOR END ---------------

-- RUNNING EPOCHS START -------------
[00:00:00:11.45] Training epoch 1/14, current best R: 0.7579

	** New best
	Reward: 0.7579287346215374
	Count Off-policy: False
	Count On-policy: True
	Originally on Policy: True
	Invalid: False
	Traversal: inv,add,add,x2,0.022695218191052947,add,add,x1,add,mul,sub,mul,mul,add,x1,x1,x1,7.175924960290053,x1,0.9882302443569523,0.022695218191048288,x2
	Expression:
	                                       1                                      
	  ────────────────────────────────────────────────────────────────────────────
	                      2                                                       
	  14.18293215398918⋅x₁  + 0.01176975564304771⋅x₁ + 2⋅x₂ + 0.045390436382101235

[00:00:00:54.08] Training epoch 5/14, current best R: 0.7626

	** New best
	Reward: 0.7626395435577379
	Count Off-policy: False
	Count On-policy: True
	Originally on Policy: True
	Invalid: False
	Traversal: div,-8.759846453103194e-05,mul,x1,add,inv,sub,add,add,sub,div,0.2265625134920779,div,add,x1,x1,add,x2,0.06809200556128286,28.352371805815544,x1,x2,x2,0.03527488198472862
	Expression:
	                                        -8.759846453103194e-5                   
	  ──────────────────────────────────────────────────────────────────────────────
	     ⎛                                                         1                
	  x₁⋅⎜0.03527488198472862 + ────────────────────────────────────────────────────
	     ⎜                                                0.1132812567460389⋅(x₂ + 0
	     ⎜                      x₁ - 28.352371805815544 + ──────────────────────────
	     ⎝                                                                      x₁  

                    
	  ────────────────────
	                     ⎞
	  ───────────────────⎟
	  .06809200556128286)⎟
	  ───────────────────⎟
	                     ⎠

[00:00:01:54.19] Training epoch 10/14, current best R: 0.7626
[00:00:02:41.88] Ending training after epoch 14/14, current best R: 0.7626
-- RUNNING EPOCHS END ---------------

-- EVALUATION START ----------------
Saving Hall of Fame to ./log/regression_config_regression_VPG.json_FeynmanICh6Eq20.in_normal_0.0_2023-05-29-052238/dso_regression_config_regression_VPG.json_FeynmanICh6Eq20.in_normal_0.0_0_hof.csv
Saving Pareto Front to ./log/regression_config_regression_VPG.json_FeynmanICh6Eq20.in_normal_0.0_2023-05-29-052238/dso_regression_config_regression_VPG.json_FeynmanICh6Eq20.in_normal_0.0_0_pf.csv
Invalid expressions: 377 of 14336 (2.6%).
Error type counts:
  reciprocal: 224 (59.4%)
  true_divide: 153 (40.6%)
Error node counts:
  divide: 375 (99.5%)
  invalid: 2 (0.5%)
-- EVALUATION END ------------------
== TRAINING SEED 0 END ==============
INFO: Completed run 1 of 1 in 163 s

== POST-PROCESS START =================
-- LOADING LOGS START ----------------
json configure file: ./log/regression_config_regression_VPG.json_FeynmanICh6Eq20.in_normal_0.0_2023-05-29-052238
Successfully loaded summary data
Successfully loaded Hall of Fame data
Successfully loaded Pareto Front data
-- LOADING LOGS END ------------------

-- ANALYZING LOG START --------------
Task_____________regression
Source path______./log/regression_config_regression_VPG.json_FeynmanICh6Eq20.in_normal_0.0_2023-05-29-052238
Runs_____________1
Max Samples/run__15000
Success_rate_____0.0
Hall of Fame (Top 5 of 100)____
    0: S=000 R=0.762640 <-- [-8.759846453103194e-5/(x1*(0.03527488198472862 + 1/(x1 - 28.352371805815544 + 0.1132812567460389*(x2 + 0.06809200556128286)/x1)))]
    1: S=000 R=0.757929 <-- [1/(14.18293215398918*x1**2 + 0.01176975564304771*x1 + 2*x2 + 0.045390436382101235)]
    2: S=000 R=0.729851 <-- [1/(8.691604944069828*x1*(1.687253079102743*x1 + 1.687253079102743*x2*(x1 - 0.0013944591829757088)) + 1.7826081034299275*x2)]
    3: S=000 R=0.715496 <-- [1/(0.023482716675767533*x1*(x1*(x1*(x1 - 113.4621962150516) + 1069.3618458217388) + 1.1851757530082965) + x2)]
    4: S=000 R=0.701828 <-- [1/(x1**2/(x2*(0.042664637082649774*x2 - 0.028640588817065342 + 0.042664637082649774/x2)) + x2)]
  Saving Hall of Fame plot to ./log/regression_config_regression_VPG.json_FeynmanICh6Eq20.in_normal_0.0_2023-05-29-052238/dso_regression_config_regression_VPG.json_FeynmanICh6Eq20.in_normal_0.0_plot_hof.png
Pareto Front (5 of 7)____
    0: S=000 R=0.762640 C=28.00 <-- [-8.759846453103194e-5/(x1*(0.03527488198472862 + 1/(x1 - 28.352371805815544 + 0.1132812567460389*(x2 + 0.06809200556128286)/x1)))]
    1: S=000 R=0.757929 C=23.00 <-- [1/(14.18293215398918*x1**2 + 0.01176975564304771*x1 + 2*x2 + 0.045390436382101235)]
    2: S=000 R=0.676675 C=20.00 <-- [(x1 - 0.002835608480762071)/(x1*(81.071263319089872*x1*x2*(x1 - 0.00448962170604534) + 0.41908474982631944))]
    3: S=000 R=0.676630 C=11.00 <-- [1/(81.20273520895348*x1**2*x2 + 0.4181550225088162)]
    4: S=000 R=0.617994 C=10.00 <-- [0.0043093990975675776/(x1**2*x2)]
  Saving Pareto Front plot to ./log/regression_config_regression_VPG.json_FeynmanICh6Eq20.in_normal_0.0_2023-05-29-052238/dso_regression_config_regression_VPG.json_FeynmanICh6Eq20.in_normal_0.0_plot_pf.png
-- ANALYZING LOG END ----------------
== POST-PROCESS END ===================
