debug /depot/yexiang/apps/jiang631/data/scibench/data/unencrypted/equations_feynman/FeynmanICh32Eq5.in
!!!!!!!!!!!!!!!!!!!!!!!!!!!!!i /depot/yexiang/apps/jiang631/data/scibench/data/unencrypted/equations_feynman/FeynmanICh32Eq5.in
['mul', 6.9862982685735e-16, 'mul', 'pow', 3.141592653589793, -1, 'mul', 'pow', 'X_0', 2, 'pow', 'X_1', 2]
--------------------
eq_name 	 feynman-i.32.5
num_vars 	 2
vars_range_and_types 	 [{"name": "LogUniform", "range": [0.001, 0.1], "only_positive": false}, {"name": "LogUniform", "range": [100000.0, 10000000.0], "only_positive": true}]
function_set 	 ['add', 'sub', 'mul', 'div', 'sin', 'cos', 'exp', 'log', 'const']
eq_expression 	 mul,6.9862982685735e-16,mul,pow,3.141592653589793,-1,mul,pow,X_0,2,pow,X_1,2
expr 	 6.9862982685735e-16*X_0**2*X_1**2/pi
--------------------

== EXPERIMENT SETUP START ===========
Task type            : regression
Starting seed        : 0
Runs                 : 1
== EXPERIMENT SETUP END =============

== TRAINING SEED 0 START ============
self.dataX <dso.symbolic_data_generator.DataX object at 0x2b1a4d505898>, self.data_query_oracle: <dso.symbolic_equation_evaluator_public.Equation_evaluator object at 0x2b1a33d73d68>
generate dataset!
-- BUILDING PRIOR START -------------
WARNING: Skipping invalid 'RelationalConstraint' with arguments {'targets': [], 'effectors': [], 'relationship': None}. Reason: Prior disabled.
WARNING: Skipping invalid 'TrigConstraint' with arguments {}. Reason: There are no target Tokens.
WARNING: Skipping invalid 'UniformArityPrior' with arguments {}. Reason: Prior disabled.
WARNING: Skipping invalid 'LanguageModelPrior' with arguments {'weight': None}. Reason: Prior disabled.
LengthConstraint: Sequences have minimum length 4.
                  Sequences have maximum length 256.
RepeatConstraint: [const] cannot occur more than 10 times.
RelationalConstraint: [inv] cannot be a child of [inv].
ConstConstraint: [const] cannot be the only unique child of [inv, add, sub, mul, div].
NoInputsConstraint: Sequences contain at least one input variable Token.
SoftLengthPrior: No description available.
-- BUILDING PRIOR END ---------------

-- RUNNING EPOCHS START -------------
gen	iter	pop_size	nevals	uncached_size	best_val              	timer 
0  	0   	1024    	1024  	1024         	(-0.5238335747413942,)	3.1983
1  	1   	1024    	781   	652          	(-0.5464705220569506,)	2.95781
2  	2   	1024    	770   	604          	(-0.5464705220569506,)	6.00049
3  	3   	1024    	775   	599          	(-0.8036805000172833,)	9.76702
4  	4   	1024    	777   	601          	(-0.8036895469823473,)	9.15774
5  	5   	1024    	778   	569          	(-0.8036902185872756,)	12.2689
6  	6   	1024    	762   	543          	(-0.8036902185872756,)	13.7208
7  	7   	1024    	771   	547          	(-0.8036902185884497,)	13.4574
8  	8   	1024    	790   	566          	(-0.8353817192308691,)	13.2095
9  	9   	1024    	750   	506          	(-0.8353817192308691,)	14.3539

--------------------------------------------------
GP Time: 98.3348

Unique expressions evaluated: 7102
Total expression evaluations: 7978
--------------------------------------------------

GP -> best program this epoch:

	Reward: 0.8353817192308691
	Count Off-policy: 1
	Count On-policy: 0
	Originally on Policy: False
	Invalid: False
	Traversal: div,0.0007045716733953938,add,-2.992872051577399,div,div,div,inv,add,div,x1,sub,div,add,inv,x1,inv,x1,x2,x1,x2,x1,0.019500408398409767,div,mul,add,sub,mul,9.534715661723817e-05,sub,x1,sub,div,1.0268341180189209,add,sub,x1,x1,0.9747607575769811,x2,72.07728173799296,mul,1.0,mul,div,mul,mul,1.0,div,x1,x1,x1,x2,x1,x1,x2
	Expression:
	                                                      0.0007045716733953938     
	  ──────────────────────────────────────────────────────────────────────────────
	                                                                 51.280977278483
	  -2.992872051577399 + ─────────────────────────────────────────────────────────
	                                              ⎛      2                          
	                         2 ⎛     x₁         ⎞ ⎜1.0⋅x₁                           
	                       x₁ ⋅⎜─────────── + x₂⎟⋅⎜─────── + 9.534715661723817e-5⋅x₁
	                           ⎜        2       ⎟ ⎝   x₂                            
	                           ⎜-x₁ + ─────     ⎟                                   
	                           ⎝      x₁⋅x₂     ⎠                                   

                                                
	  ────────────────────────────────────────────────
	  496⋅x₂                                          
	  ────────────────────────────────────────────────
	                                                 ⎞
	                                                 ⎟
	   + 9.534715661723817e-5⋅x₂ - 72.077382178755178⎟
	                                                 ⎠
                                                
                                                

None

--------------------------------------------------

[00:00:01:46.80] Training epoch 1/14, current best R: 0.8354

	** New best
	Reward: 0.8353817192308691
	Count Off-policy: 1
	Count On-policy: 0
	Originally on Policy: False
	Invalid: False
	Traversal: div,0.0007045716733953938,add,-2.992872051577399,div,div,div,inv,add,div,x1,sub,div,add,inv,x1,inv,x1,x2,x1,x2,x1,0.019500408398409767,div,mul,add,sub,mul,9.534715661723817e-05,sub,x1,sub,div,1.0268341180189209,add,sub,x1,x1,0.9747607575769811,x2,72.07728173799296,mul,1.0,mul,div,mul,mul,1.0,div,x1,x1,x1,x2,x1,x1,x2
	Expression:
	                                                      0.0007045716733953938     
	  ──────────────────────────────────────────────────────────────────────────────
	                                                                 51.280977278483
	  -2.992872051577399 + ─────────────────────────────────────────────────────────
	                                              ⎛      2                          
	                         2 ⎛     x₁         ⎞ ⎜1.0⋅x₁                           
	                       x₁ ⋅⎜─────────── + x₂⎟⋅⎜─────── + 9.534715661723817e-5⋅x₁
	                           ⎜        2       ⎟ ⎝   x₂                            
	                           ⎜-x₁ + ─────     ⎟                                   
	                           ⎝      x₁⋅x₂     ⎠                                   

                                                
	  ────────────────────────────────────────────────
	  496⋅x₂                                          
	  ────────────────────────────────────────────────
	                                                 ⎞
	                                                 ⎟
	   + 9.534715661723817e-5⋅x₂ - 72.077382178755178⎟
	                                                 ⎠
                                                
                                                

10 	0   	1024    	1024  	1017         	(-0.5237673129144983,)	2.58412
11 	1   	1024    	771   	655          	(-0.5238236339596345,)	3.6813 
12 	2   	1024    	755   	622          	(-0.5239210560906634,)	4.15025
13 	3   	1024    	787   	628          	(-0.5273689065706613,)	5.64899
14 	4   	1024    	792   	631          	(-0.5464584093510014,)	8.08161
15 	5   	1024    	762   	603          	(-0.5464584093510014,)	11.7116
16 	6   	1024    	751   	559          	(-0.572424067776811,) 	21.2632
17 	7   	1024    	743   	548          	(-0.572424067776811,) 	22.3928
18 	8   	1024    	769   	578          	(-0.7276970905472395,)	22.5973
19 	9   	1024    	781   	601          	(-0.7276970905472395,)	26.428 

--------------------------------------------------
GP Time: 128.786

Unique expressions evaluated: 14473
Total expression evaluations: 15913
--------------------------------------------------

GP -> best program this epoch:

	Reward: 0.7276970905472395
	Count Off-policy: 1
	Count On-policy: 0
	Originally on Policy: False
	Invalid: False
	Traversal: inv,div,mul,add,sub,div,sub,inv,mul,x2,1.0,x2,add,div,x2,inv,sub,-19.17271829030798,x1,div,54912.61335378543,mul,x1,x1,div,div,x1,mul,inv,add,x2,x2,x2,x1,1.9472544697376395,-10440.474442505392,-0.0019840646024283466
	Expression:
	                                    1                                  
	  ─────────────────────────────────────────────────────────────────────
	                              ⎛      1.0⎞                              
	           5262164.5634557628⋅⎜-x₂ + ───⎟                              
	                              ⎝       x₂⎠                              
	  ──────────────────────────────────────────────── - 277555.66022727697
	                                 54912.61335378543                     
	  x₂⋅(-x₁ - 19.17271829030798) + ─────────────────                     
	                                          2                            
	                                        x₁                             

None

--------------------------------------------------

-- RUNNING EPOCHS END ---------------

-- EVALUATION START ----------------
Saving Hall of Fame to ./log/regression_config_regression_GPMELD.json_FeynmanICh32Eq5.in_normal_0.0_2023-05-29-052003/dso_regression_config_regression_GPMELD.json_FeynmanICh32Eq5.in_normal_0.0_0_hof.csv
Saving Pareto Front to ./log/regression_config_regression_GPMELD.json_FeynmanICh32Eq5.in_normal_0.0_2023-05-29-052003/dso_regression_config_regression_GPMELD.json_FeynmanICh32Eq5.in_normal_0.0_0_pf.csv
Invalid expressions: 262 of 17961 (1.5%).
Error type counts:
  reciprocal: 166 (63.4%)
  true_divide: 96 (36.6%)
Error node counts:
  divide: 258 (98.5%)
  invalid: 4 (1.5%)
-- EVALUATION END ------------------
== TRAINING SEED 0 END ==============
INFO: Completed run 1 of 1 in 246 s

== POST-PROCESS START =================
-- LOADING LOGS START ----------------
json configure file: ./log/regression_config_regression_GPMELD.json_FeynmanICh32Eq5.in_normal_0.0_2023-05-29-052003
Successfully loaded summary data
Successfully loaded Hall of Fame data
Successfully loaded Pareto Front data
-- LOADING LOGS END ------------------

-- ANALYZING LOG START --------------
Task_____________regression
Source path______./log/regression_config_regression_GPMELD.json_FeynmanICh32Eq5.in_normal_0.0_2023-05-29-052003
Runs_____________1
Max Samples/run__15000
Success_rate_____0.0
Hall of Fame (Top 5 of 100)____
    0: S=000 R=0.835382 <-- [0.0007045716733953938/(-2.992872051577399 + 51.280977278483496*x2/(x1**2*(x1/(-x1 + 2/(x1*x2)) + x2)*(1.0*x1**2/x2 + 9.534715661723817e-5*x1 + 9.534715661723817e-5*x2 - 72.077382178755178)))]
    1: S=000 R=0.835382 <-- [0.0007045716733953938/(-2.992872051577399 + 51.280977278483496*x2/(x1**2*(x1/(-x1 + 2/(x1*x2)) + x2)*(1.0*x1**2/x2 + 9.534715661723817e-5*x1 + 9.534715661723817e-5*x2 - 72.077382178755178)))]
    2: S=000 R=0.835379 <-- [-1.9543019479936533e-5/(0.0816762987729268 + 1/(x1*(-1.3380320057762058*x1*(5.0384125078300687e-5*x2 - 39.073855300213424 - 0.025347043955863604/x1) - x1)))]
    3: S=000 R=0.835379 <-- [-1.9543019479936533e-5/(0.0816762987729268 + 1/(x1*(-1.3380320057762058*x1*(5.0384125078300687e-5*x2 - 39.073855300213424 - 0.025347043955863604/x1) - x1)))]
    4: S=000 R=0.825572 <-- [0.00011824925341759538/(-0.45663209418605655 - 1/(x1*(x1*(8.3796259977998028e-6*x2 - 7.5341153457001468 + 0.098722484116632181/x1)*(x1**2/x2 + x1 - 1.3715170075960783) - x1)))]
  Saving Hall of Fame plot to ./log/regression_config_regression_GPMELD.json_FeynmanICh32Eq5.in_normal_0.0_2023-05-29-052003/dso_regression_config_regression_GPMELD.json_FeynmanICh32Eq5.in_normal_0.0_plot_hof.png
Pareto Front (5 of 15)____
    0: S=000 R=0.835382 C=69.00 <-- [0.0007045716733953938/(-2.992872051577399 + 51.280977278483496*x2/(x1**2*(x1/(-x1 + 2/(x1*x2)) + x2)*(1.0*x1**2/x2 + 9.534715661723817e-5*x1 + 9.534715661723817e-5*x2 - 72.077382178755178)))]
    1: S=000 R=0.835379 C=37.00 <-- [-1.9543019479936533e-5/(0.0816762987729268 + 1/(x1*(-1.3380320057762058*x1*(5.0384125078300687e-5*x2 - 39.073855300213424 - 0.025347043955863604/x1) - x1)))]
    2: S=000 R=0.803691 C=28.00 <-- [4.2699854736556085e-6/(-0.023993104844027273 + 4043.303679874793/(x1**2*(x2 - 3.871882229914434 + 1.0/(x1*x2))))]
    3: S=000 R=0.803687 C=26.00 <-- [0.00011591617682554941/(-0.655311844714025 + 110062.5679839027/(x1**2*(x2 - 8.275769863105853e-6 + 1.0/x2)))]
    4: S=000 R=0.803681 C=21.00 <-- [8.023573473905849e-5/(-0.45483066028492275 + 76322.514323917514/(x1**2*(x2 + 2.836220258507479)))]
  Saving Pareto Front plot to ./log/regression_config_regression_GPMELD.json_FeynmanICh32Eq5.in_normal_0.0_2023-05-29-052003/dso_regression_config_regression_GPMELD.json_FeynmanICh32Eq5.in_normal_0.0_plot_pf.png
-- ANALYZING LOG END ----------------
== POST-PROCESS END ===================
