debug /depot/yexiang/apps/jiang631/data/scibench/data/unencrypted/equations_feynman/FeynmanIIICh15Eq27.in
!!!!!!!!!!!!!!!!!!!!!!!!!!!!!i /depot/yexiang/apps/jiang631/data/scibench/data/unencrypted/equations_feynman/FeynmanIIICh15Eq27.in
['mul', 2, 'mul', 3.141592653589793, 'mul', 'X_0', 'mul', 'pow', 'X_1', -1, 'pow', 'X_2', -1]
--------------------
eq_name 	 feynman-iii.15.27
num_vars 	 3
vars_range_and_types 	 [{"name": "IntegerUniform", "range": [1, 100], "only_positive": false}, {"name": "IntegerUniform", "range": [1, 100], "only_positive": true}, {"name": "LogUniform", "range": [1e-10, 1e-08], "only_positive": true}]
function_set 	 ['add', 'sub', 'mul', 'div', 'sin', 'cos', 'exp', 'log', 'const']
eq_expression 	 mul,2,mul,3.141592653589793,mul,X_0,mul,pow,X_1,-1,pow,X_2,-1
expr 	 2*pi*X_0/(X_1*X_2)
--------------------

== EXPERIMENT SETUP START ===========
Task type            : regression
Starting seed        : 0
Runs                 : 1
== EXPERIMENT SETUP END =============

== TRAINING SEED 0 START ============
self.dataX <dso.symbolic_data_generator.DataX object at 0x2b8763fba080>, self.data_query_oracle: <dso.symbolic_equation_evaluator_public.Equation_evaluator object at 0x2b878305bda0>
generate dataset!
-- BUILDING PRIOR START -------------
WARNING: Skipping invalid 'RelationalConstraint' with arguments {'targets': [], 'effectors': [], 'relationship': None}. Reason: Prior disabled.
WARNING: Skipping invalid 'TrigConstraint' with arguments {}. Reason: There are no target Tokens.
WARNING: Skipping invalid 'UniformArityPrior' with arguments {}. Reason: Prior disabled.
WARNING: Skipping invalid 'LanguageModelPrior' with arguments {'weight': None}. Reason: Prior disabled.
LengthConstraint: Sequences have minimum length 4.
                  Sequences have maximum length 256.
RepeatConstraint: [const] cannot occur more than 10 times.
RelationalConstraint: [inv] cannot be a child of [inv].
ConstConstraint: [const] cannot be the only unique child of [inv, add, sub, mul, div].
NoInputsConstraint: Sequences contain at least one input variable Token.
SoftLengthPrior: No description available.
-- BUILDING PRIOR END ---------------

-- RUNNING EPOCHS START -------------
gen	iter	pop_size	nevals	uncached_size	best_val              	timer 
0  	0   	1024    	1024  	1024         	(-0.9999999990422146,)	2.3206
1  	1   	1024    	780   	677          	(-0.9999999990422146,)	1.0185
2  	2   	1024    	771   	652          	(-0.9999999990422146,)	2.11308
3  	3   	1024    	750   	637          	(-0.9999999990422146,)	3.44017
4  	4   	1024    	764   	667          	(-0.9999999993185562,)	3.43504
5  	5   	1024    	754   	631          	(-0.99999999951858,)  	5.00886
6  	6   	1024    	756   	620          	(-0.9999999996365467,)	5.79397
7  	7   	1024    	777   	644          	(-0.9999999996365467,)	6.29452
8  	8   	1024    	779   	632          	(-0.9999999999845168,)	6.39465
9  	9   	1024    	772   	628          	(-0.9999999999845168,)	6.85368

--------------------------------------------------
GP Time: 42.9428

Unique expressions evaluated: 7736
Total expression evaluations: 7927
--------------------------------------------------

GP -> best program this epoch:

	Reward: 0.9999999999845168
	Count Off-policy: 1
	Count On-policy: 0
	Originally on Policy: False
	Invalid: False
	Traversal: inv,mul,x2,div,x3,sub,mul,7.283185307243439,sub,x1,x3,add,div,div,x2,1.0,inv,x3,sub,x1,-5.251634011404394e-10
	Expression:
	  6.283185307243439⋅x₁ - x₂⋅x₃ - 7.283185307243439⋅x₃ - 5.251634011404394e-10
	  ───────────────────────────────────────────────────────────────────────────
	                                     x₂⋅x₃                                   

None

--------------------------------------------------

[00:00:00:47.89] Training epoch 1/14, current best R: 1.0000

	** New best
	Reward: 0.9999999999845168
	Count Off-policy: 1
	Count On-policy: 0
	Originally on Policy: False
	Invalid: False
	Traversal: inv,mul,x2,div,x3,sub,mul,7.283185307243439,sub,x1,x3,add,div,div,x2,1.0,inv,x3,sub,x1,-5.251634011404394e-10
	Expression:
	  6.283185307243439⋅x₁ - x₂⋅x₃ - 7.283185307243439⋅x₃ - 5.251634011404394e-10
	  ───────────────────────────────────────────────────────────────────────────
	                                     x₂⋅x₃                                   

[00:00:00:47.90] Early stopping criteria met; breaking early.
-- RUNNING EPOCHS END ---------------

-- EVALUATION START ----------------
Saving Hall of Fame to ./log/regression_config_regression_GPMELD.json_FeynmanIIICh15Eq27.in_normal_0.0_2023-05-29-051214/dso_regression_config_regression_GPMELD.json_FeynmanIIICh15Eq27.in_normal_0.0_0_hof.csv
Saving Pareto Front to ./log/regression_config_regression_GPMELD.json_FeynmanIIICh15Eq27.in_normal_0.0_2023-05-29-051214/dso_regression_config_regression_GPMELD.json_FeynmanIIICh15Eq27.in_normal_0.0_0_pf.csv
Invalid expressions: 473 of 8951 (5.3%).
Error type counts:
  true_divide: 264 (55.8%)
  reciprocal: 209 (44.2%)
Error node counts:
  divide: 463 (97.9%)
  invalid: 10 (2.1%)
-- EVALUATION END ------------------
== TRAINING SEED 0 END ==============
INFO: Completed run 1 of 1 in 49 s

== POST-PROCESS START =================
-- LOADING LOGS START ----------------
json configure file: ./log/regression_config_regression_GPMELD.json_FeynmanIIICh15Eq27.in_normal_0.0_2023-05-29-051214
Successfully loaded summary data
Successfully loaded Hall of Fame data
Successfully loaded Pareto Front data
-- LOADING LOGS END ------------------

-- ANALYZING LOG START --------------
Task_____________regression
Source path______./log/regression_config_regression_GPMELD.json_FeynmanIIICh15Eq27.in_normal_0.0_2023-05-29-051214
Runs_____________1
Max Samples/run__15000
Success_rate_____1.0
Hall of Fame (Top 5 of 100)____
    0: S=000 R=1.000000 <-- [(6.283185307243439*x1 - 1.0*x2*x3 - 7.283185307243439*x3 - 5.251634011404394e-10)/(x2*x3)]
    1: S=000 R=1.000000 <-- [(6.283185307243439*x1 - 1.0*x2*x3 - 7.283185307243439*x3 - 5.251634011404394e-10)/(x2*x3)]
    2: S=000 R=1.000000 <-- [-6.283185307652698*(-x1 - x3 + x3/(0.9963340581570259*x1 - 1.0038927547893324 - 1.996334058157026*x3/x2) + 1.549333236332598e-9 + x3/x1)/(x2*x3)]
    3: S=000 R=1.000000 <-- [-6.283185307652698*(-x1 - x3 + x3/(0.9963340581570259*x1 - 1.0038927547893324 - 1.996334058157026*x3/x2) + 1.549333236332598e-9 + x3/x1)/(x2*x3)]
    4: S=000 R=1.000000 <-- [6.2831853062693865*(x1 - 1.4425095169110571e-9 - x3/x2 + x3/x1)/(x2*x3)]
  Saving Hall of Fame plot to ./log/regression_config_regression_GPMELD.json_FeynmanIIICh15Eq27.in_normal_0.0_2023-05-29-051214/dso_regression_config_regression_GPMELD.json_FeynmanIIICh15Eq27.in_normal_0.0_plot_hof.png
Pareto Front (5 of 12)____
    0: S=000 R=1.000000 C=26.00 <-- [(6.283185307243439*x1 - 1.0*x2*x3 - 7.283185307243439*x3 - 5.251634011404394e-10)/(x2*x3)]
    1: S=000 R=1.000000 C=22.00 <-- [6.2831853062693865*(x1 - 1.4425095169110571e-9 - x3/x2 + x3/x1)/(x2*x3)]
    2: S=000 R=1.000000 C=17.00 <-- [-(-6.28318530930173*x1 - 7.4548496381070697e-8)/(x2*x3) + 1/x1]
    3: S=000 R=1.000000 C=16.00 <-- [-6.283185309315225*(-x1 + x2*x3 + 1.489662833521399e-9*x2)/(x2*x3)]
    4: S=000 R=1.000000 C=15.00 <-- [x3 - (-6.283185310431176*x1 - 1.265156490279483e-7)/(x2*x3)]
  Saving Pareto Front plot to ./log/regression_config_regression_GPMELD.json_FeynmanIIICh15Eq27.in_normal_0.0_2023-05-29-051214/dso_regression_config_regression_GPMELD.json_FeynmanIIICh15Eq27.in_normal_0.0_plot_pf.png
-- ANALYZING LOG END ----------------
== POST-PROCESS END ===================
