debug /depot/yexiang/apps/jiang631/data/scibench/data/unencrypted/equations_feynman/FeynmanIICh3Eq24.in
!!!!!!!!!!!!!!!!!!!!!!!!!!!!!i /depot/yexiang/apps/jiang631/data/scibench/data/unencrypted/equations_feynman/FeynmanIICh3Eq24.in
['mul', 0.25, 'mul', 'X_0', 'mul', 'pow', 3.141592653589793, -1, 'pow', 'X_1', -2]
--------------------
eq_name 	 feynman-ii.3.24
num_vars 	 2
vars_range_and_types 	 [{"name": "LogUniform", "range": [1.0, 100.0], "only_positive": false}, {"name": "LogUniform", "range": [0.01, 1.0], "only_positive": true}]
function_set 	 ['add', 'sub', 'mul', 'div', 'sin', 'cos', 'exp', 'log', 'const']
eq_expression 	 mul,0.25,mul,X_0,mul,pow,3.141592653589793,-1,pow,X_1,-2
expr 	 X_0/(4*pi*X_1**2)
--------------------

== EXPERIMENT SETUP START ===========
Task type            : regression
Starting seed        : 0
Runs                 : 1
== EXPERIMENT SETUP END =============

== TRAINING SEED 0 START ============
self.dataX <dso.symbolic_data_generator.DataX object at 0x2b5a69bd1898>, self.data_query_oracle: <dso.symbolic_equation_evaluator_public.Equation_evaluator object at 0x2b5a50405d68>
generate dataset!
-- BUILDING PRIOR START -------------
WARNING: Skipping invalid 'RelationalConstraint' with arguments {'targets': [], 'effectors': [], 'relationship': None}. Reason: Prior disabled.
WARNING: Skipping invalid 'TrigConstraint' with arguments {}. Reason: There are no target Tokens.
WARNING: Skipping invalid 'UniformArityPrior' with arguments {}. Reason: Prior disabled.
WARNING: Skipping invalid 'LanguageModelPrior' with arguments {'weight': None}. Reason: Prior disabled.
LengthConstraint: Sequences have minimum length 4.
                  Sequences have maximum length 256.
RepeatConstraint: [const] cannot occur more than 10 times.
RelationalConstraint: [inv] cannot be a child of [inv].
ConstConstraint: [const] cannot be the only unique child of [inv, add, sub, mul, div].
NoInputsConstraint: Sequences contain at least one input variable Token.
SoftLengthPrior: No description available.
-- BUILDING PRIOR END ---------------

-- RUNNING EPOCHS START -------------
[00:00:00:05.77] Training epoch 1/14, current best R: 1.0000

	** New best
	Reward: 0.9999999999688851
	Count Off-policy: False
	Count On-policy: True
	Originally on Policy: True
	Invalid: False
	Traversal: inv,div,x2,div,div,sub,x1,inv,div,sub,div,add,mul,x1,2.0231623717961202,0.9768743546209484,2.796901112456966e-08,1.023183202829934,x2,12.56637061396732,x2
	Expression:
	                                     0.07957747154842911⋅x₂         
	  0.07957747154842911⋅x₁ - ─────────────────────────────────────────
	                           72335856.379950909⋅x₁ + 34927024.11439141
	  ──────────────────────────────────────────────────────────────────
	                                   2                                
	                                 x₂                                 

[00:00:00:05.95] Early stopping criteria met; breaking early.
-- RUNNING EPOCHS END ---------------

-- EVALUATION START ----------------
Saving Hall of Fame to ./log/regression_config_regression_PQT.json_FeynmanIICh3Eq24.in_normal_0.0_2023-05-29-052256/dso_regression_config_regression_PQT.json_FeynmanIICh3Eq24.in_normal_0.0_0_hof.csv
Saving Pareto Front to ./log/regression_config_regression_PQT.json_FeynmanIICh3Eq24.in_normal_0.0_2023-05-29-052256/dso_regression_config_regression_PQT.json_FeynmanIICh3Eq24.in_normal_0.0_0_pf.csv
Invalid expressions: 31 of 1024 (3.0%).
Error type counts:
  reciprocal: 16 (51.6%)
  true_divide: 15 (48.4%)
Error node counts:
  divide: 31 (100.0%)

Priority queue entry 0:
	Reward: 0.9999999999688851
	Count Off-policy: False
	Count On-policy: True
	Originally on Policy: True
	Invalid: False
	Traversal: inv,div,x2,div,div,sub,x1,inv,div,sub,div,add,mul,x1,2.0231623717961202,0.9768743546209484,2.796901112456966e-08,1.023183202829934,x2,12.56637061396732,x2
	Expression:
	                                     0.07957747154842911⋅x₂         
	  0.07957747154842911⋅x₁ - ─────────────────────────────────────────
	                           72335856.379950909⋅x₁ + 34927024.11439141
	  ──────────────────────────────────────────────────────────────────
	                                   2                                
	                                 x₂                                 

-- EVALUATION END ------------------
== TRAINING SEED 0 END ==============
INFO: Completed run 1 of 1 in 7 s

== POST-PROCESS START =================
-- LOADING LOGS START ----------------
json configure file: ./log/regression_config_regression_PQT.json_FeynmanIICh3Eq24.in_normal_0.0_2023-05-29-052256
Successfully loaded summary data
Successfully loaded Hall of Fame data
Successfully loaded Pareto Front data
-- LOADING LOGS END ------------------

-- ANALYZING LOG START --------------
Task_____________regression
Source path______./log/regression_config_regression_PQT.json_FeynmanIICh3Eq24.in_normal_0.0_2023-05-29-052256
Runs_____________1
Max Samples/run__15000
Success_rate_____1.0
Hall of Fame (Top 5 of 100)____
    0: S=000 R=1.000000 <-- [(0.07957747154842911*x1 - 0.07957747154842911*x2/(72335856.379950909*x1 + 34927024.11439141))/x2**2]
    1: S=000 R=1.000000 <-- [0.69589349724943919*x1/(x2*(8.74485318493185*x2 + 1.7797533047741733e-8))]
    2: S=000 R=0.999740 <-- [(0.07947122983099067*x1 + 1.3130153925640099e-6*x1/x2 + 3.0909760711502116e-5)/x2**2]
    3: S=000 R=0.995429 <-- [x1 + 0.0793848009903797*x1/x2**2 - 0.2483788014242968]
    4: S=000 R=0.989914 <-- [-1.1022234398793283e-5*x1*(x1 - 7190.757710460184)/x2**2 + 8.037904010778961]
  Saving Hall of Fame plot to ./log/regression_config_regression_PQT.json_FeynmanIICh3Eq24.in_normal_0.0_2023-05-29-052256/dso_regression_config_regression_PQT.json_FeynmanIICh3Eq24.in_normal_0.0_plot_hof.png
Pareto Front (5 of 10)____
    0: S=000 R=1.000000 C=28.00 <-- [(0.07957747154842911*x1 - 0.07957747154842911*x2/(72335856.379950909*x1 + 34927024.11439141))/x2**2]
    1: S=000 R=1.000000 C=27.00 <-- [0.69589349724943919*x1/(x2*(8.74485318493185*x2 + 1.7797533047741733e-8))]
    2: S=000 R=0.999740 C=25.00 <-- [(0.07947122983099067*x1 + 1.3130153925640099e-6*x1/x2 + 3.0909760711502116e-5)/x2**2]
    3: S=000 R=0.989914 C=22.00 <-- [-1.1022234398793283e-5*x1*(x1 - 7190.757710460184)/x2**2 + 8.037904010778961]
    4: S=000 R=0.792557 C=20.00 <-- [4.87027847271294*x1*(1.309499915857997 - 10.166350492403426*x2)/x2 + 0.9969393119340021]
  Saving Pareto Front plot to ./log/regression_config_regression_PQT.json_FeynmanIICh3Eq24.in_normal_0.0_2023-05-29-052256/dso_regression_config_regression_PQT.json_FeynmanIICh3Eq24.in_normal_0.0_plot_pf.png
-- ANALYZING LOG END ----------------
== POST-PROCESS END ===================
