debug /depot/yexiang/apps/jiang631/data/scibench/data/unencrypted/equations_feynman/FeynmanIICh15Eq5.in
!!!!!!!!!!!!!!!!!!!!!!!!!!!!!i /depot/yexiang/apps/jiang631/data/scibench/data/unencrypted/equations_feynman/FeynmanIICh15Eq5.in
['mul', -1, 'mul', 'X_0', 'mul', 'X_1', 'cos', 'X_2']
--------------------
eq_name 	 feynman-ii.15.5
num_vars 	 3
vars_range_and_types 	 [{"name": "LogUniform", "range": [1e-22, 1e-20], "only_positive": false}, {"name": "LogUniform", "range": [10.0, 1000.0], "only_positive": false}, {"name": "Uniform", "range": [0, 6.283185307179586], "only_positive": true}]
function_set 	 ['add', 'sub', 'mul', 'div', 'sin', 'cos', 'exp', 'log', 'const']
eq_expression 	 mul,-1,mul,X_0,mul,X_1,cos,X_2
expr 	 -X_0*X_1*cos(X_2)
--------------------

== EXPERIMENT SETUP START ===========
Task type            : regression
Starting seed        : 0
Runs                 : 1
== EXPERIMENT SETUP END =============

== TRAINING SEED 0 START ============
self.dataX <dso.symbolic_data_generator.DataX object at 0x2b0e2d487128>, self.data_query_oracle: <dso.symbolic_equation_evaluator_public.Equation_evaluator object at 0x2b0e4c528d68>
generate dataset!
-- BUILDING PRIOR START -------------
WARNING: Skipping invalid 'RelationalConstraint' with arguments {'targets': [], 'effectors': [], 'relationship': None}. Reason: Prior disabled.
WARNING: Skipping invalid 'TrigConstraint' with arguments {}. Reason: There are no target Tokens.
WARNING: Skipping invalid 'UniformArityPrior' with arguments {}. Reason: Prior disabled.
WARNING: Skipping invalid 'LanguageModelPrior' with arguments {'weight': None}. Reason: Prior disabled.
LengthConstraint: Sequences have minimum length 4.
                  Sequences have maximum length 256.
RepeatConstraint: [const] cannot occur more than 10 times.
RelationalConstraint: [inv] cannot be a child of [inv].
ConstConstraint: [const] cannot be the only unique child of [inv, add, sub, mul, div].
NoInputsConstraint: Sequences contain at least one input variable Token.
SoftLengthPrior: No description available.
-- BUILDING PRIOR END ---------------

-- RUNNING EPOCHS START -------------
[00:00:00:01.95] Training epoch 1/14, current best R: 0.5139

	** New best
	Reward: 0.5139269889039981
	Count Off-policy: False
	Count On-policy: True
	Originally on Policy: True
	Invalid: False
	Traversal: div,sub,x1,x2,mul,add,div,sub,5.10683459252036,x1,x1,x1,sub,x3,-0.10533076194100056
	Expression:
	                          x₁ - x₂                        
	  ───────────────────────────────────────────────────────
	  ⎛     5.10683459252036 - x₁⎞                           
	  ⎜x₁ + ─────────────────────⎟⋅(x₃ + 0.10533076194100056)
	  ⎝               x₁         ⎠                           

[00:00:00:03.27] Training epoch 2/14, current best R: 0.5139

	** New best
	Reward: 0.5139269893452892
	Count Off-policy: False
	Count On-policy: True
	Originally on Policy: True
	Invalid: False
	Traversal: inv,add,inv,x2,sub,mul,div,add,div,inv,x1,x2,x3,-0.19586859055145547,sub,x3,-0.10535949388353462,x1
	Expression:
	                                           1                                    
	  ──────────────────────────────────────────────────────────────────────────────
	        ⎛                         5.1054638070584163⎞                           
	  -x₁ + ⎜-5.1054638070584163⋅x₃ - ──────────────────⎟⋅(x₃ + 0.10535949388353462)
	        ⎝                               x₁⋅x₂       ⎠                           

     
	  ─────
	     1 
	   + ──
	     x₂

[00:00:00:05.27] Training epoch 4/14, current best R: 0.5246

	** New best
	Reward: 0.5245809410720135
	Count Off-policy: False
	Count On-policy: True
	Originally on Policy: True
	Invalid: False
	Traversal: div,x2,add,1.0,add,x1,div,add,inv,sub,add,inv,x3,mul,x1,x3,0.2603420999341599,9.246819768436136,x1
	Expression:
	                                x₂                              
	  ──────────────────────────────────────────────────────────────
	                                                1               
	             9.246819768436136 + ───────────────────────────────
	                                                              1 
	                                 x₁⋅x₃ - 0.2603420999341599 + ──
	                                                              x₃
	  x₁ + 1.0 + ───────────────────────────────────────────────────
	                                      x₁                        

[00:00:00:06.32] Training epoch 5/14, current best R: 0.5708

	** New best
	Reward: 0.5708066357689159
	Count Off-policy: False
	Count On-policy: True
	Originally on Policy: True
	Invalid: False
	Traversal: mul,x1,div,mul,x3,sub,x2,div,mul,mul,mul,x1,div,mul,x2,0.2113984438389259,x1,x2,x3,x2,2.0095058164455692
	Expression:
	  0.497634787526422⋅x₁⋅x₃⋅(-0.2113984438389259⋅x₂⋅x₃ + x₂)

[00:00:00:07.31] Training epoch 6/14, current best R: 0.7828

	** New best
	Reward: 0.7827811085123518
	Count Off-policy: False
	Count On-policy: True
	Originally on Policy: True
	Invalid: False
	Traversal: mul,mul,mul,add,sub,mul,-0.7704315873375547,sub,sub,div,add,1.9529736388306156,mul,sub,-1.8718039835631088,x1,x3,x3,x1,x3,x3,x1,x2,x1,x3
	Expression:
	           ⎛                                               0.7704315873375547⋅(x
	  x₁⋅x₂⋅x₃⋅⎜1.770431587337555⋅x₁ - 0.2295684126624453⋅x₃ - ─────────────────────
	           ⎝                                                                    

	  ₃⋅(-x₁ - 1.8718039835631088) + 1.9529736388306156)⎞
	  ──────────────────────────────────────────────────⎟
	                x₃                                  ⎠

[00:00:00:11.55] Training epoch 10/14, current best R: 0.7828
[00:00:00:15.88] Ending training after epoch 14/14, current best R: 0.7828
-- RUNNING EPOCHS END ---------------

-- EVALUATION START ----------------
Saving Hall of Fame to ./log/regression_config_regression_VPG.json_FeynmanIICh15Eq5.in_normal_0.0_2023-05-29-051157/dso_regression_config_regression_VPG.json_FeynmanIICh15Eq5.in_normal_0.0_0_hof.csv
Saving Pareto Front to ./log/regression_config_regression_VPG.json_FeynmanIICh15Eq5.in_normal_0.0_2023-05-29-051157/dso_regression_config_regression_VPG.json_FeynmanIICh15Eq5.in_normal_0.0_0_pf.csv
Invalid expressions: 541 of 14336 (3.8%).
Error type counts:
  true_divide: 226 (41.8%)
  reciprocal: 315 (58.2%)
Error node counts:
  divide: 540 (99.8%)
  invalid: 1 (0.2%)
-- EVALUATION END ------------------
== TRAINING SEED 0 END ==============
INFO: Completed run 1 of 1 in 17 s

== POST-PROCESS START =================
-- LOADING LOGS START ----------------
json configure file: ./log/regression_config_regression_VPG.json_FeynmanIICh15Eq5.in_normal_0.0_2023-05-29-051157
Successfully loaded summary data
Successfully loaded Hall of Fame data
Successfully loaded Pareto Front data
-- LOADING LOGS END ------------------

-- ANALYZING LOG START --------------
Task_____________regression
Source path______./log/regression_config_regression_VPG.json_FeynmanIICh15Eq5.in_normal_0.0_2023-05-29-051157
Runs_____________1
Max Samples/run__15000
Success_rate_____0.0
Hall of Fame (Top 5 of 100)____
    0: S=000 R=0.782781 <-- [x1*x2*x3*(1.770431587337555*x1 - 0.2295684126624453*x3 - 0.7704315873375547*(x3*(-x1 - 1.8718039835631088) + 1.9529736388306156)/x3)]
    1: S=000 R=0.570822 <-- [x1*(x3*(-x1 + x2*(0.497557852094319 - 0.1051739880893923*x3)) - 1.9173756920720497)]
    2: S=000 R=0.570807 <-- [0.497634787526422*x1*x3*(-0.2113984438389259*x2*x3 + x2)]
    3: S=000 R=0.524581 <-- [x2/(x1 + 1.0 + (9.246819768436136 + 1/(x1*x3 - 0.2603420999341599 + 1/x3))/x1)]
    4: S=000 R=0.523817 <-- [0.2660988807370259*x1*x2/(x3*(-x3 - 0.2183690192665257/x3))]
  Saving Hall of Fame plot to ./log/regression_config_regression_VPG.json_FeynmanIICh15Eq5.in_normal_0.0_2023-05-29-051157/dso_regression_config_regression_VPG.json_FeynmanIICh15Eq5.in_normal_0.0_plot_hof.png
Pareto Front (5 of 7)____
    0: S=000 R=0.782781 C=26.00 <-- [x1*x2*x3*(1.770431587337555*x1 - 0.2295684126624453*x3 - 0.7704315873375547*(x3*(-x1 - 1.8718039835631088) + 1.9529736388306156)/x3)]
    1: S=000 R=0.570807 C=24.00 <-- [0.497634787526422*x1*x3*(-0.2113984438389259*x2*x3 + x2)]
    2: S=000 R=0.524581 C=23.00 <-- [x2/(x1 + 1.0 + (9.246819768436136 + 1/(x1*x3 - 0.2603420999341599 + 1/x3))/x1)]
    3: S=000 R=0.519322 C=13.00 <-- [x1*x2*x3*(-0.16718565827576767 - 1/(-x3 - 1.5220182992226))]
    4: S=000 R=0.501303 C=11.00 <-- [-0.006499661003943346*x1*x2/x3]
  Saving Pareto Front plot to ./log/regression_config_regression_VPG.json_FeynmanIICh15Eq5.in_normal_0.0_2023-05-29-051157/dso_regression_config_regression_VPG.json_FeynmanIICh15Eq5.in_normal_0.0_plot_pf.png
-- ANALYZING LOG END ----------------
== POST-PROCESS END ===================
