debug /depot/yexiang/apps/jiang631/data/scibench/data/unencrypted/equations_feynman/FeynmanICh6Eq20b.in
!!!!!!!!!!!!!!!!!!!!!!!!!!!!!i /depot/yexiang/apps/jiang631/data/scibench/data/unencrypted/equations_feynman/FeynmanICh6Eq20b.in
['mul', 0.5, 'mul', 'pow', 2, 0.5, 'mul', 'pow', 3.141592653589793, -0.5, 'exp', 'mul', -0.5, 'mul', 'pow', 'X_2', -2, 'pow', 'add', 'X_0', 'mul', -1, 'X_1', 2]
--------------------
eq_name 	 feynman-i.6.20b
num_vars 	 3
vars_range_and_types 	 [{"name": "LogUniform", "range": [0.1, 10.0], "only_positive": false}, {"name": "LogUniform", "range": [0.1, 10.0], "only_positive": false}, {"name": "LogUniform", "range": [0.1, 10.0], "only_positive": true}]
function_set 	 ['add', 'sub', 'mul', 'div', 'exp', 'const']
eq_expression 	 mul,0.5,mul,pow,2,0.5,mul,pow,3.141592653589793,-0.5,exp,mul,-0.5,mul,pow,X_2,-2,pow,add,X_0,mul,-1,X_1,2
expr 	 sqrt(2)*exp(-(X_0 - X_1)**2/(2*X_2**2))/(2*sqrt(pi))
--------------------

== EXPERIMENT SETUP START ===========
Task type            : regression
Starting seed        : 0
Runs                 : 1
== EXPERIMENT SETUP END =============

== TRAINING SEED 0 START ============
self.dataX <dso.symbolic_data_generator.DataX object at 0x2af9b9c5e8d0>, self.data_query_oracle: <dso.symbolic_equation_evaluator_public.Equation_evaluator object at 0x2af9a04d3d68>
generate dataset!
-- BUILDING PRIOR START -------------
WARNING: Skipping invalid 'RelationalConstraint' with arguments {'targets': [], 'effectors': [], 'relationship': None}. Reason: Prior disabled.
WARNING: Skipping invalid 'TrigConstraint' with arguments {}. Reason: There are no target Tokens.
WARNING: Skipping invalid 'UniformArityPrior' with arguments {}. Reason: Prior disabled.
WARNING: Skipping invalid 'LanguageModelPrior' with arguments {'weight': None}. Reason: Prior disabled.
LengthConstraint: Sequences have minimum length 4.
                  Sequences have maximum length 256.
RepeatConstraint: [const] cannot occur more than 10 times.
RelationalConstraint: [inv] cannot be a child of [inv].
ConstConstraint: [const] cannot be the only unique child of [inv, add, sub, mul, div].
NoInputsConstraint: Sequences contain at least one input variable Token.
SoftLengthPrior: No description available.
-- BUILDING PRIOR END ---------------

-- RUNNING EPOCHS START -------------
[00:00:00:06.23] Training epoch 1/14, current best R: 0.5597

	** New best
	Reward: 0.559743402561585
	Count Off-policy: False
	Count On-policy: True
	Originally on Policy: True
	Invalid: False
	Traversal: sub,add,div,0.11828720331438798,sub,x2,sub,x2,add,1.8357214068057397,sub,x1,x1,x3,mul,0.9590434112407019,x3
	Expression:
	  0.0409565887592981⋅x₃ + 0.064436358848271254

[00:00:00:13.35] Training epoch 2/14, current best R: 0.5668

	** New best
	Reward: 0.5667612639394283
	Count Off-policy: False
	Count On-policy: True
	Originally on Policy: True
	Invalid: False
	Traversal: sub,sub,x2,-0.11533967471700843,sub,sub,add,x2,inv,mul,x3,66.62131216466513,sub,x1,x1,div,x3,31.00140523919332
	Expression:
	                                                 0.01501021171015578
	  0.03225660231478013⋅x₃ + 0.11533967471700843 - ───────────────────
	                                                          x₃        

[00:00:00:24.54] Training epoch 4/14, current best R: 0.5716

	** New best
	Reward: 0.5715734249606087
	Count Off-policy: False
	Count On-policy: True
	Originally on Policy: True
	Invalid: False
	Traversal: mul,inv,div,add,0.38144818122292595,div,x2,div,x3,inv,x2,-0.03951722216040693,add,div,add,4.423536265222616,x1,-1.003484138328563,x1
	Expression:
	  0.003472041256542741⋅x₁ - 4.40817756480995
	  ──────────────────────────────────────────
	                          25.3054224292597  
	    -9.6527073607189492 - ────────────────  
	                                 x₃         

[00:00:00:44.35] Training epoch 7/14, current best R: 0.5719

	** New best
	Reward: 0.5719343621748195
	Count Off-policy: False
	Count On-policy: True
	Originally on Policy: True
	Invalid: False
	Traversal: mul,div,0.00022335413487660613,add,x3,4.060218917055555,add,mul,sub,x3,div,0.015275653245800975,sub,0.08576095698141606,x2,sub,x3,-2312.9247008345724,402.52817531122247
	Expression:
	                         ⎛                          ⎛       0.015275653245800975
	  0.00022335413487660613⋅⎜(x₃ + 2312.9247008345724)⋅⎜x₃ - ──────────────────────
	                         ⎝                          ⎝     0.08576095698141606 - 
	  ──────────────────────────────────────────────────────────────────────────────
	                                           x₃ + 4.060218917055555               

	    ⎞                     ⎞
	  ──⎟ + 402.52817531122247⎟
	  x₂⎠                     ⎠
	  ─────────────────────────
                         

[00:00:01:00.70] Training epoch 9/14, current best R: 0.5731

	** New best
	Reward: 0.5731393573632142
	Count Off-policy: False
	Count On-policy: True
	Originally on Policy: True
	Invalid: False
	Traversal: sub,-0.7124934925168815,inv,div,div,mul,3.84416817962003,inv,add,-21.588252994996193,x1,sub,sub,-19.4559076574235,x1,x3,-0.007298942002613609
	Expression:
	  0.001898705171461843⋅(x₁ - 21.588252994996193)⋅(-x₁ - x₃ - 19.4559076574235) -
	   0.7124934925168815

[00:00:01:07.82] Training epoch 10/14, current best R: 0.5879

	** New best
	Reward: 0.5879028767178817
	Count Off-policy: False
	Count On-policy: True
	Originally on Policy: True
	Invalid: False
	Traversal: inv,div,add,add,div,mul,x2,add,div,4155.9115080820375,mul,sub,sub,-3.65967531192828,inv,x3,5.066626834093019,x2,x2,0.016137625864239016,30631.15319656747,x3,624.5251401742943
	Expression:
	                                                      1                         
	  ──────────────────────────────────────────────────────────────────────────────
	                          ⎛          4155.9115080820375     ⎞                   
	  0.099222560923227923⋅x₂⋅⎜x₂ + ────────────────────────────⎟ + 0.00160121656547
	                          ⎜        ⎛                     1 ⎞⎟                   
	                          ⎜     x₂⋅⎜-8.726302146021299 - ──⎟⎟                   
	                          ⎝        ⎝                     x₃⎠⎠                   

                           
	  ───────────────────────────
                           
	  0714⋅x₃ + 49.04710991781506
                           
                           
                           

[00:00:01:07.83] Training epoch 10/14, current best R: 0.5879
[00:00:01:45.05] Ending training after epoch 14/14, current best R: 0.5879
-- RUNNING EPOCHS END ---------------

-- EVALUATION START ----------------
Saving Hall of Fame to ./log/regression_config_regression_VPG.json_FeynmanICh6Eq20b.in_normal_0.0_2023-05-29-052021/dso_regression_config_regression_VPG.json_FeynmanICh6Eq20b.in_normal_0.0_0_hof.csv
Saving Pareto Front to ./log/regression_config_regression_VPG.json_FeynmanICh6Eq20b.in_normal_0.0_2023-05-29-052021/dso_regression_config_regression_VPG.json_FeynmanICh6Eq20b.in_normal_0.0_0_pf.csv
Invalid expressions: 321 of 14336 (2.2%).
Error type counts:
  reciprocal: 169 (52.6%)
  true_divide: 152 (47.4%)
Error node counts:
  divide: 320 (99.7%)
  invalid: 1 (0.3%)
-- EVALUATION END ------------------
== TRAINING SEED 0 END ==============
INFO: Completed run 1 of 1 in 106 s

== POST-PROCESS START =================
-- LOADING LOGS START ----------------
json configure file: ./log/regression_config_regression_VPG.json_FeynmanICh6Eq20b.in_normal_0.0_2023-05-29-052021
Successfully loaded summary data
Successfully loaded Hall of Fame data
Successfully loaded Pareto Front data
-- LOADING LOGS END ------------------

-- ANALYZING LOG START --------------
Task_____________regression
Source path______./log/regression_config_regression_VPG.json_FeynmanICh6Eq20b.in_normal_0.0_2023-05-29-052021
Runs_____________1
Max Samples/run__15000
Success_rate_____0.0
Hall of Fame (Top 5 of 100)____
    0: S=000 R=0.587903 <-- [1/(0.099222560923227923*x2*(x2 + 4155.9115080820375/(x2*(-8.726302146021299 - 1/x3))) + 0.001601216565470714*x3 + 49.04710991781506)]
    1: S=000 R=0.578559 <-- [x3*(-0.00054415457872032313*x2**2 - 0.0074378792567962697*x3 - 0.8905427314670155) + x3]
    2: S=000 R=0.573139 <-- [0.001898705171461843*(x1 - 21.588252994996193)*(-x1 - x3 - 19.4559076574235) - 0.7124934925168815]
    3: S=000 R=0.572974 <-- [0.438263774797232 - 1/(x3 + 2.185871798280913 + 0.003506143480336957/(-2*x2 + 1/(-0.50059960263218714*x3 + 0.50059960263218714/x2)))]
    4: S=000 R=0.571934 <-- [0.00022335413487660613*((x3 + 2312.9247008345724)*(x3 - 0.015275653245800975/(0.08576095698141606 - x2)) + 402.52817531122247)/(x3 + 4.060218917055555)]
  Saving Hall of Fame plot to ./log/regression_config_regression_VPG.json_FeynmanICh6Eq20b.in_normal_0.0_2023-05-29-052021/dso_regression_config_regression_VPG.json_FeynmanICh6Eq20b.in_normal_0.0_plot_hof.png
Pareto Front (5 of 10)____
    0: S=000 R=0.587903 C=28.00 <-- [1/(0.099222560923227923*x2*(x2 + 4155.9115080820375/(x2*(-8.726302146021299 - 1/x3))) + 0.001601216565470714*x3 + 49.04710991781506)]
    1: S=000 R=0.578559 C=26.00 <-- [x3*(-0.00054415457872032313*x2**2 - 0.0074378792567962697*x3 - 0.8905427314670155) + x3]
    2: S=000 R=0.573139 C=21.00 <-- [0.001898705171461843*(x1 - 21.588252994996193)*(-x1 - x3 - 19.4559076574235) - 0.7124934925168815]
    3: S=000 R=0.571583 C=17.00 <-- [-0.1762012498749402*x3*(x3/(x3 + 2.373197385015277) - 1.0163943375474613)]
    4: S=000 R=0.571572 C=14.00 <-- [x3/(2.189712395316169*x3 + 5.740874944674294)]
  Saving Pareto Front plot to ./log/regression_config_regression_VPG.json_FeynmanICh6Eq20b.in_normal_0.0_2023-05-29-052021/dso_regression_config_regression_VPG.json_FeynmanICh6Eq20b.in_normal_0.0_plot_pf.png
-- ANALYZING LOG END ----------------
== POST-PROCESS END ===================
