debug /depot/yexiang/apps/jiang631/data/scibench/data/unencrypted/equations_feynman/FeynmanIIICh4Eq33.in
!!!!!!!!!!!!!!!!!!!!!!!!!!!!!i /depot/yexiang/apps/jiang631/data/scibench/data/unencrypted/equations_feynman/FeynmanIIICh4Eq33.in
['mul', 3.313e-34, 'mul', 'X_0', 'mul', 'pow', 3.141592653589793, -1, 'pow', 'add', -1, 'exp', 'mul', 2.39959613196403e-11, 'mul', 'X_0', 'mul', 'pow', 3.141592653589793, -1, 'pow', 'X_1', -1, -1]
--------------------
eq_name 	 feynman-iii.4.33
num_vars 	 2
vars_range_and_types 	 [{"name": "LogUniform", "range": [100000000.0, 10000000000.0], "only_positive": true}, {"name": "LogUniform", "range": [10.0, 1000.0], "only_positive": true}]
function_set 	 ['add', 'sub', 'mul', 'div', 'sin', 'cos', 'exp', 'log', 'const']
eq_expression 	 mul,3.313e-34,mul,X_0,mul,pow,3.141592653589793,-1,pow,add,-1,exp,mul,2.39959613196403e-11,mul,X_0,mul,pow,3.141592653589793,-1,pow,X_1,-1,-1
expr 	 3.313e-34*X_0/(pi*(exp(2.39959613196403e-11*X_0/(pi*X_1)) - 1))
--------------------

== EXPERIMENT SETUP START ===========
Task type            : regression
Starting seed        : 0
Runs                 : 1
== EXPERIMENT SETUP END =============

== TRAINING SEED 0 START ============
self.dataX <dso.symbolic_data_generator.DataX object at 0x2adeba893898>, self.data_query_oracle: <dso.symbolic_equation_evaluator_public.Equation_evaluator object at 0x2adea10acd68>
generate dataset!
-- BUILDING PRIOR START -------------
WARNING: Skipping invalid 'RelationalConstraint' with arguments {'targets': [], 'effectors': [], 'relationship': None}. Reason: Prior disabled.
WARNING: Skipping invalid 'TrigConstraint' with arguments {}. Reason: There are no target Tokens.
WARNING: Skipping invalid 'UniformArityPrior' with arguments {}. Reason: Prior disabled.
WARNING: Skipping invalid 'LanguageModelPrior' with arguments {'weight': None}. Reason: Prior disabled.
LengthConstraint: Sequences have minimum length 4.
                  Sequences have maximum length 256.
RepeatConstraint: [const] cannot occur more than 10 times.
RelationalConstraint: [inv] cannot be a child of [inv].
ConstConstraint: [const] cannot be the only unique child of [inv, add, sub, mul, div].
NoInputsConstraint: Sequences contain at least one input variable Token.
SoftLengthPrior: No description available.
-- BUILDING PRIOR END ---------------

-- RUNNING EPOCHS START -------------
[00:00:00:02.16] Training epoch 1/14, current best R: 0.4565

	** New best
	Reward: 0.45652042190432957
	Count Off-policy: False
	Count On-policy: True
	Originally on Policy: True
	Invalid: False
	Traversal: mul,x2,inv,add,sub,x2,1.0,mul,sub,add,x1,mul,mul,sub,x2,-147.17042611569096,6539.321192250974,x1,1.0,x1
	Expression:
	                                      x₂                                   
	  ─────────────────────────────────────────────────────────────────────────
	  x₁⋅(x₁⋅(6539.321192250974⋅x₂ + 962394.68637094409) + x₁ - 1.0) + x₂ - 1.0

[00:00:00:04.36] Training epoch 3/14, current best R: 0.4625

	** New best
	Reward: 0.4625341411730609
	Count Off-policy: False
	Count On-policy: True
	Originally on Policy: True
	Invalid: False
	Traversal: mul,inv,add,mul,7.843167129712798,mul,sub,x2,-7033.810824094427,mul,sub,mul,mul,add,x1,x2,7.751977947986827,7.75197794798693,x2,x1,1.0,x2
	Expression:
	                                                  x₂                            
	  ──────────────────────────────────────────────────────────────────────────────
	  7.843167129712798⋅x₁⋅(60.09316210607486⋅x₁ + 59.09316210607486⋅x₂)⋅(x₂ + 7033.

                   
	  ───────────────────
	  810824094427) + 1.0

[00:00:00:11.50] Training epoch 10/14, current best R: 0.4625
[00:00:00:13.58] Training epoch 12/14, current best R: 0.4626

	** New best
	Reward: 0.46256873044750757
	Count Off-policy: False
	Count On-policy: True
	Originally on Policy: True
	Invalid: False
	Traversal: inv,mul,div,add,1.0,mul,sub,inv,sub,x2,sub,-2.222434540482928e-05,inv,div,-0.9999486625721173,x2,0.09503999784381585,x1,-0.00539329749943682,x1
	Expression:
	                                                            1                   
	  ──────────────────────────────────────────────────────────────────────────────
	     ⎛                      ⎛                                             1     
	  x₁⋅⎜- 185.415323390639⋅x₁⋅⎜-0.09503999784381585 + ────────────────────────────
	     ⎝                      ⎝                       2.222434540482928e-5 - 5.134

                                       
	  ───────────────────────────────────────
	                    ⎞                   ⎞
	  ──────────────────⎟ - 185.415323390639⎟
	  006354950982e-5⋅x₂⎠                   ⎠

[00:00:00:15.96] Ending training after epoch 14/14, current best R: 0.4626
-- RUNNING EPOCHS END ---------------

-- EVALUATION START ----------------
Saving Hall of Fame to ./log/regression_config_regression_PQT.json_FeynmanIIICh4Eq33.in_normal_0.0_2023-05-29-051929/dso_regression_config_regression_PQT.json_FeynmanIIICh4Eq33.in_normal_0.0_0_hof.csv
Saving Pareto Front to ./log/regression_config_regression_PQT.json_FeynmanIIICh4Eq33.in_normal_0.0_2023-05-29-051929/dso_regression_config_regression_PQT.json_FeynmanIIICh4Eq33.in_normal_0.0_0_pf.csv
Invalid expressions: 602 of 14336 (4.2%).
Error type counts:
  reciprocal: 420 (69.8%)
  true_divide: 182 (30.2%)
Error node counts:
  divide: 600 (99.7%)
  invalid: 2 (0.3%)

Priority queue entry 0:
	Reward: 0.46256873044750757
	Count Off-policy: False
	Count On-policy: True
	Originally on Policy: True
	Invalid: False
	Traversal: inv,mul,div,add,1.0,mul,sub,inv,sub,x2,sub,-2.222434540482928e-05,inv,div,-0.9999486625721173,x2,0.09503999784381585,x1,-0.00539329749943682,x1
	Expression:
	                                                            1                   
	  ──────────────────────────────────────────────────────────────────────────────
	     ⎛                      ⎛                                             1     
	  x₁⋅⎜- 185.415323390639⋅x₁⋅⎜-0.09503999784381585 + ────────────────────────────
	     ⎝                      ⎝                       2.222434540482928e-5 - 5.134

                                       
	  ───────────────────────────────────────
	                    ⎞                   ⎞
	  ──────────────────⎟ - 185.415323390639⎟
	  006354950982e-5⋅x₂⎠                   ⎠


Priority queue entry 1:
	Reward: 0.4625341411730609
	Count Off-policy: False
	Count On-policy: True
	Originally on Policy: True
	Invalid: False
	Traversal: mul,inv,add,mul,7.843167129712798,mul,sub,x2,-7033.810824094427,mul,sub,mul,mul,add,x1,x2,7.751977947986827,7.75197794798693,x2,x1,1.0,x2
	Expression:
	                                                  x₂                            
	  ──────────────────────────────────────────────────────────────────────────────
	  7.843167129712798⋅x₁⋅(60.09316210607486⋅x₁ + 59.09316210607486⋅x₂)⋅(x₂ + 7033.

                   
	  ───────────────────
	  810824094427) + 1.0


Priority queue entry 2:
	Reward: 0.4625116811649217
	Count Off-policy: False
	Count On-policy: True
	Originally on Policy: True
	Invalid: False
	Traversal: inv,mul,4.949590282220941,mul,x1,mul,4.9495902823128715,mul,mul,sub,x1,mul,x1,mul,-5392.861140374573,inv,x2,4.949589964802477,4.9495899647105155
	Expression:
	                  0.2020369248727569                
	  ──────────────────────────────────────────────────
	     ⎛                        653923.48244950377⋅x₁⎞
	  x₁⋅⎜121.25724461061945⋅x₁ + ─────────────────────⎟
	     ⎝                                  x₂         ⎠


Priority queue entry 3:
	Reward: 0.45652042190432957
	Count Off-policy: False
	Count On-policy: True
	Originally on Policy: True
	Invalid: False
	Traversal: mul,x2,inv,add,sub,x2,1.0,mul,sub,add,x1,mul,mul,sub,x2,-147.17042611569096,6539.321192250974,x1,1.0,x1
	Expression:
	                                      x₂                                   
	  ─────────────────────────────────────────────────────────────────────────
	  x₁⋅(x₁⋅(6539.321192250974⋅x₂ + 962394.68637094409) + x₁ - 1.0) + x₂ - 1.0


Priority queue entry 4:
	Reward: 0.4542902496467175
	Count Off-policy: False
	Count On-policy: True
	Originally on Policy: True
	Invalid: False
	Traversal: inv,div,x1,mul,0.3961302360499848,inv,div,mul,x1,add,x2,div,x1,mul,x2,x2,0.3961302360499848
	Expression:
	  0.1569191639130167
	  ──────────────────
	      2 ⎛ x₁     ⎞  
	    x₁ ⋅⎜─── + x₂⎟  
	        ⎜  2     ⎟  
	        ⎝x₂      ⎠  


Priority queue entry 5:
	Reward: 0.45228723750145633
	Count Off-policy: False
	Count On-policy: True
	Originally on Policy: True
	Invalid: False
	Traversal: inv,mul,mul,add,div,inv,mul,inv,x1,inv,sub,0.031197404222034382,div,div,x1,x1,x1,x2,x2,x1,x1
	Expression:
	                      1                    
	  ─────────────────────────────────────────
	      ⎛   ⎛                       1 ⎞     ⎞
	      ⎜x₁⋅⎜0.031197404222034382 - ──⎟     ⎟
	    2 ⎜   ⎝                       x₁⎠     ⎟
	  x₁ ⋅⎜────────────────────────────── + x₂⎟
	      ⎝              x₂                   ⎠


Priority queue entry 6:
	Reward: 0.4518092729861432
	Count Off-policy: False
	Count On-policy: True
	Originally on Policy: True
	Invalid: False
	Traversal: mul,x2,inv,sub,div,mul,mul,0.06896145917024342,mul,add,mul,x1,inv,mul,1.0018536489654126,x2,x1,x1,x1,1.9310357581065782,1.0
	Expression:
	                               x₂                             
	  ────────────────────────────────────────────────────────────
	                         2 ⎛     0.99814978069169403⋅x₁⎞      
	  0.035712160627134944⋅x₁ ⋅⎜x₁ + ──────────────────────⎟ - 1.0
	                           ⎝               x₂          ⎠      


Priority queue entry 7:
	Reward: 0.4518091286233649
	Count Off-policy: False
	Count On-policy: True
	Originally on Policy: True
	Invalid: False
	Traversal: div,sub,sub,x2,x2,div,inv,sub,1.0,mul,inv,x2,mul,add,1.0,x1,x1,0.03578365559540569,x1
	Expression:
	     -27.94571944539929     
	  ──────────────────────────
	     ⎛  x₁⋅(x₁ + 1.0)      ⎞
	  x₁⋅⎜- ───────────── + 1.0⎟
	     ⎝        x₂           ⎠


Priority queue entry 8:
	Reward: 0.45180912862336475
	Count Off-policy: False
	Count On-policy: True
	Originally on Policy: True
	Invalid: False
	Traversal: div,mul,inv,add,1.0,add,x1,sub,x1,x1,x2,div,mul,div,x1,5.286371472219869,x1,5.286371472219869
	Expression:
	  27.94572334230007⋅x₂
	  ────────────────────
	       2              
	     x₁ ⋅(x₁ + 1.0)   


Priority queue entry 9:
	Reward: 0.4518091284980196
	Count Off-policy: False
	Count On-policy: True
	Originally on Policy: True
	Invalid: False
	Traversal: mul,inv,add,1.0000000047082034,x1,mul,x2,mul,div,div,inv,x2,div,x1,27.944001674722756,sub,x1,1.0,x2
	Expression:
	           27.944001674722756⋅x₂         
	  ───────────────────────────────────────
	  x₁⋅(x₁ - 1.0)⋅(x₁ + 1.0000000047082034)

-- EVALUATION END ------------------
== TRAINING SEED 0 END ==============
INFO: Completed run 1 of 1 in 18 s

== POST-PROCESS START =================
-- LOADING LOGS START ----------------
json configure file: ./log/regression_config_regression_PQT.json_FeynmanIIICh4Eq33.in_normal_0.0_2023-05-29-051929
Successfully loaded summary data
Successfully loaded Hall of Fame data
Successfully loaded Pareto Front data
-- LOADING LOGS END ------------------

-- ANALYZING LOG START --------------
Task_____________regression
Source path______./log/regression_config_regression_PQT.json_FeynmanIIICh4Eq33.in_normal_0.0_2023-05-29-051929
Runs_____________1
Max Samples/run__15000
Success_rate_____0.0
Hall of Fame (Top 5 of 100)____
    0: S=000 R=0.462569 <-- [1/(x1*(-185.415323390639*x1*(-0.09503999784381585 + 1/(2.222434540482928e-5 - 5.134006354950982e-5*x2)) - 185.415323390639))]
    1: S=000 R=0.462534 <-- [x2/(7.843167129712798*x1*(60.09316210607486*x1 + 59.09316210607486*x2)*(x2 + 7033.810824094427) + 1.0)]
    2: S=000 R=0.462512 <-- [0.2020369248727569/(x1*(121.25724461061945*x1 + 653923.48244950377*x1/x2))]
    3: S=000 R=0.456520 <-- [x2/(x1*(x1*(6539.321192250974*x2 + 962394.68637094409) + x1 - 1.0) + x2 - 1.0)]
    4: S=000 R=0.456157 <-- [1/(49.140089700898921*x1**2*(431.47309778946555 - 0.377388325920823*x2) - 3.315792032572206*x2)]
  Saving Hall of Fame plot to ./log/regression_config_regression_PQT.json_FeynmanIIICh4Eq33.in_normal_0.0_2023-05-29-051929/dso_regression_config_regression_PQT.json_FeynmanIIICh4Eq33.in_normal_0.0_plot_hof.png
Pareto Front (5 of 10)____
    0: S=000 R=0.462569 C=25.00 <-- [1/(x1*(-185.415323390639*x1*(-0.09503999784381585 + 1/(2.222434540482928e-5 - 5.134006354950982e-5*x2)) - 185.415323390639))]
    1: S=000 R=0.462534 C=23.00 <-- [x2/(7.843167129712798*x1*(60.09316210607486*x1 + 59.09316210607486*x2)*(x2 + 7033.810824094427) + 1.0)]
    2: S=000 R=0.462512 C=21.00 <-- [0.2020369248727569/(x1*(121.25724461061945*x1 + 653923.48244950377*x1/x2))]
    3: S=000 R=0.451809 C=19.00 <-- [27.944001674722735*x2/(x1**3 - 1/(x1 + x2))]
    4: S=000 R=0.450165 C=18.00 <-- [0.00022965719672069572*(x2 - 16.568663983374705)/(x2*(2.462737905890849*x1**2 + x1))]
  Saving Pareto Front plot to ./log/regression_config_regression_PQT.json_FeynmanIIICh4Eq33.in_normal_0.0_2023-05-29-051929/dso_regression_config_regression_PQT.json_FeynmanIIICh4Eq33.in_normal_0.0_plot_pf.png
-- ANALYZING LOG END ----------------
== POST-PROCESS END ===================
