debug /depot/yexiang/apps/jiang631/data/scibench/data/unencrypted/equations_feynman/FeynmanICh43Eq31.in
!!!!!!!!!!!!!!!!!!!!!!!!!!!!!i /depot/yexiang/apps/jiang631/data/scibench/data/unencrypted/equations_feynman/FeynmanICh43Eq31.in
['mul', 1.380649e-23, 'mul', 'X_0', 'X_1']
--------------------
eq_name 	 feynman-i.43.31
num_vars 	 2
vars_range_and_types 	 [{"name": "LogUniform", "range": [10000000000000.0, 1000000000000000.0], "only_positive": true}, {"name": "LogUniform", "range": [10.0, 1000.0], "only_positive": true}]
function_set 	 ['add', 'sub', 'mul', 'div', 'sin', 'cos', 'exp', 'log', 'const']
eq_expression 	 mul,1.380649e-23,mul,X_0,X_1
expr 	 1.380649e-23*X_0*X_1
--------------------

== EXPERIMENT SETUP START ===========
Task type            : regression
Starting seed        : 0
Runs                 : 1
== EXPERIMENT SETUP END =============

== TRAINING SEED 0 START ============
self.dataX <dso.symbolic_data_generator.DataX object at 0x2acd6fa5d550>, self.data_query_oracle: <dso.symbolic_equation_evaluator_public.Equation_evaluator object at 0x2acdb0333cf8>
generate dataset!
-- BUILDING PRIOR START -------------
WARNING: Skipping invalid 'RelationalConstraint' with arguments {'targets': [], 'effectors': [], 'relationship': None}. Reason: Prior disabled.
WARNING: Skipping invalid 'TrigConstraint' with arguments {}. Reason: There are no target Tokens.
WARNING: Skipping invalid 'UniformArityPrior' with arguments {}. Reason: Prior disabled.
WARNING: Skipping invalid 'LanguageModelPrior' with arguments {'weight': None}. Reason: Prior disabled.
LengthConstraint: Sequences have minimum length 4.
                  Sequences have maximum length 256.
RepeatConstraint: [const] cannot occur more than 10 times.
RelationalConstraint: [inv] cannot be a child of [inv].
ConstConstraint: [const] cannot be the only unique child of [inv, add, sub, mul, div].
NoInputsConstraint: Sequences contain at least one input variable Token.
SoftLengthPrior: No description available.
-- BUILDING PRIOR END ---------------

-- RUNNING EPOCHS START -------------
[00:00:00:02.56] Training epoch 1/14, current best R: 0.5267

	** New best
	Reward: 0.5266957991977106
	Count Off-policy: False
	Count On-policy: True
	Originally on Policy: True
	Invalid: False
	Traversal: mul,mul,inv,x1,div,x1,inv,sub,div,add,inv,sub,inv,x1,x2,x2,0.9998024234152334,x2,1.2563165775247853e-05
	Expression:
	                             1.2565648453154605e-5
	  2.4826779067520938e-9⋅x₂ + ─────────────────────
	                                          1       
	                                    -x₂ + ──      
	                                          x₁      

[00:00:00:09.23] Training epoch 5/14, current best R: 0.5447

	** New best
	Reward: 0.5447131776822364
	Count Off-policy: False
	Count On-policy: True
	Originally on Policy: True
	Invalid: False
	Traversal: mul,inv,div,1569.0404390191516,add,div,sub,inv,mul,inv,div,div,add,add,x1,x1,x2,x2,1568.2318137689776,x1,x2,x2,1.0000046970664171,x2
	Expression:
	     ⎛                                                ⎛      0.00063766082999978
	     ⎜                         0.00063733220325737829⋅⎜-x₂ + ───────────────────
	     ⎜                                                ⎝                    x₁⋅x₂
	  x₂⋅⎜0.00063733519684906675 + ─────────────────────────────────────────────────
	     ⎝                                                        x₂                

	  85⋅(2⋅x₁ + x₂)⎞⎞
	  ──────────────⎟⎟
	                ⎠⎟
	  ───────────────⎟
	                 ⎠

[00:00:00:15.59] Training epoch 10/14, current best R: 0.5447
[00:00:00:18.16] Training epoch 12/14, current best R: 0.5448

	** New best
	Reward: 0.5447831190984396
	Count Off-policy: False
	Count On-policy: True
	Originally on Policy: True
	Invalid: False
	Traversal: inv,add,mul,div,-37.50002022697234,x2,mul,add,x2,div,inv,sub,div,1.0000042306590042,x2,inv,x2,x2,-37.50002022697234,x2
	Expression:
	                                   1                                 
	  ───────────────────────────────────────────────────────────────────
	       37.50002022697234⋅(-37.50002022697234⋅x₂ - 8863872.0799170977)
	  x₂ - ──────────────────────────────────────────────────────────────
	                                     x₂                              

[00:00:00:20.79] Ending training after epoch 14/14, current best R: 0.5448
-- RUNNING EPOCHS END ---------------

-- EVALUATION START ----------------
Saving Hall of Fame to ./log/regression_config_regression_PQT.json_FeynmanICh43Eq31.in_normal_0.0_2023-05-29-051011/dso_regression_config_regression_PQT.json_FeynmanICh43Eq31.in_normal_0.0_0_hof.csv
Saving Pareto Front to ./log/regression_config_regression_PQT.json_FeynmanICh43Eq31.in_normal_0.0_2023-05-29-051011/dso_regression_config_regression_PQT.json_FeynmanICh43Eq31.in_normal_0.0_0_pf.csv
Invalid expressions: 673 of 14336 (4.7%).
Error type counts:
  reciprocal: 478 (71.0%)
  true_divide: 195 (29.0%)
Error node counts:
  divide: 671 (99.7%)
  invalid: 2 (0.3%)

Priority queue entry 0:
	Reward: 0.5447831190984396
	Count Off-policy: False
	Count On-policy: True
	Originally on Policy: True
	Invalid: False
	Traversal: inv,add,mul,div,-37.50002022697234,x2,mul,add,x2,div,inv,sub,div,1.0000042306590042,x2,inv,x2,x2,-37.50002022697234,x2
	Expression:
	                                   1                                 
	  ───────────────────────────────────────────────────────────────────
	       37.50002022697234⋅(-37.50002022697234⋅x₂ - 8863872.0799170977)
	  x₂ - ──────────────────────────────────────────────────────────────
	                                     x₂                              


Priority queue entry 1:
	Reward: 0.5447131776822364
	Count Off-policy: False
	Count On-policy: True
	Originally on Policy: True
	Invalid: False
	Traversal: mul,inv,div,1569.0404390191516,add,div,sub,inv,mul,inv,div,div,add,add,x1,x1,x2,x2,1568.2318137689776,x1,x2,x2,1.0000046970664171,x2
	Expression:
	     ⎛                                                ⎛      0.00063766082999978
	     ⎜                         0.00063733220325737829⋅⎜-x₂ + ───────────────────
	     ⎜                                                ⎝                    x₁⋅x₂
	  x₂⋅⎜0.00063733519684906675 + ─────────────────────────────────────────────────
	     ⎝                                                        x₂                

	  85⋅(2⋅x₁ + x₂)⎞⎞
	  ──────────────⎟⎟
	                ⎠⎟
	  ───────────────⎟
	                 ⎠


Priority queue entry 2:
	Reward: 0.5406973388612963
	Count Off-policy: False
	Count On-policy: True
	Originally on Policy: True
	Invalid: False
	Traversal: div,x2,sub,1.0004814772995447,sub,x2,mul,div,inv,sub,1.0445728671382575,div,0.2608456590057522,add,div,2.8813601842263132,x2,0.0038913634782203103,-5.416914712629769e-08,x2
	Expression:
	                                              x₂                                
	  ──────────────────────────────────────────────────────────────────────────────
	                              18460693.08915751⋅x₂                              
	  -x₂ - ─────────────────────────────────────────────────────────────── + 1.0004
	                                         0.2608456590057522                     
	        1.0445728671382575 - ──────────────────────────────────────────         
	                                                     2.8813601842263132         
	                             0.0038913634782203103 + ──────────────────         
	                                                             x₂                 

            
	  ────────────
            
	  814772995447
            
            
            
            
            


Priority queue entry 3:
	Reward: 0.5266957991977106
	Count Off-policy: False
	Count On-policy: True
	Originally on Policy: True
	Invalid: False
	Traversal: mul,mul,inv,x1,div,x1,inv,sub,div,add,inv,sub,inv,x1,x2,x2,0.9998024234152334,x2,1.2563165775247853e-05
	Expression:
	                             1.2565648453154605e-5
	  2.4826779067520938e-9⋅x₂ + ─────────────────────
	                                          1       
	                                    -x₂ + ──      
	                                          x₁      


Priority queue entry 4:
	Reward: 0.5139067429824371
	Count Off-policy: False
	Count On-policy: True
	Originally on Policy: True
	Invalid: False
	Traversal: div,inv,mul,div,inv,sub,1.0532332890000022,div,sub,div,x1,x1,sub,inv,x2,x2,x2,x2,50847.40609168444,x2
	Expression:
	                                               ⎛         1 ⎞
	                          1.966668659944759e-5⋅⎜x₂ + 1 - ──⎟
	                                               ⎝         x₂⎠
	  2.0713609010868451e-5 - ──────────────────────────────────
	                                          x₂                


Priority queue entry 5:
	Reward: 0.5134728432964374
	Count Off-policy: False
	Count On-policy: True
	Originally on Policy: True
	Invalid: False
	Traversal: sub,1.0000010191870785,mul,inv,x2,add,add,add,1.7633074171618183e-05,x2,mul,div,sub,mul,x2,x2,x1,x1,x2,x2
	Expression:
	                                                         ⎛        2⎞
	                                                      x₂⋅⎝-x₁ + x₂ ⎠
	                       2⋅x₂ + 1.7633074171618183e-5 + ──────────────
	                                                            x₁      
	  1.0000010191870785 - ─────────────────────────────────────────────
	                                             x₂                     


Priority queue entry 6:
	Reward: 0.5132926502327851
	Count Off-policy: False
	Count On-policy: True
	Originally on Policy: True
	Invalid: False
	Traversal: sub,1.0000010276970857,mul,x2,inv,sub,x2,1.7748290474174577e-05
	Expression:
	                x₂                                 
	  - ────────────────────────── + 1.0000010276970857
	    x₂ - 1.7748290474174577e-5                     


Priority queue entry 7:
	Reward: 0.5132921729528185
	Count Off-policy: False
	Count On-policy: True
	Originally on Policy: True
	Invalid: False
	Traversal: sub,1.0000010309397631,div,x2,sub,x2,sub,1.7796583500906308e-05,inv,x1
	Expression:
	                   x₂                                   
	  - ─────────────────────────────── + 1.0000010309397631
	                                 1                      
	    x₂ - 1.7796583500906308e-5 + ──                     
	                                 x₁                     


Priority queue entry 8:
	Reward: 0.513292032542826
	Count Off-policy: False
	Count On-policy: True
	Originally on Policy: True
	Invalid: False
	Traversal: div,x1,mul,mul,2.2203787108533555,x2,inv,div,sub,-3.928069214866047e-05,sub,div,x2,1.0000022734062641,x2,x1
	Expression:
	  0.45037362100074865⋅(2.2734010957353029e-6⋅x₂ - 3.928069214866047e-5)
	  ─────────────────────────────────────────────────────────────────────
	                                    x₂                                 


Priority queue entry 9:
	Reward: 0.5132870354513324
	Count Off-policy: False
	Count On-policy: True
	Originally on Policy: True
	Invalid: False
	Traversal: sub,1.0000010163374726,div,x2,sub,x2,add,1.000017482670952,sub,sub,sub,x2,x2,sub,1.0,x1,x1
	Expression:
	                x₂                                
	  - ───────────────────────── + 1.0000010163374726
	    x₂ - 1.748267095200151e-5                     

-- EVALUATION END ------------------
== TRAINING SEED 0 END ==============
INFO: Completed run 1 of 1 in 22 s

== POST-PROCESS START =================
-- LOADING LOGS START ----------------
json configure file: ./log/regression_config_regression_PQT.json_FeynmanICh43Eq31.in_normal_0.0_2023-05-29-051011
Successfully loaded summary data
Successfully loaded Hall of Fame data
Successfully loaded Pareto Front data
-- LOADING LOGS END ------------------

-- ANALYZING LOG START --------------
Task_____________regression
Source path______./log/regression_config_regression_PQT.json_FeynmanICh43Eq31.in_normal_0.0_2023-05-29-051011
Runs_____________1
Max Samples/run__15000
Success_rate_____0.0
Hall of Fame (Top 5 of 100)____
    0: S=000 R=0.544783 <-- [1/(x2 - 37.50002022697234*(-37.50002022697234*x2 - 8863872.0799170977)/x2)]
    1: S=000 R=0.544713 <-- [x2*(0.00063733519684906675 + 0.00063733220325737829*(-x2 + 0.0006376608299997885*(2*x1 + x2)/(x1*x2))/x2)]
    2: S=000 R=0.540697 <-- [x2/(-x2 - 18460693.08915751*x2/(1.0445728671382575 - 0.2608456590057522/(0.0038913634782203103 + 2.8813601842263132/x2)) + 1.0004814772995447)]
    3: S=000 R=0.526696 <-- [2.4826779067520938e-9*x2 + 1.2565648453154605e-5/(-x2 + 1/x1)]
    4: S=000 R=0.513907 <-- [2.0713609010868451e-5 - 1.966668659944759e-5*(x2 + 1 - 1/x2)/x2]
  Saving Hall of Fame plot to ./log/regression_config_regression_PQT.json_FeynmanICh43Eq31.in_normal_0.0_2023-05-29-051011/dso_regression_config_regression_PQT.json_FeynmanICh43Eq31.in_normal_0.0_plot_hof.png
Pareto Front (5 of 6)____
    0: S=000 R=0.544783 C=26.00 <-- [1/(x2 - 37.50002022697234*(-37.50002022697234*x2 - 8863872.0799170977)/x2)]
    1: S=000 R=0.540697 C=25.00 <-- [x2/(-x2 - 18460693.08915751*x2/(1.0445728671382575 - 0.2608456590057522/(0.0038913634782203103 + 2.8813601842263132/x2)) + 1.0004814772995447)]
    2: S=000 R=0.513473 C=22.00 <-- [1.0000010191870785 - (2*x2 + 1.7633074171618183e-5 + x2*(-x1 + x2**2)/x1)/x2]
    3: S=000 R=0.513293 C=9.00 <-- [-x2/(x2 - 1.7748290474174577e-5) + 1.0000010276970857]
    4: S=000 R=0.475210 C=7.00 <-- [2.8130465059495414e-6/x2]
  Saving Pareto Front plot to ./log/regression_config_regression_PQT.json_FeynmanICh43Eq31.in_normal_0.0_2023-05-29-051011/dso_regression_config_regression_PQT.json_FeynmanICh43Eq31.in_normal_0.0_plot_pf.png
-- ANALYZING LOG END ----------------
== POST-PROCESS END ===================
