debug /depot/yexiang/apps/jiang631/data/scibench/data/unencrypted/equations_feynman/FeynmanIICh2Eq42.in
!!!!!!!!!!!!!!!!!!!!!!!!!!!!!i /depot/yexiang/apps/jiang631/data/scibench/data/unencrypted/equations_feynman/FeynmanIICh2Eq42.in
['mul', 'X_0', 'mul', 'X_3', 'mul', 'pow', 'X_4', -1, 'add', 'X_1', 'mul', -1, 'X_2']
--------------------
eq_name 	 feynman-ii.2.42
num_vars 	 5
vars_range_and_types 	 [{"name": "LogUniform", "range": [0.1, 10.0], "only_positive": true}, {"name": "LogUniform", "range": [10.0, 1000.0], "only_positive": true}, {"name": "LogUniform", "range": [10.0, 1000.0], "only_positive": true}, {"name": "LogUniform", "range": [0.0001, 0.01], "only_positive": true}, {"name": "LogUniform", "range": [0.01, 1.0], "only_positive": true}]
function_set 	 ['add', 'sub', 'mul', 'div', 'sin', 'cos', 'exp', 'log', 'const']
eq_expression 	 mul,X_0,mul,X_3,mul,pow,X_4,-1,add,X_1,mul,-1,X_2
expr 	 X_0*X_3*(X_1 - X_2)/X_4
--------------------

== EXPERIMENT SETUP START ===========
Task type            : regression
Starting seed        : 0
Runs                 : 1
== EXPERIMENT SETUP END =============

== TRAINING SEED 0 START ============
self.dataX <dso.symbolic_data_generator.DataX object at 0x2ab6428b19e8>, self.data_query_oracle: <dso.symbolic_equation_evaluator_public.Equation_evaluator object at 0x2ab629050d68>
generate dataset!
-- BUILDING PRIOR START -------------
WARNING: Skipping invalid 'RelationalConstraint' with arguments {'targets': [], 'effectors': [], 'relationship': None}. Reason: Prior disabled.
WARNING: Skipping invalid 'TrigConstraint' with arguments {}. Reason: There are no target Tokens.
WARNING: Skipping invalid 'UniformArityPrior' with arguments {}. Reason: Prior disabled.
WARNING: Skipping invalid 'LanguageModelPrior' with arguments {'weight': None}. Reason: Prior disabled.
LengthConstraint: Sequences have minimum length 4.
                  Sequences have maximum length 256.
RepeatConstraint: [const] cannot occur more than 10 times.
RelationalConstraint: [inv] cannot be a child of [inv].
ConstConstraint: [const] cannot be the only unique child of [inv, add, sub, mul, div].
NoInputsConstraint: Sequences contain at least one input variable Token.
SoftLengthPrior: No description available.
-- BUILDING PRIOR END ---------------

-- RUNNING EPOCHS START -------------
[00:00:00:03.30] Training epoch 1/14, current best R: 0.5458

	** New best
	Reward: 0.5457869521599055
	Count Off-policy: False
	Count On-policy: True
	Originally on Policy: True
	Invalid: False
	Traversal: mul,add,div,x4,x4,inv,div,x5,add,add,inv,x1,x4,sub,x2,x3,x4
	Expression:
	     ⎛                   1 ⎞
	     ⎜    x₂ - x₃ + x₄ + ──⎟
	     ⎜                   x₁⎟
	  x₄⋅⎜1 + ─────────────────⎟
	     ⎝            x₅       ⎠

[00:00:00:14.02] Training epoch 7/14, current best R: 0.5536

	** New best
	Reward: 0.553557486425598
	Count Off-policy: False
	Count On-policy: True
	Originally on Policy: True
	Invalid: False
	Traversal: mul,mul,x4,mul,inv,x5,div,div,x1,inv,x2,sub,sub,-1799.1524222061369,x1,x1,-1232.4610561810146
	Expression:
	   -1232.4610561810146⋅x₁⋅x₂⋅x₄  
	  ───────────────────────────────
	  x₅⋅(-2⋅x₁ - 1799.1524222061369)

[00:00:00:15.57] Training epoch 8/14, current best R: 0.5537

	** New best
	Reward: 0.5536686596917597
	Count Off-policy: False
	Count On-policy: True
	Originally on Policy: True
	Invalid: False
	Traversal: mul,div,x4,div,div,x5,0.6543264152982231,x1,x2
	Expression:
	  0.6543264152982231⋅x₁⋅x₂⋅x₄
	  ───────────────────────────
	               x₅            

[00:00:00:19.13] Training epoch 10/14, current best R: 0.5537
[00:00:00:22.61] Training epoch 12/14, current best R: 0.5558

	** New best
	Reward: 0.5558054888318164
	Count Off-policy: False
	Count On-policy: True
	Originally on Policy: True
	Invalid: False
	Traversal: add,div,mul,add,x2,x5,0.8230456453617727,div,div,mul,x4,div,mul,inv,x1,x5,x4,x4,0.8230459183485401,-13.455090913756559
	Expression:
	  0.8230459183485401⋅x₁⋅x₄⋅(0.8230456453617727⋅x₂ + 0.8230456453617727⋅x₅)      
	  ──────────────────────────────────────────────────────────────────────── - 13.
	                                     x₅                                         

               
	  455090913756559
               

[00:00:00:25.92] Ending training after epoch 14/14, current best R: 0.5558
-- RUNNING EPOCHS END ---------------

-- EVALUATION START ----------------
Saving Hall of Fame to ./log/regression_config_regression_PQT.json_FeynmanIICh2Eq42.in_normal_0.0_2023-05-29-051907/dso_regression_config_regression_PQT.json_FeynmanIICh2Eq42.in_normal_0.0_0_hof.csv
Saving Pareto Front to ./log/regression_config_regression_PQT.json_FeynmanIICh2Eq42.in_normal_0.0_2023-05-29-051907/dso_regression_config_regression_PQT.json_FeynmanIICh2Eq42.in_normal_0.0_0_pf.csv
Invalid expressions: 221 of 14336 (1.5%).
Error type counts:
  true_divide: 104 (47.1%)
  reciprocal: 117 (52.9%)
Error node counts:
  divide: 221 (100.0%)

Priority queue entry 0:
	Reward: 0.5558054888318164
	Count Off-policy: False
	Count On-policy: True
	Originally on Policy: True
	Invalid: False
	Traversal: add,div,mul,add,x2,x5,0.8230456453617727,div,div,mul,x4,div,mul,inv,x1,x5,x4,x4,0.8230459183485401,-13.455090913756559
	Expression:
	  0.8230459183485401⋅x₁⋅x₄⋅(0.8230456453617727⋅x₂ + 0.8230456453617727⋅x₅)      
	  ──────────────────────────────────────────────────────────────────────── - 13.
	                                     x₅                                         

               
	  455090913756559
               


Priority queue entry 1:
	Reward: 0.5536686596917597
	Count Off-policy: False
	Count On-policy: True
	Originally on Policy: True
	Invalid: False
	Traversal: mul,div,x4,div,div,x5,0.6543264152982231,x1,x2
	Expression:
	  0.6543264152982231⋅x₁⋅x₂⋅x₄
	  ───────────────────────────
	               x₅            


Priority queue entry 2:
	Reward: 0.553557486425598
	Count Off-policy: False
	Count On-policy: True
	Originally on Policy: True
	Invalid: False
	Traversal: mul,mul,x4,mul,inv,x5,div,div,x1,inv,x2,sub,sub,-1799.1524222061369,x1,x1,-1232.4610561810146
	Expression:
	   -1232.4610561810146⋅x₁⋅x₂⋅x₄  
	  ───────────────────────────────
	  x₅⋅(-2⋅x₁ - 1799.1524222061369)


Priority queue entry 3:
	Reward: 0.54971775155377
	Count Off-policy: False
	Count On-policy: True
	Originally on Policy: True
	Invalid: False
	Traversal: div,div,div,mul,x1,x2,add,x5,x4,1.1472353681648066,inv,x4
	Expression:
	  0.8716607138774548⋅x₁⋅x₂⋅x₄
	  ───────────────────────────
	            x₄ + x₅          


Priority queue entry 4:
	Reward: 0.5457869521599055
	Count Off-policy: False
	Count On-policy: True
	Originally on Policy: True
	Invalid: False
	Traversal: mul,add,div,x4,x4,inv,div,x5,add,add,inv,x1,x4,sub,x2,x3,x4
	Expression:
	     ⎛                   1 ⎞
	     ⎜    x₂ - x₃ + x₄ + ──⎟
	     ⎜                   x₁⎟
	  x₄⋅⎜1 + ─────────────────⎟
	     ⎝            x₅       ⎠


Priority queue entry 5:
	Reward: 0.5448436410001911
	Count Off-policy: False
	Count On-policy: True
	Originally on Policy: True
	Invalid: False
	Traversal: add,-18.202286208569646,div,inv,x5,div,div,add,div,inv,x4,x2,0.05206192257682544,div,x1,x4,x4
	Expression:
	                 x₁                                    
	  ──────────────────────────────── - 18.202286208569646
	     ⎛                        1  ⎞                     
	  x₅⋅⎜0.05206192257682544 + ─────⎟                     
	     ⎝                      x₂⋅x₄⎠                     


Priority queue entry 6:
	Reward: 0.5422508252111528
	Count Off-policy: False
	Count On-policy: True
	Originally on Policy: True
	Invalid: False
	Traversal: inv,mul,x5,inv,mul,div,mul,x3,add,x4,mul,x4,mul,add,add,2.718359178706525,x5,x4,-0.3684171986798329,x5,x1
	Expression:
	  x₁⋅x₃⋅(x₄⋅(-0.3684171986798329⋅x₄ - 0.3684171986798329⋅x₅ - 1.001490273624669)
	  ──────────────────────────────────────────────────────────────────────────────
	                                            2                                   
	                                          x₅                                    

	   + x₄)
	  ──────
      
      


Priority queue entry 7:
	Reward: 0.536294830110577
	Count Off-policy: False
	Count On-policy: True
	Originally on Policy: True
	Invalid: False
	Traversal: div,x4,inv,add,x5,inv,div,x5,mul,x2,x1
	Expression:
	     ⎛x₁⋅x₂     ⎞
	  x₄⋅⎜───── + x₅⎟
	     ⎝  x₅      ⎠


Priority queue entry 8:
	Reward: 0.5328531063817007
	Count Off-policy: False
	Count On-policy: True
	Originally on Policy: True
	Invalid: False
	Traversal: mul,add,x2,-4553.084224515427,div,x4,add,x5,mul,div,inv,x3,x1,x2
	Expression:
	  x₄⋅(x₂ - 4553.084224515427)
	  ───────────────────────────
	                  x₂         
	           x₅ + ─────        
	                x₁⋅x₃        


Priority queue entry 9:
	Reward: 0.531711515258504
	Count Off-policy: False
	Count On-policy: True
	Originally on Policy: True
	Invalid: False
	Traversal: div,add,inv,x3,mul,div,add,sub,div,mul,x4,add,x2,mul,mul,x4,x4,x2,x3,x2,x2,x5,x2,16.32026527635078
	Expression:
	                           ⎛     2     ⎞                     
	  0.0612735138226626⋅x₂⋅x₄⋅⎝x₂⋅x₄  + x₂⎠   0.0612735138226626
	  ────────────────────────────────────── + ──────────────────
	                  x₃⋅x₅                            x₃        

-- EVALUATION END ------------------
== TRAINING SEED 0 END ==============
INFO: Completed run 1 of 1 in 28 s

== POST-PROCESS START =================
-- LOADING LOGS START ----------------
json configure file: ./log/regression_config_regression_PQT.json_FeynmanIICh2Eq42.in_normal_0.0_2023-05-29-051907
Successfully loaded summary data
Successfully loaded Hall of Fame data
Successfully loaded Pareto Front data
-- LOADING LOGS END ------------------

-- ANALYZING LOG START --------------
Task_____________regression
Source path______./log/regression_config_regression_PQT.json_FeynmanIICh2Eq42.in_normal_0.0_2023-05-29-051907
Runs_____________1
Max Samples/run__15000
Success_rate_____0.0
Hall of Fame (Top 5 of 100)____
    0: S=000 R=0.555805 <-- [0.8230459183485401*x1*x4*(0.8230456453617727*x2 + 0.8230456453617727*x5)/x5 - 13.455090913756559]
    1: S=000 R=0.553669 <-- [0.6543264152982231*x1*x2*x4/x5]
    2: S=000 R=0.553557 <-- [-1232.4610561810146*x1*x2*x4/(x5*(-2*x1 - 1799.1524222061369))]
    3: S=000 R=0.549718 <-- [0.8716607138774548*x1*x2*x4/(x4 + x5)]
    4: S=000 R=0.545787 <-- [x4*(1 + (x2 - x3 + x4 + 1/x1)/x5)]
  Saving Hall of Fame plot to ./log/regression_config_regression_PQT.json_FeynmanIICh2Eq42.in_normal_0.0_2023-05-29-051907/dso_regression_config_regression_PQT.json_FeynmanIICh2Eq42.in_normal_0.0_plot_hof.png
Pareto Front (5 of 7)____
    0: S=000 R=0.555805 C=25.00 <-- [0.8230459183485401*x1*x4*(0.8230456453617727*x2 + 0.8230456453617727*x5)/x5 - 13.455090913756559]
    1: S=000 R=0.553669 C=12.00 <-- [0.6543264152982231*x1*x2*x4/x5]
    2: S=000 R=0.518167 C=11.00 <-- [x1*x4*(12.17628596368489*x2 + 12.17628596368489*x5) + x5]
    3: S=000 R=0.517282 C=9.00 <-- [1.225042241385612*x2*x4/x5]
    4: S=000 R=0.510457 C=7.00 <-- [0.09898180857188553*x2 - 0.09898180857188553*x3 + 0.09897947202888836]
  Saving Pareto Front plot to ./log/regression_config_regression_PQT.json_FeynmanIICh2Eq42.in_normal_0.0_2023-05-29-051907/dso_regression_config_regression_PQT.json_FeynmanIICh2Eq42.in_normal_0.0_plot_pf.png
-- ANALYZING LOG END ----------------
== POST-PROCESS END ===================
