debug /depot/yexiang/apps/jiang631/data/scibench/data/unencrypted/equations_feynman/FeynmanICh43Eq43.in
!!!!!!!!!!!!!!!!!!!!!!!!!!!!!i /depot/yexiang/apps/jiang631/data/scibench/data/unencrypted/equations_feynman/FeynmanICh43Eq43.in
['mul', 1.380649e-23, 'mul', 'X_1', 'mul', 'pow', 'X_2', -1, 'pow', 'add', -1, 'X_0', -1]
--------------------
eq_name 	 feynman-i.43.43
num_vars 	 3
vars_range_and_types 	 [{"name": "Uniform", "range": [1, 2], "only_positive": true}, {"name": "LogUniform", "range": [100.0, 10000.0], "only_positive": true}, {"name": "LogUniform", "range": [1e-21, 1e-19], "only_positive": true}]
function_set 	 ['add', 'sub', 'mul', 'div', 'sin', 'cos', 'exp', 'log', 'const']
eq_expression 	 mul,1.380649e-23,mul,X_1,mul,pow,X_2,-1,pow,add,-1,X_0,-1
expr 	 1.380649e-23*X_1/(X_2*(X_0 - 1))
--------------------

== EXPERIMENT SETUP START ===========
Task type            : regression
Starting seed        : 0
Runs                 : 1
== EXPERIMENT SETUP END =============

== TRAINING SEED 0 START ============
self.dataX <dso.symbolic_data_generator.DataX object at 0x2b41cb171048>, self.data_query_oracle: <dso.symbolic_equation_evaluator_public.Equation_evaluator object at 0x2b41ea212da0>
generate dataset!
-- BUILDING PRIOR START -------------
WARNING: Skipping invalid 'RelationalConstraint' with arguments {'targets': [], 'effectors': [], 'relationship': None}. Reason: Prior disabled.
WARNING: Skipping invalid 'TrigConstraint' with arguments {}. Reason: There are no target Tokens.
WARNING: Skipping invalid 'UniformArityPrior' with arguments {}. Reason: Prior disabled.
WARNING: Skipping invalid 'LanguageModelPrior' with arguments {'weight': None}. Reason: Prior disabled.
LengthConstraint: Sequences have minimum length 4.
                  Sequences have maximum length 256.
RepeatConstraint: [const] cannot occur more than 10 times.
RelationalConstraint: [inv] cannot be a child of [inv].
ConstConstraint: [const] cannot be the only unique child of [inv, add, sub, mul, div].
NoInputsConstraint: Sequences contain at least one input variable Token.
SoftLengthPrior: No description available.
-- BUILDING PRIOR END ---------------

-- RUNNING EPOCHS START -------------
gen	iter	pop_size	nevals	uncached_size	best_val             	timer  
0  	0   	1024    	1024  	1024         	(-0.587119816159304,)	2.38329
1  	1   	1024    	773   	660          	(-0.587377252402603,)	1.46733
2  	2   	1024    	776   	670          	(-0.6052203021597907,)	2.67254
3  	3   	1024    	778   	688          	(-0.6055309383049742,)	6.09779
4  	4   	1024    	766   	634          	(-0.6122879236741046,)	8.74946
5  	5   	1024    	796   	671          	(-0.6122879236741046,)	9.68895
6  	6   	1024    	748   	634          	(-0.6122879236741046,)	16.6997
7  	7   	1024    	798   	672          	(-0.6122879236741046,)	23.661 
8  	8   	1024    	797   	665          	(-0.6122879236741046,)	31.8081
9  	9   	1024    	788   	652          	(-0.621605804642452,) 	29.8646

--------------------------------------------------
GP Time: 133.332

Unique expressions evaluated: 7915
Total expression evaluations: 8044
--------------------------------------------------

GP -> best program this epoch:

	Reward: 0.621605804642452
	Count Off-policy: 1
	Count On-policy: 0
	Originally on Policy: False
	Invalid: False
	Traversal: div,add,inv,add,div,sub,sub,add,mul,-1.2644231931851069,x2,58.389402588298154,div,sub,-29.64834135430488,x1,sub,add,x1,-1.0312968289385234,div,sub,x1,add,div,9.075092169717177,inv,div,9.07497900741603,add,x2,x3,1.034896129988555,x1,mul,x3,x1,sub,x2,-19.302293046560322,x1,div,x1,90.92569398283368,add,x1,-0.9995936921467461
	Expression:
                                                                              
	  0.01099799139491633⋅x₁ + ─────────────────────────────────────────────────────
                                                                              
	                                -x₁⋅x₃ - 1.2644231931851069⋅x₂ - ───────────────
                                                                              
                                                                              
                                                                              
	                                                                 x₁ - 1.03129682
                                                                              
	                           x₁ + ────────────────────────────────────────────────
                                                                              
	  ──────────────────────────────────────────────────────────────────────────────
	                                                                               x

	                         1                                                      
	  ──────────────────────────────────────────────────────────────────────────────
	                      -x₁ - 29.64834135430488                                   
	  ──────────────────────────────────────────────────────────────────────────────
	                                                   9.075092169717177            
	             x₁ - 1.034896129988555 - ──────────────────────────────────────────
	                                      0.110193092367796⋅x₂ + 0.110193092367796⋅x
	  89385234 - ───────────────────────────────────────────────────────────────────
	                                              x₁                                
	  ──────────────────────────────────────────────────────────────────────────────
	                x₂ + 19.302293046560322                                         
	  ──────────────────────────────────────────────────────────────────────────────
	  ₁ - 0.9995936921467461                                                        

                      
	  ──────────────────────
                      
	  ─ + 58.389402588298154
                      
	  ─                     
	  ₃                     
	  ─                     
                      
	  ──────────────────────
                      
	  ──────────────────────
                      

None

--------------------------------------------------

[00:00:02:21.14] Training epoch 1/14, current best R: 0.6216

	** New best
	Reward: 0.621605804642452
	Count Off-policy: 1
	Count On-policy: 0
	Originally on Policy: False
	Invalid: False
	Traversal: div,add,inv,add,div,sub,sub,add,mul,-1.2644231931851069,x2,58.389402588298154,div,sub,-29.64834135430488,x1,sub,add,x1,-1.0312968289385234,div,sub,x1,add,div,9.075092169717177,inv,div,9.07497900741603,add,x2,x3,1.034896129988555,x1,mul,x3,x1,sub,x2,-19.302293046560322,x1,div,x1,90.92569398283368,add,x1,-0.9995936921467461
	Expression:
                                                                              
	  0.01099799139491633⋅x₁ + ─────────────────────────────────────────────────────
                                                                              
	                                -x₁⋅x₃ - 1.2644231931851069⋅x₂ - ───────────────
                                                                              
                                                                              
                                                                              
	                                                                 x₁ - 1.03129682
                                                                              
	                           x₁ + ────────────────────────────────────────────────
                                                                              
	  ──────────────────────────────────────────────────────────────────────────────
	                                                                               x

	                         1                                                      
	  ──────────────────────────────────────────────────────────────────────────────
	                      -x₁ - 29.64834135430488                                   
	  ──────────────────────────────────────────────────────────────────────────────
	                                                   9.075092169717177            
	             x₁ - 1.034896129988555 - ──────────────────────────────────────────
	                                      0.110193092367796⋅x₂ + 0.110193092367796⋅x
	  89385234 - ───────────────────────────────────────────────────────────────────
	                                              x₁                                
	  ──────────────────────────────────────────────────────────────────────────────
	                x₂ + 19.302293046560322                                         
	  ──────────────────────────────────────────────────────────────────────────────
	  ₁ - 0.9995936921467461                                                        

                      
	  ──────────────────────
                      
	  ─ + 58.389402588298154
                      
	  ─                     
	  ₃                     
	  ─                     
                      
	  ──────────────────────
                      
	  ──────────────────────
                      

10 	0   	1024    	1024  	1015         	(-0.5868498022641676,)	1.40311
11 	1   	1024    	760   	661          	(-0.587484196554278,) 	3.49252
12 	2   	1024    	761   	658          	(-0.5905609618813794,)	3.64295
13 	3   	1024    	770   	652          	(-0.6052267575747595,)	6.51676
14 	4   	1024    	780   	646          	(-0.6062716608598863,)	10.6287
15 	5   	1024    	787   	663          	(-0.6112357079610055,)	15.4394
16 	6   	1024    	801   	664          	(-0.6112357079610055,)	22.266 
17 	7   	1024    	770   	643          	(-0.6173652250213453,)	24.5511
18 	8   	1024    	764   	643          	(-0.6173652250213453,)	29.7305
19 	9   	1024    	770   	653          	(-0.6226541173221526,)	33.6015

--------------------------------------------------
GP Time: 151.517

Unique expressions evaluated: 15766
Total expression evaluations: 16031
--------------------------------------------------

GP -> best program this epoch:

	Reward: 0.6226541173221526
	Count Off-policy: 1
	Count On-policy: 0
	Originally on Policy: False
	Invalid: False
	Traversal: div,x2,sub,x3,div,sub,add,sub,sub,inv,mul,sub,div,x1,x2,inv,div,add,div,div,x1,x2,x3,x1,mul,x2,mul,sub,sub,div,div,sub,add,div,sub,x2,x1,113.54358173873072,add,div,sub,x2,x1,113.54358173858598,0.947696146726558,x2,x1,44.94573790752157,x3,x2,288.62816815330945,0.99153278119975,x3,33.91166451221073,x1,x2,22.4808042381667
	Expression:
                                                                              
	  ──────────────────────────────────────────────────────────────────────────────
                                                                              
	  -0.0444823943754758⋅x₁ + 0.0444823943754758⋅x₂ + 1.04448239437548⋅x₃ + 1.50847
                                                                              
                                                                              
                                                                              
                                                                              
                                                                              
                                                                              
                                                                              

	                                                            x₂                  
	  ──────────────────────────────────────────────────────────────────────────────
                                                                              
	  2034760986 - ─────────────────────────────────────────────────────────────────
	                                                         ⎛                      
	                                     0.99153278119975⋅x₂⋅⎜-288.62816815330945⋅x₂
	               0.99153278119975⋅x₁                       ⎝                      
	               ─────────────────── - ───────────────────────────────────────────
	                        x₂                                                      
                                                                              
                                                                              

                                                                              
	  ──────────────────────────────────────────────────────────────────────────────
	                    0.0444823943754758                                          
	  ──────────────────────────────────────────────────────────────────────────────
	                             6.4217027373580658⋅(-0.017614381802780994⋅x₁ - 0.98
	   - 288.62816815330945⋅x₃ + ───────────────────────────────────────────────────
	                                                                         x₁     
	  ──────────────────────────────────────────────────────────────────────────────
	                                          x₁                                    
	                                   x₁ + ─────                                   
	                                        x₂⋅x₃                                   

                                        
	  ────────────────────────────────────────
                                        
	  ────────────────────────────────────────
	  238561819721901⋅x₂ + 0.947696146726558)⎞
	  ───────────────────────────────────────⎟
	                                         ⎠
	  ────────────────────────────────────────
                                        
                                        
                                        

None

--------------------------------------------------

[00:00:05:00.86] Training epoch 2/14, current best R: 0.6227

	** New best
	Reward: 0.6226541173221526
	Count Off-policy: 1
	Count On-policy: 0
	Originally on Policy: False
	Invalid: False
	Traversal: div,x2,sub,x3,div,sub,add,sub,sub,inv,mul,sub,div,x1,x2,inv,div,add,div,div,x1,x2,x3,x1,mul,x2,mul,sub,sub,div,div,sub,add,div,sub,x2,x1,113.54358173873072,add,div,sub,x2,x1,113.54358173858598,0.947696146726558,x2,x1,44.94573790752157,x3,x2,288.62816815330945,0.99153278119975,x3,33.91166451221073,x1,x2,22.4808042381667
	Expression:
                                                                              
	  ──────────────────────────────────────────────────────────────────────────────
                                                                              
	  -0.0444823943754758⋅x₁ + 0.0444823943754758⋅x₂ + 1.04448239437548⋅x₃ + 1.50847
                                                                              
                                                                              
                                                                              
                                                                              
                                                                              
                                                                              
                                                                              

	                                                            x₂                  
	  ──────────────────────────────────────────────────────────────────────────────
                                                                              
	  2034760986 - ─────────────────────────────────────────────────────────────────
	                                                         ⎛                      
	                                     0.99153278119975⋅x₂⋅⎜-288.62816815330945⋅x₂
	               0.99153278119975⋅x₁                       ⎝                      
	               ─────────────────── - ───────────────────────────────────────────
	                        x₂                                                      
                                                                              
                                                                              

                                                                              
	  ──────────────────────────────────────────────────────────────────────────────
	                    0.0444823943754758                                          
	  ──────────────────────────────────────────────────────────────────────────────
	                             6.4217027373580658⋅(-0.017614381802780994⋅x₁ - 0.98
	   - 288.62816815330945⋅x₃ + ───────────────────────────────────────────────────
	                                                                         x₁     
	  ──────────────────────────────────────────────────────────────────────────────
	                                          x₁                                    
	                                   x₁ + ─────                                   
	                                        x₂⋅x₃                                   

                                        
	  ────────────────────────────────────────
                                        
	  ────────────────────────────────────────
	  238561819721901⋅x₂ + 0.947696146726558)⎞
	  ───────────────────────────────────────⎟
	                                         ⎠
	  ────────────────────────────────────────
                                        
                                        
                                        

-- RUNNING EPOCHS END ---------------

-- EVALUATION START ----------------
Saving Hall of Fame to ./log/regression_config_regression_GPMELD.json_FeynmanICh43Eq43.in_normal_0.0_2023-05-29-051134/dso_regression_config_regression_GPMELD.json_FeynmanICh43Eq43.in_normal_0.0_0_hof.csv
Saving Pareto Front to ./log/regression_config_regression_GPMELD.json_FeynmanICh43Eq43.in_normal_0.0_2023-05-29-051134/dso_regression_config_regression_GPMELD.json_FeynmanICh43Eq43.in_normal_0.0_0_pf.csv
Invalid expressions: 330 of 18079 (1.8%).
Error type counts:
  reciprocal: 172 (52.1%)
  true_divide: 158 (47.9%)
Error node counts:
  divide: 329 (99.7%)
  invalid: 1 (0.3%)
-- EVALUATION END ------------------
== TRAINING SEED 0 END ==============
INFO: Completed run 1 of 1 in 302 s

== POST-PROCESS START =================
-- LOADING LOGS START ----------------
json configure file: ./log/regression_config_regression_GPMELD.json_FeynmanICh43Eq43.in_normal_0.0_2023-05-29-051134
Successfully loaded summary data
Successfully loaded Hall of Fame data
Successfully loaded Pareto Front data
-- LOADING LOGS END ------------------

-- ANALYZING LOG START --------------
Task_____________regression
Source path______./log/regression_config_regression_GPMELD.json_FeynmanICh43Eq43.in_normal_0.0_2023-05-29-051134
Runs_____________1
Max Samples/run__15000
Success_rate_____0.0
Hall of Fame (Top 5 of 100)____
    0: S=000 R=0.622654 <-- [x2/(-0.0444823943754758*x1 + 0.0444823943754758*x2 + 1.04448239437548*x3 + 1.508472034760986 - 0.0444823943754758/(0.99153278119975*x1/x2 - 0.99153278119975*x2*(-288.62816815330945*x2 - 288.62816815330945*x3 + 6.4217027373580658*(-0.017614381802780994*x1 - 0.98238561819721901*x2 + 0.947696146726558)/x1)/(x1 + x1/(x2*x3))))]
    1: S=000 R=0.622654 <-- [x2/(-0.0444823943754758*x1 + 0.0444823943754758*x2 + 1.04448239437548*x3 + 1.508472034760986 - 0.0444823943754758/(0.99153278119975*x1/x2 - 0.99153278119975*x2*(-288.62816815330945*x2 - 288.62816815330945*x3 + 6.4217027373580658*(-0.017614381802780994*x1 - 0.98238561819721901*x2 + 0.947696146726558)/x1)/(x1 + x1/(x2*x3))))]
    2: S=000 R=0.621606 <-- [(0.01099799139491633*x1 + 1/(x1 + (-x1*x3 - 1.2644231931851069*x2 - (-x1 - 29.64834135430488)/(x1 - 1.0312968289385234 - (x1 - 1.034896129988555 - 9.075092169717177/(0.110193092367796*x2 + 0.110193092367796*x3))/x1) + 58.389402588298154)/(x2 + 19.302293046560322)))/(x1 - 0.9995936921467461)]
    3: S=000 R=0.621606 <-- [(0.01099799139491633*x1 + 1/(x1 + (-x1*x3 - 1.2644231931851069*x2 - (-x1 - 29.64834135430488)/(x1 - 1.0312968289385234 - (x1 - 1.034896129988555 - 9.075092169717177/(0.110193092367796*x2 + 0.110193092367796*x3))/x1) + 58.389402588298154)/(x2 + 19.302293046560322)))/(x1 - 0.9995936921467461)]
    4: S=000 R=0.617397 <-- [x1 + 12.704167873931384 + (1.0*x3 + 1/(x1*((x1 - 3.9660551303414926)*(x3 + 1.2549505396653939 + 0.6209187081656942/(x1*(x1*(x3 + 11272.86941867084/x2) + 4.517318950049339))) + 4.051570056480906)))/(x1*(x1 + x3 - 0.999549821451714))]
  Saving Hall of Fame plot to ./log/regression_config_regression_GPMELD.json_FeynmanICh43Eq43.in_normal_0.0_2023-05-29-051134/dso_regression_config_regression_GPMELD.json_FeynmanICh43Eq43.in_normal_0.0_plot_hof.png
Pareto Front (5 of 16)____
    0: S=000 R=0.622654 C=69.00 <-- [x2/(-0.0444823943754758*x1 + 0.0444823943754758*x2 + 1.04448239437548*x3 + 1.508472034760986 - 0.0444823943754758/(0.99153278119975*x1/x2 - 0.99153278119975*x2*(-288.62816815330945*x2 - 288.62816815330945*x3 + 6.4217027373580658*(-0.017614381802780994*x1 - 0.98238561819721901*x2 + 0.947696146726558)/x1)/(x1 + x1/(x2*x3))))]
    1: S=000 R=0.621606 C=56.00 <-- [(0.01099799139491633*x1 + 1/(x1 + (-x1*x3 - 1.2644231931851069*x2 - (-x1 - 29.64834135430488)/(x1 - 1.0312968289385234 - (x1 - 1.034896129988555 - 9.075092169717177/(0.110193092367796*x2 + 0.110193092367796*x3))/x1) + 58.389402588298154)/(x2 + 19.302293046560322)))/(x1 - 0.9995936921467461)]
    2: S=000 R=0.617365 C=46.00 <-- [x1 + 16.217374557779138 + (1.0*x3 + 1/(x1*((x1 - 0.9507990236171133)*(x3 + 19243.337713339486/(x2 + 2460.7477002467303)) - 0.07257225379370394)))/(x1*(x1 + x3 - 0.9995152590650894))]
    3: S=000 R=0.615505 C=45.00 <-- [16.23716852207061 + 0.6042195148154061/((x1 - 1.0347871262041364 + (1.0*x3 + 369.67862500232248)/x2)*(x1 + x3 - 0.9995678571736893)) - 1/(0.9998350747724407 - x1) + 1/(2*x2)]
    4: S=000 R=0.615482 C=43.00 <-- [16.95147851906512 - 1/(0.9998349830109888 - x1) + 1/(2*x2) + 5.104329375611086/(x1*(x1 + x3 - 0.9995658726585838)*(8.336439536416686*x1 - 8.6290104298594827 + 8.336439536416686*(1.0*x3 + 373.21150293868309)/x2))]
  Saving Pareto Front plot to ./log/regression_config_regression_GPMELD.json_FeynmanICh43Eq43.in_normal_0.0_2023-05-29-051134/dso_regression_config_regression_GPMELD.json_FeynmanICh43Eq43.in_normal_0.0_plot_pf.png
-- ANALYZING LOG END ----------------
== POST-PROCESS END ===================
