debug /depot/yexiang/apps/jiang631/data/scibench/data/unencrypted/equations_feynman/FeynmanICh34Eq14.in
!!!!!!!!!!!!!!!!!!!!!!!!!!!!!i /depot/yexiang/apps/jiang631/data/scibench/data/unencrypted/equations_feynman/FeynmanICh34Eq14.in
['mul', 'X_1', 'mul', 'pow', 'add', 1, 'mul', -1.11265005605362e-17, 'pow', 'X_0', 2, -0.5, 'add', 1, 'mul', 3.33564095198152e-09, 'X_0']
--------------------
eq_name 	 feynman-i.34.14
num_vars 	 2
vars_range_and_types 	 [{"name": "LogUniform", "range": [1000000.0, 100000000.0], "only_positive": false}, {"name": "LogUniform", "range": [1000000000.0, 100000000000.0], "only_positive": true}]
function_set 	 ['add', 'sub', 'mul', 'div', 'sin', 'cos', 'exp', 'log', 'const']
eq_expression 	 mul,X_1,mul,pow,add,1,mul,-1.11265005605362e-17,pow,X_0,2,-0.5,add,1,mul,3.33564095198152e-09,X_0
expr 	 X_1*(3.33564095198152e-9*X_0 + 1)/sqrt(1 - 1.11265005605362e-17*X_0**2)
--------------------

== EXPERIMENT SETUP START ===========
Task type            : regression
Starting seed        : 0
Runs                 : 1
== EXPERIMENT SETUP END =============

== TRAINING SEED 0 START ============
self.dataX <dso.symbolic_data_generator.DataX object at 0x2b09d66ff898>, self.data_query_oracle: <dso.symbolic_equation_evaluator_public.Equation_evaluator object at 0x2b09bcf5ed68>
generate dataset!
-- BUILDING PRIOR START -------------
WARNING: Skipping invalid 'RelationalConstraint' with arguments {'targets': [], 'effectors': [], 'relationship': None}. Reason: Prior disabled.
WARNING: Skipping invalid 'TrigConstraint' with arguments {}. Reason: There are no target Tokens.
WARNING: Skipping invalid 'UniformArityPrior' with arguments {}. Reason: Prior disabled.
WARNING: Skipping invalid 'LanguageModelPrior' with arguments {'weight': None}. Reason: Prior disabled.
LengthConstraint: Sequences have minimum length 4.
                  Sequences have maximum length 256.
RepeatConstraint: [const] cannot occur more than 10 times.
RelationalConstraint: [inv] cannot be a child of [inv].
ConstConstraint: [const] cannot be the only unique child of [inv, add, sub, mul, div].
NoInputsConstraint: Sequences contain at least one input variable Token.
SoftLengthPrior: No description available.
-- BUILDING PRIOR END ---------------

-- RUNNING EPOCHS START -------------
[00:00:00:02.41] Training epoch 1/14, current best R: 0.8982

	** New best
	Reward: 0.8981790097984397
	Count Off-policy: False
	Count On-policy: True
	Originally on Policy: True
	Invalid: False
	Traversal: sub,x2,sub,x1,inv,div,0.061193807246261875,sub,x1,div,div,sub,div,1.0,add,x1,x2,x1,0.5305886242292901,0.5305886242292901
	Expression:
	                               58.04658264703027
	  73.388105506944934⋅x₁ + x₂ - ─────────────────
	                                    x₁ + x₂     

[00:00:00:04.94] Training epoch 2/14, current best R: 0.8984

	** New best
	Reward: 0.8983952380986515
	Count Off-policy: False
	Count On-policy: True
	Originally on Policy: True
	Invalid: False
	Traversal: div,add,add,add,1.0,div,mul,mul,sub,div,x1,div,x2,div,1.0,x2,x1,x2,-0.02740081038313683,x1,x1,x1,0.027236538349452933
	Expression:
	                                                                     ⎛      1.0⋅
	                                               1.0060313110122967⋅x₂⋅⎜-x₁ + ────
	                                                                     ⎜         2
	                                                                     ⎝       x₂ 
	  73.430770619210189⋅x₁ + 36.715385309605094 - ─────────────────────────────────
	                                                                x₁              

	  x₁⎞
	  ──⎟
	    ⎟
	    ⎠
	  ───
   

[00:00:00:06.30] Training epoch 3/14, current best R: 0.8984

	** New best
	Reward: 0.8983961864594476
	Count Off-policy: False
	Count On-policy: True
	Originally on Policy: True
	Invalid: False
	Traversal: div,1.0060209113610437,inv,add,div,mul,div,1.9301192660951034,add,inv,div,add,x1,x1,x2,-0.06714509031373327,x2,0.052886520637511175,x2
	Expression:
	                             36.715221945141039⋅x₂   
	  1.0060209113610437⋅x₂ + ───────────────────────────
	                                                  x₂ 
	                          -0.06714509031373327 + ────
	                                                 2⋅x₁

[00:00:00:12.31] Training epoch 7/14, current best R: 0.8984

	** New best
	Reward: 0.8983968977484915
	Count Off-policy: False
	Count On-policy: True
	Originally on Policy: True
	Invalid: False
	Traversal: sub,x2,add,mul,-8.570704228975346,mul,sub,sub,div,sub,mul,x1,mul,x2,-0.013701769456817134,x2,x1,1.0,x1,-8.566796561410062,x2
	Expression:
	                                             73.42347951764867⋅(-0.0137017694568
	  73.42347951764867⋅x₁ + 73.42347951764867 - ───────────────────────────────────
	                                                                      x₁        

	  17134⋅x₁⋅x₂ - x₂)
	  ─────────────────
                 

[00:00:00:18.79] Training epoch 10/14, current best R: 0.8984
[00:00:00:29.57] Training epoch 14/14, current best R: 0.8987

	** New best
	Reward: 0.8986943243662541
	Count Off-policy: False
	Count On-policy: True
	Originally on Policy: True
	Invalid: False
	Traversal: add,mul,add,div,div,div,sub,26.619800346481238,mul,x1,-4.4665702906246945e-08,0.608016784077207,inv,x1,0.608016767102038,x2,1.0031479897752476,x1
	Expression:
	  1.6498689576547455⋅x₁⋅(7.346129922060707e-8⋅x₁ + 43.78135775788224) + x₁ + 1.0
	  031479897752476⋅x₂

[00:00:00:29.58] Ending training after epoch 14/14, current best R: 0.8987
-- RUNNING EPOCHS END ---------------

-- EVALUATION START ----------------
Saving Hall of Fame to ./log/regression_config_regression_DSR.json_FeynmanICh34Eq14.in_normal_0.0_2023-05-29-052346/dso_regression_config_regression_DSR.json_FeynmanICh34Eq14.in_normal_0.0_0_hof.csv
Saving Pareto Front to ./log/regression_config_regression_DSR.json_FeynmanICh34Eq14.in_normal_0.0_2023-05-29-052346/dso_regression_config_regression_DSR.json_FeynmanICh34Eq14.in_normal_0.0_0_pf.csv
Invalid expressions: 470 of 14336 (3.3%).
Error type counts:
  reciprocal: 290 (61.7%)
  true_divide: 180 (38.3%)
Error node counts:
  divide: 469 (99.8%)
  invalid: 1 (0.2%)
-- EVALUATION END ------------------
== TRAINING SEED 0 END ==============
INFO: Completed run 1 of 1 in 31 s

== POST-PROCESS START =================
-- LOADING LOGS START ----------------
json configure file: ./log/regression_config_regression_DSR.json_FeynmanICh34Eq14.in_normal_0.0_2023-05-29-052346
Successfully loaded summary data
Successfully loaded Hall of Fame data
Successfully loaded Pareto Front data
-- LOADING LOGS END ------------------

-- ANALYZING LOG START --------------
Task_____________regression
Source path______./log/regression_config_regression_DSR.json_FeynmanICh34Eq14.in_normal_0.0_2023-05-29-052346
Runs_____________1
Max Samples/run__15000
Success_rate_____0.0
Hall of Fame (Top 5 of 100)____
    0: S=000 R=0.898694 <-- [1.6498689576547455*x1*(7.346129922060707e-8*x1 + 43.78135775788224) + x1 + 1.0031479897752476*x2]
    1: S=000 R=0.898397 <-- [73.42347951764867*x1 + 73.42347951764867 - 73.42347951764867*(-0.013701769456817134*x1*x2 - x2)/x1]
    2: S=000 R=0.898396 <-- [1.0060209113610437*x2 + 36.715221945141039*x2/(-0.06714509031373327 + x2/(2*x1))]
    3: S=000 R=0.898395 <-- [73.43113630963963*x1 - x2 - x2/(-0.49849677494505984 + 1/x1)]
    4: S=000 R=0.898395 <-- [73.438361284072571*x2*(x1/x2 + 0.013698981809397133)]
  Saving Hall of Fame plot to ./log/regression_config_regression_DSR.json_FeynmanICh34Eq14.in_normal_0.0_2023-05-29-052346/dso_regression_config_regression_DSR.json_FeynmanICh34Eq14.in_normal_0.0_plot_hof.png
Pareto Front (5 of 6)____
    0: S=000 R=0.898694 C=22.00 <-- [1.6498689576547455*x1*(7.346129922060707e-8*x1 + 43.78135775788224) + x1 + 1.0031479897752476*x2]
    1: S=000 R=0.898395 C=16.00 <-- [73.43113630963963*x1 - x2 - x2/(-0.49849677494505984 + 1/x1)]
    2: S=000 R=0.898395 C=12.00 <-- [73.43037536721441*x1 + 1.006031051671478*x2 - 1.006031051671478/x2]
    3: S=000 R=0.898395 C=9.00 <-- [73.43025694242084*x1 + 1.006030910861572*x2]
    4: S=000 R=0.871618 C=6.00 <-- [1.005588015058078*x1 + 1.005588015058078*x2]
  Saving Pareto Front plot to ./log/regression_config_regression_DSR.json_FeynmanICh34Eq14.in_normal_0.0_2023-05-29-052346/dso_regression_config_regression_DSR.json_FeynmanICh34Eq14.in_normal_0.0_plot_pf.png
-- ANALYZING LOG END ----------------
== POST-PROCESS END ===================
