debug /depot/yexiang/apps/jiang631/data/scibench/data/unencrypted/equations_feynman/FeynmanICh43Eq43.in
!!!!!!!!!!!!!!!!!!!!!!!!!!!!!i /depot/yexiang/apps/jiang631/data/scibench/data/unencrypted/equations_feynman/FeynmanICh43Eq43.in
['mul', 1.380649e-23, 'mul', 'X_1', 'mul', 'pow', 'X_2', -1, 'pow', 'add', -1, 'X_0', -1]
--------------------
eq_name 	 feynman-i.43.43
num_vars 	 3
vars_range_and_types 	 [{"name": "Uniform", "range": [1, 2], "only_positive": true}, {"name": "LogUniform", "range": [100.0, 10000.0], "only_positive": true}, {"name": "LogUniform", "range": [1e-21, 1e-19], "only_positive": true}]
function_set 	 ['add', 'sub', 'mul', 'div', 'sin', 'cos', 'exp', 'log', 'const']
eq_expression 	 mul,1.380649e-23,mul,X_1,mul,pow,X_2,-1,pow,add,-1,X_0,-1
expr 	 1.380649e-23*X_1/(X_2*(X_0 - 1))
--------------------

== EXPERIMENT SETUP START ===========
Task type            : regression
Starting seed        : 0
Runs                 : 1
== EXPERIMENT SETUP END =============

== TRAINING SEED 0 START ============
self.dataX <dso.symbolic_data_generator.DataX object at 0x2ad0a3a18eb8>, self.data_query_oracle: <dso.symbolic_equation_evaluator_public.Equation_evaluator object at 0x2ad08e2a0cf8>
generate dataset!
-- BUILDING PRIOR START -------------
WARNING: Skipping invalid 'RelationalConstraint' with arguments {'targets': [], 'effectors': [], 'relationship': None}. Reason: Prior disabled.
WARNING: Skipping invalid 'TrigConstraint' with arguments {}. Reason: There are no target Tokens.
WARNING: Skipping invalid 'UniformArityPrior' with arguments {}. Reason: Prior disabled.
WARNING: Skipping invalid 'LanguageModelPrior' with arguments {'weight': None}. Reason: Prior disabled.
LengthConstraint: Sequences have minimum length 4.
                  Sequences have maximum length 256.
RepeatConstraint: [const] cannot occur more than 10 times.
RelationalConstraint: [inv] cannot be a child of [inv].
ConstConstraint: [const] cannot be the only unique child of [inv, add, sub, mul, div].
NoInputsConstraint: Sequences contain at least one input variable Token.
SoftLengthPrior: No description available.
-- BUILDING PRIOR END ---------------

-- RUNNING EPOCHS START -------------
[00:00:00:03.18] Training epoch 1/14, current best R: 0.6286

	** New best
	Reward: 0.6286455123004332
	Count Off-policy: False
	Count On-policy: True
	Originally on Policy: True
	Invalid: False
	Traversal: div,div,x2,mul,add,add,sub,mul,add,inv,x2,x3,-0.0002114741342909789,1.00001524669528,x1,mul,1.0,x3,x1,318.1686304396775
	Expression:
	                           0.003142987410852224⋅x₂                         
	  ─────────────────────────────────────────────────────────────────────────
	     ⎛                                               0.0002114741342909789⎞
	  x₁⋅⎜x₁ + 0.999788525865709⋅x₃ - 1.00001524669528 - ─────────────────────⎟
	     ⎝                                                         x₂         ⎠

[00:00:00:20.78] Training epoch 10/14, current best R: 0.6286
[00:00:00:29.27] Ending training after epoch 14/14, current best R: 0.6286
-- RUNNING EPOCHS END ---------------

-- EVALUATION START ----------------
Saving Hall of Fame to ./log/regression_config_regression_PQT.json_FeynmanICh43Eq43.in_normal_0.0_2023-05-29-051134/dso_regression_config_regression_PQT.json_FeynmanICh43Eq43.in_normal_0.0_0_hof.csv
Saving Pareto Front to ./log/regression_config_regression_PQT.json_FeynmanICh43Eq43.in_normal_0.0_2023-05-29-051134/dso_regression_config_regression_PQT.json_FeynmanICh43Eq43.in_normal_0.0_0_pf.csv
Invalid expressions: 356 of 14336 (2.5%).
Error type counts:
  reciprocal: 190 (53.4%)
  true_divide: 166 (46.6%)
Error node counts:
  divide: 356 (100.0%)

Priority queue entry 0:
	Reward: 0.6286455123004332
	Count Off-policy: False
	Count On-policy: True
	Originally on Policy: True
	Invalid: False
	Traversal: div,div,x2,mul,add,add,sub,mul,add,inv,x2,x3,-0.0002114741342909789,1.00001524669528,x1,mul,1.0,x3,x1,318.1686304396775
	Expression:
	                           0.003142987410852224⋅x₂                         
	  ─────────────────────────────────────────────────────────────────────────
	     ⎛                                               0.0002114741342909789⎞
	  x₁⋅⎜x₁ + 0.999788525865709⋅x₃ - 1.00001524669528 - ─────────────────────⎟
	     ⎝                                                         x₂         ⎠


Priority queue entry 1:
	Reward: 0.6286333049022668
	Count Off-policy: False
	Count On-policy: True
	Originally on Policy: True
	Invalid: False
	Traversal: mul,sub,inv,x1,x2,inv,mul,320.81425378100954,mul,sub,x3,sub,x1,1.0000170599448546,x1
	Expression:
	                         ⎛      1 ⎞ 
	   0.0031170684850013187⋅⎜-x₂ + ──⎟ 
	                         ⎝      x₁⎠ 
	  ──────────────────────────────────
	  x₁⋅(-x₁ + x₃ + 1.0000170599448546)


Priority queue entry 2:
	Reward: 0.6286330815349727
	Count Off-policy: False
	Count On-policy: True
	Originally on Policy: True
	Invalid: False
	Traversal: div,sub,add,add,div,mul,x2,div,add,0.23322587723792135,inv,add,x1,add,-1.0000169865910833,x3,320.6855518668157,x1,1.6728614636853778,x1,0.32442626609530767,x1
	Expression:
	                               ⎛                             0.00311831946958218
	                            x₂⋅⎜0.00072727279380139541 + ───────────────────────
	                               ⎝                         x₁ + x₃ - 1.00001698659
	  x₁ + 1.3484351975900701 + ────────────────────────────────────────────────────
	                                                        x₁                      
	  ──────────────────────────────────────────────────────────────────────────────
	                                           x₁                                   

	  8    ⎞
	  ─────⎟
	  10833⎠
	  ──────
      
	  ──────
      


Priority queue entry 3:
	Reward: 0.6286325025540682
	Count Off-policy: False
	Count On-policy: True
	Originally on Policy: True
	Invalid: False
	Traversal: add,mul,div,sub,mul,x1,-0.0021662786026263657,-0.008401848538750268,inv,x2,div,inv,x1,add,add,x1,-2.000033974964568,x1,x1
	Expression:
	       x₂⋅(0.008401848538750268 - 0.0021662786026263657⋅x₁)
	  x₁ + ────────────────────────────────────────────────────
	                  x₁⋅(2⋅x₁ - 2.000033974964568)            


Priority queue entry 4:
	Reward: 0.6286322670831895
	Count Off-policy: False
	Count On-policy: True
	Originally on Policy: True
	Invalid: False
	Traversal: div,inv,mul,div,160.40099107762822,add,x3,add,x2,x3,add,x1,x1,add,-1.0000169882621612,x1
	Expression:
	  0.0031171877221009081⋅(x₂ + 2⋅x₃)
	  ─────────────────────────────────
	     x₁⋅(x₁ - 1.0000169882621612)  


Priority queue entry 5:
	Reward: 0.6286265458014659
	Count Off-policy: False
	Count On-policy: True
	Originally on Policy: True
	Invalid: False
	Traversal: div,x2,div,321.0070343937221,inv,add,add,div,x2,div,mul,inv,mul,add,sub,x2,1.0,x3,x1,x1,x3,x1,-1.0000170040592404
	Expression:
	                                           x₂                                   
	  ──────────────────────────────────────────────────────────────────────────────
	  321.0070343937221⋅x₁ + 321.0070343937221⋅x₂⋅x₃⋅(x₂ + x₃ - 1.0) - 321.012492816

     
	  ─────
	  35152


Priority queue entry 6:
	Reward: 0.6286265446840572
	Count Off-policy: False
	Count On-policy: True
	Originally on Policy: True
	Invalid: False
	Traversal: inv,mul,320.95355606470366,div,sub,add,inv,mul,mul,sub,1.0,x3,add,inv,x3,div,x1,x2,x1,x1,1.0000169865466202,x2
	Expression:
	               0.0031157155953068855⋅x₂            
	  ─────────────────────────────────────────────────
	                                       1           
	  x₁ - 1.0000169865466202 + ───────────────────────
	                                          ⎛x₁   1 ⎞
	                            x₁⋅(1.0 - x₃)⋅⎜── + ──⎟
	                                          ⎝x₂   x₃⎠


Priority queue entry 7:
	Reward: 0.6286196274606183
	Count Off-policy: False
	Count On-policy: True
	Originally on Policy: True
	Invalid: False
	Traversal: inv,div,mul,add,x3,sub,inv,x1,add,-3.40041783347227e-05,x1,1.6640992715215703,mul,x2,-0.010365075514277393
	Expression:
	                                   -0.010365075514277393⋅x₂                     
	  ──────────────────────────────────────────────────────────────────────────────
	                                                                           1.664
	  -1.6640992715215703⋅x₁ + 1.6640992715215703⋅x₃ + 5.6586328395501613e-5 + ─────
                                                                              

             
	  ─────────────
	  0992715215703
	  ─────────────
	     x₁        


Priority queue entry 8:
	Reward: 0.6286059227683293
	Count Off-policy: False
	Count On-policy: True
	Originally on Policy: True
	Invalid: False
	Traversal: div,x1,inv,mul,add,0.0031134114842023067,x3,div,x2,sub,x1,1.0000169986857457
	Expression:
	  x₁⋅x₂⋅(x₃ + 0.0031134114842023067)
	  ──────────────────────────────────
	       x₁ - 1.0000169986857457      


Priority queue entry 9:
	Reward: 0.6285844598089613
	Count Off-policy: False
	Count On-policy: True
	Originally on Policy: True
	Invalid: False
	Traversal: add,mul,div,inv,add,add,x1,add,sub,x1,-49.371727937120454,div,32.9897687889729,sub,0.6788492697191919,x1,51.346414374492554,x1,x2,x3
	Expression:
	                                  x₂                           
	  x₃ + ────────────────────────────────────────────────────────
	          ⎛                                32.9897687889729   ⎞
	       x₁⋅⎜2⋅x₁ + 100.71814231161301 + ───────────────────────⎟
	          ⎝                            0.6788492697191919 - x₁⎠

-- EVALUATION END ------------------
== TRAINING SEED 0 END ==============
INFO: Completed run 1 of 1 in 31 s

== POST-PROCESS START =================
-- LOADING LOGS START ----------------
json configure file: ./log/regression_config_regression_PQT.json_FeynmanICh43Eq43.in_normal_0.0_2023-05-29-051134
Successfully loaded summary data
Successfully loaded Hall of Fame data
Successfully loaded Pareto Front data
-- LOADING LOGS END ------------------

-- ANALYZING LOG START --------------
Task_____________regression
Source path______./log/regression_config_regression_PQT.json_FeynmanICh43Eq43.in_normal_0.0_2023-05-29-051134
Runs_____________1
Max Samples/run__15000
Success_rate_____0.0
Hall of Fame (Top 5 of 100)____
    0: S=000 R=0.628646 <-- [0.003142987410852224*x2/(x1*(x1 + 0.999788525865709*x3 - 1.00001524669528 - 0.0002114741342909789/x2))]
    1: S=000 R=0.628633 <-- [0.0031170684850013187*(-x2 + 1/x1)/(x1*(-x1 + x3 + 1.0000170599448546))]
    2: S=000 R=0.628633 <-- [(x1 + 1.3484351975900701 + x2*(0.00072727279380139541 + 0.003118319469582188/(x1 + x3 - 1.0000169865910833))/x1)/x1]
    3: S=000 R=0.628633 <-- [x1 + x2*(0.008401848538750268 - 0.0021662786026263657*x1)/(x1*(2*x1 - 2.000033974964568))]
    4: S=000 R=0.628632 <-- [0.0031171877221009081*(x2 + 2*x3)/(x1*(x1 - 1.0000169882621612))]
  Saving Hall of Fame plot to ./log/regression_config_regression_PQT.json_FeynmanICh43Eq43.in_normal_0.0_2023-05-29-051134/dso_regression_config_regression_PQT.json_FeynmanICh43Eq43.in_normal_0.0_plot_hof.png
Pareto Front (5 of 6)____
    0: S=000 R=0.628646 C=23.00 <-- [0.003142987410852224*x2/(x1*(x1 + 0.999788525865709*x3 - 1.00001524669528 - 0.0002114741342909789/x2))]
    1: S=000 R=0.628633 C=17.00 <-- [0.0031170684850013187*(-x2 + 1/x1)/(x1*(-x1 + x3 + 1.0000170599448546))]
    2: S=000 R=0.628627 C=10.00 <-- [0.0031157131558349916*x2/(x1 - 1.0000169865780746)]
    3: S=000 R=0.513472 C=9.00 <-- [x3 - 1/(-x1 + x3 + 1.000004839425237)]
    4: S=000 R=0.500700 C=8.00 <-- [0.0692133201516769*(x2 + x3)/x1]
  Saving Pareto Front plot to ./log/regression_config_regression_PQT.json_FeynmanICh43Eq43.in_normal_0.0_2023-05-29-051134/dso_regression_config_regression_PQT.json_FeynmanICh43Eq43.in_normal_0.0_plot_pf.png
-- ANALYZING LOG END ----------------
== POST-PROCESS END ===================
