debug /depot/yexiang/apps/jiang631/data/scibench/data/unencrypted/equations_feynman/FeynmanIICh27Eq18.in
!!!!!!!!!!!!!!!!!!!!!!!!!!!!!i /depot/yexiang/apps/jiang631/data/scibench/data/unencrypted/equations_feynman/FeynmanIICh27Eq18.in
['mul', 8.854e-12, 'pow', 'X_0', 2]
--------------------
eq_name 	 feynman-ii.27.18
num_vars 	 1
vars_range_and_types 	 [{"name": "LogUniform", "range": [0.1, 10.0], "only_positive": true}]
function_set 	 ['add', 'sub', 'mul', 'div', 'sin', 'cos', 'exp', 'log', 'const']
eq_expression 	 mul,8.854e-12,pow,X_0,2
expr 	 8.854e-12*X_0**2
--------------------

== EXPERIMENT SETUP START ===========
Task type            : regression
Starting seed        : 0
Runs                 : 1
== EXPERIMENT SETUP END =============

== TRAINING SEED 0 START ============
self.dataX <dso.symbolic_data_generator.DataX object at 0x2b2f1cad3080>, self.data_query_oracle: <dso.symbolic_equation_evaluator_public.Equation_evaluator object at 0x2b2f3bb74d68>
generate dataset!
-- BUILDING PRIOR START -------------
WARNING: Skipping invalid 'RelationalConstraint' with arguments {'targets': [], 'effectors': [], 'relationship': None}. Reason: Prior disabled.
WARNING: Skipping invalid 'TrigConstraint' with arguments {}. Reason: There are no target Tokens.
WARNING: Skipping invalid 'UniformArityPrior' with arguments {}. Reason: Prior disabled.
WARNING: Skipping invalid 'LanguageModelPrior' with arguments {'weight': None}. Reason: Prior disabled.
LengthConstraint: Sequences have minimum length 4.
                  Sequences have maximum length 256.
RepeatConstraint: [const] cannot occur more than 10 times.
RelationalConstraint: [inv] cannot be a child of [inv].
ConstConstraint: [const] cannot be the only unique child of [inv, add, sub, mul, div].
NoInputsConstraint: Sequences contain at least one input variable Token.
SoftLengthPrior: No description available.
-- BUILDING PRIOR END ---------------

-- RUNNING EPOCHS START -------------
[00:00:00:02.48] Training epoch 1/14, current best R: 0.4692

	** New best
	Reward: 0.46917463877862464
	Count Off-policy: False
	Count On-policy: True
	Originally on Policy: True
	Invalid: False
	Traversal: mul,x1,add,mul,sub,mul,sub,add,1.0,sub,1.0,inv,x1,1.0,mul,1.0,x1,x1,x1,x1
	Expression:
	     ⎛   ⎛       ⎛      1 ⎞     ⎞     ⎞
	  x₁⋅⎜x₁⋅⎜1.0⋅x₁⋅⎜1.0 - ──⎟ - x₁⎟ + x₁⎟
	     ⎝   ⎝       ⎝      x₁⎠     ⎠     ⎠

[00:00:00:06.52] Training epoch 4/14, current best R: 0.7407

	** New best
	Reward: 0.7407320407080545
	Count Off-policy: False
	Count On-policy: True
	Originally on Policy: True
	Invalid: False
	Traversal: inv,div,x1,div,sub,div,x1,1.0000000653381371,x1,sub,add,div,add,inv,x1,inv,x1,-0.001753474828938728,x1,0.40003264904611724
	Expression:
	                                 1                                
	  ────────────────────────────────────────────────────────────────
	                                                17456763981.061514
	  -15304998.117757794⋅x₁ + 6122498.9406924885 + ──────────────────
	                                                        x₁        

[00:00:00:14.31] Training epoch 10/14, current best R: 0.7407
[00:00:00:19.60] Training epoch 14/14, current best R: 0.7571

	** New best
	Reward: 0.7570885109137586
	Count Off-policy: False
	Count On-policy: True
	Originally on Policy: True
	Invalid: False
	Traversal: inv,add,sub,div,add,inv,x1,1.760642496717567,mul,sub,div,div,div,x1,1.0001101127237995,0.9998390278050449,1.0000492674633261,x1,7.188904389315853e-05,x1,0.9999944362833545
	Expression:
	                                    1                                   
	  ──────────────────────────────────────────────────────────────────────
	                                                ⎛                    1 ⎞
	                             8627938348.3855299⋅⎜1.760642496717567 + ──⎟
	                                                ⎝                    x₁⎠
	  -x₁ + 0.9999944362833545 + ───────────────────────────────────────────
	                                                  x₁                    

[00:00:00:19.61] Ending training after epoch 14/14, current best R: 0.7571
-- RUNNING EPOCHS END ---------------

-- EVALUATION START ----------------
Saving Hall of Fame to ./log/regression_config_regression_VPG.json_FeynmanIICh27Eq18.in_normal_0.0_2023-05-29-051728/dso_regression_config_regression_VPG.json_FeynmanIICh27Eq18.in_normal_0.0_0_hof.csv
Saving Pareto Front to ./log/regression_config_regression_VPG.json_FeynmanIICh27Eq18.in_normal_0.0_2023-05-29-051728/dso_regression_config_regression_VPG.json_FeynmanIICh27Eq18.in_normal_0.0_0_pf.csv
Invalid expressions: 822 of 14336 (5.7%).
Error type counts:
  true_divide: 276 (33.6%)
  reciprocal: 546 (66.4%)
Error node counts:
  divide: 820 (99.8%)
  invalid: 2 (0.2%)
-- EVALUATION END ------------------
== TRAINING SEED 0 END ==============
INFO: Completed run 1 of 1 in 21 s

== POST-PROCESS START =================
-- LOADING LOGS START ----------------
json configure file: ./log/regression_config_regression_VPG.json_FeynmanIICh27Eq18.in_normal_0.0_2023-05-29-051728
Successfully loaded summary data
Successfully loaded Hall of Fame data
Successfully loaded Pareto Front data
-- LOADING LOGS END ------------------

-- ANALYZING LOG START --------------
Task_____________regression
Source path______./log/regression_config_regression_VPG.json_FeynmanIICh27Eq18.in_normal_0.0_2023-05-29-051728
Runs_____________1
Max Samples/run__15000
Success_rate_____0.0
Hall of Fame (Top 5 of 100)____
    0: S=000 R=0.757089 <-- [1/(-x1 + 0.9999944362833545 + 8627938348.3855299*(1.760642496717567 + 1/x1)/x1)]
    1: S=000 R=0.740732 <-- [1/(-15304998.117757794*x1 + 6122498.9406924885 + 17456763981.061514/x1)]
    2: S=000 R=0.726566 <-- [0.001715938346139918/(1.9587931369539013*x1 + 29214306.77142081/x1)]
    3: S=000 R=0.726564 <-- [-7.1233476250567476e-5/(-1.9985025741608198 - 1212649.4115629264/x1)]
    4: S=000 R=0.500000 <-- [9.5867957029338615e-11]
  Saving Hall of Fame plot to ./log/regression_config_regression_VPG.json_FeynmanIICh27Eq18.in_normal_0.0_2023-05-29-051728/dso_regression_config_regression_VPG.json_FeynmanIICh27Eq18.in_normal_0.0_plot_hof.png
Pareto Front (5 of 10)____
    0: S=000 R=0.757089 C=27.00 <-- [1/(-x1 + 0.9999944362833545 + 8627938348.3855299*(1.760642496717567 + 1/x1)/x1)]
    1: S=000 R=0.726566 C=25.00 <-- [0.001715938346139918/(1.9587931369539013*x1 + 29214306.77142081/x1)]
    2: S=000 R=0.475376 C=23.00 <-- [-9.897605565190037e-5/(x1*(x1 + 1.9935068309089592/(3.447793938959887e-7 - 4.968958507989285e-7*x1)))]
    3: S=000 R=0.469175 C=21.00 <-- [x1*(x1*(1.0*x1*(1.0 - 1/x1) - x1) + x1)]
    4: S=000 R=0.469174 C=20.00 <-- [0]
  Saving Pareto Front plot to ./log/regression_config_regression_VPG.json_FeynmanIICh27Eq18.in_normal_0.0_2023-05-29-051728/dso_regression_config_regression_VPG.json_FeynmanIICh27Eq18.in_normal_0.0_plot_pf.png
-- ANALYZING LOG END ----------------
== POST-PROCESS END ===================
