debug /depot/yexiang/apps/jiang631/data/scibench/data/unencrypted/equations_feynman/FeynmanICh18Eq16.in
!!!!!!!!!!!!!!!!!!!!!!!!!!!!!i /depot/yexiang/apps/jiang631/data/scibench/data/unencrypted/equations_feynman/FeynmanICh18Eq16.in
['mul', 'X_0', 'mul', 'X_1', 'mul', 'X_2', 'sin', 'X_3']
--------------------
eq_name 	 feynman-i.18.16
num_vars 	 4
vars_range_and_types 	 [{"name": "LogUniform", "range": [0.1, 10.0], "only_positive": true}, {"name": "LogUniform", "range": [0.1, 10.0], "only_positive": true}, {"name": "LogUniform", "range": [0.1, 10.0], "only_positive": true}, {"name": "Uniform", "range": [0, 6.283185307179586], "only_positive": true}]
function_set 	 ['add', 'sub', 'mul', 'div', 'sin', 'cos', 'exp', 'log', 'const']
eq_expression 	 mul,X_0,mul,X_1,mul,X_2,sin,X_3
expr 	 X_0*X_1*X_2*sin(X_3)
--------------------

== EXPERIMENT SETUP START ===========
Task type            : regression
Starting seed        : 0
Runs                 : 1
== EXPERIMENT SETUP END =============

== TRAINING SEED 0 START ============
self.dataX <dso.symbolic_data_generator.DataX object at 0x2afa63356080>, self.data_query_oracle: <dso.symbolic_equation_evaluator_public.Equation_evaluator object at 0x2afa823f7d68>
generate dataset!
-- BUILDING PRIOR START -------------
WARNING: Skipping invalid 'RelationalConstraint' with arguments {'targets': [], 'effectors': [], 'relationship': None}. Reason: Prior disabled.
WARNING: Skipping invalid 'TrigConstraint' with arguments {}. Reason: There are no target Tokens.
WARNING: Skipping invalid 'UniformArityPrior' with arguments {}. Reason: Prior disabled.
WARNING: Skipping invalid 'LanguageModelPrior' with arguments {'weight': None}. Reason: Prior disabled.
LengthConstraint: Sequences have minimum length 4.
                  Sequences have maximum length 256.
RepeatConstraint: [const] cannot occur more than 10 times.
RelationalConstraint: [inv] cannot be a child of [inv].
ConstConstraint: [const] cannot be the only unique child of [inv, add, sub, mul, div].
NoInputsConstraint: Sequences contain at least one input variable Token.
SoftLengthPrior: No description available.
-- BUILDING PRIOR END ---------------

-- RUNNING EPOCHS START -------------
[00:00:00:04.10] Training epoch 1/14, current best R: 0.5335

	** New best
	Reward: 0.5334684307219046
	Count Off-policy: False
	Count On-policy: True
	Originally on Policy: True
	Invalid: False
	Traversal: mul,mul,add,mul,div,mul,x1,add,mul,x2,inv,div,x2,x4,-3.5418401085144104,x4,x2,x3,-0.4565056529457657,x4
	Expression:
	     ⎛  0.4565056529457657⋅x₁⋅x₂⋅(x₄ - 3.5418401085144104)                      
	  x₄⋅⎜- ────────────────────────────────────────────────── - 0.4565056529457657⋅
	     ⎝                          x₄                                              

	    ⎞
	  x₃⎟
	    ⎠

[00:00:00:14.31] Training epoch 4/14, current best R: 0.5339

	** New best
	Reward: 0.5339122448373281
	Count Off-policy: False
	Count On-policy: True
	Originally on Policy: True
	Invalid: False
	Traversal: mul,sub,mul,mul,x1,add,x4,-3.07206483680207,x3,x3,-0.5605959321962454
	Expression:
	  -0.5605959321962454⋅x₁⋅x₃⋅(x₄ - 3.07206483680207) + 0.5605959321962454⋅x₃

[00:00:00:31.23] Training epoch 8/14, current best R: 0.5358

	** New best
	Reward: 0.5358158383044248
	Count Off-policy: False
	Count On-policy: True
	Originally on Policy: True
	Invalid: False
	Traversal: mul,x2,mul,mul,-0.5796078269912368,x1,add,sub,x4,2.612023957595418,-0.6120239221590003
	Expression:
	  -0.5796078269912368⋅x₁⋅x₂⋅(x₄ - 3.224047879754418)

[00:00:00:40.86] Training epoch 10/14, current best R: 0.5358
[00:00:00:56.03] Training epoch 13/14, current best R: 0.5372

	** New best
	Reward: 0.5372299270342308
	Count Off-policy: False
	Count On-policy: True
	Originally on Policy: True
	Invalid: False
	Traversal: sub,0.1647092960463387,add,mul,-0.5617336618029322,add,sub,x3,mul,mul,add,add,-1.4635248555115445,add,mul,-0.15362162477476568,x3,-1.463524855511498,x4,x2,x1,0.470170508988699,1.8352962130646389
	Expression:
	  -0.5617336618029322⋅x₁⋅x₂⋅(-0.15362162477476568⋅x₃ + x₄ - 2.9270497110230425) 
	  + 0.5617336618029322⋅x₃ - 1.4064763153323299

[00:00:01:01.75] Ending training after epoch 14/14, current best R: 0.5372
-- RUNNING EPOCHS END ---------------

-- EVALUATION START ----------------
Saving Hall of Fame to ./log/regression_config_regression_VPG.json_FeynmanICh18Eq16.in_normal_0.0_2023-05-29-051825/dso_regression_config_regression_VPG.json_FeynmanICh18Eq16.in_normal_0.0_0_hof.csv
Saving Pareto Front to ./log/regression_config_regression_VPG.json_FeynmanICh18Eq16.in_normal_0.0_2023-05-29-051825/dso_regression_config_regression_VPG.json_FeynmanICh18Eq16.in_normal_0.0_0_pf.csv
Invalid expressions: 211 of 14336 (1.5%).
Error type counts:
  reciprocal: 118 (55.9%)
  true_divide: 93 (44.1%)
Error node counts:
  divide: 210 (99.5%)
  invalid: 1 (0.5%)
-- EVALUATION END ------------------
== TRAINING SEED 0 END ==============
INFO: Completed run 1 of 1 in 63 s

== POST-PROCESS START =================
-- LOADING LOGS START ----------------
json configure file: ./log/regression_config_regression_VPG.json_FeynmanICh18Eq16.in_normal_0.0_2023-05-29-051825
Successfully loaded summary data
Successfully loaded Hall of Fame data
Successfully loaded Pareto Front data
-- LOADING LOGS END ------------------

-- ANALYZING LOG START --------------
Task_____________regression
Source path______./log/regression_config_regression_VPG.json_FeynmanICh18Eq16.in_normal_0.0_2023-05-29-051825
Runs_____________1
Max Samples/run__15000
Success_rate_____0.0
Hall of Fame (Top 5 of 100)____
    0: S=000 R=0.537230 <-- [-0.5617336618029322*x1*x2*(-0.15362162477476568*x3 + x4 - 2.9270497110230425) + 0.5617336618029322*x3 - 1.4064763153323299]
    1: S=000 R=0.535816 <-- [0.5796133766450962*x1*x2*(3.2240749336405905 - x4)]
    2: S=000 R=0.535816 <-- [-0.5796078269912368*x1*x2*(x4 - 3.224047879754418)]
    3: S=000 R=0.535816 <-- [1.7360589365363349*x1*x2*x4*(-0.3338489412575241 + 1.0763120968712672/x4)]
    4: S=000 R=0.534803 <-- [-0.5575686943275236*x1*x3*(x4 - 3.3254838330857175) - 0.2787843471637618*x4 + 0.2787843471637618/x1]
  Saving Hall of Fame plot to ./log/regression_config_regression_VPG.json_FeynmanICh18Eq16.in_normal_0.0_2023-05-29-051825/dso_regression_config_regression_VPG.json_FeynmanICh18Eq16.in_normal_0.0_plot_hof.png
Pareto Front (4 of 4)____
    0: S=000 R=0.537230 C=23.00 <-- [-0.5617336618029322*x1*x2*(-0.15362162477476568*x3 + x4 - 2.9270497110230425) + 0.5617336618029322*x3 - 1.4064763153323299]
    1: S=000 R=0.535816 C=11.00 <-- [0.5796133766450962*x1*x2*(3.2240749336405905 - x4)]
    2: S=000 R=0.514914 C=7.00 <-- [x2*(4.1220787010007729 - 1.2664610135460397*x4)]
    3: S=000 R=0.502854 C=5.00 <-- [x2 - x4 + 1.2674657203493311]
  Saving Pareto Front plot to ./log/regression_config_regression_VPG.json_FeynmanICh18Eq16.in_normal_0.0_2023-05-29-051825/dso_regression_config_regression_VPG.json_FeynmanICh18Eq16.in_normal_0.0_plot_pf.png
-- ANALYZING LOG END ----------------
== POST-PROCESS END ===================
