debug /depot/yexiang/apps/jiang631/data/scibench/data/unencrypted/equations_feynman/FeynmanICh48Eq2.in
!!!!!!!!!!!!!!!!!!!!!!!!!!!!!i /depot/yexiang/apps/jiang631/data/scibench/data/unencrypted/equations_feynman/FeynmanICh48Eq2.in
['mul', 8.98755178736818e+16, 'mul', 'X_0', 'pow', 'add', 1, 'mul', -1.11265005605362e-17, 'pow', 'X_1', 2, -0.5]
--------------------
eq_name 	 feynman-i.48.2
num_vars 	 2
vars_range_and_types 	 [{"name": "LogUniform", "range": [1e-29, 1e-27], "only_positive": true}, {"name": "LogUniform", "range": [1000000.0, 100000000.0], "only_positive": true}]
function_set 	 ['add', 'sub', 'mul', 'div', 'sin', 'cos', 'exp', 'log', 'const']
eq_expression 	 mul,8.98755178736818e+16,mul,X_0,pow,add,1,mul,-1.11265005605362e-17,pow,X_1,2,-0.5
expr 	 8.98755178736818e+16*X_0/sqrt(1 - 1.11265005605362e-17*X_1**2)
--------------------

== EXPERIMENT SETUP START ===========
Task type            : regression
Starting seed        : 0
Runs                 : 1
== EXPERIMENT SETUP END =============

== TRAINING SEED 0 START ============
self.dataX <dso.symbolic_data_generator.DataX object at 0x2ab669670710>, self.data_query_oracle: <dso.symbolic_equation_evaluator_public.Equation_evaluator object at 0x2ab64fed9cf8>
generate dataset!
-- BUILDING PRIOR START -------------
WARNING: Skipping invalid 'RelationalConstraint' with arguments {'targets': [], 'effectors': [], 'relationship': None}. Reason: Prior disabled.
WARNING: Skipping invalid 'TrigConstraint' with arguments {}. Reason: There are no target Tokens.
WARNING: Skipping invalid 'UniformArityPrior' with arguments {}. Reason: Prior disabled.
WARNING: Skipping invalid 'LanguageModelPrior' with arguments {'weight': None}. Reason: Prior disabled.
LengthConstraint: Sequences have minimum length 4.
                  Sequences have maximum length 256.
RepeatConstraint: [const] cannot occur more than 10 times.
RelationalConstraint: [inv] cannot be a child of [inv].
ConstConstraint: [const] cannot be the only unique child of [inv, add, sub, mul, div].
NoInputsConstraint: Sequences contain at least one input variable Token.
SoftLengthPrior: No description available.
-- BUILDING PRIOR END ---------------

-- RUNNING EPOCHS START -------------
[00:00:00:02.28] Training epoch 1/14, current best R: 0.4678

	** New best
	Reward: 0.4677980539296781
	Count Off-policy: False
	Count On-policy: True
	Originally on Policy: True
	Invalid: False
	Traversal: inv,mul,sub,-43.70045143704572,x2,sub,inv,sub,div,-110.02044752727896,sub,sub,x1,x2,mul,1.0,x1,0.00011193276210367906,x1
	Expression:
	                                        1                                       
	  ──────────────────────────────────────────────────────────────────────────────
	  ⎛                           1                      ⎞                          
	  ⎜-x₁ + ────────────────────────────────────────────⎟⋅(-x₂ - 43.70045143704572)
	  ⎜                                110.02044752727896⎟                          
	  ⎜      -0.00011193276210367906 + ──────────────────⎟                          
	  ⎝                                        x₂        ⎠                          

[00:00:00:05.18] Training epoch 3/14, current best R: 0.4934

	** New best
	Reward: 0.49338391321675906
	Count Off-policy: False
	Count On-policy: True
	Originally on Policy: True
	Invalid: False
	Traversal: div,sub,mul,mul,x2,x2,x1,inv,mul,sub,add,inv,x2,x1,inv,add,x1,2.044234648465738e-06,x2,0.05468127212018799
	Expression:
	                         2              18.28779692253733            
	  18.28779692253733⋅x₁⋅x₂  - ────────────────────────────────────────
	                                ⎛                 1               1 ⎞
	                             x₂⋅⎜x₁ - ───────────────────────── + ──⎟
	                                ⎝     x₁ + 2.044234648465738e-6   x₂⎠

[00:00:00:06.80] Training epoch 4/14, current best R: 0.5000

	** New best
	Reward: 0.5000103339061698
	Count Off-policy: False
	Count On-policy: True
	Originally on Policy: True
	Invalid: False
	Traversal: mul,4.262513969877091e-05,div,add,add,-0.02246612720963126,mul,0.9999995354807658,sub,inv,sub,mul,1.0,div,sub,div,x1,x2,1.0,x1,x2,x2,x2,x2
	Expression:
	                       ⎛                                                 0.99999
	  4.262513969877091e-5⋅⎜4.645192342028759e-7⋅x₂ - 0.02246612720963126 + ────────
	                       ⎜                                                        
	                       ⎜                                                      1.
	                       ⎜                                                        
	                       ⎜                                                -x₂ + ──
	                       ⎝                                                        
	  ──────────────────────────────────────────────────────────────────────────────
	                                               x₂                               

	  95354807658 ⎞
	  ────────────⎟
	    ⎛x₁      ⎞⎟
	  0⋅⎜── - 1.0⎟⎟
	    ⎝x₂      ⎠⎟
	  ────────────⎟
	      x₁      ⎠
	  ─────────────
             

[00:00:00:15.63] Training epoch 10/14, current best R: 0.5000
[00:00:00:21.25] Ending training after epoch 14/14, current best R: 0.5000
-- RUNNING EPOCHS END ---------------

-- EVALUATION START ----------------
Saving Hall of Fame to ./log/regression_config_regression_DSR.json_FeynmanICh48Eq2.in_normal_0.0_2023-05-29-051551/dso_regression_config_regression_DSR.json_FeynmanICh48Eq2.in_normal_0.0_0_hof.csv
Saving Pareto Front to ./log/regression_config_regression_DSR.json_FeynmanICh48Eq2.in_normal_0.0_2023-05-29-051551/dso_regression_config_regression_DSR.json_FeynmanICh48Eq2.in_normal_0.0_0_pf.csv
Invalid expressions: 776 of 14336 (5.4%).
Error type counts:
  reciprocal: 484 (62.4%)
  true_divide: 292 (37.6%)
Error node counts:
  divide: 772 (99.5%)
  invalid: 4 (0.5%)
-- EVALUATION END ------------------
== TRAINING SEED 0 END ==============
INFO: Completed run 1 of 1 in 22 s

== POST-PROCESS START =================
-- LOADING LOGS START ----------------
json configure file: ./log/regression_config_regression_DSR.json_FeynmanICh48Eq2.in_normal_0.0_2023-05-29-051551
Successfully loaded summary data
Successfully loaded Hall of Fame data
Successfully loaded Pareto Front data
-- LOADING LOGS END ------------------

-- ANALYZING LOG START --------------
Task_____________regression
Source path______./log/regression_config_regression_DSR.json_FeynmanICh48Eq2.in_normal_0.0_2023-05-29-051551
Runs_____________1
Max Samples/run__15000
Success_rate_____0.0
Hall of Fame (Top 5 of 100)____
    0: S=000 R=0.500010 <-- [4.262513969877091e-5*(4.645192342028759e-7*x2 - 0.02246612720963126 + 0.9999995354807658/(-x2 + 1.0*(x1/x2 - 1.0)/x1))/x2]
    1: S=000 R=0.494252 <-- [-x1 + 1/(-1.999577485022233*x2/(-2.9019768601725549e-11*x2 - 3.6470505268321481e-5) + 0.999998892278265)]
    2: S=000 R=0.493384 <-- [18.28779692253733*x1*x2**2 - 18.28779692253733/(x2*(x1 - 1/(x1 + 2.044234648465738e-6) + 1/x2))]
    3: S=000 R=0.482733 <-- [1/(-x1 + 137.4126019371921*x2 + 0.01542779471898086/(x1*x2**2))]
    4: S=000 R=0.467798 <-- [1/(x1 + x2 + 110.12614394856126) - 0.9998880040424395/x2]
  Saving Hall of Fame plot to ./log/regression_config_regression_DSR.json_FeynmanICh48Eq2.in_normal_0.0_2023-05-29-051551/dso_regression_config_regression_DSR.json_FeynmanICh48Eq2.in_normal_0.0_plot_hof.png
Pareto Front (5 of 10)____
    0: S=000 R=0.500010 C=28.00 <-- [4.262513969877091e-5*(4.645192342028759e-7*x2 - 0.02246612720963126 + 0.9999995354807658/(-x2 + 1.0*(x1/x2 - 1.0)/x1))/x2]
    1: S=000 R=0.494252 C=25.00 <-- [-x1 + 1/(-1.999577485022233*x2/(-2.9019768601725549e-11*x2 - 3.6470505268321481e-5) + 0.999998892278265)]
    2: S=000 R=0.493384 C=24.00 <-- [18.28779692253733*x1*x2**2 - 18.28779692253733/(x2*(x1 - 1/(x1 + 2.044234648465738e-6) + 1/x2))]
    3: S=000 R=0.482733 C=22.00 <-- [1/(-x1 + 137.4126019371921*x2 + 0.01542779471898086/(x1*x2**2))]
    4: S=000 R=0.467798 C=20.00 <-- [(x1 + 0.00011196936485004061 - 110.07183652377267/(x2 - 1))/x2]
  Saving Pareto Front plot to ./log/regression_config_regression_DSR.json_FeynmanICh48Eq2.in_normal_0.0_2023-05-29-051551/dso_regression_config_regression_DSR.json_FeynmanICh48Eq2.in_normal_0.0_plot_pf.png
-- ANALYZING LOG END ----------------
== POST-PROCESS END ===================
