debug /depot/yexiang/apps/jiang631/data/scibench/data/unencrypted/equations_feynman/FeynmanIICh11Eq20.in
!!!!!!!!!!!!!!!!!!!!!!!!!!!!!i /depot/yexiang/apps/jiang631/data/scibench/data/unencrypted/equations_feynman/FeynmanIICh11Eq20.in
['mul', 2.41432350534664e+22, 'mul', 'X_0', 'mul', 'X_2', 'mul', 'pow', 'X_1', 2, 'pow', 'X_3', -1]
--------------------
eq_name 	 feynman-ii.11.20
num_vars 	 4
vars_range_and_types 	 [{"name": "LogUniform", "range": [1e+23, 1e+25], "only_positive": true}, {"name": "LogUniform", "range": [1e-22, 1e-20], "only_positive": false}, {"name": "LogUniform", "range": [10.0, 1000.0], "only_positive": false}, {"name": "LogUniform", "range": [10.0, 1000.0], "only_positive": true}]
function_set 	 ['add', 'sub', 'mul', 'div', 'sin', 'cos', 'exp', 'log', 'const']
eq_expression 	 mul,2.41432350534664e+22,mul,X_0,mul,X_2,mul,pow,X_1,2,pow,X_3,-1
expr 	 2.41432350534664e+22*X_0*X_1**2*X_2/X_3
--------------------

== EXPERIMENT SETUP START ===========
Task type            : regression
Starting seed        : 0
Runs                 : 1
== EXPERIMENT SETUP END =============

== TRAINING SEED 0 START ============
self.dataX <dso.symbolic_data_generator.DataX object at 0x2b95a7d342e8>, self.data_query_oracle: <dso.symbolic_equation_evaluator_public.Equation_evaluator object at 0x2b95c6dd7da0>
generate dataset!
-- BUILDING PRIOR START -------------
WARNING: Skipping invalid 'RelationalConstraint' with arguments {'targets': [], 'effectors': [], 'relationship': None}. Reason: Prior disabled.
WARNING: Skipping invalid 'TrigConstraint' with arguments {}. Reason: There are no target Tokens.
WARNING: Skipping invalid 'UniformArityPrior' with arguments {}. Reason: Prior disabled.
WARNING: Skipping invalid 'LanguageModelPrior' with arguments {'weight': None}. Reason: Prior disabled.
LengthConstraint: Sequences have minimum length 4.
                  Sequences have maximum length 256.
RepeatConstraint: [const] cannot occur more than 10 times.
RelationalConstraint: [inv] cannot be a child of [inv].
ConstConstraint: [const] cannot be the only unique child of [inv, add, sub, mul, div].
NoInputsConstraint: Sequences contain at least one input variable Token.
SoftLengthPrior: No description available.
-- BUILDING PRIOR END ---------------

-- RUNNING EPOCHS START -------------
gen	iter	pop_size	nevals	uncached_size	best_val              	timer  
0  	0   	1024    	1024  	1024         	(-0.5033448625359979,)	1.71026
1  	1   	1024    	788   	697          	(-0.5033448625359979,)	0.306767
2  	2   	1024    	746   	649          	(-0.5033448625359979,)	0.320131
3  	3   	1024    	750   	643          	(-0.5033448625359979,)	1.80467 
4  	4   	1024    	781   	647          	(-0.5033448625359979,)	0.439317
5  	5   	1024    	777   	650          	(-0.5033448625359979,)	0.638524
6  	6   	1024    	775   	645          	(-0.5033448625359979,)	1.36716 
7  	7   	1024    	780   	640          	(-0.6829333586508285,)	0.857734
8  	8   	1024    	770   	623          	(-0.8171573946965744,)	1.01435 
9  	9   	1024    	756   	628          	(-0.8172291041458615,)	1.24023 

--------------------------------------------------
GP Time: 9.94781

Unique expressions evaluated: 7747
Total expression evaluations: 7947
--------------------------------------------------

GP -> best program this epoch:

	Reward: 0.8172291041458615
	Count Off-policy: 1
	Count On-policy: 0
	Originally on Policy: False
	Invalid: False
	Traversal: mul,sub,div,x2,div,mul,inv,add,x2,mul,mul,x2,x1,sub,x4,mul,x3,-8.462946061176536,sub,2782.4029592856073,mul,mul,div,x2,x4,div,x3,add,inv,x4,1.0,x2,x1,x3,inv,x4
	Expression:
	  x₁⋅x₂⋅(x₁⋅x₂⋅(8.462946061176536⋅x₃ + x₄) + x₂)     
	  ────────────────────────────────────────────── - x₃
	               2                                     
	             x₂ ⋅x₃                                  
	       - ───────────── + 2782.4029592856073          
	            ⎛      1 ⎞                               
	         x₄⋅⎜1.0 + ──⎟                               
	            ⎝      x₄⎠                               
	  ───────────────────────────────────────────────────
	                           x₄                        

None

--------------------------------------------------

[00:00:00:12.75] Training epoch 1/14, current best R: 0.8172

	** New best
	Reward: 0.8172291041458615
	Count Off-policy: 1
	Count On-policy: 0
	Originally on Policy: False
	Invalid: False
	Traversal: mul,sub,div,x2,div,mul,inv,add,x2,mul,mul,x2,x1,sub,x4,mul,x3,-8.462946061176536,sub,2782.4029592856073,mul,mul,div,x2,x4,div,x3,add,inv,x4,1.0,x2,x1,x3,inv,x4
	Expression:
	  x₁⋅x₂⋅(x₁⋅x₂⋅(8.462946061176536⋅x₃ + x₄) + x₂)     
	  ────────────────────────────────────────────── - x₃
	               2                                     
	             x₂ ⋅x₃                                  
	       - ───────────── + 2782.4029592856073          
	            ⎛      1 ⎞                               
	         x₄⋅⎜1.0 + ──⎟                               
	            ⎝      x₄⎠                               
	  ───────────────────────────────────────────────────
	                           x₄                        

10 	0   	1024    	1024  	1014         	(-0.5071396198257021,)	0.39435 
11 	1   	1024    	763   	653          	(-0.5105559079708186,)	0.357413
12 	2   	1024    	747   	636          	(-0.5105559079708186,)	0.368143
13 	3   	1024    	750   	635          	(-0.5105559079708186,)	0.521009
14 	4   	1024    	776   	673          	(-0.5152193932822428,)	0.998481
15 	5   	1024    	763   	676          	(-0.582054032025222,) 	1.32627 
16 	6   	1024    	772   	655          	(-0.817012907032073,) 	1.5044  
17 	7   	1024    	733   	637          	(-0.8192048265450836,)	2.05373 
18 	8   	1024    	751   	620          	(-0.8223156091516545,)	1.51767 
19 	9   	1024    	780   	657          	(-0.8223156091516545,)	2.31205 

--------------------------------------------------
GP Time: 11.6111

Unique expressions evaluated: 15555
Total expression evaluations: 15806
--------------------------------------------------

GP -> best program this epoch:

	Reward: 0.8223156091516545
	Count Off-policy: 1
	Count On-policy: 0
	Originally on Policy: False
	Invalid: False
	Traversal: div,mul,sub,mul,x3,-5.820590018154104,mul,x1,x2,x3,mul,323.56136944574814,div,x4,sub,x3,mul,x1,x2
	Expression:
	  0.0030906038063597422⋅x₃⋅(-x₁⋅x₂ - 5.820590018154104⋅x₃)⋅(-x₁⋅x₂ + x₃)
	  ──────────────────────────────────────────────────────────────────────
	                                    x₄                                  

None

--------------------------------------------------

[00:00:00:25.93] Training epoch 2/14, current best R: 0.8223

	** New best
	Reward: 0.8223156091516545
	Count Off-policy: 1
	Count On-policy: 0
	Originally on Policy: False
	Invalid: False
	Traversal: div,mul,sub,mul,x3,-5.820590018154104,mul,x1,x2,x3,mul,323.56136944574814,div,x4,sub,x3,mul,x1,x2
	Expression:
	  0.0030906038063597422⋅x₃⋅(-x₁⋅x₂ - 5.820590018154104⋅x₃)⋅(-x₁⋅x₂ + x₃)
	  ──────────────────────────────────────────────────────────────────────
	                                    x₄                                  

-- RUNNING EPOCHS END ---------------

-- EVALUATION START ----------------
Saving Hall of Fame to ./log/regression_config_regression_GPMELD.json_FeynmanIICh11Eq20.in_normal_0.0_2023-05-29-051436/dso_regression_config_regression_GPMELD.json_FeynmanIICh11Eq20.in_normal_0.0_0_hof.csv
Saving Pareto Front to ./log/regression_config_regression_GPMELD.json_FeynmanIICh11Eq20.in_normal_0.0_2023-05-29-051436/dso_regression_config_regression_GPMELD.json_FeynmanIICh11Eq20.in_normal_0.0_0_pf.csv
Invalid expressions: 185 of 17854 (1.0%).
Error type counts:
  true_divide: 103 (55.7%)
  reciprocal: 82 (44.3%)
Error node counts:
  divide: 185 (100.0%)
-- EVALUATION END ------------------
== TRAINING SEED 0 END ==============
INFO: Completed run 1 of 1 in 27 s

== POST-PROCESS START =================
-- LOADING LOGS START ----------------
json configure file: ./log/regression_config_regression_GPMELD.json_FeynmanIICh11Eq20.in_normal_0.0_2023-05-29-051436
Successfully loaded summary data
Successfully loaded Hall of Fame data
Successfully loaded Pareto Front data
-- LOADING LOGS END ------------------

-- ANALYZING LOG START --------------
Task_____________regression
Source path______./log/regression_config_regression_GPMELD.json_FeynmanIICh11Eq20.in_normal_0.0_2023-05-29-051436
Runs_____________1
Max Samples/run__15000
Success_rate_____0.0
Hall of Fame (Top 5 of 100)____
    0: S=000 R=0.822316 <-- [0.0030906038063597422*x3*(-x1*x2 - 5.820590018154104*x3)*(-x1*x2 + x3)/x4]
    1: S=000 R=0.822316 <-- [0.0030906038063597422*x3*(-x1*x2 - 5.820590018154104*x3)*(-x1*x2 + x3)/x4]
    2: S=000 R=0.819205 <-- [x1*(0.0030508109671456562*x2*x3*(x1*x2 + x3 - 2*x4)/x4 - 0.0030508109671456562/(x1 + x3/x4))]
    3: S=000 R=0.819205 <-- [x1*(0.0030508109671456562*x2*x3*(x1*x2 + x3 - 2*x4)/x4 - 0.0030508109671456562/(x1 + x3/x4))]
    4: S=000 R=0.819205 <-- [x1*(0.0030508107228695014*x2*x3*(x1*x2 + x3 - 2*x4)/x4 - 0.0030508107228695014*x2)]
  Saving Hall of Fame plot to ./log/regression_config_regression_GPMELD.json_FeynmanIICh11Eq20.in_normal_0.0_2023-05-29-051436/dso_regression_config_regression_GPMELD.json_FeynmanIICh11Eq20.in_normal_0.0_plot_hof.png
Pareto Front (5 of 10)____
    0: S=000 R=0.822316 C=21.00 <-- [0.0030906038063597422*x3*(-x1*x2 - 5.820590018154104*x3)*(-x1*x2 + x3)/x4]
    1: S=000 R=0.817155 C=20.00 <-- [x2*(x2 + x3)*(0.0030384395051909671*x1**2*x2 + 0.0065071421281425795*x1)/x4]
    2: S=000 R=0.516696 C=18.00 <-- [x3**2*(-x1*x2 + x3*x4)/x4**2]
    3: S=000 R=0.510642 C=14.00 <-- [17.95318682072138*x3**3/x4**2]
    4: S=000 R=0.503346 C=13.00 <-- [-x2 + 0.023966508155815913*x3**3 + x3 + 1.0]
  Saving Pareto Front plot to ./log/regression_config_regression_GPMELD.json_FeynmanIICh11Eq20.in_normal_0.0_2023-05-29-051436/dso_regression_config_regression_GPMELD.json_FeynmanIICh11Eq20.in_normal_0.0_plot_pf.png
-- ANALYZING LOG END ----------------
== POST-PROCESS END ===================
