debug /depot/yexiang/apps/jiang631/data/scibench/data/unencrypted/equations_feynman/FeynmanBonus8.in
!!!!!!!!!!!!!!!!!!!!!!!!!!!!!i /depot/yexiang/apps/jiang631/data/scibench/data/unencrypted/equations_feynman/FeynmanBonus8.in
['mul', 'X_0', 'pow', 'add', 1, 'mul', 12214328760283.5, 'mul', 'X_0', 'add', 1, 'mul', -1, 'cos', 'X_1', -1]
--------------------
eq_name 	 feynman-bonus.8
num_vars 	 2
vars_range_and_types 	 [{"name": "LogUniform", "range": [1e-24, 1e-22], "only_positive": true}, {"name": "Uniform", "range": [-3.141592653589793, 3.141592653589793], "only_positive": false}]
function_set 	 ['add', 'sub', 'mul', 'div', 'sin', 'cos', 'exp', 'log', 'const']
eq_expression 	 mul,X_0,pow,add,1,mul,12214328760283.5,mul,X_0,add,1,mul,-1,cos,X_1,-1
expr 	 X_0/(12214328760283.5*X_0*(1 - cos(X_1)) + 1)
--------------------

== EXPERIMENT SETUP START ===========
Task type            : regression
Starting seed        : 0
Runs                 : 1
== EXPERIMENT SETUP END =============

== TRAINING SEED 0 START ============
self.dataX <dso.symbolic_data_generator.DataX object at 0x2b075e1a2048>, self.data_query_oracle: <dso.symbolic_equation_evaluator_public.Equation_evaluator object at 0x2b077d243d68>
generate dataset!
-- BUILDING PRIOR START -------------
WARNING: Skipping invalid 'RelationalConstraint' with arguments {'targets': [], 'effectors': [], 'relationship': None}. Reason: Prior disabled.
WARNING: Skipping invalid 'TrigConstraint' with arguments {}. Reason: There are no target Tokens.
WARNING: Skipping invalid 'UniformArityPrior' with arguments {}. Reason: Prior disabled.
WARNING: Skipping invalid 'LanguageModelPrior' with arguments {'weight': None}. Reason: Prior disabled.
LengthConstraint: Sequences have minimum length 4.
                  Sequences have maximum length 256.
RepeatConstraint: [const] cannot occur more than 10 times.
RelationalConstraint: [inv] cannot be a child of [inv].
ConstConstraint: [const] cannot be the only unique child of [inv, add, sub, mul, div].
NoInputsConstraint: Sequences contain at least one input variable Token.
SoftLengthPrior: No description available.
-- BUILDING PRIOR END ---------------

-- RUNNING EPOCHS START -------------
[00:00:00:02.85] Training epoch 1/14, current best R: 1.0000

	** New best
	Reward: 0.9999999990978656
	Count Off-policy: False
	Count On-policy: True
	Originally on Policy: True
	Invalid: False
	Traversal: add,inv,div,1.7529866910807095,div,div,add,sub,x2,x2,3.8369674174032475e-09,1.7529866910807095,sub,x1,div,1.7529866910807095,x1,x1
	Expression:
	                           1                    
	  x₁ + ─────────────────────────────────────────
	                               1403937405.934739
	       800883094.59395671⋅x₁ - ─────────────────
	                                       x₁       

[00:00:00:03.14] Early stopping criteria met; breaking early.
-- RUNNING EPOCHS END ---------------

-- EVALUATION START ----------------
Saving Hall of Fame to ./log/regression_config_regression_VPG.json_FeynmanBonus8.in_normal_0.0_2023-05-29-052147/dso_regression_config_regression_VPG.json_FeynmanBonus8.in_normal_0.0_0_hof.csv
Saving Pareto Front to ./log/regression_config_regression_VPG.json_FeynmanBonus8.in_normal_0.0_2023-05-29-052147/dso_regression_config_regression_VPG.json_FeynmanBonus8.in_normal_0.0_0_pf.csv
Invalid expressions: 59 of 1024 (5.8%).
Error type counts:
  true_divide: 15 (25.4%)
  reciprocal: 44 (74.6%)
Error node counts:
  divide: 59 (100.0%)
-- EVALUATION END ------------------
== TRAINING SEED 0 END ==============
INFO: Completed run 1 of 1 in 4 s

== POST-PROCESS START =================
-- LOADING LOGS START ----------------
json configure file: ./log/regression_config_regression_VPG.json_FeynmanBonus8.in_normal_0.0_2023-05-29-052147
Successfully loaded summary data
Successfully loaded Hall of Fame data
Successfully loaded Pareto Front data
-- LOADING LOGS END ------------------

-- ANALYZING LOG START --------------
Task_____________regression
Source path______./log/regression_config_regression_VPG.json_FeynmanBonus8.in_normal_0.0_2023-05-29-052147
Runs_____________1
Max Samples/run__15000
Success_rate_____1.0
Hall of Fame (Top 5 of 100)____
    0: S=000 R=1.000000 <-- [x1 + 1/(800883094.59395671*x1 - 1403937405.934739/x1)]
    1: S=000 R=1.000000 <-- [x1 - x1/(1.3160720967692377*x2 + 4972996582.1717097)]
    2: S=000 R=1.000000 <-- [x1*x2*(-1.0*x1*x2/(x2 + 1.0) + 1/x2)]
    3: S=000 R=1.000000 <-- [x1*(1.0 + 1/(-x2*(x1 + 1/x1) + x2 + 1.0))]
    4: S=000 R=1.000000 <-- [x1]
  Saving Hall of Fame plot to ./log/regression_config_regression_VPG.json_FeynmanBonus8.in_normal_0.0_2023-05-29-052147/dso_regression_config_regression_VPG.json_FeynmanBonus8.in_normal_0.0_plot_hof.png
Pareto Front (4 of 4)____
    0: S=000 R=1.000000 C=23.00 <-- [x1 + 1/(800883094.59395671*x1 - 1403937405.934739/x1)]
    1: S=000 R=1.000000 C=10.00 <-- [1.0*x1*(x1 + 1.0)]
    2: S=000 R=0.432548 C=6.00 <-- [0.00021185275841950624*x1/x2]
    3: S=000 R=0.275928 C=5.00 <-- [-x1]
  Saving Pareto Front plot to ./log/regression_config_regression_VPG.json_FeynmanBonus8.in_normal_0.0_2023-05-29-052147/dso_regression_config_regression_VPG.json_FeynmanBonus8.in_normal_0.0_plot_pf.png
-- ANALYZING LOG END ----------------
== POST-PROCESS END ===================
