debug /depot/yexiang/apps/jiang631/data/scibench/data/unencrypted/equations_feynman/FeynmanICh13Eq4.in
!!!!!!!!!!!!!!!!!!!!!!!!!!!!!i /depot/yexiang/apps/jiang631/data/scibench/data/unencrypted/equations_feynman/FeynmanICh13Eq4.in
['mul', 0.5, 'mul', 'X_0', 'add', 'pow', 'X_1', 2, 'add', 'pow', 'X_2', 2, 'pow', 'X_3', 2]
--------------------
eq_name 	 feynman-i.13.4
num_vars 	 4
vars_range_and_types 	 [{"name": "LogUniform", "range": [0.1, 10.0], "only_positive": true}, {"name": "LogUniform", "range": [0.1, 10.0], "only_positive": false}, {"name": "LogUniform", "range": [0.1, 10.0], "only_positive": false}, {"name": "LogUniform", "range": [0.1, 10.0], "only_positive": false}]
function_set 	 ['add', 'sub', 'mul', 'div', 'const']
eq_expression 	 mul,0.5,mul,X_0,add,pow,X_1,2,add,pow,X_2,2,pow,X_3,2
expr 	 0.5*X_0*(X_1**2 + X_2**2 + X_3**2)
--------------------

== EXPERIMENT SETUP START ===========
Task type            : regression
Starting seed        : 0
Runs                 : 1
== EXPERIMENT SETUP END =============

== TRAINING SEED 0 START ============
self.dataX <dso.symbolic_data_generator.DataX object at 0x2b47b7f51780>, self.data_query_oracle: <dso.symbolic_equation_evaluator_public.Equation_evaluator object at 0x2b47a2f7ed68>
generate dataset!
-- BUILDING PRIOR START -------------
WARNING: Skipping invalid 'RelationalConstraint' with arguments {'targets': [], 'effectors': [], 'relationship': None}. Reason: Prior disabled.
WARNING: Skipping invalid 'TrigConstraint' with arguments {}. Reason: There are no target Tokens.
WARNING: Skipping invalid 'UniformArityPrior' with arguments {}. Reason: Prior disabled.
WARNING: Skipping invalid 'LanguageModelPrior' with arguments {'weight': None}. Reason: Prior disabled.
LengthConstraint: Sequences have minimum length 4.
                  Sequences have maximum length 256.
RepeatConstraint: [const] cannot occur more than 10 times.
RelationalConstraint: [inv] cannot be a child of [inv].
ConstConstraint: [const] cannot be the only unique child of [inv, add, sub, mul, div].
NoInputsConstraint: Sequences contain at least one input variable Token.
SoftLengthPrior: No description available.
-- BUILDING PRIOR END ---------------

-- RUNNING EPOCHS START -------------
gen	iter	pop_size	nevals	uncached_size	best_val              	timer  
0  	0   	1024    	1024  	1024         	(-0.5954131419539718,)	4.63517
1  	1   	1024    	775   	691          	(-0.5961914649936682,)	4.56505
2  	2   	1024    	759   	645          	(-0.5980205181286766,)	6.74259
3  	3   	1024    	786   	666          	(-0.6027608599545039,)	7.25289
4  	4   	1024    	784   	648          	(-0.6093139888625291,)	8.63711
5  	5   	1024    	746   	611          	(-0.6752016098663872,)	13.1833
6  	6   	1024    	751   	628          	(-0.6752016098663872,)	17.3447
7  	7   	1024    	777   	646          	(-0.6825585007533449,)	17.3714
8  	8   	1024    	759   	647          	(-0.6825585007533449,)	21.5601
9  	9   	1024    	785   	659          	(-0.6825585007533449,)	28.3243

--------------------------------------------------
GP Time: 129.897

Unique expressions evaluated: 7816
Total expression evaluations: 7946
--------------------------------------------------

GP -> best program this epoch:

	Reward: 0.6825585007533449
	Count Off-policy: 1
	Count On-policy: 0
	Originally on Policy: False
	Invalid: False
	Traversal: mul,add,sub,add,mul,mul,sub,x3,0.07046560543322873,mul,4.643638672741428,x3,mul,4.643579819856037,mul,4.64345664271464,x1,x3,div,mul,add,-13.894741450274426,inv,x4,mul,x1,sub,add,mul,x4,x4,inv,x4,sub,add,x1,-4.955503337979571,add,x1,6.958502548632718,0.1442577980597339,x1,0.00506388107583791
	Expression:
	                                                                               ⎛
	  0.5070330012146583⋅x₁⋅x₃⋅(x₃ - 0.07046560543322873) - 0.03510299716165826⋅x₁⋅⎜
	                                                                               ⎝

	                        1 ⎞ ⎛  2                       1 ⎞                      
	  -13.894741450274426 + ──⎟⋅⎜x₄  + 11.91400588661229 + ──⎟ + 0.00506388107583791
	                        x₄⎠ ⎝                          x₄⎠                      

                            
	  ⋅x₁ + 0.00506388107583791⋅x₃
                            

None

--------------------------------------------------

[00:00:02:18.26] Training epoch 1/14, current best R: 0.6826

	** New best
	Reward: 0.6825585007533449
	Count Off-policy: 1
	Count On-policy: 0
	Originally on Policy: False
	Invalid: False
	Traversal: mul,add,sub,add,mul,mul,sub,x3,0.07046560543322873,mul,4.643638672741428,x3,mul,4.643579819856037,mul,4.64345664271464,x1,x3,div,mul,add,-13.894741450274426,inv,x4,mul,x1,sub,add,mul,x4,x4,inv,x4,sub,add,x1,-4.955503337979571,add,x1,6.958502548632718,0.1442577980597339,x1,0.00506388107583791
	Expression:
	                                                                               ⎛
	  0.5070330012146583⋅x₁⋅x₃⋅(x₃ - 0.07046560543322873) - 0.03510299716165826⋅x₁⋅⎜
	                                                                               ⎝

	                        1 ⎞ ⎛  2                       1 ⎞                      
	  -13.894741450274426 + ──⎟⋅⎜x₄  + 11.91400588661229 + ──⎟ + 0.00506388107583791
	                        x₄⎠ ⎝                          x₄⎠                      

                            
	  ⋅x₁ + 0.00506388107583791⋅x₃
                            

10 	0   	1024    	1024  	1021         	(-0.5839311832021952,)	3.54306
11 	1   	1024    	797   	699          	(-0.5839311832021952,)	2.5325 
12 	2   	1024    	770   	642          	(-0.5933974891086393,)	3.9604 
13 	3   	1024    	761   	630          	(-0.5985460056325947,)	3.59028
14 	4   	1024    	757   	616          	(-0.5985460056325947,)	4.22672
15 	5   	1024    	791   	630          	(-0.5986225380910797,)	10.63  
16 	6   	1024    	740   	599          	(-0.602776083649386,) 	9.46876
17 	7   	1024    	747   	626          	(-0.6323531560348902,)	17.2472
18 	8   	1024    	770   	643          	(-0.6730849238833195,)	27.3298
19 	9   	1024    	747   	619          	(-0.6730849238833195,)	41.9852

--------------------------------------------------
GP Time: 124.795

Unique expressions evaluated: 15467
Total expression evaluations: 15850
--------------------------------------------------

GP -> best program this epoch:

	Reward: 0.6730849238833195
	Count Off-policy: 1
	Count On-policy: 0
	Originally on Policy: False
	Invalid: False
	Traversal: sub,mul,sub,10.336764761256338,sub,sub,mul,x2,add,div,-0.9995776467345032,inv,x2,x2,x2,mul,x1,-86.37753038984766,inv,mul,16352.732204524455,div,mul,inv,add,div,mul,x2,x2,x1,-98.90846553029502,inv,x3,x3,mul,sub,-5.737043412279424,sub,sub,mul,x2,div,0.5122685632671629,inv,x2,x2,mul,div,mul,-0.2671104260685862,mul,x1,x2,x2,-0.2672404072651216,x1
	Expression:
                                                                              
	       ⎛                                              2                         
	  - x₁⋅⎝0.07138269904732913⋅x₁ - 0.5122685632671629⋅x₂  + x₂ - 5.737043412279424
                                                                              

	                                ⎛                       2⎞                      
	  ⎞                           2 ⎜                     x₂ ⎟ ⎛                    
	  ⎠ + 6.1151860587756776e-5⋅x₃ ⋅⎜-98.90846553029502 + ───⎟⋅⎝-86.37753038984766⋅x
	                                ⎝                      x₁⎠                      

                                                        
	                              2                          ⎞
	  ₁ - 0.0004223532654968054⋅x₂  + x₂ + 10.336764761256338⎠
                                                        

None

--------------------------------------------------

-- RUNNING EPOCHS END ---------------

-- EVALUATION START ----------------
Saving Hall of Fame to ./log/regression_config_regression_GPMELD.json_FeynmanICh13Eq4.in_normal_0.0_2023-05-29-052149/dso_regression_config_regression_GPMELD.json_FeynmanICh13Eq4.in_normal_0.0_0_hof.csv
Saving Pareto Front to ./log/regression_config_regression_GPMELD.json_FeynmanICh13Eq4.in_normal_0.0_2023-05-29-052149/dso_regression_config_regression_GPMELD.json_FeynmanICh13Eq4.in_normal_0.0_0_pf.csv
Invalid expressions: 145 of 17898 (0.8%).
Error type counts:
  reciprocal: 78 (53.8%)
  true_divide: 67 (46.2%)
Error node counts:
  divide: 145 (100.0%)
-- EVALUATION END ------------------
== TRAINING SEED 0 END ==============
INFO: Completed run 1 of 1 in 271 s

== POST-PROCESS START =================
-- LOADING LOGS START ----------------
json configure file: ./log/regression_config_regression_GPMELD.json_FeynmanICh13Eq4.in_normal_0.0_2023-05-29-052149
Successfully loaded summary data
Successfully loaded Hall of Fame data
Successfully loaded Pareto Front data
-- LOADING LOGS END ------------------

-- ANALYZING LOG START --------------
Task_____________regression
Source path______./log/regression_config_regression_GPMELD.json_FeynmanICh13Eq4.in_normal_0.0_2023-05-29-052149
Runs_____________1
Max Samples/run__15000
Success_rate_____0.0
Hall of Fame (Top 5 of 100)____
    0: S=000 R=0.682559 <-- [0.5070330012146583*x1*x3*(x3 - 0.07046560543322873) - 0.03510299716165826*x1*(-13.894741450274426 + 1/x4)*(x4**2 + 11.91400588661229 + 1/x4) + 0.00506388107583791*x1 + 0.00506388107583791*x3]
    1: S=000 R=0.682559 <-- [0.5070330012146583*x1*x3*(x3 - 0.07046560543322873) - 0.03510299716165826*x1*(-13.894741450274426 + 1/x4)*(x4**2 + 11.91400588661229 + 1/x4) + 0.00506388107583791*x1 + 0.00506388107583791*x3]
    2: S=000 R=0.682374 <-- [0.5066587984062565*x1*x3*(x3 + 0.8922051178094367) - 0.032663928843144834*x1*(-14.901672642531533 + 1/x4)*(-x3 + x4**2 + 11.95436370478073 + 1/x4) + 0.005131070695226266*x1 + 0.005131070695226266*x3]
    3: S=000 R=0.682374 <-- [0.5066587984062565*x1*x3*(x3 + 0.8922051178094367) - 0.032663928843144834*x1*(-14.901672642531533 + 1/x4)*(-x3 + x4**2 + 11.95436370478073 + 1/x4) + 0.005131070695226266*x1 + 0.005131070695226266*x3]
    4: S=000 R=0.680872 <-- [0.50558616724361728*x1*x3*(x3 + 0.8851591221269209) - 0.031132360829763091*x1*(-15.432422854887085 + 1/x4)*(x1 - x3 + x4**2 + 5.553726874046083 + 1/x4) + 0.004981785136875055*x1 + 0.004981785136875055*x3]
  Saving Hall of Fame plot to ./log/regression_config_regression_GPMELD.json_FeynmanICh13Eq4.in_normal_0.0_2023-05-29-052149/dso_regression_config_regression_GPMELD.json_FeynmanICh13Eq4.in_normal_0.0_plot_hof.png
Pareto Front (5 of 17)____
    0: S=000 R=0.682559 C=46.00 <-- [0.5070330012146583*x1*x3*(x3 - 0.07046560543322873) - 0.03510299716165826*x1*(-13.894741450274426 + 1/x4)*(x4**2 + 11.91400588661229 + 1/x4) + 0.00506388107583791*x1 + 0.00506388107583791*x3]
    1: S=000 R=0.680872 C=44.00 <-- [0.50558616724361728*x1*x3*(x3 + 0.8851591221269209) - 0.031132360829763091*x1*(-15.432422854887085 + 1/x4)*(x1 - x3 + x4**2 + 5.553726874046083 + 1/x4) + 0.004981785136875055*x1 + 0.004981785136875055*x3]
    2: S=000 R=0.676786 C=38.00 <-- [x1*(x1 + 0.479837041641608*x2*(x2 + 1.222365361635183*x3*(-0.037956240376307569*x1*x3 + 1.06806791167647*x3 - 0.10792737619940376)/x2))]
    3: S=000 R=0.675252 C=30.00 <-- [x1*(x1 + 0.47945706454990406*x2*(x2 + 0.99180639029692376*x3*(x3 - 0.1402015550499793)/x2))]
    4: S=000 R=0.675202 C=24.00 <-- [x1*(x1 + 0.479627562924694*x2*(x2 + 0.99079069370588409*x3**2/x2))]
  Saving Pareto Front plot to ./log/regression_config_regression_GPMELD.json_FeynmanICh13Eq4.in_normal_0.0_2023-05-29-052149/dso_regression_config_regression_GPMELD.json_FeynmanICh13Eq4.in_normal_0.0_plot_pf.png
-- ANALYZING LOG END ----------------
== POST-PROCESS END ===================
