debug /depot/yexiang/apps/jiang631/data/scibench/data/unencrypted/equations_feynman/FeynmanIIICh21Eq20.in
!!!!!!!!!!!!!!!!!!!!!!!!!!!!!i /depot/yexiang/apps/jiang631/data/scibench/data/unencrypted/equations_feynman/FeynmanIIICh21Eq20.in
['mul', -1, 'mul', 'X_0', 'mul', 'X_1', 'mul', 'X_2', 'pow', 'X_3', -1]
--------------------
eq_name 	 feynman-iii.21.20
num_vars 	 4
vars_range_and_types 	 [{"name": "LogUniform", "range": [1e+27, 1e+29], "only_positive": false}, {"name": "LogUniform", "range": [1e-11, 1e-09], "only_positive": true}, {"name": "LogUniform", "range": [0.001, 0.1], "only_positive": false}, {"name": "LogUniform", "range": [1e-30, 1e-28], "only_positive": true}]
function_set 	 ['add', 'sub', 'mul', 'div', 'sin', 'cos', 'exp', 'log', 'const']
eq_expression 	 mul,-1,mul,X_0,mul,X_1,mul,X_2,pow,X_3,-1
expr 	 -X_0*X_1*X_2/X_3
--------------------

== EXPERIMENT SETUP START ===========
Task type            : regression
Starting seed        : 0
Runs                 : 1
== EXPERIMENT SETUP END =============

== TRAINING SEED 0 START ============
self.dataX <dso.symbolic_data_generator.DataX object at 0x2ab9da54b2b0>, self.data_query_oracle: <dso.symbolic_equation_evaluator_public.Equation_evaluator object at 0x2ab9f95edda0>
generate dataset!
-- BUILDING PRIOR START -------------
WARNING: Skipping invalid 'RelationalConstraint' with arguments {'targets': [], 'effectors': [], 'relationship': None}. Reason: Prior disabled.
WARNING: Skipping invalid 'TrigConstraint' with arguments {}. Reason: There are no target Tokens.
WARNING: Skipping invalid 'UniformArityPrior' with arguments {}. Reason: Prior disabled.
WARNING: Skipping invalid 'LanguageModelPrior' with arguments {'weight': None}. Reason: Prior disabled.
LengthConstraint: Sequences have minimum length 4.
                  Sequences have maximum length 256.
RepeatConstraint: [const] cannot occur more than 10 times.
RelationalConstraint: [inv] cannot be a child of [inv].
ConstConstraint: [const] cannot be the only unique child of [inv, add, sub, mul, div].
NoInputsConstraint: Sequences contain at least one input variable Token.
SoftLengthPrior: No description available.
-- BUILDING PRIOR END ---------------

-- RUNNING EPOCHS START -------------
gen	iter	pop_size	nevals	uncached_size	best_val              	timer  
0  	0   	1024    	1024  	1024         	(-0.9999999999999998,)	1.96214
1  	1   	1024    	770   	674          	(-0.9999999999999998,)	0.516484
2  	2   	1024    	771   	677          	(-0.9999999999999998,)	0.878851
3  	3   	1024    	796   	706          	(-0.9999999999999998,)	1.38035 
4  	4   	1024    	771   	673          	(-0.9999999999999998,)	2.74137 
5  	5   	1024    	766   	661          	(-0.9999999999999998,)	4.1617  
6  	6   	1024    	732   	636          	(-0.9999999999999998,)	5.83393 
7  	7   	1024    	752   	646          	(-0.9999999999999998,)	3.88845 
8  	8   	1024    	760   	656          	(-0.9999999999999998,)	2.51828 
9  	9   	1024    	733   	621          	(-0.9999999999999998,)	2.73667 

--------------------------------------------------
GP Time: 26.8606

Unique expressions evaluated: 7913
Total expression evaluations: 7875
--------------------------------------------------

GP -> best program this epoch:

	Reward: 0.9999999999999998
	Count Off-policy: 1
	Count On-policy: 0
	Originally on Policy: False
	Invalid: False
	Traversal: inv,mul,x2,inv,mul,sub,x2,sub,x3,sub,add,x3,div,x2,inv,div,1.0,x1,add,mul,1.0,add,div,x1,div,inv,x2,add,x4,inv,div,x4,x3,x3,mul,x3,x1,x2
	Expression:
	          ⎛x₃     ⎞                     1.0⋅x₂
	  - x₁⋅x₂⋅⎜── + x₄⎟ - x₁⋅x₃ + x₂ - x₃ + ──────
	          ⎝x₄     ⎠                       x₁  

None

--------------------------------------------------

[00:00:00:29.29] Training epoch 1/14, current best R: 1.0000

	** New best
	Reward: 0.9999999999999998
	Count Off-policy: False
	Count On-policy: True
	Originally on Policy: True
	Invalid: False
	Traversal: mul,x1,sub,1.0,add,inv,div,x4,add,mul,x3,x2,x4,x4
	Expression:
	     ⎛            x₂⋅x₃ + x₄⎞
	  x₁⋅⎜-x₄ + 1.0 - ──────────⎟
	     ⎝                x₄    ⎠

[00:00:00:29.29] Early stopping criteria met; breaking early.
-- RUNNING EPOCHS END ---------------

-- EVALUATION START ----------------
Saving Hall of Fame to ./log/regression_config_regression_GPMELD.json_FeynmanIIICh21Eq20.in_normal_0.0_2023-05-29-051629/dso_regression_config_regression_GPMELD.json_FeynmanIIICh21Eq20.in_normal_0.0_0_hof.csv
Saving Pareto Front to ./log/regression_config_regression_GPMELD.json_FeynmanIIICh21Eq20.in_normal_0.0_2023-05-29-051629/dso_regression_config_regression_GPMELD.json_FeynmanIIICh21Eq20.in_normal_0.0_0_pf.csv
Invalid expressions: 130 of 8899 (1.5%).
Error type counts:
  reciprocal: 76 (58.5%)
  true_divide: 54 (41.5%)
Error node counts:
  divide: 130 (100.0%)
-- EVALUATION END ------------------
== TRAINING SEED 0 END ==============
INFO: Completed run 1 of 1 in 31 s

== POST-PROCESS START =================
-- LOADING LOGS START ----------------
json configure file: ./log/regression_config_regression_GPMELD.json_FeynmanIIICh21Eq20.in_normal_0.0_2023-05-29-051629
Successfully loaded summary data
Successfully loaded Hall of Fame data
Successfully loaded Pareto Front data
-- LOADING LOGS END ------------------

-- ANALYZING LOG START --------------
Task_____________regression
Source path______./log/regression_config_regression_GPMELD.json_FeynmanIIICh21Eq20.in_normal_0.0_2023-05-29-051629
Runs_____________1
Max Samples/run__15000
Success_rate_____1.0
Hall of Fame (Top 5 of 100)____
    0: S=000 R=1.000000 <-- [-1.0*x1*x2*x3/x4 + x1 + x2 - 2.0*x3 - x4]
    1: S=000 R=1.000000 <-- [-1.0*x1*x2*x3/x4 - x1*x3 + x2*x4 - x4]
    2: S=000 R=1.000000 <-- [-x1*x2*x3/x4 + x1 - x3 + x4 - 1 + 1.0*x3/(x1*x2)]
    3: S=000 R=1.000000 <-- [-x1*x2*x3/x4 + x4 - x4/x1]
    4: S=000 R=1.000000 <-- [-x1*x2*x3/x4 - (1.0*x1 + x2/x3)/(1.0*x1**2 - x2)]
  Saving Hall of Fame plot to ./log/regression_config_regression_GPMELD.json_FeynmanIIICh21Eq20.in_normal_0.0_2023-05-29-051629/dso_regression_config_regression_GPMELD.json_FeynmanIIICh21Eq20.in_normal_0.0_plot_hof.png
Pareto Front (4 of 4)____
    0: S=000 R=1.000000 C=14.00 <-- [-x1 + x2*x3*(-x1 + (-x1 + x4)/x4)]
    1: S=000 R=0.500028 C=10.00 <-- [0.0004757894845948519*x1*x2/x4 + x4]
    2: S=000 R=0.499998 C=8.00 <-- [1/(x2*x3*x4)]
    3: S=000 R=0.499998 C=5.00 <-- [1/(x2*x4)]
  Saving Pareto Front plot to ./log/regression_config_regression_GPMELD.json_FeynmanIIICh21Eq20.in_normal_0.0_2023-05-29-051629/dso_regression_config_regression_GPMELD.json_FeynmanIIICh21Eq20.in_normal_0.0_plot_pf.png
-- ANALYZING LOG END ----------------
== POST-PROCESS END ===================
