debug /depot/yexiang/apps/jiang631/data/scibench/data/unencrypted/equations_feynman/FeynmanBonus15.in
!!!!!!!!!!!!!!!!!!!!!!!!!!!!!i /depot/yexiang/apps/jiang631/data/scibench/data/unencrypted/equations_feynman/FeynmanBonus15.in
['mul', 'X_1', 'mul', 'pow', 'add', 1, 'mul', -1.11265005605362e-17, 'pow', 'X_0', 2, 0.5, 'pow', 'add', 1, 'mul', 3.33564095198152e-09, 'mul', 'X_0', 'cos', 'X_2', -1]
--------------------
eq_name 	 feynman-bonus.15
num_vars 	 3
vars_range_and_types 	 [{"name": "LogUniform", "range": [100000.0, 10000000.0], "only_positive": true}, {"name": "LogUniform", "range": [1000000000.0, 100000000000.0], "only_positive": true}, {"name": "Uniform", "range": [0, 6.283185307179586], "only_positive": true}]
function_set 	 ['add', 'sub', 'mul', 'div', 'sin', 'cos', 'exp', 'log', 'const']
eq_expression 	 mul,X_1,mul,pow,add,1,mul,-1.11265005605362e-17,pow,X_0,2,0.5,pow,add,1,mul,3.33564095198152e-09,mul,X_0,cos,X_2,-1
expr 	 X_1*sqrt(1 - 1.11265005605362e-17*X_0**2)/(3.33564095198152e-9*X_0*cos(X_2) + 1)
--------------------

== EXPERIMENT SETUP START ===========
Task type            : regression
Starting seed        : 0
Runs                 : 1
== EXPERIMENT SETUP END =============

== TRAINING SEED 0 START ============
self.dataX <dso.symbolic_data_generator.DataX object at 0x2ba930e2cc50>, self.data_query_oracle: <dso.symbolic_equation_evaluator_public.Equation_evaluator object at 0x2ba91769fd68>
generate dataset!
-- BUILDING PRIOR START -------------
WARNING: Skipping invalid 'RelationalConstraint' with arguments {'targets': [], 'effectors': [], 'relationship': None}. Reason: Prior disabled.
WARNING: Skipping invalid 'TrigConstraint' with arguments {}. Reason: There are no target Tokens.
WARNING: Skipping invalid 'UniformArityPrior' with arguments {}. Reason: Prior disabled.
WARNING: Skipping invalid 'LanguageModelPrior' with arguments {'weight': None}. Reason: Prior disabled.
LengthConstraint: Sequences have minimum length 4.
                  Sequences have maximum length 256.
RepeatConstraint: [const] cannot occur more than 10 times.
RelationalConstraint: [inv] cannot be a child of [inv].
ConstConstraint: [const] cannot be the only unique child of [inv, add, sub, mul, div].
NoInputsConstraint: Sequences contain at least one input variable Token.
SoftLengthPrior: No description available.
-- BUILDING PRIOR END ---------------

-- RUNNING EPOCHS START -------------
[00:00:00:02.33] Training epoch 1/14, current best R: 0.9898

	** New best
	Reward: 0.9897534980666813
	Count Off-policy: False
	Count On-policy: True
	Originally on Policy: True
	Invalid: False
	Traversal: sub,div,1.0000860719653875,inv,add,x2,x3,mul,0.0004336607382440996,mul,mul,x1,add,0.9999998667884421,x1,0.00043366073824408326
	Expression:
	  -1.8806163589441038e-7⋅x₁⋅(x₁ + 0.9999998667884421) + 1.0000860719653875⋅x₂ + 
	  1.0000860719653875⋅x₃

[00:00:00:04.10] Training epoch 2/14, current best R: 0.9898

	** New best
	Reward: 0.9897611538939184
	Count Off-policy: False
	Count On-policy: True
	Originally on Policy: True
	Invalid: False
	Traversal: sub,x2,add,mul,x3,mul,x1,x3,inv,div,div,mul,add,x2,1.0,1.8671069270365201,x2,x1
	Expression:
	                      x₁⋅x₂                           2     
	  - ────────────────────────────────────────── - x₁⋅x₃  + x₂
	    1.8671069270365201⋅x₂ + 1.8671069270365201              

[00:00:00:06.87] Training epoch 4/14, current best R: 0.9907

	** New best
	Reward: 0.9907139927354894
	Count Off-policy: False
	Count On-policy: True
	Originally on Policy: True
	Invalid: False
	Traversal: add,sub,x2,1.0,mul,add,mul,mul,x3,-7.645163807022134,add,x3,-4.698468808595141,inv,x2,x1
	Expression:
	     ⎛                                                 1 ⎞           
	  x₁⋅⎜-7.645163807022134⋅x₃⋅(x₃ - 4.698468808595141) + ──⎟ + x₂ - 1.0
	     ⎝                                                 x₂⎠           

[00:00:00:15.22] Training epoch 10/14, current best R: 0.9907
[00:00:00:21.16] Training epoch 14/14, current best R: 0.9920

	** New best
	Reward: 0.992013917184394
	Count Off-policy: False
	Count On-policy: True
	Originally on Policy: True
	Invalid: False
	Traversal: sub,sub,mul,sub,inv,mul,inv,div,x1,x1,sub,0.0016754225029804155,div,-0.9795428464487103,add,2.9424544346685897,x3,x3,x2,x2,x2
	Expression:
	     ⎛                             1                       ⎞       
	  x₂⋅⎜-x₃ + ───────────────────────────────────────────────⎟ - 2⋅x₂
	     ⎜                                 0.9795428464487103  ⎟       
	     ⎜      0.0016754225029804155 + ───────────────────────⎟       
	     ⎝                              x₃ + 2.9424544346685897⎠       

[00:00:00:21.17] Ending training after epoch 14/14, current best R: 0.9920
-- RUNNING EPOCHS END ---------------

-- EVALUATION START ----------------
Saving Hall of Fame to ./log/regression_config_regression_VPG.json_FeynmanBonus15.in_normal_0.0_2023-05-29-051640/dso_regression_config_regression_VPG.json_FeynmanBonus15.in_normal_0.0_0_hof.csv
Saving Pareto Front to ./log/regression_config_regression_VPG.json_FeynmanBonus15.in_normal_0.0_2023-05-29-051640/dso_regression_config_regression_VPG.json_FeynmanBonus15.in_normal_0.0_0_pf.csv
Invalid expressions: 310 of 14336 (2.2%).
Error type counts:
  reciprocal: 184 (59.4%)
  true_divide: 126 (40.6%)
Error node counts:
  divide: 310 (100.0%)
-- EVALUATION END ------------------
== TRAINING SEED 0 END ==============
INFO: Completed run 1 of 1 in 22 s

== POST-PROCESS START =================
-- LOADING LOGS START ----------------
json configure file: ./log/regression_config_regression_VPG.json_FeynmanBonus15.in_normal_0.0_2023-05-29-051640
Successfully loaded summary data
Successfully loaded Hall of Fame data
Successfully loaded Pareto Front data
-- LOADING LOGS END ------------------

-- ANALYZING LOG START --------------
Task_____________regression
Source path______./log/regression_config_regression_VPG.json_FeynmanBonus15.in_normal_0.0_2023-05-29-051640
Runs_____________1
Max Samples/run__15000
Success_rate_____0.0
Hall of Fame (Top 5 of 100)____
    0: S=000 R=0.992014 <-- [x2*(-x3 + 1/(0.0016754225029804155 + 0.9795428464487103/(x3 + 2.9424544346685897))) - 2*x2]
    1: S=000 R=0.990714 <-- [x1*(-7.645163807022134*x3*(x3 - 4.698468808595141) + 1/x2) + x2 - 1.0]
    2: S=000 R=0.989979 <-- [1.0000270898206465*x1*x3*(4.347002516128895 - x3) + 1.0000270898206465*x2 + 1.0000270898206465]
    3: S=000 R=0.989971 <-- [x1 + x2 + (0.0015055276863986593*x1 - 0.0015055276863986593*x2 + x3)/(x3 + 0.1248130660627668)]
    4: S=000 R=0.989838 <-- [0.7959977363891753*x2*(-0.7636360007152488*x1*x3**2/(-x1 + x2) + 1.2567709629836186)]
  Saving Hall of Fame plot to ./log/regression_config_regression_VPG.json_FeynmanBonus15.in_normal_0.0_2023-05-29-051640/dso_regression_config_regression_VPG.json_FeynmanBonus15.in_normal_0.0_plot_hof.png
Pareto Front (5 of 8)____
    0: S=000 R=0.992014 C=25.00 <-- [x2*(-x3 + 1/(0.0016754225029804155 + 0.9795428464487103/(x3 + 2.9424544346685897))) - 2*x2]
    1: S=000 R=0.990714 C=17.00 <-- [x1*(-7.645163807022134*x3*(x3 - 4.698468808595141) + 1/x2) + x2 - 1.0]
    2: S=000 R=0.989807 C=11.00 <-- [x2*(-4.42660552108922e-5*x3**2 - 4.241704417590599e-5) + x2]
    3: S=000 R=0.989756 C=10.00 <-- [x1/(1.0 + 1/x3) + x2]
    4: S=000 R=0.989753 C=9.00 <-- [-1.0000884721490734*x1 + 1.0000882367366848*x2 - 1.0000882367366848]
  Saving Pareto Front plot to ./log/regression_config_regression_VPG.json_FeynmanBonus15.in_normal_0.0_2023-05-29-051640/dso_regression_config_regression_VPG.json_FeynmanBonus15.in_normal_0.0_plot_pf.png
-- ANALYZING LOG END ----------------
== POST-PROCESS END ===================
