debug /depot/yexiang/apps/jiang631/data/scibench/data/unencrypted/equations_feynman/FeynmanIICh13Eq34.in
!!!!!!!!!!!!!!!!!!!!!!!!!!!!!i /depot/yexiang/apps/jiang631/data/scibench/data/unencrypted/equations_feynman/FeynmanIICh13Eq34.in
['mul', 'X_0', 'mul', 'X_1', 'pow', 'add', 1, 'mul', -1.11265005605362e-17, 'pow', 'X_1', 2, -0.5]
--------------------
eq_name 	 feynman-ii.13.34
num_vars 	 2
vars_range_and_types 	 [{"name": "LogUniform", "range": [1e+27, 1e+29], "only_positive": true}, {"name": "LogUniform", "range": [1000000.0, 100000000.0], "only_positive": true}]
function_set 	 ['add', 'sub', 'mul', 'div', 'sin', 'cos', 'exp', 'log', 'const']
eq_expression 	 mul,X_0,mul,X_1,pow,add,1,mul,-1.11265005605362e-17,pow,X_1,2,-0.5
expr 	 X_0*X_1/sqrt(1 - 1.11265005605362e-17*X_1**2)
--------------------

== EXPERIMENT SETUP START ===========
Task type            : regression
Starting seed        : 0
Runs                 : 1
== EXPERIMENT SETUP END =============

== TRAINING SEED 0 START ============
self.dataX <dso.symbolic_data_generator.DataX object at 0x2b1bf4a540b8>, self.data_query_oracle: <dso.symbolic_equation_evaluator_public.Equation_evaluator object at 0x2b1c13af6da0>
generate dataset!
-- BUILDING PRIOR START -------------
WARNING: Skipping invalid 'RelationalConstraint' with arguments {'targets': [], 'effectors': [], 'relationship': None}. Reason: Prior disabled.
WARNING: Skipping invalid 'TrigConstraint' with arguments {}. Reason: There are no target Tokens.
WARNING: Skipping invalid 'UniformArityPrior' with arguments {}. Reason: Prior disabled.
WARNING: Skipping invalid 'LanguageModelPrior' with arguments {'weight': None}. Reason: Prior disabled.
LengthConstraint: Sequences have minimum length 4.
                  Sequences have maximum length 256.
RepeatConstraint: [const] cannot occur more than 10 times.
RelationalConstraint: [inv] cannot be a child of [inv].
ConstConstraint: [const] cannot be the only unique child of [inv, add, sub, mul, div].
NoInputsConstraint: Sequences contain at least one input variable Token.
SoftLengthPrior: No description available.
-- BUILDING PRIOR END ---------------

-- RUNNING EPOCHS START -------------
gen	iter	pop_size	nevals	uncached_size	best_val              	timer  
0  	0   	1024    	1024  	1024         	(-0.9814462058787192,)	1.77906
1  	1   	1024    	756   	637          	(-0.9814462058787192,)	0.420414
2  	2   	1024    	741   	627          	(-0.9814462058787475,)	0.590893
3  	3   	1024    	785   	640          	(-0.9814462175888737,)	0.626565
4  	4   	1024    	774   	591          	(-0.9814462179266203,)	0.795985
5  	5   	1024    	750   	571          	(-0.9961227304129232,)	0.89163 
6  	6   	1024    	783   	582          	(-0.9961227304129232,)	0.906589
7  	7   	1024    	771   	565          	(-0.9961227304129232,)	1.08805 
8  	8   	1024    	774   	528          	(-0.9961227304129232,)	1.42581 
9  	9   	1024    	771   	551          	(-0.9961227304129232,)	1.62753 

--------------------------------------------------
GP Time: 10.4145

Unique expressions evaluated: 7226
Total expression evaluations: 7929
--------------------------------------------------

GP -> best program this epoch:

	Reward: 0.9961227304129232
	Count Off-policy: 1
	Count On-policy: 0
	Originally on Policy: False
	Invalid: False
	Traversal: sub,x2,div,div,x1,div,add,x2,sub,-554.9246361294781,mul,add,x2,556.9789798305611,0.9999992366659572,x2,0.0009157306950927912
	Expression:
	              1092.024112939307⋅x₁⋅x₂               
	  - ─────────────────────────────────────────── + x₂
	    7.633340427942725e-7⋅x₂ - 1111.903190799023     

None

--------------------------------------------------

[00:00:00:13.14] Training epoch 1/14, current best R: 0.9961

	** New best
	Reward: 0.9961227304129232
	Count Off-policy: 1
	Count On-policy: 0
	Originally on Policy: False
	Invalid: False
	Traversal: sub,x2,div,div,x1,div,add,x2,sub,-554.9246361294781,mul,add,x2,556.9789798305611,0.9999992366659572,x2,0.0009157306950927912
	Expression:
	              1092.024112939307⋅x₁⋅x₂               
	  - ─────────────────────────────────────────── + x₂
	    7.633340427942725e-7⋅x₂ - 1111.903190799023     

10 	0   	1024    	1024  	1017         	(-0.9814462062165021,)	0.514337
11 	1   	1024    	771   	636          	(-0.9814462062165021,)	0.734257
12 	2   	1024    	787   	664          	(-0.9836433661425805,)	0.707179
13 	3   	1024    	769   	659          	(-0.9836433661425805,)	0.828402
14 	4   	1024    	760   	624          	(-0.9836433661425805,)	4.12515 
15 	5   	1024    	784   	643          	(-0.9836433661425805,)	1.28163 
16 	6   	1024    	786   	622          	(-0.9836433661425822,)	1.26983 
17 	7   	1024    	791   	662          	(-0.9836433661425822,)	2.25701 
18 	8   	1024    	777   	644          	(-0.9836433661425854,)	5.22626 
19 	9   	1024    	761   	622          	(-0.983643367242369,) 	5.92332 

--------------------------------------------------
GP Time: 23.1326

Unique expressions evaluated: 14949
Total expression evaluations: 15939
--------------------------------------------------

GP -> best program this epoch:

	Reward: 0.983643367242369
	Count Off-policy: 1
	Count On-policy: 0
	Originally on Policy: False
	Invalid: False
	Traversal: div,sub,add,mul,div,div,x2,1.0,div,x1,1.0,div,x1,mul,mul,x1,1.0,mul,x2,x1,mul,x1,div,mul,add,x2,add,0.9998083202184653,inv,mul,div,sub,inv,div,sub,x1,x2,x1,1.0001537566876928,1.9659300677658336,0.036589103039620464,x2,add,1.000007841207954,x2,add,mul,1.0001995041518315,add,x1,x1,x1,0.9644442779012138
	Expression:
	                          ⎛                                                1    
	  1.036866538496305⋅x₁⋅x₂⋅⎜x₂ + 0.9998083202184653 + ───────────────────────────
	                          ⎜                          0.018611599486446572⋅x₁    
	                          ⎜                          ─────────────────────── - 0
	                          ⎝                                  x₁ - x₂            
	  ──────────────────────────────────────────────────────────────────────────────
	                                        x₂ + 1.000007841207954                  
                                                                              

	                     ⎞                                            
	  ───────────────────⎟                                            
	                     ⎟                                            
	  .018614461144336273⎟                                            
	                     ⎠                           1.036866538496305
	  ──────────────────── - 3.1110133338475654⋅x₁ + ─────────────────
	                                                          2       
	                                                        x₁        

None

--------------------------------------------------

-- RUNNING EPOCHS END ---------------

-- EVALUATION START ----------------
Saving Hall of Fame to ./log/regression_config_regression_GPMELD.json_FeynmanIICh13Eq34.in_normal_0.0_2023-05-29-052404/dso_regression_config_regression_GPMELD.json_FeynmanIICh13Eq34.in_normal_0.0_0_hof.csv
Saving Pareto Front to ./log/regression_config_regression_GPMELD.json_FeynmanIICh13Eq34.in_normal_0.0_2023-05-29-052404/dso_regression_config_regression_GPMELD.json_FeynmanIICh13Eq34.in_normal_0.0_0_pf.csv
Invalid expressions: 465 of 17987 (2.6%).
Error type counts:
  true_divide: 181 (38.9%)
  reciprocal: 284 (61.1%)
Error node counts:
  divide: 462 (99.4%)
  invalid: 3 (0.6%)
-- EVALUATION END ------------------
== TRAINING SEED 0 END ==============
INFO: Completed run 1 of 1 in 42 s

== POST-PROCESS START =================
-- LOADING LOGS START ----------------
json configure file: ./log/regression_config_regression_GPMELD.json_FeynmanIICh13Eq34.in_normal_0.0_2023-05-29-052404
Successfully loaded summary data
Successfully loaded Hall of Fame data
Successfully loaded Pareto Front data
-- LOADING LOGS END ------------------

-- ANALYZING LOG START --------------
Task_____________regression
Source path______./log/regression_config_regression_GPMELD.json_FeynmanIICh13Eq34.in_normal_0.0_2023-05-29-052404
Runs_____________1
Max Samples/run__15000
Success_rate_____0.0
Hall of Fame (Top 5 of 100)____
    0: S=000 R=0.996123 <-- [-1092.024112939307*x1*x2/(7.633340427942725e-7*x2 - 1111.903190799023) + x2]
    1: S=000 R=0.996123 <-- [-1092.024112939307*x1*x2/(7.633340427942725e-7*x2 - 1111.903190799023) + x2]
    2: S=000 R=0.996122 <-- [-1091.86804250045*x1*x2/(7.652010037967338e-7*x2 - 1111.920835833198) + 1.0]
    3: S=000 R=0.996122 <-- [-1091.86804250045*x1*x2/(7.652010037967338e-7*x2 - 1111.920835833198) + 1.0]
    4: S=000 R=0.983643 <-- [1.036866538496305*x1*x2*(x2 + 0.9998083202184653 + 1/(0.018611599486446572*x1/(x1 - x2) - 0.018614461144336273))/(x2 + 1.000007841207954) - 3.1110133338475654*x1 + 1.036866538496305/x1**2]
  Saving Hall of Fame plot to ./log/regression_config_regression_GPMELD.json_FeynmanIICh13Eq34.in_normal_0.0_2023-05-29-052404/dso_regression_config_regression_GPMELD.json_FeynmanIICh13Eq34.in_normal_0.0_plot_hof.png
Pareto Front (5 of 9)____
    0: S=000 R=0.996123 C=20.00 <-- [-1092.024112939307*x1*x2/(7.633340427942725e-7*x2 - 1111.903190799023) + x2]
    1: S=000 R=0.981446 C=19.00 <-- [1.029699503221287*x1*(x2 - 1.0000000402407339) - 3.0442235963934726*x1]
    2: S=000 R=0.981446 C=17.00 <-- [1.029699503196583*x1*(x2 - 1.0000000452039504) - 3.044223541579766*x1]
    3: S=000 R=0.981446 C=16.00 <-- [1.029699483669683*x1*(x2 - 1.0000000293775069) - 2.0593989975893699*x1 + 1.029699483669683*x2]
    4: S=000 R=0.981446 C=15.00 <-- [1.029699482979277*x1*(x2 - 1.0000000767203119) - 2.02948227210306*x1]
  Saving Pareto Front plot to ./log/regression_config_regression_GPMELD.json_FeynmanIICh13Eq34.in_normal_0.0_2023-05-29-052404/dso_regression_config_regression_GPMELD.json_FeynmanIICh13Eq34.in_normal_0.0_plot_pf.png
-- ANALYZING LOG END ----------------
== POST-PROCESS END ===================
