debug /depot/yexiang/apps/jiang631/data/scibench/data/unencrypted/equations_feynman/FeynmanIICh11Eq28.in
!!!!!!!!!!!!!!!!!!!!!!!!!!!!!i /depot/yexiang/apps/jiang631/data/scibench/data/unencrypted/equations_feynman/FeynmanIICh11Eq28.in
['add', 1, 'mul', 'X_0', 'mul', 'X_1', 'pow', 'add', 1, 'mul', -0.3333333333333333, 'mul', 'X_0', 'X_1', -1]
--------------------
eq_name 	 feynman-ii.11.28
num_vars 	 2
vars_range_and_types 	 [{"name": "LogUniform", "range": [1e+23, 1e+25], "only_positive": true}, {"name": "LogUniform", "range": [1e-33, 1e-31], "only_positive": true}]
function_set 	 ['add', 'sub', 'mul', 'div', 'sin', 'cos', 'exp', 'log', 'const']
eq_expression 	 add,1,mul,X_0,mul,X_1,pow,add,1,mul,-0.3333333333333333,mul,X_0,X_1,-1
expr 	 X_0*X_1/(-X_0*X_1/3 + 1) + 1
--------------------

== EXPERIMENT SETUP START ===========
Task type            : regression
Starting seed        : 0
Runs                 : 1
== EXPERIMENT SETUP END =============

== TRAINING SEED 0 START ============
self.dataX <dso.symbolic_data_generator.DataX object at 0x2b7abf870048>, self.data_query_oracle: <dso.symbolic_equation_evaluator_public.Equation_evaluator object at 0x2b7ade911da0>
generate dataset!
-- BUILDING PRIOR START -------------
WARNING: Skipping invalid 'RelationalConstraint' with arguments {'targets': [], 'effectors': [], 'relationship': None}. Reason: Prior disabled.
WARNING: Skipping invalid 'TrigConstraint' with arguments {}. Reason: There are no target Tokens.
WARNING: Skipping invalid 'UniformArityPrior' with arguments {}. Reason: Prior disabled.
WARNING: Skipping invalid 'LanguageModelPrior' with arguments {'weight': None}. Reason: Prior disabled.
LengthConstraint: Sequences have minimum length 4.
                  Sequences have maximum length 256.
RepeatConstraint: [const] cannot occur more than 10 times.
RelationalConstraint: [inv] cannot be a child of [inv].
ConstConstraint: [const] cannot be the only unique child of [inv, add, sub, mul, div].
NoInputsConstraint: Sequences contain at least one input variable Token.
SoftLengthPrior: No description available.
-- BUILDING PRIOR END ---------------

-- RUNNING EPOCHS START -------------
gen	iter	pop_size	nevals	uncached_size	best_val              	timer  
0  	0   	1024    	1024  	1024         	(-0.9999998185130988,)	2.27853
1  	1   	1024    	761   	623          	(-0.9999998185130988,)	0.838966
2  	2   	1024    	783   	657          	(-0.9999999185798287,)	1.92036 
3  	3   	1024    	788   	622          	(-0.9999999185798287,)	3.15693 
4  	4   	1024    	787   	611          	(-0.9999999185798287,)	3.69413 
5  	5   	1024    	770   	585          	(-0.9999999185798287,)	4.08109 
6  	6   	1024    	806   	560          	(-0.9999999185798287,)	3.54971 
7  	7   	1024    	759   	525          	(-0.9999999186342279,)	2.90464 
8  	8   	1024    	764   	512          	(-0.9999999186342279,)	3.12582 
9  	9   	1024    	752   	500          	(-0.9999999186342279,)	3.06758 

--------------------------------------------------
GP Time: 28.8714

Unique expressions evaluated: 7149
Total expression evaluations: 7994
--------------------------------------------------

GP -> best program this epoch:

	Reward: 0.9999999186342279
	Count Off-policy: 1
	Count On-policy: 0
	Originally on Policy: False
	Invalid: False
	Traversal: add,div,x2,x2,add,x2,add,x2,div,sub,mul,x1,x2,x2,div,div,add,x1,1.0,x1,1.0000001463451291
	Expression:
	  1.0000001463451291⋅x₁⋅(x₁⋅x₂ - x₂)           
	  ────────────────────────────────── + 2⋅x₂ + 1
	               x₁ + 1.0                        

None

--------------------------------------------------

[00:00:00:31.48] Training epoch 1/14, current best R: 1.0000

	** New best
	Reward: 0.9999999186342279
	Count Off-policy: 1
	Count On-policy: 0
	Originally on Policy: False
	Invalid: False
	Traversal: add,div,x2,x2,add,x2,add,x2,div,sub,mul,x1,x2,x2,div,div,add,x1,1.0,x1,1.0000001463451291
	Expression:
	  1.0000001463451291⋅x₁⋅(x₁⋅x₂ - x₂)           
	  ────────────────────────────────── + 2⋅x₂ + 1
	               x₁ + 1.0                        

[00:00:00:31.48] Early stopping criteria met; breaking early.
-- RUNNING EPOCHS END ---------------

-- EVALUATION START ----------------
Saving Hall of Fame to ./log/regression_config_regression_GPMELD.json_FeynmanIICh11Eq28.in_normal_0.0_2023-05-29-051720/dso_regression_config_regression_GPMELD.json_FeynmanIICh11Eq28.in_normal_0.0_0_hof.csv
Saving Pareto Front to ./log/regression_config_regression_GPMELD.json_FeynmanIICh11Eq28.in_normal_0.0_2023-05-29-051720/dso_regression_config_regression_GPMELD.json_FeynmanIICh11Eq28.in_normal_0.0_0_pf.csv
Invalid expressions: 303 of 9018 (3.4%).
Error type counts:
  reciprocal: 195 (64.4%)
  true_divide: 108 (35.6%)
Error node counts:
  divide: 301 (99.3%)
  invalid: 2 (0.7%)
-- EVALUATION END ------------------
== TRAINING SEED 0 END ==============
INFO: Completed run 1 of 1 in 33 s

== POST-PROCESS START =================
-- LOADING LOGS START ----------------
json configure file: ./log/regression_config_regression_GPMELD.json_FeynmanIICh11Eq28.in_normal_0.0_2023-05-29-051720
Successfully loaded summary data
Successfully loaded Hall of Fame data
Successfully loaded Pareto Front data
-- LOADING LOGS END ------------------

-- ANALYZING LOG START --------------
Task_____________regression
Source path______./log/regression_config_regression_GPMELD.json_FeynmanIICh11Eq28.in_normal_0.0_2023-05-29-051720
Runs_____________1
Max Samples/run__15000
Success_rate_____1.0
Hall of Fame (Top 5 of 100)____
    0: S=000 R=1.000000 <-- [1.0000001463451291*x1*x2 + 1]
    1: S=000 R=1.000000 <-- [1.0000001463451291*x1*(x1*x2 - x2)/(x1 + 1.0) + 2*x2 + 1]
    2: S=000 R=1.000000 <-- [1.0000001463451291*x1*(x1*x2 - x2)/(x1 + 1.0) + 2*x2 + 1]
    3: S=000 R=1.000000 <-- [1.0000001463451291*x1*x2 + 1]
    4: S=000 R=1.000000 <-- [x2*(x1/(1.0*x2 + 0.9999998503215407) - x2 - 1.0 + 1/x2)]
  Saving Hall of Fame plot to ./log/regression_config_regression_GPMELD.json_FeynmanIICh11Eq28.in_normal_0.0_2023-05-29-051720/dso_regression_config_regression_GPMELD.json_FeynmanIICh11Eq28.in_normal_0.0_plot_hof.png
Pareto Front (2 of 2)____
    0: S=000 R=1.000000 C=16.00 <-- [1.0000001463451291*x1*x2 + 1]
    1: S=000 R=1.000000 C=5.00 <-- [x1*x2 + 1.0]
  Saving Pareto Front plot to ./log/regression_config_regression_GPMELD.json_FeynmanIICh11Eq28.in_normal_0.0_2023-05-29-051720/dso_regression_config_regression_GPMELD.json_FeynmanIICh11Eq28.in_normal_0.0_plot_pf.png
-- ANALYZING LOG END ----------------
== POST-PROCESS END ===================
