debug /depot/yexiang/apps/jiang631/data/scibench/data/unencrypted/equations_feynman/FeynmanIICh8Eq7.in
!!!!!!!!!!!!!!!!!!!!!!!!!!!!!i /depot/yexiang/apps/jiang631/data/scibench/data/unencrypted/equations_feynman/FeynmanIICh8Eq7.in
['mul', 16941495369.3246, 'mul', 'pow', 3.141592653589793, -1, 'mul', 'pow', 'X_0', 2, 'pow', 'X_1', -1]
--------------------
eq_name 	 feynman-ii.8.7
num_vars 	 2
vars_range_and_types 	 [{"name": "LogUniform", "range": [1e-11, 1e-09], "only_positive": false}, {"name": "LogUniform", "range": [1e-12, 1e-10], "only_positive": true}]
function_set 	 ['add', 'sub', 'mul', 'div', 'sin', 'cos', 'exp', 'log', 'const']
eq_expression 	 mul,16941495369.3246,mul,pow,3.141592653589793,-1,mul,pow,X_0,2,pow,X_1,-1
expr 	 16941495369.3246*X_0**2/(pi*X_1)
--------------------

== EXPERIMENT SETUP START ===========
Task type            : regression
Starting seed        : 0
Runs                 : 1
== EXPERIMENT SETUP END =============

== TRAINING SEED 0 START ============
self.dataX <dso.symbolic_data_generator.DataX object at 0x2ba9d4c4a908>, self.data_query_oracle: <dso.symbolic_equation_evaluator_public.Equation_evaluator object at 0x2ba9bb3f0d68>
generate dataset!
-- BUILDING PRIOR START -------------
WARNING: Skipping invalid 'RelationalConstraint' with arguments {'targets': [], 'effectors': [], 'relationship': None}. Reason: Prior disabled.
WARNING: Skipping invalid 'TrigConstraint' with arguments {}. Reason: There are no target Tokens.
WARNING: Skipping invalid 'UniformArityPrior' with arguments {}. Reason: Prior disabled.
WARNING: Skipping invalid 'LanguageModelPrior' with arguments {'weight': None}. Reason: Prior disabled.
LengthConstraint: Sequences have minimum length 4.
                  Sequences have maximum length 256.
RepeatConstraint: [const] cannot occur more than 10 times.
RelationalConstraint: [inv] cannot be a child of [inv].
ConstConstraint: [const] cannot be the only unique child of [inv, add, sub, mul, div].
NoInputsConstraint: Sequences contain at least one input variable Token.
SoftLengthPrior: No description available.
-- BUILDING PRIOR END ---------------

-- RUNNING EPOCHS START -------------
[00:00:00:03.29] Training epoch 1/14, current best R: 0.7418

	** New best
	Reward: 0.741754684207537
	Count Off-policy: False
	Count On-policy: True
	Originally on Policy: True
	Invalid: False
	Traversal: div,div,add,x1,div,x1,x2,div,mul,137.28098475768883,inv,x2,add,x1,x2,mul,x2,x2
	Expression:
	                                  ⎛     x₁⎞
	  0.0072843300313227978⋅(x₁ + x₂)⋅⎜x₁ + ──⎟
	                                  ⎝     x₂⎠
	  ─────────────────────────────────────────
	                      x₂                   

[00:00:00:06.25] Training epoch 2/14, current best R: 0.7418

	** New best
	Reward: 0.7418238915970179
	Count Off-policy: False
	Count On-policy: True
	Originally on Policy: True
	Invalid: False
	Traversal: inv,mul,mul,mul,mul,mul,inv,mul,x1,x1,2.8721874576368664,2.8721874576368664,div,add,add,div,x1,0.06397366321764807,x2,x1,x1,x2,x2
	Expression:
	                            3    
	       0.1212200439807185⋅x₁     
	  ───────────────────────────────
	    2                            
	  x₂ ⋅(16.63143252556679⋅x₁ + x₂)

[00:00:00:08.15] Training epoch 3/14, current best R: 0.7419

	** New best
	Reward: 0.7418793544528088
	Count Off-policy: False
	Count On-policy: True
	Originally on Policy: True
	Invalid: False
	Traversal: mul,div,x1,div,x2,x1,div,sub,x1,x2,inv,div,sub,x2,div,-0.007289859438726731,x1,x2
	Expression:
	    2           ⎛     0.007289859438726731⎞
	  x₁ ⋅(x₁ - x₂)⋅⎜x₂ + ────────────────────⎟
	                ⎝              x₁         ⎠
	  ─────────────────────────────────────────
	                       2                   
	                     x₂                    

[00:00:00:10.31] Training epoch 4/14, current best R: 0.7508

	** New best
	Reward: 0.7508339483145999
	Count Off-policy: False
	Count On-policy: True
	Originally on Policy: True
	Invalid: False
	Traversal: add,43.488322688641226,mul,mul,sub,div,x1,1.0,add,div,add,div,div,-0.015307874293470088,x2,2.151782471180598,x2,x2,x1,x1,x1
	Expression:
	      2 ⎛     0.0071140435887421567⎞                     
	    x₁ ⋅⎜x₂ - ─────────────────────⎟                     
	        ⎝               x₂         ⎠                     
	  - ──────────────────────────────── + 43.488322688641226
	                   x₂                                    

[00:00:00:15.84] Training epoch 7/14, current best R: 0.7831

	** New best
	Reward: 0.7830574944578317
	Count Off-policy: False
	Count On-policy: True
	Originally on Policy: True
	Invalid: False
	Traversal: sub,div,5906.700604169821,div,add,div,mul,div,x2,div,sub,mul,x1,inv,x2,x1,x1,428587.9577486062,x1,x1,x1,x1
	Expression:
	           5906.700604169821⋅x₁  
	  -x₁ + ─────────────────────────
	             428587.9577486062⋅x₂
	        x₁ + ────────────────────
	                         x₁      
	                   -x₁ + ──      
	                         x₂      

[00:00:00:22.25] Training epoch 10/14, current best R: 0.7831
[00:00:00:30.62] Ending training after epoch 14/14, current best R: 0.7831
-- RUNNING EPOCHS END ---------------

-- EVALUATION START ----------------
Saving Hall of Fame to ./log/regression_config_regression_VPG.json_FeynmanIICh8Eq7.in_normal_0.0_2023-05-29-051621/dso_regression_config_regression_VPG.json_FeynmanIICh8Eq7.in_normal_0.0_0_hof.csv
Saving Pareto Front to ./log/regression_config_regression_VPG.json_FeynmanIICh8Eq7.in_normal_0.0_2023-05-29-051621/dso_regression_config_regression_VPG.json_FeynmanIICh8Eq7.in_normal_0.0_0_pf.csv
Invalid expressions: 497 of 14336 (3.5%).
Error type counts:
  reciprocal: 292 (58.8%)
  true_divide: 205 (41.2%)
Error node counts:
  divide: 494 (99.4%)
  invalid: 3 (0.6%)
-- EVALUATION END ------------------
== TRAINING SEED 0 END ==============
INFO: Completed run 1 of 1 in 32 s

== POST-PROCESS START =================
-- LOADING LOGS START ----------------
json configure file: ./log/regression_config_regression_VPG.json_FeynmanIICh8Eq7.in_normal_0.0_2023-05-29-051621
Successfully loaded summary data
Successfully loaded Hall of Fame data
Successfully loaded Pareto Front data
-- LOADING LOGS END ------------------

-- ANALYZING LOG START --------------
Task_____________regression
Source path______./log/regression_config_regression_VPG.json_FeynmanIICh8Eq7.in_normal_0.0_2023-05-29-051621
Runs_____________1
Max Samples/run__15000
Success_rate_____0.0
Hall of Fame (Top 5 of 100)____
    0: S=000 R=0.783057 <-- [-x1 + 5906.700604169821*x1/(x1 + 428587.9577486062*x2/(-x1 + x1/x2))]
    1: S=000 R=0.750834 <-- [43.499216302771295 + (-0.009452212574538885*x2 + 0.009452212574538885/(1.328671322141596*x1 + 0.33940959169562143 + 1.328671322141596*x2/x1**2))/x2]
    2: S=000 R=0.750834 <-- [-x1**2*(x2 - 0.0071140435887421567/x2)/x2 + 43.488322688641226]
    3: S=000 R=0.750833 <-- [x1/(x2*(x2 + 140.52741543762184*x2/x1)) + 43.901984345442294]
    4: S=000 R=0.742216 <-- [(x1/(x2*(x1 - x2 + 137.32848032170205/x1)) + x2)/x2]
  Saving Hall of Fame plot to ./log/regression_config_regression_VPG.json_FeynmanIICh8Eq7.in_normal_0.0_2023-05-29-051621/dso_regression_config_regression_VPG.json_FeynmanIICh8Eq7.in_normal_0.0_plot_hof.png
Pareto Front (5 of 12)____
    0: S=000 R=0.783057 C=28.00 <-- [-x1 + 5906.700604169821*x1/(x1 + 428587.9577486062*x2/(-x1 + x1/x2))]
    1: S=000 R=0.750834 C=27.00 <-- [43.499216302771295 + (-0.009452212574538885*x2 + 0.009452212574538885/(1.328671322141596*x1 + 0.33940959169562143 + 1.328671322141596*x2/x1**2))/x2]
    2: S=000 R=0.750834 C=25.00 <-- [-x1**2*(x2 - 0.0071140435887421567/x2)/x2 + 43.488322688641226]
    3: S=000 R=0.742216 C=22.00 <-- [(x1/(x2*(x1 - x2 + 137.32848032170205/x1)) + x2)/x2]
    4: S=000 R=0.741823 C=20.00 <-- [0.0072884900472584*x1 + 0.0072884900472584*(x1**2/x2 + x2)/x2]
  Saving Pareto Front plot to ./log/regression_config_regression_VPG.json_FeynmanIICh8Eq7.in_normal_0.0_2023-05-29-051621/dso_regression_config_regression_VPG.json_FeynmanIICh8Eq7.in_normal_0.0_plot_pf.png
-- ANALYZING LOG END ----------------
== POST-PROCESS END ===================
