debug /depot/yexiang/apps/jiang631/data/scibench/data/unencrypted/equations_feynman/FeynmanICh30Eq5.in
!!!!!!!!!!!!!!!!!!!!!!!!!!!!!i /depot/yexiang/apps/jiang631/data/scibench/data/unencrypted/equations_feynman/FeynmanICh30Eq5.in
['mul', 'X_0', 'mul', 'pow', 'X_1', -1, 'pow', 'sin', 'X_2', -1]
--------------------
eq_name 	 feynman-i.30.5
num_vars 	 3
vars_range_and_types 	 [{"name": "LogUniform", "range": [1e-11, 1e-09], "only_positive": true}, {"name": "IntegerUniform", "range": [1, 100], "only_positive": true}, {"name": "Uniform", "range": [0, 6.283185307179586], "only_positive": true}]
function_set 	 ['add', 'sub', 'mul', 'div', 'sin', 'cos', 'exp', 'log', 'const']
eq_expression 	 mul,X_0,mul,pow,X_1,-1,pow,sin,X_2,-1
expr 	 X_0/(X_1*sin(X_2))
--------------------

== EXPERIMENT SETUP START ===========
Task type            : regression
Starting seed        : 0
Runs                 : 1
== EXPERIMENT SETUP END =============

== TRAINING SEED 0 START ============
self.dataX <dso.symbolic_data_generator.DataX object at 0x2b2f507d40b8>, self.data_query_oracle: <dso.symbolic_equation_evaluator_public.Equation_evaluator object at 0x2b2f6f875cf8>
generate dataset!
-- BUILDING PRIOR START -------------
WARNING: Skipping invalid 'RelationalConstraint' with arguments {'targets': [], 'effectors': [], 'relationship': None}. Reason: Prior disabled.
WARNING: Skipping invalid 'TrigConstraint' with arguments {}. Reason: There are no target Tokens.
WARNING: Skipping invalid 'UniformArityPrior' with arguments {}. Reason: Prior disabled.
WARNING: Skipping invalid 'LanguageModelPrior' with arguments {'weight': None}. Reason: Prior disabled.
LengthConstraint: Sequences have minimum length 4.
                  Sequences have maximum length 256.
RepeatConstraint: [const] cannot occur more than 10 times.
RelationalConstraint: [inv] cannot be a child of [inv].
ConstConstraint: [const] cannot be the only unique child of [inv, add, sub, mul, div].
NoInputsConstraint: Sequences contain at least one input variable Token.
SoftLengthPrior: No description available.
-- BUILDING PRIOR END ---------------

-- RUNNING EPOCHS START -------------
[00:00:00:02.18] Training epoch 1/14, current best R: 0.5001

	** New best
	Reward: 0.5000835168107519
	Count Off-policy: False
	Count On-policy: True
	Originally on Policy: True
	Invalid: False
	Traversal: div,inv,sub,div,1.0,div,x1,add,add,x3,x2,mul,mul,x2,1.0,add,x1,x1,x1,x3
	Expression:
	                   1                  
	  ────────────────────────────────────
	     ⎛      1.0⋅(2.0⋅x₁⋅x₂ + x₂ + x₃)⎞
	  x₃⋅⎜-x₁ + ─────────────────────────⎟
	     ⎝                  x₁           ⎠

[00:00:00:03.62] Training epoch 2/14, current best R: 0.5001

	** New best
	Reward: 0.5000951481833145
	Count Off-policy: False
	Count On-policy: True
	Originally on Policy: True
	Invalid: False
	Traversal: mul,sub,div,add,x3,0.5009095665216398,sub,2.2885721182927306,x2,sub,mul,add,x3,x1,x1,x1,x1
	Expression:
	     ⎛                     x₃ + 0.5009095665216398⎞
	  x₁⋅⎜-x₁⋅(x₁ + x₃) + x₁ + ───────────────────────⎟
	     ⎝                     2.2885721182927306 - x₂⎠

[00:00:00:05.85] Training epoch 4/14, current best R: 0.5001

	** New best
	Reward: 0.5000977724425049
	Count Off-policy: False
	Count On-policy: True
	Originally on Policy: True
	Invalid: False
	Traversal: div,div,div,x3,x3,sub,x2,2.337778272110903,div,inv,x3,mul,-1.4177706671695534,x1
	Expression:
	  -1.4177706671695534⋅x₁⋅x₃ 
	  ──────────────────────────
	    x₂ - 2.337778272110903  

[00:00:00:06.94] Training epoch 5/14, current best R: 0.5001

	** New best
	Reward: 0.5001010749976216
	Count Off-policy: False
	Count On-policy: True
	Originally on Policy: True
	Invalid: False
	Traversal: inv,sub,div,inv,x1,inv,add,0.8865561595235707,mul,sub,1.0599440869445627,sub,x3,x2,x2,x3
	Expression:
	                               1                              
	  ────────────────────────────────────────────────────────────
	        x₂⋅(x₂ - x₃ + 1.0599440869445627) + 0.8865561595235707
	  -x₃ + ──────────────────────────────────────────────────────
	                                  x₁                          

[00:00:00:12.68] Training epoch 10/14, current best R: 0.5001
[00:00:00:13.72] Training epoch 11/14, current best R: 0.5003

	** New best
	Reward: 0.500288492852041
	Count Off-policy: False
	Count On-policy: True
	Originally on Policy: True
	Invalid: False
	Traversal: inv,div,x2,div,mul,mul,x3,mul,mul,x3,0.8688468851343599,sub,div,5.321826811628698,x2,x3,x1,1.5989261435634945
	Expression:
	                          2 ⎛      5.321826811628698⎞
	  0.5433940076794156⋅x₁⋅x₃ ⋅⎜-x₃ + ─────────────────⎟
	                            ⎝              x₂       ⎠
	  ───────────────────────────────────────────────────
	                           x₂                        

[00:00:00:17.36] Ending training after epoch 14/14, current best R: 0.5003
-- RUNNING EPOCHS END ---------------

-- EVALUATION START ----------------
Saving Hall of Fame to ./log/regression_config_regression_DSR.json_FeynmanICh30Eq5.in_normal_0.0_2023-05-29-051650/dso_regression_config_regression_DSR.json_FeynmanICh30Eq5.in_normal_0.0_0_hof.csv
Saving Pareto Front to ./log/regression_config_regression_DSR.json_FeynmanICh30Eq5.in_normal_0.0_2023-05-29-051650/dso_regression_config_regression_DSR.json_FeynmanICh30Eq5.in_normal_0.0_0_pf.csv
Invalid expressions: 665 of 14336 (4.6%).
Error type counts:
  true_divide: 284 (42.7%)
  reciprocal: 381 (57.3%)
Error node counts:
  divide: 659 (99.1%)
  invalid: 6 (0.9%)
-- EVALUATION END ------------------
== TRAINING SEED 0 END ==============
INFO: Completed run 1 of 1 in 19 s

== POST-PROCESS START =================
-- LOADING LOGS START ----------------
json configure file: ./log/regression_config_regression_DSR.json_FeynmanICh30Eq5.in_normal_0.0_2023-05-29-051650
Successfully loaded summary data
Successfully loaded Hall of Fame data
Successfully loaded Pareto Front data
-- LOADING LOGS END ------------------

-- ANALYZING LOG START --------------
Task_____________regression
Source path______./log/regression_config_regression_DSR.json_FeynmanICh30Eq5.in_normal_0.0_2023-05-29-051650
Runs_____________1
Max Samples/run__15000
Success_rate_____0.0
Hall of Fame (Top 5 of 100)____
    0: S=000 R=0.500288 <-- [0.5433940076794156*x1*x3**2*(-x3 + 5.321826811628698/x2)/x2]
    1: S=000 R=0.500141 <-- [x3*(3.390352974166238*x1*(3.2794242813821355 - 0.89065680107938987*x3) + 0.5494748206349226*x1)/x2]
    2: S=000 R=0.500125 <-- [-0.12590744023639155*x1*x3**2*(-0.026342006051449898*x3*(x2/x3 - x3) + 0.9862814013968465)]
    3: S=000 R=0.500101 <-- [1/(-x3 + (x2*(x2 - x3 + 1.0599440869445627) + 0.8865561595235707)/x1)]
    4: S=000 R=0.500098 <-- [-1.4177706671695534*x1*x3/(x2 - 2.337778272110903)]
  Saving Hall of Fame plot to ./log/regression_config_regression_DSR.json_FeynmanICh30Eq5.in_normal_0.0_2023-05-29-051650/dso_regression_config_regression_DSR.json_FeynmanICh30Eq5.in_normal_0.0_plot_hof.png
Pareto Front (5 of 8)____
    0: S=000 R=0.500288 C=22.00 <-- [0.5433940076794156*x1*x3**2*(-x3 + 5.321826811628698/x2)/x2]
    1: S=000 R=0.500101 C=20.00 <-- [1/(-x3 + (x2*(x2 - x3 + 1.0599440869445627) + 0.8865561595235707)/x1)]
    2: S=000 R=0.500098 C=19.00 <-- [-1.4177706671695534*x1*x3/(x2 - 2.337778272110903)]
    3: S=000 R=0.500095 C=18.00 <-- [x1*(-x1*(x1 + x3) + x1 + (x3 + 0.5009095665216398)/(2.2885721182927306 - x2))]
    4: S=000 R=0.500093 C=9.00 <-- [x1*x3/(2.264743891902554 - x2)]
  Saving Pareto Front plot to ./log/regression_config_regression_DSR.json_FeynmanICh30Eq5.in_normal_0.0_2023-05-29-051650/dso_regression_config_regression_DSR.json_FeynmanICh30Eq5.in_normal_0.0_plot_pf.png
-- ANALYZING LOG END ----------------
== POST-PROCESS END ===================
