debug /depot/yexiang/apps/jiang631/data/scibench/data/unencrypted/equations_feynman/FeynmanICh29Eq16.in
!!!!!!!!!!!!!!!!!!!!!!!!!!!!!i /depot/yexiang/apps/jiang631/data/scibench/data/unencrypted/equations_feynman/FeynmanICh29Eq16.in
['pow', 'add', 'pow', 'X_0', 2, 'add', 'pow', 'X_1', 2, 'mul', 2, 'mul', 'X_0', 'mul', 'X_1', 'cos', 'add', 'X_2', 'mul', -1, 'X_3', 0.5]
--------------------
eq_name 	 feynman-i.29.16
num_vars 	 4
vars_range_and_types 	 [{"name": "LogUniform", "range": [0.1, 10.0], "only_positive": true}, {"name": "LogUniform", "range": [0.1, 10.0], "only_positive": true}, {"name": "Uniform", "range": [0, 6.283185307179586], "only_positive": true}, {"name": "Uniform", "range": [0, 6.283185307179586], "only_positive": true}]
function_set 	 ['add', 'sub', 'mul', 'div', 'sin', 'cos', 'exp', 'log', 'const']
eq_expression 	 pow,add,pow,X_0,2,add,pow,X_1,2,mul,2,mul,X_0,mul,X_1,cos,add,X_2,mul,-1,X_3,0.5
expr 	 sqrt(X_0**2 + 2*X_0*X_1*cos(X_2 - X_3) + X_1**2)
--------------------

== EXPERIMENT SETUP START ===========
Task type            : regression
Starting seed        : 0
Runs                 : 1
== EXPERIMENT SETUP END =============

== TRAINING SEED 0 START ============
self.dataX <dso.symbolic_data_generator.DataX object at 0x2ad223ef8dd8>, self.data_query_oracle: <dso.symbolic_equation_evaluator_public.Equation_evaluator object at 0x2ad20e755d30>
generate dataset!
-- BUILDING PRIOR START -------------
WARNING: Skipping invalid 'RelationalConstraint' with arguments {'targets': [], 'effectors': [], 'relationship': None}. Reason: Prior disabled.
WARNING: Skipping invalid 'TrigConstraint' with arguments {}. Reason: There are no target Tokens.
WARNING: Skipping invalid 'UniformArityPrior' with arguments {}. Reason: Prior disabled.
WARNING: Skipping invalid 'LanguageModelPrior' with arguments {'weight': None}. Reason: Prior disabled.
LengthConstraint: Sequences have minimum length 4.
                  Sequences have maximum length 256.
RepeatConstraint: [const] cannot occur more than 10 times.
RelationalConstraint: [inv] cannot be a child of [inv].
ConstConstraint: [const] cannot be the only unique child of [inv, add, sub, mul, div].
NoInputsConstraint: Sequences contain at least one input variable Token.
SoftLengthPrior: No description available.
-- BUILDING PRIOR END ---------------

-- RUNNING EPOCHS START -------------
gen	iter	pop_size	nevals	uncached_size	best_val              	timer  
0  	0   	1024    	1024  	1024         	(-0.6615514345185293,)	4.40993
1  	1   	1024    	743   	637          	(-0.7105970087350714,)	3.90063
2  	2   	1024    	755   	654          	(-0.71482693839934,)  	4.72637
3  	3   	1024    	765   	647          	(-0.7397063467123431,)	5.4568 
4  	4   	1024    	779   	619          	(-0.7407259994808426,)	8.73089
5  	5   	1024    	775   	640          	(-0.744509166396046,) 	9.34151
6  	6   	1024    	742   	601          	(-0.74505157914868,)  	13.4171
7  	7   	1024    	797   	658          	(-0.74505157914868,)  	17.5694
8  	8   	1024    	758   	600          	(-0.7457237542481798,)	19.3306
9  	9   	1024    	774   	637          	(-0.7457237542481798,)	24.7533

--------------------------------------------------
GP Time: 111.889

Unique expressions evaluated: 7642
Total expression evaluations: 7912
--------------------------------------------------

GP -> best program this epoch:

	Reward: 0.7457237542481798
	Count Off-policy: 1
	Count On-policy: 0
	Originally on Policy: False
	Invalid: False
	Traversal: mul,sub,x2,div,add,-1.0253745363710498,x2,0.9991018953123124,add,add,sub,add,mul,div,x2,inv,div,-1.404646936489382,add,x2,x1,x1,x2,x4,add,0.006129937121406414,x1,x4
	Expression:
	                                                 ⎛                    x₁⋅x₂     
	  (1.0262962578511822 - 0.000898912004772906⋅x₂)⋅⎜──────────────────────────────
	                                                 ⎝-0.7119226718276185⋅x₁ - 0.711

	                                                   ⎞
	  ──────────────── + x₁ + x₂ + 0.006129937121406414⎟
	  9226718276185⋅x₂                                 ⎠

None

--------------------------------------------------

[00:00:01:59.46] Training epoch 1/14, current best R: 0.7457

	** New best
	Reward: 0.7457237542481798
	Count Off-policy: 1
	Count On-policy: 0
	Originally on Policy: False
	Invalid: False
	Traversal: mul,sub,x2,div,add,-1.0253745363710498,x2,0.9991018953123124,add,add,sub,add,mul,div,x2,inv,div,-1.404646936489382,add,x2,x1,x1,x2,x4,add,0.006129937121406414,x1,x4
	Expression:
	                                                 ⎛                    x₁⋅x₂     
	  (1.0262962578511822 - 0.000898912004772906⋅x₂)⋅⎜──────────────────────────────
	                                                 ⎝-0.7119226718276185⋅x₁ - 0.711

	                                                   ⎞
	  ──────────────── + x₁ + x₂ + 0.006129937121406414⎟
	  9226718276185⋅x₂                                 ⎠

10 	0   	1024    	1024  	1020         	(-0.6937152019567634,)	3.02569
11 	1   	1024    	761   	659          	(-0.710597505588633,) 	3.64838
12 	2   	1024    	761   	644          	(-0.7168093488037333,)	3.78177
13 	3   	1024    	752   	640          	(-0.7170720136928588,)	4.9617 
14 	4   	1024    	767   	627          	(-0.7259453116880714,)	7.68176
15 	5   	1024    	763   	606          	(-0.7334855416518523,)	11.7726
16 	6   	1024    	743   	560          	(-0.7381717317333952,)	7.27439
17 	7   	1024    	752   	572          	(-0.7399866151495219,)	8.19592
18 	8   	1024    	770   	594          	(-0.7401573173204297,)	15.7123
19 	9   	1024    	754   	595          	(-0.7431390330090298,)	32.9635

--------------------------------------------------
GP Time: 99.282

Unique expressions evaluated: 15077
Total expression evaluations: 15759
--------------------------------------------------

GP -> best program this epoch:

	Reward: 0.7431390330090298
	Count Off-policy: 1
	Count On-policy: 0
	Originally on Policy: False
	Invalid: False
	Traversal: mul,add,add,add,add,mul,x3,-1.7840975569119992,add,x2,mul,mul,x1,5.210645397750948,5.210645177210754,add,div,x2,add,0.016651652960678352,inv,add,x2,mul,x3,0.0674881368478485,add,mul,sub,div,inv,add,x1,3.8603513089001646,0.012382971925597739,x1,x2,x3,x1,x2,0.03525555020863045
	Expression:
	                                                 ⎛         80.756058077853468  ⎞
	  0.9924727999441606⋅x₁ + 0.03525555020863045⋅x₂⋅⎜-x₁ + ───────────────────────⎟
	                                                 ⎝      x₁ + 3.8603513089001646⎠
                                                                              
                                                                              

	                                           0.03525555020863045⋅x₂               
	   + 0.0705111004172609⋅x₂ + ───────────────────────────────────────────────── -
	                                                                1               
	                             0.016651652960678352 + ──────────────────────────  
	                                                    x₂ + 0.0674881368478485⋅x₃  

                        
	   0.027643790786175459⋅x₃
                        
                        
                        

None

--------------------------------------------------

-- RUNNING EPOCHS END ---------------

-- EVALUATION START ----------------
Saving Hall of Fame to ./log/regression_config_regression_GPMELD.json_FeynmanICh29Eq16.in_normal_0.0_2023-05-29-051239/dso_regression_config_regression_GPMELD.json_FeynmanICh29Eq16.in_normal_0.0_0_hof.csv
Saving Pareto Front to ./log/regression_config_regression_GPMELD.json_FeynmanICh29Eq16.in_normal_0.0_2023-05-29-051239/dso_regression_config_regression_GPMELD.json_FeynmanICh29Eq16.in_normal_0.0_0_pf.csv
Invalid expressions: 147 of 17807 (0.8%).
Error type counts:
  reciprocal: 97 (66.0%)
  true_divide: 50 (34.0%)
Error node counts:
  divide: 147 (100.0%)
-- EVALUATION END ------------------
== TRAINING SEED 0 END ==============
INFO: Completed run 1 of 1 in 230 s

== POST-PROCESS START =================
-- LOADING LOGS START ----------------
json configure file: ./log/regression_config_regression_GPMELD.json_FeynmanICh29Eq16.in_normal_0.0_2023-05-29-051239
Successfully loaded summary data
Successfully loaded Hall of Fame data
Successfully loaded Pareto Front data
-- LOADING LOGS END ------------------

-- ANALYZING LOG START --------------
Task_____________regression
Source path______./log/regression_config_regression_GPMELD.json_FeynmanICh29Eq16.in_normal_0.0_2023-05-29-051239
Runs_____________1
Max Samples/run__15000
Success_rate_____0.0
Hall of Fame (Top 5 of 100)____
    0: S=000 R=0.745724 <-- [(1.0262962578511822 - 0.000898912004772906*x2)*(x1*x2/(-0.7119226718276185*x1 - 0.7119226718276185*x2) + x1 + x2 + 0.006129937121406414)]
    1: S=000 R=0.745724 <-- [(1.0262962578511822 - 0.000898912004772906*x2)*(x1*x2/(-0.7119226718276185*x1 - 0.7119226718276185*x2) + x1 + x2 + 0.006129937121406414)]
    2: S=000 R=0.745645 <-- [x1 - 1.0149452356879356*x1/(0.73600008974913309*(x1 - 0.12092449846473025)/(x2 - 0.05068479597051398) + 0.73600008974913309) + 1.0149452356879356*x2 + 0.041557942173365975]
    3: S=000 R=0.745645 <-- [x1 - 1.0149452356879356*x1/(0.73600008974913309*(x1 - 0.12092449846473025)/(x2 - 0.05068479597051398) + 0.73600008974913309) + 1.0149452356879356*x2 + 0.041557942173365975]
    4: S=000 R=0.745631 <-- [x1**2/(0.97069387833159823*x1 + 0.97069387833159823*x2*(x2 + (23.039994038620731 - 23.84767583777732*x2)/(x2 + 22.048897222615093)) + 0.4644003463753439*x2 + 0.039397830399707542) + x2]
  Saving Hall of Fame plot to ./log/regression_config_regression_GPMELD.json_FeynmanICh29Eq16.in_normal_0.0_2023-05-29-051239/dso_regression_config_regression_GPMELD.json_FeynmanICh29Eq16.in_normal_0.0_plot_hof.png
Pareto Front (5 of 10)____
    0: S=000 R=0.745724 C=32.00 <-- [(1.0262962578511822 - 0.000898912004772906*x2)*(x1*x2/(-0.7119226718276185*x1 - 0.7119226718276185*x2) + x1 + x2 + 0.006129937121406414)]
    1: S=000 R=0.745645 C=27.00 <-- [x1 - 1.0149452356879356*x1/(0.73600008974913309*(x1 - 0.12092449846473025)/(x2 - 0.05068479597051398) + 0.73600008974913309) + 1.0149452356879356*x2 + 0.041557942173365975]
    2: S=000 R=0.744705 C=21.00 <-- [x1 - 1.0386331160357354*x1/((x1 - 0.08489871689540139)/(x2 + 0.13963411492470573) + 0.5383937240178289) + 1.0386331160357354*x2 + 0.07755544356903418]
    3: S=000 R=0.740153 C=17.00 <-- [x1/(0.34458622690649254*x2 + 4.2780550574799039/(x2 + 4.5061539306677965)) + x2 - 0.32326845523330083]
    4: S=000 R=0.739706 C=12.00 <-- [x1/(0.23531420925686194*x2 + 0.9163845755417243) + x2 - 0.32718165091641827]
  Saving Pareto Front plot to ./log/regression_config_regression_GPMELD.json_FeynmanICh29Eq16.in_normal_0.0_2023-05-29-051239/dso_regression_config_regression_GPMELD.json_FeynmanICh29Eq16.in_normal_0.0_plot_pf.png
-- ANALYZING LOG END ----------------
== POST-PROCESS END ===================
