debug /depot/yexiang/apps/jiang631/data/scibench/data/unencrypted/equations_feynman/FeynmanICh14Eq4.in
!!!!!!!!!!!!!!!!!!!!!!!!!!!!!i /depot/yexiang/apps/jiang631/data/scibench/data/unencrypted/equations_feynman/FeynmanICh14Eq4.in
['mul', 0.5, 'mul', 'X_0', 'pow', 'X_1', 2]
--------------------
eq_name 	 feynman-i.14.4
num_vars 	 2
vars_range_and_types 	 [{"name": "LogUniform", "range": [100.0, 10000.0], "only_positive": true}, {"name": "LogUniform", "range": [0.01, 1.0], "only_positive": false}]
function_set 	 ['mul', 'n2', 'const']
eq_expression 	 mul,0.5,mul,X_0,pow,X_1,2
expr 	 0.5*X_0*X_1**2
--------------------

== EXPERIMENT SETUP START ===========
Task type            : regression
Starting seed        : 0
Runs                 : 1
== EXPERIMENT SETUP END =============

== TRAINING SEED 0 START ============
self.dataX <dso.symbolic_data_generator.DataX object at 0x2b4b89501198>, self.data_query_oracle: <dso.symbolic_equation_evaluator_public.Equation_evaluator object at 0x2b4ba85a2d68>
generate dataset!
-- BUILDING PRIOR START -------------
WARNING: Skipping invalid 'RelationalConstraint' with arguments {'targets': [], 'effectors': [], 'relationship': None}. Reason: Prior disabled.
WARNING: Skipping invalid 'TrigConstraint' with arguments {}. Reason: There are no target Tokens.
WARNING: Skipping invalid 'UniformArityPrior' with arguments {}. Reason: Prior disabled.
WARNING: Skipping invalid 'LanguageModelPrior' with arguments {'weight': None}. Reason: Prior disabled.
LengthConstraint: Sequences have minimum length 4.
                  Sequences have maximum length 256.
RepeatConstraint: [const] cannot occur more than 10 times.
RelationalConstraint: [inv] cannot be a child of [inv].
ConstConstraint: [const] cannot be the only unique child of [inv, add, sub, mul, div].
NoInputsConstraint: Sequences contain at least one input variable Token.
SoftLengthPrior: No description available.
-- BUILDING PRIOR END ---------------

-- RUNNING EPOCHS START -------------
[00:00:00:05.59] Training epoch 1/14, current best R: 1.0000

	** New best
	Reward: 0.9999999979644396
	Count Off-policy: False
	Count On-policy: True
	Originally on Policy: True
	Invalid: False
	Traversal: mul,0.5000000009802517,mul,div,x2,inv,add,x2,mul,4.892694781172377e-10,inv,add,inv,add,inv,x2,x2,2.4989074702514302,x1
	Expression:
	                           ⎛        4.892694781172377e-10    ⎞
	  0.5000000009802517⋅x₁⋅x₂⋅⎜x₂ + ────────────────────────────⎟
	                           ⎜                             1   ⎟
	                           ⎜     2.4989074702514302 + ───────⎟
	                           ⎜                               1 ⎟
	                           ⎜                          x₂ + ──⎟
	                           ⎝                               x₂⎠

[00:00:00:05.81] Early stopping criteria met; breaking early.
-- RUNNING EPOCHS END ---------------

-- EVALUATION START ----------------
Saving Hall of Fame to ./log/regression_config_regression_PQT.json_FeynmanICh14Eq4.in_normal_0.0_2023-05-29-051014/dso_regression_config_regression_PQT.json_FeynmanICh14Eq4.in_normal_0.0_0_hof.csv
Saving Pareto Front to ./log/regression_config_regression_PQT.json_FeynmanICh14Eq4.in_normal_0.0_2023-05-29-051014/dso_regression_config_regression_PQT.json_FeynmanICh14Eq4.in_normal_0.0_0_pf.csv
Invalid expressions: 21 of 1024 (2.1%).
Error type counts:
  reciprocal: 12 (57.1%)
  true_divide: 9 (42.9%)
Error node counts:
  divide: 21 (100.0%)

Priority queue entry 0:
	Reward: 0.9999999979644396
	Count Off-policy: False
	Count On-policy: True
	Originally on Policy: True
	Invalid: False
	Traversal: mul,0.5000000009802517,mul,div,x2,inv,add,x2,mul,4.892694781172377e-10,inv,add,inv,add,inv,x2,x2,2.4989074702514302,x1
	Expression:
	                           ⎛        4.892694781172377e-10    ⎞
	  0.5000000009802517⋅x₁⋅x₂⋅⎜x₂ + ────────────────────────────⎟
	                           ⎜                             1   ⎟
	                           ⎜     2.4989074702514302 + ───────⎟
	                           ⎜                               1 ⎟
	                           ⎜                          x₂ + ──⎟
	                           ⎝                               x₂⎠

-- EVALUATION END ------------------
== TRAINING SEED 0 END ==============
INFO: Completed run 1 of 1 in 7 s

== POST-PROCESS START =================
-- LOADING LOGS START ----------------
json configure file: ./log/regression_config_regression_PQT.json_FeynmanICh14Eq4.in_normal_0.0_2023-05-29-051014
Successfully loaded summary data
Successfully loaded Hall of Fame data
Successfully loaded Pareto Front data
-- LOADING LOGS END ------------------

-- ANALYZING LOG START --------------
Task_____________regression
Source path______./log/regression_config_regression_PQT.json_FeynmanICh14Eq4.in_normal_0.0_2023-05-29-051014
Runs_____________1
Max Samples/run__15000
Success_rate_____1.0
Hall of Fame (Top 5 of 100)____
    0: S=000 R=1.000000 <-- [0.5000000009802517*x1*x2*(x2 + 4.892694781172377e-10/(2.4989074702514302 + 1/(x2 + 1/x2)))]
    1: S=000 R=1.000000 <-- [0.4999999925494195*x1*x2**2]
    2: S=000 R=0.999996 <-- [x2*(0.5000020462774137*x1*x2 + 0.001193854864580261*x1/(-x1*x2 + 1/x1))]
    3: S=000 R=0.999830 <-- [9.8051344814968335e-5*x1*x2**2*(5099.328550654132 - x2)]
    4: S=000 R=0.999747 <-- [0.49999757436065828*x1*x2*(x2 + x2**2/x1)]
  Saving Hall of Fame plot to ./log/regression_config_regression_PQT.json_FeynmanICh14Eq4.in_normal_0.0_2023-05-29-051014/dso_regression_config_regression_PQT.json_FeynmanICh14Eq4.in_normal_0.0_plot_hof.png
Pareto Front (4 of 4)____
    0: S=000 R=1.000000 C=24.00 <-- [0.5000000009802517*x1*x2*(x2 + 4.892694781172377e-10/(2.4989074702514302 + 1/(x2 + 1/x2)))]
    1: S=000 R=1.000000 C=7.00 <-- [0.4999999925494195*x1*x2**2]
    2: S=000 R=0.500000 C=6.00 <-- [122.53302569091555 - 0.9476786453581257/x1]
    3: S=000 R=0.487829 C=5.00 <-- [1]
  Saving Pareto Front plot to ./log/regression_config_regression_PQT.json_FeynmanICh14Eq4.in_normal_0.0_2023-05-29-051014/dso_regression_config_regression_PQT.json_FeynmanICh14Eq4.in_normal_0.0_plot_pf.png
-- ANALYZING LOG END ----------------
== POST-PROCESS END ===================
