debug /depot/yexiang/apps/jiang631/data/scibench/data/unencrypted/equations_feynman/FeynmanIICh34Eq2.in
!!!!!!!!!!!!!!!!!!!!!!!!!!!!!i /depot/yexiang/apps/jiang631/data/scibench/data/unencrypted/equations_feynman/FeynmanIICh34Eq2.in
['mul', 0.5, 'mul', 'X_0', 'mul', 'X_1', 'X_2']
--------------------
eq_name 	 feynman-ii.34.2
num_vars 	 3
vars_range_and_types 	 [{"name": "LogUniform", "range": [1e-11, 1e-09], "only_positive": false}, {"name": "LogUniform", "range": [100000.0, 10000000.0], "only_positive": false}, {"name": "LogUniform", "range": [1e-11, 1e-09], "only_positive": true}]
function_set 	 ['add', 'sub', 'mul', 'div', 'sin', 'cos', 'exp', 'log', 'const']
eq_expression 	 mul,0.5,mul,X_0,mul,X_1,X_2
expr 	 X_0*X_1*X_2/2
--------------------

== EXPERIMENT SETUP START ===========
Task type            : regression
Starting seed        : 0
Runs                 : 1
== EXPERIMENT SETUP END =============

== TRAINING SEED 0 START ============
self.dataX <dso.symbolic_data_generator.DataX object at 0x2b23ac811128>, self.data_query_oracle: <dso.symbolic_equation_evaluator_public.Equation_evaluator object at 0x2b23cb8b2d68>
generate dataset!
-- BUILDING PRIOR START -------------
WARNING: Skipping invalid 'RelationalConstraint' with arguments {'targets': [], 'effectors': [], 'relationship': None}. Reason: Prior disabled.
WARNING: Skipping invalid 'TrigConstraint' with arguments {}. Reason: There are no target Tokens.
WARNING: Skipping invalid 'UniformArityPrior' with arguments {}. Reason: Prior disabled.
WARNING: Skipping invalid 'LanguageModelPrior' with arguments {'weight': None}. Reason: Prior disabled.
LengthConstraint: Sequences have minimum length 4.
                  Sequences have maximum length 256.
RepeatConstraint: [const] cannot occur more than 10 times.
RelationalConstraint: [inv] cannot be a child of [inv].
ConstConstraint: [const] cannot be the only unique child of [inv, add, sub, mul, div].
NoInputsConstraint: Sequences contain at least one input variable Token.
SoftLengthPrior: No description available.
-- BUILDING PRIOR END ---------------

-- RUNNING EPOCHS START -------------
[00:00:00:01.99] Training epoch 1/14, current best R: 1.0000

	** New best
	Reward: 0.9999999865133002
	Count Off-policy: False
	Count On-policy: True
	Originally on Policy: True
	Invalid: False
	Traversal: mul,-0.5000000065587793,inv,mul,sub,mul,1.3834493888305156e-06,add,x2,x3,inv,x3,div,inv,x2,x1
	Expression:
	                 -0.5000000065587793⋅x₁⋅x₂                
	  ────────────────────────────────────────────────────────
	                                                        1 
	  1.3834493888305156e-6⋅x₂ + 1.3834493888305156e-6⋅x₃ - ──
	                                                        x₃

[00:00:00:02.34] Early stopping criteria met; breaking early.
-- RUNNING EPOCHS END ---------------

-- EVALUATION START ----------------
Saving Hall of Fame to ./log/regression_config_regression_VPG.json_FeynmanIICh34Eq2.in_normal_0.0_2023-05-29-051159/dso_regression_config_regression_VPG.json_FeynmanIICh34Eq2.in_normal_0.0_0_hof.csv
Saving Pareto Front to ./log/regression_config_regression_VPG.json_FeynmanIICh34Eq2.in_normal_0.0_2023-05-29-051159/dso_regression_config_regression_VPG.json_FeynmanIICh34Eq2.in_normal_0.0_0_pf.csv
Invalid expressions: 37 of 1024 (3.6%).
Error type counts:
  reciprocal: 23 (62.2%)
  true_divide: 14 (37.8%)
Error node counts:
  divide: 37 (100.0%)
-- EVALUATION END ------------------
== TRAINING SEED 0 END ==============
INFO: Completed run 1 of 1 in 3 s

== POST-PROCESS START =================
-- LOADING LOGS START ----------------
json configure file: ./log/regression_config_regression_VPG.json_FeynmanIICh34Eq2.in_normal_0.0_2023-05-29-051159
Successfully loaded summary data
Successfully loaded Hall of Fame data
Successfully loaded Pareto Front data
-- LOADING LOGS END ------------------

-- ANALYZING LOG START --------------
Task_____________regression
Source path______./log/regression_config_regression_VPG.json_FeynmanIICh34Eq2.in_normal_0.0_2023-05-29-051159
Runs_____________1
Max Samples/run__15000
Success_rate_____1.0
Hall of Fame (Top 5 of 100)____
    0: S=000 R=1.000000 <-- [-0.5000000065587793*x1*x2/(1.3834493888305156e-6*x2 + 1.3834493888305156e-6*x3 - 1/x3)]
    1: S=000 R=1.000000 <-- [0.4999999902385889*x1*x3*(-x1 + x2 + 1.0*x3*(x2 + x3) - 0.9999999999999947)]
    2: S=000 R=0.999999 <-- [x1*(-x1 + 0.4999999921931595*x3*(x2 - 2*x3))]
    3: S=000 R=0.505540 <-- [x1*x2**2*x3**2/(x1 - 0.04780614090622167)]
    4: S=000 R=0.500488 <-- [x2*x3/(-x2*x3/x1 + 1/x1)]
  Saving Hall of Fame plot to ./log/regression_config_regression_VPG.json_FeynmanIICh34Eq2.in_normal_0.0_2023-05-29-051159/dso_regression_config_regression_VPG.json_FeynmanIICh34Eq2.in_normal_0.0_plot_hof.png
Pareto Front (5 of 5)____
    0: S=000 R=1.000000 C=20.00 <-- [-0.5000000065587793*x1*x2/(1.3834493888305156e-6*x2 + 1.3834493888305156e-6*x3 - 1/x3)]
    1: S=000 R=0.999999 C=19.00 <-- [x1*(-x1 + 0.4999999921931595*x3*(x2 - 2*x3))]
    2: S=000 R=0.500488 C=16.00 <-- [x2*x3/(-x2*x3/x1 + 1/x1)]
    3: S=000 R=0.500206 C=14.00 <-- [4.5497086143512641*(x1 + x3)/x2]
    4: S=000 R=0.500072 C=6.00 <-- [(x1 - x3)/x2]
  Saving Pareto Front plot to ./log/regression_config_regression_VPG.json_FeynmanIICh34Eq2.in_normal_0.0_2023-05-29-051159/dso_regression_config_regression_VPG.json_FeynmanIICh34Eq2.in_normal_0.0_plot_pf.png
-- ANALYZING LOG END ----------------
== POST-PROCESS END ===================
