debug /depot/yexiang/apps/jiang631/data/scibench/data/unencrypted/equations_feynman/FeynmanBonus9.in
!!!!!!!!!!!!!!!!!!!!!!!!!!!!!i /depot/yexiang/apps/jiang631/data/scibench/data/unencrypted/equations_feynman/FeynmanBonus9.in
['mul', -5.24444281156413e-83, 'mul', 'pow', 'X_0', 2, 'mul', 'pow', 'X_1', 2, 'mul', 'pow', 'X_2', -5, 'add', 'X_0', 'X_1']
--------------------
eq_name 	 feynman-bonus.9
num_vars 	 3
vars_range_and_types 	 [{"name": "LogUniform", "range": [1e+23, 1e+25], "only_positive": true}, {"name": "LogUniform", "range": [1e+23, 1e+25], "only_positive": true}, {"name": "LogUniform", "range": [100000000.0, 10000000000.0], "only_positive": true}]
function_set 	 ['add', 'sub', 'mul', 'div', 'sin', 'cos', 'exp', 'log', 'const']
eq_expression 	 mul,-5.24444281156413e-83,mul,pow,X_0,2,mul,pow,X_1,2,mul,pow,X_2,-5,add,X_0,X_1
expr 	 -5.24444281156413e-83*X_0**2*X_1**2*(X_0 + X_1)/X_2**5
--------------------

== EXPERIMENT SETUP START ===========
Task type            : regression
Starting seed        : 0
Runs                 : 1
== EXPERIMENT SETUP END =============

== TRAINING SEED 0 START ============
self.dataX <dso.symbolic_data_generator.DataX object at 0x2b24cd430898>, self.data_query_oracle: <dso.symbolic_equation_evaluator_public.Equation_evaluator object at 0x2b24b3cbed68>
generate dataset!
-- BUILDING PRIOR START -------------
WARNING: Skipping invalid 'RelationalConstraint' with arguments {'targets': [], 'effectors': [], 'relationship': None}. Reason: Prior disabled.
WARNING: Skipping invalid 'TrigConstraint' with arguments {}. Reason: There are no target Tokens.
WARNING: Skipping invalid 'UniformArityPrior' with arguments {}. Reason: Prior disabled.
WARNING: Skipping invalid 'LanguageModelPrior' with arguments {'weight': None}. Reason: Prior disabled.
LengthConstraint: Sequences have minimum length 4.
                  Sequences have maximum length 256.
RepeatConstraint: [const] cannot occur more than 10 times.
RelationalConstraint: [inv] cannot be a child of [inv].
ConstConstraint: [const] cannot be the only unique child of [inv, add, sub, mul, div].
NoInputsConstraint: Sequences contain at least one input variable Token.
SoftLengthPrior: No description available.
-- BUILDING PRIOR END ---------------

-- RUNNING EPOCHS START -------------
[00:00:00:02.30] Training epoch 1/14, current best R: 0.5000

	** New best
	Reward: 0.5000000000059549
	Count Off-policy: False
	Count On-policy: True
	Originally on Policy: True
	Invalid: False
	Traversal: sub,-0.4662199968633711,inv,add,div,inv,mul,mul,sub,x3,div,x2,add,mul,1.0,inv,x2,1.0,1.0,x1,x1,x3
	Expression:
	                                       1               
	  -0.4662199968633711 - ───────────────────────────────
	                                         1             
	                        x₃ + ──────────────────────────
	                               2 ⎛      x₂            ⎞
	                             x₁ ⋅⎜- ───────── + 1.0⋅x₃⎟
	                                 ⎜        1.0         ⎟
	                                 ⎜  1.0 + ───         ⎟
	                                 ⎝         x₂         ⎠

[00:00:00:04.02] Training epoch 2/14, current best R: 0.5170

	** New best
	Reward: 0.516980563023538
	Count Off-policy: False
	Count On-policy: True
	Originally on Policy: True
	Invalid: False
	Traversal: div,add,inv,x3,div,x3,x1,div,x3,div,mul,x1,-5.817007442666505,x3
	Expression:
	                        ⎛1    x₃⎞ 
	  -5.817007442666505⋅x₁⋅⎜── + ──⎟ 
	                        ⎝x₃   x₁⎠ 
	  ────────────────────────────────
	                  2               
	                x₃                

[00:00:00:05.34] Training epoch 3/14, current best R: 0.5170

	** New best
	Reward: 0.5169805631526998
	Count Off-policy: False
	Count On-policy: True
	Originally on Policy: True
	Invalid: False
	Traversal: div,inv,div,mul,sub,1.0,mul,0.17190993164739787,x3,add,x3,add,1.0,inv,x1,x1,x3
	Expression:
	                          x₁                       
	  ─────────────────────────────────────────────────
	                                    ⎛           1 ⎞
	  x₃⋅(1.0 - 0.17190993164739787⋅x₃)⋅⎜x₃ + 1.0 + ──⎟
	                                    ⎝           x₁⎠

[00:00:00:14.00] Training epoch 10/14, current best R: 0.5170
[00:00:00:18.80] Ending training after epoch 14/14, current best R: 0.5170
-- RUNNING EPOCHS END ---------------

-- EVALUATION START ----------------
Saving Hall of Fame to ./log/regression_config_regression_DSR.json_FeynmanBonus9.in_normal_0.0_2023-05-29-052324/dso_regression_config_regression_DSR.json_FeynmanBonus9.in_normal_0.0_0_hof.csv
Saving Pareto Front to ./log/regression_config_regression_DSR.json_FeynmanBonus9.in_normal_0.0_2023-05-29-052324/dso_regression_config_regression_DSR.json_FeynmanBonus9.in_normal_0.0_0_pf.csv
Invalid expressions: 606 of 14336 (4.2%).
Error type counts:
  true_divide: 244 (40.3%)
  reciprocal: 362 (59.7%)
Error node counts:
  divide: 606 (100.0%)
-- EVALUATION END ------------------
== TRAINING SEED 0 END ==============
INFO: Completed run 1 of 1 in 20 s

== POST-PROCESS START =================
-- LOADING LOGS START ----------------
json configure file: ./log/regression_config_regression_DSR.json_FeynmanBonus9.in_normal_0.0_2023-05-29-052324
Successfully loaded summary data
Successfully loaded Hall of Fame data
Successfully loaded Pareto Front data
-- LOADING LOGS END ------------------

-- ANALYZING LOG START --------------
Task_____________regression
Source path______./log/regression_config_regression_DSR.json_FeynmanBonus9.in_normal_0.0_2023-05-29-052324
Runs_____________1
Max Samples/run__15000
Success_rate_____0.0
Hall of Fame (Top 5 of 100)____
    0: S=000 R=0.516981 <-- [x1/(x3*(1.0 - 0.17190993164739787*x3)*(x3 + 1.0 + 1/x1))]
    1: S=000 R=0.516981 <-- [-5.817007442666505*x1*(1/x3 + x3/x1)/x3**2]
    2: S=000 R=0.516308 <-- [-5.681447617924038*x2/x3**3]
    3: S=000 R=0.504912 <-- [x1/(x3*(x3*(-x3 + 1.0 + 1.0/x2) + 1/x3))]
    4: S=000 R=0.504830 <-- [(-x1*x2/x3**2 + x2 + 1.0)/(x1*x3)]
  Saving Hall of Fame plot to ./log/regression_config_regression_DSR.json_FeynmanBonus9.in_normal_0.0_2023-05-29-052324/dso_regression_config_regression_DSR.json_FeynmanBonus9.in_normal_0.0_plot_hof.png
Pareto Front (5 of 7)____
    0: S=000 R=0.516981 C=21.00 <-- [x1/(x3*(1.0 - 0.17190993164739787*x3)*(x3 + 1.0 + 1/x1))]
    1: S=000 R=0.516981 C=19.00 <-- [-5.817007442666505*x1*(1/x3 + x3/x1)/x3**2]
    2: S=000 R=0.502158 C=17.00 <-- [1.6320034491590516/(-x3 + 0.63202248482650975 + 1.0/x2)]
    3: S=000 R=0.500038 C=12.00 <-- [-0.010388124893071341*x1/(x1 - x2 - 1/x3)]
    4: S=000 R=0.500032 C=10.00 <-- [0.01718772691582375*x1/x2 - 0.5442041917186218]
  Saving Pareto Front plot to ./log/regression_config_regression_DSR.json_FeynmanBonus9.in_normal_0.0_2023-05-29-052324/dso_regression_config_regression_DSR.json_FeynmanBonus9.in_normal_0.0_plot_pf.png
-- ANALYZING LOG END ----------------
== POST-PROCESS END ===================
