debug /depot/yexiang/apps/jiang631/data/scibench/data/unencrypted/equations_feynman/FeynmanIIICh13Eq18.in
!!!!!!!!!!!!!!!!!!!!!!!!!!!!!i /depot/yexiang/apps/jiang631/data/scibench/data/unencrypted/equations_feynman/FeynmanIIICh13Eq18.in
['mul', 6.03682463024449e+33, 'mul', 3.141592653589793, 'mul', 'X_0', 'mul', 'X_2', 'pow', 'X_1', 2]
--------------------
eq_name 	 feynman-iii.13.18
num_vars 	 3
vars_range_and_types 	 [{"name": "LogUniform", "range": [1e-18, 1e-16], "only_positive": false}, {"name": "LogUniform", "range": [1e-10, 1e-08], "only_positive": true}, {"name": "LogUniform", "range": [0.1, 10.0], "only_positive": true}]
function_set 	 ['add', 'sub', 'mul', 'div', 'sin', 'cos', 'exp', 'log', 'const']
eq_expression 	 mul,6.03682463024449e+33,mul,3.141592653589793,mul,X_0,mul,X_2,pow,X_1,2
expr 	 6.03682463024449e+33*pi*X_0*X_1**2*X_2
--------------------

== EXPERIMENT SETUP START ===========
Task type            : regression
Starting seed        : 0
Runs                 : 1
== EXPERIMENT SETUP END =============

== TRAINING SEED 0 START ============
self.dataX <dso.symbolic_data_generator.DataX object at 0x2aac4f4f1898>, self.data_query_oracle: <dso.symbolic_equation_evaluator_public.Equation_evaluator object at 0x2aac39d8dd68>
generate dataset!
-- BUILDING PRIOR START -------------
WARNING: Skipping invalid 'RelationalConstraint' with arguments {'targets': [], 'effectors': [], 'relationship': None}. Reason: Prior disabled.
WARNING: Skipping invalid 'TrigConstraint' with arguments {}. Reason: There are no target Tokens.
WARNING: Skipping invalid 'UniformArityPrior' with arguments {}. Reason: Prior disabled.
WARNING: Skipping invalid 'LanguageModelPrior' with arguments {'weight': None}. Reason: Prior disabled.
LengthConstraint: Sequences have minimum length 4.
                  Sequences have maximum length 256.
RepeatConstraint: [const] cannot occur more than 10 times.
RelationalConstraint: [inv] cannot be a child of [inv].
ConstConstraint: [const] cannot be the only unique child of [inv, add, sub, mul, div].
NoInputsConstraint: Sequences contain at least one input variable Token.
SoftLengthPrior: No description available.
-- BUILDING PRIOR END ---------------

-- RUNNING EPOCHS START -------------
[00:00:00:02.90] Training epoch 1/14, current best R: 0.5002

	** New best
	Reward: 0.5001983241110048
	Count Off-policy: False
	Count On-policy: True
	Originally on Policy: True
	Invalid: False
	Traversal: inv,sub,mul,div,x1,x2,div,add,4.110193884158581,x3,x2,mul,add,div,x1,x3,x1,1.0
	Expression:
	                    1                   
	  ──────────────────────────────────────
	        x₁   x₁⋅(x₃ + 4.110193884158581)
	  -x₁ - ── + ───────────────────────────
	        x₃                 2            
	                         x₂             

[00:00:00:05.41] Training epoch 2/14, current best R: 0.5005

	** New best
	Reward: 0.5004864241118775
	Count Off-policy: False
	Count On-policy: True
	Originally on Policy: True
	Invalid: False
	Traversal: mul,x3,inv,div,x3,inv,div,div,x1,x2,mul,x2,0.3554877341215175
	Expression:
	                       2
	  0.3554877341215175⋅x₂ 
	  ──────────────────────
	            x₁          

[00:00:00:07.28] Training epoch 3/14, current best R: 0.5011

	** New best
	Reward: 0.5011211443848534
	Count Off-policy: False
	Count On-policy: True
	Originally on Policy: True
	Invalid: False
	Traversal: div,mul,mul,x3,mul,sub,mul,x2,sub,div,add,add,x2,x2,x1,1.0,add,x1,x2,-0.1619679037307549,x2,x2,x1
	Expression:
	    2    ⎛      2                     ⎞
	  x₂ ⋅x₃⋅⎝1.0⋅x₂  + 0.1619679037307549⎠
	  ─────────────────────────────────────
	                    x₁                 

[00:00:00:12.98] Training epoch 6/14, current best R: 0.5011

	** New best
	Reward: 0.5011236804688133
	Count Off-policy: False
	Count On-policy: True
	Originally on Policy: True
	Invalid: False
	Traversal: mul,x2,add,div,mul,div,-0.22636953210161884,add,x2,sub,div,add,x2,sub,-1.203972110347619,x3,x3,-0.9708697178995997,x2,x1,x1
	Expression:
	     ⎛                       0.22636953210161884⋅x₂                  ⎞
	  x₂⋅⎜x₁ - ──────────────────────────────────────────────────────────⎟
	     ⎜        ⎛                          x₂ - x₃ - 1.203972110347619⎞⎟
	     ⎜     x₁⋅⎜x₂ + 0.9708697178995997 + ───────────────────────────⎟⎟
	     ⎝        ⎝                                       x₃            ⎠⎠

[00:00:00:17.12] Training epoch 8/14, current best R: 0.5011

	** New best
	Reward: 0.501125289536503
	Count Off-policy: False
	Count On-policy: True
	Originally on Policy: True
	Invalid: False
	Traversal: sub,mul,div,-0.3240948829760581,inv,sub,mul,div,x3,sub,inv,sub,1.0,inv,x1,x1,x2,x3,x2,-0.2524321175324929
	Expression:
	     ⎛  0.3240948829760581⋅x₂⋅x₃                        ⎞                     
	  x₂⋅⎜- ──────────────────────── + 0.3240948829760581⋅x₃⎟ + 0.2524321175324929
	     ⎜                1                                 ⎟                     
	     ⎜       -x₁ + ────────                             ⎟                     
	     ⎜                   1                              ⎟                     
	     ⎜             1.0 - ──                             ⎟                     
	     ⎝                   x₁                             ⎠                     

[00:00:00:21.69] Training epoch 10/14, current best R: 0.5011
[00:00:00:29.41] Ending training after epoch 14/14, current best R: 0.5011
-- RUNNING EPOCHS END ---------------

-- EVALUATION START ----------------
Saving Hall of Fame to ./log/regression_config_regression_DSR.json_FeynmanIIICh13Eq18.in_normal_0.0_2023-05-29-052105/dso_regression_config_regression_DSR.json_FeynmanIIICh13Eq18.in_normal_0.0_0_hof.csv
Saving Pareto Front to ./log/regression_config_regression_DSR.json_FeynmanIIICh13Eq18.in_normal_0.0_2023-05-29-052105/dso_regression_config_regression_DSR.json_FeynmanIIICh13Eq18.in_normal_0.0_0_pf.csv
Invalid expressions: 406 of 14336 (2.8%).
Error type counts:
  reciprocal: 249 (61.3%)
  true_divide: 157 (38.7%)
Error node counts:
  divide: 406 (100.0%)
-- EVALUATION END ------------------
== TRAINING SEED 0 END ==============
INFO: Completed run 1 of 1 in 31 s

== POST-PROCESS START =================
-- LOADING LOGS START ----------------
json configure file: ./log/regression_config_regression_DSR.json_FeynmanIIICh13Eq18.in_normal_0.0_2023-05-29-052105
Successfully loaded summary data
Successfully loaded Hall of Fame data
Successfully loaded Pareto Front data
-- LOADING LOGS END ------------------

-- ANALYZING LOG START --------------
Task_____________regression
Source path______./log/regression_config_regression_DSR.json_FeynmanIIICh13Eq18.in_normal_0.0_2023-05-29-052105
Runs_____________1
Max Samples/run__15000
Success_rate_____0.0
Hall of Fame (Top 5 of 100)____
    0: S=000 R=0.501125 <-- [x2*(-0.3240948829760581*x2*x3/(-x1 + 1/(1.0 - 1/x1)) + 0.3240948829760581*x3) + 0.2524321175324929]
    1: S=000 R=0.501124 <-- [x2*(x1 - 0.22636953210161884*x2/(x1*(x2 + 0.9708697178995997 + (x2 - x3 - 1.203972110347619)/x3)))]
    2: S=000 R=0.501124 <-- [7.632283188926549*x2**2*x3/(x1*(x3 + 40.46779834998298))]
    3: S=000 R=0.501121 <-- [0.1619983792336567*x2**2*x3/x1]
    4: S=000 R=0.501121 <-- [0.1619983792336567*x2**2*x3/x1]
  Saving Hall of Fame plot to ./log/regression_config_regression_DSR.json_FeynmanIIICh13Eq18.in_normal_0.0_2023-05-29-052105/dso_regression_config_regression_DSR.json_FeynmanIIICh13Eq18.in_normal_0.0_plot_hof.png
Pareto Front (5 of 6)____
    0: S=000 R=0.501125 C=25.00 <-- [x2*(-0.3240948829760581*x2*x3/(-x1 + 1/(1.0 - 1/x1)) + 0.3240948829760581*x3) + 0.2524321175324929]
    1: S=000 R=0.501124 C=24.00 <-- [x2*(x1 - 0.22636953210161884*x2/(x1*(x2 + 0.9708697178995997 + (x2 - x3 - 1.203972110347619)/x3)))]
    2: S=000 R=0.501121 C=16.00 <-- [0.1619983792336567*x2**2*x3/x1]
    3: S=000 R=0.500486 C=9.00 <-- [0.3554877341215175*x2**2/x1]
    4: S=000 R=0.500001 C=7.00 <-- [0.3566410528205714 - 0.0532163706972241/x3]
  Saving Pareto Front plot to ./log/regression_config_regression_DSR.json_FeynmanIIICh13Eq18.in_normal_0.0_2023-05-29-052105/dso_regression_config_regression_DSR.json_FeynmanIIICh13Eq18.in_normal_0.0_plot_pf.png
-- ANALYZING LOG END ----------------
== POST-PROCESS END ===================
