debug /depot/yexiang/apps/jiang631/data/scibench/data/unencrypted/equations_feynman/FeynmanICh34Eq27.in
!!!!!!!!!!!!!!!!!!!!!!!!!!!!!i /depot/yexiang/apps/jiang631/data/scibench/data/unencrypted/equations_feynman/FeynmanICh34Eq27.in
['mul', 3.313e-34, 'mul', 'X_0', 'pow', 3.141592653589793, -1]
--------------------
eq_name 	 feynman-i.34.27
num_vars 	 1
vars_range_and_types 	 [{"name": "LogUniform", "range": [1000000000.0, 100000000000.0], "only_positive": true}]
function_set 	 ['add', 'sub', 'mul', 'div', 'sin', 'cos', 'exp', 'log', 'const']
eq_expression 	 mul,3.313e-34,mul,X_0,pow,3.141592653589793,-1
expr 	 3.313e-34*X_0/pi
--------------------

== EXPERIMENT SETUP START ===========
Task type            : regression
Starting seed        : 0
Runs                 : 1
== EXPERIMENT SETUP END =============

== TRAINING SEED 0 START ============
self.dataX <dso.symbolic_data_generator.DataX object at 0x2b76597470b8>, self.data_query_oracle: <dso.symbolic_equation_evaluator_public.Equation_evaluator object at 0x2b76787e9d30>
generate dataset!
-- BUILDING PRIOR START -------------
WARNING: Skipping invalid 'RelationalConstraint' with arguments {'targets': [], 'effectors': [], 'relationship': None}. Reason: Prior disabled.
WARNING: Skipping invalid 'TrigConstraint' with arguments {}. Reason: There are no target Tokens.
WARNING: Skipping invalid 'UniformArityPrior' with arguments {}. Reason: Prior disabled.
WARNING: Skipping invalid 'LanguageModelPrior' with arguments {'weight': None}. Reason: Prior disabled.
LengthConstraint: Sequences have minimum length 4.
                  Sequences have maximum length 256.
RepeatConstraint: [const] cannot occur more than 10 times.
RelationalConstraint: [inv] cannot be a child of [inv].
ConstConstraint: [const] cannot be the only unique child of [inv, add, sub, mul, div].
NoInputsConstraint: Sequences contain at least one input variable Token.
SoftLengthPrior: No description available.
-- BUILDING PRIOR END ---------------

-- RUNNING EPOCHS START -------------
gen	iter	pop_size	nevals	uncached_size	best_val               	timer  
0  	0   	1024    	1024  	1024         	(-0.43194936420472924,)	2.45263
1  	1   	1024    	791   	618          	(-0.431949424112476,)  	1.01113
2  	2   	1024    	773   	586          	(-0.431949469201504,)  	1.81876
3  	3   	1024    	779   	567          	(-0.431949469201504,)  	2.44001
4  	4   	1024    	775   	552          	(-0.43226272931004395,)	2.58135
5  	5   	1024    	738   	514          	(-0.43226272931004395,)	2.60331
6  	6   	1024    	768   	514          	(-0.43226272931004395,)	2.46833
7  	7   	1024    	779   	508          	(-0.432262729698195,)  	2.95955
8  	8   	1024    	750   	491          	(-0.432262729698195,)  	4.0049 
9  	9   	1024    	762   	493          	(-0.432262729698195,)  	4.74066

--------------------------------------------------
GP Time: 27.3293

Unique expressions evaluated: 6759
Total expression evaluations: 7939
--------------------------------------------------

GP -> best program this epoch:

	Reward: 0.432262729698195
	Count Off-policy: 1
	Count On-policy: 0
	Originally on Policy: False
	Invalid: False
	Traversal: mul,inv,add,1.0,mul,div,div,x1,sub,4.465265911788914e-05,add,div,0.9999999974578981,x1,inv,sub,sub,add,mul,1.0000198919329097,x1,add,div,1.0,x1,x1,x1,x1,0.30393665222210925,x1,0.3039366522263461
	Expression:
	                                 0.3039366522263461                             
	  ──────────────────────────────────────────────────────────────────────────────
	                                                 2                              
	                            3.2901592903945826⋅x₁                               
	  ────────────────────────────────────────────────────────────────────────── + 1
	                                       1                  0.9999999974578981    
	  4.465265911788914e-5 - ────────────────────────────── - ──────────────────    
	                                                    1.0           x₁            
	                         1.9891932909701926e-5⋅x₁ + ───                         
	                                                     x₁                         

  
	  ──
  
  
	  .0
  
  
  
  
  

None

--------------------------------------------------

[00:00:00:35.22] Training epoch 1/14, current best R: 0.4323

	** New best
	Reward: 0.432262729698195
	Count Off-policy: 1
	Count On-policy: 0
	Originally on Policy: False
	Invalid: False
	Traversal: mul,inv,add,1.0,mul,div,div,x1,sub,4.465265911788914e-05,add,div,0.9999999974578981,x1,inv,sub,sub,add,mul,1.0000198919329097,x1,add,div,1.0,x1,x1,x1,x1,0.30393665222210925,x1,0.3039366522263461
	Expression:
	                                 0.3039366522263461                             
	  ──────────────────────────────────────────────────────────────────────────────
	                                                 2                              
	                            3.2901592903945826⋅x₁                               
	  ────────────────────────────────────────────────────────────────────────── + 1
	                                       1                  0.9999999974578981    
	  4.465265911788914e-5 - ────────────────────────────── - ──────────────────    
	                                                    1.0           x₁            
	                         1.9891932909701926e-5⋅x₁ + ───                         
	                                                     x₁                         

  
	  ──
  
  
	  .0
  
  
  
  
  

10 	0   	1024    	1024  	1018         	(-0.43194936420461655,)	0.960832
11 	1   	1024    	781   	555          	(-0.43194936420461755,)	0.892208
12 	2   	1024    	776   	584          	(-0.4319494018157382,) 	1.42869 
13 	3   	1024    	786   	567          	(-0.43194946920151095,)	1.65671 
14 	4   	1024    	766   	504          	(-0.43194946920151095,)	1.93565 
15 	5   	1024    	769   	509          	(-0.43221241320977877,)	1.96459 
16 	6   	1024    	764   	503          	(-0.43221241320977877,)	1.90758 
17 	7   	1024    	777   	504          	(-0.43226272002449867,)	2.22262 
18 	8   	1024    	767   	440          	(-0.43226272002449867,)	2.07833 
19 	9   	1024    	768   	460          	(-0.43226273330810866,)	2.64727 

--------------------------------------------------
GP Time: 17.9482

Unique expressions evaluated: 13284
Total expression evaluations: 15917
--------------------------------------------------

GP -> best program this epoch:

	Reward: 0.43226273330810866
	Count Off-policy: 1
	Count On-policy: 0
	Originally on Policy: False
	Invalid: False
	Traversal: div,div,sub,div,mul,inv,sub,sub,x1,add,1.0,mul,1.0,div,inv,x1,x1,add,mul,1.0000393829452285,x1,inv,x1,x1,x1,-2.2542424189553192e-05,x1,div,mul,add,inv,mul,div,-0.4279934289276866,add,x1,1.0,-0.4279934289238488,1.0,x1,x1
	Expression:
	                                              1                     
	  2.2542424189553192e-5 + ──────────────────────────────────────────
	                                                            1     1 
	                          -3.9382945228500638e-5⋅x₁ - 1.0 - ── - ───
	                                                            x₁     2
	                                                                 x₁ 
	  ──────────────────────────────────────────────────────────────────
	            x₁⋅(5.459159679128705⋅x₁ + 6.459159679128705)           

None

--------------------------------------------------

[00:00:00:56.72] Training epoch 2/14, current best R: 0.4323

	** New best
	Reward: 0.43226273330810866
	Count Off-policy: 1
	Count On-policy: 0
	Originally on Policy: False
	Invalid: False
	Traversal: div,div,sub,div,mul,inv,sub,sub,x1,add,1.0,mul,1.0,div,inv,x1,x1,add,mul,1.0000393829452285,x1,inv,x1,x1,x1,-2.2542424189553192e-05,x1,div,mul,add,inv,mul,div,-0.4279934289276866,add,x1,1.0,-0.4279934289238488,1.0,x1,x1
	Expression:
	                                              1                     
	  2.2542424189553192e-5 + ──────────────────────────────────────────
	                                                            1     1 
	                          -3.9382945228500638e-5⋅x₁ - 1.0 - ── - ───
	                                                            x₁     2
	                                                                 x₁ 
	  ──────────────────────────────────────────────────────────────────
	            x₁⋅(5.459159679128705⋅x₁ + 6.459159679128705)           

-- RUNNING EPOCHS END ---------------

-- EVALUATION START ----------------
Saving Hall of Fame to ./log/regression_config_regression_GPMELD.json_FeynmanICh34Eq27.in_normal_0.0_2023-05-29-051011/dso_regression_config_regression_GPMELD.json_FeynmanICh34Eq27.in_normal_0.0_0_hof.csv
Saving Pareto Front to ./log/regression_config_regression_GPMELD.json_FeynmanICh34Eq27.in_normal_0.0_2023-05-29-051011/dso_regression_config_regression_GPMELD.json_FeynmanICh34Eq27.in_normal_0.0_0_pf.csv
Invalid expressions: 703 of 17965 (3.9%).
Error type counts:
  true_divide: 204 (29.0%)
  reciprocal: 499 (71.0%)
Error node counts:
  divide: 698 (99.3%)
  invalid: 5 (0.7%)
-- EVALUATION END ------------------
== TRAINING SEED 0 END ==============
INFO: Completed run 1 of 1 in 58 s

== POST-PROCESS START =================
-- LOADING LOGS START ----------------
json configure file: ./log/regression_config_regression_GPMELD.json_FeynmanICh34Eq27.in_normal_0.0_2023-05-29-051011
Successfully loaded summary data
Successfully loaded Hall of Fame data
Successfully loaded Pareto Front data
-- LOADING LOGS END ------------------

-- ANALYZING LOG START --------------
Task_____________regression
Source path______./log/regression_config_regression_GPMELD.json_FeynmanICh34Eq27.in_normal_0.0_2023-05-29-051011
Runs_____________1
Max Samples/run__15000
Success_rate_____0.0
Hall of Fame (Top 5 of 100)____
    0: S=000 R=0.432263 <-- [(2.2542424189553192e-5 + 1/(-3.9382945228500638e-5*x1 - 1.0 - 1/x1 - 1.0/x1**2))/(x1*(5.459159679128705*x1 + 6.459159679128705))]
    1: S=000 R=0.432263 <-- [(2.2542424189553192e-5 + 1/(-3.9382945228500638e-5*x1 - 1.0 - 1/x1 - 1.0/x1**2))/(x1*(5.459159679128705*x1 + 6.459159679128705))]
    2: S=000 R=0.432263 <-- [0.3039366522263461/(3.2901592903945826*x1**2/(4.465265911788914e-5 - 1/(1.9891932909701926e-5*x1 + 1.0/x1) - 0.9999999974578981/x1) + 1.0)]
    3: S=000 R=0.432263 <-- [0.092377488565271123*(4.465265911788914e-5 - 1/(1.9891932909701926e-5*x1 + 1.0/x1) - 0.9999999974578981/x1)/x1**2]
    4: S=000 R=0.432263 <-- [0.092377488565271123*(4.465265911788914e-5 - 1/(1.9891932909701926e-5*x1 + 1.0/x1) - 0.9999999974578981/x1)/x1**2]
  Saving Hall of Fame plot to ./log/regression_config_regression_GPMELD.json_FeynmanICh34Eq27.in_normal_0.0_2023-05-29-051011/dso_regression_config_regression_GPMELD.json_FeynmanICh34Eq27.in_normal_0.0_plot_hof.png
Pareto Front (5 of 14)____
    0: S=000 R=0.432263 C=51.00 <-- [(2.2542424189553192e-5 + 1/(-3.9382945228500638e-5*x1 - 1.0 - 1/x1 - 1.0/x1**2))/(x1*(5.459159679128705*x1 + 6.459159679128705))]
    1: S=000 R=0.432263 C=35.00 <-- [0.092377488565271123*(4.465265911788914e-5 - 1/(1.9891932909701926e-5*x1 + 1.0/x1) - 0.9999999974578981/x1)/x1**2]
    2: S=000 R=0.432263 C=34.00 <-- [0.09216998125363276*(4.476985191330009e-5 - 50415.395526178916/x1 - 1.0/x1**2)/x1**2]
    3: S=000 R=0.432263 C=30.00 <-- [0.093216634550914725*(4.427958735818214e-5 - 49865.386494992611/x1)/x1**2]
    4: S=000 R=0.432263 C=29.00 <-- [0.07179323474850564/(x1*(x1/(5.748777505111476e-5 - 64743.524712409949/x1) + 1.0))]
  Saving Pareto Front plot to ./log/regression_config_regression_GPMELD.json_FeynmanICh34Eq27.in_normal_0.0_2023-05-29-051011/dso_regression_config_regression_GPMELD.json_FeynmanICh34Eq27.in_normal_0.0_plot_pf.png
-- ANALYZING LOG END ----------------
== POST-PROCESS END ===================
