debug /depot/yexiang/apps/jiang631/data/scibench/data/unencrypted/equations_feynman/FeynmanICh30Eq3.in
!!!!!!!!!!!!!!!!!!!!!!!!!!!!!i /depot/yexiang/apps/jiang631/data/scibench/data/unencrypted/equations_feynman/FeynmanICh30Eq3.in
['mul', 'X_0', 'mul', 'pow', 'sin', 'mul', 0.5, 'X_2', -2, 'pow', 'sin', 'mul', 0.5, 'mul', 'X_1', 'X_2', 2]
--------------------
eq_name 	 feynman-i.30.3
num_vars 	 3
vars_range_and_types 	 [{"name": "LogUniform", "range": [10.0, 1000.0], "only_positive": true}, {"name": "IntegerUniform", "range": [10, 1000], "only_positive": true}, {"name": "Uniform", "range": [-6.283185307179586, 6.283185307179586], "only_positive": true}]
function_set 	 ['add', 'sub', 'mul', 'div', 'sin', 'cos', 'exp', 'log', 'const']
eq_expression 	 mul,X_0,mul,pow,sin,mul,0.5,X_2,-2,pow,sin,mul,0.5,mul,X_1,X_2,2
expr 	 X_0*sin(X_1*X_2/2)**2/sin(X_2/2)**2
--------------------

== EXPERIMENT SETUP START ===========
Task type            : regression
Starting seed        : 0
Runs                 : 1
== EXPERIMENT SETUP END =============

== TRAINING SEED 0 START ============
self.dataX <dso.symbolic_data_generator.DataX object at 0x2b89df198898>, self.data_query_oracle: <dso.symbolic_equation_evaluator_public.Equation_evaluator object at 0x2b89c9a32d68>
generate dataset!
-- BUILDING PRIOR START -------------
WARNING: Skipping invalid 'RelationalConstraint' with arguments {'targets': [], 'effectors': [], 'relationship': None}. Reason: Prior disabled.
WARNING: Skipping invalid 'TrigConstraint' with arguments {}. Reason: There are no target Tokens.
WARNING: Skipping invalid 'UniformArityPrior' with arguments {}. Reason: Prior disabled.
WARNING: Skipping invalid 'LanguageModelPrior' with arguments {'weight': None}. Reason: Prior disabled.
LengthConstraint: Sequences have minimum length 4.
                  Sequences have maximum length 256.
RepeatConstraint: [const] cannot occur more than 10 times.
RelationalConstraint: [inv] cannot be a child of [inv].
ConstConstraint: [const] cannot be the only unique child of [inv, add, sub, mul, div].
NoInputsConstraint: Sequences contain at least one input variable Token.
SoftLengthPrior: No description available.
-- BUILDING PRIOR END ---------------

-- RUNNING EPOCHS START -------------
gen	iter	pop_size	nevals	uncached_size	best_val              	timer  
0  	0   	1024    	1024  	1024         	(-0.5022293832192564,)	1.96683
1  	1   	1024    	768   	646          	(-0.5059799581160688,)	0.75889
2  	2   	1024    	764   	644          	(-0.5059799581160688,)	1.10359
3  	3   	1024    	787   	689          	(-0.5063254000456314,)	2.13052
4  	4   	1024    	762   	650          	(-0.506351142409175,) 	2.95045
5  	5   	1024    	783   	680          	(-0.5075730867941024,)	4.38745
6  	6   	1024    	776   	654          	(-0.5077299221460136,)	5.37071
7  	7   	1024    	753   	652          	(-0.5082105749166216,)	7.55062
8  	8   	1024    	784   	663          	(-0.5082105749166216,)	8.69776
9  	9   	1024    	782   	659          	(-0.5082112690936759,)	11.5401

--------------------------------------------------
GP Time: 46.7033

Unique expressions evaluated: 7917
Total expression evaluations: 7983
--------------------------------------------------

GP -> best program this epoch:

	Reward: 0.5082112690936759
	Count Off-policy: 1
	Count On-policy: 0
	Originally on Policy: False
	Invalid: False
	Traversal: mul,sub,mul,sub,inv,x1,add,add,div,-0.045766335937210245,x3,x2,1.0636973485832617,div,x1,mul,x3,add,div,6.394270056691069e-06,x3,x3,x2,-0.00242543509916044
	Expression:
	                           ⎛                           0.045766335937210245   1 
	    0.00242543509916044⋅x₁⋅⎜-x₂ - 1.0636973485832617 + ──────────────────── + ──
	                           ⎝                                    x₃            x₁
	  - ────────────────────────────────────────────────────────────────────────────
	                               ⎛     6.394270056691069e-6⎞                      
	                            x₃⋅⎜x₃ + ────────────────────⎟                      
	                               ⎝              x₃         ⎠                      

	  ⎞                         
	  ⎟                         
	  ⎠                         
	  ─ + 0.00242543509916044⋅x₂
                          
                          
                          

None

--------------------------------------------------

[00:00:00:50.39] Training epoch 1/14, current best R: 0.5082

	** New best
	Reward: 0.5082112690936759
	Count Off-policy: 1
	Count On-policy: 0
	Originally on Policy: False
	Invalid: False
	Traversal: mul,sub,mul,sub,inv,x1,add,add,div,-0.045766335937210245,x3,x2,1.0636973485832617,div,x1,mul,x3,add,div,6.394270056691069e-06,x3,x3,x2,-0.00242543509916044
	Expression:
	                           ⎛                           0.045766335937210245   1 
	    0.00242543509916044⋅x₁⋅⎜-x₂ - 1.0636973485832617 + ──────────────────── + ──
	                           ⎝                                    x₃            x₁
	  - ────────────────────────────────────────────────────────────────────────────
	                               ⎛     6.394270056691069e-6⎞                      
	                            x₃⋅⎜x₃ + ────────────────────⎟                      
	                               ⎝              x₃         ⎠                      

	  ⎞                         
	  ⎟                         
	  ⎠                         
	  ─ + 0.00242543509916044⋅x₂
                          
                          
                          

10 	0   	1024    	1024  	1020         	(-0.5061263733843264,)	1.15945
11 	1   	1024    	791   	681          	(-0.5064986467723746,)	0.991625
12 	2   	1024    	756   	648          	(-0.5064986467723746,)	1.41978 
13 	3   	1024    	772   	672          	(-0.5074683532206992,)	3.7178  
14 	4   	1024    	774   	652          	(-0.5077947488054723,)	4.34607 
15 	5   	1024    	786   	680          	(-0.5077947488054723,)	10.1905 
16 	6   	1024    	756   	618          	(-0.507818237069214,) 	9.64259 
17 	7   	1024    	744   	613          	(-0.5078619030267997,)	12.7323 
18 	8   	1024    	777   	650          	(-0.5902323232656266,)	21.1084 
19 	9   	1024    	769   	656          	(-0.5902323232656266,)	32.4805 

--------------------------------------------------
GP Time: 98.0415

Unique expressions evaluated: 15765
Total expression evaluations: 15932
--------------------------------------------------

GP -> best program this epoch:

	Reward: 0.5902323232656266
	Count Off-policy: 1
	Count On-policy: 0
	Originally on Policy: False
	Invalid: False
	Traversal: div,x1,mul,mul,inv,mul,div,add,x3,x1,div,div,sub,sub,mul,0.7683605444482899,add,div,mul,div,2.074158474096868,div,add,0.5951570853891204,x3,x1,x2,x1,x2,inv,mul,6.152929336300661,x2,x2,x3,x3,sub,x2,add,mul,sub,mul,sub,div,x1,x1,8.3654495546712,div,x2,div,1.5435088023394712,add,sub,inv,x2,div,inv,x1,add,x3,0.9998493453157038,x2,x2,0.7963725890199105,mul,add,x3,1.0231920979036082,mul,x2,1.2035533121021287,mul,sub,x3,div,div,x2,x1,x2,x2,x1
	Expression:
	    2           ⎛                                                               
	  x₃ ⋅(x₁ + x₃)⋅⎜-1.2035533121021287⋅x₂⋅(x₃ + 1.0231920979036082) + 5.8656421311
	                ⎝                                                               
	  ──────────────────────────────────────────────────────────────────────────────
	                                                        ⎛     1 ⎞ ⎛             
	                                                     x₂⋅⎜x₃ - ──⎟⋅⎜-0.2316394555
	                                                        ⎝     x₁⎠ ⎝             

	          ⎛                         0.64787450417148011       0.6478745041714801
	  4905⋅x₂⋅⎜0.64787450417148011⋅x₂ + ─────────────────── - ──────────────────────
	          ⎝                                  x₂           x₁⋅(x₃ + 0.99984934531
	  ──────────────────────────────────────────────────────────────────────────────
	                1.593701534429104⋅x₂    0.1625242133206802⎞                     
	  517101⋅x₂ + ─────────────────────── - ──────────────────⎟                     
	              x₃ + 0.5951570853891204           x₂        ⎠                     

	  1     ⎞                      ⎞
	  ──────⎟ + 1.79637258901991⋅x₂⎟
	  57038)⎠                      ⎠
	  ──────────────────────────────
                              
                              
                              

None

--------------------------------------------------

[00:00:02:35.39] Training epoch 2/14, current best R: 0.5902

	** New best
	Reward: 0.5902323232656266
	Count Off-policy: 1
	Count On-policy: 0
	Originally on Policy: False
	Invalid: False
	Traversal: div,x1,mul,mul,inv,mul,div,add,x3,x1,div,div,sub,sub,mul,0.7683605444482899,add,div,mul,div,2.074158474096868,div,add,0.5951570853891204,x3,x1,x2,x1,x2,inv,mul,6.152929336300661,x2,x2,x3,x3,sub,x2,add,mul,sub,mul,sub,div,x1,x1,8.3654495546712,div,x2,div,1.5435088023394712,add,sub,inv,x2,div,inv,x1,add,x3,0.9998493453157038,x2,x2,0.7963725890199105,mul,add,x3,1.0231920979036082,mul,x2,1.2035533121021287,mul,sub,x3,div,div,x2,x1,x2,x2,x1
	Expression:
	    2           ⎛                                                               
	  x₃ ⋅(x₁ + x₃)⋅⎜-1.2035533121021287⋅x₂⋅(x₃ + 1.0231920979036082) + 5.8656421311
	                ⎝                                                               
	  ──────────────────────────────────────────────────────────────────────────────
	                                                        ⎛     1 ⎞ ⎛             
	                                                     x₂⋅⎜x₃ - ──⎟⋅⎜-0.2316394555
	                                                        ⎝     x₁⎠ ⎝             

	          ⎛                         0.64787450417148011       0.6478745041714801
	  4905⋅x₂⋅⎜0.64787450417148011⋅x₂ + ─────────────────── - ──────────────────────
	          ⎝                                  x₂           x₁⋅(x₃ + 0.99984934531
	  ──────────────────────────────────────────────────────────────────────────────
	                1.593701534429104⋅x₂    0.1625242133206802⎞                     
	  517101⋅x₂ + ─────────────────────── - ──────────────────⎟                     
	              x₃ + 0.5951570853891204           x₂        ⎠                     

	  1     ⎞                      ⎞
	  ──────⎟ + 1.79637258901991⋅x₂⎟
	  57038)⎠                      ⎠
	  ──────────────────────────────
                              
                              
                              

-- RUNNING EPOCHS END ---------------

-- EVALUATION START ----------------
Saving Hall of Fame to ./log/regression_config_regression_GPMELD.json_FeynmanICh30Eq3.in_normal_0.0_2023-05-29-051539/dso_regression_config_regression_GPMELD.json_FeynmanICh30Eq3.in_normal_0.0_0_hof.csv
Saving Pareto Front to ./log/regression_config_regression_GPMELD.json_FeynmanICh30Eq3.in_normal_0.0_2023-05-29-051539/dso_regression_config_regression_GPMELD.json_FeynmanICh30Eq3.in_normal_0.0_0_pf.csv
Invalid expressions: 215 of 17980 (1.2%).
Error type counts:
  true_divide: 120 (55.8%)
  reciprocal: 95 (44.2%)
Error node counts:
  divide: 213 (99.1%)
  invalid: 2 (0.9%)
-- EVALUATION END ------------------
== TRAINING SEED 0 END ==============
INFO: Completed run 1 of 1 in 157 s

== POST-PROCESS START =================
-- LOADING LOGS START ----------------
json configure file: ./log/regression_config_regression_GPMELD.json_FeynmanICh30Eq3.in_normal_0.0_2023-05-29-051539
Successfully loaded summary data
Successfully loaded Hall of Fame data
Successfully loaded Pareto Front data
-- LOADING LOGS END ------------------

-- ANALYZING LOG START --------------
Task_____________regression
Source path______./log/regression_config_regression_GPMELD.json_FeynmanICh30Eq3.in_normal_0.0_2023-05-29-051539
Runs_____________1
Max Samples/run__15000
Success_rate_____0.0
Hall of Fame (Top 5 of 100)____
    0: S=000 R=0.590232 <-- [x3**2*(x1 + x3)*(-1.2035533121021287*x2*(x3 + 1.0231920979036082) + 5.86564213114905*x2*(0.64787450417148011*x2 + 0.64787450417148011/x2 - 0.64787450417148011/(x1*(x3 + 0.9998493453157038))) + 1.79637258901991*x2)/(x2*(x3 - 1/x1)*(-0.2316394555517101*x2 + 1.593701534429104*x2/(x3 + 0.5951570853891204) - 0.1625242133206802/x2))]
    1: S=000 R=0.590232 <-- [x3**2*(x1 + x3)*(-1.2035533121021287*x2*(x3 + 1.0231920979036082) + 5.86564213114905*x2*(0.64787450417148011*x2 + 0.64787450417148011/x2 - 0.64787450417148011/(x1*(x3 + 0.9998493453157038))) + 1.79637258901991*x2)/(x2*(x3 - 1/x1)*(-0.2316394555517101*x2 + 1.593701534429104*x2/(x3 + 0.5951570853891204) - 0.1625242133206802/x2))]
    2: S=000 R=0.514353 <-- [x3**2*(x1 + x3)*(-44.17611629474618*x2*(x3 + 8.585687933152059) - 30.96375820090429*x2*(-0.773298230183288*x2 - 0.773298230183288/x2 + 0.773298230183288/(x1*(x3 + 0.9962772909789545))) + 1.423056860281952*x2)/(x2*(x3 - 1/x1)*(-0.4777501800026449*x2 + 4.282267186346992*x2/(x3 + 2.6155413694823393) - x3/x2))]
    3: S=000 R=0.514353 <-- [x3**2*(x1 + x3)*(-44.17611629474618*x2*(x3 + 8.585687933152059) - 30.96375820090429*x2*(-0.773298230183288*x2 - 0.773298230183288/x2 + 0.773298230183288/(x1*(x3 + 0.9962772909789545))) + 1.423056860281952*x2)/(x2*(x3 - 1/x1)*(-0.4777501800026449*x2 + 4.282267186346992*x2/(x3 + 2.6155413694823393) - x3/x2))]
    4: S=000 R=0.508211 <-- [-0.00242543509916044*x1*(-x2 - 1.0636973485832617 + 0.045766335937210245/x3 + 1/x1)/(x3*(x3 + 6.394270056691069e-6/x3)) + 0.00242543509916044*x2]
  Saving Hall of Fame plot to ./log/regression_config_regression_GPMELD.json_FeynmanICh30Eq3.in_normal_0.0_2023-05-29-051539/dso_regression_config_regression_GPMELD.json_FeynmanICh30Eq3.in_normal_0.0_plot_hof.png
Pareto Front (5 of 13)____
    0: S=000 R=0.590232 C=98.00 <-- [x3**2*(x1 + x3)*(-1.2035533121021287*x2*(x3 + 1.0231920979036082) + 5.86564213114905*x2*(0.64787450417148011*x2 + 0.64787450417148011/x2 - 0.64787450417148011/(x1*(x3 + 0.9998493453157038))) + 1.79637258901991*x2)/(x2*(x3 - 1/x1)*(-0.2316394555517101*x2 + 1.593701534429104*x2/(x3 + 0.5951570853891204) - 0.1625242133206802/x2))]
    1: S=000 R=0.508211 C=28.00 <-- [-0.00242543509916044*x1*(-x2 - 1.0636973485832617 + 0.045766335937210245/x3 + 1/x1)/(x3*(x3 + 6.394270056691069e-6/x3)) + 0.00242543509916044*x2]
    2: S=000 R=0.507585 C=24.00 <-- [x1*(0.0017886253615758008*x2 + 0.00037410573770460971/x3 - 27.0684224517947/x2)/x3**2]
    3: S=000 R=0.507318 C=23.00 <-- [0.0010386948453062028*x1*x2*(0.0020664631028229903*x2 + 0.46020362545422505*x3 - 0.031013197215623964)/x3**2]
    4: S=000 R=0.507292 C=22.00 <-- [x1/(x3**2*(-1.890016564290366 - 20.779558620550296*(10.20156404735823*x3 - 104.39320727072528)/x2))]
  Saving Pareto Front plot to ./log/regression_config_regression_GPMELD.json_FeynmanICh30Eq3.in_normal_0.0_2023-05-29-051539/dso_regression_config_regression_GPMELD.json_FeynmanICh30Eq3.in_normal_0.0_plot_pf.png
-- ANALYZING LOG END ----------------
== POST-PROCESS END ===================
