debug /depot/yexiang/apps/jiang631/data/scibench/data/unencrypted/equations_feynman/FeynmanICh44Eq4.in
!!!!!!!!!!!!!!!!!!!!!!!!!!!!!i /depot/yexiang/apps/jiang631/data/scibench/data/unencrypted/equations_feynman/FeynmanICh44Eq4.in
['mul', 1.380649e-23, 'mul', 'X_0', 'mul', 'X_1', 'log', 'mul', 'X_2', 'pow', 'X_3', -1]
--------------------
eq_name 	 feynman-i.44.4
num_vars 	 4
vars_range_and_types 	 [{"name": "LogUniform", "range": [1e+24, 1e+26], "only_positive": true}, {"name": "LogUniform", "range": [10.0, 1000.0], "only_positive": true}, {"name": "LogUniform", "range": [1e-05, 0.001], "only_positive": true}, {"name": "LogUniform", "range": [1e-05, 0.001], "only_positive": true}]
function_set 	 ['add', 'sub', 'mul', 'div', 'sin', 'cos', 'exp', 'log', 'const']
eq_expression 	 mul,1.380649e-23,mul,X_0,mul,X_1,log,mul,X_2,pow,X_3,-1
expr 	 1.380649e-23*X_0*X_1*log(X_2/X_3)
--------------------

== EXPERIMENT SETUP START ===========
Task type            : regression
Starting seed        : 0
Runs                 : 1
== EXPERIMENT SETUP END =============

== TRAINING SEED 0 START ============
self.dataX <dso.symbolic_data_generator.DataX object at 0x2b6ed024f0b8>, self.data_query_oracle: <dso.symbolic_equation_evaluator_public.Equation_evaluator object at 0x2b6eef2f1d68>
generate dataset!
-- BUILDING PRIOR START -------------
WARNING: Skipping invalid 'RelationalConstraint' with arguments {'targets': [], 'effectors': [], 'relationship': None}. Reason: Prior disabled.
WARNING: Skipping invalid 'TrigConstraint' with arguments {}. Reason: There are no target Tokens.
WARNING: Skipping invalid 'UniformArityPrior' with arguments {}. Reason: Prior disabled.
WARNING: Skipping invalid 'LanguageModelPrior' with arguments {'weight': None}. Reason: Prior disabled.
LengthConstraint: Sequences have minimum length 4.
                  Sequences have maximum length 256.
RepeatConstraint: [const] cannot occur more than 10 times.
RelationalConstraint: [inv] cannot be a child of [inv].
ConstConstraint: [const] cannot be the only unique child of [inv, add, sub, mul, div].
NoInputsConstraint: Sequences contain at least one input variable Token.
SoftLengthPrior: No description available.
-- BUILDING PRIOR END ---------------

-- RUNNING EPOCHS START -------------
[00:00:00:02.05] Training epoch 1/14, current best R: 0.5187

	** New best
	Reward: 0.5187288455635829
	Count Off-policy: False
	Count On-policy: True
	Originally on Policy: True
	Invalid: False
	Traversal: add,add,1.0000062878960703,x3,div,mul,sub,div,sub,sub,add,x3,x1,x1,x2,x3,x3,x4,0.03372643508801587
	Expression:
	                            ⎛      -x₂ + x₃⎞                     
	  x₃ + 29.65033207305487⋅x₄⋅⎜-x₃ + ────────⎟ + 1.0000062878960703
	                            ⎝         x₃   ⎠                     

[00:00:00:03.46] Training epoch 2/14, current best R: 0.5220

	** New best
	Reward: 0.5220244721223458
	Count Off-policy: False
	Count On-policy: True
	Originally on Policy: True
	Invalid: False
	Traversal: mul,div,x2,x4,sub,add,0.001681172322863077,x3,mul,-27.25500711217988,add,sub,x3,x3,x3
	Expression:
	  x₂⋅(28.25500711217988⋅x₃ + 0.001681172322863077)
	  ────────────────────────────────────────────────
	                         x₄                       

[00:00:00:06.66] Training epoch 5/14, current best R: 0.5475

	** New best
	Reward: 0.5474610382169198
	Count Off-policy: False
	Count On-policy: True
	Originally on Policy: True
	Invalid: False
	Traversal: mul,mul,div,0.013569417699193826,x4,sub,x3,mul,x4,0.9932014777276993,div,x2,x3
	Expression:
	  0.013569417699193826⋅x₂⋅(x₃ - 0.9932014777276993⋅x₄)
	  ────────────────────────────────────────────────────
	                         x₃⋅x₄                        

[00:00:00:12.68] Training epoch 10/14, current best R: 0.5475
[00:00:00:17.25] Ending training after epoch 14/14, current best R: 0.5475
-- RUNNING EPOCHS END ---------------

-- EVALUATION START ----------------
Saving Hall of Fame to ./log/regression_config_regression_VPG.json_FeynmanICh44Eq4.in_normal_0.0_2023-05-29-051249/dso_regression_config_regression_VPG.json_FeynmanICh44Eq4.in_normal_0.0_0_hof.csv
Saving Pareto Front to ./log/regression_config_regression_VPG.json_FeynmanICh44Eq4.in_normal_0.0_2023-05-29-051249/dso_regression_config_regression_VPG.json_FeynmanICh44Eq4.in_normal_0.0_0_pf.csv
Invalid expressions: 345 of 14336 (2.4%).
Error type counts:
  reciprocal: 193 (55.9%)
  true_divide: 152 (44.1%)
Error node counts:
  divide: 343 (99.4%)
  invalid: 2 (0.6%)
-- EVALUATION END ------------------
== TRAINING SEED 0 END ==============
INFO: Completed run 1 of 1 in 18 s

== POST-PROCESS START =================
-- LOADING LOGS START ----------------
json configure file: ./log/regression_config_regression_VPG.json_FeynmanICh44Eq4.in_normal_0.0_2023-05-29-051249
Successfully loaded summary data
Successfully loaded Hall of Fame data
Successfully loaded Pareto Front data
-- LOADING LOGS END ------------------

-- ANALYZING LOG START --------------
Task_____________regression
Source path______./log/regression_config_regression_VPG.json_FeynmanICh44Eq4.in_normal_0.0_2023-05-29-051249
Runs_____________1
Max Samples/run__15000
Success_rate_____0.0
Hall of Fame (Top 5 of 100)____
    0: S=000 R=0.547461 <-- [0.013569417699193826*x2*(x3 - 0.9932014777276993*x4)/(x3*x4)]
    1: S=000 R=0.525180 <-- [1.0020941775074443*x2*x3*(65.70920681173964 - 0.0005191601402837806/x4)/x4]
    2: S=000 R=0.523826 <-- [172.24903300263927*x2 - 36.844442564352569*x2*x4/x3 + x4]
    3: S=000 R=0.522024 <-- [x2*(28.25500711217988*x3 + 0.001681172322863077)/x4]
    4: S=000 R=0.522024 <-- [28.22357189195581*x2*(x3 + 5.757675235210091e-5)/x4]
  Saving Hall of Fame plot to ./log/regression_config_regression_VPG.json_FeynmanICh44Eq4.in_normal_0.0_2023-05-29-051249/dso_regression_config_regression_VPG.json_FeynmanICh44Eq4.in_normal_0.0_plot_hof.png
Pareto Front (5 of 7)____
    0: S=000 R=0.547461 C=15.00 <-- [0.013569417699193826*x2*(x3 - 0.9932014777276993*x4)/(x3*x4)]
    1: S=000 R=0.521998 C=11.00 <-- [x2*(x4 + 291.1280625327732 - 0.013306277006576/x3)]
    2: S=000 R=0.518729 C=9.00 <-- [-29.630374698077993*x2*x4/x3]
    3: S=000 R=0.511879 C=8.00 <-- [-0.0075812924752682075*x2/x3 + x3]
    4: S=000 R=0.511879 C=7.00 <-- [-0.0075813005946919025*x2/x3]
  Saving Pareto Front plot to ./log/regression_config_regression_VPG.json_FeynmanICh44Eq4.in_normal_0.0_2023-05-29-051249/dso_regression_config_regression_VPG.json_FeynmanICh44Eq4.in_normal_0.0_plot_pf.png
-- ANALYZING LOG END ----------------
== POST-PROCESS END ===================
