debug /depot/yexiang/apps/jiang631/data/scibench/data/unencrypted/equations_feynman/FeynmanICh38Eq12.in
!!!!!!!!!!!!!!!!!!!!!!!!!!!!!i /depot/yexiang/apps/jiang631/data/scibench/data/unencrypted/equations_feynman/FeynmanICh38Eq12.in
['mul', 3.88724918104e-78, 'mul', 'pow', 3.141592653589793, -1, 'mul', 'pow', 'X_0', -1, 'pow', 'X_1', -2]
--------------------
eq_name 	 feynman-i.38.12
num_vars 	 2
vars_range_and_types 	 [{"name": "LogUniform", "range": [1e-28, 1e-26], "only_positive": true}, {"name": "LogUniform", "range": [1e-11, 1e-09], "only_positive": false}]
function_set 	 ['add', 'sub', 'mul', 'div', 'sin', 'cos', 'exp', 'log', 'const']
eq_expression 	 mul,3.88724918104e-78,mul,pow,3.141592653589793,-1,mul,pow,X_0,-1,pow,X_1,-2
expr 	 3.88724918104e-78/(pi*X_0*X_1**2)
--------------------

== EXPERIMENT SETUP START ===========
Task type            : regression
Starting seed        : 0
Runs                 : 1
== EXPERIMENT SETUP END =============

== TRAINING SEED 0 START ============
self.dataX <dso.symbolic_data_generator.DataX object at 0x2ac9918fb048>, self.data_query_oracle: <dso.symbolic_equation_evaluator_public.Equation_evaluator object at 0x2ac9b099ccf8>
generate dataset!
-- BUILDING PRIOR START -------------
WARNING: Skipping invalid 'RelationalConstraint' with arguments {'targets': [], 'effectors': [], 'relationship': None}. Reason: Prior disabled.
WARNING: Skipping invalid 'TrigConstraint' with arguments {}. Reason: There are no target Tokens.
WARNING: Skipping invalid 'UniformArityPrior' with arguments {}. Reason: Prior disabled.
WARNING: Skipping invalid 'LanguageModelPrior' with arguments {'weight': None}. Reason: Prior disabled.
LengthConstraint: Sequences have minimum length 4.
                  Sequences have maximum length 256.
RepeatConstraint: [const] cannot occur more than 10 times.
RelationalConstraint: [inv] cannot be a child of [inv].
ConstConstraint: [const] cannot be the only unique child of [inv, add, sub, mul, div].
NoInputsConstraint: Sequences contain at least one input variable Token.
SoftLengthPrior: No description available.
-- BUILDING PRIOR END ---------------

-- RUNNING EPOCHS START -------------
[00:00:00:02.24] Training epoch 1/14, current best R: 0.4878

	** New best
	Reward: 0.4878180075198734
	Count Off-policy: False
	Count On-policy: True
	Originally on Policy: True
	Invalid: False
	Traversal: sub,mul,sub,sub,add,div,x1,inv,x2,sub,x2,-0.4142669571544695,div,sub,-0.4142669571544695,x2,2.4142669571544695,-0.4142669571544695,x1,x1
	Expression:
	  x₁⋅(x₁⋅x₂ + 1.4142044014795411⋅x₂ + 1.0001251113498567) - x₁

[00:00:00:06.38] Training epoch 4/14, current best R: 0.4878

	** New best
	Reward: 0.4878180090405457
	Count Off-policy: False
	Count On-policy: True
	Originally on Policy: True
	Invalid: False
	Traversal: inv,add,x1,inv,mul,mul,mul,sub,inv,sub,div,div,x1,x2,1.00000701423879,x2,x1,-0.00012511214592064032,x1,x2
	Expression:
	                                  1                                 
	  ──────────────────────────────────────────────────────────────────
	                                     1                              
	  x₁ + ─────────────────────────────────────────────────────────────
	             ⎛                              0.00012511214592064032 ⎞
	       x₁⋅x₂⋅⎜0.00012511214592064032⋅x₁ - ─────────────────────────⎟
	             ⎜                            0.999992985810409⋅x₁     ⎟
	             ⎜                            ──────────────────── - x₂⎟
	             ⎝                                     x₂              ⎠

[00:00:00:07.76] Training epoch 5/14, current best R: 0.4878

	** New best
	Reward: 0.48782343432564584
	Count Off-policy: False
	Count On-policy: True
	Originally on Policy: True
	Invalid: False
	Traversal: mul,x1,add,mul,mul,inv,x2,inv,add,mul,div,x2,div,x2,1.0000017470219227,x2,x2,x1,0.00012159729069205483
	Expression:
	     ⎛0.49999956324490084⋅x₁                         ⎞
	  x₁⋅⎜────────────────────── + 0.00012159729069205483⎟
	     ⎜           2                                   ⎟
	     ⎝         x₂                                    ⎠

[00:00:00:14.53] Training epoch 10/14, current best R: 0.4878
[00:00:00:20.18] Ending training after epoch 14/14, current best R: 0.4878
-- RUNNING EPOCHS END ---------------

-- EVALUATION START ----------------
Saving Hall of Fame to ./log/regression_config_regression_VPG.json_FeynmanICh38Eq12.in_normal_0.0_2023-05-29-051421/dso_regression_config_regression_VPG.json_FeynmanICh38Eq12.in_normal_0.0_0_hof.csv
Saving Pareto Front to ./log/regression_config_regression_VPG.json_FeynmanICh38Eq12.in_normal_0.0_2023-05-29-051421/dso_regression_config_regression_VPG.json_FeynmanICh38Eq12.in_normal_0.0_0_pf.csv
Invalid expressions: 864 of 14336 (6.0%).
Error type counts:
  reciprocal: 554 (64.1%)
  true_divide: 310 (35.9%)
Error node counts:
  divide: 858 (99.3%)
  invalid: 6 (0.7%)
-- EVALUATION END ------------------
== TRAINING SEED 0 END ==============
INFO: Completed run 1 of 1 in 22 s

== POST-PROCESS START =================
-- LOADING LOGS START ----------------
json configure file: ./log/regression_config_regression_VPG.json_FeynmanICh38Eq12.in_normal_0.0_2023-05-29-051421
Successfully loaded summary data
Successfully loaded Hall of Fame data
Successfully loaded Pareto Front data
-- LOADING LOGS END ------------------

-- ANALYZING LOG START --------------
Task_____________regression
Source path______./log/regression_config_regression_VPG.json_FeynmanICh38Eq12.in_normal_0.0_2023-05-29-051421
Runs_____________1
Max Samples/run__15000
Success_rate_____0.0
Hall of Fame (Top 5 of 100)____
    0: S=000 R=0.487823 <-- [x1*(0.49999956324490084*x1/x2**2 + 0.00012159729069205483)]
    1: S=000 R=0.487818 <-- [1/(x1 + 1/(x1*x2*(0.00012511214592064032*x1 - 0.00012511214592064032/(0.999992985810409*x1/x2 - x2))))]
    2: S=000 R=0.487818 <-- [0.9999374399516073*x1*x2*(x2 + 4.0) + 0.0001251200967853916*x1]
    3: S=000 R=0.487818 <-- [-1.666641647800662*x1 + 0.8333208239003311*x1/(-x1 + (1.0 - x1)*(x1 - 1.0*x2 - 0.3333583574335458) + 0.8333208256450672)]
    4: S=000 R=0.487818 <-- [2*x1 - x1/(-2*x1 + x2 + 0.5000312708739143)]
  Saving Hall of Fame plot to ./log/regression_config_regression_VPG.json_FeynmanICh38Eq12.in_normal_0.0_2023-05-29-051421/dso_regression_config_regression_VPG.json_FeynmanICh38Eq12.in_normal_0.0_plot_hof.png
Pareto Front (5 of 8)____
    0: S=000 R=0.487823 C=23.00 <-- [x1*(0.49999956324490084*x1/x2**2 + 0.00012159729069205483)]
    1: S=000 R=0.487818 C=17.00 <-- [2*x1 - x1/(-2*x1 + x2 + 0.5000312708739143)]
    2: S=000 R=0.487818 C=12.00 <-- [x1 + x1/(x1 - 2*x2 - 1.0001251133915168)]
    3: S=000 R=0.487818 C=10.00 <-- [x1*(x1 + x2 + 0.000125099687319552)]
    4: S=000 R=0.487818 C=9.00 <-- [x1*x2 + 0.00012509773346280027*x1]
  Saving Pareto Front plot to ./log/regression_config_regression_VPG.json_FeynmanICh38Eq12.in_normal_0.0_2023-05-29-051421/dso_regression_config_regression_VPG.json_FeynmanICh38Eq12.in_normal_0.0_plot_pf.png
-- ANALYZING LOG END ----------------
== POST-PROCESS END ===================
