debug /depot/yexiang/apps/jiang631/data/scibench/data/unencrypted/equations_feynman/FeynmanICh15Eq3x.in
!!!!!!!!!!!!!!!!!!!!!!!!!!!!!i /depot/yexiang/apps/jiang631/data/scibench/data/unencrypted/equations_feynman/FeynmanICh15Eq3x.in
['mul', 'pow', 'add', 1, 'mul', -1.11265005605362e-17, 'pow', 'X_1', 2, -0.5, 'add', 'X_0', 'mul', -1, 'mul', 'X_1', 'X_2']
--------------------
eq_name 	 feynman-i.15.3x
num_vars 	 3
vars_range_and_types 	 [{"name": "LogUniform", "range": [1.0, 100.0], "only_positive": false}, {"name": "LogUniform", "range": [1000000.0, 100000000.0], "only_positive": false}, {"name": "LogUniform", "range": [1e-06, 0.0001], "only_positive": true}]
function_set 	 ['add', 'sub', 'mul', 'div', 'sin', 'cos', 'exp', 'log', 'const']
eq_expression 	 mul,pow,add,1,mul,-1.11265005605362e-17,pow,X_1,2,-0.5,add,X_0,mul,-1,mul,X_1,X_2
expr 	 (X_0 - X_1*X_2)/sqrt(1 - 1.11265005605362e-17*X_1**2)
--------------------

== EXPERIMENT SETUP START ===========
Task type            : regression
Starting seed        : 0
Runs                 : 1
== EXPERIMENT SETUP END =============

== TRAINING SEED 0 START ============
self.dataX <dso.symbolic_data_generator.DataX object at 0x2b17df7e0a90>, self.data_query_oracle: <dso.symbolic_equation_evaluator_public.Equation_evaluator object at 0x2b17ca07acf8>
generate dataset!
-- BUILDING PRIOR START -------------
WARNING: Skipping invalid 'RelationalConstraint' with arguments {'targets': [], 'effectors': [], 'relationship': None}. Reason: Prior disabled.
WARNING: Skipping invalid 'TrigConstraint' with arguments {}. Reason: There are no target Tokens.
WARNING: Skipping invalid 'UniformArityPrior' with arguments {}. Reason: Prior disabled.
WARNING: Skipping invalid 'LanguageModelPrior' with arguments {'weight': None}. Reason: Prior disabled.
LengthConstraint: Sequences have minimum length 4.
                  Sequences have maximum length 256.
RepeatConstraint: [const] cannot occur more than 10 times.
RelationalConstraint: [inv] cannot be a child of [inv].
ConstConstraint: [const] cannot be the only unique child of [inv, add, sub, mul, div].
NoInputsConstraint: Sequences contain at least one input variable Token.
SoftLengthPrior: No description available.
-- BUILDING PRIOR END ---------------

-- RUNNING EPOCHS START -------------
[00:00:00:03.19] Training epoch 1/14, current best R: 0.9837

	** New best
	Reward: 0.9836597646807052
	Count Off-policy: False
	Count On-policy: True
	Originally on Policy: True
	Invalid: False
	Traversal: sub,inv,x2,add,inv,x2,mul,div,x2,0.9716206024702877,sub,x3,div,x1,add,x3,x2
	Expression:
	                        ⎛     x₁       ⎞
	  -1.029208311822083⋅x₂⋅⎜- ─────── + x₃⎟
	                        ⎝  x₂ + x₃     ⎠

[00:00:00:05.21] Training epoch 2/14, current best R: 0.9837

	** New best
	Reward: 0.9836834465438069
	Count Off-policy: False
	Count On-policy: True
	Originally on Policy: True
	Invalid: False
	Traversal: add,x3,add,x1,mul,div,mul,div,x1,x1,sub,-2.46819552879765e-09,x3,inv,mul,-1.0144084822653723,x2,-1.014409915914659
	Expression:
	  x₁ + 1.0290260231979332⋅x₂⋅(-x₃ - 2.46819552879765e-9) + x₃

[00:00:00:10.72] Training epoch 5/14, current best R: 0.9837

	** New best
	Reward: 0.9836843296302433
	Count Off-policy: False
	Count On-policy: True
	Originally on Policy: True
	Invalid: False
	Traversal: add,div,x3,mul,inv,sub,mul,sub,sub,x1,div,0.014612903969561665,inv,add,x2,x2,x2,x2,x2,x2,x1
	Expression:
	       x₃⋅(x₂⋅(x₁ - 1.0292258079391233⋅x₂) - x₂)
	  x₁ + ─────────────────────────────────────────
	                           x₂                   

[00:00:00:12.36] Training epoch 6/14, current best R: 0.9837

	** New best
	Reward: 0.9836844468060483
	Count Off-policy: False
	Count On-policy: True
	Originally on Policy: True
	Invalid: False
	Traversal: sub,mul,mul,1.0292251254754896,sub,div,x1,x3,add,x2,x1,x3,mul,x1,0.03103423712567339
	Expression:
	                               ⎛                         1.0292251254754896⋅x₁  
	  -0.03103423712567339⋅x₁ + x₃⋅⎜-1.0292251254754896⋅x₁ + ───────────────────── -
	                               ⎝                                   x₃           

	                        ⎞
	   1.0292251254754896⋅x₂⎟
	                        ⎠

[00:00:00:19.16] Training epoch 10/14, current best R: 0.9837

	** New best
	Reward: 0.9836852765894131
	Count Off-policy: False
	Count On-policy: True
	Originally on Policy: True
	Invalid: False
	Traversal: add,mul,sub,div,-0.1987390266619945,x2,inv,div,div,div,x3,mul,mul,mul,1.0096491476878988,div,x3,x3,1.0096491476878988,x3,x3,1.009649122910457,x2,x1
	Expression:
	          ⎛                         0.1987390266619945⎞
	  x₁ + x₂⋅⎜-1.0292276343531317⋅x₃ - ──────────────────⎟
	          ⎝                                 x₂        ⎠

[00:00:00:19.33] Training epoch 10/14, current best R: 0.9837
[00:00:00:25.41] Training epoch 14/14, current best R: 0.9837

	** New best
	Reward: 0.9836852915238884
	Count Off-policy: False
	Count On-policy: True
	Originally on Policy: True
	Invalid: False
	Traversal: add,x1,sub,-0.19898068387038684,mul,mul,x3,sub,x1,sub,sub,0.9999997813173158,x3,x2,1.0292276062079135
	Expression:
	  x₁ - 1.0292276062079135⋅x₃⋅(x₁ + x₂ + x₃ - 0.9999997813173158) - 0.19898068387
	  038684

[00:00:00:25.42] Ending training after epoch 14/14, current best R: 0.9837
-- RUNNING EPOCHS END ---------------

-- EVALUATION START ----------------
Saving Hall of Fame to ./log/regression_config_regression_VPG.json_FeynmanICh15Eq3x.in_normal_0.0_2023-05-29-051402/dso_regression_config_regression_VPG.json_FeynmanICh15Eq3x.in_normal_0.0_0_hof.csv
Saving Pareto Front to ./log/regression_config_regression_VPG.json_FeynmanICh15Eq3x.in_normal_0.0_2023-05-29-051402/dso_regression_config_regression_VPG.json_FeynmanICh15Eq3x.in_normal_0.0_0_pf.csv
Invalid expressions: 375 of 14336 (2.6%).
Error type counts:
  reciprocal: 204 (54.4%)
  true_divide: 171 (45.6%)
Error node counts:
  divide: 374 (99.7%)
  invalid: 1 (0.3%)
-- EVALUATION END ------------------
== TRAINING SEED 0 END ==============
INFO: Completed run 1 of 1 in 27 s

== POST-PROCESS START =================
-- LOADING LOGS START ----------------
json configure file: ./log/regression_config_regression_VPG.json_FeynmanICh15Eq3x.in_normal_0.0_2023-05-29-051402
Successfully loaded summary data
Successfully loaded Hall of Fame data
Successfully loaded Pareto Front data
-- LOADING LOGS END ------------------

-- ANALYZING LOG START --------------
Task_____________regression
Source path______./log/regression_config_regression_VPG.json_FeynmanICh15Eq3x.in_normal_0.0_2023-05-29-051402
Runs_____________1
Max Samples/run__15000
Success_rate_____0.0
Hall of Fame (Top 5 of 100)____
    0: S=000 R=0.983685 <-- [x1 - 1.0292276062079135*x3*(x1 + x2 + x3 - 0.9999997813173158) - 0.19898068387038684]
    1: S=000 R=0.983685 <-- [x1 + x2*(-1.0292276343531317*x3 - 0.1987390266619945/x2)]
    2: S=000 R=0.983685 <-- [x1 + x3*(1.029227605557474 - 1.02922768867171*x2) + x3 - 0.1987458752585775]
    3: S=000 R=0.983684 <-- [-0.03103423712567339*x1 + x3*(-1.0292251254754896*x1 + 1.0292251254754896*x1/x3 - 1.0292251254754896*x2)]
    4: S=000 R=0.983684 <-- [x1 + x3*(-1.0292257760071637*x1 - 1.0292257760071637*x2 - x3 - 1.0292257760071637)]
  Saving Hall of Fame plot to ./log/regression_config_regression_VPG.json_FeynmanICh15Eq3x.in_normal_0.0_2023-05-29-051402/dso_regression_config_regression_VPG.json_FeynmanICh15Eq3x.in_normal_0.0_plot_hof.png
Pareto Front (5 of 6)____
    0: S=000 R=0.983685 C=15.00 <-- [x1 - 1.0292276062079135*x3*(x1 + x2 + x3 - 0.9999997813173158) - 0.19898068387038684]
    1: S=000 R=0.983682 C=12.00 <-- [x1 - 1.02954133990188*x2*(x3 - 1.526537323467126e-8)]
    2: S=000 R=0.983660 C=11.00 <-- [1.0292082991402838*x1 - 1.0292082991402838*x3*(x2 + x3) + 1.0292082991402838*x3]
    3: S=000 R=0.967243 C=9.00 <-- [x2*x3*(0.9999990587052938*x3 - 1.028902593424668)]
    4: S=000 R=0.967243 C=7.00 <-- [-1.028837292418571*x2*x3 - 0.01770498891287536]
  Saving Pareto Front plot to ./log/regression_config_regression_VPG.json_FeynmanICh15Eq3x.in_normal_0.0_2023-05-29-051402/dso_regression_config_regression_VPG.json_FeynmanICh15Eq3x.in_normal_0.0_plot_pf.png
-- ANALYZING LOG END ----------------
== POST-PROCESS END ===================
