debug /depot/yexiang/apps/jiang631/data/scibench/data/unencrypted/equations_feynman/FeynmanICh43Eq31.in
!!!!!!!!!!!!!!!!!!!!!!!!!!!!!i /depot/yexiang/apps/jiang631/data/scibench/data/unencrypted/equations_feynman/FeynmanICh43Eq31.in
['mul', 1.380649e-23, 'mul', 'X_0', 'X_1']
--------------------
eq_name 	 feynman-i.43.31
num_vars 	 2
vars_range_and_types 	 [{"name": "LogUniform", "range": [10000000000000.0, 1000000000000000.0], "only_positive": true}, {"name": "LogUniform", "range": [10.0, 1000.0], "only_positive": true}]
function_set 	 ['add', 'sub', 'mul', 'div', 'sin', 'cos', 'exp', 'log', 'const']
eq_expression 	 mul,1.380649e-23,mul,X_0,X_1
expr 	 1.380649e-23*X_0*X_1
--------------------

== EXPERIMENT SETUP START ===========
Task type            : regression
Starting seed        : 0
Runs                 : 1
== EXPERIMENT SETUP END =============

== TRAINING SEED 0 START ============
self.dataX <dso.symbolic_data_generator.DataX object at 0x2b462758a0f0>, self.data_query_oracle: <dso.symbolic_equation_evaluator_public.Equation_evaluator object at 0x2b464662cd68>
generate dataset!
-- BUILDING PRIOR START -------------
WARNING: Skipping invalid 'RelationalConstraint' with arguments {'targets': [], 'effectors': [], 'relationship': None}. Reason: Prior disabled.
WARNING: Skipping invalid 'TrigConstraint' with arguments {}. Reason: There are no target Tokens.
WARNING: Skipping invalid 'UniformArityPrior' with arguments {}. Reason: Prior disabled.
WARNING: Skipping invalid 'LanguageModelPrior' with arguments {'weight': None}. Reason: Prior disabled.
LengthConstraint: Sequences have minimum length 4.
                  Sequences have maximum length 256.
RepeatConstraint: [const] cannot occur more than 10 times.
RelationalConstraint: [inv] cannot be a child of [inv].
ConstConstraint: [const] cannot be the only unique child of [inv, add, sub, mul, div].
NoInputsConstraint: Sequences contain at least one input variable Token.
SoftLengthPrior: No description available.
-- BUILDING PRIOR END ---------------

-- RUNNING EPOCHS START -------------
[00:00:00:02.20] Training epoch 1/14, current best R: 0.5076

	** New best
	Reward: 0.5076296912779745
	Count Off-policy: False
	Count On-policy: True
	Originally on Policy: True
	Invalid: False
	Traversal: sub,0.9999881546032661,mul,div,add,mul,inv,x2,sub,x2,add,x2,x2,add,1.0000175879058935,x2,x2,0.9999868903207528
	Expression:
	                       0.9999868903207528⋅(x₂ + 1.7587905893500302e-5)
	  0.9999881546032661 - ───────────────────────────────────────────────
	                                              x₂                      

[00:00:00:05.57] Training epoch 3/14, current best R: 0.5132

	** New best
	Reward: 0.5131653946329963
	Count Off-policy: False
	Count On-policy: True
	Originally on Policy: True
	Invalid: False
	Traversal: sub,div,add,sub,x1,div,mul,add,div,x2,sub,x1,sub,x2,1.0,x1,1.7150492022720713e-05,x2,1.0,x1,0.9999990033799311
	Expression:
	                                                              1.7150492022720713
	                                   1.7150492022720713e-5⋅x₁ + ──────────────────
	                                                                   x₁ - x₂ + 1.0
	                        x₁ + 1.0 - ─────────────────────────────────────────────
	                                                            x₂                  
	  -0.9999990033799311 + ────────────────────────────────────────────────────────
	                                                      x₁                        

	  e-5⋅x₂
	  ──────
      
	  ──────
      
	  ──────
      

[00:00:00:10.07] Training epoch 6/14, current best R: 0.5259

	** New best
	Reward: 0.5259045177267919
	Count Off-policy: False
	Count On-policy: True
	Originally on Policy: True
	Invalid: False
	Traversal: inv,div,sub,-20.238351219740217,mul,-0.0174609083393774,add,13.737015041865227,x2,-9.916248791659403e-06
	Expression:
	                      1                    
	  ─────────────────────────────────────────
	  2016739.4827828817 - 1760.838065505561⋅x₂

[00:00:00:13.45] Training epoch 8/14, current best R: 0.5418

	** New best
	Reward: 0.5418160294780412
	Count Off-policy: False
	Count On-policy: True
	Originally on Policy: True
	Invalid: False
	Traversal: div,0.735034311846781,sub,x2,mul,mul,sub,-6050.368189353749,x2,inv,x2,div,div,x1,x1,2.6135920902548577e-05
	Expression:
	                  0.735034311846781                
	  ─────────────────────────────────────────────────
	       38261.517691633647⋅(-x₂ - 6050.368189353749)
	  x₂ - ────────────────────────────────────────────
	                            x₂                     

[00:00:00:16.58] Training epoch 10/14, current best R: 0.5418
[00:00:00:20.15] Training epoch 12/14, current best R: 0.5418

	** New best
	Reward: 0.5418374765558442
	Count Off-policy: False
	Count On-policy: True
	Originally on Policy: True
	Invalid: False
	Traversal: inv,mul,mul,div,add,sub,-1633.592660957332,inv,div,sub,-223.18216250507393,div,-1866.5207063983596,x2,add,x2,729603.9987847221,-1633.5519560263508,x1,x1,11193.82083492711
	Expression:
	                                 1                                
	  ────────────────────────────────────────────────────────────────
	                        11193.82083492711⋅(x₂ + 729603.9987847221)
	  -36571831.484311901 - ──────────────────────────────────────────
	                                               1866.5207063983596 
	                         -223.18216250507393 + ────────────────── 
	                                                       x₂         

[00:00:00:25.02] Ending training after epoch 14/14, current best R: 0.5418
-- RUNNING EPOCHS END ---------------

-- EVALUATION START ----------------
Saving Hall of Fame to ./log/regression_config_regression_DSR.json_FeynmanICh43Eq31.in_normal_0.0_2023-05-29-051011/dso_regression_config_regression_DSR.json_FeynmanICh43Eq31.in_normal_0.0_0_hof.csv
Saving Pareto Front to ./log/regression_config_regression_DSR.json_FeynmanICh43Eq31.in_normal_0.0_2023-05-29-051011/dso_regression_config_regression_DSR.json_FeynmanICh43Eq31.in_normal_0.0_0_pf.csv
Invalid expressions: 547 of 14336 (3.8%).
Error type counts:
  true_divide: 202 (36.9%)
  reciprocal: 345 (63.1%)
Error node counts:
  divide: 547 (100.0%)
-- EVALUATION END ------------------
== TRAINING SEED 0 END ==============
INFO: Completed run 1 of 1 in 26 s

== POST-PROCESS START =================
-- LOADING LOGS START ----------------
json configure file: ./log/regression_config_regression_DSR.json_FeynmanICh43Eq31.in_normal_0.0_2023-05-29-051011
Successfully loaded summary data
Successfully loaded Hall of Fame data
Successfully loaded Pareto Front data
-- LOADING LOGS END ------------------

-- ANALYZING LOG START --------------
Task_____________regression
Source path______./log/regression_config_regression_DSR.json_FeynmanICh43Eq31.in_normal_0.0_2023-05-29-051011
Runs_____________1
Max Samples/run__15000
Success_rate_____0.0
Hall of Fame (Top 5 of 100)____
    0: S=000 R=0.541837 <-- [1/(-36571831.484311901 - 11193.82083492711*(x2 + 729603.9987847221)/(-223.18216250507393 + 1866.5207063983596/x2))]
    1: S=000 R=0.541816 <-- [0.735034311846781/(x2 - 38261.517691633647*(-x2 - 6050.368189353749)/x2)]
    2: S=000 R=0.541672 <-- [(0.4977240918348422*x1 - 1.0)/(174234359.48811264*x1/x2 - 1.0)]
    3: S=000 R=0.539109 <-- [-0.33196692733767711 - 0.33196982607470881*(-x2 + 0.00323496404338208 + 1/(-x2 - 306.8617177200738))/x2]
    4: S=000 R=0.534208 <-- [0.06899514303783583 - 1/(14.493781304939636 + 1/(-x2 - 30.613622209333951 + 2060561.064732833/x2))]
  Saving Hall of Fame plot to ./log/regression_config_regression_DSR.json_FeynmanICh43Eq31.in_normal_0.0_2023-05-29-051011/dso_regression_config_regression_DSR.json_FeynmanICh43Eq31.in_normal_0.0_plot_hof.png
Pareto Front (5 of 7)____
    0: S=000 R=0.541837 C=26.00 <-- [1/(-36571831.484311901 - 11193.82083492711*(x2 + 729603.9987847221)/(-223.18216250507393 + 1866.5207063983596/x2))]
    1: S=000 R=0.541816 C=20.00 <-- [0.735034311846781/(x2 - 38261.517691633647*(-x2 - 6050.368189353749)/x2)]
    2: S=000 R=0.525905 C=18.00 <-- [1/(2016853.3841613785 - 1761.0411031073482*x2)]
    3: S=000 R=0.525905 C=12.00 <-- [1/(2016739.4827828817 - 1760.838065505561*x2)]
    4: S=000 R=0.505796 C=8.00 <-- [x2/(2.9219131474210024e-5 - x2) + 1.000001188844818]
  Saving Pareto Front plot to ./log/regression_config_regression_DSR.json_FeynmanICh43Eq31.in_normal_0.0_2023-05-29-051011/dso_regression_config_regression_DSR.json_FeynmanICh43Eq31.in_normal_0.0_plot_pf.png
-- ANALYZING LOG END ----------------
== POST-PROCESS END ===================
