debug /depot/yexiang/apps/jiang631/data/scibench/data/unencrypted/equations_feynman/FeynmanIIICh15Eq14.in
!!!!!!!!!!!!!!!!!!!!!!!!!!!!!i /depot/yexiang/apps/jiang631/data/scibench/data/unencrypted/equations_feynman/FeynmanIIICh15Eq14.in
['mul', 5.4879845e-68, 'mul', 'pow', 3.141592653589793, -2, 'mul', 'pow', 'X_0', -1, 'pow', 'X_1', -2]
--------------------
eq_name 	 feynman-iii.15.14
num_vars 	 2
vars_range_and_types 	 [{"name": "LogUniform", "range": [1e-18, 1e-16], "only_positive": true}, {"name": "LogUniform", "range": [1e-10, 1e-08], "only_positive": true}]
function_set 	 ['add', 'sub', 'mul', 'div', 'sin', 'cos', 'exp', 'log', 'const']
eq_expression 	 mul,5.4879845e-68,mul,pow,3.141592653589793,-2,mul,pow,X_0,-1,pow,X_1,-2
expr 	 5.4879845e-68/(pi**2*X_0*X_1**2)
--------------------

== EXPERIMENT SETUP START ===========
Task type            : regression
Starting seed        : 0
Runs                 : 1
== EXPERIMENT SETUP END =============

== TRAINING SEED 0 START ============
self.dataX <dso.symbolic_data_generator.DataX object at 0x2b5b3b818320>, self.data_query_oracle: <dso.symbolic_equation_evaluator_public.Equation_evaluator object at 0x2b5b5a8bad68>
generate dataset!
-- BUILDING PRIOR START -------------
WARNING: Skipping invalid 'RelationalConstraint' with arguments {'targets': [], 'effectors': [], 'relationship': None}. Reason: Prior disabled.
WARNING: Skipping invalid 'TrigConstraint' with arguments {}. Reason: There are no target Tokens.
WARNING: Skipping invalid 'UniformArityPrior' with arguments {}. Reason: Prior disabled.
WARNING: Skipping invalid 'LanguageModelPrior' with arguments {'weight': None}. Reason: Prior disabled.
LengthConstraint: Sequences have minimum length 4.
                  Sequences have maximum length 256.
RepeatConstraint: [const] cannot occur more than 10 times.
RelationalConstraint: [inv] cannot be a child of [inv].
ConstConstraint: [const] cannot be the only unique child of [inv, add, sub, mul, div].
NoInputsConstraint: Sequences contain at least one input variable Token.
SoftLengthPrior: No description available.
-- BUILDING PRIOR END ---------------

-- RUNNING EPOCHS START -------------
[00:00:00:01.97] Training epoch 1/14, current best R: 0.4878

	** New best
	Reward: 0.48777475671018217
	Count Off-policy: False
	Count On-policy: True
	Originally on Policy: True
	Invalid: False
	Traversal: inv,sub,div,add,div,inv,x1,0.24073050312319055,add,inv,div,inv,x2,x2,x1,x1,1.0
	Expression:
	                   1                  
	  ────────────────────────────────────
	                2   4.1540228056943147
	         x₁ + x₂  + ──────────────────
	                            x₁        
	  -1.0 + ─────────────────────────────
	                       x₁             

[00:00:00:03.30] Training epoch 2/14, current best R: 0.4878

	** New best
	Reward: 0.4878415080614998
	Count Off-policy: False
	Count On-policy: True
	Originally on Policy: True
	Invalid: False
	Traversal: div,mul,x1,0.00025250451685162326,sub,x2,sub,sub,inv,x2,div,x2,sub,mul,1.0000005740463958,x1,x1,1.0
	Expression:
	        0.00025250451685162326⋅x₁      
	  ─────────────────────────────────────
	             1    1742019.4731929175⋅x₂
	  x₂ + 1.0 - ── + ─────────────────────
	             x₂             x₁         

[00:00:00:11.53] Training epoch 10/14, current best R: 0.4878
[00:00:00:13.58] Training epoch 12/14, current best R: 0.4878

	** New best
	Reward: 0.48784161923995817
	Count Off-policy: False
	Count On-policy: True
	Originally on Policy: True
	Invalid: False
	Traversal: mul,mul,div,x1,add,1.0,sub,mul,x2,inv,sub,div,1.0000005755906862,inv,x1,x1,x1,0.01589284948695993,0.01589284948695993
	Expression:
	       0.0002525826648151625⋅x₁    
	  ─────────────────────────────────
	              1737345.6936925034⋅x₂
	  -x₁ + 1.0 + ─────────────────────
	                        x₁         

[00:00:00:15.52] Ending training after epoch 14/14, current best R: 0.4878
-- RUNNING EPOCHS END ---------------

-- EVALUATION START ----------------
Saving Hall of Fame to ./log/regression_config_regression_VPG.json_FeynmanIIICh15Eq14.in_normal_0.0_2023-05-29-051047/dso_regression_config_regression_VPG.json_FeynmanIIICh15Eq14.in_normal_0.0_0_hof.csv
Saving Pareto Front to ./log/regression_config_regression_VPG.json_FeynmanIIICh15Eq14.in_normal_0.0_2023-05-29-051047/dso_regression_config_regression_VPG.json_FeynmanIIICh15Eq14.in_normal_0.0_0_pf.csv
Invalid expressions: 872 of 14336 (6.1%).
Error type counts:
  true_divide: 283 (32.5%)
  reciprocal: 589 (67.5%)
Error node counts:
  divide: 869 (99.7%)
  invalid: 3 (0.3%)
-- EVALUATION END ------------------
== TRAINING SEED 0 END ==============
INFO: Completed run 1 of 1 in 17 s

== POST-PROCESS START =================
-- LOADING LOGS START ----------------
json configure file: ./log/regression_config_regression_VPG.json_FeynmanIIICh15Eq14.in_normal_0.0_2023-05-29-051047
Successfully loaded summary data
Successfully loaded Hall of Fame data
Successfully loaded Pareto Front data
-- LOADING LOGS END ------------------

-- ANALYZING LOG START --------------
Task_____________regression
Source path______./log/regression_config_regression_VPG.json_FeynmanIIICh15Eq14.in_normal_0.0_2023-05-29-051047
Runs_____________1
Max Samples/run__15000
Success_rate_____0.0
Hall of Fame (Top 5 of 100)____
    0: S=000 R=0.487842 <-- [0.0002525826648151625*x1/(-x1 + 1.0 + 1737345.6936925034*x2/x1)]
    1: S=000 R=0.487842 <-- [0.00025250451685162326*x1/(x2 + 1.0 - 1/x2 + 1742019.4731929175*x2/x1)]
    2: S=000 R=0.487789 <-- [x1*(x1**2 + 0.00015878134800695605*x1/(x2*(1.0000006834492452 + x2/x1)))]
    3: S=000 R=0.487789 <-- [x1**2/(2*x2**2*(x1 - x2 + 3148.8003942523939/x1))]
    4: S=000 R=0.487789 <-- [0.00015878121268762317*x1**3/(x2*(-x1**2 + x2))]
  Saving Hall of Fame plot to ./log/regression_config_regression_VPG.json_FeynmanIIICh15Eq14.in_normal_0.0_2023-05-29-051047/dso_regression_config_regression_VPG.json_FeynmanIIICh15Eq14.in_normal_0.0_plot_hof.png
Pareto Front (5 of 7)____
    0: S=000 R=0.487842 C=23.00 <-- [0.0002525826648151625*x1/(-x1 + 1.0 + 1737345.6936925034*x2/x1)]
    1: S=000 R=0.487842 C=21.00 <-- [0.00025250451685162326*x1/(x2 + 1.0 - 1/x2 + 1742019.4731929175*x2/x1)]
    2: S=000 R=0.487789 C=20.00 <-- [0.00015878121268762317*x1**3/(x2*(-x1**2 + x2))]
    3: S=000 R=0.487775 C=12.00 <-- [0.2408472742054832*x1**2]
    4: S=000 R=0.487775 C=8.00 <-- [0.24073050312319055*x1**2]
  Saving Pareto Front plot to ./log/regression_config_regression_VPG.json_FeynmanIIICh15Eq14.in_normal_0.0_2023-05-29-051047/dso_regression_config_regression_VPG.json_FeynmanIIICh15Eq14.in_normal_0.0_plot_pf.png
-- ANALYZING LOG END ----------------
== POST-PROCESS END ===================
