debug /depot/yexiang/apps/jiang631/data/scibench/data/unencrypted/equations_feynman/FeynmanIICh6Eq11.in
!!!!!!!!!!!!!!!!!!!!!!!!!!!!!i /depot/yexiang/apps/jiang631/data/scibench/data/unencrypted/equations_feynman/FeynmanIICh6Eq11.in
['mul', 28235825615.541, 'mul', 'X_0', 'mul', 'pow', 3.141592653589793, -1, 'mul', 'pow', 'X_2', -2, 'cos', 'X_1']
--------------------
eq_name 	 feynman-ii.6.11
num_vars 	 3
vars_range_and_types 	 [{"name": "LogUniform", "range": [1e-22, 1e-20], "only_positive": false}, {"name": "Uniform", "range": [0, 6.283185307179586], "only_positive": true}, {"name": "LogUniform", "range": [1e-10, 1e-08], "only_positive": true}]
function_set 	 ['add', 'sub', 'mul', 'div', 'sin', 'cos', 'exp', 'log', 'const']
eq_expression 	 mul,28235825615.541,mul,X_0,mul,pow,3.141592653589793,-1,mul,pow,X_2,-2,cos,X_1
expr 	 28235825615.541*X_0*cos(X_1)/(pi*X_2**2)
--------------------

== EXPERIMENT SETUP START ===========
Task type            : regression
Starting seed        : 0
Runs                 : 1
== EXPERIMENT SETUP END =============

== TRAINING SEED 0 START ============
self.dataX <dso.symbolic_data_generator.DataX object at 0x2b8a4a202898>, self.data_query_oracle: <dso.symbolic_equation_evaluator_public.Equation_evaluator object at 0x2b8a30a26d68>
generate dataset!
-- BUILDING PRIOR START -------------
WARNING: Skipping invalid 'RelationalConstraint' with arguments {'targets': [], 'effectors': [], 'relationship': None}. Reason: Prior disabled.
WARNING: Skipping invalid 'TrigConstraint' with arguments {}. Reason: There are no target Tokens.
WARNING: Skipping invalid 'UniformArityPrior' with arguments {}. Reason: Prior disabled.
WARNING: Skipping invalid 'LanguageModelPrior' with arguments {'weight': None}. Reason: Prior disabled.
LengthConstraint: Sequences have minimum length 4.
                  Sequences have maximum length 256.
RepeatConstraint: [const] cannot occur more than 10 times.
RelationalConstraint: [inv] cannot be a child of [inv].
ConstConstraint: [const] cannot be the only unique child of [inv, add, sub, mul, div].
NoInputsConstraint: Sequences contain at least one input variable Token.
SoftLengthPrior: No description available.
-- BUILDING PRIOR END ---------------

-- RUNNING EPOCHS START -------------
[00:00:00:02.47] Training epoch 1/14, current best R: 0.5002

	** New best
	Reward: 0.5002088902878898
	Count Off-policy: False
	Count On-policy: True
	Originally on Policy: True
	Invalid: False
	Traversal: sub,x1,mul,add,x3,add,x1,sub,div,inv,x3,mul,sub,-0.022385859029658114,x2,1.1127252405489212,x1,-0.0023628350447883538
	Expression:
	                                                0.0023628350447883538           
	  x₁ + 0.0023628350447883538⋅x₃ + ──────────────────────────────────────────────
	                                  x₃⋅(-1.1127252405489212⋅x₂ - 0.024909310373670

    
	  ────
	  565)

[00:00:00:04.91] Training epoch 2/14, current best R: 0.5002

	** New best
	Reward: 0.5002202481269683
	Count Off-policy: False
	Count On-policy: True
	Originally on Policy: True
	Invalid: False
	Traversal: add,x1,inv,sub,mul,sub,x2,add,div,mul,x2,sub,x2,-2.8378994995207742,0.006620349631430019,9.04861282300046,x3,x3
	Expression:
	                                               1                                
	  x₁ + ─────────────────────────────────────────────────────────────────────────
	       x₃⋅(-151.0494242256502⋅x₂⋅(x₂ + 2.8378994995207742) + x₂ - 9.048612823000

        
	  ────────
	  46) - x₃

[00:00:00:11.24] Training epoch 6/14, current best R: 0.5033

	** New best
	Reward: 0.5032565623166508
	Count Off-policy: False
	Count On-policy: True
	Originally on Policy: True
	Invalid: False
	Traversal: add,div,add,inv,mul,add,mul,x3,x2,x3,mul,mul,x3,sub,div,1.0000512292153874,x1,inv,x1,x2,x3,0.00014057053427024137,x3
	Expression:
	  138863465.74143113⋅x₁                        
	  ───────────────────── + 7114.8663959086831⋅x₃
	    x₂⋅x₃⋅(x₂⋅x₃ + x₃)                         

[00:00:00:16.37] Training epoch 10/14, current best R: 0.5033
[00:00:00:22.53] Ending training after epoch 14/14, current best R: 0.5033
-- RUNNING EPOCHS END ---------------

-- EVALUATION START ----------------
Saving Hall of Fame to ./log/regression_config_regression_PQT.json_FeynmanIICh6Eq11.in_normal_0.0_2023-05-29-051041/dso_regression_config_regression_PQT.json_FeynmanIICh6Eq11.in_normal_0.0_0_hof.csv
Saving Pareto Front to ./log/regression_config_regression_PQT.json_FeynmanIICh6Eq11.in_normal_0.0_2023-05-29-051041/dso_regression_config_regression_PQT.json_FeynmanIICh6Eq11.in_normal_0.0_0_pf.csv
Invalid expressions: 399 of 14336 (2.8%).
Error type counts:
  reciprocal: 236 (59.1%)
  true_divide: 163 (40.9%)
Error node counts:
  divide: 397 (99.5%)
  invalid: 2 (0.5%)

Priority queue entry 0:
	Reward: 0.5032565623166508
	Count Off-policy: False
	Count On-policy: True
	Originally on Policy: True
	Invalid: False
	Traversal: add,div,add,inv,mul,add,mul,x3,x2,x3,mul,mul,x3,sub,div,1.0000512292153874,x1,inv,x1,x2,x3,0.00014057053427024137,x3
	Expression:
	  138863465.74143113⋅x₁                        
	  ───────────────────── + 7114.8663959086831⋅x₃
	    x₂⋅x₃⋅(x₂⋅x₃ + x₃)                         


Priority queue entry 1:
	Reward: 0.5008272138401272
	Count Off-policy: False
	Count On-policy: True
	Originally on Policy: True
	Invalid: False
	Traversal: inv,div,add,x3,mul,add,sub,add,x2,mul,add,1.0,mul,1.0,x2,x1,1.0591181988492022,x2,x3,0.0005072277030181451
	Expression:
	                                               1                                
	  ──────────────────────────────────────────────────────────────────────────────
	  1971.501150370383⋅x₃⋅(x₁⋅(1.0⋅x₂ + 1.0) + 2⋅x₂ - 1.0591181988492022) + 1971.50

             
	  ─────────────
	  1150370383⋅x₃


Priority queue entry 2:
	Reward: 0.5002202481269683
	Count Off-policy: False
	Count On-policy: True
	Originally on Policy: True
	Invalid: False
	Traversal: add,x1,inv,sub,mul,sub,x2,add,div,mul,x2,sub,x2,-2.8378994995207742,0.006620349631430019,9.04861282300046,x3,x3
	Expression:
	                                               1                                
	  x₁ + ─────────────────────────────────────────────────────────────────────────
	       x₃⋅(-151.0494242256502⋅x₂⋅(x₂ + 2.8378994995207742) + x₂ - 9.048612823000

        
	  ────────
	  46) - x₃


Priority queue entry 3:
	Reward: 0.5002088902897722
	Count Off-policy: False
	Count On-policy: True
	Originally on Policy: True
	Invalid: False
	Traversal: mul,-0.002123382833293827,add,add,inv,mul,sub,x2,mul,div,x1,x1,-0.022382347021734063,x3,x2,x2
	Expression:
	                                  0.002123382833293827     
	  -0.004246765666587654⋅x₂ - ──────────────────────────────
	                             x₃⋅(x₂ + 0.022382347021734063)


Priority queue entry 4:
	Reward: 0.5002088902878898
	Count Off-policy: False
	Count On-policy: True
	Originally on Policy: True
	Invalid: False
	Traversal: sub,x1,mul,add,x3,add,x1,sub,div,inv,x3,mul,sub,-0.022385859029658114,x2,1.1127252405489212,x1,-0.0023628350447883538
	Expression:
	                                                0.0023628350447883538           
	  x₁ + 0.0023628350447883538⋅x₃ + ──────────────────────────────────────────────
	                                  x₃⋅(-1.1127252405489212⋅x₂ - 0.024909310373670

    
	  ────
	  565)


Priority queue entry 5:
	Reward: 0.5001819667141556
	Count Off-policy: False
	Count On-policy: True
	Originally on Policy: True
	Invalid: False
	Traversal: add,x2,add,x3,inv,mul,x3,mul,mul,x3,x3,div,26.594493052804033,div,mul,x1,x1,x1
	Expression:
	  0.037601769584946587⋅x₁          
	  ─────────────────────── + x₂ + x₃
	              3                    
	            x₃                     


Priority queue entry 6:
	Reward: 0.5001397653372487
	Count Off-policy: False
	Count On-policy: True
	Originally on Policy: True
	Invalid: False
	Traversal: inv,mul,div,sub,sub,1.9433646489879466,inv,sub,1.2314370000343555,sub,x1,1.2314370000343557,inv,x2,-0.0005074651331967124,x3
	Expression:
	                                    1                                  
	  ─────────────────────────────────────────────────────────────────────
	     ⎛                          1970.57873454404      1970.57873454404⎞
	  x₃⋅⎜-3829.5530507602894 + ─────────────────────── + ────────────────⎟
	     ⎝                      2.4628740000687112 - x₁          x₂       ⎠


Priority queue entry 7:
	Reward: 0.5000870539331522
	Count Off-policy: False
	Count On-policy: True
	Originally on Policy: True
	Invalid: False
	Traversal: inv,div,mul,sub,sub,sub,inv,add,sub,1.185973681353786,add,0.8139118157696731,x2,x3,x3,1.4166843680212922,1.4166843680212922,x3,-0.0011784323053264513
	Expression:
	                     -0.0011784323053264513                    
	  ─────────────────────────────────────────────────────────────
	     ⎛                                         1              ⎞
	  x₃⋅⎜-x₃ - 2.8333687360425844 + ─────────────────────────────⎟
	     ⎝                           -x₂ + x₃ + 0.3720618655841129⎠


Priority queue entry 8:
	Reward: 0.5000801106590714
	Count Off-policy: False
	Count On-policy: True
	Originally on Policy: True
	Invalid: False
	Traversal: sub,sub,1.0,mul,add,add,x1,x3,inv,sub,mul,x1,add,1.0,inv,x3,sub,x1,x3,-0.0030370378415314086,1.0
	Expression:
	                                                         0.0030370378415314086 
	  0.0030370378415314086⋅x₁ + 0.0030370378415314086⋅x₃ + ───────────────────────
	                                                           ⎛      1 ⎞          
	                                                        x₁⋅⎜1.0 + ──⎟ - x₁ + x₃
	                                                           ⎝      x₃⎠          


Priority queue entry 9:
	Reward: 0.5000267848040141
	Count Off-policy: False
	Count On-policy: True
	Originally on Policy: True
	Invalid: False
	Traversal: mul,mul,inv,x3,add,x2,-1.8716419148000223,add,x1,sub,mul,div,add,mul,x2,-1.0005570823425178,x2,x3,x3,-0.0031191733329883294
	Expression:
	  (x₂ - 1.8716419148000223)⋅(x₁ - 0.00055708234251779926⋅x₂ + 0.0031191733329883
	  ──────────────────────────────────────────────────────────────────────────────
	                                          x₃                                    

	  294)
	  ────
    

-- EVALUATION END ------------------
== TRAINING SEED 0 END ==============
INFO: Completed run 1 of 1 in 24 s

== POST-PROCESS START =================
-- LOADING LOGS START ----------------
json configure file: ./log/regression_config_regression_PQT.json_FeynmanIICh6Eq11.in_normal_0.0_2023-05-29-051041
Successfully loaded summary data
Successfully loaded Hall of Fame data
Successfully loaded Pareto Front data
-- LOADING LOGS END ------------------

-- ANALYZING LOG START --------------
Task_____________regression
Source path______./log/regression_config_regression_PQT.json_FeynmanIICh6Eq11.in_normal_0.0_2023-05-29-051041
Runs_____________1
Max Samples/run__15000
Success_rate_____0.0
Hall of Fame (Top 5 of 100)____
    0: S=000 R=0.503257 <-- [138863465.74143113*x1/(x2*x3*(x2*x3 + x3)) + 7114.8663959086831*x3]
    1: S=000 R=0.500827 <-- [1/(1971.501150370383*x3*(x1*(1.0*x2 + 1.0) + 2*x2 - 1.0591181988492022) + 1971.501150370383*x3)]
    2: S=000 R=0.500220 <-- [x1 + 1/(x3*(-151.0494242256502*x2*(x2 + 2.8378994995207742) + x2 - 9.04861282300046) - x3)]
    3: S=000 R=0.500209 <-- [-0.004246765666587654*x2 - 0.002123382833293827/(x3*(x2 + 0.022382347021734063))]
    4: S=000 R=0.500209 <-- [x1 + 0.0023628350447883538*x3 + 0.0023628350447883538/(x3*(-1.1127252405489212*x2 - 0.024909310373670565))]
  Saving Hall of Fame plot to ./log/regression_config_regression_PQT.json_FeynmanIICh6Eq11.in_normal_0.0_2023-05-29-051041/dso_regression_config_regression_PQT.json_FeynmanIICh6Eq11.in_normal_0.0_plot_hof.png
Pareto Front (5 of 10)____
    0: S=000 R=0.503257 C=27.00 <-- [138863465.74143113*x1/(x2*x3*(x2*x3 + x3)) + 7114.8663959086831*x3]
    1: S=000 R=0.500827 C=22.00 <-- [1/(1971.501150370383*x3*(x1*(1.0*x2 + 1.0) + 2*x2 - 1.0591181988492022) + 1971.501150370383*x3)]
    2: S=000 R=0.500220 C=20.00 <-- [x1 + 1/(x3*(-151.0494242256502*x2*(x2 + 2.8378994995207742) + x2 - 9.04861282300046) - x3)]
    3: S=000 R=0.500209 C=18.00 <-- [-0.004246765666587654*x2 - 0.002123382833293827/(x3*(x2 + 0.022382347021734063))]
    4: S=000 R=0.500014 C=12.00 <-- [(-1.0*x3 - 9.231602827930452e-5)/(x2*x3)]
  Saving Pareto Front plot to ./log/regression_config_regression_PQT.json_FeynmanIICh6Eq11.in_normal_0.0_2023-05-29-051041/dso_regression_config_regression_PQT.json_FeynmanIICh6Eq11.in_normal_0.0_plot_pf.png
-- ANALYZING LOG END ----------------
== POST-PROCESS END ===================
