debug /depot/yexiang/apps/jiang631/data/scibench/data/unencrypted/equations_feynman/FeynmanIIICh10Eq19.in
!!!!!!!!!!!!!!!!!!!!!!!!!!!!!i /depot/yexiang/apps/jiang631/data/scibench/data/unencrypted/equations_feynman/FeynmanIIICh10Eq19.in
['mul', 'X_0', 'pow', 'add', 'pow', 'X_1', 2, 'add', 'pow', 'X_2', 2, 'pow', 'X_3', 2, 0.5]
--------------------
eq_name 	 feynman-iii.10.19
num_vars 	 4
vars_range_and_types 	 [{"name": "LogUniform", "range": [1e-25, 1e-23], "only_positive": false}, {"name": "LogUniform", "range": [0.001, 0.1], "only_positive": false}, {"name": "LogUniform", "range": [0.001, 0.1], "only_positive": false}, {"name": "LogUniform", "range": [0.001, 0.1], "only_positive": false}]
function_set 	 ['add', 'sub', 'mul', 'div', 'sin', 'cos', 'exp', 'log', 'const']
eq_expression 	 mul,X_0,pow,add,pow,X_1,2,add,pow,X_2,2,pow,X_3,2,0.5
expr 	 X_0*sqrt(X_1**2 + X_2**2 + X_3**2)
--------------------

== EXPERIMENT SETUP START ===========
Task type            : regression
Starting seed        : 0
Runs                 : 1
== EXPERIMENT SETUP END =============

== TRAINING SEED 0 START ============
self.dataX <dso.symbolic_data_generator.DataX object at 0x2b16aa4a9898>, self.data_query_oracle: <dso.symbolic_equation_evaluator_public.Equation_evaluator object at 0x2b1690d2bd68>
generate dataset!
-- BUILDING PRIOR START -------------
WARNING: Skipping invalid 'RelationalConstraint' with arguments {'targets': [], 'effectors': [], 'relationship': None}. Reason: Prior disabled.
WARNING: Skipping invalid 'TrigConstraint' with arguments {}. Reason: There are no target Tokens.
WARNING: Skipping invalid 'UniformArityPrior' with arguments {}. Reason: Prior disabled.
WARNING: Skipping invalid 'LanguageModelPrior' with arguments {'weight': None}. Reason: Prior disabled.
LengthConstraint: Sequences have minimum length 4.
                  Sequences have maximum length 256.
RepeatConstraint: [const] cannot occur more than 10 times.
RelationalConstraint: [inv] cannot be a child of [inv].
ConstConstraint: [const] cannot be the only unique child of [inv, add, sub, mul, div].
NoInputsConstraint: Sequences contain at least one input variable Token.
SoftLengthPrior: No description available.
-- BUILDING PRIOR END ---------------

-- RUNNING EPOCHS START -------------
[00:00:00:02.22] Training epoch 1/14, current best R: 0.6469

	** New best
	Reward: 0.646861022990204
	Count Off-policy: False
	Count On-policy: True
	Originally on Policy: True
	Invalid: False
	Traversal: mul,0.055134399851670145,div,x1,add,2.223046262779368,div,sub,mul,div,mul,1.5146333714454314,add,sub,x3,x2,x3,0.5049952324493624,x4,x4,x4
	Expression:
	                            0.055134399851670145⋅x₁                           
	  ────────────────────────────────────────────────────────────────────────────
	                      x₄⋅(-2.9993023183586369⋅x₂ + 5.9986046367172739⋅x₃) - x₄
	  2.223046262779368 + ────────────────────────────────────────────────────────
	                                                 x₄                           

[00:00:00:05.06] Training epoch 3/14, current best R: 0.6522

	** New best
	Reward: 0.6521642325758208
	Count Off-policy: False
	Count On-policy: True
	Originally on Policy: True
	Invalid: False
	Traversal: mul,add,0.046568095282324674,sub,mul,x4,add,sub,mul,mul,x4,sub,x2,1.0,x1,x3,x4,x1,x1
	Expression:
	  x₁⋅(-x₁ + x₄⋅(x₁⋅x₄⋅(x₂ - 1.0) - x₃ + x₄) + 0.046568095282324674)

[00:00:00:07.24] Training epoch 5/14, current best R: 0.6792

	** New best
	Reward: 0.6791530246999742
	Count Off-policy: False
	Count On-policy: True
	Originally on Policy: True
	Invalid: False
	Traversal: div,x1,add,add,sub,mul,div,x3,div,div,x2,x3,-1655.8907985798849,x2,x1,x2,23.651225146218113
	Expression:
	                            x₁                          
	  ──────────────────────────────────────────────────────
	                                  2                     
	  -x₁ + x₂ - 1655.8907985798849⋅x₃  + 23.651225146218113

[00:00:00:13.60] Training epoch 10/14, current best R: 0.6792
[00:00:00:20.90] Ending training after epoch 14/14, current best R: 0.6792
-- RUNNING EPOCHS END ---------------

-- EVALUATION START ----------------
Saving Hall of Fame to ./log/regression_config_regression_DSR.json_FeynmanIIICh10Eq19.in_normal_0.0_2023-05-29-051745/dso_regression_config_regression_DSR.json_FeynmanIIICh10Eq19.in_normal_0.0_0_hof.csv
Saving Pareto Front to ./log/regression_config_regression_DSR.json_FeynmanIIICh10Eq19.in_normal_0.0_2023-05-29-051745/dso_regression_config_regression_DSR.json_FeynmanIIICh10Eq19.in_normal_0.0_0_pf.csv
Invalid expressions: 404 of 14336 (2.8%).
Error type counts:
  true_divide: 183 (45.3%)
  reciprocal: 221 (54.7%)
Error node counts:
  divide: 404 (100.0%)
-- EVALUATION END ------------------
== TRAINING SEED 0 END ==============
INFO: Completed run 1 of 1 in 22 s

== POST-PROCESS START =================
-- LOADING LOGS START ----------------
json configure file: ./log/regression_config_regression_DSR.json_FeynmanIIICh10Eq19.in_normal_0.0_2023-05-29-051745
Successfully loaded summary data
Successfully loaded Hall of Fame data
Successfully loaded Pareto Front data
-- LOADING LOGS END ------------------

-- ANALYZING LOG START --------------
Task_____________regression
Source path______./log/regression_config_regression_DSR.json_FeynmanIIICh10Eq19.in_normal_0.0_2023-05-29-051745
Runs_____________1
Max Samples/run__15000
Success_rate_____0.0
Hall of Fame (Top 5 of 100)____
    0: S=000 R=0.679153 <-- [x1/(-x1 + x2 - 1655.8907985798849*x3**2 + 23.651225146218113)]
    1: S=000 R=0.673883 <-- [x1*(x4 + 1/x2)/(-1649.028243234793*x2 + 1.045484805958405 + 23.396709147810443/x2)]
    2: S=000 R=0.660127 <-- [x1/(-746.09917041536316*x3*(-x1 + x3 - 0.07722950402246287) + x3 + 21.2356414816763)]
    3: S=000 R=0.652164 <-- [x1*(-x1 + x4*(x1*x4*(x2 - 1.0) - x3 + x4) + 0.046568095282324674)]
    4: S=000 R=0.651369 <-- [x1*(x2*(x2 + x3*(x1 + x3 - 0.99999843290990647*x4**2)) + 0.0466283141207977)]
  Saving Hall of Fame plot to ./log/regression_config_regression_DSR.json_FeynmanIIICh10Eq19.in_normal_0.0_2023-05-29-051745/dso_regression_config_regression_DSR.json_FeynmanIIICh10Eq19.in_normal_0.0_plot_hof.png
Pareto Front (5 of 6)____
    0: S=000 R=0.679153 C=21.00 <-- [x1/(-x1 + x2 - 1655.8907985798849*x3**2 + 23.651225146218113)]
    1: S=000 R=0.652164 C=19.00 <-- [x1*(-x1 + x4*(x1*x4*(x2 - 1.0) - x3 + x4) + 0.046568095282324674)]
    2: S=000 R=0.649709 C=14.00 <-- [x1/(-x2*(x4 - 1/(x2 + 0.10571343301717767)) + 21.089927469907323)]
    3: S=000 R=0.646271 C=8.00 <-- [0.008602981053865477*x1/(x4 + 0.19003313935791308)]
    4: S=000 R=0.643795 C=7.00 <-- [x1/(x4 + 20.976499270242872)]
  Saving Pareto Front plot to ./log/regression_config_regression_DSR.json_FeynmanIIICh10Eq19.in_normal_0.0_2023-05-29-051745/dso_regression_config_regression_DSR.json_FeynmanIIICh10Eq19.in_normal_0.0_plot_pf.png
-- ANALYZING LOG END ----------------
== POST-PROCESS END ===================
