debug /depot/yexiang/apps/jiang631/data/scibench/data/unencrypted/equations_feynman/FeynmanIICh35Eq21.in
!!!!!!!!!!!!!!!!!!!!!!!!!!!!!i /depot/yexiang/apps/jiang631/data/scibench/data/unencrypted/equations_feynman/FeynmanIICh35Eq21.in
['mul', 'X_0', 'mul', 'X_1', 'mul', 7.24297051603992e+22, 'mul', 'X_1', 'mul', 'X_2', 'pow', 'X_3', -1]
--------------------
eq_name 	 feynman-ii.35.21
num_vars 	 4
vars_range_and_types 	 [{"name": "LogUniform", "range": [1e+23, 1e+25], "only_positive": true}, {"name": "LogUniform", "range": [1e-25, 1e-23], "only_positive": true}, {"name": "LogUniform", "range": [0.001, 0.1], "only_positive": true}, {"name": "LogUniform", "range": [10.0, 1000.0], "only_positive": true}]
function_set 	 ['add', 'sub', 'mul', 'div', 'sin', 'cos', 'exp', 'log', 'const']
eq_expression 	 mul,X_0,mul,X_1,mul,7.24297051603992e+22,mul,X_1,mul,X_2,pow,X_3,-1
expr 	 X_0*X_1*tanh(7.24297051603992e+22*X_1*X_2/X_3)
--------------------

== EXPERIMENT SETUP START ===========
Task type            : regression
Starting seed        : 0
Runs                 : 1
== EXPERIMENT SETUP END =============

== TRAINING SEED 0 START ============
self.dataX <dso.symbolic_data_generator.DataX object at 0x2b2f4de512e8>, self.data_query_oracle: <dso.symbolic_equation_evaluator_public.Equation_evaluator object at 0x2b2f6cef3da0>
generate dataset!
-- BUILDING PRIOR START -------------
WARNING: Skipping invalid 'RelationalConstraint' with arguments {'targets': [], 'effectors': [], 'relationship': None}. Reason: Prior disabled.
WARNING: Skipping invalid 'TrigConstraint' with arguments {}. Reason: There are no target Tokens.
WARNING: Skipping invalid 'UniformArityPrior' with arguments {}. Reason: Prior disabled.
WARNING: Skipping invalid 'LanguageModelPrior' with arguments {'weight': None}. Reason: Prior disabled.
LengthConstraint: Sequences have minimum length 4.
                  Sequences have maximum length 256.
RepeatConstraint: [const] cannot occur more than 10 times.
RelationalConstraint: [inv] cannot be a child of [inv].
ConstConstraint: [const] cannot be the only unique child of [inv, add, sub, mul, div].
NoInputsConstraint: Sequences contain at least one input variable Token.
SoftLengthPrior: No description available.
-- BUILDING PRIOR END ---------------

-- RUNNING EPOCHS START -------------
gen	iter	pop_size	nevals	uncached_size	best_val              	timer 
0  	0   	1024    	1024  	1024         	(-0.6650798381854156,)	2.2051
1  	1   	1024    	765   	683          	(-0.6650798381868714,)	1.19872
2  	2   	1024    	729   	626          	(-0.6771610851027027,)	2.73812
3  	3   	1024    	744   	620          	(-0.7473966650643202,)	2.99913
4  	4   	1024    	746   	638          	(-0.7483237163592787,)	2.81534
5  	5   	1024    	743   	647          	(-0.7570875848871772,)	3.04463
6  	6   	1024    	768   	652          	(-0.7570875848871772,)	4.13232
7  	7   	1024    	766   	653          	(-0.7578337644140808,)	6.27219
8  	8   	1024    	795   	688          	(-0.7874871272850392,)	5.71824
9  	9   	1024    	762   	662          	(-0.7883100285634869,)	9.3655 

--------------------------------------------------
GP Time: 40.7284

Unique expressions evaluated: 7837
Total expression evaluations: 7842
--------------------------------------------------

GP -> best program this epoch:

	Reward: 0.7883100285634869
	Count Off-policy: 1
	Count On-policy: 0
	Originally on Policy: False
	Invalid: False
	Traversal: div,x4,div,x3,div,div,div,x3,div,inv,add,x4,mul,mul,mul,sub,-799.9774864706492,add,x4,x2,add,x3,2.38790126809156,x1,x2,-7.491247820174325e-05,div,div,add,x4,div,0.056248118574782624,div,inv,sub,add,x4,mul,mul,x4,x1,x2,add,x4,mul,mul,mul,sub,-1.3971661338952412,x4,add,x3,-3.3232995266404584,x1,x2,0.05330100498868796,add,x2,x2,div,x3,x4,x2
	Expression:
	   2⋅x₃⋅(-7.491247820174325e-5⋅x₁⋅x₂⋅(x₃ + 2.38790126809156)⋅(-x₂ - x₄ - 799.977
	  ──────────────────────────────────────────────────────────────────────────────
	  0.0029980812487588006⋅x₁⋅x₂⋅x₄ - 0.0029980812487588006⋅x₁⋅x₂⋅(x₃ - 3.323299526

	  4864706492) - 7.491247820174325e-5⋅x₄)  
	  ────────────────────────────────────────
	  6404584)⋅(-x₄ - 1.3971661338952412) + x₄

None

--------------------------------------------------

[00:00:00:46.37] Training epoch 1/14, current best R: 0.7883

	** New best
	Reward: 0.7883100285634869
	Count Off-policy: 1
	Count On-policy: 0
	Originally on Policy: False
	Invalid: False
	Traversal: div,x4,div,x3,div,div,div,x3,div,inv,add,x4,mul,mul,mul,sub,-799.9774864706492,add,x4,x2,add,x3,2.38790126809156,x1,x2,-7.491247820174325e-05,div,div,add,x4,div,0.056248118574782624,div,inv,sub,add,x4,mul,mul,x4,x1,x2,add,x4,mul,mul,mul,sub,-1.3971661338952412,x4,add,x3,-3.3232995266404584,x1,x2,0.05330100498868796,add,x2,x2,div,x3,x4,x2
	Expression:
	   2⋅x₃⋅(-7.491247820174325e-5⋅x₁⋅x₂⋅(x₃ + 2.38790126809156)⋅(-x₂ - x₄ - 799.977
	  ──────────────────────────────────────────────────────────────────────────────
	  0.0029980812487588006⋅x₁⋅x₂⋅x₄ - 0.0029980812487588006⋅x₁⋅x₂⋅(x₃ - 3.323299526

	  4864706492) - 7.491247820174325e-5⋅x₄)  
	  ────────────────────────────────────────
	  6404584)⋅(-x₄ - 1.3971661338952412) + x₄

10 	0   	1024    	1024  	1020         	(-0.5534760554729397,)	0.840765
11 	1   	1024    	763   	664          	(-0.5675035728677668,)	0.812891
12 	2   	1024    	767   	660          	(-0.5675035728677668,)	1.54407 
13 	3   	1024    	793   	666          	(-0.7517186707820481,)	2.23935 
14 	4   	1024    	769   	615          	(-0.7517490803826755,)	4.33177 
15 	5   	1024    	750   	612          	(-0.7517490803826755,)	2.50868 
16 	6   	1024    	770   	640          	(-0.7553414168013501,)	3.49066 
17 	7   	1024    	758   	647          	(-0.7597369408267463,)	4.04866 
18 	8   	1024    	793   	687          	(-0.771733011041805,) 	5.41525 
19 	9   	1024    	760   	672          	(-0.7903245488837946,)	8.08386 

--------------------------------------------------
GP Time: 33.5625

Unique expressions evaluated: 15671
Total expression evaluations: 15789
--------------------------------------------------

GP -> best program this epoch:

	Reward: 0.7903245488837946
	Count Off-policy: 1
	Count On-policy: 0
	Originally on Policy: False
	Invalid: False
	Traversal: mul,add,mul,x1,x2,inv,x4,div,add,1.2387858024037197,sub,div,sub,x1,x3,div,189.36564650220907,x2,mul,add,x1,x4,inv,x1,div,x4,x3
	Expression:
	     ⎛        1 ⎞ ⎛                                                          x₁ 
	  x₃⋅⎜x₁⋅x₂ + ──⎟⋅⎜0.0052807888784005729⋅x₂⋅(x₁ - x₃) + 1.2387858024037197 - ───
	     ⎝        x₄⎠ ⎝                                                             
	  ──────────────────────────────────────────────────────────────────────────────
	                                           x₄                                   

	  + x₄⎞
	  ────⎟
	  x₁  ⎠
	  ─────
     

None

--------------------------------------------------

[00:00:01:25.03] Training epoch 2/14, current best R: 0.7903

	** New best
	Reward: 0.7903245488837946
	Count Off-policy: 1
	Count On-policy: 0
	Originally on Policy: False
	Invalid: False
	Traversal: mul,add,mul,x1,x2,inv,x4,div,add,1.2387858024037197,sub,div,sub,x1,x3,div,189.36564650220907,x2,mul,add,x1,x4,inv,x1,div,x4,x3
	Expression:
	     ⎛        1 ⎞ ⎛                                                          x₁ 
	  x₃⋅⎜x₁⋅x₂ + ──⎟⋅⎜0.0052807888784005729⋅x₂⋅(x₁ - x₃) + 1.2387858024037197 - ───
	     ⎝        x₄⎠ ⎝                                                             
	  ──────────────────────────────────────────────────────────────────────────────
	                                           x₄                                   

	  + x₄⎞
	  ────⎟
	  x₁  ⎠
	  ─────
     

-- RUNNING EPOCHS END ---------------

-- EVALUATION START ----------------
Saving Hall of Fame to ./log/regression_config_regression_GPMELD.json_FeynmanIICh35Eq21.in_normal_0.0_2023-05-29-051453/dso_regression_config_regression_GPMELD.json_FeynmanIICh35Eq21.in_normal_0.0_0_hof.csv
Saving Pareto Front to ./log/regression_config_regression_GPMELD.json_FeynmanIICh35Eq21.in_normal_0.0_2023-05-29-051453/dso_regression_config_regression_GPMELD.json_FeynmanIICh35Eq21.in_normal_0.0_0_pf.csv
Invalid expressions: 256 of 17837 (1.4%).
Error type counts:
  true_divide: 137 (53.5%)
  reciprocal: 119 (46.5%)
Error node counts:
  divide: 254 (99.2%)
  invalid: 2 (0.8%)
-- EVALUATION END ------------------
== TRAINING SEED 0 END ==============
INFO: Completed run 1 of 1 in 86 s

== POST-PROCESS START =================
-- LOADING LOGS START ----------------
json configure file: ./log/regression_config_regression_GPMELD.json_FeynmanIICh35Eq21.in_normal_0.0_2023-05-29-051453
Successfully loaded summary data
Successfully loaded Hall of Fame data
Successfully loaded Pareto Front data
-- LOADING LOGS END ------------------

-- ANALYZING LOG START --------------
Task_____________regression
Source path______./log/regression_config_regression_GPMELD.json_FeynmanIICh35Eq21.in_normal_0.0_2023-05-29-051453
Runs_____________1
Max Samples/run__15000
Success_rate_____0.0
Hall of Fame (Top 5 of 100)____
    0: S=000 R=0.790325 <-- [x3*(x1*x2 + 1/x4)*(0.0052807888784005729*x2*(x1 - x3) + 1.2387858024037197 - (x1 + x4)/x1)/x4]
    1: S=000 R=0.790325 <-- [x3*(x1*x2 + 1/x4)*(0.0052807888784005729*x2*(x1 - x3) + 1.2387858024037197 - (x1 + x4)/x1)/x4]
    2: S=000 R=0.788310 <-- [2*x3*(-7.491247820174325e-5*x1*x2*(x3 + 2.38790126809156)*(-x2 - x4 - 799.9774864706492) - 7.491247820174325e-5*x4)/(0.0029980812487588006*x1*x2*x4 - 0.0029980812487588006*x1*x2*(x3 - 3.3232995266404584)*(-x4 - 1.3971661338952412) + x4)]
    3: S=000 R=0.788310 <-- [2*x3*(-7.491247820174325e-5*x1*x2*(x3 + 2.38790126809156)*(-x2 - x4 - 799.9774864706492) - 7.491247820174325e-5*x4)/(0.0029980812487588006*x1*x2*x4 - 0.0029980812487588006*x1*x2*(x3 - 3.3232995266404584)*(-x4 - 1.3971661338952412) + x4)]
    4: S=000 R=0.787487 <-- [-0.05798790632863753*x1*x2*(-x3 + 0.0003860744254677816*x4 - 0.9306465644718211)/(x2*(0.067154220226593614 + 0.067154220226593614*(2.7140663322570506 + x4/x3 + (x1*x4*(x2 + x4)/(x3*(0.045137183411698855*x1*x2*x4 + 0.045137183411698855*x4)) + 1.0)/x1)/x2) + 4.1865336562073185)]
  Saving Hall of Fame plot to ./log/regression_config_regression_GPMELD.json_FeynmanIICh35Eq21.in_normal_0.0_2023-05-29-051453/dso_regression_config_regression_GPMELD.json_FeynmanIICh35Eq21.in_normal_0.0_plot_hof.png
Pareto Front (5 of 11)____
    0: S=000 R=0.790325 C=33.00 <-- [x3*(x1*x2 + 1/x4)*(0.0052807888784005729*x2*(x1 - x3) + 1.2387858024037197 - (x1 + x4)/x1)/x4]
    1: S=000 R=0.757989 C=30.00 <-- [x3*(0.5046162485637795 + (x3 - 9.5165573034748664/x4)/x4)*(x1*x2 + 1/(-0.0003300736115028705*x4 - 0.9209321968353232))/x4]
    2: S=000 R=0.755356 C=19.00 <-- [0.4644247267240799*x3*(x1*x2 + 1/(-0.002774098340063495*x4 - 0.872868296293412))/x4]
    3: S=000 R=0.754517 C=18.00 <-- [x3*(0.4616009247328362*x1*x2 - 6.6003772060028/(x2 + x4))/x4]
    4: S=000 R=0.752127 C=16.00 <-- [x1*x2/(-x4 + 84.35411168465278 + 1.9835224440590289*x4/x3)]
  Saving Pareto Front plot to ./log/regression_config_regression_GPMELD.json_FeynmanIICh35Eq21.in_normal_0.0_2023-05-29-051453/dso_regression_config_regression_GPMELD.json_FeynmanIICh35Eq21.in_normal_0.0_plot_pf.png
-- ANALYZING LOG END ----------------
== POST-PROCESS END ===================
