debug /depot/yexiang/apps/jiang631/data/scibench/data/unencrypted/equations_feynman/FeynmanICh48Eq2.in
!!!!!!!!!!!!!!!!!!!!!!!!!!!!!i /depot/yexiang/apps/jiang631/data/scibench/data/unencrypted/equations_feynman/FeynmanICh48Eq2.in
['mul', 8.98755178736818e+16, 'mul', 'X_0', 'pow', 'add', 1, 'mul', -1.11265005605362e-17, 'pow', 'X_1', 2, -0.5]
--------------------
eq_name 	 feynman-i.48.2
num_vars 	 2
vars_range_and_types 	 [{"name": "LogUniform", "range": [1e-29, 1e-27], "only_positive": true}, {"name": "LogUniform", "range": [1000000.0, 100000000.0], "only_positive": true}]
function_set 	 ['add', 'sub', 'mul', 'div', 'sin', 'cos', 'exp', 'log', 'const']
eq_expression 	 mul,8.98755178736818e+16,mul,X_0,pow,add,1,mul,-1.11265005605362e-17,pow,X_1,2,-0.5
expr 	 8.98755178736818e+16*X_0/sqrt(1 - 1.11265005605362e-17*X_1**2)
--------------------

== EXPERIMENT SETUP START ===========
Task type            : regression
Starting seed        : 0
Runs                 : 1
== EXPERIMENT SETUP END =============

== TRAINING SEED 0 START ============
self.dataX <dso.symbolic_data_generator.DataX object at 0x2ab9cbcd5898>, self.data_query_oracle: <dso.symbolic_equation_evaluator_public.Equation_evaluator object at 0x2ab9b651ad68>
generate dataset!
-- BUILDING PRIOR START -------------
WARNING: Skipping invalid 'RelationalConstraint' with arguments {'targets': [], 'effectors': [], 'relationship': None}. Reason: Prior disabled.
WARNING: Skipping invalid 'TrigConstraint' with arguments {}. Reason: There are no target Tokens.
WARNING: Skipping invalid 'UniformArityPrior' with arguments {}. Reason: Prior disabled.
WARNING: Skipping invalid 'LanguageModelPrior' with arguments {'weight': None}. Reason: Prior disabled.
LengthConstraint: Sequences have minimum length 4.
                  Sequences have maximum length 256.
RepeatConstraint: [const] cannot occur more than 10 times.
RelationalConstraint: [inv] cannot be a child of [inv].
ConstConstraint: [const] cannot be the only unique child of [inv, add, sub, mul, div].
NoInputsConstraint: Sequences contain at least one input variable Token.
SoftLengthPrior: No description available.
-- BUILDING PRIOR END ---------------

-- RUNNING EPOCHS START -------------
[00:00:00:02.32] Training epoch 1/14, current best R: 0.4640

	** New best
	Reward: 0.4640026843218243
	Count Off-policy: False
	Count On-policy: True
	Originally on Policy: True
	Invalid: False
	Traversal: div,mul,x2,mul,sub,x1,mul,div,x1,x1,mul,x1,x1,add,1.0,x2,0.05248518998957793
	Expression:
	                       ⎛    2     ⎞           
	  19.05299381022669⋅x₂⋅⎝- x₁  + x₁⎠⋅(x₂ + 1.0)

[00:00:00:03.79] Training epoch 2/14, current best R: 0.5277

	** New best
	Reward: 0.5277071746103319
	Count Off-policy: False
	Count On-policy: True
	Originally on Policy: True
	Invalid: False
	Traversal: inv,mul,mul,add,div,mul,div,inv,x2,x2,div,div,add,x1,1.1902021222658656e-06,4.667947067947035,4.667947067929951,x1,x2,44.395631065940776,44.395722094713015
	Expression:
	                                               1                                
	  ──────────────────────────────────────────────────────────────────────────────
	                          1970.9760990229144⋅(0.04589318031220513⋅x₁ + 5.4622160
	  1970.9760990229144⋅x₂ + ──────────────────────────────────────────────────────
	                                                              2                 
	                                                         x₁⋅x₂                  

             
	  ─────────────
	  605116588e-8)
	  ─────────────
             
             

[00:00:00:14.09] Training epoch 10/14, current best R: 0.5277
[00:00:00:19.27] Ending training after epoch 14/14, current best R: 0.5277
-- RUNNING EPOCHS END ---------------

-- EVALUATION START ----------------
Saving Hall of Fame to ./log/regression_config_regression_PQT.json_FeynmanICh48Eq2.in_normal_0.0_2023-05-29-051549/dso_regression_config_regression_PQT.json_FeynmanICh48Eq2.in_normal_0.0_0_hof.csv
Saving Pareto Front to ./log/regression_config_regression_PQT.json_FeynmanICh48Eq2.in_normal_0.0_2023-05-29-051549/dso_regression_config_regression_PQT.json_FeynmanICh48Eq2.in_normal_0.0_0_pf.csv
Invalid expressions: 735 of 14336 (5.1%).
Error type counts:
  reciprocal: 457 (62.2%)
  true_divide: 278 (37.8%)
Error node counts:
  divide: 733 (99.7%)
  invalid: 2 (0.3%)

Priority queue entry 0:
	Reward: 0.5277071746103319
	Count Off-policy: False
	Count On-policy: True
	Originally on Policy: True
	Invalid: False
	Traversal: inv,mul,mul,add,div,mul,div,inv,x2,x2,div,div,add,x1,1.1902021222658656e-06,4.667947067947035,4.667947067929951,x1,x2,44.395631065940776,44.395722094713015
	Expression:
	                                               1                                
	  ──────────────────────────────────────────────────────────────────────────────
	                          1970.9760990229144⋅(0.04589318031220513⋅x₁ + 5.4622160
	  1970.9760990229144⋅x₂ + ──────────────────────────────────────────────────────
	                                                              2                 
	                                                         x₁⋅x₂                  

             
	  ─────────────
	  605116588e-8)
	  ─────────────
             
             


Priority queue entry 1:
	Reward: 0.49997451832183204
	Count Off-policy: False
	Count On-policy: True
	Originally on Policy: True
	Invalid: False
	Traversal: mul,sub,0.9999995412941887,div,mul,x1,x2,div,x1,inv,sub,x2,-0.02240243878562609,add,-4.276383939338935e-05,x1
	Expression:
	                              ⎛             x₂                                ⎞
	  (x₁ - 4.276383939338935e-5)⋅⎜- ──────────────────────── + 0.9999995412941887⎟
	                              ⎝  x₂ + 0.02240243878562609                     ⎠


Priority queue entry 2:
	Reward: 0.4999742739915578
	Count Off-policy: False
	Count On-policy: True
	Originally on Policy: True
	Invalid: False
	Traversal: div,-4.2768391231851055e-05,inv,add,0.999999541314369,inv,mul,div,div,sub,-0.022537892714396546,x2,x1,x2,x1
	Expression:
	     4.2768391231851055e-5⋅x₂                         
	  - ────────────────────────── - 4.2768371614604535e-5
	    -x₂ - 0.022537892714396546                        


Priority queue entry 3:
	Reward: 0.4688390884270954
	Count Off-policy: False
	Count On-policy: True
	Originally on Policy: True
	Invalid: False
	Traversal: div,div,inv,add,x2,x1,0.8281516187784934,inv,sub,9.164607081749551e-05,div,sub,add,inv,x2,div,1.5439453166487567,x2,x1,0.028480166058990942
	Expression:
	                    ⎛                                               89.323401815
	  1.207508356350229⋅⎜35.112154821313222⋅x₁ + 9.164607081749551e-5 - ────────────
	                    ⎝                                                       x₂  
	  ──────────────────────────────────────────────────────────────────────────────
	                                         x₁ + x₂                                

	  125835⎞
	  ──────⎟
	        ⎠
	  ───────
       


Priority queue entry 4:
	Reward: 0.46883907821303616
	Count Off-policy: False
	Count On-policy: True
	Originally on Policy: True
	Invalid: False
	Traversal: inv,mul,x2,inv,div,add,add,mul,x2,0.00011058562534060246,add,inv,sub,x1,x2,-53.87945725296059,-53.87945725296104,x2
	Expression:
	                                                     1   
	  0.00011058562534060246⋅x₂ - 107.7589145059216 + ───────
	                                                  x₁ - x₂
	  ───────────────────────────────────────────────────────
	                              2                          
	                            x₂                           


Priority queue entry 5:
	Reward: 0.4641613673947116
	Count Off-policy: False
	Count On-policy: True
	Originally on Policy: True
	Invalid: False
	Traversal: inv,add,div,div,div,0.09867446797273166,mul,x1,sub,x2,sub,div,mul,inv,div,1.0,x1,x1,x1,1.0,x2,1.901324429235682,x2
	Expression:
	               1             
	  ───────────────────────────
	        0.05189775424723178  
	  x₂ + ──────────────────────
	       x₁⋅x₂⋅(-x₁ + x₂ + 1.0)


Priority queue entry 6:
	Reward: 0.4640026846007058
	Count Off-policy: False
	Count On-policy: True
	Originally on Policy: True
	Invalid: False
	Traversal: mul,div,add,1.0,add,x2,1.0,add,div,sub,div,sub,inv,x1,x2,4.365121016655729,1.0,4.365121016655729,1.0,x2
	Expression:
	                            x₂⋅(x₂ + 2.0)                           
	  ──────────────────────────────────────────────────────────────────
	                                                 0.05248164306390751
	  -0.05248164306390751⋅x₂ + 0.7709112768731129 + ───────────────────
	                                                          x₁        


Priority queue entry 7:
	Reward: 0.4640026843218243
	Count Off-policy: False
	Count On-policy: True
	Originally on Policy: True
	Invalid: False
	Traversal: div,mul,x2,mul,sub,x1,mul,div,x1,x1,mul,x1,x1,add,1.0,x2,0.05248518998957793
	Expression:
	                       ⎛    2     ⎞           
	  19.05299381022669⋅x₂⋅⎝- x₁  + x₁⎠⋅(x₂ + 1.0)


Priority queue entry 8:
	Reward: 0.46400268431392533
	Count Off-policy: False
	Count On-policy: True
	Originally on Policy: True
	Invalid: False
	Traversal: div,mul,x1,sub,x1,x2,inv,add,mul,-19.05320553594122,add,1.0,x2,sub,x1,x1
	Expression:
	  x₁⋅(x₁ - x₂)⋅(-19.05320553594122⋅x₂ - 19.05320553594122)


Priority queue entry 9:
	Reward: 0.46400268399417194
	Count Off-policy: False
	Count On-policy: True
	Originally on Policy: True
	Invalid: False
	Traversal: mul,mul,mul,div,add,add,div,x2,0.7653061849920472,sub,add,add,1.0,x2,mul,1.0,x1,x1,x2,0.2957362313396821,1.704023411155065,x1,x2
	Expression:
	  x₁⋅x₂⋅(19.05291484035525⋅x₂ + 5.76197039989269)

-- EVALUATION END ------------------
== TRAINING SEED 0 END ==============
INFO: Completed run 1 of 1 in 21 s

== POST-PROCESS START =================
-- LOADING LOGS START ----------------
json configure file: ./log/regression_config_regression_PQT.json_FeynmanICh48Eq2.in_normal_0.0_2023-05-29-051549
Successfully loaded summary data
Successfully loaded Hall of Fame data
Successfully loaded Pareto Front data
-- LOADING LOGS END ------------------

-- ANALYZING LOG START --------------
Task_____________regression
Source path______./log/regression_config_regression_PQT.json_FeynmanICh48Eq2.in_normal_0.0_2023-05-29-051549
Runs_____________1
Max Samples/run__15000
Success_rate_____0.0
Hall of Fame (Top 5 of 100)____
    0: S=000 R=0.527707 <-- [1/(1970.9760990229144*x2 + 1970.9760990229144*(0.04589318031220513*x1 + 5.4622160605116588e-8)/(x1*x2**2))]
    1: S=000 R=0.499975 <-- [(x1 - 4.276383939338935e-5)*(-x2/(x2 + 0.02240243878562609) + 0.9999995412941887)]
    2: S=000 R=0.499974 <-- [-4.2768391231851055e-5*x2/(-x2 - 0.022537892714396546) - 4.2768371614604535e-5]
    3: S=000 R=0.468839 <-- [1.207508356350229*(35.112154821313222*x1 + 9.164607081749551e-5 - 89.323401815125835/x2)/(x1 + x2)]
    4: S=000 R=0.468839 <-- [1/(x2*(1.0*x1 - 1/(-5.532149580548062e-5 + (x1 - 5.532149603073919e-5*x2 + 107.8356320392269 + 1/x2)/x2)))]
  Saving Hall of Fame plot to ./log/regression_config_regression_PQT.json_FeynmanICh48Eq2.in_normal_0.0_2023-05-29-051549/dso_regression_config_regression_PQT.json_FeynmanICh48Eq2.in_normal_0.0_plot_hof.png
Pareto Front (5 of 8)____
    0: S=000 R=0.527707 C=27.00 <-- [1/(1970.9760990229144*x2 + 1970.9760990229144*(0.04589318031220513*x1 + 5.4622160605116588e-8)/(x1*x2**2))]
    1: S=000 R=0.499975 C=19.00 <-- [(x1 - 4.276383939338935e-5)*(-x2/(x2 + 0.02240243878562609) + 0.9999995412941887)]
    2: S=000 R=0.464003 C=18.00 <-- [19.052917981838337*x1*(x2*(x2 + 2.0) - x2)]
    3: S=000 R=0.464003 C=15.00 <-- [x2**2/(-1.0 + 0.05248539879274372/x1)]
    4: S=000 R=0.464003 C=11.00 <-- [19.05299558801259*x1*x2**2]
  Saving Pareto Front plot to ./log/regression_config_regression_PQT.json_FeynmanICh48Eq2.in_normal_0.0_2023-05-29-051549/dso_regression_config_regression_PQT.json_FeynmanICh48Eq2.in_normal_0.0_plot_pf.png
-- ANALYZING LOG END ----------------
== POST-PROCESS END ===================
