debug /depot/yexiang/apps/jiang631/data/scibench/data/unencrypted/equations_feynman/FeynmanBonus20.in
!!!!!!!!!!!!!!!!!!!!!!!!!!!!!i /depot/yexiang/apps/jiang631/data/scibench/data/unencrypted/equations_feynman/FeynmanBonus20.in
['mul', 7.83707760458308e-29, 'mul', 'pow', 3.141592653589793, -1, 'mul', 'pow', 'X_0', 2, 'mul', 'pow', 'X_1', -2, 'add', 'mul', -1, 'pow', 'sin', 'X_2', 2, 'add', 'mul', 'X_0', 'pow', 'X_1', -1, 'mul', 'X_1', 'pow', 'X_0', -1]
--------------------
eq_name 	 feynman-bonus.20
num_vars 	 3
vars_range_and_types 	 [{"name": "LogUniform", "range": [1000000000.0, 100000000000.0], "only_positive": true}, {"name": "LogUniform", "range": [1000000000.0, 100000000000.0], "only_positive": true}, {"name": "Uniform", "range": [0, 6.283185307179586], "only_positive": true}]
function_set 	 ['add', 'sub', 'mul', 'div', 'sin', 'cos', 'exp', 'log', 'const']
eq_expression 	 mul,7.83707760458308e-29,mul,pow,3.141592653589793,-1,mul,pow,X_0,2,mul,pow,X_1,-2,add,mul,-1,pow,sin,X_2,2,add,mul,X_0,pow,X_1,-1,mul,X_1,pow,X_0,-1
expr 	 7.83707760458308e-29*X_0**2*(X_0/X_1 - sin(X_2)**2 + X_1/X_0)/(pi*X_1**2)
--------------------

== EXPERIMENT SETUP START ===========
Task type            : regression
Starting seed        : 0
Runs                 : 1
== EXPERIMENT SETUP END =============

== TRAINING SEED 0 START ============
self.dataX <dso.symbolic_data_generator.DataX object at 0x2b642708d898>, self.data_query_oracle: <dso.symbolic_equation_evaluator_public.Equation_evaluator object at 0x2b6411926d68>
generate dataset!
-- BUILDING PRIOR START -------------
WARNING: Skipping invalid 'RelationalConstraint' with arguments {'targets': [], 'effectors': [], 'relationship': None}. Reason: Prior disabled.
WARNING: Skipping invalid 'TrigConstraint' with arguments {}. Reason: There are no target Tokens.
WARNING: Skipping invalid 'UniformArityPrior' with arguments {}. Reason: Prior disabled.
WARNING: Skipping invalid 'LanguageModelPrior' with arguments {'weight': None}. Reason: Prior disabled.
LengthConstraint: Sequences have minimum length 4.
                  Sequences have maximum length 256.
RepeatConstraint: [const] cannot occur more than 10 times.
RelationalConstraint: [inv] cannot be a child of [inv].
ConstConstraint: [const] cannot be the only unique child of [inv, add, sub, mul, div].
NoInputsConstraint: Sequences contain at least one input variable Token.
SoftLengthPrior: No description available.
-- BUILDING PRIOR END ---------------

-- RUNNING EPOCHS START -------------
[00:00:00:01.83] Training epoch 1/14, current best R: 0.4974

	** New best
	Reward: 0.49739256418277494
	Count Off-policy: False
	Count On-policy: True
	Originally on Policy: True
	Invalid: False
	Traversal: div,2.715521971730084e-07,mul,sub,x2,mul,x3,sub,x3,x2,x1
	Expression:
	    2.715521971730084e-7 
	  ───────────────────────
	  x₁⋅(x₂ - x₃⋅(-x₂ + x₃))

[00:00:00:03.04] Training epoch 2/14, current best R: 0.4974

	** New best
	Reward: 0.49743704672008193
	Count Off-policy: False
	Count On-policy: True
	Originally on Policy: True
	Invalid: False
	Traversal: inv,mul,x2,add,mul,x2,add,1.0,sub,inv,div,x3,sub,x2,div,x1,x2,1.0,x1
	Expression:
	             1            
	  ────────────────────────
	     ⎛        ⎛  x₁     ⎞⎞
	     ⎜     x₂⋅⎜- ── + x₂⎟⎟
	     ⎜        ⎝  x₂     ⎠⎟
	  x₂⋅⎜x₁ + ──────────────⎟
	     ⎝           x₃      ⎠

[00:00:00:03.99] Training epoch 3/14, current best R: 0.5168

	** New best
	Reward: 0.5168378503125618
	Count Off-policy: False
	Count On-policy: True
	Originally on Policy: True
	Invalid: False
	Traversal: inv,add,mul,x2,mul,0.0005687268393906875,sub,add,1.0,mul,add,x3,x2,x2,x1,x3
	Expression:
	                                                 1                              
	  ──────────────────────────────────────────────────────────────────────────────
	  x₂⋅(-0.0005687268393906875⋅x₁ + 0.0005687268393906875⋅x₂⋅(x₂ + x₃) + 0.0005687

                  
	  ──────────────────
	  268393906875) + x₃

[00:00:00:10.57] Training epoch 10/14, current best R: 0.5168
[00:00:00:14.25] Ending training after epoch 14/14, current best R: 0.5168
-- RUNNING EPOCHS END ---------------

-- EVALUATION START ----------------
Saving Hall of Fame to ./log/regression_config_regression_DSR.json_FeynmanBonus20.in_normal_0.0_2023-05-29-051104/dso_regression_config_regression_DSR.json_FeynmanBonus20.in_normal_0.0_0_hof.csv
Saving Pareto Front to ./log/regression_config_regression_DSR.json_FeynmanBonus20.in_normal_0.0_2023-05-29-051104/dso_regression_config_regression_DSR.json_FeynmanBonus20.in_normal_0.0_0_pf.csv
Invalid expressions: 447 of 14336 (3.1%).
Error type counts:
  reciprocal: 258 (57.7%)
  true_divide: 189 (42.3%)
Error node counts:
  divide: 445 (99.6%)
  invalid: 2 (0.4%)
-- EVALUATION END ------------------
== TRAINING SEED 0 END ==============
INFO: Completed run 1 of 1 in 15 s

== POST-PROCESS START =================
-- LOADING LOGS START ----------------
json configure file: ./log/regression_config_regression_DSR.json_FeynmanBonus20.in_normal_0.0_2023-05-29-051104
Successfully loaded summary data
Successfully loaded Hall of Fame data
Successfully loaded Pareto Front data
-- LOADING LOGS END ------------------

-- ANALYZING LOG START --------------
Task_____________regression
Source path______./log/regression_config_regression_DSR.json_FeynmanBonus20.in_normal_0.0_2023-05-29-051104
Runs_____________1
Max Samples/run__15000
Success_rate_____0.0
Hall of Fame (Top 5 of 100)____
    0: S=000 R=0.516838 <-- [1/(x2*(-0.0005687268393906875*x1 + 0.0005687268393906875*x2*(x2 + x3) + 0.0005687268393906875) + x3)]
    1: S=000 R=0.516838 <-- [x3/(0.000568726834076827*x2**3*x3 - 1/x3)]
    2: S=000 R=0.516838 <-- [1/(0.0005687268680637514*x1 + 0.0005687268680637514*x2*(x1 + x2*(x2 - 1.0)) + 0.0005687268680637514*x3)]
    3: S=000 R=0.516431 <-- [1513.7000479569024/x2**3]
    4: S=000 R=0.516431 <-- [1513.7000479569024/(x2**3 + x2)]
  Saving Hall of Fame plot to ./log/regression_config_regression_DSR.json_FeynmanBonus20.in_normal_0.0_2023-05-29-051104/dso_regression_config_regression_DSR.json_FeynmanBonus20.in_normal_0.0_plot_hof.png
Pareto Front (5 of 5)____
    0: S=000 R=0.516838 C=17.00 <-- [1/(x2*(-0.0005687268393906875*x1 + 0.0005687268393906875*x2*(x2 + x3) + 0.0005687268393906875) + x3)]
    1: S=000 R=0.516431 C=13.00 <-- [1513.7000479569024/(x2**3 + x2)]
    2: S=000 R=0.497437 C=10.00 <-- [x3/(x2*(x1 + x2**2))]
    3: S=000 R=0.497372 C=6.00 <-- [0]
    4: S=000 R=0.000004 C=5.00 <-- [x1**(-2)]
  Saving Pareto Front plot to ./log/regression_config_regression_DSR.json_FeynmanBonus20.in_normal_0.0_2023-05-29-051104/dso_regression_config_regression_DSR.json_FeynmanBonus20.in_normal_0.0_plot_pf.png
-- ANALYZING LOG END ----------------
== POST-PROCESS END ===================
