debug /depot/yexiang/apps/jiang631/data/scibench/data/unencrypted/equations_feynman/FeynmanICh27Eq6.in
!!!!!!!!!!!!!!!!!!!!!!!!!!!!!i /depot/yexiang/apps/jiang631/data/scibench/data/unencrypted/equations_feynman/FeynmanICh27Eq6.in
['pow', 'add', 'pow', 'X_0', -1, 'mul', 'X_1', 'pow', 'X_2', -1, -1]
--------------------
eq_name 	 feynman-i.27.6
num_vars 	 3
vars_range_and_types 	 [{"name": "LogUniform", "range": [0.001, 0.1], "only_positive": true}, {"name": "LogUniform", "range": [0.1, 10.0], "only_positive": true}, {"name": "LogUniform", "range": [0.001, 10.0], "only_positive": true}]
function_set 	 ['add', 'sub', 'mul', 'div', 'sin', 'cos', 'exp', 'log', 'const']
eq_expression 	 pow,add,pow,X_0,-1,mul,X_1,pow,X_2,-1,-1
expr 	 1/(X_1/X_2 + 1/X_0)
--------------------

== EXPERIMENT SETUP START ===========
Task type            : regression
Starting seed        : 0
Runs                 : 1
== EXPERIMENT SETUP END =============

== TRAINING SEED 0 START ============
self.dataX <dso.symbolic_data_generator.DataX object at 0x2b52942f4898>, self.data_query_oracle: <dso.symbolic_equation_evaluator_public.Equation_evaluator object at 0x2b527ab77d68>
generate dataset!
-- BUILDING PRIOR START -------------
WARNING: Skipping invalid 'RelationalConstraint' with arguments {'targets': [], 'effectors': [], 'relationship': None}. Reason: Prior disabled.
WARNING: Skipping invalid 'TrigConstraint' with arguments {}. Reason: There are no target Tokens.
WARNING: Skipping invalid 'UniformArityPrior' with arguments {}. Reason: Prior disabled.
WARNING: Skipping invalid 'LanguageModelPrior' with arguments {'weight': None}. Reason: Prior disabled.
LengthConstraint: Sequences have minimum length 4.
                  Sequences have maximum length 256.
RepeatConstraint: [const] cannot occur more than 10 times.
RelationalConstraint: [inv] cannot be a child of [inv].
ConstConstraint: [const] cannot be the only unique child of [inv, add, sub, mul, div].
NoInputsConstraint: Sequences contain at least one input variable Token.
SoftLengthPrior: No description available.
-- BUILDING PRIOR END ---------------

-- RUNNING EPOCHS START -------------
gen	iter	pop_size	nevals	uncached_size	best_val              	timer  
0  	0   	1024    	1024  	1024         	(-0.6307238285833496,)	6.08178
1  	1   	1024    	796   	675          	(-0.767086354753527,) 	6.93005
2  	2   	1024    	767   	654          	(-0.9003523264689484,)	7.24994
3  	3   	1024    	779   	609          	(-0.9999999951355161,)	9.97152
4  	4   	1024    	762   	606          	(-0.9999999951355161,)	14.75  
5  	5   	1024    	762   	623          	(-0.9999999951355161,)	30.8346
6  	6   	1024    	757   	621          	(-0.9999999999999909,)	32.6084
7  	7   	1024    	763   	614          	(-0.9999999999999909,)	40.2888
8  	8   	1024    	783   	613          	(-0.9999999999999909,)	42.7531
9  	9   	1024    	788   	624          	(-0.9999999999999998,)	52.7479

--------------------------------------------------
GP Time: 244.461

Unique expressions evaluated: 7609
Total expression evaluations: 7981
--------------------------------------------------

GP -> best program this epoch:

	Reward: 0.9999999999999998
	Count Off-policy: 1
	Count On-policy: 0
	Originally on Policy: False
	Invalid: False
	Traversal: div,x3,add,x2,add,sub,1.0,inv,div,x1,x1,div,div,mul,1.0,x3,1.0,x1
	Expression:
	       x₃    
	  ───────────
	       1.0⋅x₃
	  x₂ + ──────
	         x₁  

None

--------------------------------------------------

[00:00:04:11.41] Training epoch 1/14, current best R: 1.0000

	** New best
	Reward: 0.9999999999999998
	Count Off-policy: 1
	Count On-policy: 0
	Originally on Policy: False
	Invalid: False
	Traversal: div,x3,add,x2,add,sub,1.0,inv,div,x1,x1,div,div,mul,1.0,x3,1.0,x1
	Expression:
	       x₃    
	  ───────────
	       1.0⋅x₃
	  x₂ + ──────
	         x₁  

[00:00:04:11.41] Early stopping criteria met; breaking early.
-- RUNNING EPOCHS END ---------------

-- EVALUATION START ----------------
Saving Hall of Fame to ./log/regression_config_regression_GPMELD.json_FeynmanICh27Eq6.in_normal_0.0_2023-05-29-051129/dso_regression_config_regression_GPMELD.json_FeynmanICh27Eq6.in_normal_0.0_0_hof.csv
Saving Pareto Front to ./log/regression_config_regression_GPMELD.json_FeynmanICh27Eq6.in_normal_0.0_2023-05-29-051129/dso_regression_config_regression_GPMELD.json_FeynmanICh27Eq6.in_normal_0.0_0_pf.csv
Invalid expressions: 101 of 9005 (1.1%).
Error type counts:
  reciprocal: 68 (67.3%)
  true_divide: 33 (32.7%)
Error node counts:
  divide: 101 (100.0%)
-- EVALUATION END ------------------
== TRAINING SEED 0 END ==============
INFO: Completed run 1 of 1 in 253 s

== POST-PROCESS START =================
-- LOADING LOGS START ----------------
json configure file: ./log/regression_config_regression_GPMELD.json_FeynmanICh27Eq6.in_normal_0.0_2023-05-29-051129
Successfully loaded summary data
Successfully loaded Hall of Fame data
Successfully loaded Pareto Front data
-- LOADING LOGS END ------------------

-- ANALYZING LOG START --------------
Task_____________regression
Source path______./log/regression_config_regression_GPMELD.json_FeynmanICh27Eq6.in_normal_0.0_2023-05-29-051129
Runs_____________1
Max Samples/run__15000
Success_rate_____1.0
Hall of Fame (Top 5 of 100)____
    0: S=000 R=1.000000 <-- [x3/(x2 + 1.0*x3/x1)]
    1: S=000 R=1.000000 <-- [x3/(x2 + 1.0*x3/x1)]
    2: S=000 R=1.000000 <-- [1.0*x1*x3/(x1*x2 + x3)]
    3: S=000 R=1.000000 <-- [1.0*x1*x3/(x1*x2 + x3)]
    4: S=000 R=1.000000 <-- [1/(x2/x3 - 1.287949793507963e-9 - 1.138144362319017e-9/(5.44582568070254*x1 + x3) + 1/x1)]
  Saving Hall of Fame plot to ./log/regression_config_regression_GPMELD.json_FeynmanICh27Eq6.in_normal_0.0_2023-05-29-051129/dso_regression_config_regression_GPMELD.json_FeynmanICh27Eq6.in_normal_0.0_plot_hof.png
Pareto Front (5 of 8)____
    0: S=000 R=1.000000 C=23.00 <-- [x3/(x2 + 1.0*x3/x1)]
    1: S=000 R=1.000000 C=22.00 <-- [1.0*x1*x3/(x1*x2 + x3)]
    2: S=000 R=1.000000 C=13.00 <-- [x3/(x2 + 3.3742259290076448e-9 + 0.9999999981001265*x3/x1)]
    3: S=000 R=0.757890 C=11.00 <-- [x3/(0.8572373709125574 + 1.0622589609294373*x3/x1)]
    4: S=000 R=0.643869 C=10.00 <-- [x1*(0.6737169582556645 - 0.001117580543859226/x3)]
  Saving Pareto Front plot to ./log/regression_config_regression_GPMELD.json_FeynmanICh27Eq6.in_normal_0.0_2023-05-29-051129/dso_regression_config_regression_GPMELD.json_FeynmanICh27Eq6.in_normal_0.0_plot_pf.png
-- ANALYZING LOG END ----------------
== POST-PROCESS END ===================
