debug /depot/yexiang/apps/jiang631/data/scibench/data/unencrypted/equations_feynman/FeynmanIIICh19Eq51.in
!!!!!!!!!!!!!!!!!!!!!!!!!!!!!i /depot/yexiang/apps/jiang631/data/scibench/data/unencrypted/equations_feynman/FeynmanIIICh19Eq51.in
['mul', -3.63185176721637e+87, 'mul', 'X_0', 'mul', 'pow', 'X_1', 4, 'pow', 'X_2', -2]
--------------------
eq_name 	 feynman-iii.19.51
num_vars 	 3
vars_range_and_types 	 [{"name": "LogUniform", "range": [1e-30, 1e-28], "only_positive": true}, {"name": "LogUniform", "range": [1e-11, 1e-09], "only_positive": false}, {"name": "IntegerUniform", "range": [1, 100], "only_positive": true}]
function_set 	 ['add', 'sub', 'mul', 'div', 'sin', 'cos', 'exp', 'log', 'const']
eq_expression 	 mul,-3.63185176721637e+87,mul,X_0,mul,pow,X_1,4,pow,X_2,-2
expr 	 -3.63185176721637e+87*X_0*X_1**4/X_2**2
--------------------

== EXPERIMENT SETUP START ===========
Task type            : regression
Starting seed        : 0
Runs                 : 1
== EXPERIMENT SETUP END =============

== TRAINING SEED 0 START ============
self.dataX <dso.symbolic_data_generator.DataX object at 0x2b2abcdeb080>, self.data_query_oracle: <dso.symbolic_equation_evaluator_public.Equation_evaluator object at 0x2b2adbe8dd68>
generate dataset!
-- BUILDING PRIOR START -------------
WARNING: Skipping invalid 'RelationalConstraint' with arguments {'targets': [], 'effectors': [], 'relationship': None}. Reason: Prior disabled.
WARNING: Skipping invalid 'TrigConstraint' with arguments {}. Reason: There are no target Tokens.
WARNING: Skipping invalid 'UniformArityPrior' with arguments {}. Reason: Prior disabled.
WARNING: Skipping invalid 'LanguageModelPrior' with arguments {'weight': None}. Reason: Prior disabled.
LengthConstraint: Sequences have minimum length 4.
                  Sequences have maximum length 256.
RepeatConstraint: [const] cannot occur more than 10 times.
RelationalConstraint: [inv] cannot be a child of [inv].
ConstConstraint: [const] cannot be the only unique child of [inv, add, sub, mul, div].
NoInputsConstraint: Sequences contain at least one input variable Token.
SoftLengthPrior: No description available.
-- BUILDING PRIOR END ---------------

-- RUNNING EPOCHS START -------------
[00:00:00:01.92] Training epoch 1/14, current best R: 0.4999

	** New best
	Reward: 0.4998901985314211
	Count Off-policy: False
	Count On-policy: True
	Originally on Policy: True
	Invalid: False
	Traversal: div,div,1.0,mul,sub,div,mul,x3,x3,x2,x1,x1,add,div,1.0,x3,x2
	Expression:
	             1.0           
	  ─────────────────────────
	     ⎛        2⎞           
	     ⎜      x₃ ⎟ ⎛     1.0⎞
	  x₁⋅⎜-x₁ + ───⎟⋅⎜x₂ + ───⎟
	     ⎝       x₂⎠ ⎝      x₃⎠

[00:00:00:03.21] Training epoch 2/14, current best R: 0.4999

	** New best
	Reward: 0.49989195973510314
	Count Off-policy: False
	Count On-policy: True
	Originally on Policy: True
	Invalid: False
	Traversal: div,div,1.0,x3,mul,x1,mul,inv,x2,mul,sub,x3,mul,add,x3,x2,x2,x3
	Expression:
	             1.0⋅x₂          
	  ───────────────────────────
	       2                     
	  x₁⋅x₃ ⋅(-x₂⋅(x₂ + x₃) + x₃)

[00:00:00:04.21] Training epoch 3/14, current best R: 0.4999

	** New best
	Reward: 0.4998920788103035
	Count Off-policy: False
	Count On-policy: True
	Originally on Policy: True
	Invalid: False
	Traversal: div,mul,x3,x2,add,x1,div,sub,x3,1.0,x1
	Expression:
	      x₂⋅x₃    
	  ─────────────
	       x₃ - 1.0
	  x₁ + ────────
	          x₁   

[00:00:00:05.19] Training epoch 4/14, current best R: 0.4999

	** New best
	Reward: 0.4998974362794757
	Count Off-policy: False
	Count On-policy: True
	Originally on Policy: True
	Invalid: False
	Traversal: inv,mul,mul,mul,sub,inv,mul,x2,div,div,add,1.0,sub,x3,x2,add,x2,1.0,x3,1.0,x3,x3,x1
	Expression:
	                   1                 
	  ───────────────────────────────────
	       2 ⎛          x₃⋅(x₂ + 1.0)   ⎞
	  x₁⋅x₃ ⋅⎜-1.0 + ───────────────────⎟
	         ⎝       x₂⋅(-x₂ + x₃ + 1.0)⎠

[00:00:00:06.32] Training epoch 5/14, current best R: 0.4999

	** New best
	Reward: 0.49994517112214115
	Count Off-policy: False
	Count On-policy: True
	Originally on Policy: True
	Invalid: False
	Traversal: inv,div,x1,mul,mul,sub,1.0000362359991224,add,1.0000362379163927,x1,0.9999999999999823,inv,x3
	Expression:
	  -0.9999999999999823⋅x₁ - 1.9172702991204432e-9
	  ──────────────────────────────────────────────
	                      x₁⋅x₃                     

[00:00:00:07.30] Training epoch 6/14, current best R: 0.5000

	** New best
	Reward: 0.4999510414980447
	Count Off-policy: False
	Count On-policy: True
	Originally on Policy: True
	Invalid: False
	Traversal: div,inv,div,mul,inv,div,x2,div,x3,div,sub,inv,x2,add,x1,div,1.0000000828051954,x2,x3,x1,x3,59.25114840156962
	Expression:
	                         ⎛      8.2805195400145748e-8⎞
	  0.01687731000963197⋅x₂⋅⎜-x₁ - ─────────────────────⎟
	                         ⎝                x₂         ⎠
	  ────────────────────────────────────────────────────
	                         x₁⋅x₃                        

[00:00:00:11.40] Training epoch 10/14, current best R: 0.5000
[00:00:00:15.50] Ending training after epoch 14/14, current best R: 0.5000
-- RUNNING EPOCHS END ---------------

-- EVALUATION START ----------------
Saving Hall of Fame to ./log/regression_config_regression_VPG.json_FeynmanIIICh19Eq51.in_normal_0.0_2023-05-29-051455/dso_regression_config_regression_VPG.json_FeynmanIIICh19Eq51.in_normal_0.0_0_hof.csv
Saving Pareto Front to ./log/regression_config_regression_VPG.json_FeynmanIIICh19Eq51.in_normal_0.0_2023-05-29-051455/dso_regression_config_regression_VPG.json_FeynmanIIICh19Eq51.in_normal_0.0_0_pf.csv
Invalid expressions: 664 of 14336 (4.6%).
Error type counts:
  reciprocal: 382 (57.5%)
  true_divide: 282 (42.5%)
Error node counts:
  divide: 657 (98.9%)
  invalid: 7 (1.1%)
-- EVALUATION END ------------------
== TRAINING SEED 0 END ==============
INFO: Completed run 1 of 1 in 17 s

== POST-PROCESS START =================
-- LOADING LOGS START ----------------
json configure file: ./log/regression_config_regression_VPG.json_FeynmanIIICh19Eq51.in_normal_0.0_2023-05-29-051455
Successfully loaded summary data
Successfully loaded Hall of Fame data
Successfully loaded Pareto Front data
-- LOADING LOGS END ------------------

-- ANALYZING LOG START --------------
Task_____________regression
Source path______./log/regression_config_regression_VPG.json_FeynmanIIICh19Eq51.in_normal_0.0_2023-05-29-051455
Runs_____________1
Max Samples/run__15000
Success_rate_____0.0
Hall of Fame (Top 5 of 100)____
    0: S=000 R=0.499951 <-- [0.01687731000963197*x2*(-x1 - 8.2805195400145748e-8/x2)/(x1*x3)]
    1: S=000 R=0.499945 <-- [(-0.9999999999999823*x1 - 1.9172702991204432e-9)/(x1*x3)]
    2: S=000 R=0.499897 <-- [1/(x1*x3**2*(-1.0 + x3*(x2 + 1.0)/(x2*(-x2 + x3 + 1.0))))]
    3: S=000 R=0.499892 <-- [1/(x1 + 1/(x3 + 1.0 + 1/(1.0*x1/(x2*x3) - 1.0*x3 + 1.0)))]
    4: S=000 R=0.499892 <-- [-x2 + x2/(x1 + (1/x3 - (x1*x3 + x2)/x2)/x3)]
  Saving Hall of Fame plot to ./log/regression_config_regression_VPG.json_FeynmanIIICh19Eq51.in_normal_0.0_2023-05-29-051455/dso_regression_config_regression_VPG.json_FeynmanIIICh19Eq51.in_normal_0.0_plot_hof.png
Pareto Front (5 of 7)____
    0: S=000 R=0.499951 C=31.00 <-- [0.01687731000963197*x2*(-x1 - 8.2805195400145748e-8/x2)/(x1*x3)]
    1: S=000 R=0.499945 C=16.00 <-- [(-0.9999999999999823*x1 - 1.9172702991204432e-9)/(x1*x3)]
    2: S=000 R=0.499892 C=13.00 <-- [x2*x3/(x1 + (x3 - 1.0)/x1)]
    3: S=000 R=0.499890 C=12.00 <-- [1/(x1*(1/x3 + x3/x2))]
    4: S=000 R=0.499890 C=8.00 <-- [x2/(x1*x3)]
  Saving Pareto Front plot to ./log/regression_config_regression_VPG.json_FeynmanIIICh19Eq51.in_normal_0.0_2023-05-29-051455/dso_regression_config_regression_VPG.json_FeynmanIIICh19Eq51.in_normal_0.0_plot_pf.png
-- ANALYZING LOG END ----------------
== POST-PROCESS END ===================
