debug /depot/yexiang/apps/jiang631/data/scibench/data/unencrypted/equations_feynman/FeynmanICh24Eq6.in
!!!!!!!!!!!!!!!!!!!!!!!!!!!!!i /depot/yexiang/apps/jiang631/data/scibench/data/unencrypted/equations_feynman/FeynmanICh24Eq6.in
['mul', 0.25, 'mul', 'X_0', 'mul', 'pow', 'X_3', 2, 'add', 'pow', 'X_1', 2, 'pow', 'X_2', 2]
--------------------
eq_name 	 feynman-i.24.6
num_vars 	 4
vars_range_and_types 	 [{"name": "LogUniform", "range": [0.1, 10.0], "only_positive": true}, {"name": "LogUniform", "range": [0.1, 10.0], "only_positive": false}, {"name": "LogUniform", "range": [0.1, 10.0], "only_positive": false}, {"name": "LogUniform", "range": [0.1, 10.0], "only_positive": false}]
function_set 	 ['add', 'sub', 'mul', 'div', 'sin', 'cos', 'exp', 'log', 'const']
eq_expression 	 mul,0.25,mul,X_0,mul,pow,X_3,2,add,pow,X_1,2,pow,X_2,2
expr 	 0.25*X_0*X_3**2*(X_1**2 + X_2**2)
--------------------

== EXPERIMENT SETUP START ===========
Task type            : regression
Starting seed        : 0
Runs                 : 1
== EXPERIMENT SETUP END =============

== TRAINING SEED 0 START ============
self.dataX <dso.symbolic_data_generator.DataX object at 0x2b9c87fad898>, self.data_query_oracle: <dso.symbolic_equation_evaluator_public.Equation_evaluator object at 0x2b9c72847d68>
generate dataset!
-- BUILDING PRIOR START -------------
WARNING: Skipping invalid 'RelationalConstraint' with arguments {'targets': [], 'effectors': [], 'relationship': None}. Reason: Prior disabled.
WARNING: Skipping invalid 'TrigConstraint' with arguments {}. Reason: There are no target Tokens.
WARNING: Skipping invalid 'UniformArityPrior' with arguments {}. Reason: Prior disabled.
WARNING: Skipping invalid 'LanguageModelPrior' with arguments {'weight': None}. Reason: Prior disabled.
LengthConstraint: Sequences have minimum length 4.
                  Sequences have maximum length 256.
RepeatConstraint: [const] cannot occur more than 10 times.
RelationalConstraint: [inv] cannot be a child of [inv].
ConstConstraint: [const] cannot be the only unique child of [inv, add, sub, mul, div].
NoInputsConstraint: Sequences contain at least one input variable Token.
SoftLengthPrior: No description available.
-- BUILDING PRIOR END ---------------

-- RUNNING EPOCHS START -------------
[00:00:00:03.72] Training epoch 1/14, current best R: 0.5370

	** New best
	Reward: 0.5370458390453545
	Count Off-policy: False
	Count On-policy: True
	Originally on Policy: True
	Invalid: False
	Traversal: sub,add,add,div,div,x4,x2,inv,mul,mul,div,mul,x1,mul,x3,x2,x3,x1,x4,4.770829737186432,x4,x3
	Expression:
	    2   2                              
	  x₁ ⋅x₄  - x₃ + x₄ + 4.770829737186432

[00:00:00:09.98] Training epoch 3/14, current best R: 0.5510

	** New best
	Reward: 0.550958263316034
	Count Off-policy: False
	Count On-policy: True
	Originally on Policy: True
	Invalid: False
	Traversal: add,x1,mul,add,sub,1.0036431002202062,mul,sub,div,add,x3,sub,inv,x1,mul,2.755931757811228,x4,0.49394946220171615,x3,x1,x1,x4
	Expression:
	          ⎛     ⎛                                              2.024498610733634
	  x₁ + x₄⋅⎜- x₁⋅⎜1.024498610733634⋅x₃ - 5.579380014965533⋅x₄ + ─────────────────
	          ⎝     ⎝                                                      x₁       

	  ⎞                          ⎞
	  ⎟ + x₁ + 1.0036431002202062⎟
	  ⎠                          ⎠

[00:00:00:27.00] Training epoch 8/14, current best R: 0.6233

	** New best
	Reward: 0.6233314383309748
	Count Off-policy: False
	Count On-policy: True
	Originally on Policy: True
	Invalid: False
	Traversal: sub,49.37923558300908,mul,mul,x4,mul,-0.00013976449570044747,x2,mul,div,x1,inv,mul,x4,x2,add,2122.2577937841634,x1
	Expression:
	                              2   2                                             
	  0.00013976449570044747⋅x₁⋅x₂ ⋅x₄ ⋅(x₁ + 2122.2577937841634) + 49.3792355830090

 
	  8

[00:00:00:33.18] Training epoch 10/14, current best R: 0.6233
[00:00:00:46.10] Ending training after epoch 14/14, current best R: 0.6233
-- RUNNING EPOCHS END ---------------

-- EVALUATION START ----------------
Saving Hall of Fame to ./log/regression_config_regression_DSR.json_FeynmanICh24Eq6.in_normal_0.0_2023-05-29-052158/dso_regression_config_regression_DSR.json_FeynmanICh24Eq6.in_normal_0.0_0_hof.csv
Saving Pareto Front to ./log/regression_config_regression_DSR.json_FeynmanICh24Eq6.in_normal_0.0_2023-05-29-052158/dso_regression_config_regression_DSR.json_FeynmanICh24Eq6.in_normal_0.0_0_pf.csv
Invalid expressions: 245 of 14336 (1.7%).
Error type counts:
  reciprocal: 134 (54.7%)
  true_divide: 111 (45.3%)
Error node counts:
  divide: 244 (99.6%)
  invalid: 1 (0.4%)
-- EVALUATION END ------------------
== TRAINING SEED 0 END ==============
INFO: Completed run 1 of 1 in 47 s

== POST-PROCESS START =================
-- LOADING LOGS START ----------------
json configure file: ./log/regression_config_regression_DSR.json_FeynmanICh24Eq6.in_normal_0.0_2023-05-29-052158
Successfully loaded summary data
Successfully loaded Hall of Fame data
Successfully loaded Pareto Front data
-- LOADING LOGS END ------------------

-- ANALYZING LOG START --------------
Task_____________regression
Source path______./log/regression_config_regression_DSR.json_FeynmanICh24Eq6.in_normal_0.0_2023-05-29-052158
Runs_____________1
Max Samples/run__15000
Success_rate_____0.0
Hall of Fame (Top 5 of 100)____
    0: S=000 R=0.623331 <-- [0.00013976449570044747*x1*x2**2*x4**2*(x1 + 2122.2577937841634) + 49.37923558300908]
    1: S=000 R=0.602670 <-- [0.3102600226852023*x1*x3**2*x4**2 - x4 + 1/x2]
    2: S=000 R=0.599518 <-- [0.04053616837078184*x1**2*x2**2*x4**2]
    3: S=000 R=0.556827 <-- [-0.15613001909442941*x1*x2**2*x4*(x1 - x4) + 0.15613001909442941*x3 + 0.84386998090557059*x4]
    4: S=000 R=0.551307 <-- [5.593030419534907*x1*x4*(-x3*(0.004222213998280542*x1**2 + 0.004259911948619481) + x4)]
  Saving Hall of Fame plot to ./log/regression_config_regression_DSR.json_FeynmanICh24Eq6.in_normal_0.0_2023-05-29-052158/dso_regression_config_regression_DSR.json_FeynmanICh24Eq6.in_normal_0.0_plot_hof.png
Pareto Front (5 of 7)____
    0: S=000 R=0.623331 C=20.00 <-- [0.00013976449570044747*x1*x2**2*x4**2*(x1 + 2122.2577937841634) + 49.37923558300908]
    1: S=000 R=0.599518 C=19.00 <-- [0.04053616837078184*x1**2*x2**2*x4**2]
    2: S=000 R=0.551307 C=17.00 <-- [5.593030419534907*x1*x4*(-x3*(0.004222213998280542*x1**2 + 0.004259911948619481) + x4)]
    3: S=000 R=0.550610 C=16.00 <-- [x4/(2.8775965538737543e-5*x4 + 0.16654437549196425/(x1*x4))]
    4: S=000 R=0.550489 C=11.00 <-- [x4*(x1 - 0.03795247982335165)*(5.6484126108368224*x4 + 0.21824985116511228)]
  Saving Pareto Front plot to ./log/regression_config_regression_DSR.json_FeynmanICh24Eq6.in_normal_0.0_2023-05-29-052158/dso_regression_config_regression_DSR.json_FeynmanICh24Eq6.in_normal_0.0_plot_pf.png
-- ANALYZING LOG END ----------------
== POST-PROCESS END ===================
