debug /depot/yexiang/apps/jiang631/data/scibench/data/unencrypted/equations_feynman/FeynmanICh39Eq22.in
!!!!!!!!!!!!!!!!!!!!!!!!!!!!!i /depot/yexiang/apps/jiang631/data/scibench/data/unencrypted/equations_feynman/FeynmanICh39Eq22.in
['mul', 1.380649e-23, 'mul', 'X_0', 'mul', 'X_1', 'pow', 'X_2', -1]
--------------------
eq_name 	 feynman-i.39.22
num_vars 	 3
vars_range_and_types 	 [{"name": "LogUniform", "range": [1e+23, 1e+25], "only_positive": true}, {"name": "LogUniform", "range": [10.0, 1000.0], "only_positive": true}, {"name": "LogUniform", "range": [1e-05, 0.001], "only_positive": true}]
function_set 	 ['add', 'sub', 'mul', 'div', 'sin', 'cos', 'exp', 'log', 'const']
eq_expression 	 mul,1.380649e-23,mul,X_0,mul,X_1,pow,X_2,-1
expr 	 1.380649e-23*X_0*X_1/X_2
--------------------

== EXPERIMENT SETUP START ===========
Task type            : regression
Starting seed        : 0
Runs                 : 1
== EXPERIMENT SETUP END =============

== TRAINING SEED 0 START ============
self.dataX <dso.symbolic_data_generator.DataX object at 0x2b5b48fc6080>, self.data_query_oracle: <dso.symbolic_equation_evaluator_public.Equation_evaluator object at 0x2b5b68067da0>
generate dataset!
-- BUILDING PRIOR START -------------
WARNING: Skipping invalid 'RelationalConstraint' with arguments {'targets': [], 'effectors': [], 'relationship': None}. Reason: Prior disabled.
WARNING: Skipping invalid 'TrigConstraint' with arguments {}. Reason: There are no target Tokens.
WARNING: Skipping invalid 'UniformArityPrior' with arguments {}. Reason: Prior disabled.
WARNING: Skipping invalid 'LanguageModelPrior' with arguments {'weight': None}. Reason: Prior disabled.
LengthConstraint: Sequences have minimum length 4.
                  Sequences have maximum length 256.
RepeatConstraint: [const] cannot occur more than 10 times.
RelationalConstraint: [inv] cannot be a child of [inv].
ConstConstraint: [const] cannot be the only unique child of [inv, add, sub, mul, div].
NoInputsConstraint: Sequences contain at least one input variable Token.
SoftLengthPrior: No description available.
-- BUILDING PRIOR END ---------------

-- RUNNING EPOCHS START -------------
[00:00:00:02.17] Training epoch 1/14, current best R: 0.5570

	** New best
	Reward: 0.5569655497975481
	Count Off-policy: False
	Count On-policy: True
	Originally on Policy: True
	Invalid: False
	Traversal: div,div,sub,add,x2,1.0550558856119383,0.944889082785445,inv,add,sub,x3,mul,0.9446969949819917,div,0.9446969949819917,x2,28.22371437990227,x3
	Expression:
	                             ⎛                         0.8924524123280052⎞
	  (x₂ + 0.11016680282649327)⋅⎜x₃ + 28.22371437990227 - ──────────────────⎟
	                             ⎝                                 x₂        ⎠
	  ────────────────────────────────────────────────────────────────────────
	                                     x₃                                   

[00:00:00:04.60] Training epoch 3/14, current best R: 0.5570

	** New best
	Reward: 0.5569674361018881
	Count Off-policy: False
	Count On-policy: True
	Originally on Policy: True
	Invalid: False
	Traversal: mul,1.297090482970419,div,div,mul,sub,mul,mul,add,inv,x3,sub,x3,sub,div,-20.75224406426216,x3,x2,x3,x2,x3,x1,x3,x1
	Expression:
	                    ⎛      ⎛          21.75224406426216⎞     ⎞
	  1.297090482970419⋅⎜x₂⋅x₃⋅⎜x₂ + x₃ + ─────────────────⎟ - x₃⎟
	                    ⎝      ⎝                  x₃       ⎠     ⎠
	  ────────────────────────────────────────────────────────────
	                               x₃                             

[00:00:00:06.80] Training epoch 5/14, current best R: 0.5570

	** New best
	Reward: 0.5569739370789997
	Count Off-policy: False
	Count On-policy: True
	Originally on Policy: True
	Invalid: False
	Traversal: mul,mul,5.335699342349192,add,x2,sub,add,inv,x2,inv,div,mul,div,x3,x2,x2,5.278020804011066,0.9999135181433638,x2
	Expression:
	     ⎛                                           28.1619321328672   5.3356993423
	  x₂⋅⎜5.335699342349192⋅x₂ - 5.335237901163613 + ──────────────── + ────────────
	     ⎝                                                  x₃                  x₂  

	  49192⎞
	  ─────⎟
	       ⎠

[00:00:00:08.10] Training epoch 6/14, current best R: 0.5570

	** New best
	Reward: 0.5569962351200676
	Count Off-policy: False
	Count On-policy: True
	Originally on Policy: True
	Invalid: False
	Traversal: mul,mul,x2,add,add,inv,sub,x2,1.1820187561311557,-3.323797877519293e-05,-3.32385782737914e-05,add,1.0741961838730965,div,29.467527349861736,div,x3,x2
	Expression:
	     ⎛                                   1           ⎞ ⎛29.467527349861736⋅x₂   
	  x₂⋅⎜-6.647655704898433e-5 + ───────────────────────⎟⋅⎜───────────────────── + 
	     ⎝                        x₂ - 1.1820187561311557⎠ ⎝          x₃            

	                    ⎞
	  1.0741961838730965⎟
	                    ⎠

[00:00:00:13.12] Training epoch 10/14, current best R: 0.5570
[00:00:00:18.99] Ending training after epoch 14/14, current best R: 0.5570
-- RUNNING EPOCHS END ---------------

-- EVALUATION START ----------------
Saving Hall of Fame to ./log/regression_config_regression_DSR.json_FeynmanICh39Eq22.in_normal_0.0_2023-05-29-051835/dso_regression_config_regression_DSR.json_FeynmanICh39Eq22.in_normal_0.0_0_hof.csv
Saving Pareto Front to ./log/regression_config_regression_DSR.json_FeynmanICh39Eq22.in_normal_0.0_2023-05-29-051835/dso_regression_config_regression_DSR.json_FeynmanICh39Eq22.in_normal_0.0_0_pf.csv
Invalid expressions: 471 of 14336 (3.3%).
Error type counts:
  reciprocal: 269 (57.1%)
  true_divide: 202 (42.9%)
Error node counts:
  divide: 468 (99.4%)
  invalid: 3 (0.6%)
-- EVALUATION END ------------------
== TRAINING SEED 0 END ==============
INFO: Completed run 1 of 1 in 20 s

== POST-PROCESS START =================
-- LOADING LOGS START ----------------
json configure file: ./log/regression_config_regression_DSR.json_FeynmanICh39Eq22.in_normal_0.0_2023-05-29-051835
Successfully loaded summary data
Successfully loaded Hall of Fame data
Successfully loaded Pareto Front data
-- LOADING LOGS END ------------------

-- ANALYZING LOG START --------------
Task_____________regression
Source path______./log/regression_config_regression_DSR.json_FeynmanICh39Eq22.in_normal_0.0_2023-05-29-051835
Runs_____________1
Max Samples/run__15000
Success_rate_____0.0
Hall of Fame (Top 5 of 100)____
    0: S=000 R=0.556996 <-- [x2*(-6.647655704898433e-5 + 1/(x2 - 1.1820187561311557))*(29.467527349861736*x2/x3 + 1.0741961838730965)]
    1: S=000 R=0.556996 <-- [(x2*(-0.0021563139761677924*x2 + 29.668804471382824 - 1/(1.0018560635191263 - x2)) + x3 - 0.8332629692741782)/x3]
    2: S=000 R=0.556980 <-- [-0.032625628254034404*x2**2*(-x2 + x3 + 0.9409608548971164 - 857.82979970691/(x2*x3))]
    3: S=000 R=0.556977 <-- [x2/(x3 - 0.4821521492203314*x3*(2*x2 + x3 + 0.2819455151073241)/x2)]
    4: S=000 R=0.556974 <-- [x2*(5.335699342349192*x2 - 5.335237901163613 + 28.1619321328672/x3 + 5.335699342349192/x2)]
  Saving Hall of Fame plot to ./log/regression_config_regression_DSR.json_FeynmanICh39Eq22.in_normal_0.0_2023-05-29-051835/dso_regression_config_regression_DSR.json_FeynmanICh39Eq22.in_normal_0.0_plot_hof.png
Pareto Front (5 of 10)____
    0: S=000 R=0.556996 C=21.00 <-- [x2*(-6.647655704898433e-5 + 1/(x2 - 1.1820187561311557))*(29.467527349861736*x2/x3 + 1.0741961838730965)]
    1: S=000 R=0.556996 C=20.00 <-- [(x2*(-0.0021563139761677924*x2 + 29.668804471382824 - 1/(1.0018560635191263 - x2)) + x3 - 0.8332629692741782)/x3]
    2: S=000 R=0.556970 C=18.00 <-- [28.17560868028193*(x2 + x3 + 1.0087386177300575)/x3]
    3: S=000 R=0.556970 C=17.00 <-- [28.167330750427233*(x2*x3 + x3)/x3**2]
    4: S=000 R=0.556970 C=15.00 <-- [-28.185469011323402*x3 + 28.185469011323402*(x2 + 0.941020931024094)/x3]
  Saving Pareto Front plot to ./log/regression_config_regression_DSR.json_FeynmanICh39Eq22.in_normal_0.0_2023-05-29-051835/dso_regression_config_regression_DSR.json_FeynmanICh39Eq22.in_normal_0.0_plot_pf.png
-- ANALYZING LOG END ----------------
== POST-PROCESS END ===================
