debug /depot/yexiang/apps/jiang631/data/scibench/data/unencrypted/equations_feynman/FeynmanIICh4Eq23.in
!!!!!!!!!!!!!!!!!!!!!!!!!!!!!i /depot/yexiang/apps/jiang631/data/scibench/data/unencrypted/equations_feynman/FeynmanIICh4Eq23.in
['mul', 28235825615.541, 'mul', 'X_0', 'mul', 'pow', 3.141592653589793, -1, 'pow', 'X_1', -1]
--------------------
eq_name 	 feynman-ii.4.23
num_vars 	 2
vars_range_and_types 	 [{"name": "LogUniform", "range": [0.001, 0.1], "only_positive": false}, {"name": "LogUniform", "range": [0.01, 1.0], "only_positive": true}]
function_set 	 ['add', 'sub', 'mul', 'div', 'sin', 'cos', 'exp', 'log', 'const']
eq_expression 	 mul,28235825615.541,mul,X_0,mul,pow,3.141592653589793,-1,pow,X_1,-1
expr 	 28235825615.541*X_0/(pi*X_1)
--------------------

== EXPERIMENT SETUP START ===========
Task type            : regression
Starting seed        : 0
Runs                 : 1
== EXPERIMENT SETUP END =============

== TRAINING SEED 0 START ============
self.dataX <dso.symbolic_data_generator.DataX object at 0x2aaefc15b0f0>, self.data_query_oracle: <dso.symbolic_equation_evaluator_public.Equation_evaluator object at 0x2aaf1b1fdd30>
generate dataset!
-- BUILDING PRIOR START -------------
WARNING: Skipping invalid 'RelationalConstraint' with arguments {'targets': [], 'effectors': [], 'relationship': None}. Reason: Prior disabled.
WARNING: Skipping invalid 'TrigConstraint' with arguments {}. Reason: There are no target Tokens.
WARNING: Skipping invalid 'UniformArityPrior' with arguments {}. Reason: Prior disabled.
WARNING: Skipping invalid 'LanguageModelPrior' with arguments {'weight': None}. Reason: Prior disabled.
LengthConstraint: Sequences have minimum length 4.
                  Sequences have maximum length 256.
RepeatConstraint: [const] cannot occur more than 10 times.
RelationalConstraint: [inv] cannot be a child of [inv].
ConstConstraint: [const] cannot be the only unique child of [inv, add, sub, mul, div].
NoInputsConstraint: Sequences contain at least one input variable Token.
SoftLengthPrior: No description available.
-- BUILDING PRIOR END ---------------

-- RUNNING EPOCHS START -------------
gen	iter	pop_size	nevals	uncached_size	best_val              	timer  
0  	0   	1024    	1024  	1024         	(-0.6257111060100444,)	1.96744
1  	1   	1024    	775   	664          	(-0.6621000543496304,)	0.810212
2  	2   	1024    	805   	685          	(-0.6621000543496304,)	0.850291
3  	3   	1024    	767   	625          	(-0.6621000543496304,)	1.55222 
4  	4   	1024    	772   	641          	(-0.6672674374014886,)	2.33684 
5  	5   	1024    	776   	648          	(-0.7175971346824314,)	3.95454 
6  	6   	1024    	777   	657          	(-0.7727149252314662,)	6.0517  
7  	7   	1024    	767   	642          	(-0.7727397638947172,)	7.40361 
8  	8   	1024    	764   	643          	(-0.8745189853153841,)	11.0137 
9  	9   	1024    	762   	624          	(-0.8745189853153841,)	17.5072 

--------------------------------------------------
GP Time: 53.7094

Unique expressions evaluated: 7777
Total expression evaluations: 7989
--------------------------------------------------

GP -> best program this epoch:

	Reward: 0.8745189853153841
	Count Off-policy: 1
	Count On-policy: 0
	Originally on Policy: False
	Invalid: False
	Traversal: mul,sub,mul,x1,inv,div,x2,sub,div,add,105301.12238315529,inv,x2,div,x1,7.501866733163216e-07,3438.303988436147,mul,x1,inv,div,x2,sub,mul,x1,inv,div,x2,sub,div,add,70464.04392791468,inv,x1,div,x1,-0.0002615367239291497,-1.547231632696697,x2,mul,div,add,x2,add,mul,-43381.270720482134,add,x2,x2,sub,x1,sub,-464.1313954040469,x1,inv,div,inv,x2,x2,1.1992405100006425
	Expression:
	                     ⎛                                                          
	                     ⎜                                                          
	                     ⎜   ⎛                                          ⎛           
	                     ⎜   ⎜                     7.501866733163216e-7⋅⎜105301.1223
	                     ⎜   ⎜                                          ⎝           
	                     ⎜x₁⋅⎜-3438.303988436147 + ─────────────────────────────────
	                     ⎜   ⎝                                           x₁         
	  1.1992405100006425⋅⎜──────────────────────────────────────────────────────────
	                     ⎝                                   x₂                     
	  ──────────────────────────────────────────────────────────────────────────────
                                                                              
                                                                              

	                      ⎛   ⎛                                          ⎛          
	                      ⎜   ⎜                    0.0002615367239291497⋅⎜70464.0439
	            1 ⎞⎞      ⎜   ⎜                                          ⎝          
	  8315529 + ──⎟⎟      ⎜x₁⋅⎜1.547231632696697 - ─────────────────────────────────
	            x₂⎠⎟      ⎜   ⎝                                          x₁         
	  ─────────────⎟   x₁⋅⎜─────────────────────────────────────────────────────────
	               ⎠      ⎝                                   x₂                    
	  ────────────── - ─────────────────────────────────────────────────────────────
	                                                           x₂                   
	  ──────────────────────────────────────────────────────────────────────────────
	                                      2                                         
	                                    x₂                                          

	            1 ⎞⎞     ⎞⎞                                                   
	  2791468 + ──⎟⎟     ⎟⎟                                                   
	            x₁⎠⎟     ⎟⎟                                                   
	  ─────────────⎟     ⎟⎟                                                   
	               ⎠     ⎟⎟                                                   
	  ────────────── - x₂⎟⎟                                                   
	                     ⎠⎟                                                   
	  ────────────────────⎟⋅(2⋅x₁ - 86761.541440964268⋅x₂ + 464.1313954040469)
	                      ⎠                                                   
	  ────────────────────────────────────────────────────────────────────────
                                                                        
                                                                        

None

--------------------------------------------------

[00:00:01:02.53] Training epoch 1/14, current best R: 0.8745

	** New best
	Reward: 0.8745189853153841
	Count Off-policy: 1
	Count On-policy: 0
	Originally on Policy: False
	Invalid: False
	Traversal: mul,sub,mul,x1,inv,div,x2,sub,div,add,105301.12238315529,inv,x2,div,x1,7.501866733163216e-07,3438.303988436147,mul,x1,inv,div,x2,sub,mul,x1,inv,div,x2,sub,div,add,70464.04392791468,inv,x1,div,x1,-0.0002615367239291497,-1.547231632696697,x2,mul,div,add,x2,add,mul,-43381.270720482134,add,x2,x2,sub,x1,sub,-464.1313954040469,x1,inv,div,inv,x2,x2,1.1992405100006425
	Expression:
	                     ⎛                                                          
	                     ⎜                                                          
	                     ⎜   ⎛                                          ⎛           
	                     ⎜   ⎜                     7.501866733163216e-7⋅⎜105301.1223
	                     ⎜   ⎜                                          ⎝           
	                     ⎜x₁⋅⎜-3438.303988436147 + ─────────────────────────────────
	                     ⎜   ⎝                                           x₁         
	  1.1992405100006425⋅⎜──────────────────────────────────────────────────────────
	                     ⎝                                   x₂                     
	  ──────────────────────────────────────────────────────────────────────────────
                                                                              
                                                                              

	                      ⎛   ⎛                                          ⎛          
	                      ⎜   ⎜                    0.0002615367239291497⋅⎜70464.0439
	            1 ⎞⎞      ⎜   ⎜                                          ⎝          
	  8315529 + ──⎟⎟      ⎜x₁⋅⎜1.547231632696697 - ─────────────────────────────────
	            x₂⎠⎟      ⎜   ⎝                                          x₁         
	  ─────────────⎟   x₁⋅⎜─────────────────────────────────────────────────────────
	               ⎠      ⎝                                   x₂                    
	  ────────────── - ─────────────────────────────────────────────────────────────
	                                                           x₂                   
	  ──────────────────────────────────────────────────────────────────────────────
	                                      2                                         
	                                    x₂                                          

	            1 ⎞⎞     ⎞⎞                                                   
	  2791468 + ──⎟⎟     ⎟⎟                                                   
	            x₁⎠⎟     ⎟⎟                                                   
	  ─────────────⎟     ⎟⎟                                                   
	               ⎠     ⎟⎟                                                   
	  ────────────── - x₂⎟⎟                                                   
	                     ⎠⎟                                                   
	  ────────────────────⎟⋅(2⋅x₁ - 86761.541440964268⋅x₂ + 464.1313954040469)
	                      ⎠                                                   
	  ────────────────────────────────────────────────────────────────────────
                                                                        
                                                                        

10 	0   	1024    	1024  	1019         	(-0.5006238374452903,)	0.510637
11 	1   	1024    	791   	666          	(-0.6256795030357981,)	0.605526
12 	2   	1024    	730   	607          	(-0.6256795030357981,)	0.828785
13 	3   	1024    	773   	658          	(-0.6756310799815768,)	1.49822 
14 	4   	1024    	778   	650          	(-0.6756310799815768,)	2.62571 
15 	5   	1024    	778   	668          	(-0.7185148109168903,)	6.06319 
16 	6   	1024    	761   	635          	(-0.7453656919955516,)	12.0259 
17 	7   	1024    	783   	668          	(-0.7453656919955516,)	13.1453 
18 	8   	1024    	764   	634          	(-0.7972584007792315,)	16.6121 
19 	9   	1024    	764   	631          	(-0.7972584007792315,)	24.7301 

--------------------------------------------------
GP Time: 78.9058

Unique expressions evaluated: 15563
Total expression evaluations: 15935
--------------------------------------------------

GP -> best program this epoch:

	Reward: 0.7972584007792315
	Count Off-policy: 1
	Count On-policy: 0
	Originally on Policy: False
	Invalid: False
	Traversal: add,div,inv,mul,inv,mul,sub,-41.52592880725433,mul,sub,x1,add,5719.384508383371,div,x2,x1,x2,mul,inv,x2,div,add,x1,inv,x2,x2,inv,mul,sub,-14.094277416229211,mul,sub,x1,add,sub,x1,add,-2131.691877222319,inv,x2,x2,x2,mul,inv,div,0.6417807267535426,x1,div,add,x1,inv,x2,x2,2.217787292797264,x2
	Expression:
	                                 2                                              
	                        ⎛     1 ⎞  ⎛     ⎛                         x₂⎞          
	  0.7025762075695274⋅x₁⋅⎜x₁ + ──⎟ ⋅⎜- x₂⋅⎜x₁ - 5719.384508383371 - ──⎟ - 41.5259
	                        ⎝     x₂⎠  ⎝     ⎝                         x₁⎠          
	  ──────────────────────────────────────────────────────────────────────────────
	                                                                            3   
	                                                                          x₂    

                                                                           
	            ⎞ ⎛     ⎛                          1 ⎞                     ⎞     
	  2880725433⎟⋅⎜- x₂⋅⎜-x₂ - 2131.691877222319 + ──⎟ - 14.094277416229211⎟     
	            ⎠ ⎝     ⎝                          x₂⎠                     ⎠     
	  ────────────────────────────────────────────────────────────────────── + x₂
                                                                           
                                                                           

None

--------------------------------------------------

-- RUNNING EPOCHS END ---------------

-- EVALUATION START ----------------
Saving Hall of Fame to ./log/regression_config_regression_GPMELD.json_FeynmanIICh4Eq23.in_normal_0.0_2023-05-29-052425/dso_regression_config_regression_GPMELD.json_FeynmanIICh4Eq23.in_normal_0.0_0_hof.csv
Saving Pareto Front to ./log/regression_config_regression_GPMELD.json_FeynmanIICh4Eq23.in_normal_0.0_2023-05-29-052425/dso_regression_config_regression_GPMELD.json_FeynmanIICh4Eq23.in_normal_0.0_0_pf.csv
Invalid expressions: 254 of 17983 (1.4%).
Error type counts:
  reciprocal: 148 (58.3%)
  true_divide: 106 (41.7%)
Error node counts:
  divide: 252 (99.2%)
  invalid: 2 (0.8%)
-- EVALUATION END ------------------
== TRAINING SEED 0 END ==============
INFO: Completed run 1 of 1 in 151 s

== POST-PROCESS START =================
-- LOADING LOGS START ----------------
json configure file: ./log/regression_config_regression_GPMELD.json_FeynmanIICh4Eq23.in_normal_0.0_2023-05-29-052425
Successfully loaded summary data
Successfully loaded Hall of Fame data
Successfully loaded Pareto Front data
-- LOADING LOGS END ------------------

-- ANALYZING LOG START --------------
Task_____________regression
Source path______./log/regression_config_regression_GPMELD.json_FeynmanIICh4Eq23.in_normal_0.0_2023-05-29-052425
Runs_____________1
Max Samples/run__15000
Success_rate_____0.0
Hall of Fame (Top 5 of 100)____
    0: S=000 R=0.874519 <-- [1.1992405100006425*(x1*(-3438.303988436147 + 7.501866733163216e-7*(105301.12238315529 + 1/x2)/x1)/x2 - x1*(x1*(1.547231632696697 - 0.0002615367239291497*(70464.04392791468 + 1/x1)/x1)/x2 - x2)/x2)*(2*x1 - 86761.541440964268*x2 + 464.1313954040469)/x2**2]
    1: S=000 R=0.874519 <-- [1.1992405100006425*(x1*(-3438.303988436147 + 7.501866733163216e-7*(105301.12238315529 + 1/x2)/x1)/x2 - x1*(x1*(1.547231632696697 - 0.0002615367239291497*(70464.04392791468 + 1/x1)/x1)/x2 - x2)/x2)*(2*x1 - 86761.541440964268*x2 + 464.1313954040469)/x2**2]
    2: S=000 R=0.859479 <-- [(x2 - 1/x2)*(x1*((19362.43028773705 + 1/x2)/(0.60344040892278678*x2 - 0.60344040892278678/x2) + 241.8692535046307)/x2 - 0.3377762566684703)*(x1 + x2 + 9244.669732257282 + 1/(x2*(x1 + 1)))/x2]
    3: S=000 R=0.859479 <-- [(x2 - 1/x2)*(x1*((19362.43028773705 + 1/x2)/(0.60344040892278678*x2 - 0.60344040892278678/x2) + 241.8692535046307)/x2 - 0.3377762566684703)*(x1 + x2 + 9244.669732257282 + 1/(x2*(x1 + 1)))/x2]
    4: S=000 R=0.859209 <-- [x1*(-x1 + x1*(4838.783478634108 + 26645.08379128728*(5551.526377213011 + 1/x2)/x1)/x2)*(2*x2 - 0.014996765260964807 + 0.7560127221108732*x2/(x1*(-x1**2 + 1994080.651285566*x2)))/x2**2]
  Saving Hall of Fame plot to ./log/regression_config_regression_GPMELD.json_FeynmanIICh4Eq23.in_normal_0.0_2023-05-29-052425/dso_regression_config_regression_GPMELD.json_FeynmanIICh4Eq23.in_normal_0.0_plot_hof.png
Pareto Front (5 of 18)____
    0: S=000 R=0.874519 C=76.00 <-- [1.1992405100006425*(x1*(-3438.303988436147 + 7.501866733163216e-7*(105301.12238315529 + 1/x2)/x1)/x2 - x1*(x1*(1.547231632696697 - 0.0002615367239291497*(70464.04392791468 + 1/x1)/x1)/x2 - x2)/x2)*(2*x1 - 86761.541440964268*x2 + 464.1313954040469)/x2**2]
    1: S=000 R=0.859479 C=60.00 <-- [(x2 - 1/x2)*(x1*((19362.43028773705 + 1/x2)/(0.60344040892278678*x2 - 0.60344040892278678/x2) + 241.8692535046307)/x2 - 0.3377762566684703)*(x1 + x2 + 9244.669732257282 + 1/(x2*(x1 + 1)))/x2]
    2: S=000 R=0.828460 C=55.00 <-- [(x1*(4479.0228821354995 + (-836.4945612431393 + 0.0063270303328641555*(653.5296355195469 + 1/x2)/x2)*(0.085011950958681962 + 0.0002868188153628447/x2)/x2)/x2 - x2)*(x1 + 2*x2 + 2818.0150461117632)/x2**2]
    3: S=000 R=0.772940 C=46.00 <-- [(x1*(39.33861973090206 - 1.833397788417112e-5*(18949.670328692206 + 1/x2)/x2)/x2 - x2)*(2*x1 + 31863.42860499416*x2 + 142927.52722953487)/x2**2]
    4: S=000 R=0.772740 C=35.00 <-- [-77.906397654975924*(2*x2 - 0.017741459551325747)*(-36165.83506067998*x1/x2**3 - x2)/x2]
  Saving Pareto Front plot to ./log/regression_config_regression_GPMELD.json_FeynmanIICh4Eq23.in_normal_0.0_2023-05-29-052425/dso_regression_config_regression_GPMELD.json_FeynmanIICh4Eq23.in_normal_0.0_plot_pf.png
-- ANALYZING LOG END ----------------
== POST-PROCESS END ===================
