debug /depot/yexiang/apps/jiang631/data/scibench/data/unencrypted/equations_feynman/FeynmanICh14Eq4.in
!!!!!!!!!!!!!!!!!!!!!!!!!!!!!i /depot/yexiang/apps/jiang631/data/scibench/data/unencrypted/equations_feynman/FeynmanICh14Eq4.in
['mul', 0.5, 'mul', 'X_0', 'pow', 'X_1', 2]
--------------------
eq_name 	 feynman-i.14.4
num_vars 	 2
vars_range_and_types 	 [{"name": "LogUniform", "range": [100.0, 10000.0], "only_positive": true}, {"name": "LogUniform", "range": [0.01, 1.0], "only_positive": false}]
function_set 	 ['mul', 'n2', 'const']
eq_expression 	 mul,0.5,mul,X_0,pow,X_1,2
expr 	 0.5*X_0*X_1**2
--------------------

== EXPERIMENT SETUP START ===========
Task type            : regression
Starting seed        : 0
Runs                 : 1
== EXPERIMENT SETUP END =============

== TRAINING SEED 0 START ============
self.dataX <dso.symbolic_data_generator.DataX object at 0x2acb35d58080>, self.data_query_oracle: <dso.symbolic_equation_evaluator_public.Equation_evaluator object at 0x2acb54df9d68>
generate dataset!
-- BUILDING PRIOR START -------------
WARNING: Skipping invalid 'RelationalConstraint' with arguments {'targets': [], 'effectors': [], 'relationship': None}. Reason: Prior disabled.
WARNING: Skipping invalid 'TrigConstraint' with arguments {}. Reason: There are no target Tokens.
WARNING: Skipping invalid 'UniformArityPrior' with arguments {}. Reason: Prior disabled.
WARNING: Skipping invalid 'LanguageModelPrior' with arguments {'weight': None}. Reason: Prior disabled.
LengthConstraint: Sequences have minimum length 4.
                  Sequences have maximum length 256.
RepeatConstraint: [const] cannot occur more than 10 times.
RelationalConstraint: [inv] cannot be a child of [inv].
ConstConstraint: [const] cannot be the only unique child of [inv, add, sub, mul, div].
NoInputsConstraint: Sequences contain at least one input variable Token.
SoftLengthPrior: No description available.
-- BUILDING PRIOR END ---------------

-- RUNNING EPOCHS START -------------
[00:00:00:07.03] Training epoch 1/14, current best R: 1.0000

	** New best
	Reward: 0.9999999555802153
	Count Off-policy: False
	Count On-policy: True
	Originally on Policy: True
	Invalid: False
	Traversal: div,mul,div,mul,x2,mul,add,x1,x1,sub,div,x1,1.8743657167658072,0.00010002708304269542,x1,x2,2.134055184927219
	Expression:
	                       2                                                  
	  0.9371828873620291⋅x₂ ⋅(0.53351381272886624⋅x₁ - 0.00010002708304269542)

[00:00:00:07.36] Early stopping criteria met; breaking early.
-- RUNNING EPOCHS END ---------------

-- EVALUATION START ----------------
Saving Hall of Fame to ./log/regression_config_regression_VPG.json_FeynmanICh14Eq4.in_normal_0.0_2023-05-29-051014/dso_regression_config_regression_VPG.json_FeynmanICh14Eq4.in_normal_0.0_0_hof.csv
Saving Pareto Front to ./log/regression_config_regression_VPG.json_FeynmanICh14Eq4.in_normal_0.0_2023-05-29-051014/dso_regression_config_regression_VPG.json_FeynmanICh14Eq4.in_normal_0.0_0_pf.csv
Invalid expressions: 38 of 1024 (3.7%).
Error type counts:
  true_divide: 16 (42.1%)
  reciprocal: 22 (57.9%)
Error node counts:
  divide: 38 (100.0%)
-- EVALUATION END ------------------
== TRAINING SEED 0 END ==============
INFO: Completed run 1 of 1 in 9 s

== POST-PROCESS START =================
-- LOADING LOGS START ----------------
json configure file: ./log/regression_config_regression_VPG.json_FeynmanICh14Eq4.in_normal_0.0_2023-05-29-051014
Successfully loaded summary data
Successfully loaded Hall of Fame data
Successfully loaded Pareto Front data
-- LOADING LOGS END ------------------

-- ANALYZING LOG START --------------
Task_____________regression
Source path______./log/regression_config_regression_VPG.json_FeynmanICh14Eq4.in_normal_0.0_2023-05-29-051014
Runs_____________1
Max Samples/run__15000
Success_rate_____1.0
Hall of Fame (Top 5 of 100)____
    0: S=000 R=1.000000 <-- [0.9371828873620291*x2**2*(0.53351381272886624*x1 - 0.00010002708304269542)]
    1: S=000 R=1.000000 <-- [-0.6902277695154495*x2**2*(-0.724398337244118*x1 - 0.00044594073852074513) + 8.438359136029293e-5]
    2: S=000 R=0.999996 <-- [(0.0005640049690693056 - x2)*(-0.5000001841117691*x1*(x2 - 1.999436966850664) - x1 + 0.001311839259533013)]
    3: S=000 R=0.999989 <-- [x1/(4.156458094932735e-5 + (-4.793703702976573e-6 - 0.0158580141344766/(9.412780588145927e-9 - 0.007929048629888295*x2))/x2)]
    4: S=000 R=0.999858 <-- [6.0681269147528197e-5*x2**2*(335.2836242910511*x1*(-0.0080132526412257992*x2 + 24.575063851437875 + 0.0040978924633527014/x2) + 782.27511062213158) + 6.0681269147528197e-5*x2]
  Saving Hall of Fame plot to ./log/regression_config_regression_VPG.json_FeynmanICh14Eq4.in_normal_0.0_2023-05-29-051014/dso_regression_config_regression_VPG.json_FeynmanICh14Eq4.in_normal_0.0_plot_hof.png
Pareto Front (5 of 7)____
    0: S=000 R=1.000000 C=20.00 <-- [0.9371828873620291*x2**2*(0.53351381272886624*x1 - 0.00010002708304269542)]
    1: S=000 R=0.748317 C=15.00 <-- [x1*(-0.5648268258558352*x2 - 0.6386404685394032 - 1/(x2 - 1.5289577297027699)) - 0.9976660499365131]
    2: S=000 R=0.554241 C=14.00 <-- [1744.0622600797767*(x2 - 0.00946247139918808)/(x2 + 1/x2)]
    3: S=000 R=0.536092 C=10.00 <-- [0.06773493389652512*x1*x2/(1.0978267747556558 - x2)]
    4: S=000 R=0.518980 C=9.00 <-- [0.056232505007015427*x1]
  Saving Pareto Front plot to ./log/regression_config_regression_VPG.json_FeynmanICh14Eq4.in_normal_0.0_2023-05-29-051014/dso_regression_config_regression_VPG.json_FeynmanICh14Eq4.in_normal_0.0_plot_pf.png
-- ANALYZING LOG END ----------------
== POST-PROCESS END ===================
