debug /depot/yexiang/apps/jiang631/data/scibench/data/unencrypted/equations_feynman/FeynmanIICh38Eq3.in
!!!!!!!!!!!!!!!!!!!!!!!!!!!!!i /depot/yexiang/apps/jiang631/data/scibench/data/unencrypted/equations_feynman/FeynmanIICh38Eq3.in
['mul', 'X_0', 'mul', 'X_1', 'mul', 'X_2', 'pow', 'X_3', -1]
--------------------
eq_name 	 feynman-ii.38.3
num_vars 	 4
vars_range_and_types 	 [{"name": "LogUniform", "range": [0.1, 10.0], "only_positive": true}, {"name": "LogUniform", "range": [0.0001, 0.01], "only_positive": true}, {"name": "LogUniform", "range": [0.001, 0.1], "only_positive": false}, {"name": "LogUniform", "range": [0.01, 1.0], "only_positive": true}]
function_set 	 ['add', 'sub', 'mul', 'div', 'sin', 'cos', 'exp', 'log', 'const']
eq_expression 	 mul,X_0,mul,X_1,mul,X_2,pow,X_3,-1
expr 	 X_0*X_1*X_2/X_3
--------------------

== EXPERIMENT SETUP START ===========
Task type            : regression
Starting seed        : 0
Runs                 : 1
== EXPERIMENT SETUP END =============

== TRAINING SEED 0 START ============
self.dataX <dso.symbolic_data_generator.DataX object at 0x2b64fdfa90b8>, self.data_query_oracle: <dso.symbolic_equation_evaluator_public.Equation_evaluator object at 0x2b651d04bd68>
generate dataset!
-- BUILDING PRIOR START -------------
WARNING: Skipping invalid 'RelationalConstraint' with arguments {'targets': [], 'effectors': [], 'relationship': None}. Reason: Prior disabled.
WARNING: Skipping invalid 'TrigConstraint' with arguments {}. Reason: There are no target Tokens.
WARNING: Skipping invalid 'UniformArityPrior' with arguments {}. Reason: Prior disabled.
WARNING: Skipping invalid 'LanguageModelPrior' with arguments {'weight': None}. Reason: Prior disabled.
LengthConstraint: Sequences have minimum length 4.
                  Sequences have maximum length 256.
RepeatConstraint: [const] cannot occur more than 10 times.
RelationalConstraint: [inv] cannot be a child of [inv].
ConstConstraint: [const] cannot be the only unique child of [inv, add, sub, mul, div].
NoInputsConstraint: Sequences contain at least one input variable Token.
SoftLengthPrior: No description available.
-- BUILDING PRIOR END ---------------

-- RUNNING EPOCHS START -------------
[00:00:00:03.48] Training epoch 1/14, current best R: 0.7065

	** New best
	Reward: 0.7064882516529284
	Count Off-policy: False
	Count On-policy: True
	Originally on Policy: True
	Invalid: False
	Traversal: div,mul,sub,x4,-1046.5937629900466,x2,div,inv,mul,0.011358849856857733,inv,add,add,div,0.12024598075130712,x1,x2,x4,x3
	Expression:
	                   x₂⋅x₃⋅(x₄ + 1046.5937629900466)                  
	  ──────────────────────────────────────────────────────────────────
	                                                  10.586105307018425
	  88.037082328037393⋅x₂ + 88.037082328037393⋅x₄ + ──────────────────
	                                                          x₁        

[00:00:00:13.07] Training epoch 4/14, current best R: 1.0000

	** New best
	Reward: 0.9999907166003218
	Count Off-policy: False
	Count On-policy: True
	Originally on Policy: True
	Invalid: False
	Traversal: div,div,mul,mul,x2,x1,inv,x4,inv,mul,0.9654569869898275,mul,sub,252.99259302162864,x2,x3,244.24720936443498
	Expression:
	  0.0039527861526118563⋅x₁⋅x₂⋅x₃⋅(252.99259302162864 - x₂)
	  ────────────────────────────────────────────────────────
	                             x₄                           

[00:00:00:16.06] Training epoch 5/14, current best R: 1.0000

	** New best
	Reward: 0.9999998974275722
	Count Off-policy: False
	Count On-policy: True
	Originally on Policy: True
	Invalid: False
	Traversal: div,mul,div,x1,x4,x3,sub,add,div,0.9999999282652421,add,x2,mul,x3,-3.1567532003274234e-09,x2,x2
	Expression:
	  x₁⋅x₃⋅(1.000000071734763⋅x₂ - 3.1567534267763662e-9⋅x₃)
	  ───────────────────────────────────────────────────────
	                             x₄                          

[00:00:00:16.07] Early stopping criteria met; breaking early.
-- RUNNING EPOCHS END ---------------

-- EVALUATION START ----------------
Saving Hall of Fame to ./log/regression_config_regression_DSR.json_FeynmanIICh38Eq3.in_normal_0.0_2023-05-29-052102/dso_regression_config_regression_DSR.json_FeynmanIICh38Eq3.in_normal_0.0_0_hof.csv
Saving Pareto Front to ./log/regression_config_regression_DSR.json_FeynmanIICh38Eq3.in_normal_0.0_2023-05-29-052102/dso_regression_config_regression_DSR.json_FeynmanIICh38Eq3.in_normal_0.0_0_pf.csv
Invalid expressions: 106 of 5120 (2.1%).
Error type counts:
  reciprocal: 59 (55.7%)
  true_divide: 47 (44.3%)
Error node counts:
  divide: 106 (100.0%)
-- EVALUATION END ------------------
== TRAINING SEED 0 END ==============
INFO: Completed run 1 of 1 in 17 s

== POST-PROCESS START =================
-- LOADING LOGS START ----------------
json configure file: ./log/regression_config_regression_DSR.json_FeynmanIICh38Eq3.in_normal_0.0_2023-05-29-052102
Successfully loaded summary data
Successfully loaded Hall of Fame data
Successfully loaded Pareto Front data
-- LOADING LOGS END ------------------

-- ANALYZING LOG START --------------
Task_____________regression
Source path______./log/regression_config_regression_DSR.json_FeynmanIICh38Eq3.in_normal_0.0_2023-05-29-052102
Runs_____________1
Max Samples/run__15000
Success_rate_____1.0
Hall of Fame (Top 5 of 100)____
    0: S=000 R=1.000000 <-- [x1*x3*(1.000000071734763*x2 - 3.1567534267763662e-9*x3)/x4]
    1: S=000 R=0.999991 <-- [0.0039527861526118563*x1*x2*x3*(252.99259302162864 - x2)/x4]
    2: S=000 R=0.706488 <-- [x2*x3*(x4 + 1046.5937629900466)/(88.037082328037393*x2 + 88.037082328037393*x4 + 10.586105307018425/x1)]
    3: S=000 R=0.692727 <-- [2*x1*x2*x3*(-x2 + x4)/(x4*(x2 + x4))]
    4: S=000 R=0.665436 <-- [x1*x2*(-1.8426765530406866 + 1/x4)*(x3 + x4 - 0.01850402569147954)]
  Saving Hall of Fame plot to ./log/regression_config_regression_DSR.json_FeynmanIICh38Eq3.in_normal_0.0_2023-05-29-052102/dso_regression_config_regression_DSR.json_FeynmanIICh38Eq3.in_normal_0.0_plot_hof.png
Pareto Front (5 of 7)____
    0: S=000 R=1.000000 C=20.00 <-- [x1*x3*(1.000000071734763*x2 - 3.1567534267763662e-9*x3)/x4]
    1: S=000 R=0.692727 C=19.00 <-- [2*x1*x2*x3*(-x2 + x4)/(x4*(x2 + x4))]
    2: S=000 R=0.570432 C=18.00 <-- [x3/((0.49183119089312904*x4 + 0.49183119089312904/x2)*(x4 + 1/(x4 + 1047.4700039886352)))]
    3: S=000 R=0.567621 C=9.00 <-- [19.56057552596022*x1*x3*(x2 + 6.2406054473073e-5)]
    4: S=000 R=0.567047 C=8.00 <-- [0.001978447456017156*x1*x3/x4]
  Saving Pareto Front plot to ./log/regression_config_regression_DSR.json_FeynmanIICh38Eq3.in_normal_0.0_2023-05-29-052102/dso_regression_config_regression_DSR.json_FeynmanIICh38Eq3.in_normal_0.0_plot_pf.png
-- ANALYZING LOG END ----------------
== POST-PROCESS END ===================
