debug /depot/yexiang/apps/jiang631/data/scibench/data/unencrypted/equations_feynman/FeynmanIICh37Eq1.in
!!!!!!!!!!!!!!!!!!!!!!!!!!!!!i /depot/yexiang/apps/jiang631/data/scibench/data/unencrypted/equations_feynman/FeynmanIICh37Eq1.in
['mul', 'X_0', 'mul', 'X_2', 'add', 1, 'X_1']
--------------------
eq_name 	 feynman-ii.37.1
num_vars 	 3
vars_range_and_types 	 [{"name": "LogUniform", "range": [1e-25, 1e-23], "only_positive": false}, {"name": "LogUniform", "range": [10000.0, 1000000.0], "only_positive": false}, {"name": "LogUniform", "range": [0.001, 0.1], "only_positive": false}]
function_set 	 ['add', 'sub', 'mul', 'div', 'sin', 'cos', 'exp', 'log', 'const']
eq_expression 	 mul,X_0,mul,X_2,add,1,X_1
expr 	 X_0*X_2*(X_1 + 1)
--------------------

== EXPERIMENT SETUP START ===========
Task type            : regression
Starting seed        : 0
Runs                 : 1
== EXPERIMENT SETUP END =============

== TRAINING SEED 0 START ============
self.dataX <dso.symbolic_data_generator.DataX object at 0x2b9909b9fc50>, self.data_query_oracle: <dso.symbolic_equation_evaluator_public.Equation_evaluator object at 0x2b98f03e6d68>
generate dataset!
-- BUILDING PRIOR START -------------
WARNING: Skipping invalid 'RelationalConstraint' with arguments {'targets': [], 'effectors': [], 'relationship': None}. Reason: Prior disabled.
WARNING: Skipping invalid 'TrigConstraint' with arguments {}. Reason: There are no target Tokens.
WARNING: Skipping invalid 'UniformArityPrior' with arguments {}. Reason: Prior disabled.
WARNING: Skipping invalid 'LanguageModelPrior' with arguments {'weight': None}. Reason: Prior disabled.
LengthConstraint: Sequences have minimum length 4.
                  Sequences have maximum length 256.
RepeatConstraint: [const] cannot occur more than 10 times.
RelationalConstraint: [inv] cannot be a child of [inv].
ConstConstraint: [const] cannot be the only unique child of [inv, add, sub, mul, div].
NoInputsConstraint: Sequences contain at least one input variable Token.
SoftLengthPrior: No description available.
-- BUILDING PRIOR END ---------------

-- RUNNING EPOCHS START -------------
[00:00:00:01.89] Training epoch 1/14, current best R: 1.0000

	** New best
	Reward: 0.9999970602822377
	Count Off-policy: False
	Count On-policy: True
	Originally on Policy: True
	Invalid: False
	Traversal: div,x3,mul,1.0000000656288004,sub,inv,mul,x1,x2,sub,x3,1.0
	Expression:
	                                 x₃                               
	  ────────────────────────────────────────────────────────────────
	                                                1.0000000656288004
	  -1.0000000656288004⋅x₃ + 1.0000000656288004 + ──────────────────
	                                                      x₁⋅x₂       

[00:00:00:04.21] Training epoch 3/14, current best R: 1.0000

	** New best
	Reward: 1.0
	Count Off-policy: False
	Count On-policy: True
	Originally on Policy: True
	Invalid: False
	Traversal: mul,add,x3,div,x3,div,mul,sub,1.0,mul,inv,mul,mul,x3,inv,x1,1.0,x3,1.0,x2,x1
	Expression:
	     ⎛ x₂⋅x₃       ⎞
	  x₁⋅⎜──────── + x₃⎟
	     ⎝1.0 - x₁     ⎠

[00:00:00:04.22] Early stopping criteria met; breaking early.
-- RUNNING EPOCHS END ---------------

-- EVALUATION START ----------------
Saving Hall of Fame to ./log/regression_config_regression_VPG.json_FeynmanIICh37Eq1.in_normal_0.0_2023-05-29-051736/dso_regression_config_regression_VPG.json_FeynmanIICh37Eq1.in_normal_0.0_0_hof.csv
Saving Pareto Front to ./log/regression_config_regression_VPG.json_FeynmanIICh37Eq1.in_normal_0.0_2023-05-29-051736/dso_regression_config_regression_VPG.json_FeynmanIICh37Eq1.in_normal_0.0_0_pf.csv
Invalid expressions: 125 of 3072 (4.1%).
Error type counts:
  true_divide: 54 (43.2%)
  reciprocal: 71 (56.8%)
Error node counts:
  divide: 124 (99.2%)
  invalid: 1 (0.8%)
-- EVALUATION END ------------------
== TRAINING SEED 0 END ==============
INFO: Completed run 1 of 1 in 5 s

== POST-PROCESS START =================
-- LOADING LOGS START ----------------
json configure file: ./log/regression_config_regression_VPG.json_FeynmanIICh37Eq1.in_normal_0.0_2023-05-29-051736
Successfully loaded summary data
Successfully loaded Hall of Fame data
Successfully loaded Pareto Front data
-- LOADING LOGS END ------------------

-- ANALYZING LOG START --------------
Task_____________regression
Source path______./log/regression_config_regression_VPG.json_FeynmanIICh37Eq1.in_normal_0.0_2023-05-29-051736
Runs_____________1
Max Samples/run__15000
Success_rate_____1.0
Hall of Fame (Top 5 of 100)____
    0: S=000 R=1.000000 <-- [x1*(x2*x3/(1.0 - 1.0*x1) + x3)]
    1: S=000 R=0.999997 <-- [x1*x2*x3/(2*x1 + 1.0000000656288004)]
    2: S=000 R=0.999997 <-- [x3/(-1.0000000656288004*x3 + 1.0000000656288004 + 1.0000000656288004/(x1*x2))]
    3: S=000 R=0.999997 <-- [x1*x3*(x1 + x2)/(x1 + 1.0000000758662681)]
    4: S=000 R=0.999997 <-- [1/(x2 + 1/(x1*(x1 + x2)*(x1 + x3)))]
  Saving Hall of Fame plot to ./log/regression_config_regression_VPG.json_FeynmanIICh37Eq1.in_normal_0.0_2023-05-29-051736/dso_regression_config_regression_VPG.json_FeynmanIICh37Eq1.in_normal_0.0_plot_hof.png
Pareto Front (4 of 4)____
    0: S=000 R=1.000000 C=25.00 <-- [x1*(x2*x3/(1.0 - 1.0*x1) + x3)]
    1: S=000 R=0.999997 C=12.00 <-- [x1*x2*x3/(2*x1 + 1.0000000656288004)]
    2: S=000 R=0.999994 C=9.00 <-- [x1*x3*(x1 + x2 - 1.0)]
    3: S=000 R=0.499950 C=5.00 <-- [x1*(x1 - 1.0)]
  Saving Pareto Front plot to ./log/regression_config_regression_VPG.json_FeynmanIICh37Eq1.in_normal_0.0_2023-05-29-051736/dso_regression_config_regression_VPG.json_FeynmanIICh37Eq1.in_normal_0.0_plot_pf.png
-- ANALYZING LOG END ----------------
== POST-PROCESS END ===================
