['mul', 0.5, 'mul', 'pow', 2, 0.5, 'mul', 'pow', 3.141592653589793, -0.5, 'mul', 'pow', 'X_1', -1, 'exp', 'mul', -0.5, 'mul', 'pow', 'X_0', 2, 'pow', 'X_1', -2]
--------------------
eq_name 	 feynman-i.6.20
num_vars 	 2
vars_range_and_types 	 [{"name": "LogUniform", "range": [0.1, 10.0], "only_positive": false}, {"name": "LogUniform", "range": [0.1, 10.0], "only_positive": true}]
function_set 	 ['add', 'sub', 'mul', 'div', 'exp', 'const']
eq_expression 	 mul,0.5,mul,pow,2,0.5,mul,pow,3.141592653589793,-0.5,mul,pow,X_1,-1,exp,mul,-0.5,mul,pow,X_0,2,pow,X_1,-2
expr 	 sqrt(2)*exp(-X_0**2/(2*X_1**2))/(2*sqrt(pi)*X_1)
--------------------

== EXPERIMENT SETUP START ===========
Task type            : regression
Dataset              : progx.csv
Starting seed        : 0
Runs                 : 1
== EXPERIMENT SETUP END =============

== TRAINING SEED 0 START ============
self.dataX <dso.symbolic_data_generator.DataX object at 0x7f3ae090bef0>, self.data_query_oracle: <dso.symbolic_equation_evaluator_public.Equation_evaluator object at 0x7f3ae08e6390>
generate dataset!
-- BUILDING PRIOR START -------------
WARNING: Skipping invalid 'RelationalConstraint' with arguments {'targets': [], 'effectors': [], 'relationship': None}. Reason: Prior disabled.
WARNING: Skipping invalid 'TrigConstraint' with arguments {}. Reason: There are no target Tokens.
WARNING: Skipping invalid 'UniformArityPrior' with arguments {}. Reason: Prior disabled.
WARNING: Skipping invalid 'LanguageModelPrior' with arguments {'weight': None}. Reason: Prior disabled.
LengthConstraint: Sequences have minimum length 4.
                  Sequences have maximum length 256.
RepeatConstraint: [const] cannot occur more than 10 times.
RelationalConstraint: [inv] cannot be a child of [inv].
ConstConstraint: [const] cannot be the only unique child of [inv, add, sub, mul, div].
NoInputsConstraint: Sequences contain at least one input variable Token.
SoftLengthPrior: No description available.
-- BUILDING PRIOR END ---------------

-- RUNNING EPOCHS START -------------
[00:00:00:07.71] Training epoch 1/14, current best R: 0.6555

	** New best
	Reward: 0.655450942348484
	Count Off-policy: False
	Count On-policy: True
	Originally on Policy: True
	Invalid: False
	Traversal: div,div,0.8400237094473216,x1,div,add,-0.0026853496417093637,mul,div,mul,x1,add,div,div,0.11682810373204212,mul,x2,2.4888104034586935,2.4888104088202945,x2,0.009484015701939382,x2,x2
	Expression:
	                               0.8400237094473216⋅x₂                              
	  ────────────────────────────────────────────────────────────────────────────────
	     ⎛                        ⎛     0.018860955902396334⎞                        ⎞
	  x₁⋅⎜105.4405677328761⋅x₁⋅x₂⋅⎜x₂ + ────────────────────⎟ - 0.0026853496417093637⎟
	     ⎝                        ⎝              x₂         ⎠                        ⎠

[00:00:00:14.78] Training epoch 2/14, current best R: 0.6759

	** New best
	Reward: 0.6758896048857074
	Count Off-policy: False
	Count On-policy: True
	Originally on Policy: True
	Invalid: False
	Traversal: inv,div,add,mul,x1,mul,22.982890295219576,x1,x2,sub,0.9039518258742887,mul,x2,sub,mul,x2,0.011131483038492733,x1
	Expression:
	  -x₂⋅(-x₁ + 0.011131483038492733⋅x₂) + 0.9039518258742887
	  ────────────────────────────────────────────────────────
	                                     2                    
	                22.982890295219576⋅x₁  + x₂               

[00:00:00:30.19] Training epoch 4/14, current best R: 0.7842

	** New best
	Reward: 0.7842097781383218
	Count Off-policy: False
	Count On-policy: True
	Originally on Policy: True
	Invalid: False
	Traversal: inv,mul,1.27558708177604,sub,x2,sub,inv,sub,div,x2,div,0.2963003867974132,div,sub,0.0018768595829300625,div,x2,x1,x1,-0.09201195613941673,x2
	Expression:
	                                                1                                              
	  ─────────────────────────────────────────────────────────────────────────────────────────────
	                                                    1.27558708177604                           
	  2.55117416355208⋅x₂ - ───────────────────────────────────────────────────────────────────────
	                                                                   ⎛                        x₂⎞
	                                              3.374953407278948⋅x₂⋅⎜0.0018768595829300625 - ──⎟
	                                                                   ⎝                        x₁⎠
	                        0.09201195613941673 + ─────────────────────────────────────────────────
	                                                                      x₁                       

[00:00:01:26.13] Training epoch 10/14, current best R: 0.7842
[00:00:02:05.48] Training epoch 14/14, current best R: 0.8428

	** New best
	Reward: 0.8427894206949041
	Count Off-policy: False
	Count On-policy: True
	Originally on Policy: True
	Invalid: False
	Traversal: mul,add,-0.02144988735162083,inv,add,mul,add,inv,div,div,div,x2,1.059787758278566,x2,div,x1,x2,x1,x1,x2,0.489046477177354
	Expression:
	                                  0.489046477177354         
	  -0.01048999184516125 + ───────────────────────────────────
	                            ⎛     1.059787758278566⋅x₁⎞     
	                         x₁⋅⎜x₁ + ────────────────────⎟ + x₂
	                            ⎝              x₂         ⎠     

[00:00:02:05.49] Ending training after epoch 14/14, current best R: 0.8428
-- RUNNING EPOCHS END ---------------

-- EVALUATION START ----------------
Saving Hall of Fame to ./log/regression_2023-05-29-022444/dso_regression_0_hof.csv
Saving Pareto Front to ./log/regression_2023-05-29-022444/dso_regression_0_pf.csv
Invalid expressions: 406 of 14336 (2.8%).
Error type counts:
  reciprocal: 238 (58.6%)
  true_divide: 168 (41.4%)
Error node counts:
  divide: 404 (99.5%)
  invalid: 2 (0.5%)

Priority queue entry 0:
	Reward: 0.8427894206949041
	Count Off-policy: False
	Count On-policy: True
	Originally on Policy: True
	Invalid: False
	Traversal: mul,add,-0.02144988735162083,inv,add,mul,add,inv,div,div,div,x2,1.059787758278566,x2,div,x1,x2,x1,x1,x2,0.489046477177354
	Expression:
	                                  0.489046477177354         
	  -0.01048999184516125 + ───────────────────────────────────
	                            ⎛     1.059787758278566⋅x₁⎞     
	                         x₁⋅⎜x₁ + ────────────────────⎟ + x₂
	                            ⎝              x₂         ⎠     


Priority queue entry 1:
	Reward: 0.7842097781383218
	Count Off-policy: False
	Count On-policy: True
	Originally on Policy: True
	Invalid: False
	Traversal: inv,mul,1.27558708177604,sub,x2,sub,inv,sub,div,x2,div,0.2963003867974132,div,sub,0.0018768595829300625,div,x2,x1,x1,-0.09201195613941673,x2
	Expression:
	                                                1                                              
	  ─────────────────────────────────────────────────────────────────────────────────────────────
	                                                    1.27558708177604                           
	  2.55117416355208⋅x₂ - ───────────────────────────────────────────────────────────────────────
	                                                                   ⎛                        x₂⎞
	                                              3.374953407278948⋅x₂⋅⎜0.0018768595829300625 - ──⎟
	                                                                   ⎝                        x₁⎠
	                        0.09201195613941673 + ─────────────────────────────────────────────────
	                                                                      x₁                       


Priority queue entry 2:
	Reward: 0.7634222658758159
	Count Off-policy: False
	Count On-policy: True
	Originally on Policy: True
	Invalid: False
	Traversal: inv,add,0.05189379357894643,add,mul,add,x2,add,div,inv,div,div,x1,x1,sub,x1,0.11812340368366911,div,0.11666611995241516,x1,x1,1.6351815794520772,0.05189379357894183
	Expression:
	                                                           1                                                          
	  ────────────────────────────────────────────────────────────────────────────────────────────────────────────────────
	  14.01590778984526⋅x₁⋅(x₁ - 0.11812340368366911) + 1.6351815794520772⋅x₁ + 1.6351815794520772⋅x₂ + 0.1037875871578883


Priority queue entry 3:
	Reward: 0.7634221919337312
	Count Off-policy: False
	Count On-policy: True
	Originally on Policy: True
	Invalid: False
	Traversal: div,0.030378375819689888,div,sub,div,add,sub,sub,x2,x1,inv,sub,div,sub,x1,1.0000108835309,x1,0.9931834996819355,5.040124844197535e-05,0.9992039343254037,x2,0.016024860277844992
	Expression:
	                                                   0.030378375819689888                                                
	  ─────────────────────────────────────────────────────────────────────────────────────────────────────────────────────
	                                                                                         62.452756688536061            
	  -62.452756688536061⋅x₁ + 0.049716495883657413⋅x₂ + 0.0031476969057451438 - ──────────────────────────────────────────
	                                                                                                   x₁ - 1.0000108835309
	                                                                             -0.9931834996819355 + ────────────────────
	                                                                                                            x₁         


Priority queue entry 4:
	Reward: 0.6920117411780232
	Count Off-policy: False
	Count On-policy: True
	Originally on Policy: True
	Invalid: False
	Traversal: mul,0.8787952564522974,inv,div,div,1.156718902287941,inv,mul,sub,add,x1,x2,div,x1,div,-0.04863877844720337,x1,x1,x1
	Expression:
	                           0.8787952564522974                        
	  ───────────────────────────────────────────────────────────────────
	                      2                                              
	  23.78182469248362⋅x₁  + 1.156718902287941⋅x₁ + 1.156718902287941⋅x₂


Priority queue entry 5:
	Reward: 0.6869283147743963
	Count Off-policy: False
	Count On-policy: True
	Originally on Policy: True
	Invalid: False
	Traversal: inv,sub,div,sub,div,div,x1,sub,-0.005895667094266073,add,div,x2,x1,x1,div,0.046074581963358924,x2,x2,-0.6675678504093843,0.10241732636804558
	Expression:
	                                        1                                       
	  ──────────────────────────────────────────────────────────────────────────────
	        32.511962344356867⋅x₁⋅x₂                                                
	  - ─────────────────────────────── + 1.497975073824709⋅x₂ - 0.10241732636804558
	                                 x₂                                             
	    -x₁ - 0.005895667094266073 - ──                                             
	                                 x₁                                             


Priority queue entry 6:
	Reward: 0.6841749637597847
	Count Off-policy: False
	Count On-policy: True
	Originally on Policy: True
	Invalid: False
	Traversal: inv,sub,0.3661695835976098,mul,add,mul,div,x1,0.015460091606192541,sub,-0.04618506277057609,x2,mul,2.808899792311634,sub,0.015827163470169325,x1,x1
	Expression:
	                                                              1                                                             
	  ──────────────────────────────────────────────────────────────────────────────────────────────────────────────────────────
	  -x₁⋅(64.682669771468231⋅x₁⋅(-x₂ - 0.04618506277057609) - 2.808899792311634⋅x₁ + 0.044456916184240897) + 0.3661695835976098


Priority queue entry 7:
	Reward: 0.6766300737426965
	Count Off-policy: False
	Count On-policy: True
	Originally on Policy: True
	Invalid: False
	Traversal: inv,mul,mul,10.827619225773432,inv,add,6.1721072302938,sub,div,inv,mul,add,mul,0.1724570386581008,div,x1,x2,x1,x2,x1,-4.172104890563912,10.827619225772994
	Expression:
	                               0.0085297057765098894       
	  0.088233085880723637 + ──────────────────────────────────
	                               ⎛     0.1724570386581008⋅x₁⎞
	                         x₁⋅x₂⋅⎜x₁ + ─────────────────────⎟
	                               ⎝               x₂         ⎠


Priority queue entry 8:
	Reward: 0.6758896048857074
	Count Off-policy: False
	Count On-policy: True
	Originally on Policy: True
	Invalid: False
	Traversal: inv,div,add,mul,x1,mul,22.982890295219576,x1,x2,sub,0.9039518258742887,mul,x2,sub,mul,x2,0.011131483038492733,x1
	Expression:
	  -x₂⋅(-x₁ + 0.011131483038492733⋅x₂) + 0.9039518258742887
	  ────────────────────────────────────────────────────────
	                                     2                    
	                22.982890295219576⋅x₁  + x₂               


Priority queue entry 9:
	Reward: 0.6704776661538356
	Count Off-policy: False
	Count On-policy: True
	Originally on Policy: True
	Invalid: False
	Traversal: add,div,inv,mul,mul,add,x1,sub,add,x1,div,1.1551492588737176,mul,add,add,-0.0014775005115344264,x1,x1,40.034492089362324,x1,x1,x2,128.6482408527491,0.08987134289997574
	Expression:
	                                           0.007773133883304327                  
	  0.08987134289997574 + ─────────────────────────────────────────────────────────
	                              ⎛                  1.1551492588737176             ⎞
	                        x₁⋅x₂⋅⎜x₁ + ────────────────────────────────────────────⎟
	                              ⎝     80.068984178724648⋅x₁ - 0.059150982541053781⎠

-- EVALUATION END ------------------
== TRAINING SEED 0 END ==============
INFO: Completed run 1 of 1 in 127 s

== POST-PROCESS START =================
-- LOADING LOGS START ----------------
Successfully loaded summary data
Successfully loaded Hall of Fame data
Successfully loaded Pareto Front data
-- LOADING LOGS END ------------------

-- ANALYZING LOG START --------------
Task_____________regression
Source path______./log/regression_2023-05-29-022444
Runs_____________1
Max Samples/run__15000
Success_rate_____0.0
Hall of Fame (Top 5 of 100)____
    0: S=000 R=0.842789 <-- [-0.01048999184516125 + 0.489046477177354/(x1*(x1 + 1.059787758278566*x1/x2) + x2)]
    1: S=000 R=0.784210 <-- [1/(2.55117416355208*x2 - 1.27558708177604/(0.09201195613941673 + 3.374953407278948*x2*(0.0018768595829300625 - x2/x1)/x1))]
    2: S=000 R=0.763422 <-- [1/(14.01590778984526*x1*(x1 - 0.11812340368366911) + 1.6351815794520772*x1 + 1.6351815794520772*x2 + 0.1037875871578883)]
    3: S=000 R=0.763422 <-- [0.030378375819689888/(-62.452756688536061*x1 + 0.049716495883657413*x2 + 0.0031476969057451438 - 62.452756688536061/(-0.9931834996819355 + (x1 - 1.0000108835309)/x1))]
    4: S=000 R=0.692012 <-- [0.8787952564522974/(23.78182469248362*x1**2 + 1.156718902287941*x1 + 1.156718902287941*x2)]
  Saving Hall of Fame plot to ./log/regression_2023-05-29-022444/dso_regression_plot_hof.png
Pareto Front (5 of 12)____
    0: S=000 R=0.842789 C=27.00 <-- [-0.01048999184516125 + 0.489046477177354/(x1*(x1 + 1.059787758278566*x1/x2) + x2)]
    1: S=000 R=0.692012 C=25.00 <-- [0.8787952564522974/(23.78182469248362*x1**2 + 1.156718902287941*x1 + 1.156718902287941*x2)]
    2: S=000 R=0.684175 C=20.00 <-- [1/(-x1*(64.682669771468231*x1*(-x2 - 0.04618506277057609) - 2.808899792311634*x1 + 0.044456916184240897) + 0.3661695835976098)]
    3: S=000 R=0.654508 C=18.00 <-- [0.0040012402649012528*x1 - 0.0040012402649012528*x2 + 0.11814385023147884 + 0.0040012402649012528/(x1**2*x2)]
    4: S=000 R=0.651939 C=17.00 <-- [-0.010877352061154569/(x1*(0.0010406405447123367 - x1)*(x2 + 0.2342690637745147))]
  Saving Pareto Front plot to ./log/regression_2023-05-29-022444/dso_regression_plot_pf.png
-- ANALYZING LOG END ----------------
== POST-PROCESS END ===================
