['mul', 0.5, 'mul', 'pow', 2, 0.5, 'mul', 'pow', 3.141592653589793, -0.5, 'mul', 'pow', 'X_1', -1, 'exp', 'mul', -0.5, 'mul', 'pow', 'X_0', 2, 'pow', 'X_1', -2]
--------------------
eq_name 	 feynman-i.6.20
num_vars 	 2
vars_range_and_types 	 [{"name": "LogUniform", "range": [0.1, 10.0], "only_positive": false}, {"name": "LogUniform", "range": [0.1, 10.0], "only_positive": true}]
function_set 	 ['add', 'sub', 'mul', 'div', 'exp', 'const']
eq_expression 	 mul,0.5,mul,pow,2,0.5,mul,pow,3.141592653589793,-0.5,mul,pow,X_1,-1,exp,mul,-0.5,mul,pow,X_0,2,pow,X_1,-2
expr 	 sqrt(2)*exp(-X_0**2/(2*X_1**2))/(2*sqrt(pi)*X_1)
--------------------

== EXPERIMENT SETUP START ===========
Task type            : regression
Dataset              : progx.csv
Starting seed        : 0
Runs                 : 1
== EXPERIMENT SETUP END =============

== TRAINING SEED 0 START ============
self.dataX <dso.symbolic_data_generator.DataX object at 0x7fc04070b860>, self.data_query_oracle: <dso.symbolic_equation_evaluator_public.Equation_evaluator object at 0x7fc040739f28>
generate dataset!
-- BUILDING PRIOR START -------------
WARNING: Skipping invalid 'RelationalConstraint' with arguments {'targets': [], 'effectors': [], 'relationship': None}. Reason: Prior disabled.
WARNING: Skipping invalid 'TrigConstraint' with arguments {}. Reason: There are no target Tokens.
WARNING: Skipping invalid 'UniformArityPrior' with arguments {}. Reason: Prior disabled.
WARNING: Skipping invalid 'LanguageModelPrior' with arguments {'weight': None}. Reason: Prior disabled.
LengthConstraint: Sequences have minimum length 4.
                  Sequences have maximum length 256.
RepeatConstraint: [const] cannot occur more than 10 times.
RelationalConstraint: [inv] cannot be a child of [inv].
ConstConstraint: [const] cannot be the only unique child of [inv, add, sub, mul, div].
NoInputsConstraint: Sequences contain at least one input variable Token.
SoftLengthPrior: No description available.
-- BUILDING PRIOR END ---------------

-- RUNNING EPOCHS START -------------
[00:00:00:07.69] Training epoch 1/14, current best R: 0.6267

	** New best
	Reward: 0.6267477558863409
	Count Off-policy: False
	Count On-policy: True
	Originally on Policy: True
	Invalid: False
	Traversal: div,0.008805293537949562,mul,x2,inv,div,div,inv,x1,x1,add,mul,div,div,sub,x2,x2,1.0,x2,x2,1.9911947065849824
	Expression:
	  0.0044221157824646717
	  ─────────────────────
	            2          
	          x₁ ⋅x₂       

[00:00:00:14.72] Training epoch 2/14, current best R: 0.6843

	** New best
	Reward: 0.6843486775135273
	Count Off-policy: False
	Count On-policy: True
	Originally on Policy: True
	Invalid: False
	Traversal: inv,div,add,mul,x1,mul,22.187767068788908,x1,x2,sub,0.8784722402241846,mul,x2,sub,mul,x2,0.01118039877396927,x1
	Expression:
	  -x₂⋅(-x₁ + 0.01118039877396927⋅x₂) + 0.8784722402241846
	  ───────────────────────────────────────────────────────
	                                     2                   
	                22.187767068788908⋅x₁  + x₂              

[00:00:00:23.11] Training epoch 3/14, current best R: 0.6968

	** New best
	Reward: 0.6968279507310513
	Count Off-policy: False
	Count On-policy: True
	Originally on Policy: True
	Invalid: False
	Traversal: mul,25.73668849238676,sub,0.11063212370611951,inv,add,div,add,add,x1,sub,div,inv,x2,x1,0.9821209097285961,1.0178506570550114,mul,32.34370581886053,x1,9.224734898530853
	Expression:
	                                                  25.73668849238676                           
	  2.8473045050755944 - ───────────────────────────────────────────────────────────────────────
	                                                             ⎛                            1  ⎞
	                                           0.030917916629605⋅⎜x₁ + 0.0357297473264153 + ─────⎟
	                                                             ⎝                          x₁⋅x₂⎠
	                       9.224734898530853 + ───────────────────────────────────────────────────
	                                                                    x₁                        

[00:00:00:31.49] Training epoch 4/14, current best R: 0.7851

	** New best
	Reward: 0.7850830941675633
	Count Off-policy: False
	Count On-policy: True
	Originally on Policy: True
	Invalid: False
	Traversal: inv,mul,1.27537638862496,sub,x2,sub,inv,sub,div,x2,div,0.2882484617436309,div,sub,-0.0003013459202811625,div,x2,x1,x1,-0.09129947126712974,x2
	Expression:
	                                                1                                               
	  ──────────────────────────────────────────────────────────────────────────────────────────────
	                                                    1.27537638862496                            
	  2.55075277724992⋅x₂ - ────────────────────────────────────────────────────────────────────────
	                                                                   ⎛                         x₂⎞
	                                              3.469229268218622⋅x₂⋅⎜-0.0003013459202811625 - ──⎟
	                                                                   ⎝                         x₁⎠
	                        0.09129947126712974 + ──────────────────────────────────────────────────
	                                                                      x₁                        

[00:00:01:26.39] Training epoch 10/14, current best R: 0.7851
[00:00:02:06.07] Ending training after epoch 14/14, current best R: 0.7851
-- RUNNING EPOCHS END ---------------

-- EVALUATION START ----------------
Saving Hall of Fame to ./log/regression_2023-05-29-022655/dso_regression_0_hof.csv
Saving Pareto Front to ./log/regression_2023-05-29-022655/dso_regression_0_pf.csv
Invalid expressions: 386 of 14336 (2.7%).
Error type counts:
  reciprocal: 212 (54.9%)
  true_divide: 174 (45.1%)
Error node counts:
  divide: 384 (99.5%)
  invalid: 2 (0.5%)
-- EVALUATION END ------------------
== TRAINING SEED 0 END ==============
INFO: Completed run 1 of 1 in 127 s

== POST-PROCESS START =================
-- LOADING LOGS START ----------------
Successfully loaded summary data
Successfully loaded Hall of Fame data
Successfully loaded Pareto Front data
-- LOADING LOGS END ------------------

-- ANALYZING LOG START --------------
Task_____________regression
Source path______./log/regression_2023-05-29-022655
Runs_____________1
Max Samples/run__15000
Success_rate_____0.0
Hall of Fame (Top 5 of 100)____
    0: S=000 R=0.785083 <-- [1/(2.55075277724992*x2 - 1.27537638862496/(0.09129947126712974 + 3.469229268218622*x2*(-0.0003013459202811625 - x2/x1)/x1))]
    1: S=000 R=0.771633 <-- [0.021012462244783914 + 1.0162631032256433/(15.48600257886069*x1*(x1 + 0.11532135490161949*x2/x1) + 0.07214204216168187)]
    2: S=000 R=0.769400 <-- [0.006425814552040468/(-16.42326647445339*x1 + 0.01060616620171459*x2 + 0.0006448326654846625 - 16.42326647445339/(-0.9944894520245702 + (x1 - 1.0000051259024374)/x1))]
    3: S=000 R=0.769397 <-- [1/(x1*(14.067652335739217*x1 + 1.6466636250107107*(x2 + 0.061739846703177254)/x1))]
    4: S=000 R=0.764289 <-- [-0.5310050811913873/(x1*(-8.6961207250234597*x1 - 1.0328284716818146 + 1/(x2 + 30.415559813376454)) + x1 - x2)]
  Saving Hall of Fame plot to ./log/regression_2023-05-29-022655/dso_regression_plot_hof.png
Pareto Front (5 of 8)____
    0: S=000 R=0.785083 C=27.00 <-- [1/(2.55075277724992*x2 - 1.27537638862496/(0.09129947126712974 + 3.469229268218622*x2*(-0.0003013459202811625 - x2/x1)/x1))]
    1: S=000 R=0.769397 C=23.00 <-- [1/(x1*(14.067652335739217*x1 + 1.6466636250107107*(x2 + 0.061739846703177254)/x1))]
    2: S=000 R=0.739194 C=20.00 <-- [-1/(-15.10369289581832*x1**2 + x1 - 1.5938335175152358*x2 - 0.1658625660202863)]
    3: S=000 R=0.717722 C=12.00 <-- [1/(25.10609892983162*x1**2 + x2)]
    4: S=000 R=0.591795 C=11.00 <-- [1/(x1**2 + x2 + 1.0360028193611355)]
  Saving Pareto Front plot to ./log/regression_2023-05-29-022655/dso_regression_plot_pf.png
-- ANALYZING LOG END ----------------
== POST-PROCESS END ===================
